04-23 15:41:10.071  1704  1704 E AndroidRuntime: 	at com.xiyou.sdk.utils.update.UpdaterDownloadCallBack$UpdateDownloadReceiver.onReceive(UpdaterDownloadCallBack.java:92)
04-23 15:41:10.071  1704  1704 E AndroidRuntime: 	at android.app.LoadedApk$ReceiverDispatcher$Args.run(LoadedApk.java:881)
04-23 15:41:10.071  1704  1704 E AndroidRuntime: 	... 7 more
04-23 15:50:58.329  1889  1889 E AndroidRuntime: FATAL EXCEPTION: main
04-23 15:50:58.329  1889  1889 E AndroidRuntime: Process: com.xiyou.sdk.demo.xiyou, PID: 1889
04-23 15:50:58.329  1889  1889 E AndroidRuntime: java.lang.RuntimeException: Error receiving broadcast Intent { act=android.intent.action.DOWNLOAD_COMPLETE flg=0x10 pkg=com.xiyou.sdk.demo.xiyou (has extras) } in com.xiyou.sdk.utils.update.UpdaterDownloadCallBack$UpdateDownloadReceiver@83d0978
04-23 15:50:58.329  1889  1889 E AndroidRuntime: 	at android.app.LoadedApk$ReceiverDispatcher$Args.run(LoadedApk.java:891)
04-23 15:50:58.329  1889  1889 E AndroidRuntime: 	at android.os.Handler.handleCallback(Handler.java:739)
04-23 15:50:58.329  1889  1889 E AndroidRuntime: 	at android.os.Handler.dispatchMessage(Handler.java:95)
04-23 15:50:58.329  1889  1889 E AndroidRuntime: 	at android.os.Looper.loop(Looper.java:148)
04-23 15:50:58.329  1889  1889 E AndroidRuntime: 	at android.app.ActivityThread.main(ActivityThread.java:5417)
04-23 15:50:58.329  1889  1889 E AndroidRuntime: 	at java.lang.reflect.Method.invoke(Native Method)
04-23 15:50:58.329  1889  1889 E AndroidRuntime: 	at com.android.internal.os.ZygoteInit$MethodAndArgsCaller.run(ZygoteInit.java:726)
04-23 15:50:58.329  1889  1889 E AndroidRuntime: 	at com.android.internal.os.ZygoteInit.main(ZygoteInit.java:616)
04-23 15:50:58.329  1889  1889 E AndroidRuntime: Caused by: android.content.ActivityNotFoundException: No Activity found to handle Intent { act=android.intent.action.VIEW dat=file:///storage/emulated/0/storage/emulated/0/xiyou/download/game_2.1.1.0.apk flg=0x10000000 }
04-23 15:50:58.329  1889  1889 E AndroidRuntime: 	at android.app.Instrumentation.checkStartActivityResult(Instrumentation.java:1798)
04-23 15:50:58.329  1889  1889 E AndroidRuntime: 	at android.app.Instrumentation.execStartActivity(Instrumentation.java:1512)
04-23 15:50:58.329  1889  1889 E AndroidRuntime: 	at android.app.ContextImpl.startActivity(ContextImpl.java:677)
04-23 15:50:58.329  1889  1889 E AndroidRuntime: 	at android.app.ContextImpl.startActivity(ContextImpl.java:659)
04-23 15:50:58.329  1889  1889 E AndroidRuntime: 	at android.content.ContextWrapper.startActivity(ContextWrapper.java:331)
04-23 15:50:58.329  1889  1889 E AndroidRuntime: 	at com.xiyou.sdk.utils.update.DefaultPackageInstaller.installApk(DefaultPackageInstaller.java:54)
04-23 15:50:58.329  1889  1889 E AndroidRuntime: 	at com.xiyou.sdk.utils.update.Updater.installAPKByDownload(Updater.java:143)
04-23 15:50:58.329  1889  1889 E AndroidRuntime: 	at com.xiyou.sdk.utils.update.Updater$1.filePath(Updater.java:86)
04-23 15:50:58.329  1889  1889 E AndroidRuntime: 	at com.xiyou.sdk.utils.update.UpdaterDownloadCallBack$UpdateDownloadReceiver.onReceive(UpdaterDownloadCallBack.java:92)
04-23 15:50:58.329  1889  1889 E AndroidRuntime: 	at android.app.LoadedApk$ReceiverDispatcher$Args.run(LoadedApk.java:881)
04-23 15:50:58.329  1889  1889 E AndroidRuntime: 	... 7 more
04-24 14:02:11.639 30886 30886 E AndroidRuntime: FATAL EXCEPTION: main
04-24 14:02:11.639 30886 30886 E AndroidRuntime: Process: com.bank.nanhairuralcommercial.mobile, PID: 30886
04-24 14:02:11.639 30886 30886 E AndroidRuntime: java.lang.RuntimeException: Unable to instantiate application com.secneo.apkwrapper.ApplicationWrapper: java.lang.IllegalStateException: Unable to get package info for com.bank.nanhairuralcommercial.mobile; is package not installed?
04-24 14:02:11.639 30886 30886 E AndroidRuntime: 	at android.app.LoadedApk.makeApplication(LoadedApk.java:578)
04-24 14:02:11.639 30886 30886 E AndroidRuntime: 	at android.app.ActivityThread.handleBindApplication(ActivityThread.java:4680)
04-24 14:02:11.639 30886 30886 E AndroidRuntime: 	at android.app.ActivityThread.-wrap1(ActivityThread.java)
04-24 14:02:11.639 30886 30886 E AndroidRuntime: 	at android.app.ActivityThread$H.handleMessage(ActivityThread.java:1405)
04-24 14:02:11.639 30886 30886 E AndroidRuntime: 	at android.os.Handler.dispatchMessage(Handler.java:102)
04-24 14:02:11.639 30886 30886 E AndroidRuntime: 	at android.os.Looper.loop(Looper.java:148)
04-24 14:02:11.639 30886 30886 E AndroidRuntime: 	at android.app.ActivityThread.main(ActivityThread.java:5417)
04-24 14:02:11.639 30886 30886 E AndroidRuntime: 	at java.lang.reflect.Method.invoke(Native Method)
04-24 14:02:11.639 30886 30886 E AndroidRuntime: 	at com.android.internal.os.ZygoteInit$MethodAndArgsCaller.run(ZygoteInit.java:726)
04-24 14:02:11.639 30886 30886 E AndroidRuntime: 	at com.android.internal.os.ZygoteInit.main(ZygoteInit.java:616)
04-24 14:02:11.639 30886 30886 E AndroidRuntime: Caused by: java.lang.IllegalStateException: Unable to get package info for com.bank.nanhairuralcommercial.mobile; is package not installed?
04-24 14:02:11.639 30886 30886 E AndroidRuntime: 	at android.app.LoadedApk.initializeJavaContextClassLoader(LoadedApk.java:424)
04-24 14:02:11.639 30886 30886 E AndroidRuntime: 	at android.app.LoadedApk.makeApplication(LoadedApk.java:570)
04-24 14:02:11.639 30886 30886 E AndroidRuntime: 	... 9 more
04-24 16:11:04.525  2363  2363 F libc    : Fatal signal 13 (SIGPIPE), code 0 in tid 2363 (ip)
04-24 16:11:04.635   483   483 F DEBUG   : *** *** *** *** *** *** *** *** *** *** *** *** *** *** *** ***
04-24 16:11:04.635   483   483 F DEBUG   : Build fingerprint: 'google/bullhead/bullhead:6.0.1/MMB29K/2419427:user/release-keys'
04-24 16:11:04.635   483   483 F DEBUG   : Revision: 'rev_1.0'
04-24 16:11:04.635   483   483 F DEBUG   : ABI: 'arm64'
04-24 16:11:04.636   483   483 F DEBUG   : pid: 2363, tid: 2363, name: ip  >>> ip <<<
04-24 16:11:04.636   483   483 F DEBUG   : signal 13 (SIGPIPE), code 0 (SI_USER), fault addr --------
04-24 16:11:04.639   483   483 F DEBUG   :     x0   ffffffffffffffe0  x1   0000007fb75dc000  x2   0000000000000099  x3   0000000000001000
04-24 16:11:04.639   483   483 F DEBUG   :     x4   0000000000000000  x5   0000000000000099  x6   0000007fb787c19c  x7   0000000000004001
04-24 16:11:04.639   483   483 F DEBUG   :     x8   0000000000000040  x9   0000000000004000  x10  0000000000000000  x11  0000000000004000
04-24 16:11:04.639   483   483 F DEBUG   :     x12  0000000000004001  x13  0000000000000000  x14  0000000000000001  x15  0000000000000001
04-24 16:11:04.639   483   483 F DEBUG   :     x16  0000007fb78df498  x17  0000007fb787228c  x18  0000000000000003  x19  0000000000000099
04-24 16:11:04.639   483   483 F DEBUG   :     x20  0000007fb78e2480  x21  0000000000000099  x22  0000007fb75dc000  x23  0000007ffde6afb8
04-24 16:11:04.639   483   483 F DEBUG   :     x24  0000000000000000  x25  0000007fb75d8e34  x26  00000055603d9000  x27  00000055603f6000
04-24 16:11:04.639   483   483 F DEBUG   :     x28  00000055603f7000  x29  0000007ffde6adb0  x30  0000007fb787c1ec
04-24 16:11:04.639   483   483 F DEBUG   :     sp   0000007ffde6adb0  pc   0000007fb7872294  pstate 0000000020000000
04-24 16:11:04.643   483   483 F DEBUG   : 
04-24 16:11:04.643   483   483 F DEBUG   : backtrace:
04-24 16:11:04.643   483   483 F DEBUG   :     #00 pc 000000000006a294  /system/lib64/libc.so (write+8)
04-24 16:11:04.644   483   483 F DEBUG   :     #01 pc 00000000000741e8  /system/lib64/libc.so (__swrite+76)
04-24 16:11:04.644   483   483 F DEBUG   :     #02 pc 00000000000560a0  /system/lib64/libc.so (__sflush+104)
04-24 16:11:04.644   483   483 F DEBUG   :     #03 pc 000000000005615c  /system/lib64/libc.so (fflush+108)
04-24 16:11:04.644   483   483 F DEBUG   :     #04 pc 0000000000007d28  /system/bin/ip (print_linkinfo+1452)
04-24 16:11:04.644   483   483 F DEBUG   :     #05 pc 0000000000009230  /system/bin/ip
04-24 16:11:04.644   483   483 F DEBUG   :     #06 pc 00000000000066e8  /system/bin/ip
04-24 16:11:04.644   483   483 F DEBUG   :     #07 pc 0000000000006248  /system/bin/ip (main+456)
04-24 16:11:04.644   483   483 F DEBUG   :     #08 pc 000000000001bc98  /system/lib64/libc.so (__libc_init+100)
04-24 16:11:04.644   483   483 F DEBUG   :     #09 pc 00000000000065bc  /system/bin/ip
04-24 16:11:04.655   483   483 F DEBUG   : 
04-24 16:11:04.655   483   483 F DEBUG   : Tombstone written to: /data/tombstones/tombstone_04
04-24 16:13:18.604  5460  5460 F libc    : Fatal signal 13 (SIGPIPE), code 0 in tid 5460 (ip)
04-24 16:13:18.712   483   483 F DEBUG   : *** *** *** *** *** *** *** *** *** *** *** *** *** *** *** ***
04-24 16:13:18.712   483   483 F DEBUG   : Build fingerprint: 'google/bullhead/bullhead:6.0.1/MMB29K/2419427:user/release-keys'
04-24 16:13:18.712   483   483 F DEBUG   : Revision: 'rev_1.0'
04-24 16:13:18.712   483   483 F DEBUG   : ABI: 'arm64'
04-24 16:13:18.712   483   483 F DEBUG   : pid: 5460, tid: 5460, name: ip  >>> ip <<<
04-24 16:13:18.712   483   483 F DEBUG   : signal 13 (SIGPIPE), code 0 (SI_USER), fault addr --------
04-24 16:13:18.714   483   483 F DEBUG   :     x0   ffffffffffffffe0  x1   0000007fa311c000  x2   0000000000000099  x3   0000000000001000
04-24 16:13:18.714   483   483 F DEBUG   :     x4   0000000000000000  x5   0000000000000099  x6   0000007fa33d419c  x7   0000000000004001
04-24 16:13:18.714   483   483 F DEBUG   :     x8   0000000000000040  x9   0000000000004000  x10  0000000000000000  x11  0000000000004000
04-24 16:13:18.714   483   483 F DEBUG   :     x12  0000000000004001  x13  0000000000000000  x14  0000000000000001  x15  0000000000000001
04-24 16:13:18.714   483   483 F DEBUG   :     x16  0000007fa3437498  x17  0000007fa33ca28c  x18  0000000000000003  x19  0000000000000099
04-24 16:13:18.714   483   483 F DEBUG   :     x20  0000007fa343a480  x21  0000000000000099  x22  0000007fa311c000  x23  0000007fc7e8e4d8
04-24 16:13:18.714   483   483 F DEBUG   :     x24  0000000000000000  x25  0000007fa3118e34  x26  00000055649e0000  x27  00000055649fd000
04-24 16:13:18.714   483   483 F DEBUG   :     x28  00000055649fe000  x29  0000007fc7e8e2d0  x30  0000007fa33d41ec
04-24 16:13:18.714   483   483 F DEBUG   :     sp   0000007fc7e8e2d0  pc   0000007fa33ca294  pstate 0000000020000000
04-24 16:13:18.729   483   483 F DEBUG   : 
04-24 16:13:18.729   483   483 F DEBUG   : backtrace:
04-24 16:13:18.729   483   483 F DEBUG   :     #00 pc 000000000006a294  /system/lib64/libc.so (write+8)
04-24 16:13:18.729   483   483 F DEBUG   :     #01 pc 00000000000741e8  /system/lib64/libc.so (__swrite+76)
04-24 16:13:18.730   483   483 F DEBUG   :     #02 pc 00000000000560a0  /system/lib64/libc.so (__sflush+104)
04-24 16:13:18.731   483   483 F DEBUG   :     #03 pc 000000000005615c  /system/lib64/libc.so (fflush+108)
04-24 16:13:18.731   483   483 F DEBUG   :     #04 pc 0000000000007d28  /system/bin/ip (print_linkinfo+1452)
04-24 16:13:18.731   483   483 F DEBUG   :     #05 pc 0000000000009230  /system/bin/ip
04-24 16:13:18.731   483   483 F DEBUG   :     #06 pc 00000000000066e8  /system/bin/ip
04-24 16:13:18.731   483   483 F DEBUG   :     #07 pc 0000000000006248  /system/bin/ip (main+456)
04-24 16:13:18.731   483   483 F DEBUG   :     #08 pc 000000000001bc98  /system/lib64/libc.so (__libc_init+100)
04-24 16:13:18.731   483   483 F DEBUG   :     #09 pc 00000000000065bc  /system/bin/ip
04-24 16:13:18.752   483   483 F DEBUG   : 
04-24 16:13:18.752   483   483 F DEBUG   : Tombstone written to: /data/tombstones/tombstone_05
04-25 10:16:12.207 31340 31340 E AndroidRuntime: FATAL EXCEPTION: main
04-25 10:16:12.207 31340 31340 E AndroidRuntime: Process: com.google.android.packageinstaller, PID: 31340
04-25 10:16:12.207 31340 31340 E AndroidRuntime: java.lang.IllegalArgumentException: Unknown package: com.inspur.icity.icityapp
04-25 10:16:12.207 31340 31340 E AndroidRuntime: 	at android.os.Parcel.readException(Parcel.java:1624)
04-25 10:16:12.207 31340 31340 E AndroidRuntime: 	at android.os.Parcel.readException(Parcel.java:1573)
04-25 10:16:12.207 31340 31340 E AndroidRuntime: 	at android.content.pm.IPackageManager$Stub$Proxy.grantRuntimePermission(IPackageManager.java:2646)
04-25 10:16:12.207 31340 31340 E AndroidRuntime: 	at android.app.ApplicationPackageManager.grantRuntimePermission(ApplicationPackageManager.java:483)
04-25 10:16:12.207 31340 31340 E AndroidRuntime: 	at com.android.packageinstaller.permission.model.AppPermissionGroup.grantRuntimePermissions(AppPermissionGroup.java:310)
04-25 10:16:12.207 31340 31340 E AndroidRuntime: 	at com.android.packageinstaller.permission.ui.GrantPermissionsActivity.onPermissionGrantResult(GrantPermissionsActivity.java:247)
04-25 10:16:12.207 31340 31340 E AndroidRuntime: 	at com.android.packageinstaller.permission.ui.GrantPermissionsDefaultViewHandler.onClick(GrantPermissionsDefaultViewHandler.java:381)
04-25 10:16:12.207 31340 31340 E AndroidRuntime: 	at android.view.View.performClick(View.java:5204)
04-25 10:16:12.207 31340 31340 E AndroidRuntime: 	at android.view.View$PerformClick.run(View.java:21153)
04-25 10:16:12.207 31340 31340 E AndroidRuntime: 	at android.os.Handler.handleCallback(Handler.java:739)
04-25 10:16:12.207 31340 31340 E AndroidRuntime: 	at android.os.Handler.dispatchMessage(Handler.java:95)
04-25 10:16:12.207 31340 31340 E AndroidRuntime: 	at android.os.Looper.loop(Looper.java:148)
04-25 10:16:12.207 31340 31340 E AndroidRuntime: 	at android.app.ActivityThread.main(ActivityThread.java:5417)
04-25 10:16:12.207 31340 31340 E AndroidRuntime: 	at java.lang.reflect.Method.invoke(Native Method)
04-25 10:16:12.207 31340 31340 E AndroidRuntime: 	at com.android.internal.os.ZygoteInit$MethodAndArgsCaller.run(ZygoteInit.java:726)
04-25 10:16:12.207 31340 31340 E AndroidRuntime: 	at com.android.internal.os.ZygoteInit.main(ZygoteInit.java:616)
04-26 09:53:47.356  8518  8664 E AndroidRuntime: FATAL EXCEPTION: launcher-loader
04-26 09:53:47.356  8518  8664 E AndroidRuntime: Process: com.google.android.googlequicksearchbox, PID: 8518
04-26 09:53:47.356  8518  8664 E AndroidRuntime: android.database.sqlite.SQLiteReadOnlyDatabaseException: attempt to write a readonly database (code 1032)
04-26 09:53:47.356  8518  8664 E AndroidRuntime: 	at android.database.sqlite.SQLiteConnection.nativeExecuteForLastInsertedRowId(Native Method)
04-26 09:53:47.356  8518  8664 E AndroidRuntime: 	at android.database.sqlite.SQLiteConnection.executeForLastInsertedRowId(SQLiteConnection.java:780)
04-26 09:53:47.356  8518  8664 E AndroidRuntime: 	at android.database.sqlite.SQLiteSession.executeForLastInsertedRowId(SQLiteSession.java:788)
04-26 09:53:47.356  8518  8664 E AndroidRuntime: 	at android.database.sqlite.SQLiteStatement.executeInsert(SQLiteStatement.java:86)
04-26 09:53:47.356  8518  8664 E AndroidRuntime: 	at android.database.sqlite.SQLiteDatabase.insertWithOnConflict(SQLiteDatabase.java:1471)
04-26 09:53:47.356  8518  8664 E AndroidRuntime: 	at com.android.launcher3.IconCache.addIconToDB(IconCache.java:366)
04-26 09:53:47.356  8518  8664 E AndroidRuntime: 	at com.android.launcher3.IconCache.addIconToDBAndMemCache(IconCache.java:353)
04-26 09:53:47.356  8518  8664 E AndroidRuntime: 	at com.android.launcher3.IconCache.updateIconsForPkg(IconCache.java:226)
04-26 09:53:47.356  8518  8664 E AndroidRuntime: 	at com.android.launcher3.LauncherModel$PackageUpdatedTask.run(LauncherModel.java:3014)
04-26 09:53:47.356  8518  8664 E AndroidRuntime: 	at android.os.Handler.handleCallback(Handler.java:739)
04-26 09:53:47.356  8518  8664 E AndroidRuntime: 	at android.os.Handler.dispatchMessage(Handler.java:95)
04-26 09:53:47.356  8518  8664 E AndroidRuntime: 	at android.os.Looper.loop(Looper.java:148)
04-26 09:53:47.356  8518  8664 E AndroidRuntime: 	at android.os.HandlerThread.run(HandlerThread.java:61)
--------- beginning of system
04-26 11:33:57.456   877  8119 I ActivityManager: START u0 {flg=0x10000000 cmp=cn.testin.itestin/com.testin.itestin.ui.MainActivity (has extras)} from uid 2000 on display 0
04-26 11:34:02.419   877 12850 I ActivityManager: START u0 {flg=0x10000000 cmp=cn.testin.itestin/com.testin.itestin.ui.MainActivity (has extras)} from uid 2000 on display 0
04-26 11:34:04.502   877   900 W PackageManager: Package named 'com.telecom.video' doesn't exist.
04-26 11:34:09.297   877   900 I ActivityManager: Start proc 15348:com.android.defcontainer/u0a8 for service com.android.defcontainer/.DefaultContainerService
04-26 11:34:09.435   877   890 I ActivityManager: Start proc 15361:com.android.vending/u0a24 for broadcast com.android.vending/com.google.android.vending.verifier.PackageVerificationReceiver
04-26 11:34:24.779   877   900 I PackageManager: Verification timed out for file:///data/local/tmp/3CAB1E0A90A0258BBC9EC65852B04021_38948748318374588.apk
04-26 11:34:24.779   877   900 I PackageManager: Continuing with installation of file:///data/local/tmp/3CAB1E0A90A0258BBC9EC65852B04021_38948748318374588.apk
04-26 11:34:24.825 15348 15358 D DefContainer: Copying /data/local/tmp/3CAB1E0A90A0258BBC9EC65852B04021_38948748318374588.apk to base.apk
04-26 11:34:26.701   877   900 W PackageManager: Not granting permission android.permission.MOUNT_UNMOUNT_FILESYSTEMS to package com.telecom.video (protectionLevel=18 flags=0x38583e44)
04-26 11:34:26.702   877   900 W PackageManager: Unknown permission com.android.launcher.permission.READ_SETTINGS in package com.telecom.video
04-26 11:34:26.702   877   900 W PackageManager: Unknown permission com.htc.launcher.permission.READ_SETTINGS in package com.telecom.video
04-26 11:34:26.702   877   900 W PackageManager: Not granting permission android.permission.CHANGE_CONFIGURATION to package com.telecom.video (protectionLevel=50 flags=0x38583e44)
04-26 11:34:26.702   877   900 W PackageManager: Not granting permission android.permission.READ_LOGS to package com.telecom.video (protectionLevel=50 flags=0x38583e44)
04-26 11:34:26.702   877   900 W PackageManager: Unknown permission com.meizu.c2dm.permission.RECEIVE in package com.telecom.video
04-26 11:34:27.106   877 12850 I ActivityManager: Start proc 15417:com.android.musicfx/u0a23 for broadcast com.android.musicfx/.Compatibility$Receiver
04-26 11:34:27.437   877 10052 I ActivityManager: Start proc 15446:com.google.android.apps.docs/u0a45 for broadcast com.google.android.apps.docs/.receivers.AppPackageAddRemoveReceiver
04-26 11:34:28.954   877   888 I ActivityManager: Force stopping com.telecom.video appid=11536 user=0: clear data
04-26 11:34:28.983   877  2945 I ActivityManager: Start proc 15492:com.android.documentsui/u0a44 for broadcast com.android.documentsui/.PackageReceiver
04-26 11:34:29.210   877   892 E KernelCpuSpeedReader: Failed to read cpu-freq: /sys/devices/system/cpu/cpu4/cpufreq/stats/time_in_state: open failed: ENOENT (No such file or directory)
04-26 11:34:29.220   877   892 I BatteryStatsImpl: Resetting battery stats: level=100 status=5 dischargeLevel=100 lowAmount=0 highAmount=0
04-26 11:34:29.335   877  7522 I ActivityManager: Start proc 15526:com.android.chrome/u0a41 for broadcast com.android.chrome/org.chromium.chrome.browser.precache.PrecacheServiceLauncher
04-26 11:34:29.372   877  8119 E KernelCpuSpeedReader: Failed to read cpu-freq: /sys/devices/system/cpu/cpu4/cpufreq/stats/time_in_state: open failed: ENOENT (No such file or directory)
04-26 11:34:29.524   877  3161 I ActivityManager: Start proc 15550:com.google.android.apps.photos/u0a63 for broadcast com.google.android.apps.photos/.scheduler.PowerReceiver
04-26 11:34:30.336   877  7522 I ActivityManager: START u0 {act=android.intent.action.MAIN flg=0x10000000 cmp=com.telecom.video/.ui.activity.LoadingActivity} from uid 2000 on display 0
04-26 11:34:30.390   877 10052 I ActivityManager: Start proc 15570:com.telecom.video/u0a1536 for activity com.telecom.video/.ui.activity.LoadingActivity
04-26 11:34:31.929   877   900 W PackageManager: Invalid verification token 235 received
04-26 11:34:35.031   877 10052 D VoldConnector: SND -> {546 volume mkdirs /storage/emulated/0/Android/data/com.telecom.video/files/}
04-26 11:34:35.041   877  2748 D VoldConnector: RCV <- {200 546 Command succeeded}
04-26 11:34:35.071   877  2778 D WifiService: New client listening to asynchronous messages
04-26 11:34:39.204   877  3393 E KernelCpuSpeedReader: Failed to read cpu-freq: /sys/devices/system/cpu/cpu4/cpufreq/stats/time_in_state: open failed: ENOENT (No such file or directory)
04-26 11:34:41.964   877   890 I ActivityManager: Waited long enough for: ServiceRecord{c9047b7 u0 com.google.android.gms/.statementservice.OperationService}
04-26 11:34:42.235   877   890 I ActivityManager: Waited long enough for: ServiceRecord{939b85b u0 com.google.android.gms/.config.ConfigFetchService}
04-26 11:34:43.206   877  3148 E KernelCpuSpeedReader: Failed to read cpu-freq: /sys/devices/system/cpu/cpu4/cpufreq/stats/time_in_state: open failed: ENOENT (No such file or directory)
04-26 11:34:47.141   877  7522 E KernelCpuSpeedReader: Failed to read cpu-freq: /sys/devices/system/cpu/cpu4/cpufreq/stats/time_in_state: open failed: ENOENT (No such file or directory)
04-26 11:34:51.091   877   887 E KernelCpuSpeedReader: Failed to read cpu-freq: /sys/devices/system/cpu/cpu4/cpufreq/stats/time_in_state: open failed: ENOENT (No such file or directory)
04-26 11:34:55.019   877  3148 E KernelCpuSpeedReader: Failed to read cpu-freq: /sys/devices/system/cpu/cpu4/cpufreq/stats/time_in_state: open failed: ENOENT (No such file or directory)
04-26 11:34:58.964   877 10054 E KernelCpuSpeedReader: Failed to read cpu-freq: /sys/devices/system/cpu/cpu4/cpufreq/stats/time_in_state: open failed: ENOENT (No such file or directory)
04-26 11:35:00.256   877   890 W BroadcastQueue: Skipping deliver [background] BroadcastRecord{d8b2748 u-1 android.net.conn.CONNECTIVITY_CHANGE} to ReceiverList{3e7d9e1 15756 (unknown name)/2000/u-1 remote:762cd3a}: process crashing
04-26 11:35:01.137   877   890 W BroadcastQueue: Skipping deliver [background] BroadcastRecord{cf6ff4 u-1 android.net.conn.CONNECTIVITY_CHANGE} to ReceiverList{727331d 15770 (unknown name)/2000/u-1 remote:3208306}: process crashing
04-26 11:35:01.209   877  3148 I ActivityManager: START u0 {act=android.content.pm.action.REQUEST_PERMISSIONS pkg=com.google.android.packageinstaller cmp=com.google.android.packageinstaller/com.android.packageinstaller.permission.ui.GrantPermissionsActivity (has extras)} from uid 11536 on display 0
04-26 11:35:02.968   877   887 E KernelCpuSpeedReader: Failed to read cpu-freq: /sys/devices/system/cpu/cpu4/cpufreq/stats/time_in_state: open failed: ENOENT (No such file or directory)
04-26 11:35:06.984   877 10052 D VoldConnector: SND -> {547 volume remount_uid 11536 read}
04-26 11:35:06.985   336   364 D vold    : Remounting 11536 as mode read
04-26 11:35:06.994   336   364 D vold    : Found matching PID 15570
04-26 11:35:07.028   336   364 D vold    : Found matching PID 15587
04-26 11:35:07.042   877  3293 E KernelCpuSpeedReader: Failed to read cpu-freq: /sys/devices/system/cpu/cpu4/cpufreq/stats/time_in_state: open failed: ENOENT (No such file or directory)
04-26 11:35:07.071   336   364 D vold    : Found matching PID 15609
04-26 11:35:07.088   877  2748 D VoldConnector: RCV <- {200 547 Command succeeded}
04-26 11:35:07.089   877  5426 D VoldConnector: SND -> {548 volume remount_uid 11536 write}
04-26 11:35:07.090   336   364 D vold    : Remounting 11536 as mode write
04-26 11:35:07.098   336   364 D vold    : Found matching PID 15570
04-26 11:35:07.137   336   364 D vold    : Found matching PID 15587
04-26 11:35:07.187   336   364 D vold    : Found matching PID 15609
04-26 11:35:07.221   877  2748 D VoldConnector: RCV <- {200 548 Command succeeded}
04-26 11:35:09.302   877 12850 I ActivityManager: START u0 {act=android.intent.action.MAIN cat=[android.intent.category.LAUNCHER] flg=0x30000000 cmp=cn.testin.itestin/com.testin.itestin.ui.MainActivity} from uid 2000 on display 0
04-26 11:35:11.133   877  3430 E KernelCpuSpeedReader: Failed to read cpu-freq: /sys/devices/system/cpu/cpu4/cpufreq/stats/time_in_state: open failed: ENOENT (No such file or directory)
04-26 11:35:11.345   877 12851 I ActivityManager: START u0 {act=android.intent.action.MAIN flg=0x10000000 cmp=com.telecom.video/.ui.activity.LoadingActivity} from uid 2000 on display 0
04-26 11:35:15.225   877 10052 E KernelCpuSpeedReader: Failed to read cpu-freq: /sys/devices/system/cpu/cpu4/cpufreq/stats/time_in_state: open failed: ENOENT (No such file or directory)
04-26 11:35:19.561   877   888 E KernelCpuSpeedReader: Failed to read cpu-freq: /sys/devices/system/cpu/cpu4/cpufreq/stats/time_in_state: open failed: ENOENT (No such file or directory)
04-26 11:35:23.940   877 12850 E KernelCpuSpeedReader: Failed to read cpu-freq: /sys/devices/system/cpu/cpu4/cpufreq/stats/time_in_state: open failed: ENOENT (No such file or directory)
04-26 11:35:28.288   877  3161 E KernelCpuSpeedReader: Failed to read cpu-freq: /sys/devices/system/cpu/cpu4/cpufreq/stats/time_in_state: open failed: ENOENT (No such file or directory)
04-26 11:35:32.387   877  3393 I ActivityManager: START u0 {act=android.intent.action.MAIN flg=0x10000000 cmp=com.telecom.video/.ui.activity.LoadingActivity} from uid 2000 on display 0
04-26 11:35:32.636   877  3148 E KernelCpuSpeedReader: Failed to read cpu-freq: /sys/devices/system/cpu/cpu4/cpufreq/stats/time_in_state: open failed: ENOENT (No such file or directory)
04-26 11:35:36.901   877   887 E KernelCpuSpeedReader: Failed to read cpu-freq: /sys/devices/system/cpu/cpu4/cpufreq/stats/time_in_state: open failed: ENOENT (No such file or directory)
04-26 11:35:39.036   877   890 W BroadcastQueue: Skipping deliver [background] BroadcastRecord{eddfc66 u-1 android.net.conn.CONNECTIVITY_CHANGE} to ReceiverList{44fbba7 16001 (unknown name)/2000/u-1 remote:d4be9a8}: process crashing
04-26 11:35:40.010   877   890 W BroadcastQueue: Skipping deliver [background] BroadcastRecord{1bd78f2 u-1 android.net.conn.CONNECTIVITY_CHANGE} to ReceiverList{5b26b43 16012 (unknown name)/2000/u-1 remote:b49f854}: process crashing
04-26 11:35:41.259   877  3161 E KernelCpuSpeedReader: Failed to read cpu-freq: /sys/devices/system/cpu/cpu4/cpufreq/stats/time_in_state: open failed: ENOENT (No such file or directory)
04-26 11:35:42.082   877   890 W BroadcastQueue: Skipping deliver [background] BroadcastRecord{4a6323e u-1 android.net.conn.CONNECTIVITY_CHANGE} to ReceiverList{806789f 16040 (unknown name)/2000/u-1 remote:27845c0}: process crashing
04-26 11:35:43.069   877   890 W BroadcastQueue: Skipping deliver [background] BroadcastRecord{9cf344a u-1 android.net.conn.CONNECTIVITY_CHANGE} to ReceiverList{a63ffbb 16054 (unknown name)/2000/u-1 remote:d7bfdec}: process crashing
04-26 11:35:45.639   877  3293 E KernelCpuSpeedReader: Failed to read cpu-freq: /sys/devices/system/cpu/cpu4/cpufreq/stats/time_in_state: open failed: ENOENT (No such file or directory)
04-26 11:35:46.506   877   890 W BroadcastQueue: Skipping deliver [background] BroadcastRecord{dd44b16 u-1 android.net.conn.CONNECTIVITY_CHANGE} to ReceiverList{b48dc97 16092 (unknown name)/2000/u-1 remote:a210cd8}: process crashing
04-26 11:35:49.998   877 10052 E KernelCpuSpeedReader: Failed to read cpu-freq: /sys/devices/system/cpu/cpu4/cpufreq/stats/time_in_state: open failed: ENOENT (No such file or directory)
04-26 11:35:50.843   877   890 W BroadcastQueue: Skipping deliver [background] BroadcastRecord{94202a2 u-1 android.net.conn.CONNECTIVITY_CHANGE} to ReceiverList{934ab33 16137 (unknown name)/2000/u-1 remote:5061e84}: process crashing
04-26 11:35:51.185   877  2945 W InputMethodManagerService: Starting input on non-focused client com.android.internal.view.IInputMethodClient$Stub$Proxy@b70ba1c (uid=11536 pid=15570)
04-26 11:35:52.036   877 10054 W ActivityManager: Finishing task with all activities already finished
04-26 11:35:52.036   877 10054 W ActivityManager: Duplicate finish request for ActivityRecord{cfd6f34 u0 com.telecom.video/.ui.activity.LoadingActivity t12522 f}
04-26 11:35:55.519   877  7522 E KernelCpuSpeedReader: Failed to read cpu-freq: /sys/devices/system/cpu/cpu4/cpufreq/stats/time_in_state: open failed: ENOENT (No such file or directory)
04-26 11:35:55.775   877   888 I ActivityManager: moveTaskToBack: TaskRecord{6f030b4 #12521 A=cn.testin.itestin U=0 sz=1}
04-26 11:35:55.782 11086 11086 W ViewRootImpl: Cancelling event due to no window focus: KeyEvent { action=ACTION_UP, keyCode=KEYCODE_BACK, scanCode=0, metaState=0, flags=0x28, repeatCount=0, eventTime=2483961720, downTime=2483961720, deviceId=-1, source=0x101 }
04-26 11:35:55.782 11086 11086 W ViewRootImpl: Cancelling event due to no window focus: KeyEvent { action=ACTION_UP, keyCode=KEYCODE_BACK, scanCode=0, metaState=0, flags=0x28, repeatCount=0, eventTime=2483961720, downTime=2483961720, deviceId=-1, source=0x101 }
04-26 11:35:55.782 11086 11086 W ViewRootImpl: Cancelling event due to no window focus: KeyEvent { action=ACTION_UP, keyCode=KEYCODE_BACK, scanCode=0, metaState=0, flags=0x28, repeatCount=0, eventTime=2483961720, downTime=2483961720, deviceId=-1, source=0x101 }
04-26 11:35:55.783 11086 11086 W ViewRootImpl: Cancelling event due to no window focus: KeyEvent { action=ACTION_UP, keyCode=KEYCODE_BACK, scanCode=0, metaState=0, flags=0x28, repeatCount=0, eventTime=2483961720, downTime=2483961720, deviceId=-1, source=0x101 }
04-26 11:35:55.783 11086 11086 W ViewRootImpl: Cancelling event due to no window focus: KeyEvent { action=ACTION_UP, keyCode=KEYCODE_BACK, scanCode=0, metaState=0, flags=0x28, repeatCount=0, eventTime=2483961720, downTime=2483961720, deviceId=-1, source=0x101 }
04-26 11:35:55.783 11086 11086 W ViewRootImpl: Cancelling event due to no window focus: KeyEvent { action=ACTION_UP, keyCode=KEYCODE_BACK, scanCode=0, metaState=0, flags=0x28, repeatCount=0, eventTime=2483961720, downTime=2483961720, deviceId=-1, source=0x101 }
04-26 11:35:55.805 11086 11086 W ViewRootImpl: Cancelling event due to no window focus: KeyEvent { action=ACTION_UP, keyCode=KEYCODE_BACK, scanCode=0, metaState=0, flags=0x28, repeatCount=0, eventTime=2483961720, downTime=2483961720, deviceId=-1, source=0x101 }
04-26 11:35:55.805 11086 11086 W ViewRootImpl: Cancelling event due to no window focus: KeyEvent { action=ACTION_UP, keyCode=KEYCODE_BACK, scanCode=0, metaState=0, flags=0x28, repeatCount=0, eventTime=2483961720, downTime=2483961720, deviceId=-1, source=0x101 }
04-26 11:35:55.805 11086 11086 W ViewRootImpl: Cancelling event due to no window focus: KeyEvent { action=ACTION_UP, keyCode=KEYCODE_BACK, scanCode=0, metaState=0, flags=0x28, repeatCount=0, eventTime=2483961720, downTime=2483961720, deviceId=-1, source=0x101 }
04-26 11:35:55.850 15047 15047 W ViewRootImpl: Cancelling event due to no window focus: KeyEvent { action=ACTION_UP, keyCode=KEYCODE_BACK, scanCode=0, metaState=0, flags=0x28, repeatCount=0, eventTime=2483961750, downTime=2483961718, deviceId=-1, source=0x101 }
04-26 11:35:55.850 15047 15047 W ViewRootImpl: Cancelling event due to no window focus: KeyEvent { action=ACTION_UP, keyCode=KEYCODE_BACK, scanCode=0, metaState=0, flags=0x28, repeatCount=0, eventTime=2483961750, downTime=2483961718, deviceId=-1, source=0x101 }
04-26 11:35:55.850 15047 15047 W ViewRootImpl: Cancelling event due to no window focus: KeyEvent { action=ACTION_UP, keyCode=KEYCODE_BACK, scanCode=0, metaState=0, flags=0x28, repeatCount=0, eventTime=2483961750, downTime=2483961718, deviceId=-1, source=0x101 }
04-26 11:35:55.851 15047 15047 W ViewRootImpl: Cancelling event due to no window focus: KeyEvent { action=ACTION_UP, keyCode=KEYCODE_BACK, scanCode=0, metaState=0, flags=0x28, repeatCount=0, eventTime=2483961750, downTime=2483961718, deviceId=-1, source=0x101 }
04-26 11:35:55.851 15047 15047 W ViewRootImpl: Cancelling event due to no window focus: KeyEvent { action=ACTION_UP, keyCode=KEYCODE_BACK, scanCode=0, metaState=0, flags=0x28, repeatCount=0, eventTime=2483961750, downTime=2483961718, deviceId=-1, source=0x101 }
04-26 11:35:55.851 15047 15047 W ViewRootImpl: Cancelling event due to no window focus: KeyEvent { action=ACTION_UP, keyCode=KEYCODE_BACK, scanCode=0, metaState=0, flags=0x28, repeatCount=0, eventTime=2483961750, downTime=2483961718, deviceId=-1, source=0x101 }
04-26 11:35:55.852 15047 15047 W ViewRootImpl: Cancelling event due to no window focus: KeyEvent { action=ACTION_UP, keyCode=KEYCODE_BACK, scanCode=0, metaState=0, flags=0x28, repeatCount=0, eventTime=2483961750, downTime=2483961718, deviceId=-1, source=0x101 }
04-26 11:35:55.852 15047 15047 W ViewRootImpl: Cancelling event due to no window focus: KeyEvent { action=ACTION_UP, keyCode=KEYCODE_BACK, scanCode=0, metaState=0, flags=0x28, repeatCount=0, eventTime=2483961750, downTime=2483961718, deviceId=-1, source=0x101 }
04-26 11:35:55.852 15047 15047 W ViewRootImpl: Cancelling event due to no window focus: KeyEvent { action=ACTION_UP, keyCode=KEYCODE_BACK, scanCode=0, metaState=0, flags=0x28, repeatCount=0, eventTime=2483961750, downTime=2483961718, deviceId=-1, source=0x101 }
04-26 11:36:01.221   877  2945 E KernelCpuSpeedReader: Failed to read cpu-freq: /sys/devices/system/cpu/cpu4/cpufreq/stats/time_in_state: open failed: ENOENT (No such file or directory)
04-26 11:36:01.251   877   877 I EntropyMixer: Writing entropy...
04-26 11:36:01.321   877   892 E KernelCpuSpeedReader: Failed to read cpu-freq: /sys/devices/system/cpu/cpu4/cpufreq/stats/time_in_state: open failed: ENOENT (No such file or directory)
04-26 11:36:01.452   877  7522 I ActivityManager: Start proc 16239:com.google.android.inputmethod.latin/u0a57 for broadcast com.google.android.inputmethod.latin/com.android.inputmethod.latin.PowerConnectionBroadcastReceiver
04-26 11:36:02.709   877   890 I ActivityManager: Force stopping com.telecom.video appid=11536 user=-1: uninstall pkg
04-26 11:36:02.709   877   890 I ActivityManager: Killing 15570:com.telecom.video/u0a1536 (adj 9): stop com.telecom.video
04-26 11:36:02.710   877   890 I libprocessgroup: Killing pid 15587 in uid 11536 as part of process group 15570
04-26 11:36:02.710   877   890 I libprocessgroup: Killing pid 15609 in uid 11536 as part of process group 15570
04-26 11:36:02.716   877   890 I libprocessgroup: Killing pid 15587 in uid 11536 as part of process group 15570
04-26 11:36:02.716   877   890 I libprocessgroup: Killing pid 15609 in uid 11536 as part of process group 15570
04-26 11:36:02.721   877   890 I libprocessgroup: Killing pid 15587 in uid 11536 as part of process group 15570
04-26 11:36:02.721   877   890 I libprocessgroup: Killing pid 15609 in uid 11536 as part of process group 15570
04-26 11:36:02.729   877   900 I PackageManager: Removing old permission: com.telecom.video.permission.MIPUSH_RECEIVE from package com.telecom.video
04-26 11:36:02.729   877   900 I PackageManager: Removing old permission: com.telecom.video.permission.JPUSH_MESSAGE from package com.telecom.video
04-26 11:36:02.729   877   900 I PackageManager: Removing old permission: com.telecom.video.permission.START_WIDGET_SERVICE from package com.telecom.video
04-26 11:36:02.729   877   900 I PackageManager: Removing old permission: com.telecom.video.permission.C2D_MESSAGE from package com.telecom.video
04-26 11:36:02.731   877   890 I libprocessgroup: Killing pid 15587 in uid 11536 as part of process group 15570
04-26 11:36:02.731   877   890 I libprocessgroup: Killing pid 15609 in uid 11536 as part of process group 15570
04-26 11:36:02.736   877   890 I libprocessgroup: Killing pid 15587 in uid 11536 as part of process group 15570
04-26 11:36:02.736   877   890 I libprocessgroup: Killing pid 15609 in uid 11536 as part of process group 15570
04-26 11:36:02.742   877   890 I libprocessgroup: Killing pid 15609 in uid 11536 as part of process group 15570
04-26 11:36:02.826   877  2778 D WifiService: Client connection lost with reason: 4
04-26 11:36:02.848   877   890 W ActivityManager: Scheduling restart of crashed service com.telecom.video/com.besttone.BidataService in 1000ms
04-26 11:36:02.850   877   890 I ActivityManager:   Force stopping service ServiceRecord{7d05ffb u0 com.telecom.video/com.besttone.BidataService}
04-26 11:36:02.857   877  7522 W ActivityManager: Spurious death for ProcessRecord{1211d6b 0:com.telecom.video/u0a1536}, curProc for 15570: null
04-26 11:36:03.102   877   900 W PackageManager: Couldn't remove dex file for package:  at location /data/app/com.telecom.video-1/base.apk, retcode=-1
04-26 11:36:03.112   877   900 I ActivityManager: Force stopping com.telecom.video appid=11536 user=0: pkg removed
04-26 11:36:03.314   877   877 D JobSchedulerService: Receieved: android.intent.action.PACKAGE_REMOVED
04-26 11:36:03.632   877 10052 I ActivityManager: Start proc 16294:com.android.keychain/1000 for broadcast com.android.keychain/.KeyChainBroadcastReceiver
04-26 11:36:03.889 16294 16294 W ContextImpl: Calling a method in the system process without a qualified user: android.app.ContextImpl.startService:1221 android.content.ContextWrapper.startService:581 android.content.ContextWrapper.startService:581 com.android.keychain.KeyChainBroadcastReceiver.onReceive:12 android.app.ActivityThread.handleReceiver:2725 
04-26 11:36:03.898   877  2895 D ConnectivityService: listenForNetwork for Listen from uid/pid:10013/14161 for NetworkRequest [ id=74, legacyType=-1, [ Capabilities: INTERNET&NOT_RESTRICTED&TRUSTED&NOT_VPN] ]
04-26 11:36:05.371   877  3148 I ActivityManager: START u0 {flg=0x10000000 cmp=cn.testin.itestin/com.testin.itestin.ui.MainActivity (has extras)} from uid 2000 on display 0
04-26 11:36:07.086   877  2737 I ActivityManager: START u0 {act=android.intent.action.MAIN cat=[android.intent.category.HOME] flg=0x10200000 cmp=com.google.android.googlequicksearchbox/com.google.android.launcher.GEL (has extras)} from uid 1000 on display 0
04-26 11:36:09.566   877  3393 I ActivityManager: START u0 {flg=0x10000000 cmp=cn.testin.itestin/com.testin.itestin.ui.MainActivity (has extras)} from uid 2000 on display 0
04-26 11:36:12.226   877  3393 I ActivityManager: START u0 {flg=0x10000000 cmp=cn.testin.itestin/com.testin.itestin.ui.MainActivity (has extras)} from uid 2000 on display 0
04-26 11:36:14.786   877   888 I ActivityManager: START u0 {flg=0x10000000 cmp=cn.testin.itestin/com.testin.itestin.ui.MainActivity (has extras)} from uid 2000 on display 0
04-26 11:36:54.590   877   892 E KernelCpuSpeedReader: Failed to read cpu-freq: /sys/devices/system/cpu/cpu4/cpufreq/stats/time_in_state: open failed: ENOENT (No such file or directory)
04-26 11:36:56.771   877   877 I EntropyMixer: Added HW RNG output to entropy pool
04-26 11:36:56.771   877   877 I EntropyMixer: Writing entropy...
04-26 11:37:27.136   877   900 W PackageManager: IntentFilterVerificationInfo not found for verificationId:3 packageName:com.telecom.video
04-26 11:42:21.258   877  8119 I ActivityManager: START u0 {act=android.intent.action.MAIN cat=[android.intent.category.LAUNCHER] flg=0x30000000 cmp=cn.testin.itestin/com.testin.itestin.ui.MainActivity} from uid 2000 on display 0
04-26 11:42:21.506   877  2737 I ActivityManager: START u0 {act=android.intent.action.MAIN cat=[android.intent.category.HOME] flg=0x10200000 cmp=com.google.android.googlequicksearchbox/com.google.android.launcher.GEL (has extras)} from uid 1000 on display 0
--------- beginning of main
04-26 11:42:24.366 16499 16499 D AndroidRuntime: >>>>>> START com.android.internal.os.RuntimeInit uid 2000 <<<<<<
04-26 11:42:24.372 16499 16499 D AndroidRuntime: CheckJNI is OFF
04-26 11:42:24.416   486  2792 D audio_hw_primary: out_set_parameters: enter: usecase(1: low-latency-playback) kvpairs: routing=2
04-26 11:42:24.429 16499 16499 D ICU     : No timezone override file found: /data/misc/zoneinfo/current/icu/icu_tzdata.dat
04-26 11:42:24.429   486  2792 D audio_hw_primary: select_devices: out_snd_device(2: speaker) in_snd_device(0: none)
04-26 11:42:24.429   486  2792 D msm8974_platform: platform_send_audio_calibration: sending audio calibration for snd_device(2) acdb_id(101)
04-26 11:42:24.430   486  2792 I soundtrigger: audio_extn_sound_trigger_update_device_status: device 0x2 of type 0 for Event 1
04-26 11:42:24.435   486  2792 D msm8974_platform: platform_send_audio_calibration: sending audio calibration for snd_device(69) acdb_id(102)
04-26 11:42:24.435   486  2792 D audio_hw_primary: enable_snd_device: snd_device(69: vi-feedback)
04-26 11:42:24.435   486  2792 D audio_hw_primary: enable_audio_route: apply and update mixer path: spkr-vi-record
04-26 11:42:24.460   486  2792 D msm8974_platform: platform_send_audio_calibration: sending audio calibration for snd_device(27) acdb_id(4)
04-26 11:42:24.460   486  2792 I ACDB-LOADER: ACDB AFE returned = -19
04-26 11:42:24.461   486  2792 D audio_hw_primary: enable_audio_route: apply and update mixer path: low-latency-playback
04-26 11:42:24.478 16499 16499 I Radio-JNI: register_android_hardware_Radio DONE
04-26 11:42:24.509 16499 16499 D AndroidRuntime: Calling main entry com.android.commands.pm.Pm
04-26 11:42:24.521 16499 16499 I art     : System.exit called, status: 0
04-26 11:42:24.521 16499 16499 I AndroidRuntime: VM exiting with result code 0.
04-26 11:42:24.983   486  2792 D audio_hw_primary: disable_audio_route: reset and update mixer path: low-latency-playback
04-26 11:42:24.985   486  2792 D audio_hw_primary: disable_snd_device: snd_device(2: speaker)
04-26 11:42:24.999   486  2792 D audio_hw_primary: disable_snd_device: snd_device(69: vi-feedback)
04-26 11:42:24.999   486  2792 D audio_hw_primary: disable_audio_route: reset and update mixer path: spkr-vi-record
04-26 11:42:25.002   486  2792 I soundtrigger: audio_extn_sound_trigger_update_device_status: device 0x2 of type 0 for Event 0
04-26 11:42:25.181 16521 16521 D AndroidRuntime: >>>>>> START com.android.internal.os.RuntimeInit uid 2000 <<<<<<
04-26 11:42:25.186 16521 16521 D AndroidRuntime: CheckJNI is OFF
04-26 11:42:25.240 16521 16521 D ICU     : No timezone override file found: /data/misc/zoneinfo/current/icu/icu_tzdata.dat
04-26 11:42:25.287 16521 16521 I Radio-JNI: register_android_hardware_Radio DONE
04-26 11:42:25.317 16521 16521 D AndroidRuntime: Calling main entry com.android.commands.wm.Wm
04-26 11:42:25.320 16521 16521 D AndroidRuntime: Shutting down VM
04-26 11:42:25.686   486  2792 D audio_hw_primary: out_set_parameters: enter: usecase(1: low-latency-playback) kvpairs: routing=2
04-26 11:42:25.698   486  2792 D audio_hw_primary: select_devices: out_snd_device(2: speaker) in_snd_device(0: none)
04-26 11:42:25.699   486  2792 D msm8974_platform: platform_send_audio_calibration: sending audio calibration for snd_device(2) acdb_id(101)
04-26 11:42:25.699   486  2792 I soundtrigger: audio_extn_sound_trigger_update_device_status: device 0x2 of type 0 for Event 1
04-26 11:42:25.702   486  2792 D msm8974_platform: platform_send_audio_calibration: sending audio calibration for snd_device(69) acdb_id(102)
04-26 11:42:25.703   486  2792 D audio_hw_primary: enable_snd_device: snd_device(69: vi-feedback)
04-26 11:42:25.703   486  2792 D audio_hw_primary: enable_audio_route: apply and update mixer path: spkr-vi-record
04-26 11:42:25.728   486  2792 D msm8974_platform: platform_send_audio_calibration: sending audio calibration for snd_device(27) acdb_id(4)
04-26 11:42:25.728   486  2792 I ACDB-LOADER: ACDB AFE returned = -19
04-26 11:42:25.728   486  2792 D audio_hw_primary: enable_audio_route: apply and update mixer path: low-latency-playback
04-26 11:42:25.804   486  2792 D AudioFlinger: mixer(0xf3d00000) throttle end: throttle time(12)
04-26 11:42:25.965 15047 15047 I KEY-PinyinIME-180817-b: onFinishInput.
04-26 11:42:25.965 15047 15047 I KEY-PinyinIME-180817-b: onStartInput  ccontentType: 0 Restarting:false
04-26 11:42:26.086 15047 15063 D UIA2-190314: running
04-26 11:42:26.099 15047 15063 W UiAutomatorBridge: Could not detect idle state.
04-26 11:42:26.099 15047 15063 W UiAutomatorBridge: java.util.concurrent.TimeoutException: No idle state with idle timeout: 500 within global timeout: 10
04-26 11:42:26.099 15047 15063 W UiAutomatorBridge: 	at android.app.UiAutomation.waitForIdle(UiAutomation.java:591)
04-26 11:42:26.099 15047 15063 W UiAutomatorBridge: 	at android.support.test.uiautomator.UiAutomatorBridge.waitForIdle(UiAutomatorBridge.java:112)
04-26 11:42:26.099 15047 15063 W UiAutomatorBridge: 	at android.support.test.uiautomator.UiDevice.waitForIdle(UiDevice.java:639)
04-26 11:42:26.099 15047 15063 W UiAutomatorBridge: 	at android.support.test.uiautomator.UiDevice.waitForIdle(UiDevice.java:629)
04-26 11:42:26.099 15047 15063 W UiAutomatorBridge: 	at android.support.test.uiautomator.UiDevice.getWindowRoots(UiDevice.java:1074)
04-26 11:42:26.099 15047 15063 W UiAutomatorBridge: 	at java.lang.reflect.Method.invoke(Native Method)
04-26 11:42:26.099 15047 15063 W UiAutomatorBridge: 	at cn.testin.reflection.ReflectionUtils.invokeMethod(ReflectionUtils.java:128)
04-26 11:42:26.099 15047 15063 W UiAutomatorBridge: 	at cn.testin.uiautomator.TestinDevice.getRoot(TestinDevice.java:1371)
04-26 11:42:26.099 15047 15063 W UiAutomatorBridge: 	at cn.testin.monitor.WatcherContext.reSetRoots(WatcherContext.java:71)
04-26 11:42:26.099 15047 15063 W UiAutomatorBridge: 	at cn.testin.monitor.WatcherManager.runOnce(WatcherManager.java:116)
04-26 11:42:26.099 15047 15063 W UiAutomatorBridge: 	at cn.testin.monitor.WatcherManager.start(WatcherManager.java:107)
04-26 11:42:26.099 15047 15063 W UiAutomatorBridge: 	at cn.testin.uiautomator.logic.TestinDeviceLogic.runMonitor(TestinDeviceLogic.java:305)
04-26 11:42:26.099 15047 15063 W UiAutomatorBridge: 	at cn.testin.uiautomator.logic.TestinDeviceLogic.testMonitor(TestinDeviceLogic.java:196)
04-26 11:42:26.099 15047 15063 W UiAutomatorBridge: 	at cn.testin.uiautomator.TestinDevice.testMonitor(TestinDevice.java:1282)
04-26 11:42:26.099 15047 15063 W UiAutomatorBridge: 	at java.lang.reflect.Method.invoke(Native Method)
04-26 11:42:26.099 15047 15063 W UiAutomatorBridge: 	at org.junit.runners.model.FrameworkMethod$1.runReflectiveCall(FrameworkMethod.java:50)
04-26 11:42:26.099 15047 15063 W UiAutomatorBridge: 	at org.junit.internal.runners.model.ReflectiveCallable.run(ReflectiveCallable.java:12)
04-26 11:42:26.099 15047 15063 W UiAutomatorBridge: 	at org.junit.runners.model.FrameworkMethod.invokeExplosively(FrameworkMethod.java:47)
04-26 11:42:26.099 15047 15063 W UiAutomatorBridge: 	at org.junit.internal.runners.statements.InvokeMethod.evaluate(InvokeMethod.java:17)
04-26 11:42:26.099 15047 15063 W UiAutomatorBridge: 	at android.support.test.internal.runner.junit4.statement.RunAfters.evaluate(RunAfters.java:61)
04-26 11:42:26.099 15047 15063 W UiAutomatorBridge: 	at org.junit.runners.ParentRunner.runLeaf(ParentRunner.java:325)
04-26 11:42:26.099 15047 15063 W UiAutomatorBridge: 	at org.junit.runners.BlockJUnit4ClassRunner.runChild(BlockJUnit4ClassRunner.java:78)
04-26 11:42:26.099 15047 15063 W UiAutomatorBridge: 	at org.junit.runners.BlockJUnit4ClassRunner.runChild(BlockJUnit4ClassRunner.java:57)
04-26 11:42:26.099 15047 15063 W UiAutomatorBridge: 	at org.junit.runners.ParentRunner$3.run(ParentRunner.java:290)
04-26 11:42:26.099 15047 15063 W UiAutomatorBridge: 	at org.junit.runners.ParentRunner$1.schedule(ParentRunner.java:71)
04-26 11:42:26.099 15047 15063 W UiAutomatorBridge: 	at org.junit.runners.ParentRunner.runChildren(ParentRunner.java:288)
04-26 11:42:26.099 15047 15063 W UiAutomatorBridge: 	at org.junit.runners.ParentRunner.access$000(ParentRunner.java:58)
04-26 11:42:26.099 15047 15063 W UiAutomatorBridge: 	at org.junit.runners.ParentRunner$2.evaluate(ParentRunner.java:268)
04-26 11:42:26.099 15047 15063 W UiAutomatorBridge: 	at org.junit.runners.ParentRunner.run(ParentRunner.java:363)
04-26 11:42:26.099 15047 15063 W UiAutomatorBridge: 	at android.support.test.runner.AndroidJUnit4.run(AndroidJUnit4.java:101)
04-26 11:42:26.099 15047 15063 W UiAutomatorBridge: 	at org.junit.runners.Suite.runChild(Suite.java:128)
04-26 11:42:26.099 15047 15063 W UiAutomatorBridge: 	at org.junit.runners.Suite.runChild(Suite.java:27)
04-26 11:42:26.099 15047 15063 W UiAutomatorBridge: 	at org.junit.runners.ParentRunner$3.run(ParentRunner.java:290)
04-26 11:42:26.099 15047 15063 W UiAutomatorBridge: 	at org.junit.runners.ParentRunner$1.schedule(ParentRunner.java:71)
04-26 11:42:26.099 15047 15063 W UiAutomatorBridge: 	at org.junit.runners.ParentRunner.runChildren(ParentRunner.java:288)
04-26 11:42:26.099 15047 15063 W UiAutomatorBridge: 	at org.junit.runners.ParentRunner.access$000(ParentRunner.java:58)
04-26 11:42:26.099 15047 15063 W UiAutomatorBridge: 	at org.junit.runners.ParentRunner$2.evaluate(ParentRunner.java:268)
04-26 11:42:26.099 15047 15063 W UiAutomatorBridge: 	at org.junit.runners.ParentRunner.run(ParentRunner.java:363)
04-26 11:42:26.099 15047 15063 W UiAutomatorBridge: 	at org.junit.runner.JUnitCore.run(JUnitCore.java:137)
04-26 11:42:26.099 15047 15063 W UiAutomatorBridge: 	at org.junit.runner.JUnitCore.run(JUnitCore.java:115)
04-26 11:42:26.099 15047 15063 W UiAutomatorBridge: 	at android.support.test.internal.runner.TestExecutor.execute(TestExecutor.java:56)
04-26 11:42:26.099 15047 15063 W UiAutomatorBridge: 	at android.support.test.runner.AndroidJUnitRunner.onStart(AndroidJUnitRunner.java:384)
04-26 11:42:26.099 15047 15063 W UiAutomatorBridge: 	at android.app.Instrumentation$InstrumentationThread.run(Instrumentation.java:1879)
04-26 11:42:26.172 15047 15063 I UIA2-190314: [Permission]------------must query start---------
04-26 11:42:26.172 15047 15063 I UIA2-190314: roots size: 3
