04-26 11:43:55.763   336   364 D vold    : Remounting 11537 as mode write
04-26 11:43:55.773   877  2748 D VoldConnector: RCV <- {200 550 Command succeeded}
04-26 11:43:55.806   877   900 W Settings: Setting install_non_market_apps has moved from android.provider.Settings.Global to android.provider.Settings.Secure, returning read-only value.
04-26 11:43:55.807   877   900 I art     : Starting a blocking GC Explicit
04-26 11:43:55.956   486  2792 D audio_hw_primary: out_set_parameters: enter: usecase(1: low-latency-playback) kvpairs: routing=2
04-26 11:43:55.967 25955 25967 I testin-agent: client ready>:59c3b57d16a353e0db73664bf37S1a,true
04-26 11:43:55.967 25955 25967 I testin-agent: mq:{"op":"activity.change","code":0,"message":"","data":{"topActivity":"com.android.settings\/com.android.settings.Settings"}}
04-26 11:43:55.971   486  2792 D audio_hw_primary: select_devices: out_snd_device(2: speaker) in_snd_device(0: none)
04-26 11:43:55.971   486  2792 D msm8974_platform: platform_send_audio_calibration: sending audio calibration for snd_device(2) acdb_id(101)
04-26 11:43:55.971   486  2792 I soundtrigger: audio_extn_sound_trigger_update_device_status: device 0x2 of type 0 for Event 1
04-26 11:43:55.979   486  2792 D msm8974_platform: platform_send_audio_calibration: sending audio calibration for snd_device(69) acdb_id(102)
04-26 11:43:55.979   486  2792 D audio_hw_primary: enable_snd_device: snd_device(69: vi-feedback)
04-26 11:43:55.979   486  2792 D audio_hw_primary: enable_audio_route: apply and update mixer path: spkr-vi-record
04-26 11:43:56.012   486  2792 D msm8974_platform: platform_send_audio_calibration: sending audio calibration for snd_device(27) acdb_id(4)
04-26 11:43:56.012   486  2792 I ACDB-LOADER: ACDB AFE returned = -19
04-26 11:43:56.012   486  2792 D audio_hw_primary: enable_audio_route: apply and update mixer path: low-latency-playback
04-26 11:43:56.080   370   370 E qdoverlay: Bad ov dump:  mdp_overlay z=2 alpha=255 mask=-1 flags=0x20000 id=16
04-26 11:43:56.080   370   370 E qdoverlay: src msmfb_img w=1152 h=126 format=13 MDP_RGBA_8888
04-26 11:43:56.080   370   370 E qdoverlay: src_rect mdp_rect x=0 y=0 w=1080 h=126
04-26 11:43:56.080   370   370 E qdoverlay: dst_rect mdp_rect x=0 y=1794 w=1080 h=126
04-26 11:43:56.081   370   370 E qdoverlay: Bad ov dump:  mdp_overlay z=1 alpha=255 mask=-1 flags=0x220000 id=16
04-26 11:43:56.081   370   370 E qdoverlay: src msmfb_img w=1152 h=1920 format=13 MDP_RGBA_8888
04-26 11:43:56.081   370   370 E qdoverlay: src_rect mdp_rect x=0 y=0 w=1080 h=1920
04-26 11:43:56.081   370   370 E qdoverlay: dst_rect mdp_rect x=0 y=0 w=1080 h=1920
04-26 11:43:56.083   877   900 I art     : Explicit concurrent mark sweep GC freed 218927(10MB) AllocSpace objects, 17(1116KB) LOS objects, 11% free, 128MB/144MB, paused 14.649ms total 274.464ms
04-26 11:43:56.088 14715 14715 D BluetoothMapAppObserver: onReceive
04-26 11:43:56.088 14715 14715 D BluetoothMapAppObserver: The installed package is: com.dc.hwsj
04-26 11:43:56.098 14715 14715 D BluetoothMapAppObserver: Found 0 application(s) with intent android.bluetooth.action.BLUETOOTH_MAP_PROVIDER
04-26 11:43:56.102 14715 14715 D BluetoothMapAppObserver: Found 0 application(s) with intent android.bluetooth.action.BLUETOOTH_MAP_IM_PROVIDER
04-26 11:43:56.124 16777 16777 I art     : System.exit called, status: 0
04-26 11:43:56.124 16777 16777 I AndroidRuntime: VM exiting with result code 0.
04-26 11:43:56.132   877  2738 I InputReader: Reconfiguring input devices.  changes=0x00000010
04-26 11:43:56.210  3387  3387 D CarrierServiceBindHelper: Receive action: android.intent.action.PACKAGE_ADDED
04-26 11:43:56.211  3387  3387 D CarrierServiceBindHelper: mHandler: 3
04-26 11:43:56.211  3387  3387 D CarrierConfigLoader: mHandler: 9 phoneId: 0
04-26 11:43:56.290 15361 15361 D Finsky  : [1] ExternalReferrer.access$200: Package state data is missing for com.dc.hwsj
04-26 11:43:56.331 14161 16811 D PackageBroadcastService: Received broadcast action=android.intent.action.PACKAGE_ADDED and uri=com.dc.hwsj
04-26 11:43:56.333 14161 14161 D ChimeraCfgMgr: Loading module com.google.android.gms.games from APK com.google.android.play.games
04-26 11:43:56.333 14161 14161 D ChimeraModuleLdr: Module APK com.google.android.play.games already loaded
04-26 11:43:56.361 14161 14161 D ChimeraCfgMgr: Loading module com.google.android.gms.games from APK com.google.android.play.games
04-26 11:43:56.363 14161 14161 D ChimeraModuleLdr: Module APK com.google.android.play.games already loaded
04-26 11:43:56.384 16599 16599 D DashboardSummary: rebuildUI took: 301 ms
04-26 11:43:56.384 15492 16804 D Documents: Update found 5 roots in 283ms
04-26 11:43:56.395 16587 16587 I KEY-PinyinIME-180817-b: onFinishInput.
04-26 11:43:56.396 16587 16587 I KEY-PinyinIME-180817-b: onStartInput  ccontentType: 0 Restarting:false
04-26 11:43:56.411 14161 14161 D ChimeraCfgMgr: Loading module com.google.android.gms.vision from APK com.google.android.gms
04-26 11:43:56.438 14161 14161 I ConfigFetchService: onStartCommand Intent { act=android.intent.action.PACKAGE_ADDED dat=package:com.dc.hwsj cmp=com.google.android.gms/.config.ConfigFetchService (has extras) }
04-26 11:43:56.465 14468 16818 I UpdateIcingCorporaServi: Updating corpora: APPS=com.dc.hwsj, CONTACTS=MAYBE
04-26 11:43:56.534   486  2792 D audio_hw_primary: disable_audio_route: reset and update mixer path: low-latency-playback
04-26 11:43:56.537   486  2792 D audio_hw_primary: disable_snd_device: snd_device(2: speaker)
04-26 11:43:56.551   486  2792 D audio_hw_primary: disable_snd_device: snd_device(69: vi-feedback)
04-26 11:43:56.551   486  2792 D audio_hw_primary: disable_audio_route: reset and update mixer path: spkr-vi-record
04-26 11:43:56.555   486  2792 I soundtrigger: audio_extn_sound_trigger_update_device_status: device 0x2 of type 0 for Event 0
04-26 11:43:56.601 14161 16819 I PeopleContactsSync: CP2 sync disabled
04-26 11:43:56.636 16599 16599 D DashboardSummary: rebuildUI took: 119 ms
04-26 11:43:56.695   370   370 E qdoverlay: Bad ov dump:  mdp_overlay z=2 alpha=255 mask=-1 flags=0x20000 id=16
04-26 11:43:56.695   370   370 E qdoverlay: src msmfb_img w=1152 h=63 format=13 MDP_RGBA_8888
04-26 11:43:56.695   370   370 E qdoverlay: src_rect mdp_rect x=0 y=0 w=1080 h=63
04-26 11:43:56.695   370   370 E qdoverlay: dst_rect mdp_rect x=0 y=0 w=1080 h=63
04-26 11:43:56.695   370   370 E qdoverlay: Bad ov dump:  mdp_overlay z=2 alpha=255 mask=-1 flags=0x220000 id=16
04-26 11:43:56.695   370   370 E qdoverlay: src msmfb_img w=1152 h=1920 format=13 MDP_RGBA_8888
04-26 11:43:56.695   370   370 E qdoverlay: src_rect mdp_rect x=0 y=0 w=1080 h=1920
04-26 11:43:56.695   370   370 E qdoverlay: dst_rect mdp_rect x=0 y=0 w=1080 h=1920
04-26 11:43:56.695   370   370 E qdoverlay: Bad ov dump:  mdp_overlay z=1 alpha=255 mask=-1 flags=0x220000 id=16
04-26 11:43:56.695   370   370 E qdoverlay: src msmfb_img w=1152 h=1920 format=13 MDP_RGBA_8888
04-26 11:43:56.695   370   370 E qdoverlay: src_rect mdp_rect x=0 y=0 w=1080 h=1920
04-26 11:43:56.695   370   370 E qdoverlay: dst_rect mdp_rect x=0 y=0 w=1080 h=1920
04-26 11:43:56.696   370   370 E qdoverlay: Bad ov dump:  mdp_overlay z=2 alpha=255 mask=-1 flags=0x220000 id=16
04-26 11:43:56.696   370   370 E qdoverlay: src msmfb_img w=1152 h=1920 format=13 MDP_RGBA_8888
04-26 11:43:56.696   370   370 E qdoverlay: src_rect mdp_rect x=0 y=0 w=1080 h=1920
04-26 11:43:56.696   370   370 E qdoverlay: dst_rect mdp_rect x=0 y=0 w=1080 h=1920
04-26 11:43:56.757   370   370 E qdoverlay: Bad ov dump:  mdp_overlay z=2 alpha=255 mask=-1 flags=0x20000 id=16
04-26 11:43:56.758   370   370 E qdoverlay: src msmfb_img w=1152 h=63 format=13 MDP_RGBA_8888
04-26 11:43:56.758   370   370 E qdoverlay: src_rect mdp_rect x=0 y=0 w=1080 h=63
04-26 11:43:56.758   370   370 E qdoverlay: dst_rect mdp_rect x=0 y=0 w=1080 h=63
04-26 11:43:56.758   370   370 E qdoverlay: Bad ov dump:  mdp_overlay z=2 alpha=255 mask=-1 flags=0x220000 id=16
04-26 11:43:56.758   370   370 E qdoverlay: src msmfb_img w=1152 h=1920 format=13 MDP_RGBA_8888
04-26 11:43:56.758   370   370 E qdoverlay: src_rect mdp_rect x=0 y=0 w=1080 h=1920
04-26 11:43:56.758   370   370 E qdoverlay: dst_rect mdp_rect x=0 y=0 w=1080 h=1920
04-26 11:43:56.758   370   370 E qdoverlay: Bad ov dump:  mdp_overlay z=1 alpha=255 mask=-1 flags=0x220000 id=16
04-26 11:43:56.758   370   370 E qdoverlay: src msmfb_img w=1152 h=1920 format=13 MDP_RGBA_8888
04-26 11:43:56.758   370   370 E qdoverlay: src_rect mdp_rect x=0 y=0 w=1080 h=1920
04-26 11:43:56.758   370   370 E qdoverlay: dst_rect mdp_rect x=0 y=0 w=1080 h=1920
04-26 11:43:56.884   877  2737 I ActivityManager: START u0 {act=android.intent.action.MAIN cat=[android.intent.category.HOME] flg=0x10200000 cmp=com.google.android.googlequicksearchbox/com.google.android.launcher.GEL (has extras)} from uid 1000 on display 0
04-26 11:43:56.906 25955 25967 I testin-agent: client ready>:59c3b57d16a353e0db73664bf37S1a,true
04-26 11:43:56.906 25955 25967 I testin-agent: mq:{"op":"activity.change","code":0,"message":"","data":{"topActivity":"com.google.android.googlequicksearchbox\/com.google.android.launcher.GEL"}}
04-26 11:43:56.934 14161 14208 I Icing   : Usage reports 1 indexed 0 rejected 0 imm upload true
04-26 11:43:56.948 11086 11086 I GEL     : handleIntent(Intent { act=android.intent.action.MAIN cat=[android.intent.category.HOME] flg=0x10600000 cmp=com.google.android.googlequicksearchbox/com.google.android.launcher.GEL (has extras) })
04-26 11:43:56.955 14468 16818 I UpdateIcingCorporaServi: UpdateCorporaTask done [took 489 ms] updated apps [took 489 ms] 
04-26 11:43:57.027 16587 16587 I KEY-PinyinIME-180817-b: onFinishInput.
04-26 11:43:57.027 16587 16587 I KEY-PinyinIME-180817-b: onStartInput  ccontentType: 0 Restarting:false
04-26 11:43:57.118 14468 14468 W ThreadPoolDumper: Queue length for executor AudioRouter with 1 threads is now 8. Perhaps some tasks are too long, or the pool is too small.
04-26 11:43:57.148 14468 14468 W LocationOracleImpl: Best location was null
04-26 11:43:57.155   877   886 W art     : Suspending all threads took: 5.860ms
04-26 11:43:57.170   877   886 I art     : Background partial concurrent mark sweep GC freed 21152(1433KB) AllocSpace objects, 1(20KB) LOS objects, 11% free, 128MB/144MB, paused 8.627ms total 270.116ms
04-26 11:43:57.225 14225 14313 W GCoreFlp: No location to return for getLastLocation()
04-26 11:43:57.251 14225 14313 W GCoreFlp: No location to return for getLastLocation()
04-26 11:43:57.302 14225 14313 W GCoreFlp: No location to return for getLastLocation()
04-26 11:43:57.317 14468 14468 E LocationReceiver: Received bad location: null
04-26 11:43:57.367 14225 14313 W GCoreFlp: No location to return for getLastLocation()
04-26 11:43:57.374 14468 14468 E LocationReceiver: Received bad location: null
04-26 11:43:57.553 11086 11205 W OpenGLRenderer: Incorrectly called buildLayer on View: ShortcutAndWidgetContainer, destroying layer...
04-26 11:43:57.979 14161 14208 I Icing   : Indexing 6955D420F923F095B2B0463575010373D0B9D7BA from com.google.android.googlequicksearchbox
04-26 11:43:58.084 14161 14208 I Icing   : Indexing done 6955D420F923F095B2B0463575010373D0B9D7BA
04-26 11:44:00.049   566   566 E QCALOG  : [MessageQ] ProcessNewMessage: [LOWI-SERVER] unknown deliver target [OS-Agent]
04-26 11:44:00.347 16828 16828 D AndroidRuntime: >>>>>> START com.android.internal.os.RuntimeInit uid 2000 <<<<<<
04-26 11:44:00.369 16828 16828 D AndroidRuntime: CheckJNI is OFF
04-26 11:44:00.437 16828 16828 D ICU     : No timezone override file found: /data/misc/zoneinfo/current/icu/icu_tzdata.dat
04-26 11:44:00.497 16828 16828 I Radio-JNI: register_android_hardware_Radio DONE
04-26 11:44:00.525 16828 16828 D AndroidRuntime: Calling main entry com.android.commands.am.Am
04-26 11:44:00.545   877 10054 I ActivityManager: START u0 {act=android.intent.action.MAIN cat=[android.intent.category.LAUNCHER] flg=0x30000000 cmp=com.dc.hwsj/.LuaActivity} from uid 2000 on display 0
04-26 11:44:00.554 14468 14540 W SearchService: Abort, client detached.
04-26 11:44:00.555 16828 16828 D AndroidRuntime: Shutting down VM
04-26 11:44:00.557 25955 25967 I testin-agent: client ready>:59c3b57d16a353e0db73664bf37S1a,true
04-26 11:44:00.557 25955 25967 I testin-agent: mq:{"op":"activity.change","code":0,"message":"","data":{"topActivity":"com.dc.hwsj\/com.dc.hwsj.LuaActivity"}}
04-26 11:44:00.569   877  3430 I ActivityManager: Start proc 16838:com.dc.hwsj/u0a1537 for activity com.dc.hwsj/.LuaActivity
04-26 11:44:00.680 16838 16838 I chatty  : uid=11537(com.dc.hwsj) expire 51 lines
04-26 11:44:00.873 16838 16855 I chatty  : uid=11537(com.dc.hwsj) AsyncTask #1 expire 1 line
04-26 11:44:00.974 16838 16853 I chatty  : uid=11537(com.dc.hwsj) expire 11 lines
04-26 11:44:01.024 16838 16862 I chatty  : uid=11537(com.dc.hwsj) AsyncTask #5 expire 1 line
04-26 11:44:01.034 16838 16864 I chatty  : uid=11537(com.dc.hwsj) pool-5-thread-1 expire 1 line
04-26 11:44:01.166 16838 16867 I chatty  : uid=11537(com.dc.hwsj) AsyncTask #6 expire 1 line
04-26 11:44:01.774 16838 16875 I chatty  : uid=11537(com.dc.hwsj) expire 2 lines
04-26 11:44:01.999 16838 16889 I chatty  : uid=11537(com.dc.hwsj) Thread-4467 expire 1 line
04-26 11:44:02.232   877  3161 I sensors : batch
04-26 11:44:02.232   877  3161 I sensors : activate
04-26 11:44:02.239   877  2597 I hubconnection: sensorhub said: 'batch 1 flags:0, sampling_rate_Hz:5.00, max_report_latency_us:0'
04-26 11:44:02.240   877  2597 I hubconnection: sensorhub said: 'activate 1 enable:1'
04-26 11:44:02.245 16838 16899 I chatty  : uid=11537(com.dc.hwsj) RenderThread expire 2 lines
04-26 11:44:02.250 16838 16896 I chatty  : uid=11537(com.dc.hwsj) expire 3 lines
04-26 11:44:02.321   877 12850 E DatabaseUtils: Writing exception to parcel
04-26 11:44:02.321   877 12850 E DatabaseUtils: java.lang.SecurityException: Permission denial: writing to settings requires:android.permission.WRITE_SECURE_SETTINGS
04-26 11:44:02.321   877 12850 E DatabaseUtils: 	at com.android.providers.settings.SettingsProvider.enforceWritePermission(SettingsProvider.java:1084)
04-26 11:44:02.321   877 12850 E DatabaseUtils: 	at com.android.providers.settings.SettingsProvider.mutateSecureSetting(SettingsProvider.java:768)
04-26 11:44:02.321   877 12850 E DatabaseUtils: 	at com.android.providers.settings.SettingsProvider.insertSecureSetting(SettingsProvider.java:745)
04-26 11:44:02.321   877 12850 E DatabaseUtils: 	at com.android.providers.settings.SettingsProvider.call(SettingsProvider.java:251)
04-26 11:44:02.321   877 12850 E DatabaseUtils: 	at android.content.ContentProvider$Transport.call(ContentProvider.java:398)
04-26 11:44:02.321   877 12850 E DatabaseUtils: 	at android.content.ContentProviderNative.onTransact(ContentProviderNative.java:283)
04-26 11:44:02.321   877 12850 E DatabaseUtils: 	at android.os.Binder.execTransact(Binder.java:453)
04-26 11:44:02.393 16838 16898 I chatty  : uid=11537(com.dc.hwsj) expire 4 lines
04-26 11:44:02.439 14161 14300 E JavaBinder: *** Uncaught remote exception!  (Exceptions are not yet supported across processes.)
04-26 11:44:02.439 14161 14300 E JavaBinder: java.lang.RuntimeException: android.os.RemoteException
04-26 11:44:02.439 14161 14300 E JavaBinder: 	at android.os.Parcel.writeException(Parcel.java:1520)
04-26 11:44:02.439 14161 14300 E JavaBinder: 	at android.os.Binder.execTransact(Binder.java:459)
04-26 11:44:02.439 14161 14300 E JavaBinder: Caused by: android.os.RemoteException
04-26 11:44:02.439 14161 14300 E JavaBinder: 	at com.google.android.gms.ads.identifier.service.b.a(SourceFile:77)
04-26 11:44:02.439 14161 14300 E JavaBinder: 	at com.google.android.gms.ads.identifier.a.e.onTransact(SourceFile:63)
04-26 11:44:02.439 14161 14300 E JavaBinder: 	at android.os.Binder.execTransact(Binder.java:453)
04-26 11:44:02.439 14161 15539 E JavaBinder: *** Uncaught remote exception!  (Exceptions are not yet supported across processes.)
04-26 11:44:02.439 14161 15539 E JavaBinder: java.lang.RuntimeException: android.os.RemoteException
04-26 11:44:02.439 14161 15539 E JavaBinder: 	at android.os.Parcel.writeException(Parcel.java:1520)
04-26 11:44:02.439 14161 15539 E JavaBinder: 	at android.os.Binder.execTransact(Binder.java:459)
04-26 11:44:02.439 14161 15539 E JavaBinder: Caused by: android.os.RemoteException
04-26 11:44:02.439 14161 15539 E JavaBinder: 	at com.google.android.gms.ads.identifier.service.b.a(SourceFile:77)
04-26 11:44:02.439 14161 15539 E JavaBinder: 	at com.google.android.gms.ads.identifier.a.e.onTransact(SourceFile:63)
04-26 11:44:02.439 14161 15539 E JavaBinder: 	at android.os.Binder.execTransact(Binder.java:453)
04-26 11:44:02.440 14161 14172 E JavaBinder: *** Uncaught remote exception!  (Exceptions are not yet supported across processes.)
04-26 11:44:02.440 14161 14172 E JavaBinder: java.lang.RuntimeException: android.os.RemoteException
04-26 11:44:02.440 14161 14172 E JavaBinder: 	at android.os.Parcel.writeException(Parcel.java:1520)
04-26 11:44:02.440 14161 14172 E JavaBinder: 	at android.os.Binder.execTransact(Binder.java:459)
04-26 11:44:02.440 14161 14172 E JavaBinder: Caused by: android.os.RemoteException
04-26 11:44:02.440 14161 14172 E JavaBinder: 	at com.google.android.gms.ads.identifier.service.b.a(SourceFile:77)
04-26 11:44:02.440 14161 14172 E JavaBinder: 	at com.google.android.gms.ads.identifier.a.e.onTransact(SourceFile:63)
04-26 11:44:02.440 14161 14172 E JavaBinder: 	at android.os.Binder.execTransact(Binder.java:453)
04-26 11:44:02.440 14161 14174 E JavaBinder: *** Uncaught remote exception!  (Exceptions are not yet supported across processes.)
04-26 11:44:02.440 14161 14174 E JavaBinder: java.lang.RuntimeException: android.os.RemoteException
04-26 11:44:02.440 14161 14174 E JavaBinder: 	at android.os.Parcel.writeException(Parcel.java:1520)
04-26 11:44:02.440 14161 14174 E JavaBinder: 	at android.os.Binder.execTransact(Binder.java:459)
04-26 11:44:02.440 14161 14174 E JavaBinder: Caused by: android.os.RemoteException
04-26 11:44:02.440 14161 14174 E JavaBinder: 	at com.google.android.gms.ads.identifier.service.b.a(SourceFile:77)
04-26 11:44:02.440 14161 14174 E JavaBinder: 	at com.google.android.gms.ads.identifier.a.e.onTransact(SourceFile:63)
04-26 11:44:02.440 14161 14174 E JavaBinder: 	at android.os.Binder.execTransact(Binder.java:453)
04-26 11:44:02.516 14161 14161 D GCM     : COMPAT: Multi user ser=0 current=0
04-26 11:44:02.533 14180 16911 D GCM     : GcmService start Intent { act=com.google.android.c2dm.intent.REGISTER pkg=com.google.android.gms cmp=com.google.android.gms/.gcm.GcmService (has extras) } com.google.android.c2dm.intent.REGISTER
04-26 11:44:02.578 15361 15371 W Finsky  : [24928] InAppBillingUtils.getPreferredAccount: com.dc.hwsj: No account found.
04-26 11:44:02.580 16838 16887 I chatty  : uid=11537(com.dc.hwsj) Chrome_IOThread expire 1 line
04-26 11:44:02.594   877  2895 I sensors : batch
04-26 11:44:02.594   877  2895 I sensors : flush
04-26 11:44:02.596   877 10052 I sensors : batch
04-26 11:44:02.596   877 10052 I sensors : activate
04-26 11:44:02.598   877  2597 I hubconnection: sensorhub said: 'batch 1 flags:0, sampling_rate_Hz:200.00, max_report_latency_us:0'
04-26 11:44:02.598   877  7522 I sensors : batch
04-26 11:44:02.598   877  7522 I sensors : activate
04-26 11:44:02.599   877  2597 I hubconnection: sensorhub said: 'flush 1'
04-26 11:44:02.600   877  2597 I hubconnection: sensorhub said: 'batch 2 flags:0, sampling_rate_Hz:200.00, max_report_latency_us:0'
04-26 11:44:02.600   877  2597 I hubconnection: sensorhub said: 'activate 2 enable:1'
04-26 11:44:02.608   877  2597 I hubconnection: sensorhub said: 'batch 3 flags:0, sampling_rate_Hz:50.00, max_report_latency_us:0'
04-26 11:44:02.608   877  2597 I hubconnection: sensorhub said: 'activate 3 enable:1'
04-26 11:44:02.610   877  2597 I hubconnection: saw sensor 1 flushed
04-26 11:44:02.647 16838 16847 I chatty  : uid=11537(com.dc.hwsj) HeapTaskDaemon expire 2 lines
04-26 11:44:02.689 14161 14172 E JavaBinder: *** Uncaught remote exception!  (Exceptions are not yet supported across processes.)
04-26 11:44:02.689 14161 14172 E JavaBinder: java.lang.RuntimeException: android.os.RemoteException
04-26 11:44:02.689 14161 14172 E JavaBinder: 	at android.os.Parcel.writeException(Parcel.java:1520)
04-26 11:44:02.689 14161 14172 E JavaBinder: 	at android.os.Binder.execTransact(Binder.java:459)
04-26 11:44:02.689 14161 14172 E JavaBinder: Caused by: android.os.RemoteException
04-26 11:44:02.689 14161 14172 E JavaBinder: 	at com.google.android.gms.ads.identifier.service.b.a(SourceFile:77)
04-26 11:44:02.689 14161 14172 E JavaBinder: 	at com.google.android.gms.ads.identifier.a.e.onTransact(SourceFile:63)
04-26 11:44:02.689 14161 14172 E JavaBinder: 	at android.os.Binder.execTransact(Binder.java:453)
04-26 11:44:02.691 14161 15540 E JavaBinder: *** Uncaught remote exception!  (Exceptions are not yet supported across processes.)
04-26 11:44:02.691 14161 15540 E JavaBinder: java.lang.RuntimeException: android.os.RemoteException
04-26 11:44:02.691 14161 15540 E JavaBinder: 	at android.os.Parcel.writeException(Parcel.java:1520)
04-26 11:44:02.691 14161 15540 E JavaBinder: 	at android.os.Binder.execTransact(Binder.java:459)
04-26 11:44:02.691 14161 15540 E JavaBinder: Caused by: android.os.RemoteException
04-26 11:44:02.691 14161 15540 E JavaBinder: 	at com.google.android.gms.ads.identifier.service.b.a(SourceFile:77)
04-26 11:44:02.691 14161 15540 E JavaBinder: 	at com.google.android.gms.ads.identifier.a.e.onTransact(SourceFile:63)
04-26 11:44:02.691 14161 15540 E JavaBinder: 	at android.os.Binder.execTransact(Binder.java:453)
04-26 11:44:02.704 14180 16915 W GCM     : Missmatched messenger
04-26 11:44:02.726 16838 16871 I chatty  : uid=11537(com.dc.hwsj) GLThread 4454 expire 51 lines
04-26 11:44:02.846   490   490 D SoftKeymaster: system/keymaster/soft_keymaster_device.cpp, Line 576: Requested digest(s) supported for algorithm 1 and purpose 0
04-26 11:44:02.846   490   490 D SoftKeymaster: system/keymaster/soft_keymaster_device.cpp, Line 576: Requested digest(s) supported for algorithm 1 and purpose 1
04-26 11:44:02.971   877   895 I ActivityManager: Displayed com.dc.hwsj/.LuaActivity: +2s413ms
04-26 11:44:03.015 16587 16587 I KEY-PinyinIME-180817-b: onFinishInput.
04-26 11:44:03.029 16587 16587 I KEY-PinyinIME-180817-b: onStartInput  ccontentType: 0 Restarting:false
04-26 11:44:03.099   877   887 I sensors : activate
04-26 11:44:03.101   877  2945 I sensors : activate
04-26 11:44:03.101   877  5426 I sensors : batch
04-26 11:44:03.102   877  2597 I hubconnection: sensorhub said: 'activate 3 enable:0'
04-26 11:44:03.105   877  2597 I hubconnection: sensorhub said: 'activate 2 enable:0'
04-26 11:44:03.107   877  2597 I hubconnection: sensorhub said: 'batch 1 flags:0, sampling_rate_Hz:5.00, max_report_latency_us:0'
04-26 11:44:03.539 16838 16913 I chatty  : uid=11537(com.dc.hwsj) expire 2 lines
04-26 11:44:03.561 16838 16921 I chatty  : uid=11537(com.dc.hwsj) expire 1 line
04-26 11:44:03.701 16838 16922 I chatty  : uid=11537(com.dc.hwsj) expire 1 line
04-26 11:44:03.824 16838 16924 I chatty  : uid=11537(com.dc.hwsj) expire 1 line
04-26 11:44:03.900 16838 16925 I chatty  : uid=11537(com.dc.hwsj) expire 10 lines
04-26 11:44:03.966 16838 16926 I chatty  : uid=11537(com.dc.hwsj) expire 2 lines
04-26 11:44:04.137   382   392 D DrmLibTime: got the req here! ret=0
04-26 11:44:04.137   382   392 D DrmLibTime: command id, time_cmd_id = 770
04-26 11:44:04.137   382   392 D DrmLibTime: time_getutcsec starts!
04-26 11:44:04.137   382   392 D DrmLibTime: QSEE Time Listener: time_getutcsec
04-26 11:44:04.137   382   392 D DrmLibTime: QSEE Time Listener: get_utc_seconds
04-26 11:44:04.137   382   392 D DrmLibTime: QSEE Time Listener: time_get_modem_time
04-26 11:44:04.137   382   392 D DrmLibTime: QSEE Time Listener: Checking if ATS_MODEM is set or not.
04-26 11:44:04.139   382   392 D QC-time-services: Lib:time_genoff_operation: pargs->base = 13
04-26 11:44:04.140   382   392 D QC-time-services: Lib:time_genoff_operation: pargs->operation = 2
04-26 11:44:04.140   382   392 D QC-time-services: Lib:time_genoff_operation: pargs->ts_val = 0
04-26 11:44:04.151   382   392 D QC-time-services: Lib:time_genoff_operation: Send to server  passed!!
04-26 11:44:04.153   505   517 D QC-time-services: Daemon: Connection accepted:time_genoff
04-26 11:44:04.156   505 16941 D QC-time-services: Daemon:Received base = 13, unit = 1, operation = 2,value = 0
04-26 11:44:04.156   505 16941 D QC-time-services: Daemon:genoff_opr: Base = 13, val = 0, operation = 2
04-26 11:44:04.156   505 16941 D QC-time-services: offset is: 0 for base: 13
04-26 11:44:04.156   382   392 E QC-time-services: Receive Passed == base = 13, unit = 1, operation = 2, result = 0
04-26 11:44:04.156   382   392 D DrmLibTime: QSEE Time Listener: ATS_MODEM is not set. Fallback to Android system time.
04-26 11:44:04.156   382   392 D DrmLibTime: QSEE Time Listener: Retrieved Android system time: 1556250244
04-26 11:44:04.156   382   392 D DrmLibTime: time_getutcsec returns 0, sec = 1556250244; nsec = 0
04-26 11:44:04.156   382   392 D DrmLibTime: time_getutcsec finished! 
04-26 11:44:04.156   382   392 D DrmLibTime: iotcl_continue_command finished! and return 0 
04-26 11:44:04.156   382   392 D DrmLibTime: before calling ioctl to read the next time_cmd
04-26 11:44:04.167   505   517 E QC-time-services: Daemon: Time-services: Waiting to acceptconnection
04-26 11:44:04.177 16838 16942 I chatty  : uid=11537(com.dc.hwsj) expire 3 lines
04-26 11:44:05.102 25955 25961 I art     : Background sticky concurrent mark sweep GC freed 49085(1675KB) AllocSpace objects, 0(0B) LOS objects, 38% free, 2MB/4MB, paused 27.901ms total 47.646ms
04-26 11:44:05.360 16838 16944 I chatty  : uid=11537(com.dc.hwsj) expire 3 lines
04-26 11:44:05.378 16838 16945 I chatty  : uid=11537(com.dc.hwsj) expire 3 lines
04-26 11:44:05.666 16838 16950 I chatty  : uid=11537(com.dc.hwsj) pool-10-thread- expire 1 line
04-26 11:44:05.677 14161 16904 E JavaBinder: *** Uncaught remote exception!  (Exceptions are not yet supported across processes.)
04-26 11:44:05.677 14161 16904 E JavaBinder: java.lang.RuntimeException: android.os.RemoteException
04-26 11:44:05.677 14161 16904 E JavaBinder: 	at android.os.Parcel.writeException(Parcel.java:1520)
04-26 11:44:05.677 14161 16904 E JavaBinder: 	at android.os.Binder.execTransact(Binder.java:459)
04-26 11:44:05.677 14161 16904 E JavaBinder: Caused by: android.os.RemoteException
04-26 11:44:05.677 14161 16904 E JavaBinder: 	at com.google.android.gms.ads.identifier.service.b.a(SourceFile:77)
04-26 11:44:05.677 14161 16904 E JavaBinder: 	at com.google.android.gms.ads.identifier.a.e.onTransact(SourceFile:63)
04-26 11:44:05.677 14161 16904 E JavaBinder: 	at android.os.Binder.execTransact(Binder.java:453)
04-26 11:44:06.735 16838 16957 I chatty  : uid=11537(com.dc.hwsj) pool-9-thread-2 expire 4 lines
04-26 11:44:06.772 16838 16958 I chatty  : uid=11537(com.dc.hwsj) avidlyanalysis_ expire 2 lines
04-26 11:44:06.872 16838 16960 I chatty  : uid=11537(com.dc.hwsj) expire 1 line
04-26 11:44:06.924 14161 15540 E JavaBinder: *** Uncaught remote exception!  (Exceptions are not yet supported across processes.)
04-26 11:44:06.924 14161 15540 E JavaBinder: java.lang.RuntimeException: android.os.RemoteException
04-26 11:44:06.924 14161 15540 E JavaBinder: 	at android.os.Parcel.writeException(Parcel.java:1520)
04-26 11:44:06.924 14161 15540 E JavaBinder: 	at android.os.Binder.execTransact(Binder.java:459)
04-26 11:44:06.924 14161 15540 E JavaBinder: Caused by: android.os.RemoteException
04-26 11:44:06.924 14161 15540 E JavaBinder: 	at com.google.android.gms.ads.identifier.service.b.a(SourceFile:77)
04-26 11:44:06.924 14161 15540 E JavaBinder: 	at com.google.android.gms.ads.identifier.a.e.onTransact(SourceFile:63)
04-26 11:44:06.924 14161 15540 E JavaBinder: 	at android.os.Binder.execTransact(Binder.java:453)
04-26 11:44:06.924 16838 16962 I chatty  : uid=11537(com.dc.hwsj) expire 3 lines
04-26 11:44:07.130 16838 16967 I chatty  : uid=11537(com.dc.hwsj) pool-8-thread-1 expire 9 lines
04-26 11:44:07.219 14161 14172 E JavaBinder: *** Uncaught remote exception!  (Exceptions are not yet supported across processes.)
04-26 11:44:07.219 14161 14172 E JavaBinder: java.lang.RuntimeException: android.os.RemoteException
04-26 11:44:07.219 14161 14172 E JavaBinder: 	at android.os.Parcel.writeException(Parcel.java:1520)
04-26 11:44:07.219 14161 14172 E JavaBinder: 	at android.os.Binder.execTransact(Binder.java:459)
04-26 11:44:07.219 14161 14172 E JavaBinder: Caused by: android.os.RemoteException
04-26 11:44:07.219 14161 14172 E JavaBinder: 	at com.google.android.gms.ads.identifier.service.b.a(SourceFile:77)
04-26 11:44:07.219 14161 14172 E JavaBinder: 	at com.google.android.gms.ads.identifier.a.e.onTransact(SourceFile:63)
04-26 11:44:07.219 14161 14172 E JavaBinder: 	at android.os.Binder.execTransact(Binder.java:453)
04-26 11:44:07.241 16838 16968 I chatty  : uid=11537(com.dc.hwsj) expire 2 lines
04-26 11:44:07.265 16838 16838 E ActivityThread: Failed to find provider info for com.google.android.gms.chimera
04-26 11:44:07.277   877  5974 D NetlinkSocketObserver: NeighborEvent{elapsedMs=2484453250, 10.67.8.1, [3C7843B67A98], RTM_NEWNEIGH, NUD_REACHABLE}
04-26 11:44:07.426 16838 16975 I chatty  : uid=11537(com.dc.hwsj) expire 1 line
04-26 11:44:07.428 16838 16991 I chatty  : uid=11537(com.dc.hwsj) expire 1 line
04-26 11:44:07.491 16838 16838 I chatty  : uid=11537(com.dc.hwsj) expire 45 lines
04-26 11:44:07.494 16838 16999 I chatty  : uid=11537(com.dc.hwsj) expire 3 lines
04-26 11:44:07.496 16838 16871 I chatty  : uid=11537(com.dc.hwsj) GLThread 4454 expire 89 lines
04-26 11:44:07.505 16838 16997 I chatty  : uid=11537(com.dc.hwsj) expire 3 lines
04-26 11:44:07.517 16838 17000 I chatty  : uid=11537(com.dc.hwsj) expire 2 lines
04-26 11:44:07.799 16993 16993 I chatty  : uid=11537(com.dc.hwsj) expire 2 lines
04-26 11:44:07.954 16838 16847 I chatty  : uid=11537(com.dc.hwsj) HeapTaskDaemon expire 4 lines
04-26 11:44:08.505 16838 16975 I chatty  : uid=11537(com.dc.hwsj) expire 1 line
04-26 11:44:08.724 14161 14174 E JavaBinder: *** Uncaught remote exception!  (Exceptions are not yet supported across processes.)
04-26 11:44:08.724 14161 14174 E JavaBinder: java.lang.RuntimeException: android.os.RemoteException
04-26 11:44:08.724 14161 14174 E JavaBinder: 	at android.os.Parcel.writeException(Parcel.java:1520)
04-26 11:44:08.724 14161 14174 E JavaBinder: 	at android.os.Binder.execTransact(Binder.java:459)
04-26 11:44:08.724 14161 14174 E JavaBinder: Caused by: android.os.RemoteException
04-26 11:44:08.724 14161 14174 E JavaBinder: 	at com.google.android.gms.ads.identifier.service.b.a(SourceFile:77)
04-26 11:44:08.724 14161 14174 E JavaBinder: 	at com.google.android.gms.ads.identifier.a.e.onTransact(SourceFile:63)
04-26 11:44:08.724 14161 14174 E JavaBinder: 	at android.os.Binder.execTransact(Binder.java:453)
04-26 11:44:08.761 25955 25961 I art     : Background sticky concurrent mark sweep GC freed 48841(1662KB) AllocSpace objects, 0(0B) LOS objects, 40% free, 2MB/4MB, paused 9.710ms total 22.756ms
04-26 11:44:11.379 14468 17052 W CronetSyncConnectionRcs: Upload content type not set.
04-26 11:44:11.651   877  2945 I sensors : flush
04-26 11:44:11.654   877  8119 I sensors : batch
04-26 11:44:11.654   877  8119 I sensors : activate
04-26 11:44:11.669   877  2597 I hubconnection: sensorhub said: 'flush 1'
04-26 11:44:11.670   877  2597 I hubconnection: sensorhub said: 'batch 2 flags:0, sampling_rate_Hz:5.00, max_report_latency_us:0'
04-26 11:44:11.670   877  2597 I hubconnection: saw sensor 1 flushed
04-26 11:44:11.671   877  2597 I hubconnection: sensorhub said: 'activate 2 enable:1'
04-26 11:44:11.697 15361 15391 D Finsky  : [24948] AppStatesReplicator.handleContentSyncResponse: Completed 0 account content syncs with 0 successful.
04-26 11:44:11.701 15361 15361 D Finsky  : [1] ContentSyncService$5.onFinished: Installation state replication succeeded.
04-26 11:44:11.740 16838 16949 I chatty  : uid=11537(com.dc.hwsj) ad_sdk expire 5 lines
04-26 11:44:11.765   877  3430 I sensors : batch
04-26 11:44:11.769   877  2597 I hubconnection: sensorhub said: 'batch 1 flags:0, sampling_rate_Hz:5.00, max_report_latency_us:0'
04-26 11:44:11.771 16838 16949 E ActivityThread: Failed to find provider info for com.facebook.katana.provider.AttributionIdProvider
04-26 11:44:11.854 14161 15540 E JavaBinder: *** Uncaught remote exception!  (Exceptions are not yet supported across processes.)
04-26 11:44:11.854 14161 15540 E JavaBinder: java.lang.RuntimeException: android.os.RemoteException
04-26 11:44:11.854 14161 15540 E JavaBinder: 	at android.os.Parcel.writeException(Parcel.java:1520)
04-26 11:44:11.854 14161 15540 E JavaBinder: 	at android.os.Binder.execTransact(Binder.java:459)
04-26 11:44:11.854 14161 15540 E JavaBinder: Caused by: android.os.RemoteException
04-26 11:44:11.854 14161 15540 E JavaBinder: 	at com.google.android.gms.ads.identifier.service.b.a(SourceFile:77)
04-26 11:44:11.854 14161 15540 E JavaBinder: 	at com.google.android.gms.ads.identifier.a.e.onTransact(SourceFile:63)
04-26 11:44:11.854 14161 15540 E JavaBinder: 	at android.os.Binder.execTransact(Binder.java:453)
04-26 11:44:11.899   877  3430 I sensors : flush
04-26 11:44:11.902   877  2597 I hubconnection: sensorhub said: 'flush 1'
04-26 11:44:11.906   877  2597 I hubconnection: saw sensor 1 flushed
04-26 11:44:11.950 16838 17066 E ActivityThread: Failed to find provider info for com.facebook.katana.provider.AttributionIdProvider
04-26 11:44:11.959 16838 17066 I chatty  : uid=11537(com.dc.hwsj) expire 2 lines
04-26 11:44:11.971 14161 14172 E JavaBinder: *** Uncaught remote exception!  (Exceptions are not yet supported across processes.)
04-26 11:44:11.971 14161 14172 E JavaBinder: java.lang.RuntimeException: android.os.RemoteException
04-26 11:44:11.971 14161 14172 E JavaBinder: 	at android.os.Parcel.writeException(Parcel.java:1520)
04-26 11:44:11.971 14161 14172 E JavaBinder: 	at android.os.Binder.execTransact(Binder.java:459)
04-26 11:44:11.971 14161 14172 E JavaBinder: Caused by: android.os.RemoteException
04-26 11:44:11.971 14161 14172 E JavaBinder: 	at com.google.android.gms.ads.identifier.service.b.a(SourceFile:77)
04-26 11:44:11.971 14161 14172 E JavaBinder: 	at com.google.android.gms.ads.identifier.a.e.onTransact(SourceFile:63)
04-26 11:44:11.971 14161 14172 E JavaBinder: 	at android.os.Binder.execTransact(Binder.java:453)
04-26 11:44:12.053   877  8119 I sensors : activate
04-26 11:44:12.054   877 10052 I sensors : batch
04-26 11:44:12.056   877  2597 I hubconnection: sensorhub said: 'activate 2 enable:0'
04-26 11:44:12.062   877  2597 I hubconnection: sensorhub said: 'batch 1 flags:0, sampling_rate_Hz:5.00, max_report_latency_us:0'
04-26 11:44:12.557 16838 16853 I chatty  : uid=11537(com.dc.hwsj) expire 2 lines
04-26 11:44:13.945 16838 17107 I chatty  : uid=11537(com.dc.hwsj) expire 3 lines
04-26 11:44:14.056 16838 17110 I chatty  : uid=11537(com.dc.hwsj) expire 2 lines
04-26 11:44:14.060   486  2794 D audio_hw_primary: out_set_parameters: enter: usecase(5: audio-ull-playback) kvpairs: routing=2
04-26 11:44:14.076   486  2794 D audio_hw_primary: select_devices: out_snd_device(2: speaker) in_snd_device(0: none)
04-26 11:44:14.076   486  2794 D msm8974_platform: platform_send_audio_calibration: sending audio calibration for snd_device(2) acdb_id(101)
04-26 11:44:14.076   486  2794 I soundtrigger: audio_extn_sound_trigger_update_device_status: device 0x2 of type 0 for Event 1
04-26 11:44:14.081   486  2794 D msm8974_platform: platform_send_audio_calibration: sending audio calibration for snd_device(69) acdb_id(102)
04-26 11:44:14.082   486  2794 D audio_hw_primary: enable_snd_device: snd_device(69: vi-feedback)
04-26 11:44:14.082   486  2794 D audio_hw_primary: enable_audio_route: apply and update mixer path: spkr-vi-record
04-26 11:44:14.106   486  2794 D msm8974_platform: platform_send_audio_calibration: sending audio calibration for snd_device(27) acdb_id(4)
04-26 11:44:14.106   486  2794 I ACDB-LOADER: ACDB AFE returned = -19
04-26 11:44:14.106   486  2794 D audio_hw_primary: enable_audio_route: apply and update mixer path: audio-ull-playback
04-26 11:44:14.114 16838 17112 I chatty  : uid=11537(com.dc.hwsj) expire 3 lines
04-26 11:44:14.767 16838 17115 I chatty  : uid=11537(com.dc.hwsj) expire 3 lines
04-26 11:44:14.818 15361 15371 W Finsky  : [24928] InAppBillingUtils.getPreferredAccount: com.dc.hwsj: No account found.
04-26 11:44:14.827 16838 17119 I chatty  : uid=11537(com.dc.hwsj) expire 3 lines
04-26 11:44:16.057 16838 17123 I chatty  : uid=11537(com.dc.hwsj) expire 3 lines
04-26 11:44:16.063 16838 17124 I chatty  : uid=11537(com.dc.hwsj) expire 3 lines
04-26 11:44:16.358 16838 17126 I chatty  : uid=11537(com.dc.hwsj) expire 3 lines
04-26 11:44:16.696 25955 25961 I art     : Background concurrent mark sweep GC freed 53093(1830KB) AllocSpace objects, 0(0B) LOS objects, 40% free, 2MB/4MB, paused 19.804ms total 55.584ms
04-26 11:44:16.874   877 12850 D ConnectivityService: listenForNetwork for Listen from uid/pid:11537/16838 for NetworkRequest [ id=75, legacyType=-1, [ Capabilities: NOT_RESTRICTED&TRUSTED&NOT_VPN] ]
04-26 11:44:16.959 16838 17048 I chatty  : uid=11537(com.dc.hwsj) JavaBridge expire 3 lines
04-26 11:44:17.287 16838 17132 I chatty  : uid=11537(com.dc.hwsj) expire 3 lines
04-26 11:44:18.452 16838 16871 I chatty  : uid=11537(com.dc.hwsj) GLThread 4454 expire 125 lines
04-26 11:44:18.463 16838 17145 I chatty  : uid=11537(com.dc.hwsj) expire 3 lines
04-26 11:44:18.499 16838 17038 I chatty  : uid=11537(com.dc.hwsj) expire 1 line
04-26 11:44:18.504 16838 16838 I chatty  : uid=11537(com.dc.hwsj) expire 22 lines
04-26 11:44:18.758 16838 17149 I chatty  : uid=11537(com.dc.hwsj) expire 3 lines
04-26 11:44:20.874 16838 17048 I chatty  : uid=11537(com.dc.hwsj) JavaBridge expire 1 line
04-26 11:44:23.427 16838 17173 I chatty  : uid=11537(com.dc.hwsj) expire 3 lines
04-26 11:44:23.498 16838 16847 I chatty  : uid=11537(com.dc.hwsj) HeapTaskDaemon expire 1 line
04-26 11:44:23.499 16838 17176 I chatty  : uid=11537(com.dc.hwsj) expire 3 lines
04-26 11:44:23.573 16838 17174 I chatty  : uid=11537(com.dc.hwsj) expire 4 lines
04-26 11:44:23.597 14161 14174 E JavaBinder: *** Uncaught remote exception!  (Exceptions are not yet supported across processes.)
04-26 11:44:23.597 14161 14174 E JavaBinder: java.lang.RuntimeException: android.os.RemoteException
04-26 11:44:23.597 14161 14174 E JavaBinder: 	at android.os.Parcel.writeException(Parcel.java:1520)
04-26 11:44:23.597 14161 14174 E JavaBinder: 	at android.os.Binder.execTransact(Binder.java:459)
04-26 11:44:23.597 14161 14174 E JavaBinder: Caused by: android.os.RemoteException
04-26 11:44:23.597 14161 14174 E JavaBinder: 	at com.google.android.gms.ads.identifier.service.b.a(SourceFile:77)
04-26 11:44:23.597 14161 14174 E JavaBinder: 	at com.google.android.gms.ads.identifier.a.e.onTransact(SourceFile:63)
04-26 11:44:23.597 14161 14174 E JavaBinder: 	at android.os.Binder.execTransact(Binder.java:453)
04-26 11:44:24.152 16838 17182 I chatty  : uid=11537(com.dc.hwsj) expire 3 lines
04-26 11:44:26.835 16838 16977 I chatty  : uid=11537(com.dc.hwsj) expire 2 lines
04-26 11:44:26.844 14161 15540 E JavaBinder: *** Uncaught remote exception!  (Exceptions are not yet supported across processes.)
04-26 11:44:26.844 14161 15540 E JavaBinder: java.lang.RuntimeException: android.os.RemoteException
04-26 11:44:26.844 14161 15540 E JavaBinder: 	at android.os.Parcel.writeException(Parcel.java:1520)
04-26 11:44:26.844 14161 15540 E JavaBinder: 	at android.os.Binder.execTransact(Binder.java:459)
04-26 11:44:26.844 14161 15540 E JavaBinder: Caused by: android.os.RemoteException
04-26 11:44:26.844 14161 15540 E JavaBinder: 	at com.google.android.gms.ads.identifier.service.b.a(SourceFile:77)
04-26 11:44:26.844 14161 15540 E JavaBinder: 	at com.google.android.gms.ads.identifier.a.e.onTransact(SourceFile:63)
04-26 11:44:26.844 14161 15540 E JavaBinder: 	at android.os.Binder.execTransact(Binder.java:453)
04-26 11:44:27.670 16838 16983 I chatty  : uid=11537(com.dc.hwsj) expire 1 line
04-26 11:44:28.151 16838 16871 I chatty  : uid=11537(com.dc.hwsj) GLThread 4454 expire 14 lines
04-26 11:44:29.153 16838 16838 I chatty  : uid=11537(com.dc.hwsj) expire 10 lines
04-26 11:44:29.169 16838 17212 I chatty  : uid=11537(com.dc.hwsj) expire 3 lines
04-26 11:44:29.717 25955 25961 I art     : Background sticky concurrent mark sweep GC freed 49332(1687KB) AllocSpace objects, 0(0B) LOS objects, 39% free, 2MB/4MB, paused 6.983ms total 27.408ms
04-26 11:44:30.672   877  2737 I ActivityManager: START u0 {act=android.intent.action.MAIN cat=[android.intent.category.HOME] flg=0x10200000 cmp=com.google.android.googlequicksearchbox/com.google.android.launcher.GEL (has extras)} from uid 1000 on display 0
04-26 11:44:30.829 16838 16853 I chatty  : uid=11537(com.dc.hwsj) expire 10 lines
04-26 11:44:30.846 25955 25967 I testin-agent: client ready>:59c3b57d16a353e0db73664bf37S1a,true
04-26 11:44:30.846 25955 25967 I testin-agent: mq:{"op":"activity.change","code":0,"message":"","data":{"topActivity":"com.google.android.googlequicksearchbox\/com.google.android.launcher.GEL"}}
04-26 11:44:30.915   877  8119 I sensors : activate
04-26 11:44:30.918   877  2597 I hubconnection: sensorhub said: 'activate 1 enable:0'
04-26 11:44:30.979 11086 11086 I GEL     : handleIntent(Intent { act=android.intent.action.MAIN cat=[android.intent.category.HOME] flg=0x10600000 cmp=com.google.android.googlequicksearchbox/com.google.android.launcher.GEL (has extras) })
04-26 11:44:31.092   370   370 E qdoverlay: Bad ov dump:  mdp_overlay z=0 alpha=255 mask=-1 flags=0x20000 id=-1
04-26 11:44:31.093   370   370 E qdoverlay: src msmfb_img w=1152 h=1920 format=13 MDP_RGBA_8888
04-26 11:44:31.093   370   370 E qdoverlay: src_rect mdp_rect x=0 y=0 w=1080 h=1920
04-26 11:44:31.093   370   370 E qdoverlay: dst_rect mdp_rect x=0 y=0 w=1080 h=1920
04-26 11:44:31.195   877  2737 I ActivityManager: START u0 {act=android.intent.action.MAIN cat=[android.intent.category.HOME] flg=0x10200000 cmp=com.google.android.googlequicksearchbox/com.google.android.launcher.GEL (has extras)} from uid 1000 on display 0
04-26 11:44:31.203 16587 16587 I KEY-PinyinIME-180817-b: onFinishInput.
04-26 11:44:31.203 16587 16587 I KEY-PinyinIME-180817-b: onStartInput  ccontentType: 0 Restarting:false
04-26 11:44:31.213   877   886 I art     : Background partial concurrent mark sweep GC freed 188187(11MB) AllocSpace objects, 4(80KB) LOS objects, 11% free, 128MB/144MB, paused 14.645ms total 513.976ms
04-26 11:44:31.262 11086 11086 I GEL     : handleIntent(Intent { act=android.intent.action.MAIN cat=[android.intent.category.HOME] flg=0x10200000 cmp=com.google.android.googlequicksearchbox/com.google.android.launcher.GEL (has extras) })
04-26 11:44:31.299   486  2794 D audio_hw_primary: disable_audio_route: reset and update mixer path: audio-ull-playback
04-26 11:44:31.302   486  2794 D audio_hw_primary: disable_snd_device: snd_device(2: speaker)
04-26 11:44:31.317   486  2794 D audio_hw_primary: disable_snd_device: snd_device(69: vi-feedback)
04-26 11:44:31.317   486  2794 D audio_hw_primary: disable_audio_route: reset and update mixer path: spkr-vi-record
04-26 11:44:31.321   486  2794 I soundtrigger: audio_extn_sound_trigger_update_device_status: device 0x2 of type 0 for Event 0
04-26 11:44:31.416 14468 14468 W LocationOracleImpl: Best location was null
04-26 11:44:31.474 14468 17052 W EventLoggerService: Unable to send logs
04-26 11:44:31.474 14468 17052 W EventLoggerService: com.google.android.apps.gsa.shared.exception.GsaIOException: Error code: 65580 | Error code: 655362
04-26 11:44:31.474 14468 17052 W EventLoggerService: 	at com.google.android.apps.gsa.speech.i.b.a(S3LogSender.java:146)
04-26 11:44:31.474 14468 17052 W EventLoggerService: 	at com.google.android.apps.gsa.speech.i.b.br(S3LogSender.java:79)
04-26 11:44:31.474 14468 17052 W EventLoggerService: 	at com.google.android.apps.gsa.eventlogger.EventLoggerService.a(EventLoggerService.java:575)
04-26 11:44:31.474 14468 17052 W EventLoggerService: 	at com.google.android.apps.gsa.eventlogger.EventLoggerService.i(EventLoggerService.java:320)
04-26 11:44:31.474 14468 17052 W EventLoggerService: 	at com.google.android.apps.gsa.eventlogger.EventLoggerService.gB(EventLoggerService.java:245)
04-26 11:44:31.474 14468 17052 W EventLoggerService: 	at com.google.android.apps.gsa.eventlogger.EventLoggerService.onHandleIntent(EventLoggerService.java:236)
04-26 11:44:31.474 14468 17052 W EventLoggerService: 	at android.app.IntentService$ServiceHandler.handleMessage(IntentService.java:66)
04-26 11:44:31.474 14468 17052 W EventLoggerService: 	at android.os.Handler.dispatchMessage(Handler.java:102)
04-26 11:44:31.474 14468 17052 W EventLoggerService: 	at android.os.Looper.loop(Looper.java:148)
04-26 11:44:31.474 14468 17052 W EventLoggerService: 	at android.os.HandlerThread.run(HandlerThread.java:61)
04-26 11:44:31.474 14468 17052 W EventLoggerService: Caused by: com.google.android.apps.gsa.shared.exception.GsaIOException: Error code: 655362
04-26 11:44:31.474 14468 17052 W EventLoggerService: 	at com.google.android.apps.gsa.search.core.j.n.a(HttpLogEntry.java:84)
04-26 11:44:31.474 14468 17052 W EventLoggerService: 	at com.google.android.apps.gsa.search.core.j.a.c.e.a(CronetSyncResponseInfo.java:51)
04-26 11:44:31.474 14468 17052 W EventLoggerService: 	at com.google.android.apps.gsa.search.core.j.a.c.c.a(CronetSyncHttpEngine.java:178)
04-26 11:44:31.474 14468 17052 W EventLoggerService: 	at com.google.android.apps.gsa.search.core.j.a.c.c.a(CronetSyncHttpEngine.java:39)
04-26 11:44:31.474 14468 17052 W EventLoggerService: 	at com.google.android.apps.gsa.search.core.j.m.aac(HttpConnectionImpl.java:165)
04-26 11:44:31.474 14468 17052 W EventLoggerService: 	at com.google.android.apps.gsa.search.core.j.m.a(HttpConnectionImpl.java:158)
04-26 11:44:31.474 14468 17052 W EventLoggerService: 	at com.google.android.apps.gsa.j.a.a.b(S3RequestStream.java:66)
04-26 11:44:31.474 14468 17052 W EventLoggerService: 	at com.google.android.apps.gsa.j.a.a.a(S3RequestStream.java:52)
04-26 11:44:31.474 14468 17052 W EventLoggerService: 	at com.google.android.apps.gsa.speech.i.b.a(S3LogSender.java:144)
04-26 11:44:31.474 14468 17052 W EventLoggerService: 	... 9 more
04-26 11:44:31.475 14468 17052 W ErrorReporter: reportError [type: 211, code: 65580]: Error code: 65580 | Error code: 655362
04-26 11:44:31.569 14225 14313 W GCoreFlp: No location to return for getLastLocation()
04-26 11:44:31.648 14225 14313 W GCoreFlp: No location to return for getLastLocation()
04-26 11:44:31.683 14225 14313 W GCoreFlp: No location to return for getLastLocation()
04-26 11:44:31.691 14468 14468 E LocationReceiver: Received bad location: null
04-26 11:44:31.722 14225 14313 W GCoreFlp: No location to return for getLastLocation()
04-26 11:44:31.732 14468 14468 E LocationReceiver: Received bad location: null
04-26 11:44:32.698 16838 16852 I chatty  : uid=11537(com.dc.hwsj) pool-1-thread-1 expire 2 lines
04-26 11:44:40.442 17237 17237 D AndroidRuntime: >>>>>> START com.android.internal.os.RuntimeInit uid 2000 <<<<<<
04-26 11:44:40.467 17237 17237 D AndroidRuntime: CheckJNI is OFF
04-26 11:44:40.553 17237 17237 D ICU     : No timezone override file found: /data/misc/zoneinfo/current/icu/icu_tzdata.dat
04-26 11:44:40.631 17237 17237 I Radio-JNI: register_android_hardware_Radio DONE
04-26 11:44:40.680 17237 17237 D AndroidRuntime: Calling main entry com.android.commands.wm.Wm
04-26 11:44:40.691 17237 17237 D AndroidRuntime: Shutting down VM
04-26 11:44:42.043 17252 17252 D AndroidRuntime: >>>>>> START com.android.internal.os.RuntimeInit uid 2000 <<<<<<
04-26 11:44:42.050 17252 17252 D AndroidRuntime: CheckJNI is OFF
04-26 11:44:42.117 17252 17252 D ICU     : No timezone override file found: /data/misc/zoneinfo/current/icu/icu_tzdata.dat
04-26 11:44:42.223 17252 17252 I Radio-JNI: register_android_hardware_Radio DONE
04-26 11:44:42.263 17252 17252 D AndroidRuntime: Calling main entry com.android.commands.monkey.Monkey
04-26 11:44:42.389   877   890 W BroadcastQueue: Skipping deliver [background] BroadcastRecord{637a406 u-1 android.net.conn.CONNECTIVITY_CHANGE} to ReceiverList{c4edac7 17252 (unknown name)/2000/u-1 remote:e5b2048}: process crashing
04-26 11:44:42.417   877  7522 I ActivityManager: START u0 {act=android.intent.action.MAIN cat=[android.intent.category.LAUNCHER] flg=0x10200000 cmp=com.dc.hwsj/.LuaActivity} from uid 2000 on display 0
04-26 11:44:42.426 25955 25967 I testin-agent: client ready>:59c3b57d16a353e0db73664bf37S1a,true
04-26 11:44:42.426 25955 25967 I testin-agent: mq:{"op":"activity.change","code":0,"message":"","data":{"topActivity":"com.dc.hwsj\/com.dc.hwsj.LuaActivity"}}
04-26 11:44:42.485   877  3148 I sensors : batch
04-26 11:44:42.485   877  3148 I sensors : activate
04-26 11:44:42.497   877  2597 I hubconnection: sensorhub said: 'batch 1 flags:0, sampling_rate_Hz:5.00, max_report_latency_us:0'
04-26 11:44:42.497   877  2597 I hubconnection: sensorhub said: 'activate 1 enable:1'
04-26 11:44:42.507   486  2794 D audio_hw_primary: out_set_parameters: enter: usecase(5: audio-ull-playback) kvpairs: routing=2
04-26 11:44:42.509 16838 16871 I chatty  : uid=11537(com.dc.hwsj) GLThread 4454 expire 58 lines
