04-26 11:42:26.172 15047 15063 I UIA2-190314: 1. root package: com.android.systemui
04-26 11:42:26.172 15047 15063 I UIA2-190314: 2. root package: com.android.systemui
04-26 11:42:26.172 15047 15063 I UIA2-190314: 3. root package: com.google.android.googlequicksearchbox
04-26 11:42:26.173 15047 15063 I UIA2-190314: use old dumper
04-26 11:42:26.173 15047 15063 I UIA2-190314: window info roots size = 3
04-26 11:42:26.174 15047 15063 E UIA2-190314: screen width: 1080   screen height: 1794
04-26 11:42:26.174 15047 15063 E UIA2-190314: fixed screen width: 1080   screen height: 1794
04-26 11:42:26.174 15047 15063 I UIA2-190314: 1.dump root package: com.android.systemui
04-26 11:42:26.174 15047 15063 E UIA2-190314: remove root: android.view.accessibility.AccessibilityNodeInfo@8001162a; boundsInParent: Rect(0, 0 - 1080, 126); boundsInScreen: Rect(0, 1794 - 1080, 1920); packageName: com.android.systemui; className: android.widget.LinearLayout; text: null; error: null; maxTextLength: -1; contentDescription: null; viewIdResName: null; checkable: false; checked: false; focusable: false; focused: false; selected: false; clickable: false; longClickable: false; contextClickable: false; enabled: true; password: false; scrollable: false; actions: [AccessibilityAction: ACTION_SELECT - null, AccessibilityAction: ACTION_CLEAR_SELECTION - null, AccessibilityAction: ACTION_ACCESSIBILITY_FOCUS - null, AccessibilityAction: ACTION_UNKNOWN - null]
04-26 11:42:26.174 15047 15063 I UIA2-190314: 2.dump root package: com.android.systemui
04-26 11:42:26.186 15047 15063 I UIA2-190314: 3.dump root package: com.google.android.googlequicksearchbox
04-26 11:42:26.250   486  2792 D audio_hw_primary: disable_audio_route: reset and update mixer path: low-latency-playback
04-26 11:42:26.252   486  2792 D audio_hw_primary: disable_snd_device: snd_device(2: speaker)
04-26 11:42:26.255 16534 16534 D AndroidRuntime: >>>>>> START com.android.internal.os.RuntimeInit uid 2000 <<<<<<
04-26 11:42:26.265   486  2792 D audio_hw_primary: disable_snd_device: snd_device(69: vi-feedback)
04-26 11:42:26.265 16534 16534 D AndroidRuntime: CheckJNI is OFF
04-26 11:42:26.265   486  2792 D audio_hw_primary: disable_audio_route: reset and update mixer path: spkr-vi-record
04-26 11:42:26.268   486  2792 I soundtrigger: audio_extn_sound_trigger_update_device_status: device 0x2 of type 0 for Event 0
04-26 11:42:26.337 16534 16534 D ICU     : No timezone override file found: /data/misc/zoneinfo/current/icu/icu_tzdata.dat
04-26 11:42:26.399 16534 16534 I Radio-JNI: register_android_hardware_Radio DONE
04-26 11:42:26.430 16534 16534 D AndroidRuntime: Calling main entry com.android.commands.settings.SettingsCmd
04-26 11:42:26.438 16534 16534 D AndroidRuntime: Shutting down VM
04-26 11:42:26.502 15047 15063 I UIA2-190314: [Permission]permission[strategy:MUST](value:ignore me):must query found 1 views
04-26 11:42:26.502 15047 15063 I UIA2-190314: [Permission]only 1 result found, confirm final result
04-26 11:42:26.502 15047 15063 D UIA2-190314: monitor--->goThroughStrategy,time elapsed:[330]ms
04-26 11:42:26.502 15047 15063 I UIA2-190314: monitor[168]--->goThroughStrategy,result size:[1]
04-26 11:42:26.503 15047 15063 I UIA2-190314: monitor[168][6]--->ws isThis,isOK:false
04-26 11:42:26.503 15047 15063 I UIA2-190314: monitor[168][11]--->ws isThis,isOK:false
04-26 11:42:26.504 15047 15063 I UIA2-190314: monitor[168][13]--->ws isThis,isOK:false
04-26 11:42:26.504 15047 15063 I UIA2-190314: monitor[168][14]--->ws isThis,isOK:false
04-26 11:42:26.511 15047 15063 I UIA2-190314: monitor[168][15]--->ws isThis,isOK:true
04-26 11:42:26.511 15047 15063 I UIA2-190314: watcher click myRect:
04-26 11:42:26.511 15047 15063 I UIA2-190314: click on [179, 152], with hold time: 100
04-26 11:42:26.512 15047 15063 I UIA2-190314: Method setOperationTime is null.
04-26 11:42:26.530 15047 15063 I UIA2-190314: click, touch down success: true
04-26 11:42:26.530 15047 15063 I UIA2-190314: click, sleep 100ms
04-26 11:42:26.672 15047 15047 I KEY-PinyinIME-180817-b: onFinishInput.
04-26 11:42:26.672 15047 15047 I KEY-PinyinIME-180817-b: onStartInput  ccontentType: 532481 Restarting:false
04-26 11:42:26.680 15047 15063 I UIA2-190314: click, touch up success: true
04-26 11:42:26.681 15047 15063 I UIA2-190314: Click Point179   152  true
04-26 11:42:26.681 15047 15063 I UIA2-190314: monitor[168][15][1][1]--->ws doMethod,isOK:true
04-26 11:42:26.681 15047 15063 I UIA2-190314: monitor[168]--->[runOnce],time elapsed:[595]ms
04-26 11:42:26.685 15047 15047 I KEY-PinyinIME-180817-b: onCreateInputView.
04-26 11:42:26.768 25955  4147 I testin-agent: ------ Socket onConnect  -----------59c3b57d16a353e0db73664bf37S1a
04-26 11:42:26.771 15047 15047 I KEY-PinyinIME-180817-b: initInputReceiver.inputReceiver is true
04-26 11:42:26.774 15047 15047 I KEY-PinyinIME-180817-b: onCreateCandidatesView.
04-26 11:42:26.812 15047 15047 I KEY-PinyinIME-180817-b: onStartInputView  contentType: 532481 Restarting:false
04-26 11:42:26.823 15074 15119 I 190225  : BMP google | Nexus 5X | 6.0.1 | 8.8.8.8
04-26 11:42:27.395 16553 16553 D AndroidRuntime: >>>>>> START com.android.internal.os.RuntimeInit uid 2000 <<<<<<
04-26 11:42:27.403 16553 16553 D AndroidRuntime: CheckJNI is OFF
04-26 11:42:27.449 16553 16553 D ICU     : No timezone override file found: /data/misc/zoneinfo/current/icu/icu_tzdata.dat
04-26 11:42:27.490 16553 16553 I Radio-JNI: register_android_hardware_Radio DONE
04-26 11:42:27.519 16553 16553 D AndroidRuntime: Calling main entry com.android.commands.am.Am
04-26 11:42:27.524 15047 15047 I close   : overover
04-26 11:42:27.525 15047 15047 I Process : Sending signal. PID: 15047 SIG: 9
04-26 11:42:27.572   877  3161 D GraphicsStats: Buffer count: 3
04-26 11:42:27.572   877  2945 I WindowState: WIN DEATH: Window{1cbf72a u0 cn.testin.itestin/com.testin.itestin.ui.MainActivity}
04-26 11:42:27.573   877 12851 W InputMethodManagerService: Session failed to close due to remote exception
04-26 11:42:27.573   877 12851 W InputMethodManagerService: android.os.DeadObjectException
04-26 11:42:27.573   877 12851 W InputMethodManagerService: 	at android.os.BinderProxy.transactNative(Native Method)
04-26 11:42:27.573   877 12851 W InputMethodManagerService: 	at android.os.BinderProxy.transact(Binder.java:503)
04-26 11:42:27.573   877 12851 W InputMethodManagerService: 	at com.android.internal.view.IInputMethodSession$Stub$Proxy.finishSession(IInputMethodSession.java:305)
04-26 11:42:27.573   877 12851 W InputMethodManagerService: 	at com.android.server.InputMethodManagerService.finishSessionLocked(InputMethodManagerService.java:1599)
04-26 11:42:27.573   877 12851 W InputMethodManagerService: 	at com.android.server.InputMethodManagerService.clearClientSessionLocked(InputMethodManagerService.java:1590)
04-26 11:42:27.573   877 12851 W InputMethodManagerService: 	at com.android.server.InputMethodManagerService.removeClient(InputMethodManagerService.java:1246)
04-26 11:42:27.573   877 12851 W InputMethodManagerService: 	at com.android.server.wm.Session.binderDied(Session.java:145)
04-26 11:42:27.573   877 12851 W InputMethodManagerService: 	at android.os.BinderProxy.sendDeathNotice(Binder.java:558)
04-26 11:42:27.574   877  7522 I WindowState: WIN DEATH: Window{868c54c u0 InputMethod}
04-26 11:42:27.574   877   877 W InputMethodManagerService: Session failed to close due to remote exception
04-26 11:42:27.574   877   877 W InputMethodManagerService: android.os.DeadObjectException
04-26 11:42:27.574   877   877 W InputMethodManagerService: 	at android.os.BinderProxy.transactNative(Native Method)
04-26 11:42:27.574   877   877 W InputMethodManagerService: 	at android.os.BinderProxy.transact(Binder.java:503)
04-26 11:42:27.574   877   877 W InputMethodManagerService: 	at com.android.internal.view.IInputMethodSession$Stub$Proxy.finishSession(IInputMethodSession.java:305)
04-26 11:42:27.574   877   877 W InputMethodManagerService: 	at com.android.server.InputMethodManagerService.finishSessionLocked(InputMethodManagerService.java:1599)
04-26 11:42:27.574   877   877 W InputMethodManagerService: 	at com.android.server.InputMethodManagerService.clearClientSessionLocked(InputMethodManagerService.java:1590)
04-26 11:42:27.574   877   877 W InputMethodManagerService: 	at com.android.server.InputMethodManagerService.clearCurMethodLocked(InputMethodManagerService.java:1616)
04-26 11:42:27.574   877   877 W InputMethodManagerService: 	at com.android.server.InputMethodManagerService.onServiceDisconnected(InputMethodManagerService.java:1635)
04-26 11:42:27.574   877   877 W InputMethodManagerService: 	at android.app.LoadedApk$ServiceDispatcher.doDeath(LoadedApk.java:1228)
04-26 11:42:27.574   877   877 W InputMethodManagerService: 	at android.app.LoadedApk$ServiceDispatcher$RunConnection.run(LoadedApk.java:1242)
04-26 11:42:27.574   877   877 W InputMethodManagerService: 	at android.os.Handler.handleCallback(Handler.java:739)
04-26 11:42:27.574   877   877 W InputMethodManagerService: 	at android.os.Handler.dispatchMessage(Handler.java:95)
04-26 11:42:27.574   877   877 W InputMethodManagerService: 	at android.os.Looper.loop(Looper.java:148)
04-26 11:42:27.574   877   877 W InputMethodManagerService: 	at com.android.server.SystemServer.run(SystemServer.java:283)
04-26 11:42:27.574   877   877 W InputMethodManagerService: 	at com.android.server.SystemServer.main(SystemServer.java:168)
04-26 11:42:27.574   877   877 W InputMethodManagerService: 	at java.lang.reflect.Method.invoke(Native Method)
04-26 11:42:27.574   877   877 W InputMethodManagerService: 	at com.android.internal.os.ZygoteInit$MethodAndArgsCaller.run(ZygoteInit.java:726)
04-26 11:42:27.574   877   877 W InputMethodManagerService: 	at com.android.internal.os.ZygoteInit.main(ZygoteInit.java:616)
04-26 11:42:27.575   877   877 W InputMethodManagerService: Session failed to close due to remote exception
04-26 11:42:27.575   877   877 W InputMethodManagerService: android.os.DeadObjectException
04-26 11:42:27.575   877   877 W InputMethodManagerService: 	at android.os.BinderProxy.transactNative(Native Method)
04-26 11:42:27.575   877   877 W InputMethodManagerService: 	at android.os.BinderProxy.transact(Binder.java:503)
04-26 11:42:27.575   877   877 W InputMethodManagerService: 	at com.android.internal.view.IInputMethodSession$Stub$Proxy.finishSession(IInputMethodSession.java:305)
04-26 11:42:27.575   877   877 W InputMethodManagerService: 	at com.android.server.InputMethodManagerService.finishSessionLocked(InputMethodManagerService.java:1599)
04-26 11:42:27.575   877   877 W InputMethodManagerService: 	at com.android.server.InputMethodManagerService.clearClientSessionLocked(InputMethodManagerService.java:1590)
04-26 11:42:27.575   877   877 W InputMethodManagerService: 	at com.android.server.InputMethodManagerService.clearCurMethodLocked(InputMethodManagerService.java:1616)
04-26 11:42:27.575   877   877 W InputMethodManagerService: 	at com.android.server.InputMethodManagerService.onServiceDisconnected(InputMethodManagerService.java:1635)
04-26 11:42:27.575   877   877 W InputMethodManagerService: 	at android.app.LoadedApk$ServiceDispatcher.doDeath(LoadedApk.java:1228)
04-26 11:42:27.575   877   877 W InputMethodManagerService: 	at android.app.LoadedApk$ServiceDispatcher$RunConnection.run(LoadedApk.java:1242)
04-26 11:42:27.575   877   877 W InputMethodManagerService: 	at android.os.Handler.handleCallback(Handler.java:739)
04-26 11:42:27.575   877   877 W InputMethodManagerService: 	at android.os.Handler.dispatchMessage(Handler.java:95)
04-26 11:42:27.575   877   877 W InputMethodManagerService: 	at android.os.Looper.loop(Looper.java:148)
04-26 11:42:27.575   877   877 W InputMethodManagerService: 	at com.android.server.SystemServer.run(SystemServer.java:283)
04-26 11:42:27.575   877   877 W InputMethodManagerService: 	at com.android.server.SystemServer.main(SystemServer.java:168)
04-26 11:42:27.575   877   877 W InputMethodManagerService: 	at java.lang.reflect.Method.invoke(Native Method)
04-26 11:42:27.575   877   877 W InputMethodManagerService: 	at com.android.internal.os.ZygoteInit$MethodAndArgsCaller.run(ZygoteInit.java:726)
04-26 11:42:27.575   877   877 W InputMethodManagerService: 	at com.android.internal.os.ZygoteInit.main(ZygoteInit.java:616)
04-26 11:42:27.580   877  3293 W WindowManager: Attempted to remove non-existing token: android.os.Binder@3401199
04-26 11:42:27.583   877  3161 I ActivityManager: Process cn.testin.itestin (pid 15047) has died
04-26 11:42:27.585   877  3161 W ActivityManager: Scheduling restart of crashed service cn.testin.itestin/com.android.im.SoftKeyboard in 1000ms
04-26 11:42:27.585   877  3161 W ActivityManager: Crash of app cn.testin.itestin running instrumentation ComponentInfo{cn.testin.itestin.test/android.support.test.runner.AndroidJUnitRunner}
04-26 11:42:27.586 15035 15035 D AndroidRuntime: Shutting down VM
04-26 11:42:27.586   877  3161 I ActivityManager: Force stopping cn.testin.itestin appid=11466 user=0: finished inst
04-26 11:42:27.587   877  3161 I ActivityManager: Killing 15085:cn.testin.itestin:reader/u0a1466 (adj 2): stop cn.testin.itestin
04-26 11:42:27.603   877  3161 W ActivityManager: Scheduling restart of crashed service cn.testin.itestin/com.powervr.service.HUD in 10981ms
04-26 11:42:27.604   877  3161 I ActivityManager: Killing 15074:cn.testin.itestin:nserver/u0a1466 (adj 2): stop cn.testin.itestin
04-26 11:42:27.605   877   895 W WindowAnimator: Failed to dispatch window animation state change.
04-26 11:42:27.605   877   895 W WindowAnimator: android.os.DeadObjectException
04-26 11:42:27.605   877   895 W WindowAnimator: 	at android.os.BinderProxy.transactNative(Native Method)
04-26 11:42:27.605   877   895 W WindowAnimator: 	at android.os.BinderProxy.transact(Binder.java:503)
04-26 11:42:27.605   877   895 W WindowAnimator: 	at android.view.IWindow$Stub$Proxy.onAnimationStarted(IWindow.java:520)
04-26 11:42:27.605   877   895 W WindowAnimator: 	at com.android.server.wm.WindowAnimator.updateWindowsLocked(WindowAnimator.java:282)
04-26 11:42:27.605   877   895 W WindowAnimator: 	at com.android.server.wm.WindowAnimator.animateLocked(WindowAnimator.java:678)
04-26 11:42:27.605   877   895 W WindowAnimator: 	at com.android.server.wm.WindowAnimator.-wrap0(WindowAnimator.java)
04-26 11:42:27.605   877   895 W WindowAnimator: 	at com.android.server.wm.WindowAnimator$1.doFrame(WindowAnimator.java:123)
04-26 11:42:27.605   877   895 W WindowAnimator: 	at android.view.Choreographer$CallbackRecord.run(Choreographer.java:856)
04-26 11:42:27.605   877   895 W WindowAnimator: 	at android.view.Choreographer.doCallbacks(Choreographer.java:670)
04-26 11:42:27.605   877   895 W WindowAnimator: 	at android.view.Choreographer.doFrame(Choreographer.java:603)
04-26 11:42:27.605   877   895 W WindowAnimator: 	at android.view.Choreographer$FrameDisplayEventReceiver.run(Choreographer.java:844)
04-26 11:42:27.605   877   895 W WindowAnimator: 	at android.os.Handler.handleCallback(Handler.java:739)
04-26 11:42:27.605   877   895 W WindowAnimator: 	at android.os.Handler.dispatchMessage(Handler.java:95)
04-26 11:42:27.605   877   895 W WindowAnimator: 	at android.os.Looper.loop(Looper.java:148)
04-26 11:42:27.605   877   895 W WindowAnimator: 	at android.os.HandlerThread.run(HandlerThread.java:61)
04-26 11:42:27.605   877   895 W WindowAnimator: 	at com.android.server.ServiceThread.run(ServiceThread.java:46)
04-26 11:42:27.617   877  2778 D WifiService: Client connection lost with reason: 4
04-26 11:42:27.630   877  3161 W ActivityManager: Scheduling restart of crashed service cn.testin.itestin/com.testin.itestin.service.TestinService in 20954ms
04-26 11:42:27.631   877  3161 I ActivityManager: Killing 15187:cn.testin.itestin:im/u0a1466 (adj 0): stop cn.testin.itestin
04-26 11:42:27.677   877  3161 I ActivityManager:   Force finishing activity ActivityRecord{aec1546 u0 cn.testin.itestin/com.testin.itestin.ui.MainActivity t12521}
04-26 11:42:27.781   877  3161 I ActivityManager:   Force stopping service ServiceRecord{10d8936 u0 cn.testin.itestin/com.powervr.service.HUD}
04-26 11:42:27.782   877  3161 I ActivityManager:   Force stopping service ServiceRecord{53ec091 u0 cn.testin.itestin/com.android.im.SoftKeyboard}
04-26 11:42:27.803   877  5426 W ActivityManager: Spurious death for ProcessRecord{cecd205 0:cn.testin.itestin:reader/u0a1466}, curProc for 15085: null
04-26 11:42:27.804   877 12851 W ActivityManager: Spurious death for ProcessRecord{db1225a 0:cn.testin.itestin:nserver/u0a1466}, curProc for 15074: null
04-26 11:42:27.805 16553 16553 D AndroidRuntime: Shutting down VM
04-26 11:42:27.827   877   895 W WindowAnimator: Failed to dispatch window animation state change.
04-26 11:42:27.827   877   895 W WindowAnimator: android.os.DeadObjectException
04-26 11:42:27.827   877   895 W WindowAnimator: 	at android.os.BinderProxy.transactNative(Native Method)
04-26 11:42:27.827   877   895 W WindowAnimator: 	at android.os.BinderProxy.transact(Binder.java:503)
04-26 11:42:27.827   877   895 W WindowAnimator: 	at android.view.IWindow$Stub$Proxy.onAnimationStopped(IWindow.java:534)
04-26 11:42:27.827   877   895 W WindowAnimator: 	at com.android.server.wm.WindowAnimator.updateWindowsLocked(WindowAnimator.java:286)
04-26 11:42:27.827   877   895 W WindowAnimator: 	at com.android.server.wm.WindowAnimator.animateLocked(WindowAnimator.java:678)
04-26 11:42:27.827   877   895 W WindowAnimator: 	at com.android.server.wm.WindowAnimator.-wrap0(WindowAnimator.java)
04-26 11:42:27.827   877   895 W WindowAnimator: 	at com.android.server.wm.WindowAnimator$1.doFrame(WindowAnimator.java:123)
04-26 11:42:27.827   877   895 W WindowAnimator: 	at android.view.Choreographer$CallbackRecord.run(Choreographer.java:856)
04-26 11:42:27.827   877   895 W WindowAnimator: 	at android.view.Choreographer.doCallbacks(Choreographer.java:670)
04-26 11:42:27.827   877   895 W WindowAnimator: 	at android.view.Choreographer.doFrame(Choreographer.java:603)
04-26 11:42:27.827   877   895 W WindowAnimator: 	at android.view.Choreographer$FrameDisplayEventReceiver.run(Choreographer.java:844)
04-26 11:42:27.827   877   895 W WindowAnimator: 	at android.os.Handler.handleCallback(Handler.java:739)
04-26 11:42:27.827   877   895 W WindowAnimator: 	at android.os.Handler.dispatchMessage(Handler.java:95)
04-26 11:42:27.827   877   895 W WindowAnimator: 	at android.os.Looper.loop(Looper.java:148)
04-26 11:42:27.827   877   895 W WindowAnimator: 	at android.os.HandlerThread.run(HandlerThread.java:61)
04-26 11:42:27.827   877   895 W WindowAnimator: 	at com.android.server.ServiceThread.run(ServiceThread.java:46)
04-26 11:42:27.845   877  7522 W ActivityManager: Spurious death for ProcessRecord{8e9da49 0:cn.testin.itestin:im/u0a1466}, curProc for 15187: null
04-26 11:42:27.846   877 10054 E ActivityManager: Service done with onDestroy, but not inDestroying: ServiceRecord{f35b093 u0 cn.testin.itestin/com.android.inputmethod.pinyin.PinyinDecoderService}
04-26 11:42:27.846   877 10054 E ActivityManager: android.util.Log$TerribleFailure: Service done with onDestroy, but not inDestroying: ServiceRecord{f35b093 u0 cn.testin.itestin/com.android.inputmethod.pinyin.PinyinDecoderService}
04-26 11:42:27.846   877 10054 E ActivityManager: 	at android.util.Log.wtf(Log.java:291)
04-26 11:42:27.846   877 10054 E ActivityManager: 	at android.util.Slog.wtfStack(Slog.java:98)
04-26 11:42:27.846   877 10054 E ActivityManager: 	at com.android.server.am.ActiveServices.serviceDoneExecutingLocked(ActiveServices.java:1953)
04-26 11:42:27.846   877 10054 E ActivityManager: 	at com.android.server.am.ActivityManagerService.serviceDoneExecuting(ActivityManagerService.java:16030)
04-26 11:42:27.846   877 10054 E ActivityManager: 	at android.app.ActivityManagerNative.onTransact(ActivityManagerNative.java:1028)
04-26 11:42:27.846   877 10054 E ActivityManager: 	at com.android.server.am.ActivityManagerService.onTransact(ActivityManagerService.java:2483)
04-26 11:42:27.846   877 10054 E ActivityManager: 	at android.os.Binder.execTransact(Binder.java:453)
04-26 11:42:29.159   877   891 I sensors : activate
04-26 11:42:29.169   877  2597 I hubconnection: sensorhub said: 'activate 31 enable:0'
04-26 11:42:31.503   486  2792 D audio_hw_primary: out_set_parameters: enter: usecase(1: low-latency-playback) kvpairs: routing=2
04-26 11:42:31.516   486  2792 D audio_hw_primary: select_devices: out_snd_device(2: speaker) in_snd_device(0: none)
04-26 11:42:31.516   486  2792 D msm8974_platform: platform_send_audio_calibration: sending audio calibration for snd_device(2) acdb_id(101)
04-26 11:42:31.516   486  2792 I soundtrigger: audio_extn_sound_trigger_update_device_status: device 0x2 of type 0 for Event 1
04-26 11:42:31.521   877  8119 I ActivityManager: START u0 {act=android.intent.action.MAIN cat=[android.intent.category.LAUNCHER] flg=0x10200000 cmp=com.android.settings/.Settings (has extras)} from uid 10031 on display 0
04-26 11:42:31.523   486  2792 D msm8974_platform: platform_send_audio_calibration: sending audio calibration for snd_device(69) acdb_id(102)
04-26 11:42:31.523   486  2792 D audio_hw_primary: enable_snd_device: snd_device(69: vi-feedback)
04-26 11:42:31.523   486  2792 D audio_hw_primary: enable_audio_route: apply and update mixer path: spkr-vi-record
04-26 11:42:31.534 25955 25967 I testin-agent: client ready>:59c3b57d16a353e0db73664bf37S1a,true
04-26 11:42:31.534 25955 25967 I testin-agent: mq:{"op":"activity.change","code":0,"message":"","data":{"topActivity":"com.android.settings\/com.android.settings.Settings"}}
04-26 11:42:31.555   877  5426 I ActivityManager: Start proc 16587:cn.testin.itestin/u0a1466 for service cn.testin.itestin/com.android.im.SoftKeyboard
04-26 11:42:31.555   877  5426 V InputMethodManagerService: Adding window token: android.os.Binder@440b203
04-26 11:42:31.557   486  2792 D msm8974_platform: platform_send_audio_calibration: sending audio calibration for snd_device(27) acdb_id(4)
04-26 11:42:31.557   486  2792 I ACDB-LOADER: ACDB AFE returned = -19
04-26 11:42:31.557   486  2792 D audio_hw_primary: enable_audio_route: apply and update mixer path: low-latency-playback
04-26 11:42:31.589   877  3161 I ActivityManager: Start proc 16599:com.android.settings/1000 for activity com.android.settings/.Settings
04-26 11:42:31.655 16587 16587 I MultiDex: VM with version 2.1.0 has multidex support
04-26 11:42:31.655 16587 16587 I MultiDex: Installing application
04-26 11:42:31.655 16587 16587 I MultiDex: VM has multidex support, MultiDex support library is disabled.
04-26 11:42:31.664 16587 16587 I KEY-PinyinIME-180817-b: onCreate.
04-26 11:42:31.716   877   887 I ActivityManager: Start proc 16613:cn.testin.itestin:im/u0a1466 for service cn.testin.itestin/com.android.inputmethod.pinyin.PinyinDecoderService
04-26 11:42:31.724 16599 16599 W System  : ClassLoader referenced unknown path: /system/priv-app/Settings/lib/arm64
04-26 11:42:31.776 16581 16581 D AndroidRuntime: >>>>>> START com.android.internal.os.RuntimeInit uid 2000 <<<<<<
04-26 11:42:31.785 16581 16581 D AndroidRuntime: CheckJNI is OFF
04-26 11:42:31.821 16587 16587 I KEY-PinyinIME-180817-b: onStartInput  ccontentType: 0 Restarting:false
04-26 11:42:31.836 16613 16613 I MultiDex: VM with version 2.1.0 has multidex support
04-26 11:42:31.839 16613 16613 I MultiDex: Installing application
04-26 11:42:31.839 16613 16613 I MultiDex: VM has multidex support, MultiDex support library is disabled.
04-26 11:42:31.863 16613 16613 I foo     : Dict: start=2559568, length=1068442, fd={ParcelFileDescriptor: FileDescriptor[17]}
04-26 11:42:31.876 16581 16581 D ICU     : No timezone override file found: /data/misc/zoneinfo/current/icu/icu_tzdata.dat
04-26 11:42:31.942 16581 16581 I Radio-JNI: register_android_hardware_Radio DONE
04-26 11:42:31.987 16581 16581 D AndroidRuntime: Calling main entry com.android.commands.pm.Pm
04-26 11:42:32.011 16581 16581 I art     : System.exit called, status: 0
04-26 11:42:32.011 16581 16581 I AndroidRuntime: VM exiting with result code 0.
04-26 11:42:32.012   877 12850 I ActivityManager: Start proc 16636:com.android.cellbroadcastreceiver/u0a4 for content provider com.android.cellbroadcastreceiver/.CellBroadcastSearchIndexableProvider
04-26 11:42:32.085   486  2792 D audio_hw_primary: disable_audio_route: reset and update mixer path: low-latency-playback
04-26 11:42:32.086   486  2792 D audio_hw_primary: disable_snd_device: snd_device(2: speaker)
04-26 11:42:32.099   486  2792 D audio_hw_primary: disable_snd_device: snd_device(69: vi-feedback)
04-26 11:42:32.099   486  2792 D audio_hw_primary: disable_audio_route: reset and update mixer path: spkr-vi-record
04-26 11:42:32.103   486  2792 I soundtrigger: audio_extn_sound_trigger_update_device_status: device 0x2 of type 0 for Event 0
04-26 11:42:32.107 16636 16636 W System  : ClassLoader referenced unknown path: /system/priv-app/CellBroadcastReceiver/lib/arm64
04-26 11:42:32.167 16599 16650 I IndexDatabaseHelper: Using schema version: 115
04-26 11:42:32.170 16599 16650 I IndexDatabaseHelper: Index is fine
04-26 11:42:32.173 16599 16650 D Index   : Locale 'zh_CN' is already indexed
04-26 11:42:32.195 16599 16655 D OpenGLRenderer: Use EGL_SWAP_BEHAVIOR_PRESERVED: true
04-26 11:42:32.207   877  8119 I ActivityManager: Killing 14330:com.google.android.talk/u0a55 (adj 15): empty #17
04-26 11:42:32.487 16599 16599 D DashboardSummary: rebuildUI took: 261 ms
04-26 11:42:32.558 16599 16655 I Adreno  : QUALCOMM build                   : 63c06b2, I8366cd0437
04-26 11:42:32.558 16599 16655 I Adreno  : Build Date                       : 10/21/15
04-26 11:42:32.558 16599 16655 I Adreno  : OpenGL ES Shader Compiler Version: XE031.05.13.02
04-26 11:42:32.558 16599 16655 I Adreno  : Local Branch                     : 
04-26 11:42:32.558 16599 16655 I Adreno  : Remote Branch                    : quic/LA.BF64.1.2.9_v2
04-26 11:42:32.558 16599 16655 I Adreno  : Remote Branch                    : NONE
04-26 11:42:32.558 16599 16655 I Adreno  : Reconstruct Branch               : NOTHING
04-26 11:42:32.564 16599 16655 I OpenGLRenderer: Initialized EGL, version 1.4
04-26 11:42:32.839   877   895 I ActivityManager: Displayed com.android.settings/.Settings: +1s282ms
04-26 11:42:32.859 16587 16587 I KEY-PinyinIME-180817-b: onFinishInput.
04-26 11:42:32.859 16587 16587 I KEY-PinyinIME-180817-b: onStartInput  ccontentType: 0 Restarting:false
04-26 11:42:32.899   370   370 E qdoverlay: Bad ov dump:  mdp_overlay z=3 alpha=255 mask=-1 flags=0x20000 id=-1
04-26 11:42:32.899   370   370 E qdoverlay: src msmfb_img w=1152 h=126 format=13 MDP_RGBA_8888
04-26 11:42:32.899   370   370 E qdoverlay: src_rect mdp_rect x=0 y=0 w=1080 h=126
04-26 11:42:32.899   370   370 E qdoverlay: dst_rect mdp_rect x=0 y=1794 w=1080 h=126
04-26 11:42:33.017   877  5974 D NetlinkSocketObserver: NeighborEvent{elapsedMs=2484358990, 10.67.8.1, [3C7843B67A98], RTM_NEWNEIGH, NUD_PROBE}
04-26 11:42:33.036   877  2777 D WifiStateMachine: starting scan for "testin08_default"WPA_PSK with 5300
04-26 11:42:35.738 14468 16676 W CronetSyncConnectionRcs: Upload content type not set.
04-26 11:42:35.836 14468 14627 W CronetSyncWaitableLstnr: Unknown exception from Cronet.
04-26 11:42:35.836 14468 14627 W CronetSyncWaitableLstnr: java.io.IOException: System error: net::ERR_CONNECTION_REFUSED(-102)
04-26 11:42:35.836 14468 14627 W CronetSyncWaitableLstnr: 	at org.chromium.net.ChromiumUrlRequest.getException(ChromiumUrlRequest.java:185)
04-26 11:42:35.836 14468 14627 W CronetSyncWaitableLstnr: 	at com.google.android.apps.gsa.search.core.j.a.c.f.d(CronetSyncWaitableListener.java:126)
04-26 11:42:35.836 14468 14627 W CronetSyncWaitableLstnr: 	at com.google.android.apps.gsa.search.core.j.a.c.f.c(CronetSyncWaitableListener.java:101)
04-26 11:42:35.836 14468 14627 W CronetSyncWaitableLstnr: 	at com.google.android.apps.gsa.search.core.j.a.c.f.b(CronetSyncWaitableListener.java:84)
04-26 11:42:35.836 14468 14627 W CronetSyncWaitableLstnr: 	at org.chromium.net.ChromiumUrlRequest.finish(ChromiumUrlRequest.java:4501)
04-26 11:42:35.840 14468 14627 W CronetSyncWaitableLstnr: Unknown exception from Cronet.
04-26 11:42:35.840 14468 14627 W CronetSyncWaitableLstnr: java.io.IOException: System error: net::ERR_CONNECTION_REFUSED(-102)
04-26 11:42:35.840 14468 14627 W CronetSyncWaitableLstnr: 	at org.chromium.net.ChromiumUrlRequest.getException(ChromiumUrlRequest.java:185)
04-26 11:42:35.840 14468 14627 W CronetSyncWaitableLstnr: 	at com.google.android.apps.gsa.search.core.j.a.c.f.d(CronetSyncWaitableListener.java:126)
04-26 11:42:35.840 14468 14627 W CronetSyncWaitableLstnr: 	at com.google.android.apps.gsa.search.core.j.a.c.f.b(CronetSyncWaitableListener.java:91)
04-26 11:42:35.840 14468 14627 W CronetSyncWaitableLstnr: 	at org.chromium.net.ChromiumUrlRequest.finish(ChromiumUrlRequest.java:4501)
04-26 11:42:35.841 14468 16676 W EventLoggerService: Unable to send logs
04-26 11:42:35.841 14468 16676 W EventLoggerService: com.google.android.apps.gsa.shared.exception.GsaIOException: Error code: 65580 | Error code: 655369
04-26 11:42:35.841 14468 16676 W EventLoggerService: 	at com.google.android.apps.gsa.speech.i.b.a(S3LogSender.java:146)
04-26 11:42:35.841 14468 16676 W EventLoggerService: 	at com.google.android.apps.gsa.speech.i.b.br(S3LogSender.java:79)
04-26 11:42:35.841 14468 16676 W EventLoggerService: 	at com.google.android.apps.gsa.eventlogger.EventLoggerService.a(EventLoggerService.java:575)
04-26 11:42:35.841 14468 16676 W EventLoggerService: 	at com.google.android.apps.gsa.eventlogger.EventLoggerService.i(EventLoggerService.java:320)
04-26 11:42:35.841 14468 16676 W EventLoggerService: 	at com.google.android.apps.gsa.eventlogger.EventLoggerService.gB(EventLoggerService.java:245)
04-26 11:42:35.841 14468 16676 W EventLoggerService: 	at com.google.android.apps.gsa.eventlogger.EventLoggerService.onHandleIntent(EventLoggerService.java:236)
04-26 11:42:35.841 14468 16676 W EventLoggerService: 	at android.app.IntentService$ServiceHandler.handleMessage(IntentService.java:66)
04-26 11:42:35.841 14468 16676 W EventLoggerService: 	at android.os.Handler.dispatchMessage(Handler.java:102)
04-26 11:42:35.841 14468 16676 W EventLoggerService: 	at android.os.Looper.loop(Looper.java:148)
04-26 11:42:35.841 14468 16676 W EventLoggerService: 	at android.os.HandlerThread.run(HandlerThread.java:61)
04-26 11:42:35.841 14468 16676 W EventLoggerService: Caused by: com.google.android.apps.gsa.shared.exception.GsaIOException: Error code: 655369
04-26 11:42:35.841 14468 16676 W EventLoggerService: 	at com.google.android.apps.gsa.search.core.j.n.a(HttpLogEntry.java:84)
04-26 11:42:35.841 14468 16676 W EventLoggerService: 	at com.google.android.apps.gsa.search.core.j.a.c.e.a(CronetSyncResponseInfo.java:51)
04-26 11:42:35.841 14468 16676 W EventLoggerService: 	at com.google.android.apps.gsa.search.core.j.a.c.c.a(CronetSyncHttpEngine.java:178)
04-26 11:42:35.841 14468 16676 W EventLoggerService: 	at com.google.android.apps.gsa.search.core.j.a.c.c.a(CronetSyncHttpEngine.java:39)
04-26 11:42:35.841 14468 16676 W EventLoggerService: 	at com.google.android.apps.gsa.search.core.j.m.aac(HttpConnectionImpl.java:165)
04-26 11:42:35.841 14468 16676 W EventLoggerService: 	at com.google.android.apps.gsa.search.core.j.m.a(HttpConnectionImpl.java:158)
04-26 11:42:35.841 14468 16676 W EventLoggerService: 	at com.google.android.apps.gsa.j.a.a.b(S3RequestStream.java:66)
04-26 11:42:35.841 14468 16676 W EventLoggerService: 	at com.google.android.apps.gsa.j.a.a.a(S3RequestStream.java:52)
04-26 11:42:35.841 14468 16676 W EventLoggerService: 	at com.google.android.apps.gsa.speech.i.b.a(S3LogSender.java:144)
04-26 11:42:35.841 14468 16676 W EventLoggerService: 	... 9 more
04-26 11:42:35.842 14468 16676 W ErrorReporter: reportError [type: 211, code: 65580]: Error code: 65580 | Error code: 655369
04-26 11:42:36.391 25955 25961 W art     : Suspending all threads took: 5.887ms
04-26 11:42:36.404 25955 25961 I art     : Background sticky concurrent mark sweep GC freed 45026(1542KB) AllocSpace objects, 0(0B) LOS objects, 35% free, 2MB/4MB, paused 7.127ms total 29.671ms
04-26 11:42:39.629   877  3393 I ActivityManager: START u0 {act=android.intent.action.MAIN cmp=com.android.settings/.SubSettings (has extras)} from uid 1000 on display 0
04-26 11:42:39.629   486  2792 D audio_hw_primary: out_set_parameters: enter: usecase(1: low-latency-playback) kvpairs: routing=2
04-26 11:42:39.641 25955 25967 I testin-agent: client ready>:59c3b57d16a353e0db73664bf37S1a,true
04-26 11:42:39.641 25955 25967 I testin-agent: mq:{"op":"activity.change","code":0,"message":"","data":{"topActivity":"com.android.settings\/com.android.settings.SubSettings"}}
04-26 11:42:39.643   486  2792 D audio_hw_primary: select_devices: out_snd_device(2: speaker) in_snd_device(0: none)
04-26 11:42:39.643   486  2792 D msm8974_platform: platform_send_audio_calibration: sending audio calibration for snd_device(2) acdb_id(101)
04-26 11:42:39.643   486  2792 I soundtrigger: audio_extn_sound_trigger_update_device_status: device 0x2 of type 0 for Event 1
04-26 11:42:39.649   486  2792 D msm8974_platform: platform_send_audio_calibration: sending audio calibration for snd_device(69) acdb_id(102)
04-26 11:42:39.649   486  2792 D audio_hw_primary: enable_snd_device: snd_device(69: vi-feedback)
04-26 11:42:39.649   486  2792 D audio_hw_primary: enable_audio_route: apply and update mixer path: spkr-vi-record
04-26 11:42:39.677   486  2792 D msm8974_platform: platform_send_audio_calibration: sending audio calibration for snd_device(27) acdb_id(4)
04-26 11:42:39.678   486  2792 I ACDB-LOADER: ACDB AFE returned = -19
04-26 11:42:39.678   486  2792 D audio_hw_primary: enable_audio_route: apply and update mixer path: low-latency-playback
04-26 11:42:39.704 16599 16599 D SubSettings: Launching fragment com.android.settings.DevelopmentSettings
04-26 11:42:39.714   877  2778 D WifiService: New client listening to asynchronous messages
04-26 11:42:39.834 16599 16599 W Settings: Setting bugreport_in_power_menu has moved from android.provider.Settings.Secure to android.provider.Settings.Global.
04-26 11:42:40.123   370   370 E qdoverlay: Bad ov dump:  mdp_overlay z=2 alpha=255 mask=-1 flags=0x20000 id=16
04-26 11:42:40.123   370   370 E qdoverlay: src msmfb_img w=1152 h=126 format=13 MDP_RGBA_8888
04-26 11:42:40.123   370   370 E qdoverlay: src_rect mdp_rect x=0 y=0 w=1080 h=126
04-26 11:42:40.123   370   370 E qdoverlay: dst_rect mdp_rect x=0 y=1794 w=1080 h=126
04-26 11:42:40.201   877   895 I ActivityManager: Displayed com.android.settings/.SubSettings: +565ms
04-26 11:42:40.207   486  2792 D audio_hw_primary: disable_audio_route: reset and update mixer path: low-latency-playback
04-26 11:42:40.208   486  2792 D audio_hw_primary: disable_snd_device: snd_device(2: speaker)
04-26 11:42:40.208 16587 16587 I KEY-PinyinIME-180817-b: onFinishInput.
04-26 11:42:40.209 16587 16587 I KEY-PinyinIME-180817-b: onStartInput  ccontentType: 0 Restarting:false
04-26 11:42:40.222   486  2792 D audio_hw_primary: disable_snd_device: snd_device(69: vi-feedback)
04-26 11:42:40.222   486  2792 D audio_hw_primary: disable_audio_route: reset and update mixer path: spkr-vi-record
04-26 11:42:40.224   486  2792 I soundtrigger: audio_extn_sound_trigger_update_device_status: device 0x2 of type 0 for Event 0
04-26 11:42:40.279 16599 16655 D OpenGLRenderer: endAllStagingAnimators on 0x7f86e33800 (RippleDrawable) with handle 0x7f86a52480
04-26 11:42:52.737   877  5974 D NetlinkSocketObserver: NeighborEvent{elapsedMs=2484378710, 10.67.8.1, [3C7843B67A98], RTM_NEWNEIGH, NUD_STALE}
04-26 11:42:53.038   877  2777 D WifiStateMachine: starting scan for "testin08_default"WPA_PSK with 5300
04-26 11:42:53.734   486  2792 D audio_hw_primary: out_set_parameters: enter: usecase(1: low-latency-playback) kvpairs: routing=2
04-26 11:42:53.747   486  2792 D audio_hw_primary: select_devices: out_snd_device(2: speaker) in_snd_device(0: none)
04-26 11:42:53.747   486  2792 D msm8974_platform: platform_send_audio_calibration: sending audio calibration for snd_device(2) acdb_id(101)
04-26 11:42:53.748   486  2792 I soundtrigger: audio_extn_sound_trigger_update_device_status: device 0x2 of type 0 for Event 1
04-26 11:42:53.753   486  2792 D msm8974_platform: platform_send_audio_calibration: sending audio calibration for snd_device(69) acdb_id(102)
04-26 11:42:53.753   486  2792 D audio_hw_primary: enable_snd_device: snd_device(69: vi-feedback)
04-26 11:42:53.753   486  2792 D audio_hw_primary: enable_audio_route: apply and update mixer path: spkr-vi-record
04-26 11:42:53.782   486  2792 D msm8974_platform: platform_send_audio_calibration: sending audio calibration for snd_device(27) acdb_id(4)
04-26 11:42:53.782   486  2792 I ACDB-LOADER: ACDB AFE returned = -19
04-26 11:42:53.782   486  2792 D audio_hw_primary: enable_audio_route: apply and update mixer path: low-latency-playback
04-26 11:42:53.821   370   370 E qdoverlay: Bad ov dump:  mdp_overlay z=2 alpha=255 mask=-1 flags=0x20000 id=-1
04-26 11:42:53.822   370   370 E qdoverlay: src msmfb_img w=1152 h=126 format=13 MDP_RGBA_8888
04-26 11:42:53.822   370   370 E qdoverlay: src_rect mdp_rect x=0 y=0 w=1080 h=126
04-26 11:42:53.822   370   370 E qdoverlay: dst_rect mdp_rect x=0 y=1794 w=1080 h=126
04-26 11:42:53.822   370   370 E qdoverlay: Bad ov dump:  mdp_overlay z=1 alpha=255 mask=-1 flags=0x220000 id=-1
04-26 11:42:53.822   370   370 E qdoverlay: src msmfb_img w=1152 h=1920 format=13 MDP_RGBA_8888
04-26 11:42:53.822   370   370 E qdoverlay: src_rect mdp_rect x=0 y=0 w=1080 h=1920
04-26 11:42:53.822   370   370 E qdoverlay: dst_rect mdp_rect x=0 y=0 w=1080 h=1920
04-26 11:42:53.823   370   370 E qdoverlay: Bad ov dump:  mdp_overlay z=0 alpha=255 mask=-1 flags=0x220000 id=-1
04-26 11:42:53.823   370   370 E qdoverlay: src msmfb_img w=1152 h=1920 format=13 MDP_RGBA_8888
04-26 11:42:53.823   370   370 E qdoverlay: src_rect mdp_rect x=0 y=0 w=1080 h=1920
04-26 11:42:53.823   370   370 E qdoverlay: dst_rect mdp_rect x=0 y=0 w=1080 h=1920
04-26 11:42:54.086   370   370 E qdoverlay: Bad ov dump:  mdp_overlay z=2 alpha=255 mask=-1 flags=0x20000 id=-1
04-26 11:42:54.086   370   370 E qdoverlay: src msmfb_img w=1152 h=63 format=13 MDP_RGBA_8888
04-26 11:42:54.086   370   370 E qdoverlay: src_rect mdp_rect x=0 y=0 w=1080 h=63
04-26 11:42:54.086   370   370 E qdoverlay: dst_rect mdp_rect x=0 y=0 w=1080 h=63
04-26 11:42:54.087   370   370 E qdoverlay: Bad ov dump:  mdp_overlay z=2 alpha=255 mask=-1 flags=0x220000 id=-1
04-26 11:42:54.087   370   370 E qdoverlay: src msmfb_img w=1152 h=1920 format=13 MDP_RGBA_8888
04-26 11:42:54.087   370   370 E qdoverlay: src_rect mdp_rect x=0 y=0 w=1080 h=1920
04-26 11:42:54.087   370   370 E qdoverlay: dst_rect mdp_rect x=0 y=0 w=1080 h=1920
04-26 11:42:54.087   370   370 E qdoverlay: Bad ov dump:  mdp_overlay z=1 alpha=255 mask=-1 flags=0x220000 id=-1
04-26 11:42:54.087   370   370 E qdoverlay: src msmfb_img w=1152 h=1920 format=13 MDP_RGBA_8888
04-26 11:42:54.087   370   370 E qdoverlay: src_rect mdp_rect x=0 y=0 w=1080 h=1920
04-26 11:42:54.087   370   370 E qdoverlay: dst_rect mdp_rect x=0 y=0 w=1080 h=1920
04-26 11:42:54.087   370   370 E qdoverlay: Bad ov dump:  mdp_overlay z=0 alpha=255 mask=-1 flags=0x220000 id=-1
04-26 11:42:54.087   370   370 E qdoverlay: src msmfb_img w=1152 h=1920 format=13 MDP_RGBA_8888
04-26 11:42:54.087   370   370 E qdoverlay: src_rect mdp_rect x=0 y=0 w=1080 h=1920
04-26 11:42:54.087   370   370 E qdoverlay: dst_rect mdp_rect x=0 y=0 w=1080 h=1920
04-26 11:42:54.087   370   370 E qdoverlay: Bad ov dump:  mdp_overlay z=0 alpha=255 mask=-1 flags=0x220000 id=-1
04-26 11:42:54.088   370   370 E qdoverlay: src msmfb_img w=1152 h=1920 format=13 MDP_RGBA_8888
04-26 11:42:54.088   370   370 E qdoverlay: src_rect mdp_rect x=0 y=0 w=1080 h=1920
04-26 11:42:54.088   370   370 E qdoverlay: dst_rect mdp_rect x=0 y=0 w=1080 h=1920
04-26 11:42:54.124   370   370 E qdoverlay: Bad ov dump:  mdp_overlay z=0 alpha=255 mask=-1 flags=0x220000 id=-1
04-26 11:42:54.124   370   370 E qdoverlay: src msmfb_img w=1152 h=1920 format=13 MDP_RGBA_8888
04-26 11:42:54.124   370   370 E qdoverlay: src_rect mdp_rect x=0 y=0 w=1080 h=1920
04-26 11:42:54.124   370   370 E qdoverlay: dst_rect mdp_rect x=0 y=0 w=1080 h=1920
04-26 11:42:54.304   486  2792 D audio_hw_primary: disable_audio_route: reset and update mixer path: low-latency-playback
04-26 11:42:54.306   486  2792 D audio_hw_primary: disable_snd_device: snd_device(2: speaker)
04-26 11:42:54.318   486  2792 D audio_hw_primary: disable_snd_device: snd_device(69: vi-feedback)
04-26 11:42:54.318   486  2792 D audio_hw_primary: disable_audio_route: reset and update mixer path: spkr-vi-record
04-26 11:42:54.322   486  2792 I soundtrigger: audio_extn_sound_trigger_update_device_status: device 0x2 of type 0 for Event 0
04-26 11:42:55.260   486  2792 D audio_hw_primary: out_set_parameters: enter: usecase(1: low-latency-playback) kvpairs: routing=2
04-26 11:42:55.266 16599 16599 W InputEventReceiver: Attempted to finish an input event but the input event receiver has already been disposed.
04-26 11:42:55.268   877  3393 W InputMethodManagerService: Window already focused, ignoring focus gain of: com.android.internal.view.IInputMethodClient$Stub$Proxy@87999c3 attribute=null, token = android.os.BinderProxy@73bc2f
04-26 11:42:55.273   486  2792 D audio_hw_primary: select_devices: out_snd_device(2: speaker) in_snd_device(0: none)
04-26 11:42:55.274   486  2792 D msm8974_platform: platform_send_audio_calibration: sending audio calibration for snd_device(2) acdb_id(101)
04-26 11:42:55.274   486  2792 I soundtrigger: audio_extn_sound_trigger_update_device_status: device 0x2 of type 0 for Event 1
04-26 11:42:55.277   486  2792 D msm8974_platform: platform_send_audio_calibration: sending audio calibration for snd_device(69) acdb_id(102)
04-26 11:42:55.277   486  2792 D audio_hw_primary: enable_snd_device: snd_device(69: vi-feedback)
04-26 11:42:55.278   486  2792 D audio_hw_primary: enable_audio_route: apply and update mixer path: spkr-vi-record
04-26 11:42:55.305   486  2792 D msm8974_platform: platform_send_audio_calibration: sending audio calibration for snd_device(27) acdb_id(4)
04-26 11:42:55.305   486  2792 I ACDB-LOADER: ACDB AFE returned = -19
04-26 11:42:55.305   486  2792 D audio_hw_primary: enable_audio_route: apply and update mixer path: low-latency-playback
04-26 11:42:55.821   486  2792 D audio_hw_primary: disable_audio_route: reset and update mixer path: low-latency-playback
04-26 11:42:55.822   486  2792 D audio_hw_primary: disable_snd_device: snd_device(2: speaker)
04-26 11:42:55.834   486  2792 D audio_hw_primary: disable_snd_device: snd_device(69: vi-feedback)
04-26 11:42:55.834   486  2792 D audio_hw_primary: disable_audio_route: reset and update mixer path: spkr-vi-record
04-26 11:42:55.836   486  2792 I soundtrigger: audio_extn_sound_trigger_update_device_status: device 0x2 of type 0 for Event 0
04-26 11:43:00.048   566   566 E QCALOG  : [MessageQ] ProcessNewMessage: [LOWI-SERVER] unknown deliver target [OS-Agent]
04-26 11:43:04.067   877  5974 D NetlinkSocketObserver: NeighborEvent{elapsedMs=2484390040, 10.67.8.1, [3C7843B67A98], RTM_NEWNEIGH, NUD_PROBE}
04-26 11:43:12.401 16777 16777 D AndroidRuntime: >>>>>> START com.android.internal.os.RuntimeInit uid 2000 <<<<<<
04-26 11:43:12.406 16777 16777 D AndroidRuntime: CheckJNI is OFF
04-26 11:43:12.459 16777 16777 D ICU     : No timezone override file found: /data/misc/zoneinfo/current/icu/icu_tzdata.dat
04-26 11:43:12.500 16777 16777 I Radio-JNI: register_android_hardware_Radio DONE
04-26 11:43:12.529 16777 16777 D AndroidRuntime: Calling main entry com.android.commands.pm.Pm
04-26 11:43:12.557 15361 15361 D Finsky  : [1] PackageVerificationReceiver.onReceive: Verification requested, id = 236
04-26 11:43:12.563 15361 15361 D Finsky  : [1] WorkerTask.onPreExecute: Verification Requested for id = 236, data=file:///data/local/tmp/669AC4A565FC40FFFB679418A33F2077_38949283154833895.apk flags=374 fromVerificationActivity=false
04-26 11:43:12.574 15361 16786 W PackageParser: Unknown element under <application>: string at /data/local/tmp/669AC4A565FC40FFFB679418A33F2077_38949283154833895.apk Binary XML file line #145
04-26 11:43:13.039   877  2777 D WifiStateMachine: starting scan for "testin08_default"WPA_PSK with 5300
04-26 11:43:16.880 15361 16789 W GooglePlayServicesUtil: Google Play services out of date.  Requires 8296000 but found 8186448
04-26 11:43:20.380   877   886 I art     : Background sticky concurrent mark sweep GC freed 304252(14MB) AllocSpace objects, 21(536KB) LOS objects, 10% free, 129MB/144MB, paused 2.252ms total 103.542ms
04-26 11:43:23.698   877  5974 D NetlinkSocketObserver: NeighborEvent{elapsedMs=2484409670, 10.67.8.1, [3C7843B67A98], RTM_NEWNEIGH, NUD_STALE}
04-26 11:43:27.597   877   900 I PackageManager: Verification timed out for file:///data/local/tmp/669AC4A565FC40FFFB679418A33F2077_38949283154833895.apk
04-26 11:43:27.597   877   900 I PackageManager: Continuing with installation of file:///data/local/tmp/669AC4A565FC40FFFB679418A33F2077_38949283154833895.apk
04-26 11:43:27.603 15361 15361 D Finsky  : [1] PackageVerificationReceiver.onReceive: Verification requested, id = 236
04-26 11:43:27.608 15361 15361 D Finsky  : [1] PackageVerificationService.onStartCommand: Cancel active verification id=236
04-26 11:43:27.617 15348 15358 D DefContainer: Copying /data/local/tmp/669AC4A565FC40FFFB679418A33F2077_38949283154833895.apk to base.apk
04-26 11:43:29.634   877   900 W PackageParser: Unknown element under <application>: string at /data/app/vmdl1310821118.tmp/base.apk Binary XML file line #145
04-26 11:43:29.937   877  5974 D NetlinkSocketObserver: NeighborEvent{elapsedMs=2484415910, 10.67.8.1, [3C7843B67A98], RTM_NEWNEIGH, NUD_PROBE}
04-26 11:43:31.428   877   886 I art     : Background sticky concurrent mark sweep GC freed 180074(8MB) AllocSpace objects, 15(2MB) LOS objects, 7% free, 134MB/144MB, paused 3.653ms total 278.021ms
04-26 11:43:32.879   877   900 I PackageManager.DexOptimizer: Running dexopt (dex2oat) on: /data/app/vmdl1310821118.tmp/base.apk pkg=com.dc.hwsj isa=arm vmSafeMode=false debuggable=false oatDir = /data/app/vmdl1310821118.tmp/oat bootComplete=true
04-26 11:43:32.965   877   886 I art     : Background partial concurrent mark sweep GC freed 240592(11MB) AllocSpace objects, 17(2MB) LOS objects, 10% free, 133MB/149MB, paused 2.085ms total 240.031ms
04-26 11:43:32.992 16795 16795 I dex2oat : /system/bin/dex2oat -j2
04-26 11:43:33.040   877  2777 D WifiStateMachine: starting scan for "testin08_default"WPA_PSK with 5300
04-26 11:43:34.244 16795 16795 W dex2oat : Before Android 4.1, method android.graphics.PorterDuffColorFilter android.support.graphics.drawable.VectorDrawableCompat.updateTintFilter(android.graphics.PorterDuffColorFilter, android.content.res.ColorStateList, android.graphics.PorterDuff$Mode) would have incorrectly overridden the package-private method in android.graphics.drawable.Drawable
04-26 11:43:34.335 16795 16795 W dex2oat : Before Android 4.1, method int android.support.v7.widget.ListViewCompat.lookForSelectablePosition(int, boolean) would have incorrectly overridden the package-private method in android.widget.ListView
04-26 11:43:34.621 16795 16795 W dex2oat : Before Android 4.1, method boolean com.facebook.share.widget.ShareButtonBase.canShare() would have incorrectly overridden the package-private method in android.widget.TextView
04-26 11:43:37.128 16795 16795 W dex2oat : Verification of void com.google.android.exoplayer2.ui.PlaybackControlView.updateProgress() took 187.575ms
04-26 11:43:37.165 15361 15361 D Finsky  : [1] PackageVerificationService$2.onErrorResponse: Verification id=236 error response com.android.volley.TimeoutError
04-26 11:43:49.537   877  5974 D NetlinkSocketObserver: NeighborEvent{elapsedMs=2484435510, 10.67.8.1, [3C7843B67A98], RTM_NEWNEIGH, NUD_STALE}
04-26 11:43:52.001 16795 16795 W dex2oat : No verified method for method calling String.<init>: java.lang.String java.io.ByteArrayOutputStream.toString(java.lang.String)
04-26 11:43:53.043   877  2777 D WifiStateMachine: starting scan for "testin08_default"WPA_PSK with 5300
04-26 11:43:53.979   496   562 I ThermalEngine: ACTION: LCD - Setting max LCD brightness to 183
04-26 11:43:55.476 16795 16795 I dex2oat : dex2oat took 22.488s (threads: 2) arena alloc=3MB java alloc=15MB native alloc=58MB free=4MB
04-26 11:43:55.632   877   900 W PackageManager: Unknown permission com.google.android.finsky.permission.BIND_GET_INSTALL_REFERRER_SERVICE in package com.dc.hwsj
04-26 11:43:55.740   877   900 V BackupManagerService: restoreAtInstall pkg=com.dc.hwsj token=f1 restoreSet=0
04-26 11:43:55.740   877   900 W BackupManagerService: Requested unavailable transport: com.google.android.gms/.backup.BackupTransportService
04-26 11:43:55.740   877   900 W BackupManagerService: No transport
04-26 11:43:55.740   877   900 V BackupManagerService: Finishing install immediately
04-26 11:43:55.744   877   900 W PackageManager: Invalid verification token 236 received
04-26 11:43:55.745   877   900 D VoldConnector: SND -> {549 volume remount_uid 11537 default}
04-26 11:43:55.746   336   364 D vold    : Remounting 11537 as mode default
04-26 11:43:55.760   877  2748 D VoldConnector: RCV <- {200 549 Command succeeded}
04-26 11:43:55.762   877   900 D VoldConnector: SND -> {550 volume remount_uid 11537 write}
