04-26 11:45:37.312 16838 17281 I art     : Explicit concurrent mark sweep GC freed 6916(415KB) AllocSpace objects, 3(60KB) LOS objects, 39% free, 18MB/30MB, paused 2.559ms total 68.579ms
04-26 11:45:37.344 16838 17281 I art     : Starting a blocking GC Explicit
04-26 11:45:37.392 16838 17281 I art     : Explicit concurrent mark sweep GC freed 921(46KB) AllocSpace objects, 4(128KB) LOS objects, 40% free, 17MB/29MB, paused 2.374ms total 47.094ms
04-26 11:45:37.394 16838 16871 I Corona  : socket reconnect
04-26 11:45:37.416 16838 17281 I art     : Starting a blocking GC Explicit
04-26 11:45:37.458 16838 17281 I art     : Explicit concurrent mark sweep GC freed 72(3KB) AllocSpace objects, 0(0B) LOS objects, 40% free, 17MB/29MB, paused 2.615ms total 40.221ms
04-26 11:45:37.488 16838 17281 I art     : Starting a blocking GC Explicit
04-26 11:45:37.528 16838 17281 I art     : Explicit concurrent mark sweep GC freed 16(704B) AllocSpace objects, 0(0B) LOS objects, 39% free, 17MB/29MB, paused 2.402ms total 39.582ms
04-26 11:45:37.553 16838 17281 I art     : Starting a blocking GC Explicit
04-26 11:45:37.593 16838 17281 I art     : Explicit concurrent mark sweep GC freed 69(3KB) AllocSpace objects, 0(0B) LOS objects, 39% free, 17MB/29MB, paused 2.417ms total 39.591ms
04-26 11:45:41.437 16838 16871 I Corona  : socket vertify success
04-26 11:45:41.438 16838 16871 I Corona  : socket begin heartBeat
04-26 11:45:42.128 16838 16871 I Corona  : socket receive data error : 	closed
04-26 11:45:43.561 16838 17625 I SoundDecoder_SetError: Cannot operate on sample because already at EOF
04-26 11:45:44.367 16838 17625 I SoundDecoder_SetError: Cannot operate on sample because already at EOF
04-26 11:45:46.922 16838 16871 I Corona  : socket reconnect
04-26 11:45:50.959 16838 16871 I Corona  : socket vertify success
04-26 11:45:50.959 16838 16871 I Corona  : socket begin heartBeat
04-26 11:45:51.593 16838 16871 I Corona  : socket receive data error : 	closed
04-26 11:45:56.409 16838 16871 I Corona  : socket reconnect
04-26 11:46:00.050   566   566 E QCALOG  : [MessageQ] ProcessNewMessage: [LOWI-SERVER] unknown deliver target [OS-Agent]
04-26 11:46:00.441 16838 16871 I Corona  : socket vertify success
04-26 11:46:00.441 16838 16871 I Corona  : socket begin heartBeat
04-26 11:46:01.099 16838 16871 I Corona  : socket receive data error : 	closed
04-26 11:46:01.523 16838 17625 I SoundDecoder_SetError: Cannot operate on sample because already at EOF
04-26 11:46:05.890 16838 16871 I Corona  : socket reconnect
04-26 11:46:09.914 16838 16871 I Corona  : socket vertify success
04-26 11:46:09.914 16838 16871 I Corona  : socket begin heartBeat
04-26 11:46:10.579 16838 16871 I Corona  : socket receive data error : 	closed
04-26 11:46:13.062   877  2777 D WifiStateMachine: starting scan for "testin08_default"WPA_PSK with 5300
04-26 11:46:15.367 16838 16871 I Corona  : socket reconnect
04-26 11:46:18.760 16838 17625 I SoundDecoder_SetError: Cannot operate on sample because already at EOF
04-26 11:46:19.298 16838 17068 W System.err: java.net.ConnectException: failed to connect to graph.facebook.com/69.171.245.84 (port 443): connect failed: ETIMEDOUT (Connection timed out)
04-26 11:46:19.325 16838 17068 W System.err: 	at libcore.io.IoBridge.connect(IoBridge.java:124)
04-26 11:46:19.326 16838 17068 W System.err: 	at java.net.PlainSocketImpl.connect(PlainSocketImpl.java:183)
04-26 11:46:19.326 16838 17068 W System.err: 	at java.net.PlainSocketImpl.connect(PlainSocketImpl.java:452)
04-26 11:46:19.326 16838 17068 W System.err: 	at java.net.Socket.connect(Socket.java:884)
04-26 11:46:19.326 16838 17068 W System.err: 	at com.android.okhttp.internal.Platform.connectSocket(Platform.java:117)
04-26 11:46:19.326 16838 17068 W System.err: 	at com.android.okhttp.internal.http.SocketConnector.connectRawSocket(SocketConnector.java:160)
04-26 11:46:19.326 16838 17068 W System.err: 	at com.android.okhttp.internal.http.SocketConnector.connectTls(SocketConnector.java:79)
04-26 11:46:19.326 16838 17068 W System.err: 	at com.android.okhttp.Connection.connect(Connection.java:143)
04-26 11:46:19.326 16838 17068 W System.err: 	at com.android.okhttp.Connection.connectAndSetOwner(Connection.java:185)
04-26 11:46:19.326 16838 17068 W System.err: 	at com.android.okhttp.OkHttpClient$1.connectAndSetOwner(OkHttpClient.java:128)
04-26 11:46:19.326 16838 17068 W System.err: 	at com.android.okhttp.internal.http.HttpEngine.nextConnection(HttpEngine.java:341)
04-26 11:46:19.326 16838 17068 W System.err: 	at com.android.okhttp.internal.http.HttpEngine.connect(HttpEngine.java:330)
04-26 11:46:19.326 16838 17068 W System.err: 	at com.android.okhttp.internal.http.HttpEngine.sendRequest(HttpEngine.java:248)
04-26 11:46:19.326 16838 17068 W System.err: 	at com.android.okhttp.internal.huc.HttpURLConnectionImpl.execute(HttpURLConnectionImpl.java:437)
04-26 11:46:19.326 16838 17068 W System.err: 	at com.android.okhttp.internal.huc.HttpURLConnectionImpl.connect(HttpURLConnectionImpl.java:114)
04-26 11:46:19.326 16838 17068 W System.err: 	at com.android.okhttp.internal.huc.DelegatingHttpsURLConnection.connect(DelegatingHttpsURLConnection.java:89)
04-26 11:46:19.326 16838 17068 W System.err: 	at com.android.okhttp.internal.huc.HttpsURLConnectionImpl.connect(HttpsURLConnectionImpl.java)
04-26 11:46:19.327 16838 17068 W System.err: 	at com.facebook.ads.internal.p.a.a.a(Unknown Source)
04-26 11:46:19.327 16838 17068 W System.err: 	at com.facebook.ads.internal.p.a.a.a(Unknown Source)
04-26 11:46:19.327 16838 17068 W System.err: 	at com.facebook.ads.internal.p.a.h.a(Unknown Source)
04-26 11:46:19.327 16838 17068 W System.err: 	at com.facebook.ads.internal.p.a.h.doInBackground(Unknown Source)
04-26 11:46:19.327 16838 17068 W System.err: 	at android.os.AsyncTask$2.call(AsyncTask.java:295)
04-26 11:46:19.327 16838 17068 W System.err: 	at java.util.concurrent.FutureTask.run(FutureTask.java:237)
04-26 11:46:19.327 16838 17068 W System.err: 	at java.util.concurrent.ThreadPoolExecutor.runWorker(ThreadPoolExecutor.java:1113)
04-26 11:46:19.327 16838 17068 W System.err: 	at java.util.concurrent.ThreadPoolExecutor$Worker.run(ThreadPoolExecutor.java:588)
04-26 11:46:19.327 16838 17068 W System.err: 	at java.lang.Thread.run(Thread.java:818)
04-26 11:46:19.327 16838 17068 W System.err: Caused by: android.system.ErrnoException: connect failed: ETIMEDOUT (Connection timed out)
04-26 11:46:19.328 16838 17068 W System.err: 	at libcore.io.Posix.connect(Native Method)
04-26 11:46:19.328 16838 17068 W System.err: 	at libcore.io.BlockGuardOs.connect(BlockGuardOs.java:111)
04-26 11:46:19.328 16838 17068 W System.err: 	at libcore.io.IoBridge.connectErrno(IoBridge.java:137)
04-26 11:46:19.328 16838 17068 W System.err: 	at libcore.io.IoBridge.connect(IoBridge.java:122)
04-26 11:46:19.328 16838 17068 W System.err: 	... 25 more
04-26 11:46:19.392 16838 16871 I Corona  : socket vertify success
04-26 11:46:19.392 16838 16871 I Corona  : socket begin heartBeat
04-26 11:46:20.058 16838 16871 I Corona  : socket receive data error : 	closed
04-26 11:46:24.856 16838 16871 I Corona  : socket reconnect
04-26 11:46:28.890 16838 16871 I Corona  : socket vertify success
04-26 11:46:28.890 16838 16871 I Corona  : socket begin heartBeat
04-26 11:46:29.533 16838 16871 I Corona  : socket receive data error : 	closed
04-26 11:46:33.065   877  2777 D WifiStateMachine: starting scan for "testin08_default"WPA_PSK with 5300
04-26 11:46:34.318 16838 16871 I Corona  : socket reconnect
04-26 11:46:35.352 16838 16871 I Corona  : =============================================
04-26 11:46:35.352 16838 16871 I Corona  : send data	cmd : 	15000
04-26 11:46:35.352 16838 16871 I Corona  : {"isSend":true,"callBackFunc":"<type 'function' is not supported by JSON.>","url":"https://hwsj-eu-test.clktec.com:20888/frontend/forward","data":{"RetailId":2,"HotVersion":1555924205,"appId":1021,"ActId":15000,"Ver":"1.801","serverId":9000,"Token":"eyJhbGciOiJIUzI1NiIsInR5cCI6IkpXVCJ9.eyJleHAiOjE1NTYyNTA2MjEsImlhdCI6MTU1NjI1MDI2MSwianRpIjoidnBjeWRoeTd5Ynk5In0.zBAnucnWpdSlvVc4UxdRdWMtS044-mUETTm13yt25Xc","T":1556250397,"actionid":15000,"Lang":"zh-cn","Sess":"Hki50Z3goLKTfEX4jkexXDz25L[P"},"loginCount":1}
04-26 11:46:35.353 16838 16871 I Corona  : extra info	https://hwsj-eu-test.clktec.com:20888/frontend/forward
04-26 11:46:35.353 16838 16871 I Corona  : =============================================
04-26 11:46:35.927 16838 17625 I SoundDecoder_SetError: Cannot operate on sample because already at EOF
04-26 11:46:36.718 16838 16871 I Corona  : =============================================
04-26 11:46:36.718 16838 16871 I Corona  : response data	cmd : 	15000
04-26 11:46:36.718 16838 16871 I Corona  : {"stat":1,"info":"","data":"{"Sess":"UJf50Z3goLKTfEX4jkexX]5G0ElO","Data":{"CompetitionRank":false,"CityAward":false,"CrossCompetitionRank":false,"AllianceApply":false,"Dinner":false,"BarbarianKingVitalityFull":false,"SeaKingInvite":false,"NewMailNum":0,"AllianceWar":false,"Cost":34,"RedPoint":{"achievement":1},"SysTime":1556250399,"TeamInvite":{},"TimeLimit":false,"AllianceAgreeApply":false,"FbInvitation":false,"AllianceDailyTask":false,"AllianceTrade":false,"InfiniteBattleSpoils":false,"SeaKingFood":false,"SeaKingItemAward":false},"Info":"","Code":0}"}
04-26 11:46:36.718 16838 16871 I Corona  : extra info	(ms)  1355.7679653168
04-26 11:46:36.718 16838 16871 I Corona  : =============================================
04-26 11:46:38.333 16838 16871 I Corona  : socket vertify success
04-26 11:46:38.334 16838 16871 I Corona  : socket begin heartBeat
04-26 11:46:39.003 16838 16871 I Corona  : socket receive data error : 	closed
04-26 11:46:43.022 16838 17625 I SoundDecoder_SetError: Cannot operate on sample because already at EOF
04-26 11:46:43.797 16838 16871 I Corona  : socket reconnect
04-26 11:46:47.811 16838 16871 I Corona  : socket vertify success
04-26 11:46:47.812 16838 16871 I Corona  : socket begin heartBeat
04-26 11:46:48.474 16838 16871 I Corona  : socket receive data error : 	closed
04-26 11:46:49.822   877   886 I art     : Background sticky concurrent mark sweep GC freed 309508(14MB) AllocSpace objects, 19(524KB) LOS objects, 10% free, 129MB/144MB, paused 2.554ms total 163.192ms
04-26 11:46:53.067   877  2777 D WifiStateMachine: starting scan for "testin08_default"WPA_PSK with 5300
04-26 11:46:53.107 16838 17625 I SoundDecoder_SetError: Cannot operate on sample because already at EOF
04-26 11:46:53.292 16838 16871 I Corona  : socket reconnect
04-26 11:46:57.311 16838 16871 I Corona  : socket vertify success
04-26 11:46:57.311 16838 16871 I Corona  : socket begin heartBeat
04-26 11:46:57.994 16838 16871 I Corona  : socket receive data error : 	closed
04-26 11:46:59.146 25955 25961 I art     : Background sticky concurrent mark sweep GC freed 45191(1542KB) AllocSpace objects, 0(0B) LOS objects, 37% free, 2MB/4MB, paused 5.096ms total 26.331ms
04-26 11:47:00.051   566   566 E QCALOG  : [MessageQ] ProcessNewMessage: [LOWI-SERVER] unknown deliver target [OS-Agent]
04-26 11:47:00.145   877   890 I ProcessStatsService: Prepared write state in 102ms
04-26 11:47:02.750 16838 16852 W FirebaseInstanceId: No response
04-26 11:47:02.750 16838 16852 E FirebaseInstanceId: Token retrieval failed: TIMEOUT
04-26 11:47:02.791 16838 16871 I Corona  : socket reconnect
04-26 11:47:06.808 16838 16871 I Corona  : socket vertify success
04-26 11:47:06.808 16838 16871 I Corona  : socket begin heartBeat
04-26 11:47:07.460 16838 16871 I Corona  : socket receive data error : 	closed
04-26 11:47:10.296 16838 17625 I SoundDecoder_SetError: Cannot operate on sample because already at EOF
04-26 11:47:12.270 16838 16871 I Corona  : socket reconnect
04-26 11:47:13.069   877  2777 D WifiStateMachine: starting scan for "testin08_default"WPA_PSK with 5300
04-26 11:47:16.309 16838 16871 I Corona  : socket vertify success
04-26 11:47:16.309 16838 16871 I Corona  : socket begin heartBeat
04-26 11:47:16.876   877  2737 I ActivityManager: START u0 {act=android.intent.action.MAIN cat=[android.intent.category.HOME] flg=0x10200000 cmp=com.google.android.googlequicksearchbox/com.google.android.launcher.GEL (has extras)} from uid 1000 on display 0
04-26 11:47:16.929 25955 25967 I testin-agent: client ready>:59c3b57d16a353e0db73664bf37S1a,true
04-26 11:47:16.929 25955 25967 I testin-agent: mq:{"op":"activity.change","code":0,"message":"","data":{"topActivity":"com.google.android.googlequicksearchbox\/com.google.android.launcher.GEL"}}
04-26 11:47:16.948 16838 17710 W GooglePlayServicesUtil: Google Play services out of date.  Requires 11910000 but found 8186448
04-26 11:47:16.968   877  7522 I sensors : activate
04-26 11:47:16.974   877  2597 I hubconnection: sensorhub said: 'activate 1 enable:0'
04-26 11:47:16.975 16838 16871 I Corona  : createHashFile = 	81da133e8128f960c35151da989f366f7a4a1a11
04-26 11:47:16.983 16838 16838 W FA      : Service connection failed: ConnectionResult{statusCode=SERVICE_VERSION_UPDATE_REQUIRED, resolution=null, message=null}
04-26 11:47:17.003 11086 11086 I GEL     : handleIntent(Intent { act=android.intent.action.MAIN cat=[android.intent.category.HOME] flg=0x10600000 cmp=com.google.android.googlequicksearchbox/com.google.android.launcher.GEL (has extras) })
04-26 11:47:17.099   370   370 E qdoverlay: Bad ov dump:  mdp_overlay z=1 alpha=255 mask=-1 flags=0x20000 id=-1
04-26 11:47:17.099   370   370 E qdoverlay: src msmfb_img w=1152 h=126 format=13 MDP_RGBA_8888
04-26 11:47:17.099   370   370 E qdoverlay: src_rect mdp_rect x=0 y=0 w=1080 h=61
04-26 11:47:17.099   370   370 E qdoverlay: dst_rect mdp_rect x=0 y=1859 w=1080 h=61
04-26 11:47:17.103   486  2787 W msm8974_platform: platform_send_gain_dep_cal: Usecase list is empty
04-26 11:47:17.123 14468 14468 W ThreadPoolDumper: Queue length for executor AudioRouter with 1 threads is now 8. Perhaps some tasks are too long, or the pool is too small.
04-26 11:47:17.128 16587 16587 I KEY-PinyinIME-180817-b: onFinishInput.
04-26 11:47:17.128 16587 16587 I KEY-PinyinIME-180817-b: onStartInput  ccontentType: 0 Restarting:false
04-26 11:47:17.166 14468 14468 W LocationOracleImpl: Best location was null
04-26 11:47:17.345   486  2794 D audio_hw_primary: disable_audio_route: reset and update mixer path: audio-ull-playback
04-26 11:47:17.348   486  2794 D audio_hw_primary: disable_snd_device: snd_device(2: speaker)
04-26 11:47:17.354 16838 17710 W GooglePlayServicesUtil: Google Play services out of date.  Requires 11910000 but found 8186448
04-26 11:47:17.361 16838 17710 E FA      : Failed to send current screen to service
04-26 11:47:17.362 16838 17710 E FA      : Discarding data. Failed to send event to service
04-26 11:47:17.361   486  2794 D audio_hw_primary: disable_snd_device: snd_device(69: vi-feedback)
04-26 11:47:17.364   486  2794 D audio_hw_primary: disable_audio_route: reset and update mixer path: spkr-vi-record
04-26 11:47:17.361 16838 16838 W FA      : Service connection failed: ConnectionResult{statusCode=SERVICE_VERSION_UPDATE_REQUIRED, resolution=null, message=null}
04-26 11:47:17.367   486  2794 I soundtrigger: audio_extn_sound_trigger_update_device_status: device 0x2 of type 0 for Event 0
04-26 11:47:17.370   877   886 I art     : Background partial concurrent mark sweep GC freed 130669(6MB) AllocSpace objects, 11(332KB) LOS objects, 11% free, 128MB/144MB, paused 3.569ms total 441.613ms
04-26 11:47:17.422 14225 14313 W GCoreFlp: No location to return for getLastLocation()
04-26 11:47:17.448   370   370 E qdoverlay: Bad ov dump:  mdp_overlay z=2 alpha=255 mask=-1 flags=0x20000 id=-1
04-26 11:47:17.449   370   370 E qdoverlay: src msmfb_img w=1152 h=63 format=13 MDP_RGBA_8888
04-26 11:47:17.449   370   370 E qdoverlay: src_rect mdp_rect x=0 y=0 w=1080 h=63
04-26 11:47:17.449   370   370 E qdoverlay: dst_rect mdp_rect x=0 y=0 w=1080 h=63
04-26 11:47:17.449   370   370 E qdoverlay: Bad ov dump:  mdp_overlay z=2 alpha=255 mask=-1 flags=0x220000 id=-1
04-26 11:47:17.449   370   370 E qdoverlay: src msmfb_img w=1152 h=1920 format=13 MDP_RGBA_8888
04-26 11:47:17.449   370   370 E qdoverlay: src_rect mdp_rect x=0 y=0 w=1080 h=1920
04-26 11:47:17.449   370   370 E qdoverlay: dst_rect mdp_rect x=0 y=0 w=1080 h=1920
04-26 11:47:17.450   370   370 E qdoverlay: Bad ov dump:  mdp_overlay z=1 alpha=255 mask=-1 flags=0x220000 id=-1
04-26 11:47:17.450   370   370 E qdoverlay: src msmfb_img w=1152 h=1920 format=13 MDP_RGBA_8888
04-26 11:47:17.450   370   370 E qdoverlay: src_rect mdp_rect x=0 y=0 w=1080 h=1920
04-26 11:47:17.450   370   370 E qdoverlay: dst_rect mdp_rect x=0 y=0 w=1080 h=1920
04-26 11:47:17.450   370   370 E qdoverlay: Bad ov dump:  mdp_overlay z=0 alpha=255 mask=-1 flags=0x220000 id=-1
04-26 11:47:17.450   370   370 E qdoverlay: src msmfb_img w=1152 h=1920 format=13 MDP_RGBA_8888
04-26 11:47:17.450   370   370 E qdoverlay: src_rect mdp_rect x=0 y=0 w=1080 h=1920
04-26 11:47:17.450   370   370 E qdoverlay: dst_rect mdp_rect x=0 y=0 w=1080 h=1920
04-26 11:47:17.477 14225 14313 W GCoreFlp: No location to return for getLastLocation()
04-26 11:47:17.522 14225 14313 W GCoreFlp: No location to return for getLastLocation()
04-26 11:47:17.526 25955 25961 W art     : Suspending all threads took: 6.793ms
04-26 11:47:17.536 25955 25961 I art     : Background concurrent mark sweep GC freed 48959(1736KB) AllocSpace objects, 0(0B) LOS objects, 39% free, 2MB/3MB, paused 8.283ms total 40.506ms
04-26 11:47:17.536 14468 14468 E LocationReceiver: Received bad location: null
04-26 11:47:17.582 14225 14313 W GCoreFlp: No location to return for getLastLocation()
04-26 11:47:17.589 14468 14468 E LocationReceiver: Received bad location: null
04-26 11:47:17.615 11086 11205 W OpenGLRenderer: Incorrectly called buildLayer on View: ShortcutAndWidgetContainer, destroying layer...
04-26 11:47:33.072   877  2777 D WifiStateMachine: starting scan for "testin08_default"WPA_PSK with 5300
04-26 11:47:36.178   877  5974 D NetlinkSocketObserver: NeighborEvent{elapsedMs=2484662150, 10.67.8.1, [3C7843B67A98], RTM_NEWNEIGH, NUD_STALE}
04-26 11:47:44.308 17724 17724 D AndroidRuntime: >>>>>> START com.android.internal.os.RuntimeInit uid 2000 <<<<<<
04-26 11:47:44.316 17724 17724 D AndroidRuntime: CheckJNI is OFF
04-26 11:47:44.387 17724 17724 D ICU     : No timezone override file found: /data/misc/zoneinfo/current/icu/icu_tzdata.dat
04-26 11:47:44.448 17724 17724 I Radio-JNI: register_android_hardware_Radio DONE
04-26 11:47:44.490 17724 17724 D AndroidRuntime: Calling main entry com.android.commands.wm.Wm
04-26 11:47:44.494 17724 17724 D AndroidRuntime: Shutting down VM
04-26 11:47:45.027 25955 25961 W art     : Suspending all threads took: 6.557ms
04-26 11:47:45.047 25955 25961 I art     : Background concurrent mark sweep GC freed 46754(1675KB) AllocSpace objects, 0(0B) LOS objects, 40% free, 2MB/4MB, paused 8.633ms total 43.787ms
04-26 11:47:45.841 17739 17739 D AndroidRuntime: >>>>>> START com.android.internal.os.RuntimeInit uid 2000 <<<<<<
04-26 11:47:45.849 17739 17739 D AndroidRuntime: CheckJNI is OFF
04-26 11:47:45.916 17739 17739 D ICU     : No timezone override file found: /data/misc/zoneinfo/current/icu/icu_tzdata.dat
04-26 11:47:45.975 17739 17739 I Radio-JNI: register_android_hardware_Radio DONE
04-26 11:47:46.021 17739 17739 D AndroidRuntime: Calling main entry com.android.commands.monkey.Monkey
04-26 11:47:46.094   877   890 W BroadcastQueue: Skipping deliver [background] BroadcastRecord{74dcdd1 u-1 android.net.conn.CONNECTIVITY_CHANGE} to ReceiverList{17c8036 17739 (unknown name)/2000/u-1 remote:61bb45b}: process crashing
04-26 11:47:46.129   877  5426 I ActivityManager: START u0 {act=android.intent.action.MAIN cat=[android.intent.category.LAUNCHER] flg=0x10200000 cmp=com.dc.hwsj/.LuaActivity} from uid 2000 on display 0
04-26 11:47:46.138 25955 25967 I testin-agent: client ready>:59c3b57d16a353e0db73664bf37S1a,true
04-26 11:47:46.139 25955 25967 I testin-agent: mq:{"op":"activity.change","code":0,"message":"","data":{"topActivity":"com.dc.hwsj\/com.dc.hwsj.LuaActivity"}}
04-26 11:47:46.191   877  2895 I sensors : batch
04-26 11:47:46.192   877  2895 I sensors : activate
04-26 11:47:46.197   877  2597 I hubconnection: sensorhub said: 'batch 1 flags:0, sampling_rate_Hz:5.00, max_report_latency_us:0'
04-26 11:47:46.199   877  2597 I hubconnection: sensorhub said: 'activate 1 enable:1'
04-26 11:47:46.228 16838 17710 W GooglePlayServicesUtil: Google Play services out of date.  Requires 11910000 but found 8186448
04-26 11:47:46.229   486  2794 D audio_hw_primary: out_set_parameters: enter: usecase(5: audio-ull-playback) kvpairs: routing=2
04-26 11:47:46.240 16838 16871 W libc    : pthread_create sched_setscheduler call failed: Operation not permitted
04-26 11:47:46.241 16838 16871 I Corona  : change update cdn url to: 	https://hwsj-res.clktec.com/updatetest/1.8/patchList.json?20190426142
04-26 11:47:46.243   486  2794 D audio_hw_primary: select_devices: out_snd_device(2: speaker) in_snd_device(0: none)
04-26 11:47:46.243   486  2794 D msm8974_platform: platform_send_audio_calibration: sending audio calibration for snd_device(2) acdb_id(101)
04-26 11:47:46.243   486  2794 I soundtrigger: audio_extn_sound_trigger_update_device_status: device 0x2 of type 0 for Event 1
04-26 11:47:46.250   486  2794 D msm8974_platform: platform_send_audio_calibration: sending audio calibration for snd_device(69) acdb_id(102)
04-26 11:47:46.250   486  2794 D audio_hw_primary: enable_snd_device: snd_device(69: vi-feedback)
04-26 11:47:46.250   486  2794 D audio_hw_primary: enable_audio_route: apply and update mixer path: spkr-vi-record
04-26 11:47:46.257 16838 17755 I OpenAL_SLES: playback_function started
04-26 11:47:46.267 16838 16838 W FA      : Service connection failed: ConnectionResult{statusCode=SERVICE_VERSION_UPDATE_REQUIRED, resolution=null, message=null}
04-26 11:47:46.270 16587 16587 I KEY-PinyinIME-180817-b: onFinishInput.
04-26 11:47:46.271 16587 16587 I KEY-PinyinIME-180817-b: onStartInput  ccontentType: 0 Restarting:false
04-26 11:47:46.280   486  2794 D msm8974_platform: platform_send_audio_calibration: sending audio calibration for snd_device(27) acdb_id(4)
04-26 11:47:46.281   486  2794 I ACDB-LOADER: ACDB AFE returned = -19
04-26 11:47:46.281   486  2794 D audio_hw_primary: enable_audio_route: apply and update mixer path: audio-ull-playback
04-26 11:47:46.328 16838 17710 E FA      : Failed to send current screen to service
04-26 11:47:46.332 16838 17753 W GooglePlayServicesUtil: Google Play services out of date.  Requires 11910000 but found 8186448
04-26 11:47:46.346   486  2794 W msm8974_platform: platform_send_gain_dep_cal: Usecase list is empty
04-26 11:47:46.370 16838 17753 W GooglePlayServicesUtil: Google Play services out of date.  Requires 11910000 but found 8186448
04-26 11:47:46.392 14161 14300 E JavaBinder: *** Uncaught remote exception!  (Exceptions are not yet supported across processes.)
04-26 11:47:46.392 14161 14300 E JavaBinder: java.lang.RuntimeException: android.os.RemoteException
04-26 11:47:46.392 14161 14300 E JavaBinder: 	at android.os.Parcel.writeException(Parcel.java:1520)
04-26 11:47:46.392 14161 14300 E JavaBinder: 	at android.os.Binder.execTransact(Binder.java:459)
04-26 11:47:46.392 14161 14300 E JavaBinder: Caused by: android.os.RemoteException
04-26 11:47:46.392 14161 14300 E JavaBinder: 	at com.google.android.gms.ads.identifier.service.b.a(SourceFile:77)
04-26 11:47:46.392 14161 14300 E JavaBinder: 	at com.google.android.gms.ads.identifier.a.e.onTransact(SourceFile:63)
04-26 11:47:46.392 14161 14300 E JavaBinder: 	at android.os.Binder.execTransact(Binder.java:453)
04-26 11:47:46.393   877  5974 D NetlinkSocketObserver: NeighborEvent{elapsedMs=2484672360, 10.67.8.1, [3C7843B67A98], RTM_NEWNEIGH, NUD_REACHABLE}
04-26 11:47:46.476 16838 17753 W GooglePlayServicesUtil: Google Play services out of date.  Requires 11910000 but found 8186448
04-26 11:47:46.512 16838 17753 W GooglePlayServicesUtil: Google Play services out of date.  Requires 11910000 but found 8186448
04-26 11:47:46.534 16838 16847 I art     : Background sticky concurrent mark sweep GC freed 5833(392KB) AllocSpace objects, 3(60KB) LOS objects, 3% free, 22MB/23MB, paused 6.335ms total 40.197ms
04-26 11:47:47.409 16587 16587 I KEY-PinyinIME-180817-b: --->onKeyDown.keyCode=[20],event=[KeyEvent { action=ACTION_DOWN, keyCode=KEYCODE_DPAD_DOWN, scanCode=0, metaState=0, flags=0x400, repeatCount=0, eventTime=2484673380, downTime=2484673380, deviceId=-1, source=0x101 }]
04-26 11:47:47.409 16587 16587 I KEY-PinyinIME-180817-b: --->onKeyUp.keyCode=[20],event=[KeyEvent { action=ACTION_UP, keyCode=KEYCODE_DPAD_DOWN, scanCode=0, metaState=0, flags=0x400, repeatCount=0, eventTime=2484673380, downTime=2484673380, deviceId=-1, source=0x101 }]
04-26 11:47:47.410 16587 16587 I KEY-PinyinIME-180817-b: --->onKeyDown.keyCode=[20],event=[KeyEvent { action=ACTION_DOWN, keyCode=KEYCODE_DPAD_DOWN, scanCode=0, metaState=0, flags=0x400, repeatCount=0, eventTime=2484673380, downTime=2484673380, deviceId=-1, source=0x101 }]
04-26 11:47:47.410 16587 16587 I KEY-PinyinIME-180817-b: --->onKeyUp.keyCode=[20],event=[KeyEvent { action=ACTION_UP, keyCode=KEYCODE_DPAD_DOWN, scanCode=0, metaState=0, flags=0x400, repeatCount=0, eventTime=2484673380, downTime=2484673380, deviceId=-1, source=0x101 }]
04-26 11:47:47.425 16587 16587 I KEY-PinyinIME-180817-b: --->onKeyDown.keyCode=[20],event=[KeyEvent { action=ACTION_DOWN, keyCode=KEYCODE_DPAD_DOWN, scanCode=0, metaState=0, flags=0x400, repeatCount=0, eventTime=2484673397, downTime=2484673397, deviceId=-1, source=0x101 }]
04-26 11:47:47.426 16587 16587 I KEY-PinyinIME-180817-b: --->onKeyDown.keyCode=[20],event=[KeyEvent { action=ACTION_DOWN, keyCode=KEYCODE_DPAD_DOWN, scanCode=0, metaState=0, flags=0x400, repeatCount=0, eventTime=2484673397, downTime=2484673397, deviceId=-1, source=0x101 }]
04-26 11:47:47.426 16587 16587 I KEY-PinyinIME-180817-b: --->onKeyUp.keyCode=[20],event=[KeyEvent { action=ACTION_UP, keyCode=KEYCODE_DPAD_DOWN, scanCode=0, metaState=0, flags=0x400, repeatCount=0, eventTime=2484673397, downTime=2484673397, deviceId=-1, source=0x101 }]
04-26 11:47:47.426 16587 16587 I KEY-PinyinIME-180817-b: --->onKeyDown.keyCode=[20],event=[KeyEvent { action=ACTION_DOWN, keyCode=KEYCODE_DPAD_DOWN, scanCode=0, metaState=0, flags=0x400, repeatCount=0, eventTime=2484673397, downTime=2484673397, deviceId=-1, source=0x101 }]
04-26 11:47:47.426 16587 16587 I KEY-PinyinIME-180817-b: --->onKeyUp.keyCode=[20],event=[KeyEvent { action=ACTION_UP, keyCode=KEYCODE_DPAD_DOWN, scanCode=0, metaState=0, flags=0x400, repeatCount=0, eventTime=2484673397, downTime=2484673397, deviceId=-1, source=0x101 }]
04-26 11:47:47.426 16587 16587 I KEY-PinyinIME-180817-b: --->onKeyDown.keyCode=[20],event=[KeyEvent { action=ACTION_DOWN, keyCode=KEYCODE_DPAD_DOWN, scanCode=0, metaState=0, flags=0x400, repeatCount=0, eventTime=2484673397, downTime=2484673397, deviceId=-1, source=0x101 }]
04-26 11:47:47.427 16587 16587 I KEY-PinyinIME-180817-b: --->onKeyUp.keyCode=[20],event=[KeyEvent { action=ACTION_UP, keyCode=KEYCODE_DPAD_DOWN, scanCode=0, metaState=0, flags=0x400, repeatCount=0, eventTime=2484673397, downTime=2484673397, deviceId=-1, source=0x101 }]
04-26 11:47:47.872 16838 16871 I Corona  : verifyFile > try to read file = patcher/lastPCfghash
04-26 11:47:47.876 16838 16871 I Corona  : hashStr = 	19c8fad303e8bbdc7ffac02ba13428b2305c9913
04-26 11:47:47.876 16838 16871 I Corona  : realHash = 	19c8fad303e8bbdc7ffac02ba13428b2305c9913
04-26 11:47:47.876 16838 16871 I Corona  : patcher/lastPCfg==verifyFile true!
04-26 11:47:48.005 16838 16871 I Corona  : verifyFile > try to read file = patcher/lastPCfghash
04-26 11:47:48.009 16838 16871 I Corona  : hashStr = 	19c8fad303e8bbdc7ffac02ba13428b2305c9913
04-26 11:47:48.009 16838 16871 I Corona  : realHash = 	19c8fad303e8bbdc7ffac02ba13428b2305c9913
04-26 11:47:48.009 16838 16871 I Corona  : patcher/lastPCfg==verifyFile true!
04-26 11:47:48.019 16838 16871 I Corona  : savedData	{"minVersion":1.8,"cryptoType":2,"sdkUpdate":false,"subversion":1555924205,"banRetails":[[],[],[]],"version":1.8,"hot":false,"downloadType":2,"res":{"1.801":[{"hash":"bfd3f5bc8b5281accf8e3c50b6dba0777219b720","fileName":"scene.character.upOfficerScene.lua"},{"hash":"1e54c7d5f8488c2b10d4196df137be3a40d5b5a9","fileName":"scene.chatScene.chatDialog.lua"},{"hash":"4df78a790ef613c1e9404fe5c326461978d5d6fd","fileName":"scene.diplomacyScene.privateChatDialog.lua"},{"hash":"e204974d67c9973d8a08050c1bdfc1359e4cac28","fileName":"scene.ministerScene.ministerInfo.lua"},{"hash":"72e25ec4aad02e267d9e4154fa2d6d5eac95f01d","fileName":"scene.ministerScene.ministerScene.lua"},{"hash":"35d0876e689ae9e6f40d596bef64c09b556bbe42","fileName":"ui.skipScene.lua"}],"1.802":[{"hash":"4e8eb4b0a93b644d300cc5009067a9107900b5ed","fileName":"configs.settings.Clientar.lua"},{"hash":"787d795fcf68608997602dd174d7ab6a21336144","fileName":"configs.settings.Clientde.lua"},{"hash":"1854093e943fbfbdb987cbf346300edae3cc829b","fileName":"configs.settings.Clienten.lua"},{"hash":"13cbec4e48c0544fadde04946859ff984c9bb88e","fileName":"configs.settings.Clientes.lua"},{"hash":"517c49148827194e43b18d641062f42c168faf17","fileName":"configs.settings.Clientfr.lua"},{"hash":"826addb275998bcb0872a798563e88f3cbec2b73","fileName":"configs.settings.Clientin.lua"},{"hash":"a3ca2cb0ab2d18e0032cacd944c1c036f5ca0e68","fileName":"configs.settings.Clientit.lua"},{"hash":"f7b7f9b429d03b2b26c46e8132996970fa1c89af","fileName":"configs.settings.Clientko.lua"},{"hash":"7eee4a727be547ceec0e04ead1881968f2d4cfdd","fileName":"configs.settings.Clientpt.lua"},{"hash":"dac3da1bc1e0e34e4b357deaf011cab3aa9659ea","fileName":"configs.settings.Clientru.lua"},{"hash":"229328376dfff422541476b3ab0436597105ff0e","fileName":"configs.settings.Clientth.lua"},{"hash":"9fdf4fb203a180c4e2343d7b1d7859d3362ca097","fileName":"configs.settings.Clienttr.lua"},{"hash":"ddee1d067d0d04255cd4754a80bf48643758b135","fileName":"configs.settings.Clienttw.lua"},{"hash":"4a52bf465389477cf10e552dc87eabd16a570a19","fileName":"configs.settings.Clientzh.lua"},{"hash":"018e8eee1cb3c30405523543d5ec14bcdff6973b","fileName":"configs.settings.ConfigEnvSet.lua"},{"hash":"92030d28fed36311cacd8813f30f344d64e5dc08","fileName":"configs.settings.Tcar.lua"},{"hash":"f4c2baf91636f4466e1738d98e68bae5c3084aa5","fileName":"configs.settings.Tcde.lua"},{"hash":"98facd4f2841808828cbfd32f034b92b14921024","fileName":"configs.settings.TcDinnerRefactorRankAward.lua"},{"hash":"031a1c63c415088ae258fc4aa1b67111cdc800aa","fileName":"configs.settings.Tcen.lua"},{"hash":"0eac8674907d39d0c1635a393c14448b220e47fd","fileName":"configs.settings.Tces.lua"},{"hash":"bc93ef35b9c9ea80f2ab79a5351c33dbad7800ea","fileName":"configs.settings.Tcfr.lua"},{"hash":"87f408ab182bcf84e533be9be3ba346a8085e91f","fileName":"configs.settings.Tcin.lua"},{"hash":"a9cd2538114ea1cdac18bed996302b0eeee79c6a","fileName":"configs.settings.Tcit.lua"},{"hash":"6941899e77379a04752cda0b66f54c7b58740eac","fileName":"configs.settings.Tcko.lua"},{"hash":"5aeb0c062a3172dc85fa306475fbf21be2048d75","fileName":"configs.settings.Tcpt.lua"},{"hash":"695ca73f873dab60679a33b94dc4b686b2532341","fileName":"configs.settings.TcRelicAward.lua"},{"hash":"a361d0d8f6b9416a7ce2cdb3cffc073b62750498","fileName":"configs.settings.Tcru.lua"},{"hash":"c09d6f0ffcf628fb815c3e7ba5697c5a6628f14e","fileName":"configs.settings.Tcth.lua"},{"hash":"3e23cdf6e1db862e310cd3a0a660f0077ce22dc9","fileName":"configs.settings.Tctr.lua"},{"hash":"ede0d4c568e35c5e464c314267bcb9920d53be66","fileName":"configs.settings.Tctw.lua"},{"hash":"38b7b3cc6eb8825e61d4f15e826c8200d04562e1","fileName":"configs.settings.Tczh.lua"},{"hash":"2977f961b18ba852fd0da3f029992cfae66f6a76","fileName":"configs.TcGuide.lua"},{"hash":"1f71f81d14a81aa6fa6a8119abcbd798b8de585a","fileName":"modules._allianceMod.lua"},{"hash":"0493cc91e3d1eaaee0f019e11947378f615f0bd8","fileName":"modules._allianceWarMod.lua"},{"hash":"bfc42604d5a95f8dc0632987091c21ec39a4fd36","fileName":"modules._diplomacyMod.lua"},{"hash":"3959cc679bbf018a
04-26 11:47:48.025 16838 16871 I Corona  : updateData	{"minVersion":1.8,"cryptoType":2,"sdkUpdate":false,"subversion":1555924205,"banRetails":[[],[],[]],"version":1.8,"isMust":false,"res":{"1.802":[{"hash":"4e8eb4b0a93b644d300cc5009067a9107900b5ed","fileName":"configs.settings.Clientar.lua"},{"hash":"787d795fcf68608997602dd174d7ab6a21336144","fileName":"configs.settings.Clientde.lua"},{"hash":"1854093e943fbfbdb987cbf346300edae3cc829b","fileName":"configs.settings.Clienten.lua"},{"hash":"13cbec4e48c0544fadde04946859ff984c9bb88e","fileName":"configs.settings.Clientes.lua"},{"hash":"517c49148827194e43b18d641062f42c168faf17","fileName":"configs.settings.Clientfr.lua"},{"hash":"826addb275998bcb0872a798563e88f3cbec2b73","fileName":"configs.settings.Clientin.lua"},{"hash":"a3ca2cb0ab2d18e0032cacd944c1c036f5ca0e68","fileName":"configs.settings.Clientit.lua"},{"hash":"f7b7f9b429d03b2b26c46e8132996970fa1c89af","fileName":"configs.settings.Clientko.lua"},{"hash":"7eee4a727be547ceec0e04ead1881968f2d4cfdd","fileName":"configs.settings.Clientpt.lua"},{"hash":"dac3da1bc1e0e34e4b357deaf011cab3aa9659ea","fileName":"configs.settings.Clientru.lua"},{"hash":"229328376dfff422541476b3ab0436597105ff0e","fileName":"configs.settings.Clientth.lua"},{"hash":"9fdf4fb203a180c4e2343d7b1d7859d3362ca097","fileName":"configs.settings.Clienttr.lua"},{"hash":"ddee1d067d0d04255cd4754a80bf48643758b135","fileName":"configs.settings.Clienttw.lua"},{"hash":"4a52bf465389477cf10e552dc87eabd16a570a19","fileName":"configs.settings.Clientzh.lua"},{"hash":"018e8eee1cb3c30405523543d5ec14bcdff6973b","fileName":"configs.settings.ConfigEnvSet.lua"},{"hash":"92030d28fed36311cacd8813f30f344d64e5dc08","fileName":"configs.settings.Tcar.lua"},{"hash":"f4c2baf91636f4466e1738d98e68bae5c3084aa5","fileName":"configs.settings.Tcde.lua"},{"hash":"98facd4f2841808828cbfd32f034b92b14921024","fileName":"configs.settings.TcDinnerRefactorRankAward.lua"},{"hash":"031a1c63c415088ae258fc4aa1b67111cdc800aa","fileName":"configs.settings.Tcen.lua"},{"hash":"0eac8674907d39d0c1635a393c14448b220e47fd","fileName":"configs.settings.Tces.lua"},{"hash":"bc93ef35b9c9ea80f2ab79a5351c33dbad7800ea","fileName":"configs.settings.Tcfr.lua"},{"hash":"87f408ab182bcf84e533be9be3ba346a8085e91f","fileName":"configs.settings.Tcin.lua"},{"hash":"a9cd2538114ea1cdac18bed996302b0eeee79c6a","fileName":"configs.settings.Tcit.lua"},{"hash":"6941899e77379a04752cda0b66f54c7b58740eac","fileName":"configs.settings.Tcko.lua"},{"hash":"5aeb0c062a3172dc85fa306475fbf21be2048d75","fileName":"configs.settings.Tcpt.lua"},{"hash":"695ca73f873dab60679a33b94dc4b686b2532341","fileName":"configs.settings.TcRelicAward.lua"},{"hash":"a361d0d8f6b9416a7ce2cdb3cffc073b62750498","fileName":"configs.settings.Tcru.lua"},{"hash":"c09d6f0ffcf628fb815c3e7ba5697c5a6628f14e","fileName":"configs.settings.Tcth.lua"},{"hash":"3e23cdf6e1db862e310cd3a0a660f0077ce22dc9","fileName":"configs.settings.Tctr.lua"},{"hash":"ede0d4c568e35c5e464c314267bcb9920d53be66","fileName":"configs.settings.Tctw.lua"},{"hash":"38b7b3cc6eb8825e61d4f15e826c8200d04562e1","fileName":"configs.settings.Tczh.lua"},{"hash":"2977f961b18ba852fd0da3f029992cfae66f6a76","fileName":"configs.TcGuide.lua"},{"hash":"1f71f81d14a81aa6fa6a8119abcbd798b8de585a","fileName":"modules._allianceMod.lua"},{"hash":"0493cc91e3d1eaaee0f019e11947378f615f0bd8","fileName":"modules._allianceWarMod.lua"},{"hash":"bfc42604d5a95f8dc0632987091c21ec39a4fd36","fileName":"modules._diplomacyMod.lua"},{"hash":"3959cc679bbf018a05755f18ec88372af8afa9f0","fileName":"modules._feastMod.lua"},{"hash":"022f53789546b3fdaa898ee1e094526fde8717fb","fileName":"modules._findMod.lua"},{"hash":"baf41eb4096a6fb01063beb2becf40263df2ce1c","fileName":"modules._mainTaskMod.lua"},{"hash":"76fab5819944271372bc09c72969508198c4b45b","fileName":"modules._stageMod.lua"},{"hash":"a8d65803ec59a157b4b5ff0e13c0858c223c6a57","fileName":"scene.allianceTradeScene.allianceTradeScene.lua"},{"hash":"79581b8728e9a4ef4c4621d3e679380c5dbdcf9d","fileName":"scene.allianceWarScene.allianceWarScene.lua"},{"hash":"9738968f26752c18917469d3fc9e2d4bee4047aa","fileName":"scen
04-26 11:47:48.025 16838 16871 I Corona  : 1.8	1.8	1555924205	1555924205
04-26 11:47:48.027 16838 16871 I Corona  : =============================================
04-26 11:47:48.027 16838 16871 I Corona  : send data	cmd : 	15000
04-26 11:47:48.027 16838 16871 I Corona  : {"isSend":true,"callBackFunc":"<type 'function' is not supported by JSON.>","url":"https://hwsj-eu-test.clktec.com:20888/frontend/forward","data":{"RetailId":2,"HotVersion":1555924205,"appId":1021,"ActId":15000,"Ver":"1.801","serverId":9000,"Token":"eyJhbGciOiJIUzI1NiIsInR5cCI6IkpXVCJ9.eyJleHAiOjE1NTYyNTA2MjEsImlhdCI6MTU1NjI1MDI2MSwianRpIjoidnBjeWRoeTd5Ynk5In0.zBAnucnWpdSlvVc4UxdRdWMtS044-mUETTm13yt25Xc","T":1556250441,"actionid":15000,"Lang":"zh-cn","Sess":"UJf50Z3goLKTfEX4jkexX]5G0ElO"},"loginCount":1}
04-26 11:47:48.027 16838 16871 I Corona  : extra info	https://hwsj-eu-test.clktec.com:20888/frontend/forward
04-26 11:47:48.027 16838 16871 I Corona  : =============================================
04-26 11:47:48.049 16838 16871 I Corona  : socket receive data error : 	closed
04-26 11:47:48.212 25955 25961 W art     : Suspending all threads took: 5.726ms
04-26 11:47:48.221 25955 25961 I art     : Background sticky concurrent mark sweep GC freed 45458(1548KB) AllocSpace objects, 0(0B) LOS objects, 37% free, 2MB/4MB, paused 7.026ms total 27.931ms
04-26 11:47:48.982 16838 16871 I Corona  : =============================================
04-26 11:47:48.982 16838 16871 I Corona  : send data	   cmd : 	10001
04-26 11:47:48.982 16838 16871 I Corona  : {"isSend":true,"callBackFunc":"<type 'function' is not supported by JSON.>","url":"https://hwsj-eu-test.clktec.com:20888/frontend/forward","data":{"Sess":"UJf50Z3goLKTfEX4jkexX]5G0ElO","HotVersion":1555924205,"appId":1021,"CollectType":3,"ActId":10001,"Ver":"1.801","serverId":9000,"Token":"eyJhbGciOiJIUzI1NiIsInR5cCI6IkpXVCJ9.eyJleHAiOjE1NTYyNTA2MjEsImlhdCI6MTU1NjI1MDI2MSwianRpIjoidnBjeWRoeTd5Ynk5In0.zBAnucnWpdSlvVc4UxdRdWMtS044-mUETTm13yt25Xc","RetailId":2,"T":1556250442,"Lang":"zh-cn","actionid":10001},"loginCount":1}
04-26 11:47:48.982 16838 16871 I Corona  : extra info	https://hwsj-eu-test.clktec.com:20888/frontend/forward
04-26 11:47:48.982 16838 16871 I Corona  : =============================================
04-26 11:47:49.051 16838 16871 I Corona  : =============================================
04-26 11:47:49.051 16838 16871 I Corona  : response data	cmd : 	15000
04-26 11:47:49.051 16838 16871 I Corona  : {"stat":1,"info":"","data":"{"Data":{"CrossCompetitionRank":false,"SeaKingInvite":false,"CityAward":false,"SysTime":1556250471,"SeaKingFood":false,"CompetitionRank":false,"AllianceAgreeApply":false,"SeaKingItemAward":false,"Dinner":false,"BarbarianKingVitalityFull":false,"TeamInvite":{},"Cost":35,"NewMailNum":0,"AllianceDailyTask":false,"AllianceWar":false,"InfiniteBattleSpoils":false,"FbInvitation":false,"AllianceApply":false,"AllianceTrade":false,"RedPoint":{"achievement":1},"TimeLimit":false},"Info":"","Code":0,"Sess":"kJf50Z3goLKTfEX4jkexX]qyqtde"}"}
04-26 11:47:49.051 16838 16871 I Corona  : extra info	(ms)  1014.2269134521
04-26 11:47:49.051 16838 16871 I Corona  : =============================================
04-26 11:47:49.588 16587 16587 I KEY-PinyinIME-180817-b: --->onKeyDown.keyCode=[19],event=[KeyEvent { action=ACTION_DOWN, keyCode=KEYCODE_DPAD_UP, scanCode=0, metaState=0, flags=0x400, repeatCount=0, eventTime=2484675560, downTime=2484675560, deviceId=-1, source=0x101 }]
04-26 11:47:49.590 16587 16587 I KEY-PinyinIME-180817-b: --->onKeyDown.keyCode=[19],event=[KeyEvent { action=ACTION_DOWN, keyCode=KEYCODE_DPAD_UP, scanCode=0, metaState=0, flags=0x400, repeatCount=0, eventTime=2484675560, downTime=2484675560, deviceId=-1, source=0x101 }]
04-26 11:47:49.592 16587 16587 I KEY-PinyinIME-180817-b: --->onKeyUp.keyCode=[19],event=[KeyEvent { action=ACTION_UP, keyCode=KEYCODE_DPAD_UP, scanCode=0, metaState=0, flags=0x400, repeatCount=0, eventTime=2484675560, downTime=2484675560, deviceId=-1, source=0x101 }]
04-26 11:47:49.592 16587 16587 I KEY-PinyinIME-180817-b: --->onKeyDown.keyCode=[19],event=[KeyEvent { action=ACTION_DOWN, keyCode=KEYCODE_DPAD_UP, scanCode=0, metaState=0, flags=0x400, repeatCount=0, eventTime=2484675560, downTime=2484675560, deviceId=-1, source=0x101 }]
04-26 11:47:49.592 16587 16587 I KEY-PinyinIME-180817-b: --->onKeyUp.keyCode=[19],event=[KeyEvent { action=ACTION_UP, keyCode=KEYCODE_DPAD_UP, scanCode=0, metaState=0, flags=0x400, repeatCount=0, eventTime=2484675560, downTime=2484675560, deviceId=-1, source=0x101 }]
04-26 11:47:49.592 16587 16587 I KEY-PinyinIME-180817-b: --->onKeyDown.keyCode=[19],event=[KeyEvent { action=ACTION_DOWN, keyCode=KEYCODE_DPAD_UP, scanCode=0, metaState=0, flags=0x400, repeatCount=0, eventTime=2484675560, downTime=2484675560, deviceId=-1, source=0x101 }]
04-26 11:47:49.592 16587 16587 I KEY-PinyinIME-180817-b: --->onKeyUp.keyCode=[19],event=[KeyEvent { action=ACTION_UP, keyCode=KEYCODE_DPAD_UP, scanCode=0, metaState=0, flags=0x400, repeatCount=0, eventTime=2484675560, downTime=2484675560, deviceId=-1, source=0x101 }]
04-26 11:47:49.592 16587 16587 I KEY-PinyinIME-180817-b: --->onKeyDown.keyCode=[19],event=[KeyEvent { action=ACTION_DOWN, keyCode=KEYCODE_DPAD_UP, scanCode=0, metaState=0, flags=0x400, repeatCount=0, eventTime=2484675560, downTime=2484675560, deviceId=-1, source=0x101 }]
04-26 11:47:49.593 16587 16587 I KEY-PinyinIME-180817-b: --->onKeyUp.keyCode=[19],event=[KeyEvent { action=ACTION_UP, keyCode=KEYCODE_DPAD_UP, scanCode=0, metaState=0, flags=0x400, repeatCount=0, eventTime=2484675560, downTime=2484675560, deviceId=-1, source=0x101 }]
04-26 11:47:49.605 16587 16587 I KEY-PinyinIME-180817-b: --->onKeyDown.keyCode=[22],event=[KeyEvent { action=ACTION_DOWN, keyCode=KEYCODE_DPAD_RIGHT, scanCode=0, metaState=0, flags=0x400, repeatCount=0, eventTime=2484675576, downTime=2484675576, deviceId=-1, source=0x101 }]
04-26 11:47:49.605 16587 16587 I KEY-PinyinIME-180817-b: --->onKeyUp.keyCode=[22],event=[KeyEvent { action=ACTION_UP, keyCode=KEYCODE_DPAD_RIGHT, scanCode=0, metaState=0, flags=0x400, repeatCount=0, eventTime=2484675576, downTime=2484675576, deviceId=-1, source=0x101 }]
04-26 11:47:49.609 16587 16587 I KEY-PinyinIME-180817-b: --->onKeyDown.keyCode=[22],event=[KeyEvent { action=ACTION_DOWN, keyCode=KEYCODE_DPAD_RIGHT, scanCode=0, metaState=0, flags=0x400, repeatCount=0, eventTime=2484675576, downTime=2484675576, deviceId=-1, source=0x101 }]
04-26 11:47:49.610 16587 16587 I KEY-PinyinIME-180817-b: --->onKeyUp.keyCode=[22],event=[KeyEvent { action=ACTION_UP, keyCode=KEYCODE_DPAD_RIGHT, scanCode=0, metaState=0, flags=0x400, repeatCount=0, eventTime=2484675576, downTime=2484675576, deviceId=-1, source=0x101 }]
04-26 11:47:49.620 16587 16587 I KEY-PinyinIME-180817-b: --->onKeyDown.keyCode=[20],event=[KeyEvent { action=ACTION_DOWN, keyCode=KEYCODE_DPAD_DOWN, scanCode=0, metaState=0, flags=0x400, repeatCount=0, eventTime=2484675592, downTime=2484675592, deviceId=-1, source=0x101 }]
04-26 11:47:49.620 16587 16587 I KEY-PinyinIME-180817-b: --->onKeyUp.keyCode=[20],event=[KeyEvent { action=ACTION_UP, keyCode=KEYCODE_DPAD_DOWN, scanCode=0, metaState=0, flags=0x400, repeatCount=0, eventTime=2484675592, downTime=2484675592, deviceId=-1, source=0x101 }]
04-26 11:47:49.621 16587 16587 I KEY-PinyinIME-180817-b: --->onKeyDown.keyCode=[20],event=[KeyEvent { action=ACTION_DOWN, keyCode=KEYCODE_DPAD_DOWN, scanCode=0, metaState=0, flags=0x400, repeatCount=0, eventTime=2484675592, downTime=2484675592, deviceId=-1, source=0x101 }]
04-26 11:47:49.621 16587 16587 I KEY-PinyinIME-180817-b: --->onKeyUp.keyCode=[20],event=[KeyEvent { action=ACTION_UP, keyCode=KEYCODE_DPAD_DOWN, scanCode=0, metaState=0, flags=0x400, repeatCount=0, eventTime=2484675592, downTime=2484675592, deviceId=-1, source=0x101 }]
04-26 11:47:49.621 16587 16587 I KEY-PinyinIME-180817-b: --->onKeyDown.keyCode=[20],event=[KeyEvent { action=ACTION_DOWN, keyCode=KEYCODE_DPAD_DOWN, scanCode=0, metaState=0, flags=0x400, repeatCount=0, eventTime=2484675592, downTime=2484675592, deviceId=-1, source=0x101 }]
04-26 11:47:49.621 16587 16587 I KEY-PinyinIME-180817-b: --->onKeyUp.keyCode=[20],event=[KeyEvent { action=ACTION_UP, keyCode=KEYCODE_DPAD_DOWN, scanCode=0, metaState=0, flags=0x400, repeatCount=0, eventTime=2484675592, downTime=2484675592, deviceId=-1, source=0x101 }]
04-26 11:47:50.152 16838 16871 I Corona  : =============================================
04-26 11:47:50.152 16838 16871 I Corona  : response data	   cmd : 	10001
04-26 11:47:50.152 16838 16871 I Corona  : {"stat":1,"info":"","data":"{"Data":{"MiracleTrigger":false,"RedPoint":{"achievement":1},"SysTime":1556250473,"Cost":42,"OverTimes":[120],"RemainList":[{"ItemId":4,"Num":1390},{"ItemId":3,"Num":730}],"LevyTimeUTC":[1556163862,1556250187,1556250352]},"Info":"","Code":0,"Sess":"oef50Z3goLKTfEX4jkexXHyz5Ogf"}"}
04-26 11:47:50.152 16838 16871 I Corona  : extra info	(ms)  1160.5949401855
04-26 11:47:50.152 16838 16871 I Corona  : =============================================
04-26 11:47:50.878 16587 16587 I KEY-PinyinIME-180817-b: --->onKeyDown.keyCode=[22],event=[KeyEvent { action=ACTION_DOWN, keyCode=KEYCODE_DPAD_RIGHT, scanCode=0, metaState=0, flags=0x400, repeatCount=0, eventTime=2484676841, downTime=2484676841, deviceId=-1, source=0x101 }]
04-26 11:47:50.880 16587 16587 I KEY-PinyinIME-180817-b: --->onKeyUp.keyCode=[22],event=[KeyEvent { action=ACTION_UP, keyCode=KEYCODE_DPAD_RIGHT, scanCode=0, metaState=0, flags=0x400, repeatCount=0, eventTime=2484676841, downTime=2484676841, deviceId=-1, source=0x101 }]
04-26 11:47:50.880 16587 16587 I KEY-PinyinIME-180817-b: --->onKeyDown.keyCode=[22],event=[KeyEvent { action=ACTION_DOWN, keyCode=KEYCODE_DPAD_RIGHT, scanCode=0, metaState=0, flags=0x400, repeatCount=0, eventTime=2484676841, downTime=2484676841, deviceId=-1, source=0x101 }]
04-26 11:47:50.880 16587 16587 I KEY-PinyinIME-180817-b: --->onKeyUp.keyCode=[22],event=[KeyEvent { action=ACTION_UP, keyCode=KEYCODE_DPAD_RIGHT, scanCode=0, metaState=0, flags=0x400, repeatCount=0, eventTime=2484676841, downTime=2484676841, deviceId=-1, source=0x101 }]
04-26 11:47:50.881 16587 16587 I KEY-PinyinIME-180817-b: --->onKeyDown.keyCode=[22],event=[KeyEvent { action=ACTION_DOWN, keyCode=KEYCODE_DPAD_RIGHT, scanCode=0, metaState=0, flags=0x400, repeatCount=0, eventTime=2484676841, downTime=2484676841, deviceId=-1, source=0x101 }]
04-26 11:47:50.881 16587 16587 I KEY-PinyinIME-180817-b: --->onKeyUp.keyCode=[22],event=[KeyEvent { action=ACTION_UP, keyCode=KEYCODE_DPAD_RIGHT, scanCode=0, metaState=0, flags=0x400, repeatCount=0, eventTime=2484676841, downTime=2484676841, deviceId=-1, source=0x101 }]
04-26 11:47:50.881 16587 16587 I KEY-PinyinIME-180817-b: --->onKeyDown.keyCode=[22],event=[KeyEvent { action=ACTION_DOWN, keyCode=KEYCODE_DPAD_RIGHT, scanCode=0, metaState=0, flags=0x400, repeatCount=0, eventTime=2484676841, downTime=2484676841, deviceId=-1, source=0x101 }]
04-26 11:47:50.881 16587 16587 I KEY-PinyinIME-180817-b: --->onKeyUp.keyCode=[22],event=[KeyEvent { action=ACTION_UP, keyCode=KEYCODE_DPAD_RIGHT, scanCode=0, metaState=0, flags=0x400, repeatCount=0, eventTime=2484676841, downTime=2484676841, deviceId=-1, source=0x101 }]
04-26 11:47:50.893 16587 16587 I KEY-PinyinIME-180817-b: --->onKeyDown.keyCode=[19],event=[KeyEvent { action=ACTION_DOWN, keyCode=KEYCODE_DPAD_UP, scanCode=0, metaState=0, flags=0x400, repeatCount=0, eventTime=2484676864, downTime=2484676864, deviceId=-1, source=0x101 }]
04-26 11:47:50.894 16587 16587 I KEY-PinyinIME-180817-b: --->onKeyUp.keyCode=[19],event=[KeyEvent { action=ACTION_UP, keyCode=KEYCODE_DPAD_UP, scanCode=0, metaState=0, flags=0x400, repeatCount=0, eventTime=2484676864, downTime=2484676864, deviceId=-1, source=0x101 }]
04-26 11:47:50.894 16587 16587 I KEY-PinyinIME-180817-b: --->onKeyDown.keyCode=[19],event=[KeyEvent { action=ACTION_DOWN, keyCode=KEYCODE_DPAD_UP, scanCode=0, metaState=0, flags=0x400, repeatCount=0, eventTime=2484676864, downTime=2484676864, deviceId=-1, source=0x101 }]
04-26 11:47:50.894 16587 16587 I KEY-PinyinIME-180817-b: --->onKeyUp.keyCode=[19],event=[KeyEvent { action=ACTION_UP, keyCode=KEYCODE_DPAD_UP, scanCode=0, metaState=0, flags=0x400, repeatCount=0, eventTime=2484676864, downTime=2484676864, deviceId=-1, source=0x101 }]
04-26 11:47:50.911 16587 16587 I KEY-PinyinIME-180817-b: --->onKeyDown.keyCode=[21],event=[KeyEvent { action=ACTION_DOWN, keyCode=KEYCODE_DPAD_LEFT, scanCode=0, metaState=0, flags=0x400, repeatCount=0, eventTime=2484676882, downTime=2484676882, deviceId=-1, source=0x101 }]
04-26 11:47:50.913 16587 16587 I KEY-PinyinIME-180817-b: --->onKeyUp.keyCode=[21],event=[KeyEvent { action=ACTION_UP, keyCode=KEYCODE_DPAD_LEFT, scanCode=0, metaState=0, flags=0x400, repeatCount=0, eventTime=2484676882, downTime=2484676882, deviceId=-1, source=0x101 }]
04-26 11:47:50.913 16587 16587 I KEY-PinyinIME-180817-b: --->onKeyDown.keyCode=[21],event=[KeyEvent { action=ACTION_DOWN, keyCode=KEYCODE_DPAD_LEFT, scanCode=0, metaState=0, flags=0x400, repeatCount=0, eventTime=2484676882, downTime=2484676882, deviceId=-1, source=0x101 }]
04-26 11:47:50.916 16587 16587 I KEY-PinyinIME-180817-b: --->onKeyUp.keyCode=[21],event=[KeyEvent { action=ACTION_UP, keyCode=KEYCODE_DPAD_LEFT, scanCode=0, metaState=0, flags=0x400, repeatCount=0, eventTime=2484676882, downTime=2484676882, deviceId=-1, source=0x101 }]
