01-11 04:32:37.331  1485  4196 W ActivityManager: getRunningAppProcesses: caller 10155 does not hold REAL_GET_TASKS; limiting output
01-11 04:32:39.193  1485  3828 I ActivityManager: resolve info: ResolveInfo{f10f192 cn.testin.itestin/com.testin.itestin.ui.MainActivity m=0x0 euid=0}, euid: 0
01-11 04:32:39.198  1485  3828 I ActivityManager: ActivityRecord info: ActivityInfo{cbd8763 com.testin.itestin.ui.MainActivity}, euid=0
01-11 04:32:39.259  1485  3828 V HwWindowManagerService: moveTaskToTop mTaskChanged:true
01-11 04:32:39.261  1485  3828 V HwWindowManagerService: setFocusedApp update app ops, mTaskChanged set to:false
01-11 04:32:39.263  1485  1499 I ActivityManager: collectReceiverComponents for intent: Intent { act=com.huawei.android.action.WIDGET_FOCUS_CHANGE flg=0x10 (has extras) }, receivers: null
01-11 04:32:39.284  1485  3317 I ActivityManager: launch r: ActivityRecord{9d0aa89 u0 cn.testin.itestin/com.testin.itestin.ui.MainActivity t203}, uid = 10106, r.info.applicationInfo.euid  = 0
01-11 04:32:39.356 19982 19982 V ActivityThread: ActivityThread,callActivityOnCreate
01-11 04:32:39.403  1485  4318 I ActivityManager: resolve info: ResolveInfo{b790c20 com.android.packageinstaller/.permission.ui.GrantPermissionsActivity p=1 m=0x108000 euid=0}, euid: 0
01-11 04:32:39.404  1485  4318 I ActivityManager: ActivityRecord info: ActivityInfo{d00ca25 com.android.packageinstaller.permission.ui.GrantPermissionsActivity}, euid=0
01-11 04:32:39.406  1485  4318 V HwWindowManagerService: moveTaskToTop mTaskChanged:true
01-11 04:32:39.409  1485  4318 V HwWindowManagerService: moveTaskToTop mTaskChanged:true
01-11 04:32:39.410  1485  4318 V HwWindowManagerService: setFocusedApp update app ops, mTaskChanged set to:false
01-11 04:32:39.536  1485  1485 E InputMethodManagerService: Ignoring updateSystemUiLocked due to an invalid token. uid:1000 token:null
01-11 04:32:39.541  1485  3308 I ActivityManager: resolve info: ResolveInfo{f32ca4c com.huawei.android.launcher/.Launcher m=0x108000 euid=0}, euid: 0
01-11 04:32:39.542  1485  3308 I ActivityManager: ActivityRecord info: ActivityInfo{50b7a95 com.huawei.android.launcher.Launcher}, euid=0
01-11 04:32:39.546  1485  3308 V HwWindowManagerService: moveTaskToTop mTaskChanged:true
01-11 04:32:39.547  1485  3308 V HwWindowManagerService: setFocusedApp update app ops, mTaskChanged set to:false
01-11 04:32:39.558  1485  1500 I ActivityManager: collectReceiverComponents for intent: Intent { act=com.huawei.android.action.WIDGET_FOCUS_CHANGE flg=0x10 (has extras) }, receivers: null
01-11 04:32:39.559  1485  4318 I ActivityManager: collectReceiverComponents for intent: Intent { act=com.huawei.android.action.ACTION_UPDATE_TIME_CHECK flg=0x10 pkg=com.huawei.android.totemweather (has extras) }, receivers: [ResolveInfo{998ff9b com.huawei.android.totemweather/.utils.CenterReceiver m=0x108000 euid=0}]
01-11 04:32:39.563  1485  4228 W InputMethodManagerService: Window already focused, ignoring focus gain of: com.android.internal.view.IInputMethodClient$Stub$Proxy@3762b11 attribute=null, token = android.os.BinderProxy@eb8a8b6
01-11 04:32:39.568  1485  4331 I ActivityManager: retrieveServiceLocked, callerApp: ProcessRecord{c7e4bf 20235:com.huawei.android.totemweather/u0a30}, flags: 400
01-11 04:32:39.569  1485  4331 I ActivityManager: bindServiceLocked, r: ServiceRecord{a95b476 u0 euid: 0 com.huawei.android.totemweather/.WeatherService}, euid: 0
01-11 04:32:39.908  1485  1522 W ActivityManager: Activity pause timeout for ActivityRecord{9d0aa89 u0 cn.testin.itestin/com.testin.itestin.ui.MainActivity t203}
01-11 04:32:40.095  1485  3825 D ConnectivityService: listenForNetwork for Listen from uid/pid:10106/19982 for NetworkRequest [ id=351, legacyType=-1, [ Capabilities: INTERNET&NOT_RESTRICTED&TRUSTED] ]
01-11 04:32:40.485 19982 19982 D ActivityThread: add activity client record, r= ActivityRecord{1a2df90 token=android.os.BinderProxy@4030a53 {cn.testin.itestin/com.testin.itestin.ui.MainActivity}} token= android.os.BinderProxy@4030a53
01-11 04:32:40.537  1485  1500 V HwPhoneWindowManager: updateSystemUiColorLw window=Window{70114 u0 cn.testin.itestin/com.testin.itestin.ui.MainActivity},EmuiStyle=0,StatusBarColor=0xff000000,NavigationBarColor=0xff000000
01-11 04:32:40.537  3544  4994 D CommandQueue: CommandQueue, onTransaction
01-11 04:32:40.537  3544  4994 D CommandQueue: CommandQueue, setBarBackgroundColor
01-11 04:32:40.549  1485  4318 D ConnectivityService: listenForNetwork for Listen from uid/pid:10106/19982 for NetworkRequest [ id=352, legacyType=-1, [ Capabilities: INTERNET&NOT_RESTRICTED&TRUSTED] ]
01-11 04:32:41.768  1485  3401 I ActivityManager: collectReceiverComponents for intent: Intent { flg=0x4000010 }, receivers: null
01-11 04:32:41.768  1485  3401 I ActivityManager: collectReceiverComponents for intent: Intent { act=android.net.wifi.SCAN_RESULTS flg=0x4000010 (has extras) }, receivers: [ResolveInfo{13778b9 com.android.settings/.wifi.cmcc.ConnectSwitchReceiver m=0x108000 euid=0}]
01-11 04:32:41.769  1485  3479 D HwConnectivityService: csagent getNetworkInfoForWifi enter.
01-11 04:32:41.769  1485  3479 D HwConnectivityService: csagent getWifiNai WIFI messager key not exist in NetworkAgentInfos HashMap, networkAgentInfos = {}
01-11 04:32:41.769  1485  3479 D HwConnectivityService: csagent getNetworkInfoForWifi failed, return default NetworkInfo.
01-11 04:32:43.113  1485  1499 W ActivityManager: getRunningAppProcesses: caller 10117 does not hold REAL_GET_TASKS; limiting output
01-11 04:32:45.004  1485  4196 I HwMtmBroadcastResourceManager: removeReceiver mtm Broadcast
01-11 04:32:45.010  1485  3408 D ConnectivityService: releasing NetworkRequest NetworkRequest [ id=351, legacyType=-1, [ Capabilities: INTERNET&NOT_RESTRICTED&TRUSTED] ]
01-11 04:32:45.011  1485  3408 D ConnectivityService: sending notification RELEASED for NetworkRequest [ id=351, legacyType=-1, [ Capabilities: INTERNET&NOT_RESTRICTED&TRUSTED] ]
01-11 04:32:45.025  1485  4317 I ActivityManager: collectReceiverComponents for intent: Intent { act=com.testin.action.close flg=0x10 }, receivers: null
01-11 04:32:45.117  1485  4196 I ActivityManager: Process cn.testin.itestin (pid 19982) has died
01-11 04:32:45.117  1485  4317 I WindowState: WIN DEATH: Window{ee23688 u0 InputMethod}
01-11 04:32:45.117  1485  4196 D ActivityManager: cleanUpApplicationRecord -- 19982
01-11 04:32:45.117  1485  3315 D ConnectivityService: ConnectivityService NetworkRequestInfo binderDied(NetworkRequest [ id=352, legacyType=-1, [ Capabilities: INTERNET&NOT_RESTRICTED&TRUSTED] ], android.os.BinderProxy@24de775)
01-11 04:32:45.118  1485  3408 D ConnectivityService: releasing NetworkRequest NetworkRequest [ id=352, legacyType=-1, [ Capabilities: INTERNET&NOT_RESTRICTED&TRUSTED] ]
01-11 04:32:45.118  1485  3408 D ConnectivityService: sending notification RELEASED for NetworkRequest [ id=352, legacyType=-1, [ Capabilities: INTERNET&NOT_RESTRICTED&TRUSTED] ]
01-11 04:32:45.119  1485  3408 E ConnectivityService: RemoteException caught trying to send a callback msg for NetworkRequest [ id=352, legacyType=-1, [ Capabilities: INTERNET&NOT_RESTRICTED&TRUSTED] ]
01-11 04:32:45.122  1485  4228 I WindowState: WIN DEATH: Window{70114 u0 cn.testin.itestin/com.testin.itestin.ui.MainActivity}
01-11 04:32:45.125  1485  4196 W ActivityManager: Scheduling restart of crashed service cn.testin.itestin/com.android.im.SoftKeyboard in 1000ms
01-11 04:32:45.132  1485  4196 I ActivityManager: cleanUpApplicationRecordLocked, reset pid: 19982, euid: 0
01-11 04:32:45.140  1485  1485 W InputMethodManagerService: Session failed to close due to remote exception
01-11 04:32:45.140  1485  1485 W InputMethodManagerService: android.os.DeadObjectException
01-11 04:32:45.140  1485  1485 W InputMethodManagerService: 	at android.os.BinderProxy.transactNative(Native Method)
01-11 04:32:45.140  1485  1485 W InputMethodManagerService: 	at android.os.BinderProxy.transact(Binder.java:505)
01-11 04:32:45.140  1485  1485 W InputMethodManagerService: 	at com.android.internal.view.IInputMethodSession$Stub$Proxy.finishSession(IInputMethodSession.java:305)
01-11 04:32:45.140  1485  1485 W InputMethodManagerService: 	at com.android.server.InputMethodManagerService.finishSessionLocked(InputMethodManagerService.java:1683)
01-11 04:32:45.140  1485  1485 W InputMethodManagerService: 	at com.android.server.InputMethodManagerService.clearClientSessionLocked(InputMethodManagerService.java:1674)
01-11 04:32:45.140  1485  1485 W InputMethodManagerService: 	at com.android.server.InputMethodManagerService.clearCurMethodLocked(InputMethodManagerService.java:1700)
01-11 04:32:45.140  1485  1485 W InputMethodManagerService: 	at com.android.server.InputMethodManagerService.onServiceDisconnected(InputMethodManagerService.java:1719)
01-11 04:32:45.140  1485  1485 W InputMethodManagerService: 	at android.app.LoadedApk$ServiceDispatcher.doDeath(LoadedApk.java:1344)
01-11 04:32:45.140  1485  1485 W InputMethodManagerService: 	at android.app.LoadedApk$ServiceDispatcher$RunConnection.run(LoadedApk.java:1358)
01-11 04:32:45.140  1485  1485 W InputMethodManagerService: 	at android.os.Handler.handleCallback(Handler.java:743)
01-11 04:32:45.140  1485  1485 W InputMethodManagerService: 	at android.os.Handler.dispatchMessage(Handler.java:95)
01-11 04:32:45.140  1485  1485 W InputMethodManagerService: 	at android.os.Looper.loop(Looper.java:150)
01-11 04:32:45.140  1485  1485 W InputMethodManagerService: 	at com.android.server.SystemServer.run(SystemServer.java:410)
01-11 04:32:45.140  1485  1485 W InputMethodManagerService: 	at com.android.server.SystemServer.main(SystemServer.java:277)
01-11 04:32:45.140  1485  1485 W InputMethodManagerService: 	at java.lang.reflect.Method.invoke(Native Method)
01-11 04:32:45.140  1485  1485 W InputMethodManagerService: 	at com.android.internal.os.ZygoteInit$MethodAndArgsCaller.run(ZygoteInit.java:822)
01-11 04:32:45.140  1485  1485 W InputMethodManagerService: 	at com.android.internal.os.ZygoteInit.main(ZygoteInit.java:712)
01-11 04:32:45.141  1485  1485 W InputMethodManagerService: Session failed to close due to remote exception
01-11 04:32:45.141  1485  1485 W InputMethodManagerService: android.os.DeadObjectException
01-11 04:32:45.141  1485  1485 W InputMethodManagerService: 	at android.os.BinderProxy.transactNative(Native Method)
01-11 04:32:45.141  1485  1485 W InputMethodManagerService: 	at android.os.BinderProxy.transact(Binder.java:505)
01-11 04:32:45.141  1485  1485 W InputMethodManagerService: 	at com.android.internal.view.IInputMethodSession$Stub$Proxy.finishSession(IInputMethodSession.java:305)
01-11 04:32:45.141  1485  1485 W InputMethodManagerService: 	at com.android.server.InputMethodManagerService.finishSessionLocked(InputMethodManagerService.java:1683)
01-11 04:32:45.141  1485  1485 W InputMethodManagerService: 	at com.android.server.InputMethodManagerService.clearClientSessionLocked(InputMethodManagerService.java:1674)
01-11 04:32:45.141  1485  1485 W InputMethodManagerService: 	at com.android.server.InputMethodManagerService.clearCurMethodLocked(InputMethodManagerService.java:1700)
01-11 04:32:45.141  1485  1485 W InputMethodManagerService: 	at com.android.server.InputMethodManagerService.onServiceDisconnected(InputMethodManagerService.java:1719)
01-11 04:32:45.141  1485  1485 W InputMethodManagerService: 	at android.app.LoadedApk$ServiceDispatcher.doDeath(LoadedApk.java:1344)
01-11 04:32:45.141  1485  1485 W InputMethodManagerService: 	at android.app.LoadedApk$ServiceDispatcher$RunConnection.run(LoadedApk.java:1358)
01-11 04:32:45.141  1485  1485 W InputMethodManagerService: 	at android.os.Handler.handleCallback(Handler.java:743)
01-11 04:32:45.141  1485  1485 W InputMethodManagerService: 	at android.os.Handler.dispatchMessage(Handler.java:95)
01-11 04:32:45.141  1485  1485 W InputMethodManagerService: 	at android.os.Looper.loop(Looper.java:150)
01-11 04:32:45.141  1485  1485 W InputMethodManagerService: 	at com.android.server.SystemServer.run(SystemServer.java:410)
01-11 04:32:45.141  1485  1485 W InputMethodManagerService: 	at com.android.server.SystemServer.main(SystemServer.java:277)
01-11 04:32:45.141  1485  1485 W InputMethodManagerService: 	at java.lang.reflect.Method.invoke(Native Method)
01-11 04:32:45.141  1485  1485 W InputMethodManagerService: 	at com.android.internal.os.ZygoteInit$MethodAndArgsCaller.run(ZygoteInit.java:822)
01-11 04:32:45.141  1485  1485 W InputMethodManagerService: 	at com.android.internal.os.ZygoteInit.main(ZygoteInit.java:712)
01-11 04:32:45.141  1485  1485 W InputMethodManagerService: Session failed to close due to remote exception
01-11 04:32:45.141  1485  1485 W InputMethodManagerService: android.os.DeadObjectException
01-11 04:32:45.141  1485  1485 W InputMethodManagerService: 	at android.os.BinderProxy.transactNative(Native Method)
01-11 04:32:45.141  1485  1485 W InputMethodManagerService: 	at android.os.BinderProxy.transact(Binder.java:505)
01-11 04:32:45.141  1485  1485 W InputMethodManagerService: 	at com.android.internal.view.IInputMethodSession$Stub$Proxy.finishSession(IInputMethodSession.java:305)
01-11 04:32:45.141  1485  1485 W InputMethodManagerService: 	at com.android.server.InputMethodManagerService.finishSessionLocked(InputMethodManagerService.java:1683)
01-11 04:32:45.141  1485  1485 W InputMethodManagerService: 	at com.android.server.InputMethodManagerService.clearClientSessionLocked(InputMethodManagerService.java:1674)
01-11 04:32:45.141  1485  1485 W InputMethodManagerService: 	at com.android.server.InputMethodManagerService.clearCurMethodLocked(InputMethodManagerService.java:1700)
01-11 04:32:45.141  1485  1485 W InputMethodManagerService: 	at com.android.server.InputMethodManagerService.onServiceDisconnected(InputMethodManagerService.java:1719)
01-11 04:32:45.141  1485  1485 W InputMethodManagerService: 	at android.app.LoadedApk$ServiceDispatcher.doDeath(LoadedApk.java:1344)
01-11 04:32:45.141  1485  1485 W InputMethodManagerService: 	at android.app.LoadedApk$ServiceDispatcher$RunConnection.run(LoadedApk.java:1358)
01-11 04:32:45.141  1485  1485 W InputMethodManagerService: 	at android.os.Handler.handleCallback(Handler.java:743)
01-11 04:32:45.141  1485  1485 W InputMethodManagerService: 	at android.os.Handler.dispatchMessage(Handler.java:95)
01-11 04:32:45.141  1485  1485 W InputMethodManagerService: 	at android.os.Looper.loop(Looper.java:150)
01-11 04:32:45.141  1485  1485 W InputMethodManagerService: 	at com.android.server.SystemServer.run(SystemServer.java:410)
01-11 04:32:45.141  1485  1485 W InputMethodManagerService: 	at com.android.server.SystemServer.main(SystemServer.java:277)
01-11 04:32:45.141  1485  1485 W InputMethodManagerService: 	at java.lang.reflect.Method.invoke(Native Method)
01-11 04:32:45.141  1485  1485 W InputMethodManagerService: 	at com.android.internal.os.ZygoteInit$MethodAndArgsCaller.run(ZygoteInit.java:822)
01-11 04:32:45.141  1485  1485 W InputMethodManagerService: 	at com.android.internal.os.ZygoteInit.main(ZygoteInit.java:712)
01-11 04:32:45.168  1485  1522 W BroadcastQueue: Failure sending broadcast Intent { act=com.testin.action.close flg=0x10 }
01-11 04:32:45.168  1485  1522 W BroadcastQueue: android.os.RemoteException: app.thread must not be null
01-11 04:32:45.168  1485  1522 W BroadcastQueue: 	at com.android.server.am.BroadcastQueue.performReceiveLocked(BroadcastQueue.java:555)
01-11 04:32:45.168  1485  1522 W BroadcastQueue: 	at com.android.server.am.BroadcastQueue.deliverToRegisteredReceiverLocked(BroadcastQueue.java:692)
01-11 04:32:45.168  1485  1522 W BroadcastQueue: 	at com.android.server.am.BroadcastQueue.processNextBroadcast(BroadcastQueue.java:961)
01-11 04:32:45.168  1485  1522 W BroadcastQueue: 	at com.android.server.am.BroadcastQueue$BroadcastHandler.handleMessage(BroadcastQueue.java:195)
01-11 04:32:45.168  1485  1522 W BroadcastQueue: 	at android.os.Handler.dispatchMessage(Handler.java:102)
01-11 04:32:45.168  1485  1522 W BroadcastQueue: 	at android.os.Looper.loop(Looper.java:150)
01-11 04:32:45.168  1485  1522 W BroadcastQueue: 	at android.os.HandlerThread.run(HandlerThread.java:61)
01-11 04:32:45.168  1485  1522 W BroadcastQueue: 	at com.android.server.ServiceThread.run(ServiceThread.java:46)
01-11 04:32:45.169  1485  1522 W BroadcastQueue: Failure sending broadcast Intent { act=com.testin.action.close flg=0x10 }
01-11 04:32:45.169  1485  1522 W BroadcastQueue: android.os.RemoteException: app.thread must not be null
01-11 04:32:45.169  1485  1522 W BroadcastQueue: 	at com.android.server.am.BroadcastQueue.performReceiveLocked(BroadcastQueue.java:555)
01-11 04:32:45.169  1485  1522 W BroadcastQueue: 	at com.android.server.am.BroadcastQueue.deliverToRegisteredReceiverLocked(BroadcastQueue.java:692)
01-11 04:32:45.169  1485  1522 W BroadcastQueue: 	at com.android.server.am.BroadcastQueue.processNextBroadcast(BroadcastQueue.java:961)
01-11 04:32:45.169  1485  1522 W BroadcastQueue: 	at com.android.server.am.BroadcastQueue$BroadcastHandler.handleMessage(BroadcastQueue.java:195)
01-11 04:32:45.169  1485  1522 W BroadcastQueue: 	at android.os.Handler.dispatchMessage(Handler.java:102)
01-11 04:32:45.169  1485  1522 W BroadcastQueue: 	at android.os.Looper.loop(Looper.java:150)
01-11 04:32:45.169  1485  1522 W BroadcastQueue: 	at android.os.HandlerThread.run(HandlerThread.java:61)
01-11 04:32:45.169  1485  1522 W BroadcastQueue: 	at com.android.server.ServiceThread.run(ServiceThread.java:46)
01-11 04:32:45.169  1485  1522 W BroadcastQueue: Failure sending broadcast Intent { act=com.testin.action.close flg=0x10 }
01-11 04:32:45.169  1485  1522 W BroadcastQueue: android.os.RemoteException: app.thread must not be null
01-11 04:32:45.169  1485  1522 W BroadcastQueue: 	at com.android.server.am.BroadcastQueue.performReceiveLocked(BroadcastQueue.java:555)
01-11 04:32:45.169  1485  1522 W BroadcastQueue: 	at com.android.server.am.BroadcastQueue.deliverToRegisteredReceiverLocked(BroadcastQueue.java:692)
01-11 04:32:45.169  1485  1522 W BroadcastQueue: 	at com.android.server.am.BroadcastQueue.processNextBroadcast(BroadcastQueue.java:961)
01-11 04:32:45.169  1485  1522 W BroadcastQueue: 	at com.android.server.am.BroadcastQueue$BroadcastHandler.handleMessage(BroadcastQueue.java:195)
01-11 04:32:45.169  1485  1522 W BroadcastQueue: 	at android.os.Handler.dispatchMessage(Handler.java:102)
01-11 04:32:45.169  1485  1522 W BroadcastQueue: 	at android.os.Looper.loop(Looper.java:150)
01-11 04:32:45.169  1485  1522 W BroadcastQueue: 	at android.os.HandlerThread.run(HandlerThread.java:61)
01-11 04:32:45.169  1485  1522 W BroadcastQueue: 	at com.android.server.ServiceThread.run(ServiceThread.java:46)
01-11 04:32:45.170  1485  1522 W BroadcastQueue: Failure sending broadcast Intent { act=com.testin.action.close flg=0x10 }
01-11 04:32:45.170  1485  1522 W BroadcastQueue: android.os.RemoteException: app.thread must not be null
01-11 04:32:45.170  1485  1522 W BroadcastQueue: 	at com.android.server.am.BroadcastQueue.performReceiveLocked(BroadcastQueue.java:555)
01-11 04:32:45.170  1485  1522 W BroadcastQueue: 	at com.android.server.am.BroadcastQueue.deliverToRegisteredReceiverLocked(BroadcastQueue.java:692)
01-11 04:32:45.170  1485  1522 W BroadcastQueue: 	at com.android.server.am.BroadcastQueue.processNextBroadcast(BroadcastQueue.java:961)
01-11 04:32:45.170  1485  1522 W BroadcastQueue: 	at com.android.server.am.BroadcastQueue$BroadcastHandler.handleMessage(BroadcastQueue.java:195)
01-11 04:32:45.170  1485  1522 W BroadcastQueue: 	at android.os.Handler.dispatchMessage(Handler.java:102)
01-11 04:32:45.170  1485  1522 W BroadcastQueue: 	at android.os.Looper.loop(Looper.java:150)
01-11 04:32:45.170  1485  1522 W BroadcastQueue: 	at android.os.HandlerThread.run(HandlerThread.java:61)
01-11 04:32:45.170  1485  1522 W BroadcastQueue: 	at com.android.server.ServiceThread.run(ServiceThread.java:46)
01-11 04:32:45.170  1485  1522 W BroadcastQueue: Failure sending broadcast Intent { act=com.testin.action.close flg=0x10 }
01-11 04:32:45.170  1485  1522 W BroadcastQueue: android.os.RemoteException: app.thread must not be null
01-11 04:32:45.170  1485  1522 W BroadcastQueue: 	at com.android.server.am.BroadcastQueue.performReceiveLocked(BroadcastQueue.java:555)
01-11 04:32:45.170  1485  1522 W BroadcastQueue: 	at com.android.server.am.BroadcastQueue.deliverToRegisteredReceiverLocked(BroadcastQueue.java:692)
01-11 04:32:45.170  1485  1522 W BroadcastQueue: 	at com.android.server.am.BroadcastQueue.processNextBroadcast(BroadcastQueue.java:961)
01-11 04:32:45.170  1485  1522 W BroadcastQueue: 	at com.android.server.am.BroadcastQueue$BroadcastHandler.handleMessage(BroadcastQueue.java:195)
01-11 04:32:45.170  1485  1522 W BroadcastQueue: 	at android.os.Handler.dispatchMessage(Handler.java:102)
01-11 04:32:45.170  1485  1522 W BroadcastQueue: 	at android.os.Looper.loop(Looper.java:150)
01-11 04:32:45.170  1485  1522 W BroadcastQueue: 	at android.os.HandlerThread.run(HandlerThread.java:61)
01-11 04:32:45.170  1485  1522 W BroadcastQueue: 	at com.android.server.ServiceThread.run(ServiceThread.java:46)
01-11 04:32:45.177  1485  1522 W BroadcastQueue: Failure sending broadcast Intent { act=com.testin.action.close flg=0x10 }
01-11 04:32:45.177  1485  1522 W BroadcastQueue: android.os.RemoteException: app.thread must not be null
01-11 04:32:45.177  1485  1522 W BroadcastQueue: 	at com.android.server.am.BroadcastQueue.performReceiveLocked(BroadcastQueue.java:555)
01-11 04:32:45.177  1485  1522 W BroadcastQueue: 	at com.android.server.am.BroadcastQueue.deliverToRegisteredReceiverLocked(BroadcastQueue.java:692)
01-11 04:32:45.177  1485  1522 W BroadcastQueue: 	at com.android.server.am.BroadcastQueue.processNextBroadcast(BroadcastQueue.java:961)
01-11 04:32:45.177  1485  1522 W BroadcastQueue: 	at com.android.server.am.BroadcastQueue$BroadcastHandler.handleMessage(BroadcastQueue.java:195)
01-11 04:32:45.177  1485  1522 W BroadcastQueue: 	at android.os.Handler.dispatchMessage(Handler.java:102)
01-11 04:32:45.177  1485  1522 W BroadcastQueue: 	at android.os.Looper.loop(Looper.java:150)
01-11 04:32:45.177  1485  1522 W BroadcastQueue: 	at android.os.HandlerThread.run(HandlerThread.java:61)
01-11 04:32:45.177  1485  1522 W BroadcastQueue: 	at com.android.server.ServiceThread.run(ServiceThread.java:46)
01-11 04:32:45.179  1485  1522 W BroadcastQueue: Failure sending broadcast Intent { act=com.testin.action.close flg=0x10 }
01-11 04:32:45.179  1485  1522 W BroadcastQueue: android.os.RemoteException: app.thread must not be null
01-11 04:32:45.179  1485  1522 W BroadcastQueue: 	at com.android.server.am.BroadcastQueue.performReceiveLocked(BroadcastQueue.java:555)
01-11 04:32:45.179  1485  1522 W BroadcastQueue: 	at com.android.server.am.BroadcastQueue.deliverToRegisteredReceiverLocked(BroadcastQueue.java:692)
01-11 04:32:45.179  1485  1522 W BroadcastQueue: 	at com.android.server.am.BroadcastQueue.processNextBroadcast(BroadcastQueue.java:961)
01-11 04:32:45.179  1485  1522 W BroadcastQueue: 	at com.android.server.am.BroadcastQueue$BroadcastHandler.handleMessage(BroadcastQueue.java:195)
01-11 04:32:45.179  1485  1522 W BroadcastQueue: 	at android.os.Handler.dispatchMessage(Handler.java:102)
01-11 04:32:45.179  1485  1522 W BroadcastQueue: 	at android.os.Looper.loop(Looper.java:150)
01-11 04:32:45.179  1485  1522 W BroadcastQueue: 	at android.os.HandlerThread.run(HandlerThread.java:61)
01-11 04:32:45.179  1485  1522 W BroadcastQueue: 	at com.android.server.ServiceThread.run(ServiceThread.java:46)
01-11 04:32:45.179  1485  1522 W BroadcastQueue: Failure sending broadcast Intent { act=com.testin.action.close flg=0x10 }
01-11 04:32:45.179  1485  1522 W BroadcastQueue: android.os.RemoteException: app.thread must not be null
01-11 04:32:45.179  1485  1522 W BroadcastQueue: 	at com.android.server.am.BroadcastQueue.performReceiveLocked(BroadcastQueue.java:555)
01-11 04:32:45.179  1485  1522 W BroadcastQueue: 	at com.android.server.am.BroadcastQueue.deliverToRegisteredReceiverLocked(BroadcastQueue.java:692)
01-11 04:32:45.179  1485  1522 W BroadcastQueue: 	at com.android.server.am.BroadcastQueue.processNextBroadcast(BroadcastQueue.java:961)
01-11 04:32:45.179  1485  1522 W BroadcastQueue: 	at com.android.server.am.BroadcastQueue$BroadcastHandler.handleMessage(BroadcastQueue.java:195)
01-11 04:32:45.179  1485  1522 W BroadcastQueue: 	at android.os.Handler.dispatchMessage(Handler.java:102)
01-11 04:32:45.179  1485  1522 W BroadcastQueue: 	at android.os.Looper.loop(Looper.java:150)
01-11 04:32:45.179  1485  1522 W BroadcastQueue: 	at android.os.HandlerThread.run(HandlerThread.java:61)
01-11 04:32:45.179  1485  1522 W BroadcastQueue: 	at com.android.server.ServiceThread.run(ServiceThread.java:46)
01-11 04:32:45.180  1485  1522 W BroadcastQueue: Failure sending broadcast Intent { act=com.testin.action.close flg=0x10 }
01-11 04:32:45.180  1485  1522 W BroadcastQueue: android.os.RemoteException: app.thread must not be null
01-11 04:32:45.180  1485  1522 W BroadcastQueue: 	at com.android.server.am.BroadcastQueue.performReceiveLocked(BroadcastQueue.java:555)
01-11 04:32:45.180  1485  1522 W BroadcastQueue: 	at com.android.server.am.BroadcastQueue.deliverToRegisteredReceiverLocked(BroadcastQueue.java:692)
01-11 04:32:45.180  1485  1522 W BroadcastQueue: 	at com.android.server.am.BroadcastQueue.processNextBroadcast(BroadcastQueue.java:961)
01-11 04:32:45.180  1485  1522 W BroadcastQueue: 	at com.android.server.am.BroadcastQueue$BroadcastHandler.handleMessage(BroadcastQueue.java:195)
01-11 04:32:45.180  1485  1522 W BroadcastQueue: 	at android.os.Handler.dispatchMessage(Handler.java:102)
01-11 04:32:45.180  1485  1522 W BroadcastQueue: 	at android.os.Looper.loop(Looper.java:150)
01-11 04:32:45.180  1485  1522 W BroadcastQueue: 	at android.os.HandlerThread.run(HandlerThread.java:61)
01-11 04:32:45.180  1485  1522 W BroadcastQueue: 	at com.android.server.ServiceThread.run(ServiceThread.java:46)
01-11 04:32:45.180  1485  1522 W BroadcastQueue: Failure sending broadcast Intent { act=com.testin.action.close flg=0x10 }
01-11 04:32:45.180  1485  1522 W BroadcastQueue: android.os.RemoteException: app.thread must not be null
01-11 04:32:45.180  1485  1522 W BroadcastQueue: 	at com.android.server.am.BroadcastQueue.performReceiveLocked(BroadcastQueue.java:555)
01-11 04:32:45.180  1485  1522 W BroadcastQueue: 	at com.android.server.am.BroadcastQueue.deliverToRegisteredReceiverLocked(BroadcastQueue.java:692)
01-11 04:32:45.180  1485  1522 W BroadcastQueue: 	at com.android.server.am.BroadcastQueue.processNextBroadcast(BroadcastQueue.java:961)
01-11 04:32:45.180  1485  1522 W BroadcastQueue: 	at com.android.server.am.BroadcastQueue$BroadcastHandler.handleMessage(BroadcastQueue.java:195)
01-11 04:32:45.180  1485  1522 W BroadcastQueue: 	at android.os.Handler.dispatchMessage(Handler.java:102)
01-11 04:32:45.180  1485  1522 W BroadcastQueue: 	at android.os.Looper.loop(Looper.java:150)
01-11 04:32:45.180  1485  1522 W BroadcastQueue: 	at android.os.HandlerThread.run(HandlerThread.java:61)
01-11 04:32:45.180  1485  1522 W BroadcastQueue: 	at com.android.server.ServiceThread.run(ServiceThread.java:46)
01-11 04:32:45.180  1485  1522 W BroadcastQueue: Failure sending broadcast Intent { act=com.testin.action.close flg=0x10 }
01-11 04:32:45.180  1485  1522 W BroadcastQueue: android.os.RemoteException: app.thread must not be null
01-11 04:32:45.180  1485  1522 W BroadcastQueue: 	at com.android.server.am.BroadcastQueue.performReceiveLocked(BroadcastQueue.java:555)
01-11 04:32:45.180  1485  1522 W BroadcastQueue: 	at com.android.server.am.BroadcastQueue.deliverToRegisteredReceiverLocked(BroadcastQueue.java:692)
01-11 04:32:45.180  1485  1522 W BroadcastQueue: 	at com.android.server.am.BroadcastQueue.processNextBroadcast(BroadcastQueue.java:961)
01-11 04:32:45.180  1485  1522 W BroadcastQueue: 	at com.android.server.am.BroadcastQueue$BroadcastHandler.handleMessage(BroadcastQueue.java:195)
01-11 04:32:45.180  1485  1522 W BroadcastQueue: 	at android.os.Handler.dispatchMessage(Handler.java:102)
01-11 04:32:45.180  1485  1522 W BroadcastQueue: 	at android.os.Looper.loop(Looper.java:150)
01-11 04:32:45.180  1485  1522 W BroadcastQueue: 	at android.os.HandlerThread.run(HandlerThread.java:61)
01-11 04:32:45.180  1485  1522 W BroadcastQueue: 	at com.android.server.ServiceThread.run(ServiceThread.java:46)
01-11 04:32:45.181  1485  1522 W BroadcastQueue: Failure sending broadcast Intent { act=com.testin.action.close flg=0x10 }
01-11 04:32:45.181  1485  1522 W BroadcastQueue: android.os.RemoteException: app.thread must not be null
01-11 04:32:45.181  1485  1522 W BroadcastQueue: 	at com.android.server.am.BroadcastQueue.performReceiveLocked(BroadcastQueue.java:555)
01-11 04:32:45.181  1485  1522 W BroadcastQueue: 	at com.android.server.am.BroadcastQueue.deliverToRegisteredReceiverLocked(BroadcastQueue.java:692)
01-11 04:32:45.181  1485  1522 W BroadcastQueue: 	at com.android.server.am.BroadcastQueue.processNextBroadcast(BroadcastQueue.java:961)
01-11 04:32:45.181  1485  1522 W BroadcastQueue: 	at com.android.server.am.BroadcastQueue$BroadcastHandler.handleMessage(BroadcastQueue.java:195)
01-11 04:32:45.181  1485  1522 W BroadcastQueue: 	at android.os.Handler.dispatchMessage(Handler.java:102)
01-11 04:32:45.181  1485  1522 W BroadcastQueue: 	at android.os.Looper.loop(Looper.java:150)
01-11 04:32:45.181  1485  1522 W BroadcastQueue: 	at android.os.HandlerThread.run(HandlerThread.java:61)
01-11 04:32:45.181  1485  1522 W BroadcastQueue: 	at com.android.server.ServiceThread.run(ServiceThread.java:46)
01-11 04:32:45.181  1485  1522 W BroadcastQueue: Failure sending broadcast Intent { act=com.testin.action.close flg=0x10 }
01-11 04:32:45.181  1485  1522 W BroadcastQueue: android.os.RemoteException: app.thread must not be null
01-11 04:32:45.181  1485  1522 W BroadcastQueue: 	at com.android.server.am.BroadcastQueue.performReceiveLocked(BroadcastQueue.java:555)
01-11 04:32:45.181  1485  1522 W BroadcastQueue: 	at com.android.server.am.BroadcastQueue.deliverToRegisteredReceiverLocked(BroadcastQueue.java:692)
01-11 04:32:45.181  1485  1522 W BroadcastQueue: 	at com.android.server.am.BroadcastQueue.processNextBroadcast(BroadcastQueue.java:961)
01-11 04:32:45.181  1485  1522 W BroadcastQueue: 	at com.android.server.am.BroadcastQueue$BroadcastHandler.handleMessage(BroadcastQueue.java:195)
01-11 04:32:45.181  1485  1522 W BroadcastQueue: 	at android.os.Handler.dispatchMessage(Handler.java:102)
01-11 04:32:45.181  1485  1522 W BroadcastQueue: 	at android.os.Looper.loop(Looper.java:150)
01-11 04:32:45.181  1485  1522 W BroadcastQueue: 	at android.os.HandlerThread.run(HandlerThread.java:61)
01-11 04:32:45.181  1485  1522 W BroadcastQueue: 	at com.android.server.ServiceThread.run(ServiceThread.java:46)
01-11 04:32:45.182  1485  1522 W BroadcastQueue: Failure sending broadcast Intent { act=com.testin.action.close flg=0x10 }
01-11 04:32:45.182  1485  1522 W BroadcastQueue: android.os.RemoteException: app.thread must not be null
01-11 04:32:45.182  1485  1522 W BroadcastQueue: 	at com.android.server.am.BroadcastQueue.performReceiveLocked(BroadcastQueue.java:555)
01-11 04:32:45.182  1485  1522 W BroadcastQueue: 	at com.android.server.am.BroadcastQueue.deliverToRegisteredReceiverLocked(BroadcastQueue.java:692)
01-11 04:32:45.182  1485  1522 W BroadcastQueue: 	at com.android.server.am.BroadcastQueue.processNextBroadcast(BroadcastQueue.java:961)
01-11 04:32:45.182  1485  1522 W BroadcastQueue: 	at com.android.server.am.BroadcastQueue$BroadcastHandler.handleMessage(BroadcastQueue.java:195)
01-11 04:32:45.182  1485  1522 W BroadcastQueue: 	at android.os.Handler.dispatchMessage(Handler.java:102)
01-11 04:32:45.182  1485  1522 W BroadcastQueue: 	at android.os.Looper.loop(Looper.java:150)
01-11 04:32:45.182  1485  1522 W BroadcastQueue: 	at android.os.HandlerThread.run(HandlerThread.java:61)
01-11 04:32:45.182  1485  1522 W BroadcastQueue: 	at com.android.server.ServiceThread.run(ServiceThread.java:46)
01-11 04:32:45.183  1485  1522 W BroadcastQueue: Failure sending broadcast Intent { act=com.testin.action.close flg=0x10 }
01-11 04:32:45.183  1485  1522 W BroadcastQueue: android.os.RemoteException: app.thread must not be null
01-11 04:32:45.183  1485  1522 W BroadcastQueue: 	at com.android.server.am.BroadcastQueue.performReceiveLocked(BroadcastQueue.java:555)
01-11 04:32:45.183  1485  1522 W BroadcastQueue: 	at com.android.server.am.BroadcastQueue.deliverToRegisteredReceiverLocked(BroadcastQueue.java:692)
01-11 04:32:45.183  1485  1522 W BroadcastQueue: 	at com.android.server.am.BroadcastQueue.processNextBroadcast(BroadcastQueue.java:961)
01-11 04:32:45.183  1485  1522 W BroadcastQueue: 	at com.android.server.am.BroadcastQueue$BroadcastHandler.handleMessage(BroadcastQueue.java:195)
01-11 04:32:45.183  1485  1522 W BroadcastQueue: 	at android.os.Handler.dispatchMessage(Handler.java:102)
01-11 04:32:45.183  1485  1522 W BroadcastQueue: 	at android.os.Looper.loop(Looper.java:150)
01-11 04:32:45.183  1485  1522 W BroadcastQueue: 	at android.os.HandlerThread.run(HandlerThread.java:61)
01-11 04:32:45.183  1485  1522 W BroadcastQueue: 	at com.android.server.ServiceThread.run(ServiceThread.java:46)
01-11 04:32:45.184  1485  1522 W BroadcastQueue: Failure sending broadcast Intent { act=com.testin.action.close flg=0x10 }
01-11 04:32:45.184  1485  1522 W BroadcastQueue: android.os.RemoteException: app.thread must not be null
01-11 04:32:45.184  1485  1522 W BroadcastQueue: 	at com.android.server.am.BroadcastQueue.performReceiveLocked(BroadcastQueue.java:555)
01-11 04:32:45.184  1485  1522 W BroadcastQueue: 	at com.android.server.am.BroadcastQueue.deliverToRegisteredReceiverLocked(BroadcastQueue.java:692)
01-11 04:32:45.184  1485  1522 W BroadcastQueue: 	at com.android.server.am.BroadcastQueue.processNextBroadcast(BroadcastQueue.java:961)
01-11 04:32:45.184  1485  1522 W BroadcastQueue: 	at com.android.server.am.BroadcastQueue$BroadcastHandler.handleMessage(BroadcastQueue.java:195)
01-11 04:32:45.184  1485  1522 W BroadcastQueue: 	at android.os.Handler.dispatchMessage(Handler.java:102)
01-11 04:32:45.184  1485  1522 W BroadcastQueue: 	at android.os.Looper.loop(Looper.java:150)
01-11 04:32:45.184  1485  1522 W BroadcastQueue: 	at android.os.HandlerThread.run(HandlerThread.java:61)
01-11 04:32:45.184  1485  1522 W BroadcastQueue: 	at com.android.server.ServiceThread.run(ServiceThread.java:46)
01-11 04:32:45.184  1485  1522 W BroadcastQueue: Failure sending broadcast Intent { act=com.testin.action.close flg=0x10 }
01-11 04:32:45.184  1485  1522 W BroadcastQueue: android.os.RemoteException: app.thread must not be null
01-11 04:32:45.184  1485  1522 W BroadcastQueue: 	at com.android.server.am.BroadcastQueue.performReceiveLocked(BroadcastQueue.java:555)
01-11 04:32:45.184  1485  1522 W BroadcastQueue: 	at com.android.server.am.BroadcastQueue.deliverToRegisteredReceiverLocked(BroadcastQueue.java:692)
01-11 04:32:45.184  1485  1522 W BroadcastQueue: 	at com.android.server.am.BroadcastQueue.processNextBroadcast(BroadcastQueue.java:961)
01-11 04:32:45.184  1485  1522 W BroadcastQueue: 	at com.android.server.am.BroadcastQueue$BroadcastHandler.handleMessage(BroadcastQueue.java:195)
01-11 04:32:45.184  1485  1522 W BroadcastQueue: 	at android.os.Handler.dispatchMessage(Handler.java:102)
01-11 04:32:45.184  1485  1522 W BroadcastQueue: 	at android.os.Looper.loop(Looper.java:150)
01-11 04:32:45.184  1485  1522 W BroadcastQueue: 	at android.os.HandlerThread.run(HandlerThread.java:61)
01-11 04:32:45.184  1485  1522 W BroadcastQueue: 	at com.android.server.ServiceThread.run(ServiceThread.java:46)
01-11 04:32:45.184  1485  1522 W BroadcastQueue: Failure sending broadcast Intent { act=com.testin.action.close flg=0x10 }
01-11 04:32:45.184  1485  1522 W BroadcastQueue: android.os.RemoteException: app.thread must not be null
01-11 04:32:45.184  1485  1522 W BroadcastQueue: 	at com.android.server.am.BroadcastQueue.performReceiveLocked(BroadcastQueue.java:555)
01-11 04:32:45.184  1485  1522 W BroadcastQueue: 	at com.android.server.am.BroadcastQueue.deliverToRegisteredReceiverLocked(BroadcastQueue.java:692)
01-11 04:32:45.184  1485  1522 W BroadcastQueue: 	at com.android.server.am.BroadcastQueue.processNextBroadcast(BroadcastQueue.java:961)
01-11 04:32:45.184  1485  1522 W BroadcastQueue: 	at com.android.server.am.BroadcastQueue$BroadcastHandler.handleMessage(BroadcastQueue.java:195)
01-11 04:32:45.184  1485  1522 W BroadcastQueue: 	at android.os.Handler.dispatchMessage(Handler.java:102)
01-11 04:32:45.184  1485  1522 W BroadcastQueue: 	at android.os.Looper.loop(Looper.java:150)
01-11 04:32:45.184  1485  1522 W BroadcastQueue: 	at android.os.HandlerThread.run(HandlerThread.java:61)
01-11 04:32:45.184  1485  1522 W BroadcastQueue: 	at com.android.server.ServiceThread.run(ServiceThread.java:46)
01-11 04:32:45.185  1485  1522 W BroadcastQueue: Failure sending broadcast Intent { act=com.testin.action.close flg=0x10 }
01-11 04:32:45.185  1485  1522 W BroadcastQueue: android.os.RemoteException: app.thread must not be null
01-11 04:32:45.185  1485  1522 W BroadcastQueue: 	at com.android.server.am.BroadcastQueue.performReceiveLocked(BroadcastQueue.java:555)
01-11 04:32:45.185  1485  1522 W BroadcastQueue: 	at com.android.server.am.BroadcastQueue.deliverToRegisteredReceiverLocked(BroadcastQueue.java:692)
01-11 04:32:45.185  1485  1522 W BroadcastQueue: 	at com.android.server.am.BroadcastQueue.processNextBroadcast(BroadcastQueue.java:961)
01-11 04:32:45.185  1485  1522 W BroadcastQueue: 	at com.android.server.am.BroadcastQueue$BroadcastHandler.handleMessage(BroadcastQueue.java:195)
01-11 04:32:45.185  1485  1522 W BroadcastQueue: 	at android.os.Handler.dispatchMessage(Handler.java:102)
01-11 04:32:45.185  1485  1522 W BroadcastQueue: 	at android.os.Looper.loop(Looper.java:150)
01-11 04:32:45.185  1485  1522 W BroadcastQueue: 	at android.os.HandlerThread.run(HandlerThread.java:61)
01-11 04:32:45.185  1485  1522 W BroadcastQueue: 	at com.android.server.ServiceThread.run(ServiceThread.java:46)
01-11 04:32:45.186  1485  1522 W BroadcastQueue: Failure sending broadcast Intent { act=com.testin.action.close flg=0x10 }
01-11 04:32:45.186  1485  1522 W BroadcastQueue: android.os.RemoteException: app.thread must not be null
01-11 04:32:45.186  1485  1522 W BroadcastQueue: 	at com.android.server.am.BroadcastQueue.performReceiveLocked(BroadcastQueue.java:555)
01-11 04:32:45.186  1485  1522 W BroadcastQueue: 	at com.android.server.am.BroadcastQueue.deliverToRegisteredReceiverLocked(BroadcastQueue.java:692)
01-11 04:32:45.186  1485  1522 W BroadcastQueue: 	at com.android.server.am.BroadcastQueue.processNextBroadcast(BroadcastQueue.java:961)
01-11 04:32:45.186  1485  1522 W BroadcastQueue: 	at com.android.server.am.BroadcastQueue$BroadcastHandler.handleMessage(BroadcastQueue.java:195)
01-11 04:32:45.186  1485  1522 W BroadcastQueue: 	at android.os.Handler.dispatchMessage(Handler.java:102)
01-11 04:32:45.186  1485  1522 W BroadcastQueue: 	at android.os.Looper.loop(Looper.java:150)
01-11 04:32:45.186  1485  1522 W BroadcastQueue: 	at android.os.HandlerThread.run(HandlerThread.java:61)
01-11 04:32:45.186  1485  1522 W BroadcastQueue: 	at com.android.server.ServiceThread.run(ServiceThread.java:46)
01-11 04:32:45.186  1485  1522 W BroadcastQueue: Failure sending broadcast Intent { act=com.testin.action.close flg=0x10 }
01-11 04:32:45.186  1485  1522 W BroadcastQueue: android.os.RemoteException: app.thread must not be null
01-11 04:32:45.186  1485  1522 W BroadcastQueue: 	at com.android.server.am.BroadcastQueue.performReceiveLocked(BroadcastQueue.java:555)
01-11 04:32:45.186  1485  1522 W BroadcastQueue: 	at com.android.server.am.BroadcastQueue.deliverToRegisteredReceiverLocked(BroadcastQueue.java:692)
01-11 04:32:45.186  1485  1522 W BroadcastQueue: 	at com.android.server.am.BroadcastQueue.processNextBroadcast(BroadcastQueue.java:961)
01-11 04:32:45.186  1485  1522 W BroadcastQueue: 	at com.android.server.am.BroadcastQueue$BroadcastHandler.handleMessage(BroadcastQueue.java:195)
01-11 04:32:45.186  1485  1522 W BroadcastQueue: 	at android.os.Handler.dispatchMessage(Handler.java:102)
01-11 04:32:45.186  1485  1522 W BroadcastQueue: 	at android.os.Looper.loop(Looper.java:150)
01-11 04:32:45.186  1485  1522 W BroadcastQueue: 	at android.os.HandlerThread.run(HandlerThread.java:61)
01-11 04:32:45.186  1485  1522 W BroadcastQueue: 	at com.android.server.ServiceThread.run(ServiceThread.java:46)
01-11 04:32:45.787  1485  4228 I ActivityManager: collectReceiverComponents for intent: Intent { act=android.intent.action.SIG_STR flg=0x20000010 (has extras) }, receivers: null
01-11 04:32:45.787  1485  4318 W ActivityManager: getRunningAppProcesses: caller 10155 does not hold REAL_GET_TASKS; limiting output
01-11 04:32:45.791  1485  4318 I ActivityManager: collectReceiverComponents for intent: Intent { act=android.intent.action.SIG_STR flg=0x20000010 (has extras) }, receivers: null
01-11 04:32:45.793  1485  4317 W ActivityManager: getRunningAppProcesses: caller 10155 does not hold REAL_GET_TASKS; limiting output
01-11 04:32:45.801  1485  3317 W ActivityManager: getRunningAppProcesses: caller 10155 does not hold REAL_GET_TASKS; limiting output
01-11 04:32:46.125  1485  1522 I ActivityManager: bindServiceLocked, r: ServiceRecord{3ad3d07 u0 euid: 0 cn.testin.itestin/com.android.im.SoftKeyboard}, euid: 0
01-11 04:32:46.126  1485  1522 I ActivityManager: mAm.startProcessLocked for service: ServiceRecord{3ad3d07 u0 euid: 0 cn.testin.itestin/com.android.im.SoftKeyboard}, appinfo euid: 0
01-11 04:32:46.126  1485  1522 I ActivityManager: new Process app=ProcessRecord{12f630a 0:cn.testin.itestin/u0a106}, name: cn.testin.itestin, euid: 0
01-11 04:32:46.134  1485  1522 I ActivityManager: Start proc 31912:cn.testin.itestin/u0a106 for service cn.testin.itestin/com.android.im.SoftKeyboard
01-11 04:32:46.156 31912 31912 D ActivityThread: ActivityThread,attachApplication
01-11 04:32:46.157  1485  4195 D ActivityManager: ActivityManagerService,attachApplication,callingPid = 31912
01-11 04:32:46.261  1485  4324 I ActivityManager: retrieveServiceLocked, callerApp: ProcessRecord{12f630a 31912:cn.testin.itestin/u0a106}, flags: 400
01-11 04:32:46.261  1485  4324 I ActivityManager: bindServiceLocked, r: ServiceRecord{11a0057 u0 euid: 0 cn.testin.itestin/com.android.inputmethod.pinyin.PinyinDecoderService}, euid: 0
01-11 04:32:48.583  1485  3315 I ActivityManager: collectReceiverComponents for intent: Intent { act=android.intent.action.SIG_STR flg=0x20000010 (has extras) }, receivers: null
01-11 04:32:48.584  1485  1499 W ActivityManager: getRunningAppProcesses: caller 10155 does not hold REAL_GET_TASKS; limiting output
01-11 04:32:48.599  1485  4317 W ActivityManager: getRunningAppProcesses: caller 10155 does not hold REAL_GET_TASKS; limiting output
01-11 04:32:48.601  1485  4318 I ActivityManager: collectReceiverComponents for intent: Intent { act=android.intent.action.SIG_STR flg=0x20000010 (has extras) }, receivers: null
01-11 04:32:50.222  1485  3317 W ActivityManager: getRunningAppProcesses: caller 10117 does not hold REAL_GET_TASKS; limiting output
01-11 04:32:56.784  1485  3401 I ActivityManager: collectReceiverComponents for intent: Intent { flg=0x4000010 }, receivers: null
01-11 04:32:56.785  1485  3401 I ActivityManager: collectReceiverComponents for intent: Intent { act=android.net.wifi.SCAN_RESULTS flg=0x4000010 (has extras) }, receivers: [ResolveInfo{e76d744 com.android.settings/.wifi.cmcc.ConnectSwitchReceiver m=0x108000 euid=0}]
01-11 04:32:56.786  1485  3479 D HwConnectivityService: csagent getNetworkInfoForWifi enter.
01-11 04:32:56.787  1485  3479 D HwConnectivityService: csagent getWifiNai WIFI messager key not exist in NetworkAgentInfos HashMap, networkAgentInfos = {}
01-11 04:32:56.787  1485  3479 D HwConnectivityService: csagent getNetworkInfoForWifi failed, return default NetworkInfo.
01-11 04:32:57.322  1485  1499 I ActivityManager: collectReceiverComponents for intent: Intent { act=android.intent.action.SIG_STR flg=0x20000010 (has extras) }, receivers: null
01-11 04:32:57.327  1485  4228 W ActivityManager: getRunningAppProcesses: caller 10155 does not hold REAL_GET_TASKS; limiting output
01-11 04:32:57.333  1485  4361 I ActivityManager: collectReceiverComponents for intent: Intent { act=android.intent.action.SIG_STR flg=0x20000010 (has extras) }, receivers: null
01-11 04:32:57.334  1485  3315 W ActivityManager: getRunningAppProcesses: caller 10155 does not hold REAL_GET_TASKS; limiting output
01-11 04:32:57.342  1485  3825 I ActivityManager: collectReceiverComponents for intent: Intent { act=android.intent.action.SIG_STR flg=0x20000010 (has extras) }, receivers: null
01-11 04:32:57.345  1485  1499 W ActivityManager: getRunningAppProcesses: caller 10155 does not hold REAL_GET_TASKS; limiting output
01-11 04:33:05.828  1485  4228 I ActivityManager: collectReceiverComponents for intent: Intent { act=android.intent.action.SIG_STR flg=0x20000010 (has extras) }, receivers: null
01-11 04:33:05.831  1485  4318 I ActivityManager: collectReceiverComponents for intent: Intent { act=android.intent.action.SIG_STR flg=0x20000010 (has extras) }, receivers: null
01-11 04:33:05.832  1485  1499 W ActivityManager: getRunningAppProcesses: caller 10155 does not hold REAL_GET_TASKS; limiting output
01-11 04:33:05.836  1485  4317 W ActivityManager: getRunningAppProcesses: caller 10155 does not hold REAL_GET_TASKS; limiting output
01-11 04:33:05.838  1485  4331 I ActivityManager: collectReceiverComponents for intent: Intent { act=android.intent.action.SIG_STR flg=0x20000010 (has extras) }, receivers: null
01-11 04:33:05.840  1485  4324 W ActivityManager: getRunningAppProcesses: caller 10155 does not hold REAL_GET_TASKS; limiting output
01-11 04:33:07.816  1485  4322 I HwActivityManagerService: PackageName for pid 27400 is com.zx.landdisaster
01-11 04:33:07.820  1485  4195 I ActivityManager: collectReceiverComponents for intent: Intent { act=cn.jpush.android.intent.ACTION_REPORT_HISTORY cat=[com.zx.landdisaster] flg=0x10 pkg=com.zx.landdisaster cmp=com.zx.landdisaster/cn.jpush.android.service.PushReceiver }, receivers: [ResolveInfo{a4b0229 com.zx.landdisaster/cn.jpush.android.service.PushReceiver m=0x0 euid=0}]
01-11 04:33:08.593  1485  1500 I ActivityManager: collectReceiverComponents for intent: Intent { act=android.intent.action.SIG_STR flg=0x20000010 (has extras) }, receivers: null
01-11 04:33:08.593  1485  4318 W ActivityManager: getRunningAppProcesses: caller 10155 does not hold REAL_GET_TASKS; limiting output
01-11 04:33:08.609  1485  3315 I ActivityManager: collectReceiverComponents for intent: Intent { act=android.intent.action.SIG_STR flg=0x20000010 (has extras) }, receivers: null
01-11 04:33:08.610  1485  3825 W ActivityManager: getRunningAppProcesses: caller 10155 does not hold REAL_GET_TASKS; limiting output
01-11 04:33:11.822  1485  3401 I ActivityManager: collectReceiverComponents for intent: Intent { flg=0x4000010 }, receivers: null
01-11 04:33:11.822  1485  3401 I ActivityManager: collectReceiverComponents for intent: Intent { act=android.net.wifi.SCAN_RESULTS flg=0x4000010 (has extras) }, receivers: [ResolveInfo{bdea34f com.android.settings/.wifi.cmcc.ConnectSwitchReceiver m=0x108000 euid=0}]
01-11 04:33:11.823  1485  3479 D HwConnectivityService: csagent getNetworkInfoForWifi enter.
01-11 04:33:11.823  1485  3479 D HwConnectivityService: csagent getWifiNai WIFI messager key not exist in NetworkAgentInfos HashMap, networkAgentInfos = {}
01-11 04:33:11.823  1485  3479 D HwConnectivityService: csagent getNetworkInfoForWifi failed, return default NetworkInfo.
01-11 04:33:17.344  1485  3825 I ActivityManager: collectReceiverComponents for intent: Intent { act=android.intent.action.SIG_STR flg=0x20000010 (has extras) }, receivers: null
01-11 04:33:17.347  1485  3825 W ActivityManager: getRunningAppProcesses: caller 10155 does not hold REAL_GET_TASKS; limiting output
01-11 04:33:17.349  1485  3317 I ActivityManager: collectReceiverComponents for intent: Intent { act=android.intent.action.SIG_STR flg=0x20000010 (has extras) }, receivers: null
01-11 04:33:17.353  1485  4195 W ActivityManager: getRunningAppProcesses: caller 10155 does not hold REAL_GET_TASKS; limiting output
01-11 04:33:17.357  1485  3828 I ActivityManager: collectReceiverComponents for intent: Intent { act=android.intent.action.SIG_STR flg=0x20000010 (has extras) }, receivers: null
01-11 04:33:25.845  1485  4196 I ActivityManager: collectReceiverComponents for intent: Intent { act=android.intent.action.SIG_STR flg=0x20000010 (has extras) }, receivers: null
01-11 04:33:25.849  1485  3825 I ActivityManager: collectReceiverComponents for intent: Intent { act=android.intent.action.SIG_STR flg=0x20000010 (has extras) }, receivers: null
01-11 04:33:25.857  1485  4317 W ActivityManager: getRunningAppProcesses: caller 10155 does not hold REAL_GET_TASKS; limiting output
01-11 04:33:25.859  1485  4331 I ActivityManager: collectReceiverComponents for intent: Intent { act=android.intent.action.SIG_STR flg=0x20000010 (has extras) }, receivers: null
01-11 04:33:25.861  1485  4195 W ActivityManager: getRunningAppProcesses: caller 10155 does not hold REAL_GET_TASKS; limiting output
01-11 04:33:25.865  1485  3315 W ActivityManager: getRunningAppProcesses: caller 10155 does not hold REAL_GET_TASKS; limiting output
01-11 04:33:26.777  1485  3401 I ActivityManager: collectReceiverComponents for intent: Intent { flg=0x4000010 }, receivers: null
