01-11 04:35:57.653  2513  2582 I Corona  : net error response	https://hwsj-eu-test.clktec.com:20888/frontend/distribute	Unable to resolve host "hwsj-eu-test.clktec.com": No address associated with hostname: https://hwsj-eu-test.clktec.com:20888/frontend/distribute
01-11 04:35:57.653  2513  2582 I Corona  : https://hwsj-eu-test.clktec.com:20888/frontend/distribute	4005.653
01-11 04:35:57.654  2513  2582 I Corona  : net error response	https://hwsj-eu-test.clktec.com:20888/frontend/distribute	Unable to resolve host "hwsj-eu-test.clktec.com": No address associated with hostname: https://hwsj-eu-test.clktec.com:20888/frontend/distribute
01-11 04:35:57.654  2513  2582 I Corona  : https://hwsj-eu-test.clktec.com:20888/frontend/distribute	4006.086
01-11 04:35:57.654  2513  2582 I Corona  : net error response	https://hwsj-eu-test.clktec.com:20888/frontend/distribute	Unable to resolve host "hwsj-eu-test.clktec.com": No address associated with hostname: https://hwsj-eu-test.clktec.com:20888/frontend/distribute
01-11 04:35:57.654  2513  2582 I Corona  : https://hwsj-eu-test.clktec.com:20888/frontend/distribute	4006.486
01-11 04:35:57.654  2513  2582 I Corona  : net error response	https://hwsj-eu-test.clktec.com:20888/frontend/distribute	Unable to resolve host "hwsj-eu-test.clktec.com": No address associated with hostname: https://hwsj-eu-test.clktec.com:20888/frontend/distribute
01-11 04:35:57.654  2513  2582 I Corona  : https://hwsj-eu-test.clktec.com:20888/frontend/distribute	4006.865
01-11 04:35:57.655  2513  2582 I Corona  : net error response	https://hwsj-eu-test.clktec.com:20888/frontend/distribute	Unable to resolve host "hwsj-eu-test.clktec.com": No address associated with hostname: https://hwsj-eu-test.clktec.com:20888/frontend/distribute
01-11 04:35:57.655  2513  2582 I Corona  : https://hwsj-eu-test.clktec.com:20888/frontend/distribute	4007.302
01-11 04:35:57.655  2513  2582 I Corona  : net error response	https://hwsj-eu-test.clktec.com:20888/frontend/distribute	Unable to resolve host "hwsj-eu-test.clktec.com": No address associated with hostname: https://hwsj-eu-test.clktec.com:20888/frontend/distribute
01-11 04:35:57.656  2513  2582 I Corona  : https://hwsj-eu-test.clktec.com:20888/frontend/distribute	4007.985
01-11 04:35:57.656  2513  2582 I Corona  : net error response	https://hwsj-eu-test.clktec.com:20888/frontend/distribute	Unable to resolve host "hwsj-eu-test.clktec.com": No address associated with hostname: https://hwsj-eu-test.clktec.com:20888/frontend/distribute
01-11 04:35:57.656  2513  2582 I Corona  : https://hwsj-eu-test.clktec.com:20888/frontend/distribute	4008.448
01-11 04:35:57.656  2513  2582 I Corona  : net error response	https://hwsj-eu-test.clktec.com:20888/frontend/distribute	Unable to resolve host "hwsj-eu-test.clktec.com": No address associated with hostname: https://hwsj-eu-test.clktec.com:20888/frontend/distribute
01-11 04:35:57.657  2513  2582 I Corona  : https://hwsj-eu-test.clktec.com:20888/frontend/distribute	4008.912
01-11 04:35:57.657  2513  2582 I Corona  : endRequest	https://hwsj-eu-test.clktec.com:20888/frontend/distribute	4008.912
01-11 04:35:57.657  2513  2582 I Corona  : endRequest	https://hwsj-eu-test.clktec.com:20888/frontend/distribute	4008.912
01-11 04:35:57.657  1930  2149 E linker  : readlink('/proc/self/fd/141') failed: Permission denied [fd=141]
01-11 04:35:57.657  2513  2582 I Corona  : endRequest	https://hwsj-eu-test.clktec.com:20888/frontend/distribute	4008.912
01-11 04:35:57.657  2513  2582 I Corona  : endRequest	https://hwsj-eu-test.clktec.com:20888/frontend/distribute	4008.912
01-11 04:35:57.657  2513  2582 I Corona  : endRequest	https://hwsj-eu-test.clktec.com:20888/frontend/distribute	4008.912
01-11 04:35:57.657  1930  2149 E linker  : warning: unable to get realpath for the library "/data/data/com.UCMobile/app_SGLib/app_1230942596/libsgsecuritybody_315468346000.dex". Will use given name.
01-11 04:35:57.657  2513  2582 I Corona  : endRequest	https://hwsj-eu-test.clktec.com:20888/frontend/distribute	4008.912
01-11 04:35:57.657  2513  2582 I Corona  : endRequest	https://hwsj-eu-test.clktec.com:20888/frontend/distribute	4008.912
01-11 04:35:57.657  2513  2582 I Corona  : endRequest	https://hwsj-eu-test.clktec.com:20888/frontend/distribute	4008.912
01-11 04:35:57.657  2513  2582 I Corona  : endRequest	https://hwsj-eu-test.clktec.com:20888/frontend/distribute	4008.912
01-11 04:35:57.706  1485  3309 E InputReader: QEEXO fs_classify_touch NULL, not calling FingerSense
01-11 04:35:57.713  1930  2149 E linker  : readlink('/proc/self/fd/141') failed: Permission denied [fd=141]
01-11 04:35:57.713  1930  2149 E linker  : warning: unable to get realpath for the library "/data/user/0/com.UCMobile/app_SGLib/app_1230942596/libsgsecuritybodyso-6.4.40.so". Will use given name.
01-11 04:35:57.763  1930  2698 D WifiManager: Enter init, sThreadRefCount:0
01-11 04:35:57.764  1485  4331 D WifiService: getWifiServiceMessenger, pid:1930, uid:10117
01-11 04:35:57.764  1930  2698 D WifiManager: Create WifiManager handlerthread
01-11 04:35:57.770  1485  3407 D WifiService: New client listening to asynchronous messages
01-11 04:35:57.771  1485  3309 E InputReader: QEEXO fs_touch_up NULL, not calling FingerSense
01-11 04:35:57.777  2513  2582 I Corona  : testAllRegions
01-11 04:35:57.781  2513  2821 E Corona  : ERROR: network: Unable to resolve host "hwsj-eu-test.clktec.com": No address associated with hostname: https://hwsj-eu-test.clktec.com:20888/frontend/distribute (java.net.UnknownHostException)
01-11 04:35:57.783  2513  2822 E Corona  : ERROR: network: Unable to resolve host "hwsj-eu-test.clktec.com": No address associated with hostname: https://hwsj-eu-test.clktec.com:20888/frontend/distribute (java.net.UnknownHostException)
01-11 04:35:57.787  2513  2823 E Corona  : ERROR: network: Unable to resolve host "hwsj-eu-test.clktec.com": No address associated with hostname: https://hwsj-eu-test.clktec.com:20888/frontend/distribute (java.net.UnknownHostException)
01-11 04:35:57.787  2513  2824 E Corona  : ERROR: network: Unable to resolve host "hwsj-eu-test.clktec.com": No address associated with hostname: https://hwsj-eu-test.clktec.com:20888/frontend/distribute (java.net.UnknownHostException)
01-11 04:35:57.787  1261  1670 D SnowplowTracker->Session: pool-3-thread-1|Checking and updating session information.
01-11 04:35:57.790  2513  2825 E Corona  : ERROR: network: Unable to resolve host "hwsj-eu-test.clktec.com": No address associated with hostname: https://hwsj-eu-test.clktec.com:20888/frontend/distribute (java.net.UnknownHostException)
01-11 04:35:57.792  2513  2826 E Corona  : ERROR: network: Unable to resolve host "hwsj-eu-test.clktec.com": No address associated with hostname: https://hwsj-eu-test.clktec.com:20888/frontend/distribute (java.net.UnknownHostException)
01-11 04:35:57.794  2513  2827 E Corona  : ERROR: network: Unable to resolve host "hwsj-eu-test.clktec.com": No address associated with hostname: https://hwsj-eu-test.clktec.com:20888/frontend/distribute (java.net.UnknownHostException)
01-11 04:35:57.796  2513  2829 E Corona  : ERROR: network: Unable to resolve host "hwsj-eu-test.clktec.com": No address associated with hostname: https://hwsj-eu-test.clktec.com:20888/frontend/distribute (java.net.UnknownHostException)
01-11 04:35:57.797  2513  2830 E Corona  : ERROR: network: Unable to resolve host "hwsj-eu-test.clktec.com": No address associated with hostname: https://hwsj-eu-test.clktec.com:20888/frontend/distribute (java.net.UnknownHostException)
01-11 04:35:57.801  2513  2582 I Corona  : net error response	https://hwsj-eu-test.clktec.com:20888/frontend/distribute	Unable to resolve host "hwsj-eu-test.clktec.com": No address associated with hostname: https://hwsj-eu-test.clktec.com:20888/frontend/distribute
01-11 04:35:57.801  2513  2582 I Corona  : https://hwsj-eu-test.clktec.com:20888/frontend/distribute	4005.196
01-11 04:35:57.801  2513  2582 I Corona  : net error response	https://hwsj-eu-test.clktec.com:20888/frontend/distribute	Unable to resolve host "hwsj-eu-test.clktec.com": No address associated with hostname: https://hwsj-eu-test.clktec.com:20888/frontend/distribute
01-11 04:35:57.801  2513  2582 I Corona  : https://hwsj-eu-test.clktec.com:20888/frontend/distribute	4005.532
01-11 04:35:57.802  2513  2582 I Corona  : net error response	https://hwsj-eu-test.clktec.com:20888/frontend/distribute	Unable to resolve host "hwsj-eu-test.clktec.com": No address associated with hostname: https://hwsj-eu-test.clktec.com:20888/frontend/distribute
01-11 04:35:57.802  2513  2582 I Corona  : https://hwsj-eu-test.clktec.com:20888/frontend/distribute	4005.769
01-11 04:35:57.802  2513  2582 I Corona  : net error response	https://hwsj-eu-test.clktec.com:20888/frontend/distribute	Unable to resolve host "hwsj-eu-test.clktec.com": No address associated with hostname: https://hwsj-eu-test.clktec.com:20888/frontend/distribute
01-11 04:35:57.802  2513  2582 I Corona  : https://hwsj-eu-test.clktec.com:20888/frontend/distribute	4005.999
01-11 04:35:57.802  2513  2582 I Corona  : net error response	https://hwsj-eu-test.clktec.com:20888/frontend/distribute	Unable to resolve host "hwsj-eu-test.clktec.com": No address associated with hostname: https://hwsj-eu-test.clktec.com:20888/frontend/distribute
01-11 04:35:57.802  2513  2582 I Corona  : https://hwsj-eu-test.clktec.com:20888/frontend/distribute	4006.233
01-11 04:35:57.802  2513  2582 I Corona  : net error response	https://hwsj-eu-test.clktec.com:20888/frontend/distribute	Unable to resolve host "hwsj-eu-test.clktec.com": No address associated with hostname: https://hwsj-eu-test.clktec.com:20888/frontend/distribute
01-11 04:35:57.802  2513  2582 I Corona  : https://hwsj-eu-test.clktec.com:20888/frontend/distribute	4006.445
01-11 04:35:57.802  2513  2582 I Corona  : net error response	https://hwsj-eu-test.clktec.com:20888/frontend/distribute	Unable to resolve host "hwsj-eu-test.clktec.com": No address associated with hostname: https://hwsj-eu-test.clktec.com:20888/frontend/distribute
01-11 04:35:57.802  2513  2582 I Corona  : https://hwsj-eu-test.clktec.com:20888/frontend/distribute	4006.636
01-11 04:35:57.803  2513  2582 I Corona  : net error response	https://hwsj-eu-test.clktec.com:20888/frontend/distribute	Unable to resolve host "hwsj-eu-test.clktec.com": No address associated with hostname: https://hwsj-eu-test.clktec.com:20888/frontend/distribute
01-11 04:35:57.803  2513  2582 I Corona  : https://hwsj-eu-test.clktec.com:20888/frontend/distribute	4006.831
01-11 04:35:57.803  2513  2582 I Corona  : net error response	https://hwsj-eu-test.clktec.com:20888/frontend/distribute	Unable to resolve host "hwsj-eu-test.clktec.com": No address associated with hostname: https://hwsj-eu-test.clktec.com:20888/frontend/distribute
01-11 04:35:57.803  2513  2582 I Corona  : https://hwsj-eu-test.clktec.com:20888/frontend/distribute	4007.031
01-11 04:35:57.803  2513  2582 I Corona  : endRequest	https://hwsj-eu-test.clktec.com:20888/frontend/distribute	4007.031
01-11 04:35:57.803  2513  2582 I Corona  : endRequest	https://hwsj-eu-test.clktec.com:20888/frontend/distribute	4007.031
01-11 04:35:57.803  2513  2582 I Corona  : endRequest	https://hwsj-eu-test.clktec.com:20888/frontend/distribute	4007.031
01-11 04:35:57.803  2513  2582 I Corona  : endRequest	https://hwsj-eu-test.clktec.com:20888/frontend/distribute	4007.031
01-11 04:35:57.803  2513  2582 I Corona  : endRequest	https://hwsj-eu-test.clktec.com:20888/frontend/distribute	4007.031
01-11 04:35:57.803  2513  2582 I Corona  : endRequest	https://hwsj-eu-test.clktec.com:20888/frontend/distribute	4007.031
01-11 04:35:57.803  2513  2582 I Corona  : endRequest	https://hwsj-eu-test.clktec.com:20888/frontend/distribute	4007.031
01-11 04:35:57.803  2513  2582 I Corona  : endRequest	https://hwsj-eu-test.clktec.com:20888/frontend/distribute	4007.031
01-11 04:35:57.803  2513  2582 I Corona  : endRequest	https://hwsj-eu-test.clktec.com:20888/frontend/distribute	4007.031
01-11 04:35:57.847  1485  3309 E InputReader: QEEXO fs_classify_touch NULL, not calling FingerSense
01-11 04:35:57.939  1485  3309 E InputReader: QEEXO fs_touch_up NULL, not calling FingerSense
01-11 04:35:57.958  2513  2582 I Corona  : testAllRegions
01-11 04:35:57.963  2513  2833 E Corona  : ERROR: network: Unable to resolve host "hwsj-eu-test.clktec.com": No address associated with hostname: https://hwsj-eu-test.clktec.com:20888/frontend/distribute (java.net.UnknownHostException)
01-11 04:35:57.965  2513  2834 E Corona  : ERROR: network: Unable to resolve host "hwsj-eu-test.clktec.com": No address associated with hostname: https://hwsj-eu-test.clktec.com:20888/frontend/distribute (java.net.UnknownHostException)
01-11 04:35:57.968  2513  2835 E Corona  : ERROR: network: Unable to resolve host "hwsj-eu-test.clktec.com": No address associated with hostname: https://hwsj-eu-test.clktec.com:20888/frontend/distribute (java.net.UnknownHostException)
01-11 04:35:57.974  2513  2837 E Corona  : ERROR: network: Unable to resolve host "hwsj-eu-test.clktec.com": No address associated with hostname: https://hwsj-eu-test.clktec.com:20888/frontend/distribute (java.net.UnknownHostException)
01-11 04:35:57.975  2513  2836 E Corona  : ERROR: network: Unable to resolve host "hwsj-eu-test.clktec.com": No address associated with hostname: https://hwsj-eu-test.clktec.com:20888/frontend/distribute (java.net.UnknownHostException)
01-11 04:35:57.977  2513  2838 E Corona  : ERROR: network: Unable to resolve host "hwsj-eu-test.clktec.com": No address associated with hostname: https://hwsj-eu-test.clktec.com:20888/frontend/distribute (java.net.UnknownHostException)
01-11 04:35:57.978  2513  2839 E Corona  : ERROR: network: Unable to resolve host "hwsj-eu-test.clktec.com": No address associated with hostname: https://hwsj-eu-test.clktec.com:20888/frontend/distribute (java.net.UnknownHostException)
01-11 04:35:57.980  2513  2840 E Corona  : ERROR: network: Unable to resolve host "hwsj-eu-test.clktec.com": No address associated with hostname: https://hwsj-eu-test.clktec.com:20888/frontend/distribute (java.net.UnknownHostException)
01-11 04:35:57.981  2513  2841 E Corona  : ERROR: network: Unable to resolve host "hwsj-eu-test.clktec.com": No address associated with hostname: https://hwsj-eu-test.clktec.com:20888/frontend/distribute (java.net.UnknownHostException)
01-11 04:35:57.983  2513  2582 I Corona  : net error response	https://hwsj-eu-test.clktec.com:20888/frontend/distribute	Unable to resolve host "hwsj-eu-test.clktec.com": No address associated with hostname: https://hwsj-eu-test.clktec.com:20888/frontend/distribute
01-11 04:35:57.984  2513  2582 I Corona  : https://hwsj-eu-test.clktec.com:20888/frontend/distribute	4004.536
01-11 04:35:57.985  2513  2582 I Corona  : net error response	https://hwsj-eu-test.clktec.com:20888/frontend/distribute	Unable to resolve host "hwsj-eu-test.clktec.com": No address associated with hostname: https://hwsj-eu-test.clktec.com:20888/frontend/distribute
01-11 04:35:57.985  2513  2582 I Corona  : https://hwsj-eu-test.clktec.com:20888/frontend/distribute	4006.146
01-11 04:35:57.986  2513  2582 I Corona  : net error response	https://hwsj-eu-test.clktec.com:20888/frontend/distribute	Unable to resolve host "hwsj-eu-test.clktec.com": No address associated with hostname: https://hwsj-eu-test.clktec.com:20888/frontend/distribute
01-11 04:35:57.986  2513  2582 I Corona  : https://hwsj-eu-test.clktec.com:20888/frontend/distribute	4006.627
01-11 04:35:57.986  2513  2582 I Corona  : net error response	https://hwsj-eu-test.clktec.com:20888/frontend/distribute	Unable to resolve host "hwsj-eu-test.clktec.com": No address associated with hostname: https://hwsj-eu-test.clktec.com:20888/frontend/distribute
01-11 04:35:57.986  2513  2582 I Corona  : https://hwsj-eu-test.clktec.com:20888/frontend/distribute	4007.052
01-11 04:35:57.987  2513  2582 I Corona  : net error response	https://hwsj-eu-test.clktec.com:20888/frontend/distribute	Unable to resolve host "hwsj-eu-test.clktec.com": No address associated with hostname: https://hwsj-eu-test.clktec.com:20888/frontend/distribute
01-11 04:35:57.987  2513  2582 I Corona  : https://hwsj-eu-test.clktec.com:20888/frontend/distribute	4007.339
01-11 04:35:57.987  2513  2582 I Corona  : net error response	https://hwsj-eu-test.clktec.com:20888/frontend/distribute	Unable to resolve host "hwsj-eu-test.clktec.com": No address associated with hostname: https://hwsj-eu-test.clktec.com:20888/frontend/distribute
01-11 04:35:57.987  2513  2582 I Corona  : https://hwsj-eu-test.clktec.com:20888/frontend/distribute	4007.607
01-11 04:35:57.987  2513  2582 I Corona  : net error response	https://hwsj-eu-test.clktec.com:20888/frontend/distribute	Unable to resolve host "hwsj-eu-test.clktec.com": No address associated with hostname: https://hwsj-eu-test.clktec.com:20888/frontend/distribute
01-11 04:35:57.987  2513  2582 I Corona  : https://hwsj-eu-test.clktec.com:20888/frontend/distribute	4007.869
01-11 04:35:57.987  2513  2582 I Corona  : net error response	https://hwsj-eu-test.clktec.com:20888/frontend/distribute	Unable to resolve host "hwsj-eu-test.clktec.com": No address associated with hostname: https://hwsj-eu-test.clktec.com:20888/frontend/distribute
01-11 04:35:57.987  2513  2582 I Corona  : https://hwsj-eu-test.clktec.com:20888/frontend/distribute	4008.136
01-11 04:35:57.988  2513  2582 I Corona  : net error response	https://hwsj-eu-test.clktec.com:20888/frontend/distribute	Unable to resolve host "hwsj-eu-test.clktec.com": No address associated with hostname: https://hwsj-eu-test.clktec.com:20888/frontend/distribute
01-11 04:35:57.988  2513  2582 I Corona  : https://hwsj-eu-test.clktec.com:20888/frontend/distribute	4008.428
01-11 04:35:57.988  2513  2582 I Corona  : endRequest	https://hwsj-eu-test.clktec.com:20888/frontend/distribute	4008.428
01-11 04:35:57.988  2513  2582 I Corona  : endRequest	https://hwsj-eu-test.clktec.com:20888/frontend/distribute	4008.428
01-11 04:35:57.988  2513  2582 I Corona  : endRequest	https://hwsj-eu-test.clktec.com:20888/frontend/distribute	4008.428
01-11 04:35:57.988  2513  2582 I Corona  : endRequest	https://hwsj-eu-test.clktec.com:20888/frontend/distribute	4008.428
01-11 04:35:57.988  2513  2582 I Corona  : endRequest	https://hwsj-eu-test.clktec.com:20888/frontend/distribute	4008.428
01-11 04:35:57.988  2513  2582 I Corona  : endRequest	https://hwsj-eu-test.clktec.com:20888/frontend/distribute	4008.428
01-11 04:35:57.988  2513  2582 I Corona  : endRequest	https://hwsj-eu-test.clktec.com:20888/frontend/distribute	4008.428
01-11 04:35:57.988  2513  2582 I Corona  : endRequest	https://hwsj-eu-test.clktec.com:20888/frontend/distribute	4008.428
01-11 04:35:57.988  2513  2582 I Corona  : endRequest	https://hwsj-eu-test.clktec.com:20888/frontend/distribute	4008.428
01-11 04:35:57.996  1485  3309 E InputReader: QEEXO fs_classify_touch NULL, not calling FingerSense
01-11 04:35:58.085  1485  3309 E InputReader: QEEXO fs_touch_up NULL, not calling FingerSense
01-11 04:35:58.102  2513  2582 I Corona  : testAllRegions
01-11 04:35:58.115   545  2868 D DnsProxyListener: GetAddrInfoHandler: getaddrinfo failed! count = 101696
01-11 04:35:58.117  2513  2867 E Corona  : ERROR: network: Unable to resolve host "hwsj-eu-test.clktec.com": No address associated with hostname: https://hwsj-eu-test.clktec.com:20888/frontend/distribute (java.net.UnknownHostException)
01-11 04:35:58.120  2513  2873 E Corona  : ERROR: network: Unable to resolve host "hwsj-eu-test.clktec.com": No address associated with hostname: https://hwsj-eu-test.clktec.com:20888/frontend/distribute (java.net.UnknownHostException)
01-11 04:35:58.120  2513  2870 E Corona  : ERROR: network: Unable to resolve host "hwsj-eu-test.clktec.com": No address associated with hostname: https://hwsj-eu-test.clktec.com:20888/frontend/distribute (java.net.UnknownHostException)
01-11 04:35:58.121   545  2871 D DnsProxyListener: GetAddrInfoHandler: getaddrinfo failed! count = 101697
01-11 04:35:58.121  1485  1500 D HwActivityManagerService: handleANRFilterFIFO,uid = 10117cmd = 0
01-11 04:35:58.121  2513  2872 E Corona  : ERROR: network: Unable to resolve host "hwsj-eu-test.clktec.com": No address associated with hostname: https://hwsj-eu-test.clktec.com:20888/frontend/distribute (java.net.UnknownHostException)
01-11 04:35:58.122  2513  2869 E Corona  : ERROR: network: Unable to resolve host "hwsj-eu-test.clktec.com": No address associated with hostname: https://hwsj-eu-test.clktec.com:20888/frontend/distribute (java.net.UnknownHostException)
01-11 04:35:58.123  2513  2874 E Corona  : ERROR: network: Unable to resolve host "hwsj-eu-test.clktec.com": No address associated with hostname: https://hwsj-eu-test.clktec.com:20888/frontend/distribute (java.net.UnknownHostException)
01-11 04:35:58.125  2513  2875 E Corona  : ERROR: network: Unable to resolve host "hwsj-eu-test.clktec.com": No address associated with hostname: https://hwsj-eu-test.clktec.com:20888/frontend/distribute (java.net.UnknownHostException)
01-11 04:35:58.126  2513  2876 E Corona  : ERROR: network: Unable to resolve host "hwsj-eu-test.clktec.com": No address associated with hostname: https://hwsj-eu-test.clktec.com:20888/frontend/distribute (java.net.UnknownHostException)
01-11 04:35:58.128  2513  2877 E Corona  : ERROR: network: Unable to resolve host "hwsj-eu-test.clktec.com": No address associated with hostname: https://hwsj-eu-test.clktec.com:20888/frontend/distribute (java.net.UnknownHostException)
01-11 04:35:58.129  1485  4361 D HwActivityManagerService: handleANRFilterFIFO,uid = 10117cmd = 1
01-11 04:35:58.130  2513  2582 I Corona  : net error response	https://hwsj-eu-test.clktec.com:20888/frontend/distribute	Unable to resolve host "hwsj-eu-test.clktec.com": No address associated with hostname: https://hwsj-eu-test.clktec.com:20888/frontend/distribute
01-11 04:35:58.130  2513  2582 I Corona  : https://hwsj-eu-test.clktec.com:20888/frontend/distribute	4003.558
01-11 04:35:58.130  2513  2582 I Corona  : net error response	https://hwsj-eu-test.clktec.com:20888/frontend/distribute	Unable to resolve host "hwsj-eu-test.clktec.com": No address associated with hostname: https://hwsj-eu-test.clktec.com:20888/frontend/distribute
01-11 04:35:58.131  2513  2582 I Corona  : https://hwsj-eu-test.clktec.com:20888/frontend/distribute	4003.943
01-11 04:35:58.131  2513  2582 I Corona  : net error response	https://hwsj-eu-test.clktec.com:20888/frontend/distribute	Unable to resolve host "hwsj-eu-test.clktec.com": No address associated with hostname: https://hwsj-eu-test.clktec.com:20888/frontend/distribute
01-11 04:35:58.131  2513  2582 I Corona  : https://hwsj-eu-test.clktec.com:20888/frontend/distribute	4004.19
01-11 04:35:58.131  2513  2582 I Corona  : net error response	https://hwsj-eu-test.clktec.com:20888/frontend/distribute	Unable to resolve host "hwsj-eu-test.clktec.com": No address associated with hostname: https://hwsj-eu-test.clktec.com:20888/frontend/distribute
01-11 04:35:58.131  2513  2582 I Corona  : https://hwsj-eu-test.clktec.com:20888/frontend/distribute	4004.413
01-11 04:35:58.131  2513  2582 I Corona  : net error response	https://hwsj-eu-test.clktec.com:20888/frontend/distribute	Unable to resolve host "hwsj-eu-test.clktec.com": No address associated with hostname: https://hwsj-eu-test.clktec.com:20888/frontend/distribute
01-11 04:35:58.131  2513  2582 I Corona  : https://hwsj-eu-test.clktec.com:20888/frontend/distribute	4004.64
01-11 04:35:58.131  2513  2582 I Corona  : net error response	https://hwsj-eu-test.clktec.com:20888/frontend/distribute	Unable to resolve host "hwsj-eu-test.clktec.com": No address associated with hostname: https://hwsj-eu-test.clktec.com:20888/frontend/distribute
01-11 04:35:58.131  2513  2582 I Corona  : https://hwsj-eu-test.clktec.com:20888/frontend/distribute	4004.887
01-11 04:35:58.132  2513  2582 I Corona  : net error response	https://hwsj-eu-test.clktec.com:20888/frontend/distribute	Unable to resolve host "hwsj-eu-test.clktec.com": No address associated with hostname: https://hwsj-eu-test.clktec.com:20888/frontend/distribute
01-11 04:35:58.132  2513  2582 I Corona  : https://hwsj-eu-test.clktec.com:20888/frontend/distribute	4005.172
01-11 04:35:58.132  2513  2582 I Corona  : net error response	https://hwsj-eu-test.clktec.com:20888/frontend/distribute	Unable to resolve host "hwsj-eu-test.clktec.com": No address associated with hostname: https://hwsj-eu-test.clktec.com:20888/frontend/distribute
01-11 04:35:58.132  2513  2582 I Corona  : https://hwsj-eu-test.clktec.com:20888/frontend/distribute	4005.543
01-11 04:35:58.132  2513  2582 I Corona  : net error response	https://hwsj-eu-test.clktec.com:20888/frontend/distribute	Unable to resolve host "hwsj-eu-test.clktec.com": No address associated with hostname: https://hwsj-eu-test.clktec.com:20888/frontend/distribute
01-11 04:35:58.132  2513  2582 I Corona  : https://hwsj-eu-test.clktec.com:20888/frontend/distribute	4005.905
01-11 04:35:58.133  2513  2582 I Corona  : endRequest	https://hwsj-eu-test.clktec.com:20888/frontend/distribute	4005.905
01-11 04:35:58.133  2513  2582 I Corona  : endRequest	https://hwsj-eu-test.clktec.com:20888/frontend/distribute	4005.905
01-11 04:35:58.133  2513  2582 I Corona  : endRequest	https://hwsj-eu-test.clktec.com:20888/frontend/distribute	4005.905
01-11 04:35:58.133  2513  2582 I Corona  : endRequest	https://hwsj-eu-test.clktec.com:20888/frontend/distribute	4005.905
01-11 04:35:58.133  2513  2582 I Corona  : endRequest	https://hwsj-eu-test.clktec.com:20888/frontend/distribute	4005.905
01-11 04:35:58.133  2513  2582 I Corona  : endRequest	https://hwsj-eu-test.clktec.com:20888/frontend/distribute	4005.905
01-11 04:35:58.133  2513  2582 I Corona  : endRequest	https://hwsj-eu-test.clktec.com:20888/frontend/distribute	4005.905
01-11 04:35:58.133  2513  2582 I Corona  : endRequest	https://hwsj-eu-test.clktec.com:20888/frontend/distribute	4005.905
01-11 04:35:58.133  2513  2582 I Corona  : endRequest	https://hwsj-eu-test.clktec.com:20888/frontend/distribute	4005.905
01-11 04:35:58.156  1485  3309 E InputReader: QEEXO fs_classify_touch NULL, not calling FingerSense
01-11 04:35:58.219  2513  2782 I System.out: appid: 1019  activate sendTime: 5 status: -1  info: 
01-11 04:35:58.219  2513  2782 I System.out: appIdActivity: isactivity1019  false
01-11 04:35:58.219  2513  2782 I System.out: activate url: https://hwsj-eu-test.clktec.com:20888/frontend/distribute/v1/active_event
01-11 04:35:58.225  2513  2882 I System.out: admonitor data: {"version":"1.8","app_id":"1019","act_id":"ad_trace_new","data":"{\"cp_app_id\":1019,\"ad_app_key\":\"3199536a745011e8a870025a896bb440\",\"retail_id\":2,\"ad_uuid\":\"\",\"channel_id\":0,\"mac\":\"2af952e1fd43bafe7b502c418e2d5eba\",\"user_agent\":\"Dalvik\\\/2.1.0 (Linux; U; Android 6.0; CAM-AL00 Build\\\/HONORCAM-AL00)\",\"ex_user_agent\":\"Mozilla\\\/5.0 (Linux; Android 6.0; CAM-AL00 Build\\\/HONORCAM-AL00; wv) AppleWebKit\\\/537.36 (KHTML, like Gecko) Version\\\/4.0 Chrome\\\/55.0.2883.91 Mobile Safari\\\/537.36\",\"device_id\":\"d2bd049d4ba402f6\",\"os\":\"0\",\"timestamp\":1231619741,\"reserve\":\"{\\\"deviceType\\\":\\\"android_id\\\"}\"}"}
01-11 04:35:58.226  2513  2882 W System.err: java.net.UnknownHostException: Unable to resolve host "hwsj-eu-test.clktec.com": No address associated with hostname
01-11 04:35:58.227  2513  2882 W System.err: 	at java.net.InetAddress.lookupHostByName(InetAddress.java:440)
01-11 04:35:58.227  2513  2882 W System.err: 	at java.net.InetAddress.getAllByNameImpl(InetAddress.java:252)
01-11 04:35:58.227  2513  2882 W System.err: 	at java.net.InetAddress.getAllByName(InetAddress.java:215)
01-11 04:35:58.227  2513  2882 W System.err: 	at com.android.okhttp.internal.Network$1.resolveInetAddresses(Network.java:29)
01-11 04:35:58.227  2513  2882 W System.err: 	at com.android.okhttp.internal.http.RouteSelector.resetNextInetSocketAddress(RouteSelector.java:188)
01-11 04:35:58.227  2513  2882 W System.err: 	at com.android.okhttp.internal.http.RouteSelector.nextProxy(RouteSelector.java:157)
01-11 04:35:58.227  2513  2882 W System.err: 	at com.android.okhttp.internal.http.RouteSelector.next(RouteSelector.java:100)
01-11 04:35:58.227  2513  2882 W System.err: 	at com.android.okhttp.internal.http.HttpEngine.createNextConnection(HttpEngine.java:357)
01-11 04:35:58.227  2513  2882 W System.err: 	at com.android.okhttp.internal.http.HttpEngine.nextConnection(HttpEngine.java:340)
01-11 04:35:58.227  2513  2882 W System.err: 	at com.android.okhttp.internal.http.HttpEngine.connect(HttpEngine.java:330)
01-11 04:35:58.227  2513  2882 W System.err: 	at com.android.okhttp.internal.http.HttpEngine.sendRequest(HttpEngine.java:248)
01-11 04:35:58.227  2513  2882 W System.err: 	at com.android.okhttp.internal.huc.HttpURLConnectionImpl.execute(HttpURLConnectionImpl.java:433)
01-11 04:35:58.227  2513  2882 W System.err: 	at com.android.okhttp.internal.huc.HttpURLConnectionImpl.connect(HttpURLConnectionImpl.java:114)
01-11 04:35:58.227  2513  2882 W System.err: 	at com.android.okhttp.internal.huc.HttpURLConnectionImpl.getOutputStream(HttpURLConnectionImpl.java:245)
01-11 04:35:58.227  2513  2882 W System.err: 	at com.android.okhttp.internal.huc.DelegatingHttpsURLConnection.getOutputStream(DelegatingHttpsURLConnection.java:218)
01-11 04:35:58.227  2513  2882 W System.err: 	at com.android.okhttp.internal.huc.HttpsURLConnectionImpl.getOutputStream(HttpsURLConnectionImpl.java:25)
01-11 04:35:58.227  2513  2882 W System.err: 	at com.dc.admonitor.sdk.utils.Network$1.run(Network.java:88)
01-11 04:35:58.227  2513  2882 W System.err: 	at java.lang.Thread.run(Thread.java:833)
01-11 04:35:58.236  1485  3309 E InputReader: QEEXO fs_touch_up NULL, not calling FingerSense
01-11 04:35:58.248  2513  2582 I Corona  : testAllRegions
01-11 04:35:58.253  2513  2889 E Corona  : ERROR: network: Unable to resolve host "hwsj-eu-test.clktec.com": No address associated with hostname: https://hwsj-eu-test.clktec.com:20888/frontend/distribute (java.net.UnknownHostException)
01-11 04:35:58.256  2513  2890 E Corona  : ERROR: network: Unable to resolve host "hwsj-eu-test.clktec.com": No address associated with hostname: https://hwsj-eu-test.clktec.com:20888/frontend/distribute (java.net.UnknownHostException)
01-11 04:35:58.258  2513  2891 E Corona  : ERROR: network: Unable to resolve host "hwsj-eu-test.clktec.com": No address associated with hostname: https://hwsj-eu-test.clktec.com:20888/frontend/distribute (java.net.UnknownHostException)
01-11 04:35:58.261  2513  2892 E Corona  : ERROR: network: Unable to resolve host "hwsj-eu-test.clktec.com": No address associated with hostname: https://hwsj-eu-test.clktec.com:20888/frontend/distribute (java.net.UnknownHostException)
01-11 04:35:58.266  2513  2893 E Corona  : ERROR: network: Unable to resolve host "hwsj-eu-test.clktec.com": No address associated with hostname: https://hwsj-eu-test.clktec.com:20888/frontend/distribute (java.net.UnknownHostException)
01-11 04:35:58.268  2513  2894 E Corona  : ERROR: network: Unable to resolve host "hwsj-eu-test.clktec.com": No address associated with hostname: https://hwsj-eu-test.clktec.com:20888/frontend/distribute (java.net.UnknownHostException)
01-11 04:35:58.270  2513  2895 E Corona  : ERROR: network: Unable to resolve host "hwsj-eu-test.clktec.com": No address associated with hostname: https://hwsj-eu-test.clktec.com:20888/frontend/distribute (java.net.UnknownHostException)
01-11 04:35:58.274  2513  2896 E Corona  : ERROR: network: Unable to resolve host "hwsj-eu-test.clktec.com": No address associated with hostname: https://hwsj-eu-test.clktec.com:20888/frontend/distribute (java.net.UnknownHostException)
01-11 04:35:58.275  2513  2897 E Corona  : ERROR: network: Unable to resolve host "hwsj-eu-test.clktec.com": No address associated with hostname: https://hwsj-eu-test.clktec.com:20888/frontend/distribute (java.net.UnknownHostException)
01-11 04:35:58.278  2513  2582 I Corona  : net error response	https://hwsj-eu-test.clktec.com:20888/frontend/distribute	Unable to resolve host "hwsj-eu-test.clktec.com": No address associated with hostname: https://hwsj-eu-test.clktec.com:20888/frontend/distribute
01-11 04:35:58.279  2513  2582 I Corona  : https://hwsj-eu-test.clktec.com:20888/frontend/distribute	4004.545
01-11 04:35:58.279  2513  2582 I Corona  : net error response	https://hwsj-eu-test.clktec.com:20888/frontend/distribute	Unable to resolve host "hwsj-eu-test.clktec.com": No address associated with hostname: https://hwsj-eu-test.clktec.com:20888/frontend/distribute
01-11 04:35:58.279  2513  2582 I Corona  : https://hwsj-eu-test.clktec.com:20888/frontend/distribute	4005.009
01-11 04:35:58.279  2513  2582 I Corona  : net error response	https://hwsj-eu-test.clktec.com:20888/frontend/distribute	Unable to resolve host "hwsj-eu-test.clktec.com": No address associated with hostname: https://hwsj-eu-test.clktec.com:20888/frontend/distribute
01-11 04:35:58.279  2513  2582 I Corona  : https://hwsj-eu-test.clktec.com:20888/frontend/distribute	4005.421
01-11 04:35:58.280  2513  2582 I Corona  : net error response	https://hwsj-eu-test.clktec.com:20888/frontend/distribute	Unable to resolve host "hwsj-eu-test.clktec.com": No address associated with hostname: https://hwsj-eu-test.clktec.com:20888/frontend/distribute
01-11 04:35:58.280  2513  2582 I Corona  : https://hwsj-eu-test.clktec.com:20888/frontend/distribute	4005.792
01-11 04:35:58.280  2513  2582 I Corona  : net error response	https://hwsj-eu-test.clktec.com:20888/frontend/distribute	Unable to resolve host "hwsj-eu-test.clktec.com": No address associated with hostname: https://hwsj-eu-test.clktec.com:20888/frontend/distribute
01-11 04:35:58.280  2513  2582 I Corona  : https://hwsj-eu-test.clktec.com:20888/frontend/distribute	4006.21
01-11 04:35:58.280  2513  2582 I Corona  : net error response	https://hwsj-eu-test.clktec.com:20888/frontend/distribute	Unable to resolve host "hwsj-eu-test.clktec.com": No address associated with hostname: https://hwsj-eu-test.clktec.com:20888/frontend/distribute
01-11 04:35:58.281  2513  2582 I Corona  : https://hwsj-eu-test.clktec.com:20888/frontend/distribute	4006.576
01-11 04:35:58.281  2513  2582 I Corona  : net error response	https://hwsj-eu-test.clktec.com:20888/frontend/distribute	Unable to resolve host "hwsj-eu-test.clktec.com": No address associated with hostname: https://hwsj-eu-test.clktec.com:20888/frontend/distribute
01-11 04:35:58.281  2513  2582 I Corona  : https://hwsj-eu-test.clktec.com:20888/frontend/distribute	4006.947
01-11 04:35:58.281  2513  2582 I Corona  : net error response	https://hwsj-eu-test.clktec.com:20888/frontend/distribute	Unable to resolve host "hwsj-eu-test.clktec.com": No address associated with hostname: https://hwsj-eu-test.clktec.com:20888/frontend/distribute
01-11 04:35:58.281  2513  2582 I Corona  : https://hwsj-eu-test.clktec.com:20888/frontend/distribute	4007.189
01-11 04:35:58.281  2513  2582 I Corona  : net error response	https://hwsj-eu-test.clktec.com:20888/frontend/distribute	Unable to resolve host "hwsj-eu-test.clktec.com": No address associated with hostname: https://hwsj-eu-test.clktec.com:20888/frontend/distribute
01-11 04:35:58.281  2513  2582 I Corona  : https://hwsj-eu-test.clktec.com:20888/frontend/distribute	4007.446
01-11 04:35:58.282  2513  2582 I Corona  : endRequest	https://hwsj-eu-test.clktec.com:20888/frontend/distribute	4007.446
01-11 04:35:58.282  2513  2582 I Corona  : endRequest	https://hwsj-eu-test.clktec.com:20888/frontend/distribute	4007.446
01-11 04:35:58.282  2513  2582 I Corona  : endRequest	https://hwsj-eu-test.clktec.com:20888/frontend/distribute	4007.446
01-11 04:35:58.282  2513  2582 I Corona  : endRequest	https://hwsj-eu-test.clktec.com:20888/frontend/distribute	4007.446
01-11 04:35:58.282  2513  2582 I Corona  : endRequest	https://hwsj-eu-test.clktec.com:20888/frontend/distribute	4007.446
01-11 04:35:58.282  2513  2582 I Corona  : endRequest	https://hwsj-eu-test.clktec.com:20888/frontend/distribute	4007.446
01-11 04:35:58.282  2513  2582 I Corona  : endRequest	https://hwsj-eu-test.clktec.com:20888/frontend/distribute	4007.446
01-11 04:35:58.282  2513  2582 I Corona  : endRequest	https://hwsj-eu-test.clktec.com:20888/frontend/distribute	4007.446
01-11 04:35:58.282  2513  2582 I Corona  : endRequest	https://hwsj-eu-test.clktec.com:20888/frontend/distribute	4007.446
01-11 04:35:58.307  1485  3309 E InputReader: QEEXO fs_classify_touch NULL, not calling FingerSense
01-11 04:35:58.412  1485  3309 E InputReader: QEEXO fs_touch_up NULL, not calling FingerSense
01-11 04:35:58.430  2513  2582 I Corona  : testAllRegions
01-11 04:35:58.431  1485  3402 D SupplicantHeartBeat: handleMessage: E msg.what=999903
01-11 04:35:58.431  1485  3402 D SupplicantHeartBeat: processMsg: HeartAckState
01-11 04:35:58.431  1485  3402 D SupplicantHeartBeat: enter HeartAckState: msg = { when=-12ms what=999903 target=com.android.internal.util.StateMachine$SmHandler }
01-11 04:35:58.431  1485  3402 D SupplicantHeartBeat: enter heartBeat ...
01-11 04:35:58.431  1485  3402 D WifiHW  : wifi_send_command: cmd:'IFNAME=wlan0 HEART_BEAT CHECK'
01-11 04:35:58.431 29868 29868 D wpa_supplicant: wlan0: Control interface command 'HEART_BEAT CHECK'
01-11 04:35:58.431 29868 29868 I wpa_supplicant: wlan0: HEART-BEAT-ACK: 528
01-11 04:35:58.431 29868 29868 D wpa_supplicant: CTRL_IFACE monitor sent successfully to /data/misc/wifi/sockets/wpa_ctrl_1485-40\x00
01-11 04:35:58.432  1485 30000 V HwWifiMonitorImpl: parsingSupplicantHeartBeatEvent Got SupplicantHeartBeat event [HEART-BEAT-ACK: 528]
01-11 04:35:58.432  1485 30000 W WifiMonitor: couldn't identify event type - HEART-BEAT-ACK: 528
01-11 04:35:58.434  1485  3402 D SupplicantHeartBeat: transitionTo: destState=WaitingHeartAckState
01-11 04:35:58.434  1485  3402 D SupplicantHeartBeat: handleMessage: new destination call exit/enter
01-11 04:35:58.434  1485  3402 D SupplicantHeartBeat: setupTempStateStackWithStatesToEnter: X mTempStateStackCount=1,curStateInfo: state=EnterSupplicantStarted,active=true,parent=DefaultState
01-11 04:35:58.434  1485  3402 D SupplicantHeartBeat: invokeExitMethods: HeartAckState
01-11 04:35:58.434  1485  3402 D SupplicantHeartBeat: moveTempStackToStateStack: i=0,j=2
01-11 04:35:58.434  1485  3402 D SupplicantHeartBeat: moveTempStackToStateStack: X mStateStackTop=2,startingIndex=2,Top=WaitingHeartAckState
01-11 04:35:58.434  1485  3402 D SupplicantHeartBeat: invokeEnterMethods: WaitingHeartAckState
01-11 04:35:58.434  1485  3402 D SupplicantHeartBeat: handleMessage: X
01-11 04:35:58.434  1485  3402 D SupplicantHeartBeat: handleMessage: E msg.what=147506
01-11 04:35:58.434  1485  3402 D SupplicantHeartBeat: processMsg: WaitingHeartAckState
01-11 04:35:58.434  1485  3402 D SupplicantHeartBeat: enter WaitingHeartAckState: msg = { when=-1ms what=147506 target=com.android.internal.util.StateMachine$SmHandler }
01-11 04:35:58.434  1485  3402 D SupplicantHeartBeat: transitionTo: destState=HeartAckState
01-11 04:35:58.434  1485  3402 D SupplicantHeartBeat: handleMessage: new destination call exit/enter
01-11 04:35:58.435  1485  3402 D SupplicantHeartBeat: setupTempStateStackWithStatesToEnter: X mTempStateStackCount=1,curStateInfo: state=EnterSupplicantStarted,active=true,parent=DefaultState
01-11 04:35:58.435  1485  3402 D SupplicantHeartBeat: invokeExitMethods: WaitingHeartAckState
01-11 04:35:58.435  1485  3402 D SupplicantHeartBeat: moveTempStackToStateStack: i=0,j=2
01-11 04:35:58.435  1485  3402 D SupplicantHeartBeat: moveTempStackToStateStack: X mStateStackTop=2,startingIndex=2,Top=HeartAckState
01-11 04:35:58.435  1485  3402 D SupplicantHeartBeat: invokeEnterMethods: HeartAckState
01-11 04:35:58.435  1485  3402 D SupplicantHeartBeat: handleMessage: X
01-11 04:35:58.436  2513  2899 E Corona  : ERROR: network: Unable to resolve host "hwsj-eu-test.clktec.com": No address associated with hostname: https://hwsj-eu-test.clktec.com:20888/frontend/distribute (java.net.UnknownHostException)
01-11 04:35:58.440  2513  2900 E Corona  : ERROR: network: Unable to resolve host "hwsj-eu-test.clktec.com": No address associated with hostname: https://hwsj-eu-test.clktec.com:20888/frontend/distribute (java.net.UnknownHostException)
01-11 04:35:58.443  2513  2902 E Corona  : ERROR: network: Unable to resolve host "hwsj-eu-test.clktec.com": No address associated with hostname: https://hwsj-eu-test.clktec.com:20888/frontend/distribute (java.net.UnknownHostException)
01-11 04:35:58.444  2513  2901 E Corona  : ERROR: network: Unable to resolve host "hwsj-eu-test.clktec.com": No address associated with hostname: https://hwsj-eu-test.clktec.com:20888/frontend/distribute (java.net.UnknownHostException)
01-11 04:35:58.449  2513  2903 E Corona  : ERROR: network: Unable to resolve host "hwsj-eu-test.clktec.com": No address associated with hostname: https://hwsj-eu-test.clktec.com:20888/frontend/distribute (java.net.UnknownHostException)
01-11 04:35:58.449  2513  2904 E Corona  : ERROR: network: Unable to resolve host "hwsj-eu-test.clktec.com": No address associated with hostname: https://hwsj-eu-test.clktec.com:20888/frontend/distribute (java.net.UnknownHostException)
01-11 04:35:58.451  2513  2905 E Corona  : ERROR: network: Unable to resolve host "hwsj-eu-test.clktec.com": No address associated with hostname: https://hwsj-eu-test.clktec.com:20888/frontend/distribute (java.net.UnknownHostException)
01-11 04:35:58.453  2513  2906 E Corona  : ERROR: network: Unable to resolve host "hwsj-eu-test.clktec.com": No address associated with hostname: https://hwsj-eu-test.clktec.com:20888/frontend/distribute (java.net.UnknownHostException)
01-11 04:35:58.454  2513  2907 E Corona  : ERROR: network: Unable to resolve host "hwsj-eu-test.clktec.com": No address associated with hostname: https://hwsj-eu-test.clktec.com:20888/frontend/distribute (java.net.UnknownHostException)
01-11 04:35:58.456  2513  2582 I Corona  : net error response	https://hwsj-eu-test.clktec.com:20888/frontend/distribute	Unable to resolve host "hwsj-eu-test.clktec.com": No address associated with hostname: https://hwsj-eu-test.clktec.com:20888/frontend/distribute
01-11 04:35:58.456  2513  2582 I Corona  : https://hwsj-eu-test.clktec.com:20888/frontend/distribute	4003.543
01-11 04:35:58.457  2513  2582 I Corona  : net error response	https://hwsj-eu-test.clktec.com:20888/frontend/distribute	Unable to resolve host "hwsj-eu-test.clktec.com": No address associated with hostname: https://hwsj-eu-test.clktec.com:20888/frontend/distribute
01-11 04:35:58.457  2513  2582 I Corona  : https://hwsj-eu-test.clktec.com:20888/frontend/distribute	4003.866
01-11 04:35:58.457  2513  2582 I Corona  : net error response	https://hwsj-eu-test.clktec.com:20888/frontend/distribute	Unable to resolve host "hwsj-eu-test.clktec.com": No address associated with hostname: https://hwsj-eu-test.clktec.com:20888/frontend/distribute
01-11 04:35:58.457  2513  2582 I Corona  : https://hwsj-eu-test.clktec.com:20888/frontend/distribute	4004.116
01-11 04:35:58.457  2513  2582 I Corona  : net error response	https://hwsj-eu-test.clktec.com:20888/frontend/distribute	Unable to resolve host "hwsj-eu-test.clktec.com": No address associated with hostname: https://hwsj-eu-test.clktec.com:20888/frontend/distribute
01-11 04:35:58.457  2513  2582 I Corona  : https://hwsj-eu-test.clktec.com:20888/frontend/distribute	4004.368
01-11 04:35:58.457  2513  2582 I Corona  : net error response	https://hwsj-eu-test.clktec.com:20888/frontend/distribute	Unable to resolve host "hwsj-eu-test.clktec.com": No address associated with hostname: https://hwsj-eu-test.clktec.com:20888/frontend/distribute
01-11 04:35:58.457  2513  2582 I Corona  : https://hwsj-eu-test.clktec.com:20888/frontend/distribute	4004.598
01-11 04:35:58.457  2513  2582 I Corona  : net error response	https://hwsj-eu-test.clktec.com:20888/frontend/distribute	Unable to resolve host "hwsj-eu-test.clktec.com": No address associated with hostname: https://hwsj-eu-test.clktec.com:20888/frontend/distribute
01-11 04:35:58.458  2513  2582 I Corona  : https://hwsj-eu-test.clktec.com:20888/frontend/distribute	4004.819
01-11 04:35:58.458  2513  2582 I Corona  : net error response	https://hwsj-eu-test.clktec.com:20888/frontend/distribute	Unable to resolve host "hwsj-eu-test.clktec.com": No address associated with hostname: https://hwsj-eu-test.clktec.com:20888/frontend/distribute
01-11 04:35:58.458  2513  2582 I Corona  : https://hwsj-eu-test.clktec.com:20888/frontend/distribute	4005.037
01-11 04:35:58.458  2513  2582 I Corona  : net error response	https://hwsj-eu-test.clktec.com:20888/frontend/distribute	Unable to resolve host "hwsj-eu-test.clktec.com": No address associated with hostname: https://hwsj-eu-test.clktec.com:20888/frontend/distribute
01-11 04:35:58.458  2513  2582 I Corona  : https://hwsj-eu-test.clktec.com:20888/frontend/distribute	4005.248
01-11 04:35:58.458  2513  2582 I Corona  : net error response	https://hwsj-eu-test.clktec.com:20888/frontend/distribute	Unable to resolve host "hwsj-eu-test.clktec.com": No address associated with hostname: https://hwsj-eu-test.clktec.com:20888/frontend/distribute
01-11 04:35:58.458  2513  2582 I Corona  : https://hwsj-eu-test.clktec.com:20888/frontend/distribute	4005.455
01-11 04:35:58.458  2513  2582 I Corona  : endRequest	https://hwsj-eu-test.clktec.com:20888/frontend/distribute	4005.455
01-11 04:35:58.458  2513  2582 I Corona  : endRequest	https://hwsj-eu-test.clktec.com:20888/frontend/distribute	4005.455
01-11 04:35:58.458  2513  2582 I Corona  : endRequest	https://hwsj-eu-test.clktec.com:20888/frontend/distribute	4005.455
01-11 04:35:58.458  2513  2582 I Corona  : endRequest	https://hwsj-eu-test.clktec.com:20888/frontend/distribute	4005.455
01-11 04:35:58.458  2513  2582 I Corona  : endRequest	https://hwsj-eu-test.clktec.com:20888/frontend/distribute	4005.455
01-11 04:35:58.458  2513  2582 I Corona  : endRequest	https://hwsj-eu-test.clktec.com:20888/frontend/distribute	4005.455
01-11 04:35:58.458  2513  2582 I Corona  : endRequest	https://hwsj-eu-test.clktec.com:20888/frontend/distribute	4005.455
01-11 04:35:58.458  2513  2582 I Corona  : endRequest	https://hwsj-eu-test.clktec.com:20888/frontend/distribute	4005.455
01-11 04:35:58.459  2513  2582 I Corona  : endRequest	https://hwsj-eu-test.clktec.com:20888/frontend/distribute	4005.455
01-11 04:35:58.483  1485  3309 E InputReader: QEEXO fs_classify_touch NULL, not calling FingerSense
01-11 04:35:58.555  1485  3309 E InputReader: QEEXO fs_touch_up NULL, not calling FingerSense
01-11 04:35:58.575  2513  2582 I Corona  : testAllRegions
01-11 04:35:58.579  2513  2909 E Corona  : ERROR: network: Unable to resolve host "hwsj-eu-test.clktec.com": No address associated with hostname: https://hwsj-eu-test.clktec.com:20888/frontend/distribute (java.net.UnknownHostException)
01-11 04:35:58.581  2513  2910 E Corona  : ERROR: network: Unable to resolve host "hwsj-eu-test.clktec.com": No address associated with hostname: https://hwsj-eu-test.clktec.com:20888/frontend/distribute (java.net.UnknownHostException)
01-11 04:35:58.582  2513  2911 E Corona  : ERROR: network: Unabl