01-11 04:33:26.778  1485  3401 I ActivityManager: collectReceiverComponents for intent: Intent { act=android.net.wifi.SCAN_RESULTS flg=0x4000010 (has extras) }, receivers: [ResolveInfo{66897e5 com.android.settings/.wifi.cmcc.ConnectSwitchReceiver m=0x108000 euid=0}]
01-11 04:33:26.780  1485  3479 D HwConnectivityService: csagent getNetworkInfoForWifi enter.
01-11 04:33:26.780  1485  3479 D HwConnectivityService: csagent getWifiNai WIFI messager key not exist in NetworkAgentInfos HashMap, networkAgentInfos = {}
01-11 04:33:26.780  1485  3479 D HwConnectivityService: csagent getNetworkInfoForWifi failed, return default NetworkInfo.
01-11 04:33:28.607  1485  4361 I ActivityManager: collectReceiverComponents for intent: Intent { act=android.intent.action.SIG_STR flg=0x20000010 (has extras) }, receivers: null
01-11 04:33:28.608  1485  4196 W ActivityManager: getRunningAppProcesses: caller 10155 does not hold REAL_GET_TASKS; limiting output
01-11 04:33:28.617  1485  4331 I ActivityManager: collectReceiverComponents for intent: Intent { act=android.intent.action.SIG_STR flg=0x20000010 (has extras) }, receivers: null
01-11 04:33:28.618  1485  3315 W ActivityManager: getRunningAppProcesses: caller 10155 does not hold REAL_GET_TASKS; limiting output
01-11 04:33:37.372  1485  4318 I ActivityManager: collectReceiverComponents for intent: Intent { act=android.intent.action.SIG_STR flg=0x20000010 (has extras) }, receivers: null
01-11 04:33:37.375  1485  3317 W ActivityManager: getRunningAppProcesses: caller 10155 does not hold REAL_GET_TASKS; limiting output
01-11 04:33:37.376  1485  4195 I ActivityManager: collectReceiverComponents for intent: Intent { act=android.intent.action.SIG_STR flg=0x20000010 (has extras) }, receivers: null
01-11 04:33:37.380  1485  4331 I ActivityManager: collectReceiverComponents for intent: Intent { act=android.intent.action.SIG_STR flg=0x20000010 (has extras) }, receivers: null
01-11 04:33:41.827  1485  3401 I ActivityManager: collectReceiverComponents for intent: Intent { flg=0x4000010 }, receivers: null
01-11 04:33:41.828  1485  3401 I ActivityManager: collectReceiverComponents for intent: Intent { act=android.net.wifi.SCAN_RESULTS flg=0x4000010 (has extras) }, receivers: [ResolveInfo{90c256b com.android.settings/.wifi.cmcc.ConnectSwitchReceiver m=0x108000 euid=0}]
01-11 04:33:41.829  1485  3479 D HwConnectivityService: csagent getNetworkInfoForWifi enter.
01-11 04:33:41.829  1485  3479 D HwConnectivityService: csagent getWifiNai WIFI messager key not exist in NetworkAgentInfos HashMap, networkAgentInfos = {}
01-11 04:33:41.829  1485  3479 D HwConnectivityService: csagent getNetworkInfoForWifi failed, return default NetworkInfo.
01-11 04:33:43.091  1485  3826 W ActivityManager: getRunningAppProcesses: caller 10117 does not hold REAL_GET_TASKS; limiting output
01-11 04:33:45.864  1485  4195 I ActivityManager: collectReceiverComponents for intent: Intent { act=android.intent.action.SIG_STR flg=0x20000010 (has extras) }, receivers: null
01-11 04:33:45.865  1485  3315 W ActivityManager: getRunningAppProcesses: caller 10155 does not hold REAL_GET_TASKS; limiting output
01-11 04:33:45.868  1485  3828 I ActivityManager: collectReceiverComponents for intent: Intent { act=android.intent.action.SIG_STR flg=0x20000010 (has extras) }, receivers: null
01-11 04:33:45.871  1485  4318 W ActivityManager: getRunningAppProcesses: caller 10155 does not hold REAL_GET_TASKS; limiting output
01-11 04:33:45.876  1485  3825 I ActivityManager: collectReceiverComponents for intent: Intent { act=android.intent.action.SIG_STR flg=0x20000010 (has extras) }, receivers: null
01-11 04:33:45.876  1485  4195 W ActivityManager: getRunningAppProcesses: caller 10155 does not hold REAL_GET_TASKS; limiting output
01-11 04:33:48.616  1485  3826 I ActivityManager: collectReceiverComponents for intent: Intent { act=android.intent.action.SIG_STR flg=0x20000010 (has extras) }, receivers: null
01-11 04:33:48.619  1485  4195 W ActivityManager: getRunningAppProcesses: caller 10155 does not hold REAL_GET_TASKS; limiting output
01-11 04:33:48.624  1485  4331 I ActivityManager: collectReceiverComponents for intent: Intent { act=android.intent.action.SIG_STR flg=0x20000010 (has extras) }, receivers: null
01-11 04:33:48.626  1485  3828 W ActivityManager: getRunningAppProcesses: caller 10155 does not hold REAL_GET_TASKS; limiting output
01-11 04:33:54.545  1485  3303 I ActivityManager: collectReceiverComponents for intent: Intent { flg=0x14 cmp=net.ed58.dlm.clients/cn.jpush.android.service.AlarmReceiver (has extras) }, receivers: [ResolveInfo{d543086 net.ed58.dlm.clients/cn.jpush.android.service.AlarmReceiver m=0x0 euid=0}]
01-11 04:33:54.646  1485  4317 I HwActivityManagerService: PackageName for pid 27474 is net.ed58.dlm.clients
01-11 04:33:54.649  1485  4195 I ActivityManager: collectReceiverComponents for intent: Intent { act=cn.jpush.android.intent.ACTION_REPORT_HISTORY cat=[net.ed58.dlm.clients] flg=0x10 pkg=net.ed58.dlm.clients cmp=net.ed58.dlm.clients/cn.jpush.android.service.PushReceiver }, receivers: [ResolveInfo{89ade9d net.ed58.dlm.clients/cn.jpush.android.service.PushReceiver m=0x0 euid=0}]
01-11 04:33:56.303  1485  4331 I ActivityManager: resolve info: ResolveInfo{acbc799 com.android.packageinstaller/.PackageInstallerActivity m=0x0 euid=0}, euid: 0
01-11 04:33:56.306  1485  4331 I ActivityManager: ActivityRecord info: ActivityInfo{6108f8c com.android.packageinstaller.PackageInstallerActivity}, euid=0
01-11 04:33:56.309  1485  4331 V HwPhoneWindowManager: updateSystemUiColorLw window=Window{acb79b7 u0 com.huawei.android.launcher/com.huawei.android.launcher.Launcher},EmuiStyle=-1,StatusBarColor=0xfff0f0f0,NavigationBarColor=0x0
01-11 04:33:56.309  3544 27017 D CommandQueue: CommandQueue, onTransaction
01-11 04:33:56.309  3544 27017 D CommandQueue: CommandQueue, setBarBackgroundColor
01-11 04:33:56.311  1485  4331 V HwWindowManagerService: moveTaskToTop mTaskChanged:true
01-11 04:33:56.311  1485  4331 I ActivityManager: create new task record, multiLaunchId: 0, intent = Intent { act=android.intent.action.VIEW dat=file:///data/local/tmp/669AC4A565FC40FFFB679418A33F2077_10431280350490974.apk typ=application/vnd.android.package-archive flg=0x10808000 cmp=com.android.packageinstaller/.PackageInstallerActivity (has extras) }
01-11 04:33:56.314  1485  4331 V HwWindowManagerService: moveTaskToTop mTaskChanged:true
01-11 04:33:56.319  1485  4331 V HwWindowManagerService: moveTaskToTop mTaskChanged:true
01-11 04:33:56.320  1485  4331 V HwWindowManagerService: setFocusedApp update app ops, mTaskChanged set to:false
01-11 04:33:56.322  1485  3317 I ActivityManager: mService.startProcessLocked for activity: ActivityRecord{8eaca5e u0 com.android.packageinstaller/.PackageInstallerActivity t278}, appinfo euid: 0
01-11 04:33:56.322  1485  3317 I ActivityManager: new Process app=ProcessRecord{5a53f5b 0:com.android.packageinstaller/u0a70}, name: com.android.packageinstaller, euid: 0
01-11 04:33:56.335  1485  3317 I ActivityManager: Start proc 32135:com.android.packageinstaller/u0a70 for activity com.android.packageinstaller/.PackageInstallerActivity
01-11 04:33:56.345 32135 32135 D ActivityThread: ActivityThread,attachApplication
01-11 04:33:56.356  1485  3826 D ActivityManager: ActivityManagerService,attachApplication,callingPid = 32135
01-11 04:33:56.360  1485  3826 I ActivityManager: launch r: ActivityRecord{8eaca5e u0 com.android.packageinstaller/.PackageInstallerActivity t278}, uid = 10070, r.info.applicationInfo.euid  = 0
01-11 04:33:56.360  1485  3826 D ActivityManager: className: com.android.packageinstaller.PackageInstallerActivity
01-11 04:33:56.360  1485  3826 D HwWindowManagerService: send UpdateStateSuspensionWindow, visible: false
01-11 04:33:56.365  1485  4195 I ActivityManager: collectReceiverComponents for intent: Intent { act=com.huawei.android.action.WIDGET_FOCUS_CHANGE flg=0x10 (has extras) }, receivers: null
01-11 04:33:56.450 32135 32135 V ActivityThread: ActivityThread,callActivityOnCreate
01-11 04:33:56.478 32135 32135 W PackageParser: Unknown element under <application>: string at /data/local/tmp/669AC4A565FC40FFFB679418A33F2077_10431280350490974.apk Binary XML file line #145
01-11 04:33:56.835  1485  3401 I ActivityManager: collectReceiverComponents for intent: Intent { flg=0x4000010 }, receivers: null
01-11 04:33:56.836  1485  3401 I ActivityManager: collectReceiverComponents for intent: Intent { act=android.net.wifi.SCAN_RESULTS flg=0x4000010 (has extras) }, receivers: [ResolveInfo{14ff52f com.android.settings/.wifi.cmcc.ConnectSwitchReceiver m=0x108000 euid=0}]
01-11 04:33:56.836  1485  3479 D HwConnectivityService: csagent getNetworkInfoForWifi enter.
01-11 04:33:56.836  1485  3479 D HwConnectivityService: csagent getWifiNai WIFI messager key not exist in NetworkAgentInfos HashMap, networkAgentInfos = {}
01-11 04:33:56.836  1485  3479 D HwConnectivityService: csagent getNetworkInfoForWifi failed, return default NetworkInfo.
01-11 04:33:57.147 32135 32135 D ActivityThread: add activity client record, r= ActivityRecord{d51eb82 token=android.os.BinderProxy@debe6cd {com.android.packageinstaller/com.android.packageinstaller.PackageInstallerActivity}} token= android.os.BinderProxy@debe6cd
01-11 04:33:57.155 32135 32154 W PackageParser: Unknown element under <application>: string at /data/local/tmp/669AC4A565FC40FFFB679418A33F2077_10431280350490974.apk Binary XML file line #145
01-11 04:33:57.166  1485  3315 V HwPhoneWindowManager: updateSystemUiColorLw window=Window{23c3b28 u0 com.android.packageinstaller/com.android.packageinstaller.PackageInstallerActivity},EmuiStyle=1,StatusBarColor=0xff28c0c6,NavigationBarColor=0x0
01-11 04:33:57.166  3544  7552 D CommandQueue: CommandQueue, onTransaction
01-11 04:33:57.166  3544  7552 D CommandQueue: CommandQueue, setBarBackgroundColor
01-11 04:33:57.383  1485  4317 W ActivityManager: getRunningAppProcesses: caller 10155 does not hold REAL_GET_TASKS; limiting output
01-11 04:33:57.386  1485  4361 I ActivityManager: collectReceiverComponents for intent: Intent { act=android.intent.action.SIG_STR flg=0x20000010 (has extras) }, receivers: null
01-11 04:33:57.391  1485  4322 I ActivityManager: collectReceiverComponents for intent: Intent { act=android.intent.action.SIG_STR flg=0x20000010 (has extras) }, receivers: null
01-11 04:33:57.392  1485  3826 W ActivityManager: getRunningAppProcesses: caller 10155 does not hold REAL_GET_TASKS; limiting output
01-11 04:33:57.399  1485  1499 I ActivityManager: collectReceiverComponents for intent: Intent { act=android.intent.action.SIG_STR flg=0x20000010 (has extras) }, receivers: null
01-11 04:33:57.400  1485  4318 W ActivityManager: getRunningAppProcesses: caller 10155 does not hold REAL_GET_TASKS; limiting output
01-11 04:33:57.401  1485  4195 I HwMtmBroadcastResourceManager: removeReceiver mtm Broadcast
01-11 04:33:57.401  1485  1500 I HwMtmBroadcastResourceManager: removeReceiver mtm Broadcast
01-11 04:33:57.402  1485  3315 I HwMtmBroadcastResourceManager: removeReceiver mtm Broadcast
01-11 04:34:04.732  1485  3315 V HwWindowManagerService: moveTaskToTop mTaskChanged:true
01-11 04:34:04.736  1485  3315 V HwWindowManagerService: setFocusedApp update app ops, mTaskChanged set to:false
01-11 04:34:04.749  1485  3315 D ActivityManager: className: com.android.packageinstaller.PackageInstallerActivity
01-11 04:34:04.749  1485  3315 D HwWindowManagerService: send UpdateStateSuspensionWindow, visible: true
01-11 04:34:04.793  1485  1571 I ActivityManager: retrieveServiceLocked, callerApp: ProcessRecord{c27700b 0:system/1000}, flags: 400
01-11 04:34:04.794  1485  1571 I ActivityManager: bindServiceLocked, r: ServiceRecord{b43976c u0 euid: 0 com.android.defcontainer/.DefaultContainerService}, euid: 0
01-11 04:34:04.794  1485  1571 I ActivityManager: mAm.startProcessLocked for service: ServiceRecord{b43976c u0 euid: 0 com.android.defcontainer/.DefaultContainerService}, appinfo euid: 0
01-11 04:34:04.794  1485  1571 I ActivityManager: new Process app=ProcessRecord{d729135 0:com.android.defcontainer/u0a1}, name: com.android.defcontainer, euid: 0
01-11 04:34:04.803  1485  1571 I ActivityManager: Start proc 32184:com.android.defcontainer/u0a1 for service com.android.defcontainer/.DefaultContainerService
01-11 04:34:04.804  1485  4318 W ContextImpl: Calling a method in the system process without a qualified user: android.app.ContextImpl.sendBroadcast:851 com.android.server.pm.HwPackageManagerService.parseInstallerInfo:2276 com.android.server.pm.PackageManagerService.installPackageAsUser:10506 android.content.pm.IPackageManager$Stub.onTransact:975 com.android.server.pm.PackageManagerService.onTransact:2840 
01-11 04:34:04.805  1485  4318 V HwPackageManagerService: installPackageWithVerificationAndEncryption:  uid= 2000, pid=32118, packageUri= /data/local/tmp/669AC4A565FC40FFFB679418A33F2077_10431280350490974.apk
01-11 04:34:04.829  1485  4331 I ActivityManager: collectReceiverComponents for intent: Intent { act=com.huawei.android.action.launcher_weather_icon_change flg=0x10 (has extras) }, receivers: null
01-11 04:34:04.888 32184 32184 D ActivityThread: ActivityThread,attachApplication
01-11 04:34:04.890  1485  3825 V HwPhoneWindowManager: updateSystemUiColorLw window=Window{acb79b7 u0 com.huawei.android.launcher/com.huawei.android.launcher.Launcher},EmuiStyle=-1,StatusBarColor=0xfff0f0f0,NavigationBarColor=0x0
01-11 04:34:04.892  1485  1499 D ActivityManager: ActivityManagerService,attachApplication,callingPid = 32184
01-11 04:34:04.898  3544  3557 D CommandQueue: CommandQueue, onTransaction
01-11 04:34:04.898  3544  3557 D CommandQueue: CommandQueue, setBarBackgroundColor
01-11 04:34:04.944  1485  4228 I ActivityManager: collectReceiverComponents for intent: Intent { act=com.huawei.android.action.WIDGET_FOCUS_CHANGE flg=0x10 (has extras) }, receivers: null
01-11 04:34:04.947  1485  4331 I ActivityManager: collectReceiverComponents for intent: Intent { act=com.huawei.android.action.ACTION_UPDATE_TIME_CHECK flg=0x10 pkg=com.huawei.android.totemweather (has extras) }, receivers: [ResolveInfo{8850070 com.huawei.android.totemweather/.utils.CenterReceiver m=0x108000 euid=0}]
01-11 04:34:04.957  1485  4322 I ActivityManager: retrieveServiceLocked, callerApp: ProcessRecord{c7e4bf 20235:com.huawei.android.totemweather/u0a30}, flags: 400
01-11 04:34:04.957  1485  4322 I ActivityManager: bindServiceLocked, r: ServiceRecord{b8ca46e u0 euid: 0 com.huawei.android.totemweather/.WeatherService}, euid: 0
01-11 04:34:05.060 32184 32195 D DefContainer: Copying /data/local/tmp/669AC4A565FC40FFFB679418A33F2077_10431280350490974.apk to base.apk
01-11 04:34:05.163 32135 32135 D ActivityThread: Remove activity client record, r= ActivityRecord{d51eb82 token=android.os.BinderProxy@debe6cd {com.android.packageinstaller/com.android.packageinstaller.PackageInstallerActivity}} token= android.os.BinderProxy@debe6cd
01-11 04:34:05.932  1485  4228 I ActivityManager: collectReceiverComponents for intent: Intent { act=android.intent.action.SIG_STR flg=0x20000010 (has extras) }, receivers: null
01-11 04:34:05.942  1485  4324 I ActivityManager: collectReceiverComponents for intent: Intent { act=android.intent.action.SIG_STR flg=0x20000010 (has extras) }, receivers: null
01-11 04:34:05.949  1485  3317 I ActivityManager: collectReceiverComponents for intent: Intent { act=android.intent.action.SIG_STR flg=0x20000010 (has extras) }, receivers: null
01-11 04:34:05.967  1485  4196 W ActivityManager: getRunningAppProcesses: caller 10155 does not hold REAL_GET_TASKS; limiting output
01-11 04:34:05.969  1485  4322 W ActivityManager: getRunningAppProcesses: caller 10155 does not hold REAL_GET_TASKS; limiting output
01-11 04:34:05.971  1485  3315 W ActivityManager: getRunningAppProcesses: caller 10155 does not hold REAL_GET_TASKS; limiting output
01-11 04:34:08.430  1485  1571 W PackageParser: Unknown element under <application>: string at /data/app/vmdl1602593414.tmp/base.apk Binary XML file line #145
01-11 04:34:08.634  1485  4196 W ActivityManager: getRunningAppProcesses: caller 10155 does not hold REAL_GET_TASKS; limiting output
01-11 04:34:08.637  1485  3828 I ActivityManager: collectReceiverComponents for intent: Intent { act=android.intent.action.SIG_STR flg=0x20000010 (has extras) }, receivers: null
01-11 04:34:08.644  1485  4331 I ActivityManager: collectReceiverComponents for intent: Intent { act=android.intent.action.SIG_STR flg=0x20000010 (has extras) }, receivers: null
01-11 04:34:08.649  1485  4324 W ActivityManager: getRunningAppProcesses: caller 10155 does not hold REAL_GET_TASKS; limiting output
01-11 04:34:11.890  1485  3401 I ActivityManager: collectReceiverComponents for intent: Intent { flg=0x4000010 }, receivers: null
01-11 04:34:11.892  1485  3401 I ActivityManager: collectReceiverComponents for intent: Intent { act=android.net.wifi.SCAN_RESULTS flg=0x4000010 (has extras) }, receivers: [ResolveInfo{51ef05d com.android.settings/.wifi.cmcc.ConnectSwitchReceiver m=0x108000 euid=0}]
01-11 04:34:11.895  1485  3479 D HwConnectivityService: csagent getNetworkInfoForWifi enter.
01-11 04:34:11.896  1485  3479 D HwConnectivityService: csagent getWifiNai WIFI messager key not exist in NetworkAgentInfos HashMap, networkAgentInfos = {}
01-11 04:34:11.896  1485  3479 D HwConnectivityService: csagent getNetworkInfoForWifi failed, return default NetworkInfo.
01-11 04:34:15.619  1485  3303 I ActivityManager: collectReceiverComponents for intent: Intent { flg=0x14 cmp=com.cutv.ningbo/cn.jpush.android.service.AlarmReceiver (has extras) }, receivers: [ResolveInfo{bd165a0 com.cutv.ningbo/cn.jpush.android.service.AlarmReceiver m=0x0 euid=0}]
01-11 04:34:15.646  1485  4324 I HwActivityManagerService: PackageName for pid 579 is com.cutv.ningbo
01-11 04:34:17.408  1485  3317 I ActivityManager: collectReceiverComponents for intent: Intent { act=android.intent.action.SIG_STR flg=0x20000010 (has extras) }, receivers: null
01-11 04:34:17.413  1485  4361 W ActivityManager: getRunningAppProcesses: caller 10155 does not hold REAL_GET_TASKS; limiting output
01-11 04:34:17.415  1485  4195 I ActivityManager: collectReceiverComponents for intent: Intent { act=android.intent.action.SIG_STR flg=0x20000010 (has extras) }, receivers: null
01-11 04:34:17.422  1485  4228 W ActivityManager: getRunningAppProcesses: caller 10155 does not hold REAL_GET_TASKS; limiting output
01-11 04:34:19.940  1485  3268 D HwBatteryService: onUEvent fcp_values = 0
01-11 04:34:19.950  1485  1485 D WifiService: onReceive, action:android.intent.action.BATTERY_CHANGED
01-11 04:34:19.950  1485  1485 D WifiService: ACTION_BATTERY_CHANGED pluggedType: 1
01-11 04:34:21.426  1485  3268 D HwBatteryService: onUEvent fcp_values = 0
01-11 04:34:25.952  1485  4318 I ActivityManager: collectReceiverComponents for intent: Intent { act=android.intent.action.SIG_STR flg=0x20000010 (has extras) }, receivers: null
01-11 04:34:25.963  1485  4331 W ActivityManager: getRunningAppProcesses: caller 10155 does not hold REAL_GET_TASKS; limiting output
01-11 04:34:25.963  1485  3317 I ActivityManager: collectReceiverComponents for intent: Intent { act=android.intent.action.SIG_STR flg=0x20000010 (has extras) }, receivers: null
01-11 04:34:25.976  1485  1500 W ActivityManager: getRunningAppProcesses: caller 10155 does not hold REAL_GET_TASKS; limiting output
01-11 04:34:25.993  1485  3828 I ActivityManager: collectReceiverComponents for intent: Intent { act=android.intent.action.SIG_STR flg=0x20000010 (has extras) }, receivers: null
01-11 04:34:25.995  1485  3828 W ActivityManager: getRunningAppProcesses: caller 10155 does not hold REAL_GET_TASKS; limiting output
01-11 04:34:26.836  1485  3401 I ActivityManager: collectReceiverComponents for intent: Intent { flg=0x4000010 }, receivers: null
01-11 04:34:26.837  1485  3401 I ActivityManager: collectReceiverComponents for intent: Intent { act=android.net.wifi.SCAN_RESULTS flg=0x4000010 (has extras) }, receivers: [ResolveInfo{7d281ff com.android.settings/.wifi.cmcc.ConnectSwitchReceiver m=0x108000 euid=0}]
01-11 04:34:26.841  1485  3479 D HwConnectivityService: csagent getNetworkInfoForWifi enter.
01-11 04:34:26.841  1485  3479 D HwConnectivityService: csagent getWifiNai WIFI messager key not exist in NetworkAgentInfos HashMap, networkAgentInfos = {}
01-11 04:34:26.841  1485  3479 D HwConnectivityService: csagent getNetworkInfoForWifi failed, return default NetworkInfo.
01-11 04:34:28.651  1485  4318 I ActivityManager: collectReceiverComponents for intent: Intent { act=android.intent.action.SIG_STR flg=0x20000010 (has extras) }, receivers: null
01-11 04:34:28.653  1485  3826 W ActivityManager: getRunningAppProcesses: caller 10155 does not hold REAL_GET_TASKS; limiting output
01-11 04:34:28.657  1485  4317 I ActivityManager: collectReceiverComponents for intent: Intent { act=android.intent.action.SIG_STR flg=0x20000010 (has extras) }, receivers: null
01-11 04:34:28.659  1485  4324 W ActivityManager: getRunningAppProcesses: caller 10155 does not hold REAL_GET_TASKS; limiting output
01-11 04:34:36.858  1485  1571 W PackageManager: Unknown permission com.android.vending.BILLING in package com.dc.hwsj
01-11 04:34:36.858  1485  1571 W PackageManager: Unknown permission com.android.vending.CHECK_LICENSE in package com.dc.hwsj
01-11 04:34:36.858  1485  1571 W PackageManager: Unknown permission com.google.android.finsky.permission.BIND_GET_INSTALL_REFERRER_SERVICE in package com.dc.hwsj
01-11 04:34:37.141  1485  1571 I HwPackageManagerService: insertAppInfo pkgName:com.dc.hwsj time:845978475
01-11 04:34:37.149  1485  1571 W BackupManagerService: Requested unavailable transport: com.google.android.gms/.backup.BackupTransportService
01-11 04:34:37.261  1485  1571 W ContextImpl: Calling a method in the system process without a qualified user: android.app.ContextImpl.sendBroadcast:872 com.android.server.pm.HwPackageManagerService.parseInstalledPkgInfo:2300 com.android.server.pm.PackageManagerService.parseInstalledPkgInfo:18316 com.android.server.pm.PackageManagerService.access$1400:341 com.android.server.pm.PackageManagerService$PackageHandler.doHandleMessage:1536 
01-11 04:34:37.262  1485  1571 V HwPackageManagerService: POST_INSTALL:  pkgName = com.dc.hwsj, pkgUri = /data/local/tmp/669AC4A565FC40FFFB679418A33F2077_10431280350490974.apk, pkgVerName = 1.8.01, pkgVerCode = 180101, resultCode = 1, pkgUpdate = false
01-11 04:34:37.429  1485  3315 I ActivityManager: collectReceiverComponents for intent: Intent { act=android.intent.action.SIG_STR flg=0x20000010 (has extras) }, receivers: null
01-11 04:34:37.435  1485  4228 W ActivityManager: getRunningAppProcesses: caller 10155 does not hold REAL_GET_TASKS; limiting output
01-11 04:34:37.444  1485  4196 I ActivityManager: collectReceiverComponents for intent: Intent { act=android.intent.action.SIG_STR flg=0x20000010 (has extras) }, receivers: null
01-11 04:34:37.461  1485  1500 W ActivityManager: getRunningAppProcesses: caller 10155 does not hold REAL_GET_TASKS; limiting output
01-11 04:34:37.462  1485  3315 W ActivityManager: getRunningAppProcesses: caller 10155 does not hold REAL_GET_TASKS; limiting output
01-11 04:34:37.542  1485  1571 I ActivityManager: collectReceiverComponents for intent: Intent { act=android.intent.action.PACKAGE_ADDED dat=package:com.dc.hwsj flg=0x4000010 (has extras) }, receivers: [ResolveInfo{366685 com.huawei.appmarket/.service.installresult.control.InstallerReceiver p=2147483647 m=0x208000 euid=0}, ResolveInfo{a445cda com.songheng.eastnews/com.uniplay.adsdk.PackageReceiver p=2147483647 m=0x208000 euid=0}, ResolveInfo{e02250b com.android.contacts/.compatibility.ContactsProviderReceiver p=1000 m=0x208000 euid=0}, ResolveInfo{fb54fe8 com.android.providers.contacts/.PackageIntentReceiver m=0x208000 euid=0}, ResolveInfo{3fbe601 com.huawei.appmarket/com.huawei.android.pushagent.PushEventReceiver m=0x208000 euid=0}, ResolveInfo{81b6ca6 com.android.gallery3d/com.huawei.gallery.photoshare.receiver.GalleryPackageMonitor m=0x208000 euid=0}, ResolveInfo{d2c06e7 com.huawei.hwvplayer.youku/com.huawei.android.pushagent.PushEventReceiver m=0x208000 euid=0}, ResolveInfo{3838294 com.android.musicfx/.Compatibility$Receiver m=0x208000 euid=0}, ResolveInfo{33fe13d com.huawei.systemmanager/com.huawei.notificationmanager.receiver.Receiver m=0x208000 euid=0}, ResolveInfo{b01ad32 com.huawei.systemmanager/com.huawei.permissionmanager.ui.AppInstallationReceiver m=0x208000 euid=0}, ResolveInfo{9282a83 com.huawei.systemmanager/.optimize.OptimizeReceiver m=0x208000 euid=0}, ResolveInfo{7603400 com.huawei.systemmanager/.power.receiver.BootBroadcastReceiver m=0x208000 euid=0}, ResolveInfo{bce5439 com.huawei.systemmanager/.netassistant.netapp.receiver.AppChangeReceiver m=0x208000 euid=0}, ResolveInfo{1996a7e com.huawei.systemmanager/.antivirus.AntiVirusReceiver m=0x208000 euid=0}, ResolveInfo{838ebdf com.huawei.systemmanager/.addviewmonitor.AppChangeReceiver m=0x208000 euid=0}, ResolveInfo{594902c com.huawei.systemmanager/.rainbow.client.background.broadcast.SecurityBroadcastReceiver m=0x208000 euid=0}, ResolveInfo{236faf5 com.huawei.systemmanager/.spacecleanner.receiver.SpaceCleanReceiver m=0x208000 euid=0}, ResolveInfo{5db08a com.android.phone/.vvm.omtp.VvmPackageInstallReceiver m=0x208000 euid=0}, ResolveInfo{86a66fb com.android.settings/.applications.BlackListReceiver m=0x208000 euid=0}, ResolveInfo{1d08318 com.huawei.hwmwlauncher/.HwMwBroadcastReceiver m=0x208000 euid=0}, ResolveInfo{a495171 com.huawei.android.pushagent/.PushEventReceiver m=0x208000 euid=0}, ResolveInfo{66e4b56 com.huawei.android.remotecontrol/com.huawei.android.pushagent.PushEventReceiver m=0x208000 euid=0}, ResolveInfo{26e77d7 com.huawei.bd/.collector.BDReceiver m=0x208000 euid=0}, ResolveInfo{8d6b8c4 com.svox.pico/.VoiceDataInstallerReceiver m=0x208000 euid=0}, ResolveInfo{b5093ad com.sina.weibo/.bundlemanager.WBBroadcastDeliver m=0x208000 euid=0}, ResolveInfo{31bc6e2 com.huawei.hiskytone/com.huawei.android.pushagent.PushEventReceiver m=0x208000 euid=0}, ResolveInfo{e38ba73 com.huawei.android.ds/com.huawei.android.pushagent.PushEventReceiver m=0x208000 euid=0}, ResolveInfo{ee89d30 com.huawei.android.ds/com.huawei.android.remotecontrol.receiver.UpdateAPKReceiver m=0x208000 euid=0}, ResolveInfo{c0fbda9 com.huawei.wallet/com.huawei.android.pushagent.PushEventReceiver m=0x208000 euid=0}, ResolveInfo{8336f2e com.UCMobile/com.uc.base.system.receivers.SysReceiver m=0x208000 euid=0}, ResolveInfo{55a8acf com.songheng.eastnews/com.songheng.eastfirst.receiver.AppInstalledReceiver m=0x208000 euid=0}, ResolveInfo{8f25c5c com.youcash.ZYWallet/cn.jpush.android.service.PushReceiver m=0x208000 euid=0}, ResolveInfo{27d8b65 com.fenqi.geinihua/cn.jpush.android.service.PushReceiver m=0x208000 euid=0}, ResolveInfo{50b503a com.econ.doctor/cn.jpush.android.service.PushReceiver m=0x208000 euid=0}, ResolveInfo{f1f04eb com.qihoo.loan/cn.jpush.android.service.PushReceiver m=0x208000 euid=0}, ResolveInfo{c76e248 com.zx.landdisaster/cn.jpush.android.service.PushReceiver m=0x208000 euid=0}, ResolveInfo{34078e1 com.cutv.ningbo/cn.jpush.android.service.PushReceiver m=0x208000 euid=0}, ResolveInfo{64e3606 net.ed58.dlm.clients/cn.jpush.android.service.PushReceiver m=0x208000 euid=0}]
01-11 04:34:37.561  1485  1522 I ActivityManager: new Process app=ProcessRecord{23bdaf4 0:com.huawei.appmarket/u0a12}, name: com.huawei.appmarket, euid: 0
01-11 04:34:37.566  1485  3372 V NetworkPolicy: ACTION_PACKAGE_ADDED for uid=10156
01-11 04:34:37.580  1485  1522 I ActivityManager: Start proc 32309:com.huawei.appmarket/u0a12 for broadcast com.huawei.appmarket/.service.installresult.control.InstallerReceiver
01-11 04:34:37.581  1485  3439 I ActivityManager: retrieveServiceLocked, callerApp: ProcessRecord{c27700b 0:system/1000}, flags: 400
01-11 04:34:37.582  1485  4317 I ActivityManager: retrieveServiceLocked, callerApp: ProcessRecord{7186ab6 3544:com.android.systemui/u0a31}, flags: 400
01-11 04:34:37.583  1485  4317 I ActivityManager: bindServiceLocked, r: ServiceRecord{ceac21d u0 euid: 0 com.android.systemui/.statusbar.toolbox.ToolBoxService}, euid: 0
01-11 04:34:37.585  1485  3439 I ActivityManager: retrieveServiceLocked, callerApp: ProcessRecord{c27700b 0:system/1000}, flags: 400
01-11 04:34:37.586  1485  3439 I ActivityManager: retrieveServiceLocked, callerApp: ProcessRecord{c27700b 0:system/1000}, flags: 400
01-11 04:34:37.586  1485  3439 I ActivityManager: retrieveServiceLocked, callerApp: ProcessRecord{c27700b 0:system/1000}, flags: 400
01-11 04:34:37.588  1485  3439 I ActivityManager: retrieveServiceLocked, callerApp: ProcessRecord{c27700b 0:system/1000}, flags: 400
01-11 04:34:37.589  1485  3439 I ActivityManager: retrieveServiceLocked, callerApp: ProcessRecord{c27700b 0:system/1000}, flags: 400
01-11 04:34:37.590  1485  3439 I ActivityManager: retrieveServiceLocked, callerApp: ProcessRecord{c27700b 0:system/1000}, flags: 400
01-11 04:34:37.591  1485  3439 I ActivityManager: retrieveServiceLocked, callerApp: ProcessRecord{c27700b 0:system/1000}, flags: 400
01-11 04:34:37.591  1485  3439 I ActivityManager: retrieveServiceLocked, callerApp: ProcessRecord{c27700b 0:system/1000}, flags: 400
01-11 04:34:37.592  1485  3439 I ActivityManager: retrieveServiceLocked, callerApp: ProcessRecord{c27700b 0:system/1000}, flags: 400
01-11 04:34:37.593  1485  3439 I ActivityManager: retrieveServiceLocked, callerApp: ProcessRecord{c27700b 0:system/1000}, flags: 400
01-11 04:34:37.593  1485  3439 I ActivityManager: retrieveServiceLocked, callerApp: ProcessRecord{c27700b 0:system/1000}, flags: 400
01-11 04:34:37.664  1485  1521 W InputMethodManagerService: buildInputMethodListLocked: Skipping IME com.huawei.secime
01-11 04:34:37.799 32309 32309 D ActivityThread: ActivityThread,attachApplication
01-11 04:34:37.800  1485  4195 D ActivityManager: ActivityManagerService,attachApplication,callingPid = 32309
01-11 04:34:37.996  1485  1521 I HwInputMethodManagerService: isSecureIMEExist = true
01-11 04:34:37.997  1485  1521 W InputMethodManagerService: buildInputMethodListLocked: Skipping IME com.baidu.input_huawei
01-11 04:34:38.010  1485  1521 W InputMethodManagerService: buildInputMethodListLocked: Skipping IME com.android.inputmethod.latin
01-11 04:34:38.010  1485  1521 W InputMethodManagerService: buildInputMethodListLocked: Skipping IME com.nuance.swype.emui
01-11 04:34:38.010  1485  1521 W InputMethodManagerService: buildInputMethodListLocked: Skipping IME cn.testin.itestin
01-11 04:34:38.010  1485  1521 W InputMethodManagerService: Default IME is uninstalled. Choose new default IME.
01-11 04:34:38.181  1485  1485 I SmartHeartBeat: listenAppUpdate, package: com.dc.hwsj has been Updated
01-11 04:34:38.524  1485  4331 I ActivityManager: new Process app=ProcessRecord{dac7e9b 0:com.huawei.parentcontrol/u0a48}, name: com.huawei.parentcontrol, euid: 0
01-11 04:34:38.537  1485  4331 I ActivityManager: Start proc 32350:com.huawei.parentcontrol/u0a48 for content provider com.huawei.parentcontrol/.provider.ContentProviders
01-11 04:34:38.537  1485  4331 V ActivityManager_MU: Waiting to start provider ContentProviderRecord{7e75238 u0 euid:0 com.huawei.parentcontrol/.provider.ContentProviders} launchingApp=ProcessRecord{dac7e9b 32350:com.huawei.parentcontrol/u0a48} caller pid= 22412
01-11 04:34:38.562 32350 32350 D ActivityThread: ActivityThread,attachApplication
01-11 04:34:38.637  1485  4196 D ActivityManager: ActivityManagerService,attachApplication,callingPid = 32350
01-11 04:34:38.700  1485  1521 I ActivityManager: collectReceiverComponents for intent: Intent { act=android.search.action.SEARCHABLES_CHANGED flg=0x24000010 }, receivers: null
01-11 04:34:38.711  1485  1521 W VoiceInteractionManagerService: no available voice recognition services found for user 0
01-11 04:34:38.723  1485  4331 V ActivityManager: Successfully start provider ContentProviderRecord{7e75238 u0 euid:0 com.huawei.parentcontrol/.provider.ContentProviders} launchingApp=ProcessRecord{dac7e9b 32350:com.huawei.parentcontrol/u0a48} caller pid= 22412
01-11 04:34:38.799  1485  4196 I ActivityManager: new Process app=ProcessRecord{f2f1d02 0:com.songheng.eastnews/u0a143}, name: com.songheng.eastnews, euid: 0
01-11 04:34:38.818  1485  4196 I ActivityManager: Start proc 32370:com.songheng.eastnews/u0a143 for broadcast com.songheng.eastnews/com.uniplay.adsdk.PackageReceiver
01-11 04:34:38.823  1485  3315 I ActivityManager: retrieveServiceLocked, callerApp: ProcessRecord{23bdaf4 32309:com.huawei.appmarket/u0a12}, flags: 400
01-11 04:34:38.823  1485  3315 I ActivityManager: bindServiceLocked, r: ServiceRecord{3722613 u0 euid: 0 com.huawei.appmarket/.service.deamon.download.DownloadService}, euid: 0
01-11 04:34:38.879 32370 32370 D ActivityThread: ActivityThread,attachApplication
01-11 04:34:38.881  1485  4196 D ActivityManager: ActivityManagerService,attachApplication,callingPid = 32370
01-11 04:34:38.892  1485  4318 I HwMtmBroadcastResourceManager: removeReceiver mtm Broadcast
01-11 04:34:38.904  1485  4322 I ActivityManager: collectReceiverComponents for intent: Intent { act=com.huawei.appmarket.service.downloadservice.Receiver flg=0x10 }, receivers: null
01-11 04:34:39.046  1485  4195 W ActivityManager: getRunningAppProcesses: caller 10143 does not hold REAL_GET_TASKS; limiting output
01-11 04:34:39.408 32370 32370 E ActivityThread: Failed to find provider info for com.tinker.debug.debugprovider
01-11 04:34:39.459  1485  4361 W ActivityManager: getRunningAppProcesses: caller 10143 does not hold REAL_GET_TASKS; limiting output
01-11 04:34:39.577  1485  4318 D WifiService: getWifiServiceMessenger, pid:32370, uid:10143
01-11 04:34:39.580  1485  3407 D WifiService: New client listening to asynchronous messages
01-11 04:34:39.582  1485  4324 W ActivityManager: getRunningAppProcesses: caller 10143 does not hold REAL_GET_TASKS; limiting output
01-11 04:34:39.916  1485  4318 I ActivityManager: retrieveServiceLocked, callerApp: ProcessRecord{f2f1d02 32370:com.songheng.eastnews/u0a143}, flags: 400
01-11 04:34:39.916  1485  4318 I ActivityManager: bindServiceLocked, r: ServiceRecord{2caf35f u0 euid: 0 com.songheng.eastnews/com.getui.gtc.GtcService}, euid: 0
01-11 04:34:40.001  1485  4361 W ActivityManager: getRunningAppProcesses: caller 10143 does not hold REAL_GET_TASKS; limiting output
01-11 04:34:40.022  1485  4317 W ActivityManager: getRunningAppProcesses: caller 10143 does not hold REAL_GET_TASKS; limiting output
01-11 04:34:40.044  1485  3317 I ActivityManager: retrieveServiceLocked, callerApp: ProcessRecord{f2f1d02 32370:com.songheng.eastnews/u0a143}, flags: 400
01-11 04:34:40.044  1485  3317 I ActivityManager: bindServiceLocked, r: ServiceRecord{23d724f u0 euid: 0 com.songheng.eastnews/com.bugtags.library.BugtagsService}, euid: 0
01-11 04:34:40.147  1485  4322 W ActivityManager: getRunningAppProcesses: caller 10143 does not hold REAL_GET_TASKS; limiting output
01-11 04:34:40.309  1485  3826 W ActivityManager: getRunningAppProcesses: caller 10143 does not hold REAL_GET_TASKS; limiting output
01-11 04:34:40.672  1485  4196 I ActivityManager: collectReceiverComponents for intent: Intent { act=com.huawei.appmarket.service.downloadservice.Receiver flg=0x10 }, receivers: null
01-11 04:34:40.684  1485  3828 I ActivityManager: collectReceiverComponents for intent: Intent { act=com.huawei.appmarket.service.downloadservice.Receiver flg=0x10 }, receivers: null
01-11 04:34:40.716  1485  3828 I ActivityManager: retrieveServiceLocked, callerApp: ProcessRecord{f2f1d02 32370:com.songheng.eastnews/u0a143}, flags: 400
01-11 04:34:40.717  1485  3828 I ActivityManager: bindServiceLocked, r: ServiceRecord{a9b75e3 u0 euid: 0 com.songheng.eastnews/com.ss.android.socialbase.downloader.notification.DownloadNotificationService}, euid: 0
01-11 04:34:40.739  1485  1500 I ActivityManager: new Process app=ProcessRecord{2ae8be0 0:com.huawei.appmarket:pushservice/u0a12}, name: com.huawei.appmarket:pushservice, euid: 0
01-11 04:34:40.750  1485  1500 I ActivityManager: Start proc 32453:com.huawei.appmarket:pushservice/u0a12 for broadcast com.huawei.appmarket/com.huawei.android.pushagent.PushEventReceiver
01-11 04:34:40.754  1485  4318 I ActivityManager: new Process app=ProcessRecord{22ffe99 0:com.huawei.hwid/u0a73}, name: com.huawei.hwid, euid: 0
01-11 04:34:40.774  1485  4318 I ActivityManager: Start proc 32464:com.huawei.hwid/u0a73 for content provider com.huawei.hwid/.fingerprint.provider.HwIDProvider
01-11 04:34:40.775  1485  4318 V ActivityManager_MU: Waiting to start provider ContentProviderRecord{158355e u0 euid:0 com.huawei.hwid/.fingerprint.provider.HwIDProvider} launchingApp=ProcessRecord{22ffe99 32464:com.huawei.hwid/u0a73} caller pid= 32309
01-11 04:34:40.785 32453 32453 D ActivityThread: ActivityThread,attachApplication
01-11 04:34:40.786  1485  4331 D ActivityManager: ActivityManagerService,attachApplication,callingPid = 32453
01-11 04:34:40.840 32464 32464 D ActivityThread: ActivityThread,attachApplication
01-11 04:34:40.841  1485  4228 D ActivityManager: ActivityManagerService,attachApplication,callingPid = 32464
01-11 04:34:40.860  1485  4195 I ActivityManager: collectReceiverComponents for intent: Intent { act=com.songheng.eastnews flg=0x10 (has extras) }, receivers: null
01-11 04:34:41.005  1485  4317 I ActivityManager: new Process app=ProcessRecord{3ee496a 0:com.android.gallery3d/u0a17}, name: com.android.gallery3d, euid: 0
01-11 04:34:41.019  1485  4317 I ActivityManager: Start proc 32505:com.android.gallery3d/u0a17 for broadcast com.android.gallery3d/com.huawei.gallery.photoshare.receiver.GalleryPackageMonitor
01-11 04:34:41.060  1485  4318 V ActivityManager: Successfully start provider ContentProviderRecord{158355e u0 euid:0 com.huawei.hwid/.fingerprint.provider.HwIDProvider} launchingApp=ProcessRecord{22ffe99 32464:com.huawei.hwid/u0a73} caller pid= 32309
01-11 04:34:41.070 32505 32505 D ActivityThread: ActivityThread,attachApplication
01-11 04:34:41.071  1485  1500 D ActivityManager: ActivityManagerService,attachApplication,callingPid = 32505
01-11 04:34:41.322  1485  3828 I ActivityManager: retrieveServiceLocked, callerApp: ProcessRecord{23bdaf4 32309:com.huawei.appmarket/u0a12}, flags: 400
01-11 04:34:41.323  1485  3828 I ActivityManager: bindServiceLocked, r: ServiceRecord{1d5f6f8 u0 euid: 0 com.huawei.appmarket/com.huawei.feedback.component.AutoUploadService}, euid: 0
01-11 04:34:41.323  1485  3828 I ActivityManager: mAm.startProcessLocked for service: ServiceRecord{1d5f6f8 u0 euid: 0 com.huawei.appmarket/com.huawei.feedback.component.AutoUploadService}, appinfo euid: 0
01-11 04:34:41.323  1485  3828 I ActivityManager: new Process app=ProcessRecord{529e7d1 0:com.huawei.appmarket:autologuploadservice/u0a12}, name: com.huawei.appmarket:autologuploadservice, euid: 0
01-11 04:34:41.369  1485  3828 I ActivityManager: Start proc 32528:com.huawei.appmarket:autologuploadservice/u0a12 for service com.huawei.appmarket/com.huawei.feedback.component.AutoUploadService
01-11 04:34:41.449 32528 32528 D ActivityThread: ActivityThread,attachApplication
01-11 04:34:41.450  1485  4318 D ActivityManager: ActivityManagerService,attachApplication,callingPid = 32528
01-11 04:34:41.497  1485  4361 I HwActivityManagerService: PackageName for pid 32505 is com.android.gallery3d
01-11 04:34:41.717  1485  4324 I ActivityManager: retrieveServiceLocked, callerApp: ProcessRecord{3ee496a 32505:com.android.gallery3d/u0a17}, flags: 400
01-11 04:34:41.718  1485  4324 I ActivityManager: bindServiceLocked, r: ServiceRecord{6b8f44b u0 euid: 0 com.huawei.android.ds/com.huawei.android.cg.CloudGallaryService}, euid: 0
01-11 04:34:41.718  1485  4324 I ActivityManager: mAm.startProcessLocked for service: ServiceRecord{6b8f44b u0 euid: 0 com.huawei.android.ds/com.huawei.android.cg.CloudGallaryService}, appinfo euid: 0
01-11 04:34:41.718  1485  4324 I ActivityManager: new Process app=ProcessRecord{4310e28 0:com.huawei.android.ds/1001}, name: com.huawei.android.ds, euid: 0
01-11 04:34:41.730  1485  4324 I ActivityManager: Start proc 32567:com.huawei.android.ds/1001 for service com.huawei.android.ds/com.huawei.android.cg.CloudGallaryService
01-11 04:34:41.790  1485  1500 I ActivityManager: retrieveServiceLocked, callerApp: ProcessRecord{3ee496a 32505:com.android.gallery3d/u0a17}, flags: 400
01-11 04:34:41.791  1485  1500 I ActivityManager: bindServiceLocked, r: ServiceRecord{6adbabe u0 euid: 0 com.android.gallery3d/com.huawei.gallery.photoshare.receiver.GalleryPackageMonitor$AsyncService}, euid: 0
01-11 04:34:41.793  1485  4322 D ConnectivityService: listenForNetwork for Listen from uid/pid:10143/32370 for NetworkRequest [ id=353, legacyType=-1, [ Capabilities: INTERNET&NOT_RESTRICTED&TRUSTED] ]
01-11 04:34:41.799  1485  4324 I ActivityManager: new Process app=ProcessRecord{3d2971f 0:com.huawei.hwvplayer.youku:pushservice/u0a27}, name: com.huawei.hwvplayer.youku:pushservice, euid: 0
01-11 04:34:41.799 32567 32567 D ActivityThread: ActivityThread,attachApplication
01-11 04:34:41.837  1485  4324 I ActivityManager: Start proc 32583:com.huawei.hwvplayer.youku:pushservice/u0a27 for broadcast com.huawei.hwvplayer.youku/com.huawei.android.pushagent.PushEventReceiver
01-11 04:34:41.840  1485  3828 D ActivityManager: ActivityManagerService,attachApplication,callingPid = 32567
01-11 04:34:41.854 32583 32583 D ActivityThread: ActivityThread,attachApplication
01-11 04:34:41.855  1485  4228 D ActivityManager: ActivityManagerService,attachApplication,callingPid = 32583
01-11 04:34:41.882  1485  3401 I ActivityManager: collectReceiverComponents for intent: Intent { flg=0x4000010 }, receivers: null
01-11 04:34:41.882  1485  3401 I ActivityManager: collectReceiverComponents for intent: Intent { act=android.net.wifi.SCAN_RESULTS flg=0x4000010 (has extras) }, receivers: [ResolveInfo{c06c4ca com.android.settings/.wifi.cmcc.ConnectSwitchReceiver m=0x108000 euid=0}]
01-11 04:34:41.883  1485  3479 D HwConnectivityService: csagent getNetworkInfoForWifi enter.
01-11 04:34:41.883  1485  3479 D HwConnectivityService: csagent getWifiNai WIFI messager key not exist in NetworkAgentInfos HashMap, networkAgentInfos = {}
01-11 04:34:41.883  1485  3479 D HwConnectivityService: csagent getNetworkInfoForWifi failed, return default NetworkInfo.
01-11 04:34:42.017  1485  1522 W BroadcastQueue: Permission Denial: broadcasting Intent { act=android.net.conn.CONNECTIVITY_CHANGE flg=0x4000010 (has extras) } from null (pid=-1, uid=-1) requires com.huawei.hwvplayer.permission.protected.broadcast due to registered receiver BroadcastFilter{7346396 u0 ReceiverList{6f3a2b1 32583 com.huawei.hwvplayer.youku:pushservice/10027/u0 remote:d85158}}
01-11 04:34:42.168  1485  3315 I ActivityManager: new Process app=ProcessRecord{3aa4b17 0:com.android.musicfx/u0a22}, name: com.android.musicfx, euid: 0
01-11 04:34:42.177  1485  3315 I ActivityManager: Start proc 32617:com.android.musicfx/u0a22 for broadcast com.android.musicfx/.Compatibility$Receiver
01-11 04:34:42.199 32617 32617 D ActivityThread: ActivityThread,attachApplication
01-11 04:34:42.200  1485  4331 D ActivityManager: ActivityManagerService,attachApplication,callingPid = 32617
01-11 04:34:42.271  1485  3317 I ActivityManager: retrieveServiceLocked, callerApp: ProcessRecord{3aa4b17 32617:com.android.musicfx/u0a22}, flags: 400
01-11 04:34:42.271  1485  3317 I ActivityManager: bindServiceLocked, r: ServiceRecord{86eb8ed u0 euid: 0 com.android.musicfx/.Compatibility$Service}, euid: 0
01-11 04:34:42.287  1485  4318 I ActivityManager: retrieveServiceLocked, callerApp: ProcessRecord{c200e78 4022:com.huawei.systemmanager:service/1000}, flags: 400
01-11 04:34:42.287  1485  4318 I ActivityManager: bindServiceLocked, r: ServiceRecord{7cb2322 u0 euid: 0 com.huawei.systemmanager/.util.content.HsmIntentService_bg}, euid: 0
01-11 04:34:42.290  1485  4317 I ActivityManager: new Process app=ProcessRecord{47e81b3 0:com.huawei.systemmanager/1000}, name: com.huawei.systemmanager, euid: 0
01-11 04:34:42.302  1485  4317 I ActivityManager: Start proc 32634:com.huawei.systemmanager/1000 for broadcast com.huawei.systemmanager/com.huawei.permissionmanager.ui.AppInstallationReceiver
01-11 04:34:42.358 32634 32634 D ActivityThread: ActivityThread,attachApplication
01-11 04:34:42.360  1485  3828 D ActivityManager: ActivityManagerService,attachApplication,callingPid = 32634
01-11 04:34:42.367  1485  1499 V HwNotificationManagerService: Notification db cfg changed
01-11 04:34:42.376  1485 32648 V HwNotificationManagerService: HwCfgLoadingRunnable: Starts 
01-11 04:34:42.381  1485 32648 V HwNotificationManagerService: HwCfgLoadingRunnable: get cfg size:82
01-11 04:34:42.382  1485 32648 V HwNotificationManagerService: HwCfgLoadingRunnable: Ends. 
01-11 04:34:42.563  1485  1522 W HwBroadcastQueue: current receiver should not report timeout.
01-11 04:34:42.626  1485  1522 W BroadcastQueue: Permission Denial: broadcasting Intent { act=android.net.conn.CONNECTIVITY_CHANGE flg=0x4000010 (has extras) } from null (pid=-1, uid=-1) requires com.huawei.cg.permission.SERVICE due to registered receiver BroadcastFilter{92ec088 u0 ReceiverList{8ee742b 32567 com.huawei.android.ds/1001/u0 remote:441f47a}}
01-11 04:34:42.626  1485  1522 W BroadcastQueue: Permission Denial: broadcasting Intent { act=android.intent.action.BATTERY_CHANGED flg=0x60000010 (has extras) } from null (pid=-1, uid=-1) requires com.huawei.cg.permission.SERVICE due to registered receiver BroadcastFilter{92ec088 u0 ReceiverList{8ee742b 32567 com.huawei.android.ds/1001/u0 remote:441f47a}}
01-11 04:34:42.630 32634 32634 W ContextImpl: Calling a method in the system process without a qualified user: android.app.ContextImpl.startService:1381 android.content.ContextWrapper.startService:581 com.huawei.systemmanager.SystemManagerApplication.startMainService:206 com.huawei.systemmanager.SystemManagerApplication.startServices:103 com.huawei.systemmanager.SystemManagerApplication.onCreate:86 
01-11 04:34:42.632 32634 32634 W ContextImpl: Calling a method in the system process without a qualified user: android.app.ContextImpl.startService:1381 android.content.ContextWrapper.startService:581 com.huawei.systemmanager.SystemManagerApplication.startPreventModeService:148 com.huawei.systemmanager.SystemManagerApplication.startServices:104 com.huawei.systemmanager.SystemManagerApplication.onCreate:86 
01-11 04:34:42.636 32634 32634 W ContextImpl: Calling a method in the system process without a qualified user: android.app.ContextImpl.startService:1381 android.content.ContextWrapper.startService:581 com.huawei.systemmanager.SystemManagerApplication.startPermissionService:153 com.huawei.systemmanager.SystemManagerApplication.startServices:105 com.huawei.systemmanager.SystemManagerApplication.onCreate:86 
01-11 04:34:42.643 32634 32634 W ContextImpl: Calling a method in the system process without a qualified user: android.app.ContextImpl.startService:1381 android.content.ContextWrapper.startService:581 com.huawei.systemmanager.SystemManagerApplication.startBgStaticsService:164 com.huawei.systemmanager.SystemManagerApplication.startServices:107 com.huawei.systemmanager.SystemManagerApplication.onCreate:86 
01-11 04:34:42.645 32634 32634 W ContextImpl: Calling a method in the system process without a qualified user: android.app.ContextImpl.startService:1381 android.content.ContextWrapper.startService:581 com.huawei.systemmanager.SystemManagerApplication.startNetControllService:171 com.huawei.systemmanager.SystemManagerApplication.startServices:108 com.huawei.systemmanager.SystemManagerApplication.onCreate:86 
01-11 04:34:42.673 32634 32634 W ContextImpl: Calling a method in the system process without a qualified user: android.app.ContextImpl.startService:1381 android.content.ContextWrapper.startService:581 com.huawei.systemmanager.SystemManagerApplication.startSpaceCleanService:185 com.huawei.systemmanager.SystemManagerApplication.startServices:113 com.huawei.systemmanager.SystemManagerApplication.onCreate:86 
01-11 04:34:42.677 32634 32634 W ContextImpl: Calling a method in the system process without a qualified user: android.app.ContextImpl.startService:1381 android.content.ContextWrapper.startService:581 com.huawei.systemmanager.SystemManagerApplication.startStarupService:190 com.huawei.systemmanager.SystemManagerApplication.startServices:114 com.huawei.systemmanager.SystemManagerApplication.onCreate:86 
01-11 04:34:42.679 32634 32634 W ContextImpl: Calling a method in the system process without a qualified user: android.app.ContextImpl.startService:1381 android.content.ContextWrapper.startService:581 com.huawei.systemmanager.SystemManagerApplication.startAntivirusService:195 com.huawei.systemmanager.SystemManagerApplication.startServices:115 com.huawei.systemmanager.SystemManagerApplication.onCreate:86 
01-11 04:34:42.898 32634 32634 W ContextImpl: Calling a method in the system process without a qualified user: android.app.ContextImpl.startService:1381 android.content.ContextWrapper.startService:581 tmsdk.common.TMSDKContext.start:-1 tmsdk.common.TMSDKContext.init:-1 com.huawei.systemmanager.sdk.tmsdk.TMSdkEngine.init:42 
01-11 04:34:42.960  1485  4196 I ActivityManager: retrieveServiceLocked, callerApp: ProcessRecord{47e81b3 32634:com.huawei.systemmanager/1000}, flags: 400
01-11 04:34:42.961  1485  4196 I ActivityManager: bindServiceLocked, r: ServiceRecord{5fb20f7 u0 euid: 0 com.huawei.systemmanager/.util.content.HsmIntentService_ui}, euid: 0
