01-11 04:35:51.168  1485  3317 V HwWindowManagerService: moveTaskToTop mTaskChanged:true
01-11 04:35:51.168  1485  3317 I ActivityManager: create new task record, multiLaunchId: 0, intent = Intent { act=android.intent.action.MAIN cat=[android.intent.category.LAUNCHER] flg=0x10200000 cmp=com.dc.hwsj/.LuaActivity }
01-11 04:35:51.168  1485  3317 V HwWindowManagerService: moveTaskToTop mTaskChanged:true
01-11 04:35:51.172  1485  3317 V HwWindowManagerService: moveTaskToTop mTaskChanged:true
01-11 04:35:51.175  1485  3317 V HwWindowManagerService: setFocusedApp update app ops, mTaskChanged set to:false
01-11 04:35:51.176  1485  4317 I HwActivityManagerService: PackageName for pid 2474 is com.huawei.intelligent
01-11 04:35:51.181  1485  3826 I HwActivityManagerService: PackageName for pid 2474 is com.huawei.intelligent
01-11 04:35:51.183  1485  4228 I ActivityManager: mService.startProcessLocked for activity: ActivityRecord{a310819 u0 com.dc.hwsj/.LuaActivity t280}, appinfo euid: 0
01-11 04:35:51.183  1485  4228 I ActivityManager: new Process app=ProcessRecord{fccfab7 0:com.dc.hwsj/u0a156}, name: com.dc.hwsj, euid: 0
01-11 04:35:51.195  1485  4228 I ActivityManager: Start proc 2513:com.dc.hwsj/u0a156 for activity com.dc.hwsj/.LuaActivity
01-11 04:35:51.209  1485  4318 I ActivityManager: collectReceiverComponents for intent: Intent { act=com.huawei.android.action.WIDGET_FOCUS_CHANGE flg=0x10 (has extras) }, receivers: null
01-11 04:35:51.214  2513  2513 D ActivityThread: ActivityThread,attachApplication
01-11 04:35:51.215  1485  4317 D ActivityManager: ActivityManagerService,attachApplication,callingPid = 2513
01-11 04:35:51.221  1485  4317 I ActivityManager: launch r: ActivityRecord{a310819 u0 com.dc.hwsj/.LuaActivity t280}, uid = 10156, r.info.applicationInfo.euid  = 0
01-11 04:35:51.335  1485  3315 I HwActivityManagerService: PackageName for pid 2513 is com.dc.hwsj
01-11 04:35:51.375  1485  4324 I ActivityManager: retrieveServiceLocked, callerApp: ProcessRecord{fccfab7 2513:com.dc.hwsj/u0a156}, flags: 400
01-11 04:35:51.376  1485  4324 W ActivityManager: Unable to start service Intent { act=com.google.android.gms.ads.identifier.service.START pkg=com.google.android.gms } U=0: not found
01-11 04:35:51.436  1485  3317 I ActivityManager: retrieveServiceLocked, callerApp: ProcessRecord{fccfab7 2513:com.dc.hwsj/u0a156}, flags: 400
01-11 04:35:51.437  1485  3317 I ActivityManager: bindServiceLocked, r: ServiceRecord{567049a u0 euid: 0 com.dc.hwsj/com.google.android.gms.measurement.AppMeasurementService}, euid: 0
01-11 04:35:51.440  1485  4361 I ActivityManager: retrieveServiceLocked, callerApp: ProcessRecord{fd65773 2474:com.huawei.intelligent/u0a16}, flags: 400
01-11 04:35:51.441  1485  4361 I ActivityManager: bindServiceLocked, r: ServiceRecord{96011cb u0 euid: 0 com.huawei.intelligent/.main.receiver.IntelligentIntentService}, euid: 0
01-11 04:35:51.451  1485  3315 I ActivityManager: new Process app=ProcessRecord{1559da8 0:com.android.calendar/u0a8}, name: com.android.calendar, euid: 0
01-11 04:35:51.462  1485  3315 I ActivityManager: Start proc 2560:com.android.calendar/u0a8 for content provider com.android.calendar/.hap.HolidayRecessContentProvider
01-11 04:35:51.463  1485  3315 V ActivityManager_MU: Waiting to start provider ContentProviderRecord{f6d80c1 u0 euid:0 com.android.calendar/.hap.HolidayRecessContentProvider} launchingApp=ProcessRecord{1559da8 2560:com.android.calendar/u0a8} caller pid= 2474
01-11 04:35:51.476  1485  4361 I ActivityManager: retrieveServiceLocked, callerApp: ProcessRecord{fd65773 2474:com.huawei.intelligent/u0a16}, flags: 400
01-11 04:35:51.477  1485  4361 I ActivityManager: bindServiceLocked, r: ServiceRecord{520d066 u0 euid: 0 com.huawei.intelligent/.main.businesslogic.weatherservice.WeatherAlarmService}, euid: 0
01-11 04:35:51.480  2560  2560 D ActivityThread: ActivityThread,attachApplication
01-11 04:35:51.480  1485  4196 D ActivityManager: ActivityManagerService,attachApplication,callingPid = 2560
01-11 04:35:51.509  1485  3317 I ActivityManager: retrieveServiceLocked, callerApp: ProcessRecord{fd65773 2474:com.huawei.intelligent/u0a16}, flags: 400
01-11 04:35:51.509  1485  3317 I ActivityManager: bindServiceLocked, r: ServiceRecord{b598cf2 u0 euid: 0 com.huawei.android.totemweather/.aidl.WeatherAidlService}, euid: 0
01-11 04:35:51.528  1485  3828 I ActivityManager: retrieveServiceLocked, callerApp: ProcessRecord{fd65773 2474:com.huawei.intelligent/u0a16}, flags: 400
01-11 04:35:51.528  1485  3828 I ActivityManager: bindServiceLocked, r: ServiceRecord{33eef43 u0 euid: 0 com.huawei.intelligent/.main.businesslogic.weatherservice.WeatherAlarmService}, euid: 0
01-11 04:35:51.536  2513  2513 V ActivityThread: ActivityThread,callActivityOnCreate
01-11 04:35:51.581  1485  4322 W ActivityManager: getRunningAppProcesses: caller 10156 does not hold REAL_GET_TASKS; limiting output
01-11 04:35:51.585  1485  3315 V ActivityManager: Successfully start provider ContentProviderRecord{f6d80c1 u0 euid:0 com.android.calendar/.hap.HolidayRecessContentProvider} launchingApp=ProcessRecord{1559da8 2560:com.android.calendar/u0a8} caller pid= 2474
01-11 04:35:51.598  1485  3825 I ActivityManager: new Process app=ProcessRecord{43999b5 0:com.android.providers.calendar/u0a37}, name: com.android.providers.calendar, euid: 0
01-11 04:35:51.614  1485  3825 I ActivityManager: Start proc 2586:com.android.providers.calendar/u0a37 for content provider com.android.providers.calendar/.CalendarProvider2
01-11 04:35:51.615  1485  3825 V ActivityManager_MU: Waiting to start provider ContentProviderRecord{59c84a u0 euid:0 com.android.providers.calendar/.CalendarProvider2} launchingApp=ProcessRecord{43999b5 2586:com.android.providers.calendar/u0a37} caller pid= 2560
01-11 04:35:51.628  2586  2586 D ActivityThread: ActivityThread,attachApplication
01-11 04:35:51.629  1485  4318 D ActivityManager: ActivityManagerService,attachApplication,callingPid = 2586
01-11 04:35:51.668  1485  4318 I HwActivityManagerService: PackageName for pid 2474 is com.huawei.intelligent
01-11 04:35:51.674  1485  3317 I HwActivityManagerService: PackageName for pid 2474 is com.huawei.intelligent
01-11 04:35:51.700  1485  3825 V ActivityManager: Successfully start provider ContentProviderRecord{59c84a u0 euid:0 com.android.providers.calendar/.CalendarProvider2} launchingApp=ProcessRecord{43999b5 2586:com.android.providers.calendar/u0a37} caller pid= 2560
01-11 04:35:51.711  1485  4322 I ActivityManager: retrieveServiceLocked, callerApp: ProcessRecord{43999b5 2586:com.android.providers.calendar/u0a37}, flags: 400
01-11 04:35:51.712  1485  4322 I ActivityManager: bindServiceLocked, r: ServiceRecord{8c55a25 u0 euid: 0 com.android.providers.calendar/.EmptyService}, euid: 0
01-11 04:35:52.137  1485  4331 D ConnectivityService: listenForNetwork for Listen from uid/pid:10156/2513 for NetworkRequest [ id=362, legacyType=-1, [ Capabilities: INTERNET&NOT_RESTRICTED&TRUSTED] ]
01-11 04:35:52.187  2513  2513 D ActivityThread: add activity client record, r= ActivityRecord{2c14bde token=android.os.BinderProxy@acd5f19 {com.dc.hwsj/com.dc.hwsj.LuaActivity}} token= android.os.BinderProxy@acd5f19
01-11 04:35:52.221  1485  4317 V HwPhoneWindowManager: updateSystemUiColorLw window=Window{b728711 u0 com.dc.hwsj/com.dc.hwsj.LuaActivity},EmuiStyle=0,StatusBarColor=0xff000000,NavigationBarColor=0xff000000
01-11 04:35:52.222  3544  7552 D CommandQueue: CommandQueue, onTransaction
01-11 04:35:52.222  3544  7552 D CommandQueue: CommandQueue, setBarBackgroundColor
01-11 04:35:52.248  1485  1500 D ConnectivityService: listenForNetwork for Listen from uid/pid:10156/2513 for NetworkRequest [ id=363, legacyType=-1, [ Capabilities: INTERNET&NOT_RESTRICTED&TRUSTED] ]
--------- beginning of main
01-11 04:35:52.309  2513  2636 W System.err: 	at com.ljoy.chatbot.core.http.SendDauStatNewProxyTask.sendNetReq(SendDauStatNewProxyTask.java:42)
01-11 04:35:52.309  2513  2636 W System.err: 	at com.android.okhttp.internal.huc.HttpsURLConnectionImpl.getOutputStream(HttpsURLConnectionImpl.java:25)
01-11 04:35:52.309  2513  2637 W System.err: 	at 
01-11 04:35:52.309  2513  2636 W System.err: com.ljoy.chatbot.utils.HttpURLData.sendPostHttpRequest(HttpURLData.java:132)	at 
01-11 04:35:52.309  2513  2636 W System.err: 	at com.ljoy.chatbot.core.sfsapi.SendRequestProxyTask.setInitReqData(SendRequestProxyTask.java:118)
01-11 04:35:52.309  2513  2637 W System.err: com.ljoy.chatbot.core.http.SendDauStatNewProxyTask.run(SendDauStatNewProxyTask.java:23)
01-11 04:35:52.309  2513  2637 W System.err: 	at java.lang.Thread.run(Thread.java:833)
01-11 04:35:52.309  1485  3274 I qti_sensors_hal: [ACC]processReportInd: X: -0.725693 Y: 9.296707 Z: 3.510788 
01-11 04:35:52.309  2513  2637 W System.err: Caused by: android.system.GaiException: android_getaddrinfo failed: EAI_NODATA (No address associated with hostname)
01-11 04:35:52.310  2513  2637 W System.err: 	at libcore.io.Posix.android_getaddrinfo(Native Method)
01-11 04:35:52.310  2513  2637 W System.err: 	at 	at libcore.io.ForwardingOs.android_getaddrinfo(ForwardingOs.java:55)
01-11 04:35:52.310  2513  2636 W System.err: 	at com.ljoy.chatbot.core.sfsapi.SendRequestProxyTask.sendNetReq(SendRequestProxyTask.java:87)
01-11 04:35:52.310  2513  2637 W System.err: 	at java.net.InetAddress.lookupHostByName(InetAddress.java:451)
01-11 04:35:52.310  2513  2637 W System.err: 	... 20 more
01-11 04:35:52.310  2513  2637 I System.out: elva: get response exception:java.net.UnknownHostException: Unable to resolve host "proxy.aihelp.net": No address associated with hostname
01-11 04:35:52.310  2513  2636 W System.err: com.ljoy.chatbot.core.sfsapi.SendRequestProxyTask.run(SendRequestProxyTask.java:79)
01-11 04:35:52.310  2513  2636 W System.err: 	at java.lang.Thread.run(Thread.java:833)
01-11 04:35:52.310  2513  2636 I System.out: elva: get response exception:java.net.UnknownHostException: Unable to resolve host "proxy.aihelp.net": No address associated with hostname
01-11 04:35:52.310  2513  2636 I System.out: Elva sendHttpProxyRequest responseStr is still null!! 
01-11 04:35:52.311  2513  2637 W System.err: java.net.UnknownHostException: Unable to resolve host "proxy.aihelp.net": No address associated with hostname
01-11 04:35:52.311  2513  2637 W System.err: 	at java.net.InetAddress.lookupHostByName(InetAddress.java:440)
01-11 04:35:52.311  2513  2637 W System.err: 	at java.net.InetAddress.getAllByNameImpl(InetAddress.java:252)
01-11 04:35:52.311  2513  2637 W System.err: 	at java.net.InetAddress.getAllByName(InetAddress.java:215)
01-11 04:35:52.311  2513  2637 W System.err: 	at com.android.okhttp.internal.Network$1.resolveInetAddresses(Network.java:29)
01-11 04:35:52.311  2513  2637 W System.err: 	at com.android.okhttp.internal.http.RouteSelector.resetNextInetSocketAddress(RouteSelector.java:188)
01-11 04:35:52.311  2513  2637 W System.err: 	at com.android.okhttp.internal.http.RouteSelector.nextProxy(RouteSelector.java:157)
01-11 04:35:52.311  2513  2637 W System.err: 	at com.android.okhttp.internal.http.RouteSelector.next(RouteSelector.java:100)
01-11 04:35:52.311  2513  2637 W System.err: 	at com.android.okhttp.internal.http.HttpEngine.createNextConnection(HttpEngine.java:357)
01-11 04:35:52.311  2513  2637 W System.err: 	at com.android.okhttp.internal.http.HttpEngine.nextConnection(HttpEngine.java:340)
01-11 04:35:52.311  2513  2637 W System.err: 	at com.android.okhttp.internal.http.HttpEngine.connect(HttpEngine.java:330)
01-11 04:35:52.311  2513  2637 W System.err: 	at com.android.okhttp.internal.http.HttpEngine.sendRequest(HttpEngine.java:248)
01-11 04:35:52.311  2513  2637 W System.err: 	at com.android.okhttp.internal.huc.HttpURLConnectionImpl.execute(HttpURLConnectionImpl.java:433)
01-11 04:35:52.311  2513  2637 W System.err: 	at com.android.okhttp.internal.huc.HttpURLConnectionImpl.connect(HttpURLConnectionImpl.java:114)
01-11 04:35:52.311  2513  2637 W System.err: 	at com.android.okhttp.internal.huc.HttpURLConnectionImpl.getOutputStream(HttpURLConnectionImpl.java:245)
01-11 04:35:52.311  2513  2637 W System.err: 	at com.ljoy.chatbot.utils.HttpURLData.sendPostHttpRequestJson(HttpURLData.java:184)
01-11 04:35:52.311  2513  2637 W System.err: 	at com.ljoy.chatbot.core.http.SendDauStatNewProxyTask.setInitReqHttpData(SendDauStatNewProxyTask.java:98)
01-11 04:35:52.311  2513  2637 W System.err: 	at com.ljoy.chatbot.core.http.SendDauStatNewProxyTask.sendNetReq(SendDauStatNewProxyTask.java:44)
01-11 04:35:52.311  2513  2637 W System.err: 	at com.ljoy.chatbot.core.http.SendDauStatNewProxyTask.run(SendDauStatNewProxyTask.java:23)
01-11 04:35:52.311  2513  2637 W System.err: 	at java.lang.Thread.run(Thread.java:833)
01-11 04:35:52.311  2513  2637 I System.out: elva: get response exception:java.net.UnknownHostException: Unable to resolve host "proxy.aihelp.net": No address associated with hostname
01-11 04:35:52.312  2513  2637 I System.out: Elva SendRequestNewDAUProxyTask req:http://proxy.aihelp.net/elva/api/initset_{"appId":"MechanistGames_platform_3317042a-af81-49df-bd59-e2ffcc197c06","deviceid":"c3090bf9c2954daf868cf1893509f7e2","lan":"zh_CN"}
01-11 04:35:52.312  2513  2637 W System.err: java.net.UnknownHostException: Unable to resolve host "proxy.aihelp.net": No address associated with hostname
01-11 04:35:52.312  2513  2637 W System.err: 	at java.net.InetAddress.lookupHostByName(InetAddress.java:440)
01-11 04:35:52.312  2513  2637 W System.err: 	at java.net.InetAddress.getAllByNameImpl(InetAddress.java:252)
01-11 04:35:52.312  2513  2637 W System.err: 	at java.net.InetAddress.getAllByName(InetAddress.java:215)
01-11 04:35:52.312  2513  2637 W System.err: 	at com.android.okhttp.internal.Network$1.resolveInetAddresses(Network.java:29)
01-11 04:35:52.312  2513  2637 W System.err: 	at com.android.okhttp.internal.http.RouteSelector.resetNextInetSocketAddress(RouteSelector.java:188)
01-11 04:35:52.312  2513  2637 W System.err: 	at com.android.okhttp.internal.http.RouteSelector.nextProxy(RouteSelector.java:157)
01-11 04:35:52.312  2513  2637 W System.err: 	at com.android.okhttp.internal.http.RouteSelector.next(RouteSelector.java:100)
01-11 04:35:52.312  2513  2637 W System.err: 	at com.android.okhttp.internal.http.HttpEngine.createNextConnection(HttpEngine.java:357)
01-11 04:35:52.312  2513  2637 W System.err: 	at com.android.okhttp.internal.http.HttpEngine.nextConnection(HttpEngine.java:340)
01-11 04:35:52.312  2513  2637 W System.err: 	at com.android.okhttp.internal.http.HttpEngine.connect(HttpEngine.java:330)
01-11 04:35:52.312  2513  2637 W System.err: 	at com.android.okhttp.internal.http.HttpEngine.sendRequest(HttpEngine.java:248)
01-11 04:35:52.312  2513  2637 W System.err: 	at com.android.okhttp.internal.huc.HttpURLConnectionImpl.execute(HttpURLConnectionImpl.java:433)
01-11 04:35:52.312  2513  2637 W System.err: 	at com.android.okhttp.internal.huc.HttpURLConnectionImpl.connect(HttpURLConnectionImpl.java:114)
01-11 04:35:52.312  2513  2637 W System.err: 	at com.android.okhttp.internal.huc.HttpURLConnectionImpl.getOutputStream(HttpURLConnectionImpl.java:245)
01-11 04:35:52.312  2513  2637 W System.err: 	at com.ljoy.chatbot.utils.HttpURLData.sendPostHttpRequestJson(HttpURLData.java:184)
01-11 04:35:52.312  2513  2637 W System.err: 	at com.ljoy.chatbot.core.http.SendDauStatNewProxyTask.setInitReqHttpData(SendDauStatNewProxyTask.java:98)
01-11 04:35:52.312  2513  2637 W System.err: 	at com.ljoy.chatbot.core.http.SendDauStatNewProxyTask.sendNetReq(SendDauStatNewProxyTask.java:44)
01-11 04:35:52.312  2513  2637 W System.err: 	at com.ljoy.chatbot.core.http.SendDauStatNewProxyTask.run(SendDauStatNewProxyTask.java:23)
01-11 04:35:52.312  2513  2637 W System.err: 	at java.lang.Thread.run(Thread.java:833)
01-11 04:35:52.312  2513  2637 I System.out: elva: get response exception:java.net.UnknownHostException: Unable to resolve host "proxy.aihelp.net": No address associated with hostname
01-11 04:35:52.314  1485  3274 I qti_sensors_hal: [ACC]processReportInd: X: -0.706085 Y: 9.277084 Z: 3.510788 
01-11 04:35:52.328   702   807 W Sensors : DSPS file:sns_dd_mag_akm099xx.c(899):ADSP: One val: 9911048
01-11 04:35:52.334  2513  2540 I FA      : This instance being marked as an uploader
01-11 04:35:52.342  1485  4318 I HwActivityManagerService: PackageName for pid 2513 is com.dc.hwsj
01-11 04:35:52.342  2513  2582 V GLSurfaceView: glGetString(7937) returns Adreno (TM) 405;
01-11 04:35:52.348   702   807 W Sensors : DSPS file:sns_dd_mag_akm099xx.c(899):ADSP: One val: 9911048
01-11 04:35:52.350  2513  2628 E HAL     : hw_get_module_by_class: lib loaded: /system/lib/hw/gralloc.msm8952.so
01-11 04:35:52.368   702   807 W Sensors : DSPS file:sns_dd_mag_akm099xx.c(899):ADSP: One val: 9911048
01-11 04:35:52.370  2513  2540 D HwCust  : Create obj success use class android.content.res.HwCustHwResourcesImpl
01-11 04:35:52.371  2513  2627 W GooglePlayServicesUtil: Google Play Store is missing.
01-11 04:35:52.379  1485  1544 I ActivityManager: Displayed com.dc.hwsj/.LuaActivity: +1s196ms
01-11 04:35:52.382 31912 31912 I KEY-PinyinIME-180817-b: onFinishInput.
01-11 04:35:52.382 31912 31912 I KEY-PinyinIME-180817-b: onStartInput  ccontentType: 0 Restarting:false
01-11 04:35:52.384  1485  4324 D HwActivityManagerService: handleANRFilterFIFO,uid = 10156cmd = 0
01-11 04:35:52.389   702   807 W Sensors : DSPS file:sns_dd_mag_akm099xx.c(899):ADSP: One val: 9911048
01-11 04:35:52.391  1485  3828 D HwActivityManagerService: handleANRFilterFIFO,uid = 10156cmd = 1
01-11 04:35:52.393 20403 20403 I HwLauncher: Launcher mUnlockScreenRunnbale  getOrientationEnabled false 
01-11 04:35:52.393 20403 20403 I HwLauncher: Launcher onStop()
01-11 04:35:52.395  1485  1500 W RMS.SmartShrinker: SmartShrinker is runing in pid =20403 reclaim mode = 4
01-11 04:35:52.395   429   429 E lowmemorykiller: Error writing /proc/20403/reclaim; errno=22
01-11 04:35:52.396  1485  3317 I HwMtmBroadcastResourceManager: removeReceiver mtm Broadcast
01-11 04:35:52.397  1485  4318 I HwMtmBroadcastResourceManager: removeReceiver mtm Broadcast
01-11 04:35:52.398  1485  3315 I HwMtmBroadcastResourceManager: removeReceiver mtm Broadcast
01-11 04:35:52.398  2513  2540 W FA      : Callable skipped the worker queue.
01-11 04:35:52.409   702   807 W Sensors : DSPS file:sns_dd_mag_akm099xx.c(899):ADSP: One val: 9911048
01-11 04:35:52.423  1485  3317 I HwMtmBroadcastResourceManager: removeReceiver mtm Broadcast
01-11 04:35:52.424  1485  3408 D ConnectivityService: releasing NetworkRequest NetworkRequest [ id=362, legacyType=-1, [ Capabilities: INTERNET&NOT_RESTRICTED&TRUSTED] ]
01-11 04:35:52.425  1485  3408 D ConnectivityService: sending notification RELEASED for NetworkRequest [ id=362, legacyType=-1, [ Capabilities: INTERNET&NOT_RESTRICTED&TRUSTED] ]
01-11 04:35:52.425  2513  2623 D ConnectivityManager.CallbackHandler: CM callback handler got msg 524296
01-11 04:35:52.429   702   807 W Sensors : DSPS file:sns_dd_mag_akm099xx.c(899):ADSP: One val: 9911048
01-11 04:35:52.437  2513  2627 W GooglePlayServicesUtil: Google Play Store is missing.
01-11 04:35:52.440  2513  2627 W GooglePlayServicesUtil: Google Play Store is missing.
01-11 04:35:52.447  1485  1500 I HwActivityManagerService: PackageName for pid 2513 is com.dc.hwsj
01-11 04:35:52.449   702   807 W Sensors : DSPS file:sns_dd_mag_akm099xx.c(899):ADSP: One val: 9911048
01-11 04:35:52.464  2513  2627 W GooglePlayServicesUtil: Google Play Store is missing.
01-11 04:35:52.469   702   807 W Sensors : DSPS file:sns_dd_mag_akm099xx.c(899):ADSP: One val: 9911048
01-11 04:35:52.472  2513  2627 D HwCust  : Create obj success use class android.content.res.HwCustHwResourcesImpl
01-11 04:35:52.490   545  2652 D DnsProxyListener: GetAddrInfoHandler: getaddrinfo failed! count = 101688
01-11 04:35:52.494  2513  2627 I AppsFlyer_4.8.20: caching request...
01-11 04:35:52.746  2586  2586 I CalendarProvider2: Sending notification intent: Intent { act=android.intent.action.PROVIDER_CHANGED dat=content://com.android.calendar }
01-11 04:35:52.746  2586  2586 I SendBroadcastPermission: action:android.intent.action.PROVIDER_CHANGED, mPermissionType:0
01-11 04:35:52.747  2586  2586 W ContentResolver: Failed to get type for: content://com.android.calendar (Unknown URL content://com.android.calendar)
01-11 04:35:52.748  1485  4318 I ActivityManager: collectReceiverComponents for intent: Intent { act=android.intent.action.PROVIDER_CHANGED dat=content://com.android.calendar flg=0x10 }, receivers: [ResolveInfo{44ecf05 com.android.calendar/.alerts.AlertReceiver m=0x308000 euid=0}, ResolveInfo{b7fdb5a com.android.calendar/.widget.CalendarAppWidgetService$CalendarFactory m=0x308000 euid=0}, ResolveInfo{be2018b com.android.calendar/.simpleui.CalendarSimpleUiPRovider m=0x308000 euid=0}, ResolveInfo{8353268 com.android.calendar/.mycalendar.CalendarAppWidgetProvider m=0x308000 euid=0}]
01-11 04:35:52.752   429   429 E lowmemorykiller: Error writing /proc/1261/reclaim; errno=22
01-11 04:35:52.752  1485  1522 W RMS.SmartShrinker: SmartShrinker is runing in pid =1261 reclaim mode = 4
01-11 04:35:52.753  1261  1261 E XHQB:Wallet: =============WalletApplication==onTrimMemory===
01-11 04:35:52.753  1261  1261 I awcn.ComponentCallbacks2:  onTrimMemory level:80
01-11 04:35:52.757  1485  3825 W RMS.SmartShrinker: SmartShrinker is runing in pid =2586 reclaim mode = 4
01-11 04:35:52.757   429   429 E lowmemorykiller: Error writing /proc/2586/reclaim; errno=22
01-11 04:35:52.764  1485  1500 I ActivityManager: retrieveServiceLocked, callerApp: ProcessRecord{1559da8 2560:com.android.calendar/u0a8}, flags: 400
01-11 04:35:52.764  1485  1500 I ActivityManager: bindServiceLocked, r: ServiceRecord{7d05326 u0 euid: 0 com.android.calendar/.alerts.AlertService}, euid: 0
01-11 04:35:52.765  1485  4331 I qti_sensors_hal: activate: 274 handle 10, en is 0
01-11 04:35:52.765  1485  4331 I qti_sensors_hal: activate: 293 activate sensors is 2000000000003
01-11 04:35:52.765  1485  4331 I qti_sensors_hal: enable,83:handle is 10, en is 0
01-11 04:35:52.768  1485  4228 I qti_sensors_hal: batch,399,handle 0
01-11 04:35:52.768  1485  4228 I qti_sensors_hal: batch:sensor(android.sensor.accelerometer) handle:0 flags:0x0 period_ns 200000000
01-11 04:35:52.768   702   807 W Sensors : DSPS file:sns_dd_mag_akm099xx.c(1618):ADSP: One val: 9911022, sec val: 34, third val: 1
01-11 04:35:52.768  1485  4228 I qti_sensors_hal: batch:sensor(android.sensor.accelerometer) sample_rate=5.000000Hz report_rate_f=0.000000Hz curr sample rate:200.000000 cur rpt rate:0 max:200.000000 min:1.000000
01-11 04:35:52.771  2560  2560 I HwCust  : Constructor found for class com.android.calendar.alerts.HwCustAlertServiceImpl
01-11 04:35:52.771  2560  2560 D HwCust  : Create obj success use class com.android.calendar.alerts.HwCustAlertServiceImpl
01-11 04:35:52.777  1485  4196 V SMCSAMSHelper: SMCSAMSHelper.addSTPEvent: cost 0 ms end.
01-11 04:35:52.777  1485  4196 V SMCSAMSHelper: SMCSAMSHelper.smartTrimAddProcessRelation: cost 0 ms end.
01-11 04:35:52.779   429   429 E lowmemorykiller: Error writing /proc/1261/reclaim; errno=22
01-11 04:35:52.779  1485  4196 W RMS.SmartShrinker: SmartShrinker is runing in pid =1261 reclaim mode = 4
01-11 04:35:52.780  1261  1261 E XHQB:Wallet: =============WalletApplication==onTrimMemory===
01-11 04:35:52.781  1261  1261 I awcn.ComponentCallbacks2:  onTrimMemory level:80
01-11 04:35:52.865  2560  2560 D CalendarSimpleUiPRovider: appWidgetIds:1
01-11 04:35:52.868  2560  2560 D CalendarSimpleUiPRovider: updateEvent
01-11 04:35:52.897  2560  2560 I HwCust  : Constructor found for class android.app.HwCustAlarmManagerImpl
01-11 04:35:52.897  2560  2560 D HwCust  : Create obj success use class android.app.HwCustAlarmManagerImpl
01-11 04:35:52.899  1485  4322 I HwActivityManagerService: PackageName for pid 2560 is com.android.calendar
01-11 04:35:52.902  2513  2582 V AudioManager: getProperty  key: android.media.property.OUTPUT_SAMPLE_RATE
01-11 04:35:52.904  2560  2560 I SendBroadcastPermission: action:com.android.calendar.APPWIDGET_UPDATE, mPermissionType:0
01-11 04:35:52.905  1485  1499 I ActivityManager: collectReceiverComponents for intent: Intent { act=com.android.calendar.APPWIDGET_UPDATE flg=0x10 }, receivers: [ResolveInfo{b5e7bb2 com.android.calendar/.widget.CalendarAppWidgetProvider m=0x108000 euid=0}]
01-11 04:35:52.906  2513  2582 V AudioManager: getProperty  key: android.media.property.OUTPUT_FRAMES_PER_BUFFER
01-11 04:35:52.911  2513  2582 W libOpenSLES: class OutputMix interface 0 requested but unavailable MPH=43
01-11 04:35:52.913  2560  2560 I CalendarSimpleUiPRovider: loadEvent end update UI0
01-11 04:35:52.916  1485  3317 I HwActivityManagerService: PackageName for pid 2560 is com.android.calendar
01-11 04:35:52.919  2560  2560 D CalendarSimpleUiPRovider: initEventView:0
01-11 04:35:52.920  1485  3828 I HwActivityManagerService: PackageName for pid 2560 is com.android.calendar
01-11 04:35:52.921  1485  4324 I AppWidgetServiceImpl: recycle oldRemoteView
01-11 04:35:52.923  1485  3825 W RMS.SmartShrinker: SmartShrinker is runing in pid =2586 reclaim mode = 4
01-11 04:35:52.923   429   429 E lowmemorykiller: Error writing /proc/2586/reclaim; errno=22
01-11 04:35:52.926   429   429 E lowmemorykiller: Error writing /proc/2560/reclaim; errno=22
01-11 04:35:52.926  1485  4322 W RMS.SmartShrinker: SmartShrinker is runing in pid =2560 reclaim mode = 4
01-11 04:35:52.939  2513  2582 V Corona  : > Class.forName: network.LuaLoader
01-11 04:35:52.940  2513  2582 V Corona  : < Class.forName: network.LuaLoader
01-11 04:35:52.940  2513  2582 V Corona  : Loading via reflection: network.LuaLoader
01-11 04:35:52.946  2513  2582 I Corona  : Platform: CAM-AL00 / ARM Neon / 6.0 / Adreno (TM) 405 / OpenGL ES 3.1 V@139.0 (GIT@Iec24cdb30f) / 2018.3326 /  | CN | zh_CN | zh
01-11 04:35:53.105  1485  3274 I qti_sensors_hal: [ACC]processReportInd: X: -0.608017 Y: 9.267288 Z: 3.402908 
01-11 04:35:53.189  2513  2624 I System.out: appid: 1019  activate sendTime: 0 status: -1  info: 
01-11 04:35:53.189  2513  2624 I System.out: appIdActivity: isactivity1019  false
01-11 04:35:53.189  2513  2624 I System.out: activate url: https://hwsj-hk.9longe.net:22888/frontend/distribute/v1/active_event
01-11 04:35:53.191  2513  2662 I System.out: admonitor data: {"version":"1.8","app_id":"1019","act_id":"ad_trace_new","data":"{\"cp_app_id\":1019,\"ad_app_key\":\"3199536a745011e8a870025a896bb440\",\"retail_id\":2,\"ad_uuid\":\"\",\"channel_id\":0,\"mac\":\"2af952e1fd43bafe7b502c418e2d5eba\",\"user_agent\":\"Dalvik\\\/2.1.0 (Linux; U; Android 6.0; CAM-AL00 Build\\\/HONORCAM-AL00)\",\"ex_user_agent\":\"Mozilla\\\/5.0 (Linux; Android 6.0; CAM-AL00 Build\\\/HONORCAM-AL00; wv) AppleWebKit\\\/537.36 (KHTML, like Gecko) Version\\\/4.0 Chrome\\\/55.0.2883.91 Mobile Safari\\\/537.36\",\"device_id\":\"d2bd049d4ba402f6\",\"os\":\"0\",\"timestamp\":1231619741,\"reserve\":\"{\\\"deviceType\\\":\\\"android_id\\\"}\"}"}
01-11 04:35:53.194   545  2663 D DnsProxyListener: GetAddrInfoHandler: getaddrinfo failed! count = 101689
01-11 04:35:53.195  2513  2662 W System.err: java.net.UnknownHostException: Unable to resolve host "hwsj-hk.9longe.net": No address associated with hostname
01-11 04:35:53.196  2513  2662 W System.err: 	at java.net.InetAddress.lookupHostByName(InetAddress.java:470)
01-11 04:35:53.196  2513  2662 W System.err: 	at java.net.InetAddress.getAllByNameImpl(InetAddress.java:252)
01-11 04:35:53.196  2513  2662 W System.err: 	at java.net.InetAddress.getAllByName(InetAddress.java:215)
01-11 04:35:53.196  2513  2662 W System.err: 	at com.android.okhttp.internal.Network$1.resolveInetAddresses(Network.java:29)
01-11 04:35:53.196  2513  2662 W System.err: 	at com.android.okhttp.internal.http.RouteSelector.resetNextInetSocketAddress(RouteSelector.java:188)
01-11 04:35:53.196  2513  2662 W System.err: 	at com.android.okhttp.internal.http.RouteSelector.nextProxy(RouteSelector.java:157)
01-11 04:35:53.196  2513  2662 W System.err: 	at com.android.okhttp.internal.http.RouteSelector.next(RouteSelector.java:100)
01-11 04:35:53.196  2513  2662 W System.err: 	at com.android.okhttp.internal.http.HttpEngine.createNextConnection(HttpEngine.java:357)
01-11 04:35:53.196  2513  2662 W System.err: 	at com.android.okhttp.internal.http.HttpEngine.nextConnection(HttpEngine.java:340)
01-11 04:35:53.196  2513  2662 W System.err: 	at com.android.okhttp.internal.http.HttpEngine.connect(HttpEngine.java:330)
01-11 04:35:53.196  2513  2662 W System.err: 	at com.android.okhttp.internal.http.HttpEngine.sendRequest(HttpEngine.java:248)
01-11 04:35:53.196  2513  2662 W System.err: 	at com.android.okhttp.internal.huc.HttpURLConnectionImpl.execute(HttpURLConnectionImpl.java:433)
01-11 04:35:53.196  2513  2662 W System.err: 	at com.android.okhttp.internal.huc.HttpURLConnectionImpl.connect(HttpURLConnectionImpl.java:114)
01-11 04:35:53.196  2513  2662 W System.err: 	at com.android.okhttp.internal.huc.HttpURLConnectionImpl.getOutputStream(HttpURLConnectionImpl.java:245)
01-11 04:35:53.196  2513  2662 W System.err: 	at com.android.okhttp.internal.huc.DelegatingHttpsURLConnection.getOutputStream(DelegatingHttpsURLConnection.java:218)
01-11 04:35:53.196  2513  2662 W System.err: 	at com.android.okhttp.internal.huc.HttpsURLConnectionImpl.getOutputStream(HttpsURLConnectionImpl.java:25)
01-11 04:35:53.196  2513  2662 W System.err: 	at com.dc.admonitor.sdk.utils.Network$1.run(Network.java:88)
01-11 04:35:53.196  2513  2662 W System.err: 	at java.lang.Thread.run(Thread.java:833)
01-11 04:35:53.196  2513  2662 W System.err: Caused by: android.system.GaiException: android_getaddrinfo failed: EAI_NODATA (No address associated with hostname)
01-11 04:35:53.197  2513  2662 W System.err: 	at libcore.io.Posix.android_getaddrinfo(Native Method)
01-11 04:35:53.197  2513  2662 W System.err: 	at libcore.io.ForwardingOs.android_getaddrinfo(ForwardingOs.java:55)
01-11 04:35:53.197  2513  2662 W System.err: 	at java.net.InetAddress.lookupHostByName(InetAddress.java:451)
01-11 04:35:53.197  2513  2662 W System.err: 	... 17 more
01-11 04:35:53.307  1485  3274 I qti_sensors_hal: [ACC]processReportInd: X: -0.578598 Y: 9.208450 Z: 3.422531 
01-11 04:35:53.343   545  2666 D DnsProxyListener: GetAddrInfoHandler: getaddrinfo failed! count = 101690
01-11 04:35:53.345  2513  2582 V Corona  : > Class.forName: shared.google.play.services.base.LuaLoader
01-11 04:35:53.349  2513  2582 V Corona  : > Class.forName: _CoronaSetup.LuaLoader
01-11 04:35:53.356  2513  2582 I Corona  : sssssssssssssss:	750	1334
01-11 04:35:53.361  2513  2582 I Corona  : ERROR: Unsupported key: supportsSessionProperty in audio library
01-11 04:35:53.366  2513  2582 I Corona  : verifyFile > try to read file = gLocalConfig.datahash
01-11 04:35:53.371  2513  2582 I Corona  : hashStr = 	e98352716fb5d3ebdd7ad2cd5dee9b63e5afae86
01-11 04:35:53.371  2513  2582 I Corona  : realHash = 	e98352716fb5d3ebdd7ad2cd5dee9b63e5afae86
01-11 04:35:53.371  2513  2582 I Corona  : gLocalConfig.data==verifyFile true!
01-11 04:35:53.397  2513  2582 I Corona  : testAllRegions
01-11 04:35:53.411   545  2671 D DnsProxyListener: GetAddrInfoHandler: getaddrinfo failed! count = 101691
01-11 04:35:53.413   545  2675 D DnsProxyListener: GetAddrInfoHandler: getaddrinfo failed! count = 101692
01-11 04:35:53.413  2513  2669 E Corona  : ERROR: network: Unable to resolve host "hwsj-eu-test.clktec.com": No address associated with hostname: https://hwsj-eu-test.clktec.com:20888/frontend/distribute (java.net.UnknownHostException)
01-11 04:35:53.414   545  2676 D DnsProxyListener: GetAddrInfoHandler: getaddrinfo failed! count = 101693
01-11 04:35:53.415  2513  2670 E Corona  : ERROR: network: Unable to resolve host "hwsj-eu-test.clktec.com": No address associated with hostname: https://hwsj-eu-test.clktec.com:20888/frontend/distribute (java.net.UnknownHostException)
01-11 04:35:53.415  2513  2678 E Corona  : ERROR: network: Unable to resolve host "hwsj-eu-test.clktec.com": No address associated with hostname: https://hwsj-eu-test.clktec.com:20888/frontend/distribute (java.net.UnknownHostException)
01-11 04:35:53.416  2513  2672 E Corona  : ERROR: network: Unable to resolve host "hwsj-eu-test.clktec.com": No address associated with hostname: https://hwsj-eu-test.clktec.com:20888/frontend/distribute (java.net.UnknownHostException)
01-11 04:35:53.418  2513  2679 E Corona  : ERROR: network: Unable to resolve host "hwsj-eu-test.clktec.com": No address associated with hostname: https://hwsj-eu-test.clktec.com:20888/frontend/distribute (java.net.UnknownHostException)
01-11 04:35:53.419  2513  2680 E Corona  : ERROR: network: Unable to resolve host "hwsj-eu-test.clktec.com": No address associated with hostname: https://hwsj-eu-test.clktec.com:20888/frontend/distribute (java.net.UnknownHostException)
01-11 04:35:53.420  2513  2681 E Corona  : ERROR: network: Unable to resolve host "hwsj-eu-test.clktec.com": No address associated with hostname: https://hwsj-eu-test.clktec.com:20888/frontend/distribute (java.net.UnknownHostException)
01-11 04:35:53.422  2513  2683 E Corona  : ERROR: network: Unable to resolve host "hwsj-eu-test.clktec.com": No address associated with hostname: https://hwsj-eu-test.clktec.com:20888/frontend/distribute (java.net.UnknownHostException)
01-11 04:35:53.426  2513  2686 E Corona  : ERROR: network: Unable to resolve host "hwsj-eu-test.clktec.com": No address associated with hostname: https://hwsj-eu-test.clktec.com:20888/frontend/distribute (java.net.UnknownHostException)
01-11 04:35:53.429  1485  4317 V SMCSAMSHelper: SMCSAMSHelper.addSTPEvent: cost 0 ms end.
01-11 04:35:53.429  1485  4317 V SMCSAMSHelper: SMCSAMSHelper.smartTrimAddProcessRelation: cost 0 ms end.
01-11 04:35:53.441  1485  3315 I HwActivityManagerService: PackageName for pid 2560 is com.android.calendar
01-11 04:35:53.508  1485  3274 I qti_sensors_hal: [ACC]processReportInd: X: -0.647247 Y: 9.179031 Z: 3.432327 
01-11 04:35:53.546  2513  2582 I Corona  : net error response	https://hwsj-eu-test.clktec.com:20888/frontend/distribute	Unable to resolve host "hwsj-eu-test.clktec.com": No address associated with hostname: https://hwsj-eu-test.clktec.com:20888/frontend/distribute
01-11 04:35:53.547  2513  2582 I Corona  : https://hwsj-eu-test.clktec.com:20888/frontend/distribute	4124.128
01-11 04:35:53.547  2513  2582 I Corona  : net error response	https://hwsj-eu-test.clktec.com:20888/frontend/distribute	Unable to resolve host "hwsj-eu-test.clktec.com": No address associated with hostname: https://hwsj-eu-test.clktec.com:20888/frontend/distribute
01-11 04:35:53.547  2513  2582 I Corona  : https://hwsj-eu-test.clktec.com:20888/frontend/distribute	4124.386
01-11 04:35:53.547  2513  2582 I Corona  : net error response	https://hwsj-eu-test.clktec.com:20888/frontend/distribute	Unable to resolve host "hwsj-eu-test.clktec.com": No address associated with hostname: https://hwsj-eu-test.clktec.com:20888/frontend/distribute
01-11 04:35:53.547  2513  2582 I Corona  : https://hwsj-eu-test.clktec.com:20888/frontend/distribute	4124.654
01-11 04:35:53.547  2513  2582 I Corona  : net error response	https://hwsj-eu-test.clktec.com:20888/frontend/distribute	Unable to resolve host "hwsj-eu-test.clktec.com": No address associated with hostname: https://hwsj-eu-test.clktec.com:20888/frontend/distribute
01-11 04:35:53.547  2513  2582 I Corona  : https://hwsj-eu-test.clktec.com:20888/frontend/distribute	4124.899
01-11 04:35:53.547  2513  2582 I Corona  : net error response	https://hwsj-eu-test.clktec.com:20888/frontend/distribute	Unable to resolve host "hwsj-eu-test.clktec.com": No address associated with hostname: https://hwsj-eu-test.clktec.com:20888/frontend/distribute
01-11 04:35:53.548  2513  2582 I Corona  : https://hwsj-eu-test.clktec.com:20888/frontend/distribute	4125.139
01-11 04:35:53.548  2513  2582 I Corona  : net error response	https://hwsj-eu-test.clktec.com:20888/frontend/distribute	Unable to resolve host "hwsj-eu-test.clktec.com": No address associated with hostname: https://hwsj-eu-test.clktec.com:20888/frontend/distribute
01-11 04:35:53.548  2513  2582 I Corona  : https://hwsj-eu-test.clktec.com:20888/frontend/distribute	4125.39
01-11 04:35:53.548  2513  2582 I Corona  : net error response	https://hwsj-eu-test.clktec.com:20888/frontend/distribute	Unable to resolve host "hwsj-eu-test.clktec.com": No address associated with hostname: https://hwsj-eu-test.clktec.com:20888/frontend/distribute
01-11 04:35:53.548  2513  2582 I Corona  : https://hwsj-eu-test.clktec.com:20888/frontend/distribute	4125.661
01-11 04:35:53.548  2513  2582 I Corona  : net error response	https://hwsj-eu-test.clktec.com:20888/frontend/distribute	Unable to resolve host "hwsj-eu-test.clktec.com": No address associated with hostname: https://hwsj-eu-test.clktec.com:20888/frontend/distribute
01-11 04:35:53.548  2513  2582 I Corona  : https://hwsj-eu-test.clktec.com:20888/frontend/distribute	4125.877
01-11 04:35:53.548  2513  2582 I Corona  : net error response	https://hwsj-eu-test.clktec.com:20888/frontend/distribute	Unable to resolve host "hwsj-eu-test.clktec.com": No address associated with hostname: https://hwsj-eu-test.clktec.com:20888/frontend/distribute
01-11 04:35:53.548  2513  2582 I Corona  : https://hwsj-eu-test.clktec.com:20888/frontend/distribute	4126.105
01-11 04:35:53.550  2513  2582 I Corona  : endRequest	https://hwsj-eu-test.clktec.com:20888/frontend/distribute	4126.105
01-11 04:35:53.550  2513  2582 I Corona  : endRequest	https://hwsj-eu-test.clktec.com:20888/frontend/distribute	4126.105
01-11 04:35:53.550  2513  2582 I Corona  : endRequest	https://hwsj-eu-test.clktec.com:20888/frontend/distribute	4126.105
01-11 04:35:53.550  2513  2582 I Corona  : endRequest	https://hwsj-eu-test.clktec.com:20888/frontend/distribute	4126.105
01-11 04:35:53.550  2513  2582 I Corona  : endRequest	https://hwsj-eu-test.clktec.com:20888/frontend/distribute	4126.105
01-11 04:35:53.550  2513  2582 I Corona  : endRequest	https://hwsj-eu-test.clktec.com:20888/frontend/distribute	4126.105
01-11 04:35:53.550  2513  2582 I Corona  : endRequest	https://hwsj-eu-test.clktec.com:20888/frontend/distribute	4126.105
01-11 04:35:53.550  2513  2582 I Corona  : endRequest	https://hwsj-eu-test.clktec.com:20888/frontend/distribute	4126.105
01-11 04:35:53.550  2513  2582 I Corona  : endRequest	https://hwsj-eu-test.clktec.com:20888/frontend/distribute	4126.105
01-11 04:35:53.709  1485  3274 I qti_sensors_hal: [ACC]processReportInd: X: -0.608017 Y: 9.286911 Z: 3.422531 
01-11 04:35:53.911  1485  3274 I qti_sensors_hal: [ACC]processReportInd: X: -0.676666 Y: 9.296707 Z: 3.461746 
01-11 04:35:54.036  1930  1989 I System.out: [sh, -c, type su]
01-11 04:35:54.036  1930  1989 I System.out: null
01-11 04:35:54.036  1930  1989 I System.out: null
01-11 04:35:54.036  1930  1989 I System.out: Calling by::className:com.uc.crashsdk.a.g  MethodName:a
01-11 04:35:54.197  2513  2662 I System.out: appid: 1019  activate sendTime: 1 status: -1  info: 
01-11 04:35:54.197  2513  2662 I System.out: appIdActivity: isactivity1019  false
01-11 04:35:54.197  2513  2662 I System.out: activate url: https://hwsj-eu-test.clktec.com:20888/frontend/distribute/v1/active_event
01-11 04:35:54.199  2513  2693 I System.out: admonitor data: {"version":"1.8","app_id":"1019","act_id":"ad_trace_new","data":"{\"cp_app_id\":1019,\"ad_app_key\":\"3199536a745011e8a870025a896bb440\",\"retail_id\":2,\"ad_uuid\":\"\",\"channel_id\":0,\"mac\":\"2af952e1fd43bafe7b502c418e2d5eba\",\"user_agent\":\"Dalvik\\\/2.1.0 (Linux; U; Android 6.0; CAM-AL00 Build\\\/HONORCAM-AL00)\",\"ex_user_agent\":\"Mozilla\\\/5.0 (Linux; Android 6.0; CAM-AL00 Build\\\/HONORCAM-AL00; wv) AppleWebKit\\\/537.36 (KHTML, like Gecko) Version\\\/4.0 Chrome\\\/55.0.2883.91 Mobile Safari\\\/537.36\",\"device_id\":\"d2bd049d4ba402f6\",\"os\":\"0\",\"timestamp\":1231619741,\"reserve\":\"{\\\"deviceType\\\":\\\"android_id\\\"}\"}"}
01-11 04:35:54.200  2513  2693 W System.err: java.net.UnknownHostException: Unable to resolve host "hwsj-eu-test.clktec.com": No address associated with hostname
01-11 04:35:54.202  2513  2693 W System.err: 	at java.net.InetAddress.lookupHostByName(InetAddress.java:440)
01-11 04:35:54.202  2513  2693 W System.err: 	at java.net.InetAddress.getAllByNameImpl(InetAddress.java:252)
01-11 04:35:54.202  2513  2693 W System.err: 	at java.net.InetAddress.getAllByName(InetAddress.java:215)
01-11 04:35:54.202  2513  2693 W System.err: 	at com.android.okhttp.internal.Network$1.resolveInetAddresses(Network.java:29)
01-11 04:35:54.202  2513  2693 W System.err: 	at com.android.okhttp.internal.http.RouteSelector.resetNextInetSocketAddress(RouteSelector.java:188)
01-11 04:35:54.202  2513  2693 W System.err: 	at com.android.okhttp.internal.http.RouteSelector.nextProxy(RouteSelector.java:157)
01-11 04:35:54.202  2513  2693 W System.err: 	at com.android.okhttp.internal.http.RouteSelector.next(RouteSelector.java:100)
01-11 04:35:54.202  2513  2693 W System.err: 	at com.android.okhttp.internal.http.HttpEngine.createNextConnection(HttpEngine.java:357)
01-11 04:35:54.202  2513  2693 W System.err: 	at com.android.okhttp.internal.http.HttpEngine.nextConnection(HttpEngine.java:340)
01-11 04:35:54.202  2513  2693 W System.err: 	at com.android.okhttp.internal.http.HttpEngine.connect(HttpEngine.java:330)
01-11 04:35:54.202  2513  2693 W System.err: 	at com.android.okhttp.internal.http.HttpEngine.sendRequest(HttpEngine.java:248)
01-11 04:35:54.203  2513  2693 W System.err: 	at com.android.okhttp.internal.huc.HttpURLConnectionImpl.execute(HttpURLConnectionImpl.java:433)
01-11 04:35:54.203  2513  2693 W System.err: 	at com.android.okhttp.internal.huc.HttpURLConnectionImpl.connect(HttpURLConnectionImpl.java:114)
01-11 04:35:54.203  2513  2693 W System.err: 	at com.android.okhttp.internal.huc.HttpURLConnectionImpl.getOutputStream(HttpURLConnectionImpl.java:245)
01-11 04:35:54.203  2513  2693 W System.err: 	at com.android.okhttp.internal.huc.DelegatingHttpsURLConnection.getOutputStream(DelegatingHttpsURLConnection.java:218)
01-11 04:35:54.203  2513  2693 W System.err: 	at com.android.okhttp.internal.huc.HttpsURLConnectionImpl.getOutputStream(HttpsURLConnectionImpl.java:25)
01-11 04:35:54.203  2513  2693 W System.err: 	at com.dc.admonitor.sdk.utils.Network$1.run(Network.java:88)
01-11 04:35:54.203  2513  2693 W System.err: 	at java.lang.Thread.run(Thread.java:833)
01-11 04:35:54.394  1485  3274 I qti_sensors_hal: [ACC]processReportInd: X: -0.670776 Y: 9.312393 Z: 3.467636 
01-11 04:35:54.418   564   643 D ThermalEngine: sensor_wait: pa_therm0 Wait done.
01-11 04:35:54.420   564   643 D ThermalEngine: sensor_monitor: pa_therm0 Reading 43000 .
01-11 04:35:54.420   564   643 I ThermalEngine: Sensor:pa_therm0:43000 mC
01-11 04:35:54.420   564   643 D ThermalEngine: update_active_thresh: pa_therm0 Active(1), Hi(1) 75000, Lo(0) -2147483648, Interval(1) 5000
01-11 04:35:54.420   564   643 D ThermalEngine: sensor_monitor: pa_therm0 Sensor wait.
01-11 04:35:54.420   564   643 D ThermalEngine: sensor_wait: pa_therm0 Wait start. 5000ms
01-11 04:35:54.595  1485  3274 I qti_sensors_hal: [ACC]processReportInd: X: -0.655090 Y: 9.286896 Z: 3.446060 
01-11 04:35:54.641   565   565 E Thermal-daemon: [Thermal_Hw] temperature_valid, battery : temperature is invalid, invalid temperatrue is 25
01-11 04:35:54.641   565   565 E Thermal-daemon: [Thermal_Hw] temperature_filter: get invalid temperature, use old temp
01-11 04:35:54.644   565   565 E Thermal-daemon: [charger_ic] temp_new :46  temp_old :45
01-11 04:35:54.644   565   565 E Thermal-daemon: Report temperature: [charger_ic] temp :46  report_threshold:1
01-11 04:35:54.645  4340  5431 D ThermalStateManager: Thermal type: 2 cur_temperature:46
01-11 04:35:54.646   565   565 E Thermal-daemon: [ap] temp_new :52  temp_old :50
01-11 04:35:54.646   565   565 E Thermal-daemon: Report temperature: [ap] temp :52  report_threshold:1
01-11 04:35:54.647  4340  5431 D ThermalStateManager: Thermal type: 0 cur_temperature:52
01-11 04:35:54.647  4340  5431 I ThermalStateManager: triggerLevel = 2, triggerAction :{gpu=400000000, cpu=1094400, battery=700}
01-11 04:35:54.647  4340  5431 I ThermalStateManager: sensor name: cpu temperature: 52 , thermal action: gpu policy:400000000
01-11 04:35:54.647  4340  5431 I ThermalStateManager: sensor name: cpu temperature: 52 , thermal action: cpu policy:1094400
01-11 04:35:54.786  4340  5433 D CpuGovernorPolicy: Thermal item update gpu:400000000
01-11 04:35:54.792  4340  5433 D CpuGovernorPolicy: Thermal item update cpu:1094400
01-11 04:35:54.792  4340  4340 I powergenie_jni: guess platform type = 0
01-11 04:35:54.792  4340  4340 I Thermal-Lib: Thermal-Lib-Client: Client config query request sent config_set  2
01-11 04:35:54.793   564   672 I ThermalEngine: Thermal-Server: Thermal received msg from  config_set
01-11 04:35:54.793   564   672 I ThermalEngine: Thermal-Server: Num of config set request 1
01-11 04:35:54.793  4340  4340 D powergenie_jni: vote gpu maxfreq to ThermalEngine,freq:400000000,ret:0
01-11 04:35:54.793   564   672 I ThermalEngine: Thermal-Server: Num of config set request 1
01-11 04:35:54.793   564   672 I ThermalEngine: [msg_type] 2
01-11 04:35:54.793   564   672 I ThermalEngine: [client_name] config_set
01-11 04:35:54.793   564   672 I ThermalEngine: [set_point] 400000000
01-11 04:35:54.793  4340  4340 D GpuGovernorPolicy: writeGpuFreq max freq= 400000000,ret:true
01-11 04:35:54.793   564   672 D ThermalEngine: devices_manager_set_op_value: DEV gpu, op_value 400000000
01-11 04:35:54.793   564   672 I ThermalEngine: ACTION: GPU - Setting GPU[0] to 400000000
01-11 04:35:54.793   564   672 D ThermalEngine: GPU[0] frequency limited to 400000000
01-11 04:35:54.793   564   672 I ThermalEngine: Mitigation:GPU[0]:400000000 Hz
01-11 04:35:54.793   564   675 D ThermalEngine: algo_monitor: Config set EVT
01-11 04:35:54.793   564   675 E ThermalEngine: No matching config instance is configured powergenie
01-11 04:35:54.793   564   675 E ThermalEngine: Error in validating clients
01-11 04:35:54.793   564   675 D ThermalEngine: algo_monitor: Wait for EV
01-11 04:35:54.797  1485  3274 I qti_sensors_hal: [ACC]processReportInd: X: -0.651169 Y: 9.290817 Z: 3.449982 
01-11 04:35:54.998  1485  3274 I qti_sensors_hal: [ACC]processReportInd: X: -0.672729 Y: 9.312393 Z: 3.446060 
01-11 04:35:55.203  2513  2693 I System.out: appid: 1019  activate sendTime: 2 status: -1  info: 
01-11 04:35:55.203  2513  2693 I System.out: appIdActivity: isactivity1019  false
01-11 04:35:55.203  2513  2693 I System.out: activate url: https://hwsj-eu-test.clktec.com:20888/frontend/distribute/v1/active_event
01-11 04:35:55.205  2513  2694 I System.out: admonitor data: {"version":"1.8","app_id":"1019","act_id":"ad_trace_new","data":"{\"cp_app_id\":1019,\"ad_app_key\":\"3199536a745011e8a870025a896bb440\",\"retail_id\":2,\"ad_uuid\":\"\",\"channel_id\":0,\"mac\":\"2af952e1fd43bafe7b502c418e2d5eba\",\"user_agent\":\"Dalvik\\\/2.1.0 (Linux; U; Android 6.0; CAM-AL00 Build\\\/HONORCAM-AL00)\",\"ex_user_agent\":\"Mozilla\\\/5.0 (Linux; Android 6.0; CAM-AL00 Build\\\/HONORCAM-AL00; wv) AppleWebKit\\\/537.36 (KHTML, like Gecko) Version\\\/4.0 Chrome\\\/55.0.2883.91 Mobile Safari\\\/537.36\",\"device_id\":\"d2bd049d4ba402f6\",\"os\":\"0\",\"timestamp\":1231619741,\"reserve\":\"{\\\"deviceType\\\":\\\"android_id\\\"}\"}"}
01-11 04:35:55.206  2513  2694 W System.err: java.net.UnknownHostException: Unable to resolve host "hwsj-eu-test.clktec.com": No address associated with hostname
01-11 04:35:55.206  2513  2694 W System.err: 	at java.net.InetAddress.lookupHostByName(InetAddress.java:440)
01-11 04:35:55.206  2513  2694 W System.err: 	at java.net.InetAddress.getAllByNameImpl(InetAddress.java:252)
01-11 04:35:55.206  2513  2694 W System.err: 	at java.net.InetAddress.getAllByName(InetAddress.java:215)
01-11 04:35:55.206  2513  2694 W System.err: 	at com.android.okhttp.internal.Network$1.resolveInetAddresses(Network.java:29)
01-11 04:35:55.206  2513  2694 W System.err: 	at com.android.okhttp.internal.http.RouteSelector.resetNextInetSocketAddress(RouteSelector.java:188)
01-11 04:35:55.206  2513  2694 W System.err: 	at com.android.okhttp.internal.http.RouteSelector.nextProxy(RouteSelector.java:157)
01-11 04:35:55.206  2513  2694 W System.err: 	at com.android.okhttp.internal.http.RouteSelector.next(RouteSelector.java:100)
01-11 04:35:55.206  2513  2694 W System.err: 	at com.android.okhttp.internal.http.HttpEngine.createNextConnection(HttpEngine.java:357)
01-11 04:35:55.206  2513  2694 W System.err: 	at com.android.okhttp.internal.http.HttpEngine.nextConnection(HttpEngine.java:340)
01-11 04:35:55.206  2513  2694 W System.err: 	at com.android.okhttp.internal.http.HttpEngine.connect(HttpEngine.java:330)
01-11 04:35:55.206  2513  2694 W System.err: 	at com.android.okhttp.internal.http.HttpEngine.sendRequest(HttpEngine.java:248)
01-11 04:35:55.206  2513  2694 W System.err: 	at com.android.okhttp.internal.huc.HttpURLConnectionImpl.execute(HttpURLConnectionImpl.java:433)
01-11 04:35:55.206  2513  2694 W System.err: 	at com.android.okhttp.internal.huc.HttpURLConnectionImpl.connect(HttpURLConnectionImpl.java:114)
01-11 04:35:55.206  2513  2694 W System.err: 	at com.android.okhttp.internal.huc.HttpURLConnectionImpl.getOutputStream(HttpURLConnectionImpl.java:245)
01-11 04:35:55.206  2513  2694 W System.err: 	at com.android.okhttp.internal.huc.DelegatingHttpsURLConnection.getOutputStream(DelegatingHttpsURLConnection.java:218)
01-11 04:35:55.206  2513  2694 W System.err: 	at com.android.okhttp.internal.huc.HttpsURLConnectionImpl.getOutputStream(HttpsURLConnectionImpl.java:25)
