04-25 16:09:45.364  2147  2147 I display : [PrimaryDisplay] [DYNAMIC_RECOMP] GLES_2_HWC by high FPS(5)
04-25 16:09:45.634  3017  3017 D KeyguardUpdateMonitor: received broadcast android.intent.action.BATTERY_CHANGED
04-25 16:09:45.644  3017  3017 D KeyguardUpdateMonitor: handleBatteryUpdate
04-25 16:09:45.664  2147  2147 I display : [PrimaryDisplay] [DYNAMIC_RECOMP] HWC_2_GLES by low FPS(3)
04-25 16:09:46.204  6527  6647 D ScanRecord: parseFromBytes
04-25 16:09:46.204  6527  6647 D ScanRecord: first manudata for manu ID
04-25 16:09:46.204  6527 28095 D BtGatt.ContextMap: sendClientScanResult for app id 5
04-25 16:09:46.214  6257  6267 D ScanRecord: parseFromBytes
04-25 16:09:46.214  6257  6267 D ScanRecord: first manudata for manu ID
04-25 16:09:46.264  6527  6647 D ScanRecord: parseFromBytes
04-25 16:09:46.274  6527  6647 D ScanRecord: first manudata for manu ID
04-25 16:09:46.274  6527 28095 D BtGatt.ContextMap: sendClientScanResult for app id 5
04-25 16:09:46.274  6257  6268 D ScanRecord: parseFromBytes
04-25 16:09:46.274  6257  6268 D ScanRecord: first manudata for manu ID
04-25 16:09:46.284  6527  6647 D ScanRecord: parseFromBytes
04-25 16:09:46.284  6527  6647 D ScanRecord: first manudata for manu ID
04-25 16:09:46.284  6527 28095 D BtGatt.ContextMap: sendClientScanResult for app id 5
04-25 16:09:46.294  6257 20844 D ScanRecord: parseFromBytes
04-25 16:09:46.294  6257 20844 D ScanRecord: first manudata for manu ID
04-25 16:09:46.334  6527  6647 D ScanRecord: parseFromBytes
04-25 16:09:46.334  6527  6647 D ScanRecord: first manudata for manu ID
04-25 16:09:46.334  6527 28095 D BtGatt.ContextMap: sendClientScanResult for app id 5
04-25 16:09:46.344  6527  6647 D ScanRecord: parseFromBytes
04-25 16:09:46.344  6527  6647 D ScanRecord: first manudata for manu ID
04-25 16:09:46.344  6257  6268 D ScanRecord: parseFromBytes
04-25 16:09:46.344  6257  6268 D ScanRecord: first manudata for manu ID
04-25 16:09:46.354  6527 28095 D BtGatt.ContextMap: sendClientScanResult for app id 5
04-25 16:09:46.354  6257  6267 D ScanRecord: parseFromBytes
04-25 16:09:46.354  6257  6267 D ScanRecord: first manudata for manu ID
04-25 16:09:46.354  6527  6647 D ScanRecord: parseFromBytes
04-25 16:09:46.364  6527  6647 D ScanRecord: first manudata for manu ID
04-25 16:09:46.364  6527 28095 D BtGatt.ContextMap: sendClientScanResult for app id 5
04-25 16:09:46.364  6257 20844 D ScanRecord: parseFromBytes
04-25 16:09:46.364  6257 20844 D ScanRecord: first manudata for manu ID
04-25 16:09:46.374  6527  6647 D ScanRecord: parseFromBytes
04-25 16:09:46.374  6527  6647 D ScanRecord: first manudata for manu ID
04-25 16:09:46.374  6527 28095 D BtGatt.ContextMap: sendClientScanResult for app id 5
04-25 16:09:46.374  6257  6268 D ScanRecord: parseFromBytes
04-25 16:09:46.374  6257  6268 D ScanRecord: first manudata for manu ID
04-25 16:09:46.384  2147  2147 I display : [PrimaryDisplay] [DYNAMIC_RECOMP] first frame after HWC_2_GLES
04-25 16:09:46.384  2147  2147 I display : [PrimaryDisplay] [DYNAMIC_RECOMP] GLES_2_HWC by high FPS(5)
04-25 16:09:46.674  2147 28087 I display : [PrimaryDisplay] [DYNAMIC_RECOMP] HWC_2_GLES by low FPS(0)
04-25 16:09:46.774  2547  2881 D SensorService: [SO] -0.259 0.352 9.694
04-25 16:09:47.364  2147  2147 I display : [PrimaryDisplay] [DYNAMIC_RECOMP] first frame after HWC_2_GLES
04-25 16:09:47.364  2147  2147 I display : [PrimaryDisplay] [DYNAMIC_RECOMP] GLES_2_HWC by high FPS(5)
04-25 16:09:47.674  2147 28087 I display : [PrimaryDisplay] [DYNAMIC_RECOMP] HWC_2_GLES by low FPS(0)
04-25 16:09:48.384  2147  2147 I display : [PrimaryDisplay] [DYNAMIC_RECOMP] first frame after HWC_2_GLES
04-25 16:09:48.384  2147  2147 I display : [PrimaryDisplay] [DYNAMIC_RECOMP] GLES_2_HWC by high FPS(5)
04-25 16:09:48.674  2147 28087 I display : [PrimaryDisplay] [DYNAMIC_RECOMP] HWC_2_GLES by low FPS(0)
04-25 16:09:48.844 22137 26043 I EventLogChimeraService: Opted in for usage reporting
04-25 16:09:48.844 22137 26043 I EventLogChimeraService: Aggregate from 1556177988713 (log), 1556177988713 (data)
04-25 16:09:48.974  2521  2521 E Zygote  : v2
04-25 16:09:48.984  2521  2521 W SELinux : Function: selinux_compare_spd_ram, index[1], priority [2], priority version is VE=SEPF_SECMOBILE_6.0.1_0033
04-25 16:09:48.984  2521  2521 E Zygote  : accessInfo : 0
04-25 16:09:48.984  2521  2521 W SELinux : SELinux: seapp_context_lookup: seinfo=untrusted, level=s0:c512,c768, pkgname=com.google.android.videos 
04-25 16:09:49.014  2521  2521 D TimaKeyStoreProvider: TimaSignature is unavailable
04-25 16:09:49.014  2521  2521 D ActivityThread: Added TimaKeyStore provider
04-25 16:09:49.044  2533  2533 E Zygote  : v2
04-25 16:09:49.044  2533  2533 W SELinux : Function: selinux_compare_spd_ram, index[1], priority [2], priority version is VE=SEPF_SECMOBILE_6.0.1_0033
04-25 16:09:49.044  2533  2533 E Zygote  : accessInfo : 0
04-25 16:09:49.054  2533  2533 W SELinux : SELinux: seapp_context_lookup: seinfo=untrusted, level=s0:c512,c768, pkgname=com.google.android.youtube 
04-25 16:09:49.074  2533  2533 D TimaKeyStoreProvider: TimaSignature is unavailable
04-25 16:09:49.074  2533  2533 D ActivityThread: Added TimaKeyStore provider
04-25 16:09:49.124  2533  2533 W ResourceType: ResTable_typeSpec entry count inconsistent: given 30, previously 38
04-25 16:09:49.124  2533  2533 W ResourceType: ResTable_typeSpec entry count inconsistent: given 30, previously 38
04-25 16:09:49.124  2533  2533 W ResourceType: ResTable_typeSpec entry count inconsistent: given 30, previously 38
04-25 16:09:49.134  2533  2533 W ResourceType: ResTable_typeSpec entry count inconsistent: given 30, previously 38
04-25 16:09:49.254  2533  2533 W FileProviderCompat: isPatchingNecessary returned true and in == null: false
04-25 16:09:49.294  2521  2521 W PlayMovies: VideosGlobalsModule.<init>:28 Installer Package: com.android.vending
04-25 16:09:49.294  2521  2521 W PlayMovies: 
04-25 16:09:49.304  2533  2533 W PatchedPackageManager: patching ProviderInfo. Metadata was not null
04-25 16:09:49.314  2533  2533 W PatchedPackageManager: resolveContentProvider flags: 128 ret: ContentProviderInfo{name=com.google.android.youtube.fileprovider className=com.google.android.apps.youtube.app.common.util.FileProviderCompat}
04-25 16:09:49.324  6527  6647 D ScanRecord: parseFromBytes
04-25 16:09:49.324  6527  6647 D ScanRecord: first manudata for manu ID
04-25 16:09:49.324  6527 28095 D BtGatt.ContextMap: sendClientScanResult for app id 5
04-25 16:09:49.324  6257  6268 D ScanRecord: parseFromBytes
04-25 16:09:49.324  6257  6268 D ScanRecord: first manudata for manu ID
04-25 16:09:49.364  6527  6647 D ScanRecord: parseFromBytes
04-25 16:09:49.364  6527  6647 D ScanRecord: first manudata for manu ID
04-25 16:09:49.364  6527 28095 D BtGatt.ContextMap: sendClientScanResult for app id 5
04-25 16:09:49.364  6257  6267 D ScanRecord: parseFromBytes
04-25 16:09:49.364  6257  6267 D ScanRecord: first manudata for manu ID
04-25 16:09:49.404  6527  6647 D ScanRecord: parseFromBytes
04-25 16:09:49.404  6527 28095 D BtGatt.ContextMap: sendClientScanResult for app id 5
04-25 16:09:49.404  6257 20844 D ScanRecord: parseFromBytes
04-25 16:09:49.414  6527  6647 D ScanRecord: parseFromBytes
04-25 16:09:49.414  6527  6647 D ScanRecord: first manudata for manu ID
04-25 16:09:49.414  6527 28095 D BtGatt.ContextMap: sendClientScanResult for app id 5
04-25 16:09:49.414  6257  6268 D ScanRecord: parseFromBytes
04-25 16:09:49.414  6257  6268 D ScanRecord: first manudata for manu ID
04-25 16:09:49.424  6527  6647 D ScanRecord: parseFromBytes
04-25 16:09:49.424  6527  6647 D ScanRecord: first manudata for manu ID
04-25 16:09:49.424  6527 28095 D BtGatt.ContextMap: sendClientScanResult for app id 5
04-25 16:09:49.424  6257  6267 D ScanRecord: parseFromBytes
04-25 16:09:49.424  6257  6267 D ScanRecord: first manudata for manu ID
04-25 16:09:49.434  6527  6647 D ScanRecord: parseFromBytes
04-25 16:09:49.434  6527  6647 D ScanRecord: first manudata for manu ID
04-25 16:09:49.434  6527 28095 D BtGatt.ContextMap: sendClientScanResult for app id 5
04-25 16:09:49.434  6257 20844 D ScanRecord: parseFromBytes
04-25 16:09:49.434  6257 20844 D ScanRecord: first manudata for manu ID
04-25 16:09:49.464  6527  6647 D ScanRecord: parseFromBytes
04-25 16:09:49.464  6527  6647 D ScanRecord: first manudata for manu ID
04-25 16:09:49.464  6527 28095 D BtGatt.ContextMap: sendClientScanResult for app id 5
04-25 16:09:49.464  6257  6268 D ScanRecord: parseFromBytes
04-25 16:09:49.464  6257  6268 D ScanRecord: first manudata for manu ID
04-25 16:09:49.474  6527  6647 D ScanRecord: parseFromBytes
04-25 16:09:49.474  6527  6647 D ScanRecord: first manudata for manu ID
04-25 16:09:49.474  6527 28095 D BtGatt.ContextMap: sendClientScanResult for app id 5
04-25 16:09:49.474  6257  6267 D ScanRecord: parseFromBytes
04-25 16:09:49.474  6257  6267 D ScanRecord: first manudata for manu ID
04-25 16:09:49.494  6527  6647 D ScanRecord: parseFromBytes
04-25 16:09:49.494  6527  6647 D ScanRecord: first manudata for manu ID
04-25 16:09:49.494  6527 28095 D BtGatt.ContextMap: sendClientScanResult for app id 5
04-25 16:09:49.494  6257 20844 D ScanRecord: parseFromBytes
04-25 16:09:49.494  6257 20844 D ScanRecord: first manudata for manu ID
04-25 16:09:49.584  2533  2586 W YouTube : Fetching the Gservices key 'failsafe_clear_cache_release_13_02' before the end of the bulk initialization
04-25 16:09:49.824  2156  2872 D EnterpriseController: netId is 0
04-25 16:09:49.824  2156  2872 D Netd    : getNetworkForDns: using netid 502 for uid 10127
04-25 16:09:49.854  2156  2872 D EnterpriseController: netId is 0
04-25 16:09:49.854  2156  2872 D Netd    : getNetworkForDns: using netid 502 for uid 10127
04-25 16:09:49.924  2533  2610 D ConnectivityManager: requestNetwork; getAppId(CallingUid) : 10127, CallingPid : 2533
04-25 16:09:49.974  2533  2588 E GEL_DELAYED_EVENT_DEBUG: Failed delayed event dispatch, no dispatchers.
04-25 16:09:50.044  2547  3998 D ActivityManager: The following uid has registered to recieve broadcast for proxy related updates 10127
04-25 16:09:50.064  2547  3623 D WifiDisplayAdapter: getWifiDisplayStatusLocked: result=WifiDisplayStatus{featureState=2, scanState=0, activeDisplayState=0, activeDisplay=null, displays=[], sessionInfo=WifiDisplaySessionInfo: Client/Owner: Client GroupId:  Passphrase:  SessionId: 0 IP Address: , connectedState=-1, networkQoS=0}
04-25 16:09:50.094  2547  3516 D WifiDisplayAdapter: getWifiDisplayStatusLocked: result=WifiDisplayStatus{featureState=2, scanState=0, activeDisplayState=0, activeDisplay=null, displays=[], sessionInfo=WifiDisplaySessionInfo: Client/Owner: Client GroupId:  Passphrase:  SessionId: 0 IP Address: , connectedState=-1, networkQoS=0}
04-25 16:09:50.124  2521  2521 W MediaSessionCompat: Couldn't find a unique registered media button receiver in the given context.
04-25 16:09:50.144  3017  3127 D vol.MediaSessions: updateRemoteControllerH null
04-25 16:09:50.144  3017  3127 D vol.MediaSessions: onActiveSessionsUpdatedH n=0
04-25 16:09:50.144  3017  3127 D vol.MediaSessions: onActiveSessionsUpdatedH n=0
04-25 16:09:50.154  2156  2872 D EnterpriseController: netId is 0
04-25 16:09:50.154  2156  2872 D Netd    : getNetworkForDns: using netid 502 for uid 10127
04-25 16:09:50.164  2533  2584 I DynamiteModule: Considering local module com.google.android.gms.ads.dynamite:0 and remote module com.google.android.gms.ads.dynamite:11210
04-25 16:09:50.164  2533  2584 I DynamiteModule: Selected remote version of com.google.android.gms.ads.dynamite, version >= 11210
04-25 16:09:50.194  2521  2521 W PrimesInit: Primes instant initialization
04-25 16:09:50.204  2521  2647 W Primes  : background initialization
04-25 16:09:50.234  2521  2647 I PrimesTesting: GserviceFlagsSupplier.get()
04-25 16:09:50.234  2533  2584 W System  : ClassLoader referenced unknown path: /data/data/com.google.android.gms/app_chimera/m/0000001b/n/armeabi-v7a
04-25 16:09:50.244  2533  2584 W System  : ClassLoader referenced unknown path: /data/data/com.google.android.gms/app_chimera/m/0000001b/n/armeabi
04-25 16:09:50.284  2547  2939 D WifiDisplayAdapter: getWifiDisplayStatusLocked: result=WifiDisplayStatus{featureState=2, scanState=0, activeDisplayState=0, activeDisplay=null, displays=[], sessionInfo=WifiDisplaySessionInfo: Client/Owner: Client GroupId:  Passphrase:  SessionId: 0 IP Address: , connectedState=-1, networkQoS=0}
04-25 16:09:50.284  2533  2634 W PrimesInit: Primes instant initialization
04-25 16:09:50.294  2533  2656 W Primes  : background initialization
04-25 16:09:50.324 30432 30442 I Finsky  : [7828] qbe.a(24): Will not allow first-party apps signed by test keys
04-25 16:09:50.324  2533  2584 D DynamitePackage: Instantiated singleton DynamitePackage.
04-25 16:09:50.324  2533  2584 D DynamitePackage: Instantiating com.google.android.gms.ads.adshield.ChimeraAdShieldCreatorImpl
04-25 16:09:50.324 30432 30442 I Finsky  : [7828] azs.a(1): Received content filters request from com.google.android.videos
04-25 16:09:50.324 22065 22065 W ChimeraUtils: Non Chimera context
04-25 16:09:50.344  2533  2656 I PrimesTesting: GserviceFlagsSupplier.get()
04-25 16:09:50.344  2521  2659 W PlayMovies: UnpinContentCleanerImpl.cleanUp:13 Start clean up task with reason 1
04-25 16:09:50.344  2521  2659 W PlayMovies: 
04-25 16:09:50.344  2521  2659 W PlayMovies: UnpinContentCleanerImpl.startCleanUp:18 Start cleanup unpinned content
04-25 16:09:50.344  2521  2659 W PlayMovies: 
04-25 16:09:50.354  2547  5789 D ActivityManager: The following uid has registered to recieve broadcast for proxy related updates 10127
04-25 16:09:50.374  2521  2659 W PlayMovies: UnpinContentCleanerImpl.startCleanUp:26 Done cleanup unpinned content: removed 0 files
04-25 16:09:50.374  2521  2659 W PlayMovies: 
04-25 16:09:50.384  2547  3620 D PackageManager: setEnabledSetting : userId = 0 packageName = com.google.android.videos cmp = com.google.android.apps.play.movies.common.service.pinning.TransferService$Receiver newState = 2 callingPackage = 10123
04-25 16:09:50.384  2147  2147 I display : [PrimaryDisplay] [DYNAMIC_RECOMP] first frame after HWC_2_GLES
04-25 16:09:50.384  2147  2147 I display : [PrimaryDisplay] [DYNAMIC_RECOMP] GLES_2_HWC by high FPS(5)
04-25 16:09:50.394 22065 22065 W ChimeraUtils: Non Chimera context
04-25 16:09:50.494  2533  2656 I CrashMetricService: Startup metric for 'PRIMES_CRASH_MONITORING_INITIALIZED' dropped.
04-25 16:09:50.504  2521  2653 W AudioCapabilities: Unsupported mime audio/mpeg-L1
04-25 16:09:50.504  2521  2653 W AudioCapabilities: Unsupported mime audio/mpeg-L2
04-25 16:09:50.514  2167  2167 D ExynosCameraInterface: DEBUG:duration time(    0 msec):(HAL_getNumberOfCameras)
04-25 16:09:50.514  2167  2167 D ExynosCameraInterface: DEBUG(HAL_getCameraInfo[674]):Reuse!! Return static information (0)
04-25 16:09:50.514  2167  2167 D ExynosCameraInterface: INFO(HAL_getCameraInfo info->resource_cost = 51 
04-25 16:09:50.514  2167  2167 D ExynosCameraInterface: INFO(HAL_getCameraInfo info->conflicting_devices_length is zero 
04-25 16:09:50.514  2167  2167 D ExynosCameraInterface: DEBUG:duration time(    0 msec):(HAL_getCameraInfo)
04-25 16:09:50.524  2521  2653 W AudioCapabilities: Unsupported mime audio/x-ms-wma
04-25 16:09:50.524  2521  2653 W AudioCapabilities: Unsupported mime audio/x-ima
04-25 16:09:50.524  2521  2653 W VideoCapabilities: Unrecognized profile 2130706433 for video/avc
04-25 16:09:50.524  2521  2653 W VideoCapabilities: Unrecognized profile 2130706433 for video/avc
04-25 16:09:50.524  2521  2653 W VideoCapabilities: Unrecognized profile 2130706433 for video/avc
04-25 16:09:50.524  2521  2653 W VideoCapabilities: Unrecognized profile 2130706433 for video/avc
04-25 16:09:50.524  2521  2653 W VideoCapabilities: Unrecognized profile 2130706433 for video/avc
04-25 16:09:50.534  2521  2653 W VideoCapabilities: Unrecognized profile 2130706433 for video/avc
04-25 16:09:50.534  2521  2653 W VideoCapabilities: Unrecognized profile 2130706433 for video/avc
04-25 16:09:50.534  2521  2653 W VideoCapabilities: Unrecognized profile 2130706433 for video/avc
04-25 16:09:50.534  2521  2653 W VideoCapabilities: Unrecognized profile 2130706433 for video/avc
04-25 16:09:50.534  2521  2653 W VideoCapabilities: Unrecognized profile 2130706433 for video/avc
04-25 16:09:50.534  2167  4745 D ExynosCameraInterface: DEBUG:duration time(    0 msec):(HAL_getNumberOfCameras)
04-25 16:09:50.534  2167  4745 D ExynosCameraInterface: DEBUG(HAL_getCameraInfo[674]):Reuse!! Return static information (1)
04-25 16:09:50.534  2167  4745 D ExynosCameraInterface: INFO(HAL_getCameraInfo info->resource_cost = 51 
04-25 16:09:50.534  2167  4745 D ExynosCameraInterface: INFO(HAL_getCameraInfo info->conflicting_devices_length is zero 
04-25 16:09:50.534  2167  4745 D ExynosCameraInterface: DEBUG:duration time(    1 msec):(HAL_getCameraInfo)
04-25 16:09:50.534  2521  2653 W VideoCapabilities: Unrecognized profile 2130706433 for video/avc
04-25 16:09:50.534  2521  2653 W VideoCapabilities: Unrecognized profile 2130706433 for video/avc
04-25 16:09:50.534  2521  2653 W VideoCapabilities: Unrecognized profile 2130706434 for video/avc
04-25 16:09:50.534  2521  2653 W VideoCapabilities: Unrecognized profile 2130706434 for video/avc
04-25 16:09:50.534  2521  2653 W VideoCapabilities: Unrecognized profile 2130706434 for video/avc
04-25 16:09:50.534  2521  2653 W VideoCapabilities: Unrecognized profile 2130706434 for video/avc
04-25 16:09:50.534  2521  2653 W VideoCapabilities: Unrecognized profile 2130706434 for video/avc
04-25 16:09:50.544  2521  2653 W VideoCapabilities: Unrecognized profile 2130706434 for video/avc
04-25 16:09:50.544  2521  2653 W VideoCapabilities: Unrecognized profile 2130706434 for video/avc
04-25 16:09:50.544  2521  2653 W VideoCapabilities: Unrecognized profile 2130706434 for video/avc
04-25 16:09:50.544  2521  2653 W VideoCapabilities: Unrecognized profile 2130706434 for video/avc
04-25 16:09:50.544  2521  2653 W VideoCapabilities: Unrecognized profile 2130706434 for video/avc
04-25 16:09:50.544  2521  2653 W VideoCapabilities: Unrecognized profile 2130706434 for video/avc
04-25 16:09:50.544  2521  2653 W VideoCapabilities: Unrecognized profile 2130706434 for video/avc
04-25 16:09:50.544  2521  2653 W VideoCapabilities: Unrecognized profile/level 32768/2 for video/mp4v-es
04-25 16:09:50.554  2521  2653 W VideoCapabilities: Unsupported mime video/wvc1
04-25 16:09:50.564  2521  2653 W VideoCapabilities: Unsupported mime video/x-ms-wmv
04-25 16:09:50.574  2521  2653 W VideoCapabilities: Unrecognized profile 2130706433 for video/avc
04-25 16:09:50.574  2521  2653 W VideoCapabilities: Unrecognized profile 2130706433 for video/avc
04-25 16:09:50.574  2521  2653 W VideoCapabilities: Unrecognized profile 2130706433 for video/avc
04-25 16:09:50.574  2521  2653 W VideoCapabilities: Unrecognized profile 2130706433 for video/avc
04-25 16:09:50.574  2521  2653 W VideoCapabilities: Unrecognized profile 2130706433 for video/avc
04-25 16:09:50.574  2521  2653 W VideoCapabilities: Unrecognized profile 2130706433 for video/avc
04-25 16:09:50.574  2521  2653 W VideoCapabilities: Unrecognized profile 2130706433 for video/avc
04-25 16:09:50.574  2521  2653 W VideoCapabilities: Unrecognized profile 2130706433 for video/avc
04-25 16:09:50.574  2521  2653 W VideoCapabilities: Unrecognized profile 2130706433 for video/avc
04-25 16:09:50.574  2521  2653 W VideoCapabilities: Unrecognized profile 2130706433 for video/avc
04-25 16:09:50.574  2521  2653 W VideoCapabilities: Unrecognized profile 2130706433 for video/avc
04-25 16:09:50.574  2521  2653 W VideoCapabilities: Unrecognized profile 2130706433 for video/avc
04-25 16:09:50.574  2521  2653 W VideoCapabilities: Unrecognized profile 2130706434 for video/avc
04-25 16:09:50.584  2521  2653 W VideoCapabilities: Unrecognized profile 2130706434 for video/avc
04-25 16:09:50.584  2521  2653 W VideoCapabilities: Unrecognized profile 2130706434 for video/avc
04-25 16:09:50.584  2521  2653 W VideoCapabilities: Unrecognized profile 2130706434 for video/avc
04-25 16:09:50.584  2521  2653 W VideoCapabilities: Unrecognized profile 2130706434 for video/avc
04-25 16:09:50.584  2521  2653 W VideoCapabilities: Unrecognized profile 2130706434 for video/avc
04-25 16:09:50.584  2521  2653 W VideoCapabilities: Unrecognized profile 2130706434 for video/avc
04-25 16:09:50.584  2521  2653 W VideoCapabilities: Unrecognized profile 2130706434 for video/avc
04-25 16:09:50.584  2521  2653 W VideoCapabilities: Unrecognized profile 2130706434 for video/avc
04-25 16:09:50.584  2521  2653 W VideoCapabilities: Unrecognized profile 2130706434 for video/avc
04-25 16:09:50.584  2521  2653 W VideoCapabilities: Unrecognized profile 2130706434 for video/avc
04-25 16:09:50.594  2521  2653 W VideoCapabilities: Unrecognized profile 2130706434 for video/avc
04-25 16:09:50.594  2521  2653 W VideoCapabilities: Unrecognized profile/level 32768/2 for video/mp4v-es
04-25 16:09:50.594  2521  2653 W VideoCapabilities: Unsupported mime video/wvc1
04-25 16:09:50.604  2521  2653 W VideoCapabilities: Unsupported mime video/x-ms-wmv
04-25 16:09:50.614  2521  2653 W VideoCapabilities: Unsupported mime video/x-ms-wmv7
04-25 16:09:50.614  2521  2653 W VideoCapabilities: Unsupported mime video/x-ms-wmv8
04-25 16:09:50.614  2521  2653 W VideoCapabilities: Unsupported mime video/mp43
04-25 16:09:50.624  2521  2653 W VideoCapabilities: Unrecognized profile 2130706433 for video/avc
04-25 16:09:50.624  2521  2653 W VideoCapabilities: Unrecognized profile 2130706433 for video/avc
04-25 16:09:50.624  2521  2653 W VideoCapabilities: Unrecognized profile 2130706433 for video/avc
04-25 16:09:50.624  2521  2653 W VideoCapabilities: Unrecognized profile 2130706433 for video/avc
04-25 16:09:50.624  2521  2653 W VideoCapabilities: Unrecognized profile 2130706433 for video/avc
04-25 16:09:50.634  2521  2653 W VideoCapabilities: Unrecognized profile 2130706433 for video/avc
04-25 16:09:50.634  2521  2653 W VideoCapabilities: Unrecognized profile 2130706433 for video/avc
04-25 16:09:50.634  2521  2653 W VideoCapabilities: Unrecognized profile 2130706433 for video/avc
04-25 16:09:50.634  2521  2653 W VideoCapabilities: Unrecognized profile 2130706433 for video/avc
04-25 16:09:50.634  2521  2653 W VideoCapabilities: Unrecognized profile 2130706433 for video/avc
04-25 16:09:50.634  2521  2653 W VideoCapabilities: Unrecognized profile 2130706433 for video/avc
04-25 16:09:50.634  2521  2653 W VideoCapabilities: Unrecognized profile 2130706433 for video/avc
04-25 16:09:50.634  2521  2653 W VideoCapabilities: Unrecognized profile 2130706434 for video/avc
04-25 16:09:50.634  2521  2653 W VideoCapabilities: Unrecognized profile 2130706434 for video/avc
04-25 16:09:50.634  2521  2653 W VideoCapabilities: Unrecognized profile 2130706434 for video/avc
04-25 16:09:50.634  2521  2653 W VideoCapabilities: Unrecognized profile 2130706434 for video/avc
04-25 16:09:50.634  2521  2653 W VideoCapabilities: Unrecognized profile 2130706434 for video/avc
04-25 16:09:50.634  2521  2653 W VideoCapabilities: Unrecognized profile 2130706434 for video/avc
04-25 16:09:50.634  2521  2653 W VideoCapabilities: Unrecognized profile 2130706434 for video/avc
04-25 16:09:50.644  2521  2653 W VideoCapabilities: Unrecognized profile 2130706434 for video/avc
04-25 16:09:50.644  2521  2653 W VideoCapabilities: Unrecognized profile 2130706434 for video/avc
04-25 16:09:50.644  2521  2653 W VideoCapabilities: Unrecognized profile 2130706434 for video/avc
04-25 16:09:50.644  2521  2653 W VideoCapabilities: Unrecognized profile 2130706434 for video/avc
04-25 16:09:50.644  2521  2653 W VideoCapabilities: Unrecognized profile 2130706434 for video/avc
04-25 16:09:50.644  2521  2653 W VideoCapabilities: Unrecognized profile/level 32768/2 for video/mp4v-es
04-25 16:09:50.674  2521  2653 I VideoCapabilities: Unsupported profile 4 for video/mp4v-es
04-25 16:09:50.674  2147 28087 I display : [PrimaryDisplay] [DYNAMIC_RECOMP] HWC_2_GLES by low FPS(0)
04-25 16:09:50.694  2521  2653 W VideoCapabilities: Unrecognized profile 2130706433 for video/avc
04-25 16:09:50.694  2521  2653 W VideoCapabilities: Unrecognized profile 2130706433 for video/avc
04-25 16:09:50.694  2521  2653 W VideoCapabilities: Unrecognized profile 2130706433 for video/avc
04-25 16:09:50.694  2521  2653 W VideoCapabilities: Unrecognized profile 2130706433 for video/avc
04-25 16:09:50.694  2521  2653 W VideoCapabilities: Unrecognized profile 2130706433 for video/avc
04-25 16:09:50.704  2521  2653 W VideoCapabilities: Unrecognized profile 2130706433 for video/avc
04-25 16:09:50.704  2521  2653 W VideoCapabilities: Unrecognized profile 2130706433 for video/avc
04-25 16:09:50.704  2521  2653 W VideoCapabilities: Unrecognized profile 2130706433 for video/avc
04-25 16:09:50.704  2521  2653 W VideoCapabilities: Unrecognized profile 2130706433 for video/avc
04-25 16:09:50.704  2521  2653 W VideoCapabilities: Unrecognized profile 2130706433 for video/avc
04-25 16:09:50.704  2521  2653 W VideoCapabilities: Unrecognized profile 2130706433 for video/avc
04-25 16:09:50.704  2521  2653 W VideoCapabilities: Unrecognized profile 2130706433 for video/avc
04-25 16:09:50.704  2521  2653 W VideoCapabilities: Unrecognized profile 2130706434 for video/avc
04-25 16:09:50.704  2521  2653 W VideoCapabilities: Unrecognized profile 2130706434 for video/avc
04-25 16:09:50.704  2521  2653 W VideoCapabilities: Unrecognized profile 2130706434 for video/avc
04-25 16:09:50.704  2521  2653 W VideoCapabilities: Unrecognized profile 2130706434 for video/avc
04-25 16:09:50.704  2521  2653 W VideoCapabilities: Unrecognized profile 2130706434 for video/avc
04-25 16:09:50.704  2521  2653 W VideoCapabilities: Unrecognized profile 2130706434 for video/avc
04-25 16:09:50.704  2521  2653 W VideoCapabilities: Unrecognized profile 2130706434 for video/avc
04-25 16:09:50.704  2521  2653 W VideoCapabilities: Unrecognized profile 2130706434 for video/avc
04-25 16:09:50.704  2521  2653 W VideoCapabilities: Unrecognized profile 2130706434 for video/avc
04-25 16:09:50.704  2521  2653 W VideoCapabilities: Unrecognized profile 2130706434 for video/avc
04-25 16:09:50.704  2521  2653 W VideoCapabilities: Unrecognized profile 2130706434 for video/avc
04-25 16:09:50.714  2521  2653 W VideoCapabilities: Unrecognized profile 2130706434 for video/avc
04-25 16:09:50.714  2521  2653 W VideoCapabilities: Unrecognized profile 2130706433 for video/avc
04-25 16:09:50.714  2521  2653 W VideoCapabilities: Unrecognized profile 2130706433 for video/avc
04-25 16:09:50.714  2521  2653 W VideoCapabilities: Unrecognized profile 2130706433 for video/avc
04-25 16:09:50.714  2521  2653 W VideoCapabilities: Unrecognized profile 2130706433 for video/avc
04-25 16:09:50.714  2521  2653 W VideoCapabilities: Unrecognized profile 2130706433 for video/avc
04-25 16:09:50.714  2521  2653 W VideoCapabilities: Unrecognized profile 2130706433 for video/avc
04-25 16:09:50.714  2521  2653 W VideoCapabilities: Unrecognized profile 2130706433 for video/avc
04-25 16:09:50.714  2521  2653 W VideoCapabilities: Unrecognized profile 2130706433 for video/avc
04-25 16:09:50.714  2521  2653 W VideoCapabilities: Unrecognized profile 2130706433 for video/avc
04-25 16:09:50.714  2521  2653 W VideoCapabilities: Unrecognized profile 2130706433 for video/avc
04-25 16:09:50.714  2521  2653 W VideoCapabilities: Unrecognized profile 2130706433 for video/avc
04-25 16:09:50.714  2521  2653 W VideoCapabilities: Unrecognized profile 2130706433 for video/avc
04-25 16:09:50.714  2521  2653 W VideoCapabilities: Unrecognized profile 2130706434 for video/avc
04-25 16:09:50.724  2521  2653 W VideoCapabilities: Unrecognized profile 2130706434 for video/avc
04-25 16:09:50.724  2521  2653 W VideoCapabilities: Unrecognized profile 2130706434 for video/avc
04-25 16:09:50.724  2521  2653 W VideoCapabilities: Unrecognized profile 2130706434 for video/avc
04-25 16:09:50.724  2521  2653 W VideoCapabilities: Unrecognized profile 2130706434 for video/avc
04-25 16:09:50.724  2521  2653 W VideoCapabilities: Unrecognized profile 2130706434 for video/avc
04-25 16:09:50.724  2521  2653 W VideoCapabilities: Unrecognized profile 2130706434 for video/avc
04-25 16:09:50.724  2521  2653 W VideoCapabilities: Unrecognized profile 2130706434 for video/avc
04-25 16:09:50.724  2521  2653 W VideoCapabilities: Unrecognized profile 2130706434 for video/avc
04-25 16:09:50.724  2521  2653 W VideoCapabilities: Unrecognized profile 2130706434 for video/avc
04-25 16:09:50.724  2521  2653 W VideoCapabilities: Unrecognized profile 2130706434 for video/avc
04-25 16:09:50.724  2521  2653 W VideoCapabilities: Unrecognized profile 2130706434 for video/avc
04-25 16:09:50.734  2521  2653 W VideoCapabilities: Unrecognized profile 2130706433 for video/avc
04-25 16:09:50.734  2521  2653 W VideoCapabilities: Unrecognized profile 2130706433 for video/avc
04-25 16:09:50.734  2521  2653 W VideoCapabilities: Unrecognized profile 2130706433 for video/avc
04-25 16:09:50.734  2521  2653 W VideoCapabilities: Unrecognized profile 2130706433 for video/avc
04-25 16:09:50.734  2521  2653 W VideoCapabilities: Unrecognized profile 2130706433 for video/avc
04-25 16:09:50.734  2521  2653 W VideoCapabilities: Unrecognized profile 2130706433 for video/avc
04-25 16:09:50.734  2521  2653 W VideoCapabilities: Unrecognized profile 2130706433 for video/avc
04-25 16:09:50.734  2521  2653 W VideoCapabilities: Unrecognized profile 2130706433 for video/avc
04-25 16:09:50.734  2521  2653 W VideoCapabilities: Unrecognized profile 2130706433 for video/avc
04-25 16:09:50.744  2521  2653 W VideoCapabilities: Unrecognized profile 2130706433 for video/avc
04-25 16:09:50.744  2521  2653 W VideoCapabilities: Unrecognized profile 2130706433 for video/avc
04-25 16:09:50.744  2521  2653 W VideoCapabilities: Unrecognized profile 2130706433 for video/avc
04-25 16:09:50.744  2521  2653 W VideoCapabilities: Unrecognized profile 2130706434 for video/avc
04-25 16:09:50.744  2521  2653 W VideoCapabilities: Unrecognized profile 2130706434 for video/avc
04-25 16:09:50.744  2521  2653 W VideoCapabilities: Unrecognized profile 2130706434 for video/avc
04-25 16:09:50.744  2521  2653 W VideoCapabilities: Unrecognized profile 2130706434 for video/avc
04-25 16:09:50.744  2521  2653 W VideoCapabilities: Unrecognized profile 2130706434 for video/avc
04-25 16:09:50.744  2521  2653 W VideoCapabilities: Unrecognized profile 2130706434 for video/avc
04-25 16:09:50.744  2521  2653 W VideoCapabilities: Unrecognized profile 2130706434 for video/avc
04-25 16:09:50.744  2521  2653 W VideoCapabilities: Unrecognized profile 2130706434 for video/avc
04-25 16:09:50.744  2521  2653 W VideoCapabilities: Unrecognized profile 2130706434 for video/avc
04-25 16:09:50.744  2521  2653 W VideoCapabilities: Unrecognized profile 2130706434 for video/avc
04-25 16:09:50.744  2521  2653 W VideoCapabilities: Unrecognized profile 2130706434 for video/avc
04-25 16:09:50.744  2521  2653 W VideoCapabilities: Unrecognized profile 2130706434 for video/avc
04-25 16:09:50.794  2533  2634 E SensorManager: nativeGetSensorAtIndex: name, vendor - 0, K2HH Acceleration , STM
04-25 16:09:50.804  2533  2634 E SensorManager: nativeGetSensorAtIndex: name, vendor - 1, STK3013 Proximity Sensor, SENSORTEK
04-25 16:09:50.814  2533  2634 E SensorManager: nativeGetSensorAtIndex: name, vendor - 2, SX9306 Grip Sensor, SEMTECH
04-25 16:09:50.814  2533  2634 E SensorManager: nativeGetSensorAtIndex: name, vendor - 3, Screen Orientation Sensor, Samsung Electronics
04-25 16:09:52.444  6527  6647 D ScanRecord: parseFromBytes
04-25 16:09:52.444  6527  6647 D ScanRecord: first manudata for manu ID
04-25 16:09:52.444  6527 28095 D BtGatt.ContextMap: sendClientScanResult for app id 5
04-25 16:09:52.444  6257  6267 D ScanRecord: parseFromBytes
04-25 16:09:52.444  6257  6267 D ScanRecord: first manudata for manu ID
04-25 16:09:52.454  6527  6647 D ScanRecord: parseFromBytes
04-25 16:09:52.454  6527  6647 D ScanRecord: first manudata for manu ID
04-25 16:09:52.454  6527 28095 D BtGatt.ContextMap: sendClientScanResult for app id 5
04-25 16:09:52.454  6257 20844 D ScanRecord: parseFromBytes
04-25 16:09:52.454  6257 20844 D ScanRecord: first manudata for manu ID
04-25 16:09:52.464  6527  6647 D ScanRecord: parseFromBytes
04-25 16:09:52.464  6527  6647 D ScanRecord: first manudata for manu ID
04-25 16:09:52.464  6527 28095 D BtGatt.ContextMap: sendClientScanResult for app id 5
04-25 16:09:52.464  6257  6268 D ScanRecord: parseFromBytes
04-25 16:09:52.464  6257  6268 D ScanRecord: first manudata for manu ID
04-25 16:09:52.504  6527  6647 D ScanRecord: parseFromBytes
04-25 16:09:52.504  6527  6647 D ScanRecord: first manudata for manu ID
04-25 16:09:52.504  6527 28095 D BtGatt.ContextMap: sendClientScanResult for app id 5
04-25 16:09:52.514  6257  6267 D ScanRecord: parseFromBytes
04-25 16:09:52.514  6257  6267 D ScanRecord: first manudata for manu ID
04-25 16:09:52.514  6527  6647 D ScanRecord: parseFromBytes
04-25 16:09:52.514  6527  6647 D ScanRecord: first manudata for manu ID
04-25 16:09:52.514  6527 28095 D BtGatt.ContextMap: sendClientScanResult for app id 5
04-25 16:09:52.514  6257 20844 D ScanRecord: parseFromBytes
04-25 16:09:52.514  6257 20844 D ScanRecord: first manudata for manu ID
04-25 16:09:52.524  6527  6647 D ScanRecord: parseFromBytes
04-25 16:09:52.524  6527  6647 D ScanRecord: first manudata for manu ID
04-25 16:09:52.524  6527 28095 D BtGatt.ContextMap: sendClientScanResult for app id 5
04-25 16:09:52.524  6257  6268 D ScanRecord: parseFromBytes
04-25 16:09:52.524  6257  6268 D ScanRecord: first manudata for manu ID
04-25 16:09:52.534  6527  6647 D ScanRecord: parseFromBytes
04-25 16:09:52.534  6527  6647 D ScanRecord: first manudata for manu ID
04-25 16:09:52.534  6527 28095 D BtGatt.ContextMap: sendClientScanResult for app id 5
04-25 16:09:52.534  6257  6267 D ScanRecord: parseFromBytes
04-25 16:09:52.534  6257  6267 D ScanRecord: first manudata for manu ID
04-25 16:09:52.564  6527  6647 D ScanRecord: parseFromBytes
04-25 16:09:52.564  6527  6647 D ScanRecord: first manudata for manu ID
04-25 16:09:52.564  6527 28095 D BtGatt.ContextMap: sendClientScanResult for app id 5
04-25 16:09:52.564  6257 20844 D ScanRecord: parseFromBytes
04-25 16:09:52.564  6257 20844 D ScanRecord: first manudata for manu ID
04-25 16:09:52.574  6527  6647 D ScanRecord: parseFromBytes
04-25 16:09:52.574  6527  6647 D ScanRecord: first manudata for manu ID
04-25 16:09:52.574  6527 28095 D BtGatt.ContextMap: sendClientScanResult for app id 5
04-25 16:09:52.574  6257  6268 D ScanRecord: parseFromBytes
04-25 16:09:52.574  6257  6268 D ScanRecord: first manudata for manu ID
04-25 16:09:53.394  2147  2147 I display : [PrimaryDisplay] [DYNAMIC_RECOMP] first frame after HWC_2_GLES
04-25 16:09:53.404  2147  2147 I display : [PrimaryDisplay] [DYNAMIC_RECOMP] GLES_2_HWC by high FPS(5)
04-25 16:09:53.684  2147 28087 I display : [PrimaryDisplay] [DYNAMIC_RECOMP] HWC_2_GLES by low FPS(0)
04-25 16:09:54.394  2147  2147 I display : [PrimaryDisplay] [DYNAMIC_RECOMP] first frame after HWC_2_GLES
04-25 16:09:54.404  2147  2147 I display : [PrimaryDisplay] [DYNAMIC_RECOMP] GLES_2_HWC by high FPS(5)
04-25 16:09:54.684  2147 28087 I display : [PrimaryDisplay] [DYNAMIC_RECOMP] HWC_2_GLES by low FPS(0)
04-25 16:09:55.394  2147  2147 I display : [PrimaryDisplay] [DYNAMIC_RECOMP] first frame after HWC_2_GLES
04-25 16:09:55.394  2147  2147 I display : [PrimaryDisplay] [DYNAMIC_RECOMP] GLES_2_HWC by high FPS(5)
04-25 16:09:55.554  6527  6647 D ScanRecord: parseFromBytes
04-25 16:09:55.554  6527  6647 D ScanRecord: first manudata for manu ID
04-25 16:09:55.554  6527 28095 D BtGatt.ContextMap: sendClientScanResult for app id 5
04-25 16:09:55.554  6257  6267 D ScanRecord: parseFromBytes
04-25 16:09:55.554  6257  6267 D ScanRecord: first manudata for manu ID
04-25 16:09:55.564  6527  6647 D ScanRecord: parseFromBytes
04-25 16:09:55.564  6527  6647 D ScanRecord: first manudata for manu ID
04-25 16:09:55.564  6527 28095 D BtGatt.ContextMap: sendClientScanResult for app id 5
04-25 16:09:55.574  6257 20844 D ScanRecord: parseFromBytes
04-25 16:09:55.574  6257 20844 D ScanRecord: first manudata for manu ID
04-25 16:09:55.644  6527  6647 D ScanRecord: parseFromBytes
04-25 16:09:55.644  6527  6647 D ScanRecord: first manudata for manu ID
04-25 16:09:55.644  6527 28095 D BtGatt.ContextMap: sendClientScanResult for app id 5
04-25 16:09:55.644  6257  6268 D ScanRecord: parseFromBytes
04-25 16:09:55.644  6257  6268 D ScanRecord: first manudata for manu ID
04-25 16:09:55.654  6527  6647 D ScanRecord: parseFromBytes
04-25 16:09:55.654  6527  6647 D ScanRecord: first manudata for manu ID
04-25 16:09:55.654  6527 28095 D BtGatt.ContextMap: sendClientScanResult for app id 5
04-25 16:09:55.654  6257  6267 D ScanRecord: parseFromBytes
04-25 16:09:55.654  6257  6267 D ScanRecord: first manudata for manu ID
04-25 16:09:55.664  6527  6647 D ScanRecord: parseFromBytes
04-25 16:09:55.664  6527  6647 D ScanRecord: first manudata for manu ID
04-25 16:09:55.664  6527 28095 D BtGatt.ContextMap: sendClientScanResult for app id 5
04-25 16:09:55.674  6257 20844 D ScanRecord: parseFromBytes
04-25 16:09:55.674  6257 20844 D ScanRecord: first manudata for manu ID
04-25 16:09:55.674  6527  6647 D ScanRecord: parseFromBytes
04-25 16:09:55.674  6527  6647 D ScanRecord: first manudata for manu ID
04-25 16:09:55.684  6527 28095 D BtGatt.ContextMap: sendClientScanResult for app id 5
04-25 16:09:55.684  6527  6647 D ScanRecord: parseFromBytes
04-25 16:09:55.684  6527  6647 D ScanRecord: first manudata for manu ID
04-25 16:09:55.684  6257  6268 D ScanRecord: parseFromBytes
04-25 16:09:55.684  6257  6268 D ScanRecord: first manudata for manu ID
04-25 16:09:55.684  6527 28095 D BtGatt.ContextMap: sendClientScanResult for app id 5
04-25 16:09:55.684  6257  6267 D ScanRecord: parseFromBytes
04-25 16:09:55.684  6257  6267 D ScanRecord: first manudata for manu ID
04-25 16:09:55.684  2147 28087 I display : [PrimaryDisplay] [DYNAMIC_RECOMP] HWC_2_GLES by low FPS(0)
04-25 16:09:55.694  6527  6647 D ScanRecord: parseFromBytes
04-25 16:09:55.694  6527  6647 D ScanRecord: first manudata for manu ID
04-25 16:09:55.694  6527 28095 D BtGatt.ContextMap: sendClientScanResult for app id 5
04-25 16:09:55.694  6257 20844 D ScanRecord: parseFromBytes
04-25 16:09:55.694  6257 20844 D ScanRecord: first manudata for manu ID
04-25 16:09:55.714  3017  3017 D KeyguardUpdateMonitor: received broadcast android.intent.action.BATTERY_CHANGED
04-25 16:09:55.714  3017  3017 D KeyguardUpdateMonitor: handleBatteryUpdate
04-25 16:09:55.714  6527  6647 D ScanRecord: parseFromBytes
04-25 16:09:55.714  6527  6647 D ScanRecord: first manudata for manu ID
04-25 16:09:55.714  6527 28095 D BtGatt.ContextMap: sendClientScanResult for app id 5
04-25 16:09:55.724  6257  6268 D ScanRecord: parseFromBytes
04-25 16:09:55.724  6257  6268 D ScanRecord: first manudata for manu ID
04-25 16:09:55.724  6527  6647 D ScanRecord: parseFromBytes
04-25 16:09:55.724  6527  6647 D ScanRecord: first manudata for manu ID
04-25 16:09:55.724  6527 28095 D BtGatt.ContextMap: sendClientScanResult for app id 5
04-25 16:09:55.724  6257  6267 D ScanRecord: parseFromBytes
04-25 16:09:55.724  6257  6267 D ScanRecord: first manudata for manu ID
04-25 16:09:55.764  2147  2147 I display : [PrimaryDisplay] [DYNAMIC_RECOMP] first frame after HWC_2_GLES
04-25 16:09:55.764  2147  2147 I display : [PrimaryDisplay] [DYNAMIC_RECOMP] GLES_2_HWC by high FPS(5)
04-25 16:09:56.094  2147 28087 I display : [PrimaryDisplay] [DYNAMIC_RECOMP] HWC_2_GLES by low FPS(0)
04-25 16:09:56.204 22065 22614 E NetworkScheduler.ATC: Received callback from client for task that is already complete. ComponentInfo{com.google.android.youtube/com.google.android.libraries.youtube.common.gcore.gcoreclient.gcm.impl.GcmTaskServiceDelegator} device_context_task
04-25 16:09:56.414  2147  2147 I display : [PrimaryDisplay] [DYNAMIC_RECOMP] first frame after HWC_2_GLES
04-25 16:09:56.414  2147  2147 I display : [PrimaryDisplay] [DYNAMIC_RECOMP] GLES_2_HWC by high FPS(5)
04-25 16:09:56.694  2147 28087 I display : [PrimaryDisplay] [DYNAMIC_RECOMP] HWC_2_GLES by low FPS(0)
04-25 16:09:56.774  2547  2881 D SensorService: [SO] -0.251 0.357 9.694
04-25 16:09:58.414  2147  2147 I display : [PrimaryDisplay] [DYNAMIC_RECOMP] first frame after HWC_2_GLES
04-25 16:09:58.414  2147  2147 I display : [PrimaryDisplay] [DYNAMIC_RECOMP] GLES_2_HWC by high FPS(5)
04-25 16:09:58.694  6527  6647 D ScanRecord: parseFromBytes
04-25 16:09:58.694  6527  6647 D ScanRecord: first manudata for manu ID
04-25 16:09:58.694  6527 28095 D BtGatt.ContextMap: sendClientScanResult for app id 5
04-25 16:09:58.694  6257  6267 D ScanRecord: parseFromBytes
04-25 16:09:58.694  6257  6267 D ScanRecord: first manudata for manu ID
04-25 16:09:58.694  6527  6647 D ScanRecord: parseFromBytes
04-25 16:09:58.694  6527  6647 D ScanRecord: first manudata for manu ID
04-25 16:09:58.694  6527 28095 D BtGatt.ContextMap: sendClientScanResult for app id 5
04-25 16:09:58.694  2147 28087 I display : [PrimaryDisplay] [DYNAMIC_RECOMP] HWC_2_GLES by low FPS(0)
04-25 16:09:58.694  6257 20844 D ScanRecord: parseFromBytes
04-25 16:09:58.694  6257 20844 D ScanRecord: first manudata for manu ID
04-25 16:09:58.704  6527  6647 D ScanRecord: parseFromBytes
04-25 16:09:58.704  6527  6647 D ScanRecord: first manudata for manu ID
04-25 16:09:58.704  6527 28095 D BtGatt.ContextMap: sendClientScanResult for app id 5
04-25 16:09:58.704  6257  6268 D ScanRecord: parseFromBytes
04-25 16:09:58.704  6257  6268 D ScanRecord: first manudata for manu ID
04-25 16:09:58.734  6527  6647 D ScanRecord: parseFromBytes
04-25 16:09:58.734  6527  6647 D ScanRecord: first manudata for manu ID
04-25 16:09:58.734  6527 28095 D BtGatt.ContextMap: sendClientScanResult for app id 5
04-25 16:09:58.734  6257  6267 D ScanRecord: parseFromBytes
04-25 16:09:58.734  6257  6267 D ScanRecord: first manudata for manu ID
04-25 16:09:58.744  6527  6647 D ScanRecord: parseFromBytes
04-25 16:09:58.744  6527  6647 D ScanRecord: first manudata for manu ID
04-25 16:09:58.744  6527 28095 D BtGatt.ContextMap: sendClientScanResult for app id 5
04-25 16:09:58.744  6257 20844 D ScanRecord: parseFromBytes
04-25 16:09:58.744  6257 20844 D ScanRecord: first manudata for manu ID
04-25 16:09:58.744  6527  6647 D ScanRecord: parseFromBytes
04-25 16:09:58.744  6527  6647 D ScanRecord: first manudata for manu ID
04-25 16:09:58.744  6527 28095 D BtGatt.ContextMap: sendClientScanResult for app id 5
04-25 16:09:58.744  6257  6268 D ScanRecord: parseFromBytes
04-25 16:09:58.744  6257  6268 D ScanRecord: first manudata for manu ID
04-25 16:09:58.754  6527  6647 D ScanRecord: parseFromBytes
04-25 16:09:58.754  6527  6647 D ScanRecord: first manudata for manu ID
04-25 16:09:58.754  6527 28095 D BtGatt.ContextMap: sendClientScanResult for app id 5
04-25 16:09:58.754  6257  6267 D ScanRecord: parseFromBytes
04-25 16:09:58.754  6257  6267 D ScanRecord: first manudata for manu ID
04-25 16:09:58.764  6527  6647 D ScanRecord: parseFromBytes
04-25 16:09:58.764  6527  6647 D ScanRecord: first manudata for manu ID
04-25 16:09:58.764  6527 28095 D BtGatt.ContextMap: sendClientScanResult for app id 5
04-25 16:09:58.764  6257 20844 D ScanRecord: parseFromBytes
04-25 16:09:58.764  6257 20844 D ScanRecord: first manudata for manu ID
04-25 16:09:58.774  6527  6647 D ScanRecord: parseFromBytes
04-25 16:09:58.784  6527  6647 D ScanRecord: first manudata for manu ID
04-25 16:09:58.784  6527 28095 D BtGatt.ContextMap: sendClientScanResult for app id 5
04-25 16:09:58.784  6257  6268 D ScanRecord: parseFromBytes
04-25 16:09:58.784  6257  6268 D ScanRecord: first manudata for manu ID
04-25 16:09:58.804  6527  6647 D ScanRecord: parseFromBytes
04-25 16:09:58.804  6527  6647 D ScanRecord: first manudata for manu ID
04-25 16:09:58.804  6527 28095 D BtGatt.ContextMap: sendClientScanResult for app id 5
04-25 16:09:58.814  6257  6267 D ScanRecord: parseFromBytes
04-25 16:09:58.814  6257  6267 D ScanRecord: first manudata for manu ID
04-25 16:09:58.834  6527  6647 D ScanRecord: parseFromBytes
04-25 16:09:58.834  6527  6647 D ScanRecord: first manudata for manu ID
04-25 16:09:58.834  6527 28095 D BtGatt.ContextMap: sendClientScanResult for app id 5
04-25 16:09:58.834  6257 20844 D ScanRecord: parseFromBytes
04-25 16:09:58.834  6257 20844 D ScanRecord: first manudata for manu ID
04-25 16:09:58.844  6527  6647 D ScanRecord: parseFromBytes
04-25 16:09:58.844  6527  6647 D ScanRecord: first manudata for manu ID
04-25 16:09:58.844  6527 28095 D BtGatt.ContextMap: sendClientScanResult for app id 5
04-25 16:09:58.844  6257  6268 D ScanRecord: parseFromBytes
04-25 16:09:58.844  6257  6268 D ScanRecord: first manudata for manu ID
04-25 16:09:59.994  3017  3017 D KeyguardUpdateMonitor: received broadcast android.intent.action.TIME_TICK
04-25 16:09:59.994  3017  3017 D KeyguardUpdateMonitor: handleTimeUpdate
04-25 16:10:00.004  3017  3017 D Clock   : received broadcast android.intent.action.TIME_TICK
04-25 16:10:00.034  2147  2147 I display : [PrimaryDisplay] [DYNAMIC_RECOMP] first frame after HWC_2_GLES
04-25 16:10:00.034  2147  2147 I display : [PrimaryDisplay] [DYNAMIC_RECOMP] GLES_2_HWC by high FPS(5)
04-25 16:10:00.054  3017  3017 D DateView: received broadcast android.intent.action.TIME_TICK
04-25 16:10:00.064  3017  3017 D NotificationStackScrollLayout:  scroll range should be extended : 708
04-25 16:10:00.084  3336  3336 V LauncherAppWidgetHostView: calculateWidgetSize: (target widgetsize)  using w/h 686 220 span 4 1 (widgetid 2) [current Gridsize : GRID_4x4]
04-25 16:10:00.084  3336  3336 D LauncherAppWidgetHostView: calculateWidgetSize() widget = Weather and Clock(widget id = 2) result hostview size = 686 x 220
04-25 16:10:00.084  3336  3336 D LauncherAppWidgetHostView: setResizeScaleResult() 686/ 220 scaleToResize = 1.0(widget id = 2)
04-25 16:10:00.084  3336  3336 V LauncherAppWidgetHostView: calculateWidgetSize: (target widgetsize)  using w/h 686 220 span 4 1 (widgetid 3) [current Gridsize : GRID_4x4]
04-25 16:10:00.094  3336  3336 D LauncherAppWidgetHostView: calculateWidgetSize() widget = Google(widget id = 3) result hostview size = 686 x 220
04-25 16:10:00.094  3336  3336 D LauncherAppWidgetHostView: setResizeScaleResult() 686/ 220 scaleToResize = 1.0(widget id = 3)
04-25 16:10:00.094  3336  3336 V LauncherAppWidgetHostView: calculateWidgetSize: (target widgetsize)  using w/h 686 220 span 4 1 (widgetid 2) [current Gridsize : GRID_4x4]
04-25 16:10:00.104  3336  3336 D LauncherAppWidgetHostView: calculateWidgetSize() widget = Weather and Clock(widget id = 2) result hostview size = 686 x 220
04-25 16:10:00.104  3336  3336 D LauncherAppWidgetHostView: setResizeScaleResult() 686/ 220 scaleToResize = 1.0(widget id = 2)
04-25 16:10:00.104  3336  3336 V LauncherAppWidgetHostView: calculateWidgetSize: (target widgetsize)  using w/h 686 220 span 4 1 (widgetid 3) [current Gridsize : GRID_4x4]
04-25 16:10:00.104  3336  3336 D LauncherAppWidgetHostView: calculateWidgetSize() widget = Google(widget id = 3) result hostview size = 686 x 220
04-25 16:10:00.104  3336  3336 D LauncherAppWidgetHostView: setResizeScaleResult() 686/ 220 scaleToResize = 1.0(widget id = 3)
04-25 16:10:00.114 32331 32331 D [WeatherWidget(1214)]  WeatherService: {[EC3334F14841398C8B464A72D0E61AB74266231DDCB0F9D898ABD6AE7EAFE9924B51C1628AB73EB6B27EF850A160BD15DCFDBE96F420541C45EF3419D3AD67E2]}
04-25 16:10:00.114 32331 32331 D [WeatherWidget(1214)]  : {[3AE6950019B083611567B0F9442DB03EEFA9050249635C043F7E254E316C2550]}
04-25 16:10:00.134 32331 32331 D [WeatherWidget(1214)]  : {[3AE6950019B083611567B0F9442DB03E5DDA24A68DD8F41CDE99F0ED3FBCA79D6E3672D13C47BC5ED8EFB051B507BC359E0BBE33CAC4DD26F7E7BD0DE7A87253A9C3C650BA065FAD34DFAC014CA6063A]}
04-25 16:10:00.134 32331 32331 D [WeatherWidget(1214)]  : {[A1AF0F6A1A65A89C43D705938923D0FEFB71880C4E84718DA0A3E1F383E54FB27A4284D9BEDF7BAA2ABFFE671EB65C64BE97ACCF47A16986A922CA421D83368521337058A7DDC1499C03B1D5E686D4F66FE34BB24D3A99C9DB94B91A798967F25C4C0E824434FB3EA632625BECC0024E]}
04-25 16:10:00.144 32331 32331 D [WeatherWidget(1214)]  : {[15C09394A4E9AFE55A5C62F22AB3FC5902EB2A2150B6646A86F2B3102D669614]}
04-25 16:10:00.304  2147 28087 I display : [PrimaryDisplay] [DYNAMIC_RECOMP] HWC_2_GLES by low FPS(4)
04-25 16:10:00.434  2147  2147 I display : [PrimaryDisplay] [DYNAMIC_RECOMP] first frame after HWC_2_GLES
04-25 16:10:00.434  2147  2147 I display : [PrimaryDisplay] [DYNAMIC_RECOMP] GLES_2_HWC by high FPS(5)
04-25 16:10:00.704  2147 28087 I display : [PrimaryDisplay] [DYNAMIC_RECOMP] HWC_2_GLES by low FPS(0)
04-25 16:10:01.434  2147  2147 I display : [PrimaryDisplay] [DYNAMIC_RECOMP] first frame after HWC_2_GLES
04-25 16:10:01.434  2147  2147 I display : [PrimaryDisplay] [DYNAMIC_RECOMP] GLES_2_HWC by high FPS(5)
04-25 16:10:01.704  2147 28087 I display : [PrimaryDisplay] [DYNAMIC_RECOMP] HWC_2_GLES by low FPS(0)
04-25 16:10:01.904  6527  6647 D ScanRecord: parseFromBytes
04-25 16:10:01.904  6527  6647 D ScanRecord: first manudata for manu ID
04-25 16:10:01.904  6527  6647 D ScanRecord: parseFromBytes
04-25 16:10:01.904  6527  6647 D ScanRecord: first manudata for manu ID
04-25 16:10:01.904  6527  6647 D ScanRecord: parseFromBytes
04-25 16:10:01.904  6527  6647 D ScanRecord: first manudata for manu ID
