04-25 16:21:28.814  2547  2903 I InputDispatcher: Delivering touch to (30883): action: 0x1, toolType: 0
04-25 16:21:28.824 30883 30883 D ViewRootImpl: ViewPostImeInputStage processPointer 0
04-25 16:21:28.824 30883 30883 D ViewRootImpl: ViewPostImeInputStage processPointer 1
04-25 16:21:28.854 30883  3769 I System.out: (HTTPLog)-Static: isSBSettingEnabled false
04-25 16:21:28.854 30883  3769 I System.out: (HTTPLog)-Static: isSBSettingEnabled false
04-25 16:21:29.124  2547  3997 D InputDispatcher: Inject motion (3682): action=0x0, eventTime=24545671000000
04-25 16:21:29.124  2547  2903 I InputDispatcher: Delivering touch to (30883): action: 0x0, toolType: 0
04-25 16:21:29.124 30883 30883 D ViewRootImpl: ViewPostImeInputStage processPointer 0
04-25 16:21:29.134  2547  3620 D InputDispatcher: Inject motion (3682): action=0x1, eventTime=24545680000000
04-25 16:21:29.134  2547  2903 I InputDispatcher: Delivering touch to (30883): action: 0x1, toolType: 0
04-25 16:21:29.134 30883 30883 D ViewRootImpl: ViewPostImeInputStage processPointer 1
04-25 16:21:29.434  2547  3403 D InputDispatcher: Inject motion (3682): action=0x0, eventTime=24545987000000
04-25 16:21:29.434  2547  2903 I InputDispatcher: Delivering touch to (30883): action: 0x0, toolType: 0
04-25 16:21:29.444 30883 30883 D ViewRootImpl: ViewPostImeInputStage processPointer 0
04-25 16:21:29.444  2547  2966 D InputDispatcher: Inject motion (3682): action=0x1, eventTime=24545990000000
04-25 16:21:29.444  2547  2903 I InputDispatcher: Delivering touch to (30883): action: 0x1, toolType: 0
04-25 16:21:29.444 30883 30883 D ViewRootImpl: ViewPostImeInputStage processPointer 1
04-25 16:21:29.744  2547  3334 D InputDispatcher: Inject motion (3682): action=0x0, eventTime=24546294000000
04-25 16:21:29.744  2547  2903 I InputDispatcher: Delivering touch to (30883): action: 0x0, toolType: 0
04-25 16:21:29.744  2547  2563 D InputDispatcher: Inject motion (3682): action=0x1, eventTime=24546298000000
04-25 16:21:29.744  2547  2903 I InputDispatcher: Delivering touch to (30883): action: 0x1, toolType: 0
04-25 16:21:29.754 30883 30883 D ViewRootImpl: ViewPostImeInputStage processPointer 0
04-25 16:21:29.754 30883 30883 D ViewRootImpl: ViewPostImeInputStage processPointer 1
04-25 16:21:30.054  2547  3403 D InputDispatcher: Inject motion (3682): action=0x0, eventTime=24546603000000
04-25 16:21:30.054  2547  2903 I InputDispatcher: Delivering touch to (30883): action: 0x0, toolType: 0
04-25 16:21:30.054 30883 30883 D ViewRootImpl: ViewPostImeInputStage processPointer 0
04-25 16:21:30.054  2547  2966 D InputDispatcher: Inject motion (3682): action=0x1, eventTime=24546606000000
04-25 16:21:30.054  2547  2903 I InputDispatcher: Delivering touch to (30883): action: 0x1, toolType: 0
04-25 16:21:30.064 30883 30883 D ViewRootImpl: ViewPostImeInputStage processPointer 1
04-25 16:21:30.364  2547  3619 D InputDispatcher: Inject motion (3682): action=0x0, eventTime=24546911000000
04-25 16:21:30.364  2547  2903 I InputDispatcher: Delivering touch to (30883): action: 0x0, toolType: 0
04-25 16:21:30.364  2547  2563 D InputDispatcher: Inject motion (3682): action=0x1, eventTime=24546914000000
04-25 16:21:30.364  2547  2903 I InputDispatcher: Delivering touch to (30883): action: 0x1, toolType: 0
04-25 16:21:30.364 30883 30883 D ViewRootImpl: ViewPostImeInputStage processPointer 0
04-25 16:21:30.364 30883 30883 D ViewRootImpl: ViewPostImeInputStage processPointer 1
04-25 16:21:30.664  3682  3682 I Timeline: Timeline: Activity_launch_request id:com.dc.hwsj time:24547218
04-25 16:21:30.684 30883 30883 D SensorManager: unregisterListener ::   
04-25 16:21:30.694 30432 30442 I Finsky  : [7828] elh.b(9): com.dc.hwsj: Account determined from installer data - [pB8aQgkayCTMvSCyjmVGKTWBiJs]
04-25 16:21:30.694 30432 30442 I Finsky  : [7828] elh.b(16): com.dc.hwsj: Account from preferred account - [pB8aQgkayCTMvSCyjmVGKTWBiJs]
04-25 16:21:30.694 30432 31303 I Finsky  : [7905] elh.b(9): com.dc.hwsj: Account determined from installer data - [pB8aQgkayCTMvSCyjmVGKTWBiJs]
04-25 16:21:30.694 30432 31303 I Finsky  : [7905] elh.b(16): com.dc.hwsj: Account from preferred account - [pB8aQgkayCTMvSCyjmVGKTWBiJs]
04-25 16:21:30.704 30432 30443 I Finsky  : [7829] elh.b(9): com.dc.hwsj: Account determined from installer data - [pB8aQgkayCTMvSCyjmVGKTWBiJs]
04-25 16:21:30.704 30432 30443 I Finsky  : [7829] elh.b(16): com.dc.hwsj: Account from preferred account - [pB8aQgkayCTMvSCyjmVGKTWBiJs]
04-25 16:21:30.704 30432 30519 I Finsky  : [7885] elh.b(9): com.dc.hwsj: Account determined from installer data - [pB8aQgkayCTMvSCyjmVGKTWBiJs]
04-25 16:21:30.704 30432 30519 I Finsky  : [7885] elh.b(16): com.dc.hwsj: Account from preferred account - [pB8aQgkayCTMvSCyjmVGKTWBiJs]
04-25 16:21:30.704  2547  3620 D SensorService: SensorEventConnection::SocketBufferSize, SystemSocketBufferSize - 4096, 2097152
04-25 16:21:30.704 30883 30950 W libc    : pthread_create sched_setscheduler call failed: Operation not permitted
04-25 16:21:30.704 30883  3773 I OpenAL_SLES: playback_function started
04-25 16:21:30.714 30883 30883 D SensorManager: registerListener :: 0, K2HH Acceleration , 200000, 0,  
04-25 16:21:30.714 30883  3776 I System.out: (HTTPLog)-Static: isSBSettingEnabled false
04-25 16:21:30.714 30883  3776 I System.out: (HTTPLog)-Static: isSBSettingEnabled false
04-25 16:21:30.984  2547  6042 D InputDispatcher: Inject motion (3682): action=0x0, eventTime=24547533000000
04-25 16:21:30.984  2547  2903 I InputDispatcher: Delivering touch to (30883): action: 0x0, toolType: 0
04-25 16:21:30.984  2547  3334 D InputDispatcher: Inject motion (3682): action=0x1, eventTime=24547535000000
04-25 16:21:30.984  2547  2903 I InputDispatcher: Delivering touch to (30883): action: 0x1, toolType: 0
04-25 16:21:30.984 30883 30883 D ViewRootImpl: ViewPostImeInputStage processPointer 0
04-25 16:21:30.984 30883 30883 D ViewRootImpl: ViewPostImeInputStage processPointer 1
04-25 16:21:31.284  2547  3998 D InputDispatcher: Inject motion (3682): action=0x0, eventTime=24547838000000
04-25 16:21:31.284  2547  2903 I InputDispatcher: Delivering touch to (30883): action: 0x0, toolType: 0
04-25 16:21:31.294 30883 30883 D ViewRootImpl: ViewPostImeInputStage processPointer 0
04-25 16:21:31.294  2547  2939 D InputDispatcher: Inject motion (3682): action=0x1, eventTime=24547840000000
04-25 16:21:31.294  2547  2903 I InputDispatcher: Delivering touch to (30883): action: 0x1, toolType: 0
04-25 16:21:31.294 30883 30883 D ViewRootImpl: ViewPostImeInputStage processPointer 1
04-25 16:21:31.324  6527  6647 D ScanRecord: parseFromBytes
04-25 16:21:31.324  6527  6647 D ScanRecord: first manudata for manu ID
04-25 16:21:31.324  6527 28095 D BtGatt.ContextMap: sendClientScanResult for app id 5
04-25 16:21:31.324  6257  6267 D ScanRecord: parseFromBytes
04-25 16:21:31.324  6257  6267 D ScanRecord: first manudata for manu ID
04-25 16:21:31.374  6527  6647 D ScanRecord: parseFromBytes
04-25 16:21:31.374  6527  6647 D ScanRecord: first manudata for manu ID
04-25 16:21:31.374  6527 28095 D BtGatt.ContextMap: sendClientScanResult for app id 5
04-25 16:21:31.374  6257 20844 D ScanRecord: parseFromBytes
04-25 16:21:31.374  6257 20844 D ScanRecord: first manudata for manu ID
04-25 16:21:31.374  6527  6647 D ScanRecord: parseFromBytes
04-25 16:21:31.374  6527  6647 D ScanRecord: first manudata for manu ID
04-25 16:21:31.374  6527 28095 D BtGatt.ContextMap: sendClientScanResult for app id 5
04-25 16:21:31.384  6257  6268 D ScanRecord: parseFromBytes
04-25 16:21:31.384  6257  6268 D ScanRecord: first manudata for manu ID
04-25 16:21:31.404  6527  6647 D ScanRecord: parseFromBytes
04-25 16:21:31.404  6527  6647 D ScanRecord: first manudata for manu ID
04-25 16:21:31.404  6527 28095 D BtGatt.ContextMap: sendClientScanResult for app id 5
04-25 16:21:31.404  6257  6267 D ScanRecord: parseFromBytes
04-25 16:21:31.404  6257  6267 D ScanRecord: first manudata for manu ID
04-25 16:21:31.444  6527  6647 D ScanRecord: parseFromBytes
04-25 16:21:31.444  6527  6647 D ScanRecord: first manudata for manu ID
04-25 16:21:31.444  6527 28095 D BtGatt.ContextMap: sendClientScanResult for app id 5
04-25 16:21:31.444  6257 20844 D ScanRecord: parseFromBytes
04-25 16:21:31.444  6257 20844 D ScanRecord: first manudata for manu ID
04-25 16:21:31.444  6527  6647 D ScanRecord: parseFromBytes
04-25 16:21:31.444  6527  6647 D ScanRecord: first manudata for manu ID
04-25 16:21:31.444  6527 28095 D BtGatt.ContextMap: sendClientScanResult for app id 5
04-25 16:21:31.444  6257  6268 D ScanRecord: parseFromBytes
04-25 16:21:31.444  6257  6268 D ScanRecord: first manudata for manu ID
04-25 16:21:31.454  6527  6647 D ScanRecord: parseFromBytes
04-25 16:21:31.454  6527  6647 D ScanRecord: first manudata for manu ID
04-25 16:21:31.454  6527 28095 D BtGatt.ContextMap: sendClientScanResult for app id 5
04-25 16:21:31.454  6257  6267 D ScanRecord: parseFromBytes
04-25 16:21:31.454  6257  6267 D ScanRecord: first manudata for manu ID
04-25 16:21:31.464  6527  6647 D ScanRecord: parseFromBytes
04-25 16:21:31.464  6527  6647 D ScanRecord: first manudata for manu ID
04-25 16:21:31.464  6527 28095 D BtGatt.ContextMap: sendClientScanResult for app id 5
04-25 16:21:31.464  6257 20844 D ScanRecord: parseFromBytes
04-25 16:21:31.464  6257 20844 D ScanRecord: first manudata for manu ID
04-25 16:21:31.484  6527  6647 D ScanRecord: parseFromBytes
04-25 16:21:31.484  6527  6647 D ScanRecord: first manudata for manu ID
04-25 16:21:31.484  6527 28095 D BtGatt.ContextMap: sendClientScanResult for app id 5
04-25 16:21:31.484  6257  6268 D ScanRecord: parseFromBytes
04-25 16:21:31.484  6257  6268 D ScanRecord: first manudata for manu ID
04-25 16:21:31.524  3017  3017 D KeyguardUpdateMonitor: received broadcast android.intent.action.BATTERY_CHANGED
04-25 16:21:31.524  3017  3017 D KeyguardUpdateMonitor: handleBatteryUpdate
04-25 16:21:31.594  2547  3623 D InputDispatcher: Inject motion (3682): action=0x0, eventTime=24548143000000
04-25 16:21:31.594  2547  2903 I InputDispatcher: Delivering touch to (30883): action: 0x0, toolType: 0
04-25 16:21:31.594 30883 30883 D ViewRootImpl: ViewPostImeInputStage processPointer 0
04-25 16:21:31.594  2547  3334 D InputDispatcher: Inject motion (3682): action=0x1, eventTime=24548145000000
04-25 16:21:31.594  2547  2903 I InputDispatcher: Delivering touch to (30883): action: 0x1, toolType: 0
04-25 16:21:31.594 30883 30883 D ViewRootImpl: ViewPostImeInputStage processPointer 1
04-25 16:21:31.894  2547  3403 D InputDispatcher: Inject motion (3682): action=0x0, eventTime=24548447000000
04-25 16:21:31.894  2547  2903 I InputDispatcher: Delivering touch to (30883): action: 0x0, toolType: 0
04-25 16:21:31.894  2547  3062 D InputDispatcher: Inject motion (3682): action=0x1, eventTime=24548449000000
04-25 16:21:31.904  2547  2903 I InputDispatcher: Delivering touch to (30883): action: 0x1, toolType: 0
04-25 16:21:31.904 30883 30883 D ViewRootImpl: ViewPostImeInputStage processPointer 0
04-25 16:21:31.904 30883 30883 D ViewRootImpl: ViewPostImeInputStage processPointer 1
04-25 16:21:32.204  2547  3541 D InputDispatcher: Inject motion (3682): action=0x0, eventTime=24548752000000
04-25 16:21:32.204  2547  2903 I InputDispatcher: Delivering touch to (30883): action: 0x0, toolType: 0
04-25 16:21:32.204  2547  3619 D InputDispatcher: Inject motion (3682): action=0x1, eventTime=24548753000000
04-25 16:21:32.204  2547  2903 I InputDispatcher: Delivering touch to (30883): action: 0x1, toolType: 0
04-25 16:21:32.204 30883 30883 D ViewRootImpl: ViewPostImeInputStage processPointer 0
04-25 16:21:32.204 30883 30883 D ViewRootImpl: ViewPostImeInputStage processPointer 1
04-25 16:21:32.384 30883 30895 I art     : Starting a blocking GC Explicit
04-25 16:21:32.424 30883 30895 I art     : Explicit concurrent mark sweep GC freed 2389(216KB) AllocSpace objects, 6(1968KB) LOS objects, 50% free, 15MB/31MB, paused 2.058ms total 44.822ms
04-25 16:21:32.454 30883 30895 I art     : Starting a blocking GC Explicit
04-25 16:21:32.494 30883 30895 I art     : Explicit concurrent mark sweep GC freed 234(65KB) AllocSpace objects, 1(16KB) LOS objects, 50% free, 15MB/31MB, paused 1.964ms total 40.538ms
04-25 16:21:32.504  2547  3062 D InputDispatcher: Inject motion (3682): action=0x0, eventTime=24549056000000
04-25 16:21:32.504  2547  2903 I InputDispatcher: Delivering touch to (30883): action: 0x0, toolType: 0
04-25 16:21:32.504  2547  6042 D InputDispatcher: Inject motion (3682): action=0x1, eventTime=24549058000000
04-25 16:21:32.504  2547  2903 I InputDispatcher: Delivering touch to (30883): action: 0x1, toolType: 0
04-25 16:21:32.514 30883 30883 D ViewRootImpl: ViewPostImeInputStage processPointer 0
04-25 16:21:32.514 30883 30883 D ViewRootImpl: ViewPostImeInputStage processPointer 1
04-25 16:21:32.514 30883 30895 I art     : Starting a blocking GC Explicit
04-25 16:21:32.564 30883 30895 I art     : Explicit concurrent mark sweep GC freed 108(4KB) AllocSpace objects, 0(0B) LOS objects, 50% free, 15MB/31MB, paused 1.976ms total 40.657ms
04-25 16:21:32.584 30883 30895 I art     : Starting a blocking GC Explicit
04-25 16:21:32.624 30883 30895 I art     : Explicit concurrent mark sweep GC freed 57(2640B) AllocSpace objects, 0(0B) LOS objects, 50% free, 15MB/31MB, paused 1.848ms total 40.065ms
04-25 16:21:32.644 30883 30895 I art     : Starting a blocking GC Explicit
04-25 16:21:32.684 30883 30895 I art     : Explicit concurrent mark sweep GC freed 55(2480B) AllocSpace objects, 0(0B) LOS objects, 50% free, 15MB/31MB, paused 1.876ms total 39.967ms
04-25 16:21:32.814  3682  3682 I Timeline: Timeline: Activity_launch_request id:com.dc.hwsj time:24549361
04-25 16:21:32.824 30883 30883 D SensorManager: unregisterListener ::   
04-25 16:21:32.834 30432 30442 I Finsky  : [7828] elh.b(9): com.dc.hwsj: Account determined from installer data - [pB8aQgkayCTMvSCyjmVGKTWBiJs]
04-25 16:21:32.834 30432 30442 I Finsky  : [7828] elh.b(16): com.dc.hwsj: Account from preferred account - [pB8aQgkayCTMvSCyjmVGKTWBiJs]
04-25 16:21:32.834  2547  3620 D SensorService: SensorEventConnection::SocketBufferSize, SystemSocketBufferSize - 4096, 2097152
04-25 16:21:32.834 30883 30883 D SensorManager: registerListener :: 0, K2HH Acceleration , 200000, 0,  
04-25 16:21:32.834 30432 31303 I Finsky  : [7905] elh.b(9): com.dc.hwsj: Account determined from installer data - [pB8aQgkayCTMvSCyjmVGKTWBiJs]
04-25 16:21:32.834 30432 31303 I Finsky  : [7905] elh.b(16): com.dc.hwsj: Account from preferred account - [pB8aQgkayCTMvSCyjmVGKTWBiJs]
04-25 16:21:32.834 30432 30443 I Finsky  : [7829] elh.b(9): com.dc.hwsj: Account determined from installer data - [pB8aQgkayCTMvSCyjmVGKTWBiJs]
04-25 16:21:32.834 30432 30443 I Finsky  : [7829] elh.b(16): com.dc.hwsj: Account from preferred account - [pB8aQgkayCTMvSCyjmVGKTWBiJs]
04-25 16:21:32.844 30432 30519 I Finsky  : [7885] elh.b(9): com.dc.hwsj: Account determined from installer data - [pB8aQgkayCTMvSCyjmVGKTWBiJs]
04-25 16:21:32.844 30432 30519 I Finsky  : [7885] elh.b(16): com.dc.hwsj: Account from preferred account - [pB8aQgkayCTMvSCyjmVGKTWBiJs]
04-25 16:21:33.124  2547  2939 D InputDispatcher: Inject motion (3682): action=0x0, eventTime=24549675000000
04-25 16:21:33.124  2547  2903 I InputDispatcher: Delivering touch to (30883): action: 0x0, toolType: 0
04-25 16:21:33.124 30883 30883 D ViewRootImpl: ViewPostImeInputStage processPointer 0
04-25 16:21:33.124  2547  6042 D InputDispatcher: Inject motion (3682): action=0x1, eventTime=24549677000000
04-25 16:21:33.124  2547  2903 I InputDispatcher: Delivering touch to (30883): action: 0x1, toolType: 0
04-25 16:21:33.124 30883 30883 D ViewRootImpl: ViewPostImeInputStage processPointer 1
04-25 16:21:33.434  2547  3998 D InputDispatcher: Inject motion (3682): action=0x0, eventTime=24549980000000
04-25 16:21:33.434  2547  2903 I InputDispatcher: Delivering touch to (30883): action: 0x0, toolType: 0
04-25 16:21:33.434  2547  3619 D InputDispatcher: Inject motion (3682): action=0x1, eventTime=24549982000000
04-25 16:21:33.434  2547  2903 I InputDispatcher: Delivering touch to (30883): action: 0x1, toolType: 0
04-25 16:21:33.434 30883 30883 D ViewRootImpl: ViewPostImeInputStage processPointer 0
04-25 16:21:33.434 30883 30883 D ViewRootImpl: ViewPostImeInputStage processPointer 1
04-25 16:21:33.734  2547  6042 D InputDispatcher: Inject motion (3682): action=0x0, eventTime=24550285000000
04-25 16:21:33.734  2547  2903 I InputDispatcher: Delivering touch to (30883): action: 0x0, toolType: 0
04-25 16:21:33.734 30883 30883 D ViewRootImpl: ViewPostImeInputStage processPointer 0
04-25 16:21:33.734  2547  3620 D InputDispatcher: Inject motion (3682): action=0x1, eventTime=24550286000000
04-25 16:21:33.734  2547  2903 I InputDispatcher: Delivering touch to (30883): action: 0x1, toolType: 0
04-25 16:21:33.734 30883 30883 D ViewRootImpl: ViewPostImeInputStage processPointer 1
04-25 16:21:34.034  2547  3998 D InputDispatcher: Inject motion (3682): action=0x0, eventTime=24550589000000
04-25 16:21:34.034  2547  2903 I InputDispatcher: Delivering touch to (30883): action: 0x0, toolType: 0
04-25 16:21:34.044  2547  3619 D InputDispatcher: Inject motion (3682): action=0x1, eventTime=24550590000000
04-25 16:21:34.044 30883 30883 D ViewRootImpl: ViewPostImeInputStage processPointer 0
04-25 16:21:34.044  2547  2903 I InputDispatcher: Delivering touch to (30883): action: 0x1, toolType: 0
04-25 16:21:34.044 30883 30883 D ViewRootImpl: ViewPostImeInputStage processPointer 1
04-25 16:21:34.344  2547  3620 D InputDispatcher: Inject motion (3682): action=0x0, eventTime=24550893000000
04-25 16:21:34.344  2547  2903 I InputDispatcher: Delivering touch to (30883): action: 0x0, toolType: 0
04-25 16:21:34.344 30883 30883 D ViewRootImpl: ViewPostImeInputStage processPointer 0
04-25 16:21:34.344  2547  2563 D InputDispatcher: Inject motion (3682): action=0x1, eventTime=24550895000000
04-25 16:21:34.344  2547  2903 I InputDispatcher: Delivering touch to (30883): action: 0x1, toolType: 0
04-25 16:21:34.344 30883 30883 D ViewRootImpl: ViewPostImeInputStage processPointer 1
04-25 16:21:34.444  6527  6647 D ScanRecord: parseFromBytes
04-25 16:21:34.444  6527  6647 D ScanRecord: first manudata for manu ID
04-25 16:21:34.444  6527 28095 D BtGatt.ContextMap: sendClientScanResult for app id 5
04-25 16:21:34.444  6257 20844 D ScanRecord: parseFromBytes
04-25 16:21:34.444  6257 20844 D ScanRecord: first manudata for manu ID
04-25 16:21:34.454  6527  6647 D ScanRecord: parseFromBytes
04-25 16:21:34.454  6527  6647 D ScanRecord: first manudata for manu ID
04-25 16:21:34.454  6527 28095 D BtGatt.ContextMap: sendClientScanResult for app id 5
04-25 16:21:34.454  6257  6268 D ScanRecord: parseFromBytes
04-25 16:21:34.454  6257  6268 D ScanRecord: first manudata for manu ID
04-25 16:21:34.524  6527  6647 D ScanRecord: parseFromBytes
04-25 16:21:34.524  6527  6647 D ScanRecord: first manudata for manu ID
04-25 16:21:34.524  6527 28095 D BtGatt.ContextMap: sendClientScanResult for app id 5
04-25 16:21:34.524  6257  6267 D ScanRecord: parseFromBytes
04-25 16:21:34.524  6257  6267 D ScanRecord: first manudata for manu ID
04-25 16:21:34.544  6527  6647 D ScanRecord: parseFromBytes
04-25 16:21:34.544  6527  6647 D ScanRecord: first manudata for manu ID
04-25 16:21:34.544  6527 28095 D BtGatt.ContextMap: sendClientScanResult for app id 5
04-25 16:21:34.544  6257 20844 D ScanRecord: parseFromBytes
04-25 16:21:34.544  6257 20844 D ScanRecord: first manudata for manu ID
04-25 16:21:34.554  6527  6647 D ScanRecord: parseFromBytes
04-25 16:21:34.554  6527  6647 D ScanRecord: first manudata for manu ID
04-25 16:21:34.554  6527 28095 D BtGatt.ContextMap: sendClientScanResult for app id 5
04-25 16:21:34.554  6257  6268 D ScanRecord: parseFromBytes
04-25 16:21:34.554  6257  6268 D ScanRecord: first manudata for manu ID
04-25 16:21:34.564  6527  6647 D ScanRecord: parseFromBytes
04-25 16:21:34.564  6527  6647 D ScanRecord: first manudata for manu ID
04-25 16:21:34.564  6527 28095 D BtGatt.ContextMap: sendClientScanResult for app id 5
04-25 16:21:34.564  6257  6267 D ScanRecord: parseFromBytes
04-25 16:21:34.564  6257  6267 D ScanRecord: first manudata for manu ID
04-25 16:21:34.584  6527  6647 D ScanRecord: parseFromBytes
04-25 16:21:34.584  6527  6647 D ScanRecord: first manudata for manu ID
04-25 16:21:34.584  6527 28095 D BtGatt.ContextMap: sendClientScanResult for app id 5
04-25 16:21:34.584  6257 20844 D ScanRecord: parseFromBytes
04-25 16:21:34.584  6257 20844 D ScanRecord: first manudata for manu ID
04-25 16:21:34.594  6527  6647 D ScanRecord: parseFromBytes
04-25 16:21:34.594  6527  6647 D ScanRecord: first manudata for manu ID
04-25 16:21:34.594  6527 28095 D BtGatt.ContextMap: sendClientScanResult for app id 5
04-25 16:21:34.594  6257  6268 D ScanRecord: parseFromBytes
04-25 16:21:34.594  6257  6268 D ScanRecord: first manudata for manu ID
04-25 16:21:34.594  6527  6647 D ScanRecord: parseFromBytes
04-25 16:21:34.594  6527  6647 D ScanRecord: first manudata for manu ID
04-25 16:21:34.594  6527 28095 D BtGatt.ContextMap: sendClientScanResult for app id 5
04-25 16:21:34.594  6257  6267 D ScanRecord: parseFromBytes
04-25 16:21:34.594  6257  6267 D ScanRecord: first manudata for manu ID
04-25 16:21:34.604  6527  6647 D ScanRecord: parseFromBytes
04-25 16:21:34.604  6527  6647 D ScanRecord: first manudata for manu ID
04-25 16:21:34.604  6527 28095 D BtGatt.ContextMap: sendClientScanResult for app id 5
04-25 16:21:34.604  6257 20844 D ScanRecord: parseFromBytes
04-25 16:21:34.604  6257 20844 D ScanRecord: first manudata for manu ID
04-25 16:21:34.644  2547  5789 D InputDispatcher: Inject motion (3682): action=0x0, eventTime=24551198000000
04-25 16:21:34.644  2547  2903 I InputDispatcher: Delivering touch to (30883): action: 0x0, toolType: 0
04-25 16:21:34.654  2547  3619 D InputDispatcher: Inject motion (3682): action=0x1, eventTime=24551199000000
04-25 16:21:34.654  2547  2903 I InputDispatcher: Delivering touch to (30883): action: 0x1, toolType: 0
04-25 16:21:34.654 30883 30883 D ViewRootImpl: ViewPostImeInputStage processPointer 0
04-25 16:21:34.654 30883 30883 D ViewRootImpl: ViewPostImeInputStage processPointer 1
04-25 16:21:34.954  2547  3623 D InputDispatcher: Inject motion (3682): action=0x0, eventTime=24551502000000
04-25 16:21:34.954  2547  2903 I InputDispatcher: Delivering touch to (30883): action: 0x0, toolType: 0
04-25 16:21:34.954  2547  3620 D InputDispatcher: Inject motion (3682): action=0x1, eventTime=24551504000000
04-25 16:21:34.954  2547  2903 I InputDispatcher: Delivering touch to (30883): action: 0x1, toolType: 0
04-25 16:21:34.954 30883 30883 D ViewRootImpl: ViewPostImeInputStage processPointer 0
04-25 16:21:34.954 30883 30883 D ViewRootImpl: ViewPostImeInputStage processPointer 1
04-25 16:21:35.254  2547  5789 D InputDispatcher: Inject motion (3682): action=0x0, eventTime=24551807000000
04-25 16:21:35.254  2547  2903 I InputDispatcher: Delivering touch to (30883): action: 0x0, toolType: 0
04-25 16:21:35.254 30883 30883 D ViewRootImpl: ViewPostImeInputStage processPointer 0
04-25 16:21:35.264  2547  2695 D SensorService: [SO] activate (ident=0xccf5cc40, enabled=0)
04-25 16:21:35.264  2547  2695 D SensorManager: unregisterListener ::   
04-25 16:21:35.284  2547  2695 D SensorService: SensorEventConnection::SocketBufferSize, SystemSocketBufferSize - 4096, 2097152
04-25 16:21:35.294  3682  3682 I art     : System.exit called, status: 0
04-25 16:21:35.294  3682  3682 I AndroidRuntime: VM exiting with result code 0.
04-25 16:21:35.294  2547  2695 D SensorService: [SO] changed settle time [1]
04-25 16:21:35.294  2547  2695 D SensorService: [SO] setDelay [66667000]
04-25 16:21:35.294  2547  2695 D SensorService: [SO] activate (ident=0xccf5cc40, enabled=1)
04-25 16:21:35.294  2547  2695 D SensorService: [SO] AR_init
04-25 16:21:35.294  2547  2695 D SensorManager: registerListener :: 1600221811, Screen Orientation Sensor, 66667, 0,  
04-25 16:21:35.304  3017  3017 D RotationLockTile: rotationLocked : false
04-25 16:21:35.304  2547  2881 D SensorService: [SO] Reset Rotation Old [100], Init [1]
04-25 16:21:35.314  3017  3017 D RotationLockTile: rotationLocked : false
04-25 16:21:35.714 30883  3776 E Corona  : ERROR: network: timeout: https://hwsj-res.clktec.com/update/1.83/patchList.json?20190425197 (java.net.SocketTimeoutException)
04-25 16:21:35.734 30883  3801 I System.out: (HTTPLog)-Static: isSBSettingEnabled false
04-25 16:21:35.734 30883  3801 I System.out: (HTTPLog)-Static: isSBSettingEnabled false
04-25 16:21:36.974  2547  2881 D SensorService: [SO] -0.251 0.388 9.695
04-25 16:21:37.534 30883 30893 I art     : Starting a blocking GC Explicit
04-25 16:21:37.564  6527  6647 D ScanRecord: parseFromBytes
04-25 16:21:37.564  6527  6647 D ScanRecord: first manudata for manu ID
04-25 16:21:37.564  6527 28095 D BtGatt.ContextMap: sendClientScanResult for app id 5
04-25 16:21:37.564  6257  6267 D ScanRecord: parseFromBytes
04-25 16:21:37.564  6257  6267 D ScanRecord: first manudata for manu ID
04-25 16:21:37.574  6527  6647 D ScanRecord: parseFromBytes
04-25 16:21:37.574  6527  6647 D ScanRecord: first manudata for manu ID
04-25 16:21:37.574  6527 28095 D BtGatt.ContextMap: sendClientScanResult for app id 5
04-25 16:21:37.574  6257 20844 D ScanRecord: parseFromBytes
04-25 16:21:37.574  6257 20844 D ScanRecord: first manudata for manu ID
04-25 16:21:37.584 30883 30893 I art     : Explicit concurrent mark sweep GC freed 7356(438KB) AllocSpace objects, 7(188KB) LOS objects, 50% free, 15MB/31MB, paused 1.860ms total 50.694ms
04-25 16:21:37.614 30883 30893 I art     : Starting a blocking GC Explicit
04-25 16:21:37.614  6527  6647 D ScanRecord: parseFromBytes
04-25 16:21:37.614  6527  6647 D ScanRecord: first manudata for manu ID
04-25 16:21:37.614  6527 28095 D BtGatt.ContextMap: sendClientScanResult for app id 5
04-25 16:21:37.614  6257  6268 D ScanRecord: parseFromBytes
04-25 16:21:37.614  6257  6268 D ScanRecord: first manudata for manu ID
04-25 16:21:37.624  6527  6647 D ScanRecord: parseFromBytes
04-25 16:21:37.624  6527  6647 D ScanRecord: first manudata for manu ID
04-25 16:21:37.634  6527 28095 D BtGatt.ContextMap: sendClientScanResult for app id 5
04-25 16:21:37.634  6257  6267 D ScanRecord: parseFromBytes
04-25 16:21:37.634  6257  6267 D ScanRecord: first manudata for manu ID
04-25 16:21:37.654 30883 30893 I art     : Explicit concurrent mark sweep GC freed 372(16KB) AllocSpace objects, 0(0B) LOS objects, 50% free, 15MB/31MB, paused 1.857ms total 41.144ms
04-25 16:21:37.674 30883 30893 I art     : Starting a blocking GC Explicit
04-25 16:21:37.694  6527  6647 D ScanRecord: parseFromBytes
04-25 16:21:37.694  6527  6647 D ScanRecord: first manudata for manu ID
04-25 16:21:37.694  6527 28095 D BtGatt.ContextMap: sendClientScanResult for app id 5
04-25 16:21:37.694  6257 20844 D ScanRecord: parseFromBytes
04-25 16:21:37.694  6257 20844 D ScanRecord: first manudata for manu ID
04-25 16:21:37.704  6527  6647 D ScanRecord: parseFromBytes
04-25 16:21:37.704  6527  6647 D ScanRecord: first manudata for manu ID
04-25 16:21:37.704  6527 28095 D BtGatt.ContextMap: sendClientScanResult for app id 5
04-25 16:21:37.704  6257  6268 D ScanRecord: parseFromBytes
04-25 16:21:37.704  6257  6268 D ScanRecord: first manudata for manu ID
04-25 16:21:37.704  6527  6647 D ScanRecord: parseFromBytes
04-25 16:21:37.704  6527  6647 D ScanRecord: first manudata for manu ID
04-25 16:21:37.704  6527 28095 D BtGatt.ContextMap: sendClientScanResult for app id 5
04-25 16:21:37.704  6257  6267 D ScanRecord: parseFromBytes
04-25 16:21:37.704  6257  6267 D ScanRecord: first manudata for manu ID
04-25 16:21:37.714 30883 30893 I art     : Explicit concurrent mark sweep GC freed 56(2560B) AllocSpace objects, 0(0B) LOS objects, 50% free, 15MB/31MB, paused 1.762ms total 41.389ms
04-25 16:21:37.744 30883 30893 I art     : Starting a blocking GC Explicit
04-25 16:21:37.784 30883 30893 I art     : Explicit concurrent mark sweep GC freed 36(1632B) AllocSpace objects, 0(0B) LOS objects, 50% free, 15MB/31MB, paused 1.707ms total 38.851ms
04-25 16:21:37.804 30883 30893 I art     : Starting a blocking GC Explicit
04-25 16:21:37.864 30883 30893 I art     : Explicit concurrent mark sweep GC freed 99(4KB) AllocSpace objects, 0(0B) LOS objects, 50% free, 15MB/31MB, paused 2.942ms total 60.640ms
04-25 16:21:39.174 30883  3775 I SoundDecoder_SetError: Cannot operate on sample because already at EOF
04-25 16:21:40.694  6527  6647 D ScanRecord: parseFromBytes
04-25 16:21:40.694  6527  6647 D ScanRecord: first manudata for manu ID
04-25 16:21:40.694  6527 28095 D BtGatt.ContextMap: sendClientScanResult for app id 5
04-25 16:21:40.694  6257  6267 D ScanRecord: parseFromBytes
04-25 16:21:40.694  6257  6267 D ScanRecord: first manudata for manu ID
04-25 16:21:40.694  6527  6647 D ScanRecord: parseFromBytes
04-25 16:21:40.694  6527  6647 D ScanRecord: first manudata for manu ID
04-25 16:21:40.704  6527 28095 D BtGatt.ContextMap: sendClientScanResult for app id 5
04-25 16:21:40.704  6257 20844 D ScanRecord: parseFromBytes
04-25 16:21:40.704  6257 20844 D ScanRecord: first manudata for manu ID
04-25 16:21:40.704  6527  6647 D ScanRecord: parseFromBytes
04-25 16:21:40.704  6527  6647 D ScanRecord: first manudata for manu ID
04-25 16:21:40.704  6527 28095 D BtGatt.ContextMap: sendClientScanResult for app id 5
04-25 16:21:40.704  6257  6268 D ScanRecord: parseFromBytes
04-25 16:21:40.704  6257  6268 D ScanRecord: first manudata for manu ID
04-25 16:21:40.734  6527  6647 D ScanRecord: parseFromBytes
04-25 16:21:40.734  6527  6647 D ScanRecord: first manudata for manu ID
04-25 16:21:40.734  6527 28095 D BtGatt.ContextMap: sendClientScanResult for app id 5
04-25 16:21:40.734  6257  6267 D ScanRecord: parseFromBytes
04-25 16:21:40.734  6257  6267 D ScanRecord: first manudata for manu ID
04-25 16:21:40.764  6527  6647 D ScanRecord: parseFromBytes
04-25 16:21:40.764  6527  6647 D ScanRecord: first manudata for manu ID
04-25 16:21:40.764  6527 28095 D BtGatt.ContextMap: sendClientScanResult for app id 5
04-25 16:21:40.764  6257 20844 D ScanRecord: parseFromBytes
04-25 16:21:40.764  6257 20844 D ScanRecord: first manudata for manu ID
04-25 16:21:40.774  6527  6647 D ScanRecord: parseFromBytes
04-25 16:21:40.774  6527  6647 D ScanRecord: first manudata for manu ID
04-25 16:21:40.774  6527 28095 D BtGatt.ContextMap: sendClientScanResult for app id 5
04-25 16:21:40.774  6257  6268 D ScanRecord: parseFromBytes
04-25 16:21:40.774  6257  6268 D ScanRecord: first manudata for manu ID
04-25 16:21:40.784  6527  6647 D ScanRecord: parseFromBytes
04-25 16:21:40.784  6527  6647 D ScanRecord: first manudata for manu ID
04-25 16:21:40.794  6527 28095 D BtGatt.ContextMap: sendClientScanResult for app id 5
04-25 16:21:40.794  6257  6267 D ScanRecord: parseFromBytes
04-25 16:21:40.794  6257  6267 D ScanRecord: first manudata for manu ID
04-25 16:21:40.804  6527  6647 D ScanRecord: parseFromBytes
04-25 16:21:40.804  6527  6647 D ScanRecord: first manudata for manu ID
04-25 16:21:40.804  6527 28095 D BtGatt.ContextMap: sendClientScanResult for app id 5
04-25 16:21:40.804  6257 20844 D ScanRecord: parseFromBytes
04-25 16:21:40.804  6257 20844 D ScanRecord: first manudata for manu ID
04-25 16:21:40.804  6527  6647 D ScanRecord: parseFromBytes
04-25 16:21:40.804  6527  6647 D ScanRecord: first manudata for manu ID
04-25 16:21:40.804  6527 28095 D BtGatt.ContextMap: sendClientScanResult for app id 5
04-25 16:21:40.804  6257  6268 D ScanRecord: parseFromBytes
04-25 16:21:40.804  6257  6268 D ScanRecord: first manudata for manu ID
04-25 16:21:40.834  6527  6647 D ScanRecord: parseFromBytes
04-25 16:21:40.834  6527  6647 D ScanRecord: first manudata for manu ID
04-25 16:21:40.834  6527 28095 D BtGatt.ContextMap: sendClientScanResult for app id 5
04-25 16:21:40.834  6257  6267 D ScanRecord: parseFromBytes
04-25 16:21:40.834  6257  6267 D ScanRecord: first manudata for manu ID
04-25 16:21:40.854  6527  6647 D ScanRecord: parseFromBytes
04-25 16:21:40.854  6527  6647 D ScanRecord: first manudata for manu ID
04-25 16:21:40.854  6527 28095 D BtGatt.ContextMap: sendClientScanResult for app id 5
04-25 16:21:40.854  6257 20844 D ScanRecord: parseFromBytes
04-25 16:21:40.854  6257 20844 D ScanRecord: first manudata for manu ID
04-25 16:21:41.614  3017  3017 D KeyguardUpdateMonitor: received broadcast android.intent.action.BATTERY_CHANGED
04-25 16:21:41.614  3017  3017 D KeyguardUpdateMonitor: handleBatteryUpdate
04-25 16:21:43.794  6527  6647 D ScanRecord: parseFromBytes
04-25 16:21:43.794  6527  6647 D ScanRecord: first manudata for manu ID
04-25 16:21:43.794  6527 28095 D BtGatt.ContextMap: sendClientScanResult for app id 5
04-25 16:21:43.794  6257 20844 D ScanRecord: parseFromBytes
04-25 16:21:43.794  6257 20844 D ScanRecord: first manudata for manu ID
04-25 16:21:43.814  6527  6647 D ScanRecord: parseFromBytes
04-25 16:21:43.824  6527  6647 D ScanRecord: first manudata for manu ID
04-25 16:21:43.824  6527 28095 D BtGatt.ContextMap: sendClientScanResult for app id 5
04-25 16:21:43.824  6257  6268 D ScanRecord: parseFromBytes
04-25 16:21:43.824  6257  6268 D ScanRecord: first manudata for manu ID
04-25 16:21:43.834  6527  6647 D ScanRecord: parseFromBytes
04-25 16:21:43.834  6527  6647 D ScanRecord: first manudata for manu ID
04-25 16:21:43.834  6527 28095 D BtGatt.ContextMap: sendClientScanResult for app id 5
04-25 16:21:43.834  6257  6267 D ScanRecord: parseFromBytes
04-25 16:21:43.834  6257  6267 D ScanRecord: first manudata for manu ID
04-25 16:21:43.874  6527  6647 D ScanRecord: parseFromBytes
04-25 16:21:43.874  6527  6647 D ScanRecord: first manudata for manu ID
04-25 16:21:43.874  6527 28095 D BtGatt.ContextMap: sendClientScanResult for app id 5
04-25 16:21:43.874  6257 20844 D ScanRecord: parseFromBytes
04-25 16:21:43.874  6257 20844 D ScanRecord: first manudata for manu ID
04-25 16:21:43.884  6527  6647 D ScanRecord: parseFromBytes
04-25 16:21:43.884  6527  6647 D ScanRecord: first manudata for manu ID
04-25 16:21:43.884  6527 28095 D BtGatt.ContextMap: sendClientScanResult for app id 5
04-25 16:21:43.884  6257  6268 D ScanRecord: parseFromBytes
04-25 16:21:43.884  6257  6268 D ScanRecord: first manudata for manu ID
04-25 16:21:43.904  6527  6647 D ScanRecord: parseFromBytes
04-25 16:21:43.914  6527  6647 D ScanRecord: first manudata for manu ID
04-25 16:21:43.914  6527 28095 D BtGatt.ContextMap: sendClientScanResult for app id 5
04-25 16:21:43.914  6527  6647 D ScanRecord: parseFromBytes
04-25 16:21:43.914  6527  6647 D ScanRecord: first manudata for manu ID
04-25 16:21:43.914  6257  6267 D ScanRecord: parseFromBytes
04-25 16:21:43.914  6257  6267 D ScanRecord: first manudata for manu ID
04-25 16:21:43.914  6527 28095 D BtGatt.ContextMap: sendClientScanResult for app id 5
04-25 16:21:43.914  6257 20844 D ScanRecord: parseFromBytes
04-25 16:21:43.914  6257 20844 D ScanRecord: first manudata for manu ID
04-25 16:21:43.944  6527  6647 D ScanRecord: parseFromBytes
04-25 16:21:43.944  6527  6647 D ScanRecord: first manudata for manu ID
04-25 16:21:43.954  6527 28095 D BtGatt.ContextMap: sendClientScanResult for app id 5
04-25 16:21:43.954  6257  6268 D ScanRecord: parseFromBytes
04-25 16:21:43.954  6257  6268 D ScanRecord: first manudata for manu ID
04-25 16:21:43.954  6527  6647 D ScanRecord: parseFromBytes
04-25 16:21:43.954  6527  6647 D ScanRecord: first manudata for manu ID
04-25 16:21:43.954  6527 28095 D BtGatt.ContextMap: sendClientScanResult for app id 5
04-25 16:21:43.954  6257  6267 D ScanRecord: parseFromBytes
04-25 16:21:43.954  6257  6267 D ScanRecord: first manudata for manu ID
04-25 16:21:43.954  6527  6647 D ScanRecord: parseFromBytes
04-25 16:21:43.954  6527  6647 D ScanRecord: first manudata for manu ID
04-25 16:21:43.954  6527 28095 D BtGatt.ContextMap: sendClientScanResult for app id 5
04-25 16:21:43.954  6257 20844 D ScanRecord: parseFromBytes
04-25 16:21:43.954  6257 20844 D ScanRecord: first manudata for manu ID
04-25 16:21:43.964  6527  6647 D ScanRecord: parseFromBytes
04-25 16:21:43.964  6527  6647 D ScanRecord: first manudata for manu ID
04-25 16:21:43.964  6527 28095 D BtGatt.ContextMap: sendClientScanResult for app id 5
04-25 16:21:43.964  6257  6268 D ScanRecord: parseFromBytes
04-25 16:21:43.964  6257  6268 D ScanRecord: first manudata for manu ID
04-25 16:21:46.944  6527  6647 D ScanRecord: parseFromBytes
04-25 16:21:46.944  6527  6647 D ScanRecord: first manudata for manu ID
04-25 16:21:46.944  6527 28095 D BtGatt.ContextMap: sendClientScanResult for app id 5
04-25 16:21:46.944  6257  6268 D ScanRecord: parseFromBytes
04-25 16:21:46.944  6257  6268 D ScanRecord: first manudata for manu ID
04-25 16:21:46.964  6527  6647 D ScanRecord: parseFromBytes
04-25 16:21:46.964  6527  6647 D ScanRecord: first manudata for manu ID
04-25 16:21:46.964  6527 28095 D BtGatt.ContextMap: sendClientScanResult for app id 5
04-25 16:21:46.974  6257  6267 D ScanRecord: parseFromBytes
04-25 16:21:46.974  6257  6267 D ScanRecord: first manudata for manu ID
04-25 16:21:46.974  6527  6647 D ScanRecord: parseFromBytes
04-25 16:21:46.974  6527  6647 D ScanRecord: first manudata for manu ID
04-25 16:21:46.974  6527 28095 D BtGatt.ContextMap: sendClientScanResult for app id 5
04-25 16:21:46.974  2547  2881 D SensorService: [SO] -0.244 0.385 9.703
04-25 16:21:46.974  6257 20844 D ScanRecord: parseFromBytes
04-25 16:21:46.974  6257 20844 D ScanRecord: first manudata for manu ID
04-25 16:21:46.984  6527  6647 D ScanRecord: parseFromBytes
04-25 16:21:46.984  6527  6647 D ScanRecord: first manudata for manu ID
04-25 16:21:46.994  6527 28095 D BtGatt.ContextMap: sendClientScanResult for app id 5
04-25 16:21:46.994  6257  6268 D ScanRecord: parseFromBytes
04-25 16:21:46.994  6257  6268 D ScanRecord: first manudata for manu ID
04-25 16:21:47.004  6527  6647 D ScanRecord: parseFromBytes
04-25 16:21:47.004  6527  6647 D ScanRecord: first manudata for manu ID
04-25 16:21:47.004  6527 28095 D BtGatt.ContextMap: sendClientScanResult for app id 5
04-25 16:21:47.004  6257  6267 D ScanRecord: parseFromBytes
04-25 16:21:47.004  6257  6267 D ScanRecord: first manudata for manu ID
04-25 16:21:47.024  6527  6647 D ScanRecord: parseFromBytes
04-25 16:21:47.024  6527  6647 D ScanRecord: first manudata for manu ID
04-25 16:21:47.024  6527 28095 D BtGatt.ContextMap: sendClientScanResult for app id 5
04-25 16:21:47.024  6257 20844 D ScanRecord: parseFromBytes
04-25 16:21:47.024  6257 20844 D ScanRecord: first manudata for manu ID
04-25 16:21:47.024  6527  6647 D ScanRecord: parseFromBytes
04-25 16:21:47.024  6527  6647 D ScanRecord: first manudata for manu ID
04-25 16:21:47.034  6527 28095 D BtGatt.ContextMap: sendClientScanResult for app id 5
04-25 16:21:47.034  6257  6268 D ScanRecord: parseFromBytes
04-25 16:21:47.034  6257  6268 D ScanRecord: first manudata for manu ID
04-25 16:21:47.044  6527  6647 D ScanRecord: parseFromBytes
04-25 16:21:47.044  6527  6647 D ScanRecord: first manudata for manu ID
04-25 16:21:47.044  6527 28095 D BtGatt.ContextMap: sendClientScanResult for app id 5
04-25 16:21:47.044  6257  6267 D ScanRecord: parseFromBytes
04-25 16:21:47.044  6257  6267 D ScanRecord: first manudata for manu ID
04-25 16:21:47.044  6527  6647 D ScanRecord: parseFromBytes
04-25 16:21:47.044  6527  6647 D ScanRecord: first manudata for manu ID
04-25 16:21:47.054  6527 28095 D BtGatt.ContextMap: sendClientScanResult for app id 5
04-25 16:21:47.054  6257 20844 D ScanRecord: parseFromBytes
04-25 16:21:47.054  6257 20844 D ScanRecord: first manudata for manu ID
04-25 16:21:47.074  6527  6647 D ScanRecord: parseFromBytes
04-25 16:21:47.074  6527  6647 D ScanRecord: first manudata for manu ID
04-25 16:21:47.074  6527 28095 D BtGatt.ContextMap: sendClientScanResult for app id 5
04-25 16:21:47.074  6257  6268 D ScanRecord: parseFromBytes
04-25 16:21:47.074  6257  6268 D ScanRecord: first manudata for manu ID
04-25 16:21:48.684 30883  3826 I System.out: (HTTPLog)-Static: isSBSettingEnabled false
04-25 16:21:48.694 30883  3826 I System.out: (HTTPLog)-Static: isSBSettingEnabled false
04-25 16:21:48.704 30883 30950 I SoundDecoder: MPG123: Accepting data stream.
04-25 16:21:49.284 30883  3828 I System.out: (HTTPLog)-Static: isSBSettingEnabled false
04-25 16:21:49.284 30883  3828 I System.out: (HTTPLog)-Static: isSBSettingEnabled false
04-25 16:21:50.034  6527  6647 D ScanRecord: parseFromBytes
04-25 16:21:50.034  6527  6647 D ScanRecord: first manudata for manu ID
04-25 16:21:50.034  6527 28095 D BtGatt.ContextMap: sendClientScanResult for app id 5
04-25 16:21:50.034  6257 20844 D ScanRecord: parseFromBytes
04-25 16:21:50.034  6257 20844 D ScanRecord: first manudata for manu ID
04-25 16:21:50.074  6527  6647 D ScanRecord: parseFromBytes
04-25 16:21:50.074  6527  6647 D ScanRecord: first manudata for manu ID
04-25 16:21:50.074  6527 28095 D BtGatt.ContextMap: sendClientScanResult for app id 5
04-25 16:21:50.074  6257  6268 D ScanRecord: parseFromBytes
04-25 16:21:50.074  6257  6268 D ScanRecord: first manudata for manu ID
04-25 16:21:50.094  6527  6647 D ScanRecord: parseFromBytes
04-25 16:21:50.094  6527  6647 D ScanRecord: first manudata for manu ID
04-25 16:21:50.094  6527 28095 D BtGatt.ContextMap: sendClientScanResult for app id 5
04-25 16:21:50.094  6257  6267 D ScanRecord: parseFromBytes
04-25 16:21:50.094  6257  6267 D ScanRecord: first manudata for manu ID
04-25 16:21:50.094  6527  6647 D ScanRecord: parseFromBytes
04-25 16:21:50.094  6527  6647 D ScanRecord: first manudata for manu ID
04-25 16:21:50.094  6527 28095 D BtGatt.ContextMap: sendClientScanResult for app id 5
04-25 16:21:50.094  6257 20844 D ScanRecord: parseFromBytes
04-25 16:21:50.094  6257 20844 D ScanRecord: first manudata for manu ID
04-25 16:21:50.174  6527  6647 D ScanRecord: parseFromBytes
04-25 16:21:50.174  6527  6647 D ScanRecord: first manudata for manu ID
04-25 16:21:50.174  6527 28095 D BtGatt.ContextMap: sendClientScanResult for app id 5
04-25 16:21:50.174  6257  6268 D ScanRecord: parseFromBytes
04-25 16:21:50.174  6257  6268 D ScanRecord: first manudata for manu ID
04-25 16:21:50.894 30883  3775 I SoundDecoder_SetError: Cannot operate on sample because already at EOF
04-25 16:21:53.154  6527  6647 D ScanRecord: parseFromBytes
04-25 16:21:53.154  6527  6647 D ScanRecord: first manudata for manu ID
04-25 16:21:53.154  6527 28095 D BtGatt.ContextMap: sendClientScanResult for app id 5
04-25 16:21:53.154  6257 20844 D ScanRecord: parseFromBytes
04-25 16:21:53.154  6257 20844 D ScanRecord: first manudata for manu ID
04-25 16:21:53.164  6527  6647 D ScanRecord: parseFromBytes
04-25 16:21:53.164  6527  6647 D ScanRecord: first manudata for manu ID
04-25 16:21:53.164  6527 28095 D BtGatt.ContextMap: sendClientScanResult for app id 5
04-25 16:21:53.164  6257  6268 D ScanRecord: parseFromBytes
04-25 16:21:53.164  6257  6268 D ScanRecord: first manudata for manu ID
04-25 16:21:53.174  6527  6647 D ScanRecord: parseFromBytes
04-25 16:21:53.174  6527  6647 D ScanRecord: first manudata for manu ID
04-25 16:21:53.174  6527 28095 D BtGatt.ContextMap: sendClientScanResult for app id 5
04-25 16:21:53.174  6257  6267 D ScanRecord: parseFromBytes
04-25 16:21:53.174  6257  6267 D ScanRecord: first manudata for manu ID
04-25 16:21:53.184  6527  6647 D ScanRecord: parseFromBytes
04-25 16:21:53.184  6527  6647 D ScanRecord: first manudata for manu ID
04-25 16:21:53.184  6527 28095 D BtGatt.ContextMap: sendClientScanResult for app id 5
04-25 16:21:53.184  6257 20844 D ScanRecord: parseFromBytes
04-25 16:21:53.184  6257 20844 D ScanRecord: first manudata for manu ID
04-25 16:21:53.194  6527  6647 D ScanRecord: parseFromBytes
04-25 16:21:53.194  6527  6647 D ScanRecord: first manudata for manu ID
04-25 16:21:53.194  6527 28095 D BtGatt.ContextMap: sendClientScanResult for app id 5
04-25 16:21:53.194  6257  6268 D ScanRecord: parseFromBytes
04-25 16:21:53.194  6257  6268 D ScanRecord: first manudata for manu ID
04-25 16:21:53.214  6527  6647 D ScanRecord: parseFromBytes
04-25 16:21:53.214  6527  6647 D ScanRecord: first manudata for manu ID
04-25 16:21:53.214  6527 28095 D BtGatt.ContextMap: sendClientScanResult for app id 5
04-25 16:21:53.224  6527  6647 D ScanRecord: parseFromBytes
04-25 16:21:53.224  6527  6647 D ScanRecord: first manudata for manu ID
04-25 16:21:53.224  6257  6267 D ScanRecord: parseFromBytes
04-25 16:21:53.224  6257  6267 D ScanRecord: first manudata for manu ID
04-25 16:21:53.224  6527 28095 D BtGatt.ContextMap: sendClientScanResult for app id 5
04-25 16:21:53.224  6257 20844 D ScanRecord: parseFromBytes
04-25 16:21:53.224  6257 20844 D ScanRecord: first manudata for manu ID
04-25 16:21:53.224  6527  6647 D ScanRecord: parseFromBytes
04-25 16:21:53.224  6527  6647 D ScanRecord: first manudata for manu ID
04-25 16:21:53.234  6527 28095 D BtGatt.ContextMap: sendClientScanResult for app id 5
04-25 16:21:53.234  6257  6268 D ScanRecord: parseFromBytes
04-25 16:21:53.234  6257  6268 D ScanRecord: first manudata for manu ID
04-25 16:21:53.254  6527  6647 D ScanRecord: parseFromBytes
04-25 16:21:53.254  6527  6647 D ScanRecord: first manudata for manu ID
04-25 16:21:53.254  6527 28095 D BtGatt.ContextMap: sendClientScanResult for app id 5
04-25 16:21:53.254  6257  6267 D ScanRecord: parseFromBytes
04-25 16:21:53.254  6257  6267 D ScanRecord: first manudata for manu ID
04-25 16:21:53.264  6527  6647 D ScanRecord: parseFromBytes
04-25 16:21:53.264  6527  6647 D ScanRecord: first manudata for manu ID
04-25 16:21:53.264  6527 28095 D BtGatt.ContextMap: sendClientScanResult for app id 5
04-25 16:21:53.264  6257 20844 D ScanRecord: parseFromBytes
04-25 16:21:53.264  6257 20844 D ScanRecord: first manudata for manu ID
04-25 16:21:53.284  6527  6647 D ScanRecord: parseFromBytes
04-25 16:21:53.284  6527  6647 D ScanRecord: first manudata for manu ID
04-25 16:21:53.284  6527 28095 D BtGatt.ContextMap: sendClientScanResult for app id 5
04-25 16:21:53.284  6257  6268 D ScanRecord: parseFromBytes
04-25 16:21:53.284  6257  6268 D ScanRecord: first manudata for manu ID
04-25 16:21:53.294  6527  6647 D ScanRecord: parseFromBytes
04-25 16:21:53.294  6527  6647 D ScanRecord: first manudata for manu ID
04-25 16:21:53.294  6527 28095 D BtGatt.ContextMap: sendClientScanResult for app id 5
04-25 16:21:53.294  6257  6267 D ScanRecord: parseFromBytes
04-25 16:21:53.294  6257  6267 D ScanRecord: first manudata for manu ID
04-25 16:21:53.304  6527  6647 D ScanRecord: parseFromBytes
04-25 16:21:53.304  6527  6647 D ScanRecord: first manudata for manu ID
04-25 16:21:53.304  6527 28095 D BtGatt.ContextMap: sendClientScanResult for app id 5
04-25 16:21:53.304  6257 20844 D ScanRecord: parseFromBytes
04-25 16:21:53.304  6257 20844 D ScanRecord: first manudata for manu ID
04-25 16:21:53.314  6527  6647 D ScanRecord: parseFromBytes
04-25 16:21:53.314  6527  6647 D ScanRecord: first manudata for manu ID
04-25 16:21:53.314  6527 28095 D BtGatt.ContextMap: sendClientScanResult for app id 5
04-25 16:21:53.314  6257  6268 D ScanRecord: parseFromBytes
04-25 16:21:53.314  6257  6268 D ScanRecord: first manudata for manu ID
04-25 16:21:53.324  6527  6647 D ScanRecord: parseFromBytes
04-25 16:21:53.324  6527  6647 D ScanRecord: first manudata for manu ID
04-25 16:21:53.324  6527 28095 D BtGatt.ContextMap: sendClientScanResult for app id 5
04-25 16:21:53.334  6257  6267 D ScanRecord: parseFromBytes
04-25 16:21:53.334  6257  6267 D ScanRecord: first manudata for manu ID
04-25 16:21:53.344  6527  6647 D ScanRecord: parseFromBytes
04-25 16:21:53.344  6527  6647 D ScanRecord: first manudata for manu ID
04-25 16:21:53.344  6527 28095 D BtGatt.ContextMap: sendClientScanResult for app id 5
04-25 16:21:53.354  6257 20844 D ScanRecord: parseFromBytes
04-25 16:21:53.354  6257 20844 D ScanRecord: first manudata for manu ID
04-25 16:21:56.274  6527  6647 D ScanRecord: parseFromBytes
04-25 16:21:56.274  6527  6647 D ScanRecord: first manudata for manu ID
04-25 16:21:56.274  6527 28095 D BtGatt.ContextMap: sendClientScanResult for app id 5
04-25 16:21:56.274  6527  6647 D ScanRecord: parseFromBytes
04-25 16:21:56.274  6527  6647 D ScanRecord: first manudata for manu ID
04-25 16:21:56.274  6527 28095 D BtGatt.ContextMap: sendClientScanResult for app id 5
04-25 16:21:56.284  6257  6268 D ScanRecord: parseFromBytes
04-25 16:21:56.284  6257  6268 D ScanRecord: first manudata for manu ID
04-25 16:21:56.284  6257  6268 D ScanRecord: parseFromBytes
04-25 16:21:56.284  6257  6268 D ScanRecord: first manudata for manu ID
04-25 16:21:56.284  6527  6647 D ScanRecord: parseFromBytes
04-25 16:21:56.284  6527  6647 D ScanRecord: first manudata for manu ID
04-25 16:21:56.284  6527  6647 D ScanRecord: parseFromBytes
04-25 16:21:56.284  6527  6647 D ScanRecord: first manudata for manu ID
04-25 16:21:56.284  6527  6647 D ScanRecord: parseFromBytes
04-25 16:21:56.284  6527  6647 D ScanRecord: first manudata for manu ID
04-25 16:21:56.284  6527 28095 D BtGatt.ContextMap: sendClientScanResult for app id 5
04-25 16:21:56.284  6527 28095 D BtGatt.ContextMap: sendClientScanResult for app id 5
04-25 16:21:56.284  6527 28095 D BtGatt.ContextMap: sendClientScanResult for app id 5
04-25 16:21:56.284  6257 20844 D ScanRecord: parseFromBytes
04-25 16:21:56.294  6257 20844 D ScanRecord: first manudata for manu ID
04-25 16:21:56.294  6257 20844 D ScanRecord: parseFromBytes
