04-25 16:11:47.354  2547  3619 D ActivityManager: post active user change for 0 fullscreen true isFloatingActivity() false isHomeActivity() false
04-25 16:11:47.354  2547  3619 D KnoxTimeoutHandler: postActiveUserChange [MsgParam] userId: 0 fullscreen is true showWhenlocked is false
04-25 16:11:47.354 30432 30519 I Finsky  : [7885] elh.b(9): com.dc.hwsj: Account determined from installer data - [pB8aQgkayCTMvSCyjmVGKTWBiJs]
04-25 16:11:47.354  2547  2547 D KnoxTimeoutHandler: handleActiveUserChange [MsgParam] userId: 0 fullscreen is true showWhenlocked is false
04-25 16:11:47.354 30432 30519 I Finsky  : [7885] elh.b(16): com.dc.hwsj: Account from preferred account - [pB8aQgkayCTMvSCyjmVGKTWBiJs]
04-25 16:11:47.354  2547  2547 I KnoxTimeoutHandler: Shared devices show user statefalse
04-25 16:11:47.364 30432 30442 I Finsky  : [7828] elh.b(9): com.dc.hwsj: Account determined from installer data - [pB8aQgkayCTMvSCyjmVGKTWBiJs]
04-25 16:11:47.364 30432 30442 I Finsky  : [7828] elh.b(16): com.dc.hwsj: Account from preferred account - [pB8aQgkayCTMvSCyjmVGKTWBiJs]
04-25 16:11:47.364  2147  2147 I SurfaceFlinger: id=478 createSurf (720x1280),1 flag=4, TurfaceView
04-25 16:11:47.364 30432 31303 I Finsky  : [7905] elh.b(9): com.dc.hwsj: Account determined from installer data - [pB8aQgkayCTMvSCyjmVGKTWBiJs]
04-25 16:11:47.364 30432 31303 I Finsky  : [7905] elh.b(16): com.dc.hwsj: Account from preferred account - [pB8aQgkayCTMvSCyjmVGKTWBiJs]
04-25 16:11:47.364  2547  2562 V WindowStateAnimator: Finishing drawing window Window{1649385 u0 d0 p30883 SurfaceView}: mDrawState=DRAW_PENDING
04-25 16:11:47.374 30883 30950 D mali_winsys: new_window_surface returns 0x3000,  [720x1280]-format:1
04-25 16:11:47.374  2147  2147 I SurfaceFlinger: id=479 createSurf (720x1280),1 flag=4, MuaActivity
04-25 16:11:47.374  2167 19217 W AudioPolicyIntefaceImpl: Skipped to add effects on session 80
04-25 16:11:47.374  2167 19217 I APM::AudioPolicyManager: startOutput() output 4, stream 3, session 80
04-25 16:11:47.384  2167  2570 D audio_hw_primary: out_set_parameters: enter: kvpairs: routing=2
04-25 16:11:47.384  2167  2570 D AudioFlinger: setCurDevice() 0x2
04-25 16:11:47.384  3017  3017 D PhoneStatusBar: setSystemUiVisibility vis=9006 mask=ffffffff oldVal=8600 newVal=9006 diff=1606
04-25 16:11:47.384 30883 30950 W libc    : pthread_create sched_setscheduler call failed: Operation not permitted
04-25 16:11:47.384 30883  2832 I OpenAL_SLES: playback_function started
04-25 16:11:47.384  2547  3062 D InputDispatcher: Focus entered window: 30883
04-25 16:11:47.384  2547  2798 D PointerIcon: setMouseIconStyle1 pointerType: 1001 iconType:101 flag:0 pid:2547 uid:1000
04-25 16:11:47.384  2547  2798 D PointerIcon: setMouseCustomIcon IconType is same.101
04-25 16:11:47.394  2167  2570 V audio_hw_primary: start_output_stream+, out->device : 00000002 , out->type = 1
04-25 16:11:47.404 30883  2835 I System.out: (HTTPLog)-Static: isSBSettingEnabled false
04-25 16:11:47.404 30883  2835 I System.out: (HTTPLog)-Static: isSBSettingEnabled false
04-25 16:11:47.404 30883 31020 D mali_winsys: new_window_surface returns 0x3000,  [720x1280]-format:1
04-25 16:11:47.414  2547  3623 D InputMethodManagerService: windowGainedFocus mCurrentFocusedUserId - 0 and mSecureKeypadEnabled-false
04-25 16:11:47.414  2167  2570 D audio_hw_primary: start_output_stream (0xf302ce00) out->pcm_device:5 out->config.rate:48000 out->config.format:0 out->period_size:240
04-25 16:11:47.414  2167  2570 D audio_hw_primary: start_output_stream (0xf302ce00) out->config.rate:48000 out->config.format:0 out->period_size:240
04-25 16:11:47.414  2167  2570 V audio_hw_primary: select_devices output_scenario:0 input_scenario:-1 out_snd_device 0x2 in_snd_device:0x0
04-25 16:11:47.414  2167  2570 I audio_route: > audio_route_reset :
04-25 16:11:47.414  2167  2570 I audio_route: > audio_route_apply_path : "media-speaker"
04-25 16:11:47.414  2167  2570 V audio_hw_primary: select_devices() output_route "media-speaker" 
04-25 16:11:47.414  2167  2570 I audio_route: > audio_route_apply_path : "gain-media-speaker"
04-25 16:11:47.414  2167  2570 V audio_hw_primary: select_devices() output_gain "gain-media-speaker" 
04-25 16:11:47.414  2167  2570 I audio_route: > audio_route_update_mixer : +
04-25 16:11:47.414  2167  2570 I audio_route: > audio_route_update_mixer : changed(0) -
04-25 16:11:47.414  2167  2570 I audio_hw_primary: select_devices - 
04-25 16:11:47.414  2167  2570 V audio_hw_primary: start_output_stream-
04-25 16:11:47.434  2547  2939 V WindowStateAnimator: Finishing drawing window Window{fea36f7 u0 d0 p30883 com.dc.hwsj/com.dc.hwsj.LuaActivity}: mDrawState=DRAW_PENDING
04-25 16:11:47.434 30883 30883 I Timeline: Timeline: Activity_idle id: android.os.BinderProxy@c5661e0 time:23963986
04-25 16:11:47.434  2147  2147 D libEGL  : eglInitialize EGLDisplay = 0xffa3ad6c
04-25 16:11:47.444  2547  2798 D KnoxTimeoutHandler: notifyActivityDrawn [MsgParam] userId: 0 fullscreen is true showWhenlocked is false
04-25 16:11:47.444  2547  2547 D KnoxTimeoutHandler: activityDrawn [MsgParam] userId: 0 fullscreen is true showWhenlocked is false
04-25 16:11:47.444  2147  3557 D libEGL  : eglTerminate EGLDisplay = 0xf3a40624
04-25 16:11:47.444  2547  2547 I KnoxTimeoutHandler: SD activityfalse
04-25 16:11:47.444  2147  3557 D libEGL  : eglTerminate EGLDisplay = 0xf3a40624
04-25 16:11:47.444  2547  2547 I KnoxTimeoutHandler: Fullscreen and mCurrent is not KNOX user. Hence hide keyguard
04-25 16:11:47.454  3017  3017 D PanelView: updateQsState
04-25 16:11:47.454  3017  3017 D KeyguardSwipeHelper: reset()
04-25 16:11:47.454  3017  3017 D KeyguardUnlockEventHandler: reset()
04-25 16:11:47.454  3017  3017 D KeyguardSwipeHelper: resetChildViewVI()
04-25 16:11:47.514 30883 31246 I UnityAds: com.unity3d.ads.api.Sdk.logInfo() (line:70) :: Requesting ad plan from https://auction.unityads.unity3d.com/v5/games/2752400/requests?advertisingTrackingId=152923bf-eeef-4954-a8f9-13e6521e1ce2&limitAdTracking=false&deviceModel=SM-J700M&platform=android&sdkVersion=2201&stores=google&deviceMake=samsung&screenSize=268435810&screenDensity=320&apiLevel=23&screenWidth=720&screenHeight=1280&connectionType=wifi&networkType=0
04-25 16:11:47.524 30883 31309 I System.out: (HTTPLog)-Static: isSBSettingEnabled false
04-25 16:11:47.524 30883 31309 I System.out: (HTTPLog)-Static: isSBSettingEnabled false
04-25 16:11:47.584  2167  2570 D SoundAliveResampler: [SoundAliveResampler] Init+++
04-25 16:11:47.604  2547  3334 D InputDispatcher: Inject motion (2794): action=0x0, eventTime=23964151000000
04-25 16:11:47.604  2547  2903 I InputDispatcher: Delivering touch to (30883): action: 0x3, toolType: 0
04-25 16:11:47.604  2547  2903 I InputDispatcher: Delivering touch to (30883): action: 0x0, toolType: 0
04-25 16:11:47.604 30883 30883 D ViewRootImpl: ViewPostImeInputStage processPointer 0
04-25 16:11:47.604  2547  6042 D InputDispatcher: Inject motion (2794): action=0x1, eventTime=23964158000000
04-25 16:11:47.614  2547  2903 I InputDispatcher: Delivering touch to (30883): action: 0x1, toolType: 0
04-25 16:11:47.614 30883 30883 D ViewRootImpl: ViewPostImeInputStage processPointer 1
04-25 16:11:47.664  2547  2557 I art     : Background sticky concurrent mark sweep GC freed 55338(5MB) AllocSpace objects, 46(920KB) LOS objects, 11% free, 45MB/51MB, paused 6.213ms total 81.350ms
04-25 16:11:47.674  2167 31429 I         : SAACD_COMP_Reset() in
04-25 16:11:47.674  2167 31429 I SEC_BASE_COMP: SEC_OMX_ComponentStateSet: Cur(3) -> Dest(2)
04-25 16:11:47.684 30883 31428 I ACodec  : [OMX.SEC.aac.dec] Now Executing->Idle
04-25 16:11:47.694  2167 31429 I SEC_BASE_COMP: SEC_OMX_ComponentStateSet: Cur(2) -> Dest(1)
04-25 16:11:47.694 30883 31428 I ACodec  : [OMX.SEC.aac.dec] Now Idle->Loaded
04-25 16:11:47.694 30883 31428 I ACodec  : [OMX.SEC.aac.dec] Now Loaded
04-25 16:11:47.694 30883 31428 I ACodec  :  [OMX.SEC.aac.dec] Now kWhatShutdownCompleted event : 7069
04-25 16:11:47.704 30883 31428 I MediaCodec: Codec shutdown complete
04-25 16:11:47.704 30883 31428 I ACodec  :  [OMX.SEC.aac.dec] Now uninitialized
04-25 16:11:47.704 30883 31428 I ACodec  :  [] Now kWhatShutdownCompleted event : 7069
04-25 16:11:47.704 30883 31428 I MediaCodec: Codec shutdown complete
04-25 16:11:47.744  2547  2798 I Timeline: Timeline: Activity_windows_visible id: ActivityRecord{c56da12 u0 com.dc.hwsj/.LuaActivity t710} time:23964293
04-25 16:11:47.744  2547  2687 D ActivityTrigger: ActivityTrigger activityStopTrigger 
04-25 16:11:47.754  2547  2798 D KnoxTimeoutHandler: notifyActivityDrawn [MsgParam] userId: 0 fullscreen is true showWhenlocked is false
04-25 16:11:47.754  2547  2547 D KnoxTimeoutHandler: activityDrawn [MsgParam] userId: 0 fullscreen is true showWhenlocked is false
04-25 16:11:47.754 30883  2822 I System.out: (HTTPLog)-Static: isSBSettingEnabled false
04-25 16:11:47.764  2547  2547 I KnoxTimeoutHandler: SD activityfalse
04-25 16:11:47.764  2547  2547 I KnoxTimeoutHandler: Fullscreen and mCurrent is not KNOX user. Hence hide keyguard
04-25 16:11:47.764 30883  2822 I System.out: (HTTPLog)-Static: isSBSettingEnabled false
04-25 16:11:47.764 30883  2822 I qtaguid : Tagging socket 72 with tag 4e864ee00000000{82339054,0} uid -1, pid: 30883, getuid(): 10190
04-25 16:11:47.764  3336  3336 D Launcher.HomeView: onStop
04-25 16:11:47.764  3336  3336 D capture : ----destroy
04-25 16:11:47.774  3336  3336 D Launcher: onTrimMemory. Level: 20
04-25 16:11:47.814  2147  3557 I SurfaceFlinger: id=477 Removed MauncherAct (3/9)
04-25 16:11:47.814  2147  2202 I SurfaceFlinger: id=477 Removed MauncherAct (-2/9)
04-25 16:11:47.824  2147  2147 D libEGL  : eglTerminate EGLDisplay = 0xffa3ade4
04-25 16:11:47.874  6527  6647 D ScanRecord: parseFromBytes
04-25 16:11:47.874  6527  6647 D ScanRecord: first manudata for manu ID
04-25 16:11:47.874  6527 28095 D BtGatt.ContextMap: sendClientScanResult for app id 5
04-25 16:11:47.874  6257 20844 D ScanRecord: parseFromBytes
04-25 16:11:47.874  6257 20844 D ScanRecord: first manudata for manu ID
04-25 16:11:47.884  6527  6647 D ScanRecord: parseFromBytes
04-25 16:11:47.884  6527  6647 D ScanRecord: first manudata for manu ID
04-25 16:11:47.884  6527 28095 D BtGatt.ContextMap: sendClientScanResult for app id 5
04-25 16:11:47.884  6257  6267 D ScanRecord: parseFromBytes
04-25 16:11:47.884  6257  6267 D ScanRecord: first manudata for manu ID
04-25 16:11:47.884  6527  6647 D ScanRecord: parseFromBytes
04-25 16:11:47.884  6527  6647 D ScanRecord: first manudata for manu ID
04-25 16:11:47.884  6527 28095 D BtGatt.ContextMap: sendClientScanResult for app id 5
04-25 16:11:47.884  6257  6268 D ScanRecord: parseFromBytes
04-25 16:11:47.884  6257  6268 D ScanRecord: first manudata for manu ID
04-25 16:11:47.914  2547  2939 D InputDispatcher: Inject motion (2794): action=0x0, eventTime=23964463000000
04-25 16:11:47.914  2547  2903 I InputDispatcher: Delivering touch to (30883): action: 0x0, toolType: 0
04-25 16:11:47.914 30883 30883 D ViewRootImpl: ViewPostImeInputStage processPointer 0
04-25 16:11:47.914  2547  3998 D InputDispatcher: Inject motion (2794): action=0x1, eventTime=23964464000000
04-25 16:11:47.914  2547  2903 I InputDispatcher: Delivering touch to (30883): action: 0x1, toolType: 0
04-25 16:11:47.914 30883 30883 D ViewRootImpl: ViewPostImeInputStage processPointer 1
04-25 16:11:47.924  6527  6647 D ScanRecord: parseFromBytes
04-25 16:11:47.924  6527  6647 D ScanRecord: first manudata for manu ID
04-25 16:11:47.924  6527 28095 D BtGatt.ContextMap: sendClientScanResult for app id 5
04-25 16:11:47.924  6257 20844 D ScanRecord: parseFromBytes
04-25 16:11:47.924  6257 20844 D ScanRecord: first manudata for manu ID
04-25 16:11:47.974  6527  6647 D ScanRecord: parseFromBytes
04-25 16:11:47.974  6527  6647 D ScanRecord: first manudata for manu ID
04-25 16:11:47.974  6527 28095 D BtGatt.ContextMap: sendClientScanResult for app id 5
04-25 16:11:47.974  6257  6267 D ScanRecord: parseFromBytes
04-25 16:11:47.974  6257  6267 D ScanRecord: first manudata for manu ID
04-25 16:11:47.974  6527  6647 D ScanRecord: parseFromBytes
04-25 16:11:47.974  6527  6647 D ScanRecord: first manudata for manu ID
04-25 16:11:47.974  6527 28095 D BtGatt.ContextMap: sendClientScanResult for app id 5
04-25 16:11:47.974  6257  6268 D ScanRecord: parseFromBytes
04-25 16:11:47.974  6257  6268 D ScanRecord: first manudata for manu ID
04-25 16:11:47.984  6527  6647 D ScanRecord: parseFromBytes
04-25 16:11:47.984  6527  6647 D ScanRecord: first manudata for manu ID
04-25 16:11:47.984  6527 28095 D BtGatt.ContextMap: sendClientScanResult for app id 5
04-25 16:11:47.984  6257 20844 D ScanRecord: parseFromBytes
04-25 16:11:47.984  6257 20844 D ScanRecord: first manudata for manu ID
04-25 16:11:47.994  6527  6647 D ScanRecord: parseFromBytes
04-25 16:11:47.994  6527  6647 D ScanRecord: first manudata for manu ID
04-25 16:11:47.994  6527 28095 D BtGatt.ContextMap: sendClientScanResult for app id 5
04-25 16:11:47.994  6257  6267 D ScanRecord: parseFromBytes
04-25 16:11:47.994  6257  6267 D ScanRecord: first manudata for manu ID
04-25 16:11:48.014  6527  6647 D ScanRecord: parseFromBytes
04-25 16:11:48.014  6527  6647 D ScanRecord: first manudata for manu ID
04-25 16:11:48.014  6527 28095 D BtGatt.ContextMap: sendClientScanResult for app id 5
04-25 16:11:48.014  6257  6268 D ScanRecord: parseFromBytes
04-25 16:11:48.014  6257  6268 D ScanRecord: first manudata for manu ID
04-25 16:11:48.214  2547  3516 D InputDispatcher: Inject motion (2794): action=0x0, eventTime=23964769000000
04-25 16:11:48.224  2547  2903 I InputDispatcher: Delivering touch to (30883): action: 0x0, toolType: 0
04-25 16:11:48.224  2547  3403 D InputDispatcher: Inject motion (2794): action=0x1, eventTime=23964771000000
04-25 16:11:48.224  2547  2903 I InputDispatcher: Delivering touch to (30883): action: 0x1, toolType: 0
04-25 16:11:48.224 30883 30883 D ViewRootImpl: ViewPostImeInputStage processPointer 0
04-25 16:11:48.224 30883 30883 D ViewRootImpl: ViewPostImeInputStage processPointer 1
04-25 16:11:48.334  2147  2147 D libEGL  : eglInitialize EGLDisplay = 0xffa3ad6c
04-25 16:11:48.424 30883 30950 D mali_winsys: new_window_surface returns 0x3000,  [720x1280]-format:1
04-25 16:11:48.524  2547  3541 D InputDispatcher: Inject motion (2794): action=0x0, eventTime=23965076000000
04-25 16:11:48.524  2547  2903 I InputDispatcher: Delivering touch to (30883): action: 0x0, toolType: 0
04-25 16:11:48.534  2547  3062 D InputDispatcher: Inject motion (2794): action=0x1, eventTime=23965079000000
04-25 16:11:48.534  2547  2903 I InputDispatcher: Delivering touch to (30883): action: 0x1, toolType: 0
04-25 16:11:48.534 30883 30883 D ViewRootImpl: ViewPostImeInputStage processPointer 0
04-25 16:11:48.534 30883 30883 D ViewRootImpl: ViewPostImeInputStage processPointer 1
04-25 16:11:48.594  2147  2147 D libEGL  : eglInitialize EGLDisplay = 0xffa3ad6c
04-25 16:11:48.594  2147  2147 D libEGL  : eglTerminate EGLDisplay = 0xffa3adcc
04-25 16:11:48.694  2147  2147 D libEGL  : eglInitialize EGLDisplay = 0xffa3ad6c
04-25 16:11:48.824  2147  2147 D libEGL  : eglInitialize EGLDisplay = 0xffa3ad6c
04-25 16:11:48.834  2547  3062 D InputDispatcher: Inject motion (2794): action=0x0, eventTime=23965384000000
04-25 16:11:48.834  2547  2903 I InputDispatcher: Delivering touch to (30883): action: 0x0, toolType: 0
04-25 16:11:48.834 30883 30883 D ViewRootImpl: ViewPostImeInputStage processPointer 0
04-25 16:11:48.834  2547  3516 D InputDispatcher: Inject motion (2794): action=0x1, eventTime=23965386000000
04-25 16:11:48.834  2547  2903 I InputDispatcher: Delivering touch to (30883): action: 0x1, toolType: 0
04-25 16:11:48.834 30883 30883 D ViewRootImpl: ViewPostImeInputStage processPointer 1
04-25 16:11:49.144  2547  2939 D InputDispatcher: Inject motion (2794): action=0x0, eventTime=23965691000000
04-25 16:11:49.144  2547  2903 I InputDispatcher: Delivering touch to (30883): action: 0x0, toolType: 0
04-25 16:11:49.144  2547  3998 D InputDispatcher: Inject motion (2794): action=0x1, eventTime=23965694000000
04-25 16:11:49.144 30883 30883 D ViewRootImpl: ViewPostImeInputStage processPointer 0
04-25 16:11:49.144  2547  2903 I InputDispatcher: Delivering touch to (30883): action: 0x1, toolType: 0
04-25 16:11:49.144 30883 30883 D ViewRootImpl: ViewPostImeInputStage processPointer 1
04-25 16:11:49.444  2547  3997 D InputDispatcher: Inject motion (2794): action=0x0, eventTime=23965998000000
04-25 16:11:49.454  2547  2903 I InputDispatcher: Delivering touch to (30883): action: 0x0, toolType: 0
04-25 16:11:49.454  2547  2562 D InputDispatcher: Inject motion (2794): action=0x1, eventTime=23966002000000
04-25 16:11:49.454  2547  2903 I InputDispatcher: Delivering touch to (30883): action: 0x1, toolType: 0
04-25 16:11:49.454 30883 30883 D ViewRootImpl: ViewPostImeInputStage processPointer 0
04-25 16:11:49.454 30883 30883 D ViewRootImpl: ViewPostImeInputStage processPointer 1
04-25 16:11:49.764  2547  3997 D InputDispatcher: Inject motion (2794): action=0x0, eventTime=23966319000000
04-25 16:11:49.774  2547  2903 I InputDispatcher: Delivering touch to (30883): action: 0x0, toolType: 0
04-25 16:11:49.774 30883 30883 D ViewRootImpl: ViewPostImeInputStage processPointer 0
04-25 16:11:49.774  2547  3998 D InputDispatcher: Inject motion (2794): action=0x1, eventTime=23966322000000
04-25 16:11:49.774  2547  2903 I InputDispatcher: Delivering touch to (30883): action: 0x1, toolType: 0
04-25 16:11:49.774 30883 30883 D ViewRootImpl: ViewPostImeInputStage processPointer 1
04-25 16:11:49.774 30883 30883 D ViewRootImpl: ViewPostImeInputStage processKey 0
04-25 16:11:49.774 30883 30883 D ViewRootImpl: ViewPostImeInputStage processKey 1
04-25 16:11:49.774 30883 30883 D ViewRootImpl: ViewPostImeInputStage processKey 0
04-25 16:11:49.784 30883 30883 D ViewRootImpl: ViewPostImeInputStage processKey 1
04-25 16:11:50.074  2547  2966 D InputDispatcher: Inject motion (2794): action=0x0, eventTime=23966626000000
04-25 16:11:50.074  2547  2903 I InputDispatcher: Delivering touch to (30883): action: 0x0, toolType: 0
04-25 16:11:50.084 30883 30883 D ViewRootImpl: ViewPostImeInputStage processPointer 0
04-25 16:11:50.084  2547  5789 D InputDispatcher: Inject motion (2794): action=0x1, eventTime=23966629000000
04-25 16:11:50.084  2547  2903 I InputDispatcher: Delivering touch to (30883): action: 0x1, toolType: 0
04-25 16:11:50.084 30883 30883 D ViewRootImpl: ViewPostImeInputStage processPointer 1
04-25 16:11:50.384  2547  3516 D InputDispatcher: Inject motion (2794): action=0x0, eventTime=23966934000000
04-25 16:11:50.384  2547  2903 I InputDispatcher: Delivering touch to (30883): action: 0x0, toolType: 0
04-25 16:11:50.384  2547  3334 D InputDispatcher: Inject motion (2794): action=0x1, eventTime=23966937000000
04-25 16:11:50.384  2547  2903 I InputDispatcher: Delivering touch to (30883): action: 0x1, toolType: 0
04-25 16:11:50.394 30883 30883 D ViewRootImpl: ViewPostImeInputStage processPointer 0
04-25 16:11:50.394 30883 30883 D ViewRootImpl: ViewPostImeInputStage processPointer 1
04-25 16:11:50.694  2547  3997 D InputDispatcher: Inject motion (2794): action=0x0, eventTime=23967241000000
04-25 16:11:50.694  2547  2903 I InputDispatcher: Delivering touch to (30883): action: 0x0, toolType: 0
04-25 16:11:50.694  2547  2562 D InputDispatcher: Inject motion (2794): action=0x1, eventTime=23967245000000
04-25 16:11:50.694  2547  2903 I InputDispatcher: Delivering touch to (30883): action: 0x1, toolType: 0
04-25 16:11:50.694 30883 30883 D ViewRootImpl: ViewPostImeInputStage processPointer 0
04-25 16:11:50.694 30883 30883 D ViewRootImpl: ViewPostImeInputStage processPointer 1
04-25 16:11:50.994  6527  6647 D ScanRecord: parseFromBytes
04-25 16:11:50.994  6527  6647 D ScanRecord: first manudata for manu ID
04-25 16:11:50.994  6527 28095 D BtGatt.ContextMap: sendClientScanResult for app id 5
04-25 16:11:50.994  6257  6267 D ScanRecord: parseFromBytes
04-25 16:11:50.994  6257  6267 D ScanRecord: first manudata for manu ID
04-25 16:11:51.004  2547  3334 D InputDispatcher: Inject motion (2794): action=0x0, eventTime=23967551000000
04-25 16:11:51.004  2547  2903 I InputDispatcher: Delivering touch to (30883): action: 0x0, toolType: 0
04-25 16:11:51.004  2547  6042 D InputDispatcher: Inject motion (2794): action=0x1, eventTime=23967553000000
04-25 16:11:51.004  2547  2903 I InputDispatcher: Delivering touch to (30883): action: 0x1, toolType: 0
04-25 16:11:51.004 30883 30883 D ViewRootImpl: ViewPostImeInputStage processPointer 0
04-25 16:11:51.004  6527  6647 D ScanRecord: parseFromBytes
04-25 16:11:51.004  6527  6647 D ScanRecord: first manudata for manu ID
04-25 16:11:51.014 30883 30883 D ViewRootImpl: ViewPostImeInputStage processPointer 1
04-25 16:11:51.014  6527 28095 D BtGatt.ContextMap: sendClientScanResult for app id 5
04-25 16:11:51.014  6257  6268 D ScanRecord: parseFromBytes
04-25 16:11:51.014  6257  6268 D ScanRecord: first manudata for manu ID
04-25 16:11:51.014  6527  6647 D ScanRecord: parseFromBytes
04-25 16:11:51.014  6527  6647 D ScanRecord: first manudata for manu ID
04-25 16:11:51.014  6527 28095 D BtGatt.ContextMap: sendClientScanResult for app id 5
04-25 16:11:51.014  6257 20844 D ScanRecord: parseFromBytes
04-25 16:11:51.014  6257 20844 D ScanRecord: first manudata for manu ID
04-25 16:11:51.014  6527  6647 D ScanRecord: parseFromBytes
04-25 16:11:51.014  6527  6647 D ScanRecord: first manudata for manu ID
04-25 16:11:51.024  6527 28095 D BtGatt.ContextMap: sendClientScanResult for app id 5
04-25 16:11:51.024  6257  6267 D ScanRecord: parseFromBytes
04-25 16:11:51.024  6257  6267 D ScanRecord: first manudata for manu ID
04-25 16:11:51.034  6527  6647 D ScanRecord: parseFromBytes
04-25 16:11:51.034  6527  6647 D ScanRecord: first manudata for manu ID
04-25 16:11:51.034  6527 28095 D BtGatt.ContextMap: sendClientScanResult for app id 5
04-25 16:11:51.034  6257  6268 D ScanRecord: parseFromBytes
04-25 16:11:51.034  6257  6268 D ScanRecord: first manudata for manu ID
04-25 16:11:51.084  6527  6647 D ScanRecord: parseFromBytes
04-25 16:11:51.094  6527  6647 D ScanRecord: first manudata for manu ID
04-25 16:11:51.094  6527 28095 D BtGatt.ContextMap: sendClientScanResult for app id 5
04-25 16:11:51.094  6257 20844 D ScanRecord: parseFromBytes
04-25 16:11:51.094  6257 20844 D ScanRecord: first manudata for manu ID
04-25 16:11:51.104  6527  6647 D ScanRecord: parseFromBytes
04-25 16:11:51.104  6527  6647 D ScanRecord: first manudata for manu ID
04-25 16:11:51.104  6527 28095 D BtGatt.ContextMap: sendClientScanResult for app id 5
04-25 16:11:51.104  6257  6267 D ScanRecord: parseFromBytes
04-25 16:11:51.104  6257  6267 D ScanRecord: first manudata for manu ID
04-25 16:11:51.104  6527  6647 D ScanRecord: parseFromBytes
04-25 16:11:51.114  6527  6647 D ScanRecord: first manudata for manu ID
04-25 16:11:51.114  6527 28095 D BtGatt.ContextMap: sendClientScanResult for app id 5
04-25 16:11:51.114  6257  6268 D ScanRecord: parseFromBytes
04-25 16:11:51.114  6257  6268 D ScanRecord: first manudata for manu ID
04-25 16:11:51.114  6527  6647 D ScanRecord: parseFromBytes
04-25 16:11:51.114  6527  6647 D ScanRecord: first manudata for manu ID
04-25 16:11:51.114  6527 28095 D BtGatt.ContextMap: sendClientScanResult for app id 5
04-25 16:11:51.114  6257 20844 D ScanRecord: parseFromBytes
04-25 16:11:51.114  6257 20844 D ScanRecord: first manudata for manu ID
04-25 16:11:51.114  6527  6647 D ScanRecord: parseFromBytes
04-25 16:11:51.114  6527  6647 D ScanRecord: first manudata for manu ID
04-25 16:11:51.114  6527 28095 D BtGatt.ContextMap: sendClientScanResult for app id 5
04-25 16:11:51.114  6257  6267 D ScanRecord: parseFromBytes
04-25 16:11:51.114  6257  6267 D ScanRecord: first manudata for manu ID
04-25 16:11:51.304  2547  3516 D InputDispatcher: Inject motion (2794): action=0x0, eventTime=23967857000000
04-25 16:11:51.304  2547  2903 I InputDispatcher: Delivering touch to (30883): action: 0x0, toolType: 0
04-25 16:11:51.314  2547  3623 D InputDispatcher: Inject motion (2794): action=0x1, eventTime=23967859000000
04-25 16:11:51.314 30883 30883 D ViewRootImpl: ViewPostImeInputStage processPointer 0
04-25 16:11:51.314  2547  2903 I InputDispatcher: Delivering touch to (30883): action: 0x1, toolType: 0
04-25 16:11:51.314 30883 30883 D ViewRootImpl: ViewPostImeInputStage processPointer 1
04-25 16:11:51.614  2547  3623 D InputDispatcher: Inject key (2794): action=0, eventTime=23968163000000
04-25 16:11:51.614  2547  3623 D InputManager-JNI: !@interceptKeyBeforeQueueing(0), action=0, interactive=true
04-25 16:11:51.614  2547  3623 D InputManager-JNI: !@handleInterceptActions(0), action=0, wmActions=1
04-25 16:11:51.614  2547  3619 D InputDispatcher: Inject key (2794): action=1, eventTime=23968168000000
04-25 16:11:51.614  2547  3619 D InputManager-JNI: !@interceptKeyBeforeQueueing(0), action=1, interactive=true
04-25 16:11:51.614  2547  3619 D InputManager-JNI: !@handleInterceptActions(0), action=1, wmActions=1
04-25 16:11:51.804  3017  3127 D vol.VolumeDialogControl: onReceive ACTION_CLOSE_SYSTEM_DIALOGS
04-25 16:11:51.804  3017  3017 D ToggleSlider: onReceive : android.intent.action.CLOSE_SYSTEM_DIALOGS
04-25 16:11:51.804  3017  3017 D vol.SecVolumeDialog: dismissH reason: 2
04-25 16:11:51.804  3017  3017 D vol.SecVolumeDialog: dismissH : false
04-25 16:11:51.804  3017  3017 D ToggleSlider: onReceive : android.intent.action.CLOSE_SYSTEM_DIALOGS
04-25 16:11:51.804  3017  3017 D ToggleSlider: onReceive : android.intent.action.CLOSE_SYSTEM_DIALOGS
04-25 16:11:51.804  3017  3017 D LocationTile: onReceive : android.intent.action.CLOSE_SYSTEM_DIALOGS
04-25 16:11:51.804  3017  3017 D MobileDataTile: action:android.intent.action.CLOSE_SYSTEM_DIALOGS
04-25 16:11:51.804  3017  3017 D AirplaneModeTile: onReceive : android.intent.action.CLOSE_SYSTEM_DIALOGS
04-25 16:11:51.814  3017  3017 D HotspotTile: onReceive : android.intent.action.CLOSE_SYSTEM_DIALOGS
04-25 16:11:51.814  3017  3017 D PhoneStatusBar: animateCollapsePanels, state: 0, QSexpanded: false, QSdetailsShowing: false
04-25 16:11:51.814  3017  3017 D PhoneStatusBar: animateCollapse(): mExpandedVisible=false flags=0
04-25 16:11:51.814  3017  3017 D StatusBar-Window: fnf=true sanc=false, kni=false, sbf=false
04-25 16:11:51.814  3017  3017 D CoverUI : applyFocusableFlag() : Remove SAMSUNG_FLAG_SVIEW_COVER
04-25 16:11:51.814  3017  3017 D StatusBarWindowManager: forceCollapsed : false isKeyguardShowingAndNotOccluded() : false panelVisible : false keyguardFadingAway : false bouncerShowing : false headsUpShowing : false
04-25 16:11:51.814  3017  3017 D CoverUI : applyHeight h = 48, oc = false, fa = false, ac = false, sc = false
04-25 16:11:51.814  3017  3017 D PanelView: updateQsState
04-25 16:11:51.814  3017  3017 D KeyguardSwipeHelper: reset()
04-25 16:11:51.814  3017  3017 D KeyguardUnlockEventHandler: reset()
04-25 16:11:51.814  3017  3017 D KeyguardSwipeHelper: resetChildViewVI()
04-25 16:11:51.934  2547  3997 D InputDispatcher: Inject key (2794): action=0, eventTime=23968480000000
04-25 16:11:51.934  2547  2903 I InputDispatcher: Delivering key to (30883): action: 0x0 (0)
04-25 16:11:51.934 30883 30883 D ViewRootImpl: ViewPostImeInputStage processKey 0
04-25 16:11:51.934  2547  6042 D InputDispatcher: Inject key (2794): action=1, eventTime=23968484000000
04-25 16:11:51.934  2547  2903 I InputDispatcher: Delivering key to (30883): action: 0x1 (0)
04-25 16:11:51.934 30883 30883 D ViewRootImpl: ViewPostImeInputStage processKey 1
04-25 16:11:51.964  2147  2147 D libEGL  : eglInitialize EGLDisplay = 0xffa3ad6c
04-25 16:11:52.234  2547  2966 D InputDispatcher: Inject motion (2794): action=0x0, eventTime=23968788000000
04-25 16:11:52.244  2547  2903 I InputDispatcher: Delivering touch to (30883): action: 0x0, toolType: 0
04-25 16:11:52.244 30883 30883 D ViewRootImpl: ViewPostImeInputStage processPointer 0
04-25 16:11:52.244  2547  2563 D InputDispatcher: Inject motion (2794): action=0x1, eventTime=23968791000000
04-25 16:11:52.244  2547  2903 I InputDispatcher: Delivering touch to (30883): action: 0x1, toolType: 0
04-25 16:11:52.244 30883 30883 D ViewRootImpl: ViewPostImeInputStage processPointer 1
04-25 16:11:52.544  2547  3620 D InputDispatcher: Inject motion (2794): action=0x0, eventTime=23969094000000
04-25 16:11:52.544  2547  2903 I InputDispatcher: Delivering touch to (30883): action: 0x0, toolType: 0
04-25 16:11:52.544  2547  3062 D InputDispatcher: Inject motion (2794): action=0x1, eventTime=23969097000000
04-25 16:11:52.544 30883 30883 D ViewRootImpl: ViewPostImeInputStage processPointer 0
04-25 16:11:52.544  2547  2903 I InputDispatcher: Delivering touch to (30883): action: 0x1, toolType: 0
04-25 16:11:52.544 30883 30883 D ViewRootImpl: ViewPostImeInputStage processPointer 1
04-25 16:11:52.854  2547  3620 D InputDispatcher: Inject motion (2794): action=0x0, eventTime=23969401000000
04-25 16:11:52.854  2547  2903 I InputDispatcher: Delivering touch to (30883): action: 0x0, toolType: 0
04-25 16:11:52.854 30883 30883 D ViewRootImpl: ViewPostImeInputStage processPointer 0
04-25 16:11:52.854  2547  3334 D InputDispatcher: Inject motion (2794): action=0x1, eventTime=23969403000000
04-25 16:11:52.854  2547  2903 I InputDispatcher: Delivering touch to (30883): action: 0x1, toolType: 0
04-25 16:11:52.854 30883 30883 D ViewRootImpl: ViewPostImeInputStage processPointer 1
04-25 16:11:52.984 30883  2901 I System.out: (HTTPLog)-Static: isSBSettingEnabled false
04-25 16:11:52.984 30883  2901 I System.out: (HTTPLog)-Static: isSBSettingEnabled false
04-25 16:11:52.984  2156  2872 D EnterpriseController: netId is 0
04-25 16:11:52.984  2156  2872 D Netd    : getNetworkForDns: using netid 502 for uid 10190
04-25 16:11:53.154  2547  6042 D InputDispatcher: Inject motion (2794): action=0x0, eventTime=23969707000000
04-25 16:11:53.154  2547  2903 I InputDispatcher: Delivering touch to (30883): action: 0x0, toolType: 0
04-25 16:11:53.154 30883 30883 D ViewRootImpl: ViewPostImeInputStage processPointer 0
04-25 16:11:53.154  2547  3541 D InputDispatcher: Inject motion (2794): action=0x1, eventTime=23969709000000
04-25 16:11:53.164  2547  2903 I InputDispatcher: Delivering touch to (30883): action: 0x1, toolType: 0
04-25 16:11:53.164 30883 30883 D ViewRootImpl: ViewPostImeInputStage processPointer 1
04-25 16:11:53.164 30883 30895 I art     : Starting a blocking GC Explicit
04-25 16:11:53.234 30883 30895 I art     : Explicit concurrent mark sweep GC freed 41984(2MB) AllocSpace objects, 45(26MB) LOS objects, 49% free, 16MB/32MB, paused 2.231ms total 71.315ms
04-25 16:11:53.264 30883 30895 I art     : Starting a blocking GC Explicit
04-25 16:11:53.304 30883 30895 I art     : Explicit concurrent mark sweep GC freed 2049(703KB) AllocSpace objects, 0(0B) LOS objects, 50% free, 15MB/31MB, paused 1.739ms total 38.232ms
04-25 16:11:53.324 30883 30895 I art     : Starting a blocking GC Explicit
04-25 16:11:53.364 30883 30895 I art     : Explicit concurrent mark sweep GC freed 63(3KB) AllocSpace objects, 1(20KB) LOS objects, 50% free, 15MB/31MB, paused 1.861ms total 37.583ms
04-25 16:11:53.384 30883 30895 I art     : Starting a blocking GC Explicit
04-25 16:11:53.424 30883 30895 I art     : Explicit concurrent mark sweep GC freed 19(880B) AllocSpace objects, 0(0B) LOS objects, 50% free, 15MB/31MB, paused 1.834ms total 37.647ms
04-25 16:11:53.424 30883  2822 I qtaguid : Tagging socket 175 with tag 4e864ee00000000{82339054,0} uid -1, pid: 30883, getuid(): 10190
04-25 16:11:53.444 30883 30895 I art     : Starting a blocking GC Explicit
04-25 16:11:53.464  2547  6042 D InputDispatcher: Inject motion (2794): action=0x0, eventTime=23970012000000
04-25 16:11:53.464  2547  2903 I InputDispatcher: Delivering touch to (30883): action: 0x0, toolType: 0
04-25 16:11:53.464 30883 30883 D ViewRootImpl: ViewPostImeInputStage processPointer 0
04-25 16:11:53.464  2547  3541 D InputDispatcher: Inject motion (2794): action=0x1, eventTime=23970013000000
04-25 16:11:53.464  2547  2903 I InputDispatcher: Delivering touch to (30883): action: 0x1, toolType: 0
04-25 16:11:53.464 30883 30883 D ViewRootImpl: ViewPostImeInputStage processPointer 1
04-25 16:11:53.484 30883 30895 I art     : Explicit concurrent mark sweep GC freed 114(20KB) AllocSpace objects, 0(0B) LOS objects, 50% free, 15MB/31MB, paused 1.634ms total 39.951ms
04-25 16:11:53.764  2547  2966 D InputDispatcher: Inject motion (2794): action=0x0, eventTime=23970317000000
04-25 16:11:53.764  2547  2903 I InputDispatcher: Delivering touch to (30883): action: 0x0, toolType: 0
04-25 16:11:53.774 30883 30883 D ViewRootImpl: ViewPostImeInputStage processPointer 0
04-25 16:11:53.774  2547  2939 D InputDispatcher: Inject motion (2794): action=0x1, eventTime=23970325000000
04-25 16:11:53.774  2547  2903 I InputDispatcher: Delivering touch to (30883): action: 0x1, toolType: 0
04-25 16:11:53.774 30883 30883 D ViewRootImpl: ViewPostImeInputStage processPointer 1
04-25 16:11:54.084  2547  3998 D InputDispatcher: Inject motion (2794): action=0x0, eventTime=23970629000000
04-25 16:11:54.084  2547  2903 I InputDispatcher: Delivering touch to (30883): action: 0x0, toolType: 0
04-25 16:11:54.084  2547  3541 D InputDispatcher: Inject motion (2794): action=0x1, eventTime=23970631000000
04-25 16:11:54.084  2547  2903 I InputDispatcher: Delivering touch to (30883): action: 0x1, toolType: 0
04-25 16:11:54.084 30883 30883 D ViewRootImpl: ViewPostImeInputStage processPointer 0
04-25 16:11:54.084 30883 30883 D ViewRootImpl: ViewPostImeInputStage processPointer 1
04-25 16:11:54.184  6527  6647 D ScanRecord: parseFromBytes
04-25 16:11:54.184  6527  6647 D ScanRecord: first manudata for manu ID
04-25 16:11:54.184  6527 28095 D BtGatt.ContextMap: sendClientScanResult for app id 5
04-25 16:11:54.184  6257 20844 D ScanRecord: parseFromBytes
04-25 16:11:54.184  6257 20844 D ScanRecord: first manudata for manu ID
04-25 16:11:54.204  6527  6647 D ScanRecord: parseFromBytes
04-25 16:11:54.204  6527  6647 D ScanRecord: first manudata for manu ID
04-25 16:11:54.204  6527 28095 D BtGatt.ContextMap: sendClientScanResult for app id 5
04-25 16:11:54.204  6257  6267 D ScanRecord: parseFromBytes
04-25 16:11:54.204  6257  6267 D ScanRecord: first manudata for manu ID
04-25 16:11:54.224  6527  6647 D ScanRecord: parseFromBytes
04-25 16:11:54.224  6527  6647 D ScanRecord: first manudata for manu ID
04-25 16:11:54.224  6527 28095 D BtGatt.ContextMap: sendClientScanResult for app id 5
04-25 16:11:54.224  6257  6268 D ScanRecord: parseFromBytes
04-25 16:11:54.224  6257  6268 D ScanRecord: first manudata for manu ID
04-25 16:11:54.234  6527  6647 D ScanRecord: parseFromBytes
04-25 16:11:54.234  6527  6647 D ScanRecord: first manudata for manu ID
04-25 16:11:54.234  6527 28095 D BtGatt.ContextMap: sendClientScanResult for app id 5
04-25 16:11:54.234  6257 20844 D ScanRecord: parseFromBytes
04-25 16:11:54.234  6257 20844 D ScanRecord: first manudata for manu ID
04-25 16:11:54.254 30883  2822 I qtaguid : Untagging socket 72
04-25 16:11:54.254  6527  6647 D ScanRecord: parseFromBytes
04-25 16:11:54.254  6527  6647 D ScanRecord: first manudata for manu ID
04-25 16:11:54.254  6527 28095 D BtGatt.ContextMap: sendClientScanResult for app id 5
04-25 16:11:54.254  6257  6267 D ScanRecord: parseFromBytes
04-25 16:11:54.254  6257  6267 D ScanRecord: first manudata for manu ID
04-25 16:11:54.254  6527  6647 D ScanRecord: parseFromBytes
04-25 16:11:54.254  6527  6647 D ScanRecord: first manudata for manu ID
04-25 16:11:54.254  6527 28095 D BtGatt.ContextMap: sendClientScanResult for app id 5
04-25 16:11:54.254  6257  6268 D ScanRecord: parseFromBytes
04-25 16:11:54.254  6257  6268 D ScanRecord: first manudata for manu ID
04-25 16:11:54.274  6527  6647 D ScanRecord: parseFromBytes
04-25 16:11:54.274  6527  6647 D ScanRecord: first manudata for manu ID
04-25 16:11:54.274  6527 28095 D BtGatt.ContextMap: sendClientScanResult for app id 5
04-25 16:11:54.274  6257 20844 D ScanRecord: parseFromBytes
04-25 16:11:54.274  6257 20844 D ScanRecord: first manudata for manu ID
04-25 16:11:54.384  2547  2939 D InputDispatcher: Inject motion (2794): action=0x0, eventTime=23970935000000
04-25 16:11:54.384  2547  2903 I InputDispatcher: Delivering touch to (30883): action: 0x0, toolType: 0
04-25 16:11:54.384  2547  3620 D InputDispatcher: Inject motion (2794): action=0x1, eventTime=23970936000000
04-25 16:11:54.384  2547  2903 I InputDispatcher: Delivering touch to (30883): action: 0x1, toolType: 0
04-25 16:11:54.384 30883 30883 D ViewRootImpl: ViewPostImeInputStage processPointer 0
04-25 16:11:54.384 30883 30883 D ViewRootImpl: ViewPostImeInputStage processPointer 1
04-25 16:11:54.684  2547  2563 D InputDispatcher: Inject motion (2794): action=0x0, eventTime=23971239000000
04-25 16:11:54.694  2547  2903 I InputDispatcher: Delivering touch to (30883): action: 0x0, toolType: 0
04-25 16:11:54.694  2547  2966 D InputDispatcher: Inject motion (2794): action=0x1, eventTime=23971241000000
04-25 16:11:54.694  2547  2903 I InputDispatcher: Delivering touch to (30883): action: 0x1, toolType: 0
04-25 16:11:54.694 30883 30883 D ViewRootImpl: ViewPostImeInputStage processPointer 0
04-25 16:11:54.694 30883 30883 D ViewRootImpl: ViewPostImeInputStage processPointer 1
04-25 16:11:54.994  2547  3623 D InputDispatcher: Inject motion (2794): action=0x0, eventTime=23971544000000
04-25 16:11:54.994  2547  2903 I InputDispatcher: Delivering touch to (30883): action: 0x0, toolType: 0
04-25 16:11:54.994  2547  3620 D InputDispatcher: Inject motion (2794): action=0x1, eventTime=23971546000000
04-25 16:11:54.994  2547  2903 I InputDispatcher: Delivering touch to (30883): action: 0x1, toolType: 0
04-25 16:11:54.994 30883 30883 D ViewRootImpl: ViewPostImeInputStage processPointer 0
04-25 16:11:55.004 30883 30883 D ViewRootImpl: ViewPostImeInputStage processPointer 1
04-25 16:11:55.294  2547  2966 D InputDispatcher: Inject key (2794): action=0, eventTime=23971849000000
04-25 16:11:55.314  2547  2903 I InputDispatcher: Delivering key to (30883): action: 0x0 (0)
04-25 16:11:55.314  2547  6042 D InputDispatcher: Inject key (2794): action=1, eventTime=23971862000000
04-25 16:11:55.314 30883 30883 D ViewRootImpl: ViewPostImeInputStage processKey 0
04-25 16:11:55.324  2547  2903 I InputDispatcher: Delivering key to (30883): action: 0x1 (0)
04-25 16:11:55.324 30883 30883 D ViewRootImpl: ViewPostImeInputStage processKey 1
04-25 16:11:55.344  3017 12635 D vol.VolumeDialogControl.VC: isSafeVolumeDialogShowing : false
04-25 16:11:55.344  3017  3034 D vol.VolumeDialogControl.VC: isSafeVolumeDialogShowing : false
04-25 16:11:55.344  2547  2968 I AudioService: isMediaSilentMode false
04-25 16:11:55.344  3017  5782 D vol.VolumeDialogControl.VC: volumeChanged STREAM_MUSIC SHOW_UI,VIBRATE
04-25 16:11:55.344  3017  3127 I vol.Events: writeEvent active_stream_changed STREAM_MUSIC
04-25 16:11:55.344  3017  3127 D vol.VolumeDialogControl: updateActiveStreamW 3
04-25 16:11:55.344  3017  3127 D vol.VolumeDialogControl: forceVolumeControlStream 3
04-25 16:11:55.354  2547  2547 I FMRadioService: *** mReceiver: SAMSUNG_VOLUME_CHANGED_ACTION
04-25 16:11:55.354  2547  2547 I FMRadioService:    stream: 3
04-25 16:11:55.354  2547  2547 I FMRadioService:    volume: 8
04-25 16:11:55.354  2547  2547 I FMRadioService:    current_stream_volume: 8
04-25 16:11:55.364  2547  2939 D AudioService: getFineVolume, index:88
04-25 16:11:55.364  3017  3127 I vol.Events: writeEvent level_changed STREAM_MUSIC 880
04-25 16:11:55.364  3017  3127 D vol.VolumeDialogControl: onVolumeChangedW stream = 3, flags = 17, lastAudibleStreamVolume = 880
04-25 16:11:55.364  3017  3017 D vol.SecVolumeDialog: updateWindowWidth lp.width=700, mCurrentWindowWidth = 700
04-25 16:11:55.364  3017  3017 D vol.SecVolumeDialog: onStateChangedH animating=false
04-25 16:11:55.364  3017  3017 D vol.SecVolumeDialog: updateRowsH
04-25 16:11:55.364  3017  3017 D vol.SecVolumeDialog: trimObsoleteH
04-25 16:11:55.374  3017  3127 D vol.VolumeDialogControl: onReceive VOLUME_CHANGED_ACTION stream=3 level=8 oldLevel=7
04-25 16:11:55.374  3017  3017 D vol.SecVolumeDialog: phoneIsOffhook : phoneOffhook = false
04-25 16:11:55.374  3017  3017 D vol.SecVolumeDialog: updateVolumeRowH s=2, ss.level : 0, row.lastAudibleLevel : 1, row.ss.muted : true
04-25 16:11:55.384  3017  3017 D vol.SecVolumeDialog: updateVolumeRowH s=3, ss.level : 880, row.lastAudibleLevel : 780, row.ss.muted : false
04-25 16:11:55.384  3017  3017 D vol.SecVolumeDialog: STREAM_MUSIC onProgressChanged 880 fromUser=false
04-25 16:11:55.384  3017  3017 D vol.SecVolumeDialog: updateVolumeRowH s=5, ss.level : 11, row.lastAudibleLevel : 11, row.ss.muted : true
04-25 16:11:55.384  3017  3017 D vol.SecVolumeDialog: updateVolumeRowH s=1, ss.level : 6, row.lastAudibleLevel : 6, row.ss.muted : true
04-25 16:11:55.384  3017  3017 D vol.SecVolumeDialog: updateVolumeRowH s=4, ss.level : 11, row.lastAudibleLevel : 11, row.ss.muted : false
04-25 16:11:55.384  3017  3017 D vol.SecVolumeDialog: updateVolumeRowH s=0, ss.level : 4, row.lastAudibleLevel : 4, row.ss.muted : false
04-25 16:11:55.384  3017  3017 D vol.SecVolumeDialog: phoneIsOffhook : phoneOffhook = false
04-25 16:11:55.384  3017  3017 D vol.SecVolumeDialog: updateVolumeRowH s=6, ss.level : 7, row.lastAudibleLevel : 7, row.ss.muted : false
04-25 16:11:55.384  3017  3017 D vol.SecVolumeDialog: showH r=volume_changed, mShowing : false
04-25 16:11:55.384  3017  3017 D vol.VolumeDialogMotion: startShow : false, : false
04-25 16:11:55.384  3017  3017 D vol.VolumeDialogMotion: mShowing = true
04-25 16:11:55.384  3017  3017 D vol.VolumeDialogMotion: mAnimating = true
04-25 16:11:55.394  3017  3017 D vol.VolumeDialogMotion: mDialog.show()
04-25 16:11:55.394  3017  3017 D ViewRootImpl: #1 mView = com.android.internal.policy.PhoneWindow$DecorView{36787f V.E...... R.....ID 0,0-720,201}
04-25 16:11:55.394  3017  3017 I vol.Events: writeEvent show_dialog volume_changed keyguard=false
04-25 16:11:55.404  3017  3017 D vol.SecVolumeDialog: onViewAttachedToWindow
04-25 16:11:55.404  2147  2147 I SurfaceFlinger: id=480 createSurf (97x97),1 flag=4, TecVolumeDi
04-25 16:11:55.424  3017  3332 D mali_winsys: new_window_surface returns 0x3000,  [816x297]-format:1
04-25 16:11:55.424  3017  3017 D vol.VolumeDialogMotion: mDialog.onShow
04-25 16:11:55.424  3017  3017 D vol.VolumeDialogMotion: startShowAnimation
04-25 16:11:55.424  3017  3017 D ViewRootImpl: MSG_RESIZED_REPORT: ci=Rect(0, 0 - 0, 0) vi=Rect(0, 0 - 0, 0) or=1
04-25 16:11:55.434  2547  2939 V WindowStateAnimator: Finishing drawing window Window{bfb9049 u0 d0 p3017 SecVolumeDialog}: mDrawState=DRAW_PENDING
04-25 16:11:55.444  2147  2147 D libEGL  : eglInitialize EGLDisplay = 0xffa3ad6c
04-25 16:11:55.464  2147  2147 D libEGL  : eglInitialize EGLDisplay = 0xffa3ad6c
04-25 16:11:55.514  2147  2147 D libEGL  : eglInitialize EGLDisplay = 0xffa3ad6c
04-25 16:11:55.624  2547  3062 D InputDispatcher: Inject motion (2794): action=0x0, eventTime=23972175000000
04-25 16:11:55.624  2547  2903 I InputDispatcher: Delivering touch to (3017): action: 0x4, toolType: 0
04-25 16:11:55.624  2547  2903 I InputDispatcher: Delivering touch to (30883): action: 0x0, toolType: 0
04-25 16:11:55.624 30883 30883 D ViewRootImpl: ViewPostImeInputStage processPointer 0
04-25 16:11:55.624  2547  3334 D InputDispatcher: Inject motion (2794): action=0x1, eventTime=23972177000000
04-25 16:11:55.624  2547  2903 I InputDispatcher: Delivering touch to (30883): action: 0x1, toolType: 0
04-25 16:11:55.624 30883 30883 D ViewRootImpl