04-25 16:20:44.704  2547  2903 I InputDispatcher: Delivering touch to (30883): action: 0x0, toolType: 0
04-25 16:20:44.704 30883 30883 D ViewRootImpl: ViewPostImeInputStage processPointer 0
04-25 16:20:44.704  2547  2562 D InputDispatcher: Inject motion (3530): action=0x1, eventTime=24501251000000
04-25 16:20:44.704  2547  2903 I InputDispatcher: Delivering touch to (30883): action: 0x1, toolType: 0
04-25 16:20:44.704 30883 30883 D ViewRootImpl: ViewPostImeInputStage processPointer 1
04-25 16:20:45.004  2547  5789 D InputDispatcher: Inject motion (3530): action=0x0, eventTime=24501554000000
04-25 16:20:45.004  2547  2903 I InputDispatcher: Delivering touch to (30883): action: 0x0, toolType: 0
04-25 16:20:45.004 30883 30883 D ViewRootImpl: ViewPostImeInputStage processPointer 0
04-25 16:20:45.004  2547  3620 D InputDispatcher: Inject motion (3530): action=0x1, eventTime=24501555000000
04-25 16:20:45.004  2547  2903 I InputDispatcher: Delivering touch to (30883): action: 0x1, toolType: 0
04-25 16:20:45.004 30883 30883 D ViewRootImpl: ViewPostImeInputStage processPointer 1
04-25 16:20:45.304  2547  2562 D InputDispatcher: Inject motion (3530): action=0x0, eventTime=24501858000000
04-25 16:20:45.304  2547  2903 I InputDispatcher: Delivering touch to (30883): action: 0x0, toolType: 0
04-25 16:20:45.314  2547  6042 D InputDispatcher: Inject motion (3530): action=0x1, eventTime=24501860000000
04-25 16:20:45.314 30883 30883 D ViewRootImpl: ViewPostImeInputStage processPointer 0
04-25 16:20:45.314  2547  2903 I InputDispatcher: Delivering touch to (30883): action: 0x1, toolType: 0
04-25 16:20:45.314 30883 30883 D ViewRootImpl: ViewPostImeInputStage processPointer 1
04-25 16:20:45.624  2547  3403 D InputDispatcher: Inject motion (3530): action=0x0, eventTime=24502171000000
04-25 16:20:45.624  2547  2903 I InputDispatcher: Delivering touch to (30883): action: 0x0, toolType: 0
04-25 16:20:45.624 30883 30883 D ViewRootImpl: ViewPostImeInputStage processPointer 0
04-25 16:20:45.624  2547  3062 D InputDispatcher: Inject motion (3530): action=0x1, eventTime=24502173000000
04-25 16:20:45.624  2547  2903 I InputDispatcher: Delivering touch to (30883): action: 0x1, toolType: 0
04-25 16:20:45.624 30883 30883 D ViewRootImpl: ViewPostImeInputStage processPointer 1
04-25 16:20:45.624 30883 30883 D ViewRootImpl: ViewPostImeInputStage processKey 0
04-25 16:20:45.624 30883 30883 D ViewRootImpl: ViewPostImeInputStage processKey 1
04-25 16:20:45.634 30883 30883 D ViewRootImpl: ViewPostImeInputStage processKey 2
04-25 16:20:45.644 30883 30883 D ViewRootImpl: ViewPostImeInputStage processKey 0
04-25 16:20:45.644 30883 30883 D ViewRootImpl: ViewPostImeInputStage processKey 1
04-25 16:20:45.644 30883 30883 D ViewRootImpl: ViewPostImeInputStage processKey 0
04-25 16:20:45.644 30883 30883 D ViewRootImpl: ViewPostImeInputStage processKey 1
04-25 16:20:45.644 30883 30883 D ViewRootImpl: ViewPostImeInputStage processKey 0
04-25 16:20:45.644 30883 30883 D ViewRootImpl: ViewPostImeInputStage processKey 1
04-25 16:20:45.924  2547  2966 D InputDispatcher: Inject motion (3530): action=0x0, eventTime=24502476000000
04-25 16:20:45.924  2547  2903 I InputDispatcher: Delivering touch to (30883): action: 0x0, toolType: 0
04-25 16:20:45.924  2547  3998 D InputDispatcher: Inject motion (3530): action=0x1, eventTime=24502478000000
04-25 16:20:45.924  2547  2903 I InputDispatcher: Delivering touch to (30883): action: 0x1, toolType: 0
04-25 16:20:45.934 30883 30883 D ViewRootImpl: ViewPostImeInputStage processPointer 0
04-25 16:20:45.934 30883 30883 D ViewRootImpl: ViewPostImeInputStage processPointer 1
04-25 16:20:46.234  2547  3623 D InputDispatcher: Inject motion (3530): action=0x0, eventTime=24502781000000
04-25 16:20:46.234  2547  2903 I InputDispatcher: Delivering touch to (30883): action: 0x0, toolType: 0
04-25 16:20:46.234 30883 30883 D ViewRootImpl: ViewPostImeInputStage processPointer 0
04-25 16:20:46.234  2547  3619 D InputDispatcher: Inject motion (3530): action=0x1, eventTime=24502783000000
04-25 16:20:46.234  2547  2903 I InputDispatcher: Delivering touch to (30883): action: 0x1, toolType: 0
04-25 16:20:46.234 30883 30883 D ViewRootImpl: ViewPostImeInputStage processPointer 1
04-25 16:20:46.534  2547  2562 D InputDispatcher: Inject motion (3530): action=0x0, eventTime=24503085000000
04-25 16:20:46.534  2547  2903 I InputDispatcher: Delivering touch to (30883): action: 0x0, toolType: 0
04-25 16:20:46.534  2547  3998 D InputDispatcher: Inject motion (3530): action=0x1, eventTime=24503087000000
04-25 16:20:46.534  2547  2903 I InputDispatcher: Delivering touch to (30883): action: 0x1, toolType: 0
04-25 16:20:46.534 30883 30883 D ViewRootImpl: ViewPostImeInputStage processPointer 0
04-25 16:20:46.544 30883 30883 D ViewRootImpl: ViewPostImeInputStage processPointer 1
04-25 16:20:46.844  2547  3623 D InputDispatcher: Inject motion (3530): action=0x0, eventTime=24503390000000
04-25 16:20:46.844  2547  2903 I InputDispatcher: Delivering touch to (30883): action: 0x0, toolType: 0
04-25 16:20:46.844 30883 30883 D ViewRootImpl: ViewPostImeInputStage processPointer 0
04-25 16:20:46.844  2547  3619 D InputDispatcher: Inject motion (3530): action=0x1, eventTime=24503391000000
04-25 16:20:46.844  2547  2903 I InputDispatcher: Delivering touch to (30883): action: 0x1, toolType: 0
04-25 16:20:46.844 30883 30883 D ViewRootImpl: ViewPostImeInputStage processPointer 1
04-25 16:20:46.974  2547  2881 D SensorService: [SO] -0.250 0.390 9.722
04-25 16:20:47.144  2547  2562 D InputDispatcher: Inject motion (3530): action=0x0, eventTime=24503694000000
04-25 16:20:47.144  2547  2903 I InputDispatcher: Delivering touch to (30883): action: 0x0, toolType: 0
04-25 16:20:47.144 30883 30883 D ViewRootImpl: ViewPostImeInputStage processPointer 0
04-25 16:20:47.144  2547  3998 D InputDispatcher: Inject motion (3530): action=0x1, eventTime=24503696000000
04-25 16:20:47.144  2547  2903 I InputDispatcher: Delivering touch to (30883): action: 0x1, toolType: 0
04-25 16:20:47.144 30883 30883 D ViewRootImpl: ViewPostImeInputStage processPointer 1
04-25 16:20:47.444  2547  5789 D InputDispatcher: Inject key (3530): action=0, eventTime=24503999000000
04-25 16:20:47.454  2547  5789 D InputManager-JNI: !@interceptKeyBeforeQueueing(0), action=0, interactive=true
04-25 16:20:47.454  2547  5789 D InputManager-JNI: !@handleInterceptActions(0), action=0, wmActions=1
04-25 16:20:47.454  2547  3062 D InputDispatcher: Inject key (3530): action=1, eventTime=24504003000000
04-25 16:20:47.454  2547  3062 D InputManager-JNI: !@interceptKeyBeforeQueueing(0), action=1, interactive=true
04-25 16:20:47.454  2547  3062 D InputManager-JNI: !@handleInterceptActions(0), action=1, wmActions=1
04-25 16:20:47.634  6527  6647 D ScanRecord: parseFromBytes
04-25 16:20:47.634  6527  6647 D ScanRecord: first manudata for manu ID
04-25 16:20:47.634  6527 28095 D BtGatt.ContextMap: sendClientScanResult for app id 5
04-25 16:20:47.634  6257  6268 D ScanRecord: parseFromBytes
04-25 16:20:47.634  6257  6268 D ScanRecord: first manudata for manu ID
04-25 16:20:47.644  3017  3127 D vol.VolumeDialogControl: onReceive ACTION_CLOSE_SYSTEM_DIALOGS
04-25 16:20:47.644  3017  3017 D vol.SecVolumeDialog: dismissH reason: 2
04-25 16:20:47.644  3017  3017 D vol.SecVolumeDialog: dismissH : false
04-25 16:20:47.644  3017  3017 D ToggleSlider: onReceive : android.intent.action.CLOSE_SYSTEM_DIALOGS
04-25 16:20:47.644  3017  3017 D ToggleSlider: onReceive : android.intent.action.CLOSE_SYSTEM_DIALOGS
04-25 16:20:47.644  3017  3017 D ToggleSlider: onReceive : android.intent.action.CLOSE_SYSTEM_DIALOGS
04-25 16:20:47.654  3017  3017 D LocationTile: onReceive : android.intent.action.CLOSE_SYSTEM_DIALOGS
04-25 16:20:47.654  3017  3017 D MobileDataTile: action:android.intent.action.CLOSE_SYSTEM_DIALOGS
04-25 16:20:47.654  3017  3017 D AirplaneModeTile: onReceive : android.intent.action.CLOSE_SYSTEM_DIALOGS
04-25 16:20:47.654  3017  3017 D HotspotTile: onReceive : android.intent.action.CLOSE_SYSTEM_DIALOGS
04-25 16:20:47.654  3017  3017 D PhoneStatusBar: animateCollapsePanels, state: 0, QSexpanded: false, QSdetailsShowing: false
04-25 16:20:47.654  3017  3017 D PhoneStatusBar: animateCollapse(): mExpandedVisible=false flags=0
04-25 16:20:47.654  3017  3017 D StatusBar-Window: fnf=true sanc=false, kni=false, sbf=false
04-25 16:20:47.654  3017  3017 D CoverUI : applyFocusableFlag() : Remove SAMSUNG_FLAG_SVIEW_COVER
04-25 16:20:47.654  3017  3017 D StatusBarWindowManager: forceCollapsed : false isKeyguardShowingAndNotOccluded() : false panelVisible : false keyguardFadingAway : false bouncerShowing : false headsUpShowing : false
04-25 16:20:47.654  3017  3017 D CoverUI : applyHeight h = 48, oc = false, fa = false, ac = false, sc = false
04-25 16:20:47.654  3017  3017 D PanelView: updateQsState
04-25 16:20:47.654  3017  3017 D KeyguardSwipeHelper: reset()
04-25 16:20:47.654  3017  3017 D KeyguardUnlockEventHandler: reset()
04-25 16:20:47.654  3017  3017 D KeyguardSwipeHelper: resetChildViewVI()
04-25 16:20:47.654  6527  6647 D ScanRecord: parseFromBytes
04-25 16:20:47.654  6527  6647 D ScanRecord: first manudata for manu ID
04-25 16:20:47.654  6527 28095 D BtGatt.ContextMap: sendClientScanResult for app id 5
04-25 16:20:47.654  6257 20844 D ScanRecord: parseFromBytes
04-25 16:20:47.654  6257 20844 D ScanRecord: first manudata for manu ID
04-25 16:20:47.684  6527  6647 D ScanRecord: parseFromBytes
04-25 16:20:47.684  6527  6647 D ScanRecord: first manudata for manu ID
04-25 16:20:47.684  6527 28095 D BtGatt.ContextMap: sendClientScanResult for app id 5
04-25 16:20:47.684  6257  6267 D ScanRecord: parseFromBytes
04-25 16:20:47.684  6257  6267 D ScanRecord: first manudata for manu ID
04-25 16:20:47.714  6527  6647 D ScanRecord: parseFromBytes
04-25 16:20:47.714  6527  6647 D ScanRecord: first manudata for manu ID
04-25 16:20:47.714  6527 28095 D BtGatt.ContextMap: sendClientScanResult for app id 5
04-25 16:20:47.714  6257  6268 D ScanRecord: parseFromBytes
04-25 16:20:47.714  6257  6268 D ScanRecord: first manudata for manu ID
04-25 16:20:47.724  6527  6647 D ScanRecord: parseFromBytes
04-25 16:20:47.724  6527  6647 D ScanRecord: first manudata for manu ID
04-25 16:20:47.724  6527 28095 D BtGatt.ContextMap: sendClientScanResult for app id 5
04-25 16:20:47.724  6257 20844 D ScanRecord: parseFromBytes
04-25 16:20:47.724  6257 20844 D ScanRecord: first manudata for manu ID
04-25 16:20:47.764  2547  2562 D InputDispatcher: Inject key (3530): action=0, eventTime=24504314000000
04-25 16:20:47.764  2547  2562 D InputManager-JNI: !@interceptKeyBeforeQueueing(0), action=0, interactive=true
04-25 16:20:47.764  2547  2562 D InputManager-JNI: !@handleInterceptActions(0), action=0, wmActions=1
04-25 16:20:47.764  2547  3516 D InputDispatcher: Inject key (3530): action=1, eventTime=24504317000000
04-25 16:20:47.764  2547  3516 D InputManager-JNI: !@interceptKeyBeforeQueueing(0), action=1, interactive=true
04-25 16:20:47.764  2547  3516 D InputManager-JNI: !@handleInterceptActions(0), action=1, wmActions=1
04-25 16:20:47.804  6527  6647 D ScanRecord: parseFromBytes
04-25 16:20:47.804  6527  6647 D ScanRecord: first manudata for manu ID
04-25 16:20:47.804  6527 28095 D BtGatt.ContextMap: sendClientScanResult for app id 5
04-25 16:20:47.804  6257  6267 D ScanRecord: parseFromBytes
04-25 16:20:47.804  6257  6267 D ScanRecord: first manudata for manu ID
04-25 16:20:47.804  6527  6647 D ScanRecord: parseFromBytes
04-25 16:20:47.804  6527  6647 D ScanRecord: first manudata for manu ID
04-25 16:20:47.804  6527 28095 D BtGatt.ContextMap: sendClientScanResult for app id 5
04-25 16:20:47.804  6257  6268 D ScanRecord: parseFromBytes
04-25 16:20:47.804  6257  6268 D ScanRecord: first manudata for manu ID
04-25 16:20:47.814  6527  6647 D ScanRecord: parseFromBytes
04-25 16:20:47.814  6527  6647 D ScanRecord: first manudata for manu ID
04-25 16:20:47.814  6527 28095 D BtGatt.ContextMap: sendClientScanResult for app id 5
04-25 16:20:47.814  6257 20844 D ScanRecord: parseFromBytes
04-25 16:20:47.814  6257 20844 D ScanRecord: first manudata for manu ID
04-25 16:20:47.954  3017  3127 D vol.VolumeDialogControl: onReceive ACTION_CLOSE_SYSTEM_DIALOGS
04-25 16:20:47.954  3017  3017 D vol.SecVolumeDialog: dismissH reason: 2
04-25 16:20:47.954  3017  3017 D vol.SecVolumeDialog: dismissH : false
04-25 16:20:47.954  3017  3017 D ToggleSlider: onReceive : android.intent.action.CLOSE_SYSTEM_DIALOGS
04-25 16:20:47.954  3017  3017 D ToggleSlider: onReceive : android.intent.action.CLOSE_SYSTEM_DIALOGS
04-25 16:20:47.954  3017  3017 D ToggleSlider: onReceive : android.intent.action.CLOSE_SYSTEM_DIALOGS
04-25 16:20:47.954  3017  3017 D LocationTile: onReceive : android.intent.action.CLOSE_SYSTEM_DIALOGS
04-25 16:20:47.954  3017  3017 D MobileDataTile: action:android.intent.action.CLOSE_SYSTEM_DIALOGS
04-25 16:20:47.954  3017  3017 D AirplaneModeTile: onReceive : android.intent.action.CLOSE_SYSTEM_DIALOGS
04-25 16:20:47.954  3017  3017 D HotspotTile: onReceive : android.intent.action.CLOSE_SYSTEM_DIALOGS
04-25 16:20:47.954  3017  3017 D PhoneStatusBar: animateCollapsePanels, state: 0, QSexpanded: false, QSdetailsShowing: false
04-25 16:20:47.954  3017  3017 D PhoneStatusBar: animateCollapse(): mExpandedVisible=false flags=0
04-25 16:20:47.954  3017  3017 D StatusBar-Window: fnf=true sanc=false, kni=false, sbf=false
04-25 16:20:47.954  3017  3017 D CoverUI : applyFocusableFlag() : Remove SAMSUNG_FLAG_SVIEW_COVER
04-25 16:20:47.954  3017  3017 D StatusBarWindowManager: forceCollapsed : false isKeyguardShowingAndNotOccluded() : false panelVisible : false keyguardFadingAway : false bouncerShowing : false headsUpShowing : false
04-25 16:20:47.954  3017  3017 D CoverUI : applyHeight h = 48, oc = false, fa = false, ac = false, sc = false
04-25 16:20:47.964  3017  3017 D PanelView: updateQsState
04-25 16:20:47.964  3017  3017 D KeyguardSwipeHelper: reset()
04-25 16:20:47.964  3017  3017 D KeyguardUnlockEventHandler: reset()
04-25 16:20:47.964  3017  3017 D KeyguardSwipeHelper: resetChildViewVI()
04-25 16:20:48.074  2547  3623 D InputDispatcher: Inject motion (3530): action=0x0, eventTime=24504628000000
04-25 16:20:48.074  2547  2903 I InputDispatcher: Delivering touch to (30883): action: 0x0, toolType: 0
04-25 16:20:48.084  2547  3619 D InputDispatcher: Inject motion (3530): action=0x1, eventTime=24504630000000
04-25 16:20:48.084  2547  2903 I InputDispatcher: Delivering touch to (30883): action: 0x1, toolType: 0
04-25 16:20:48.084 30883 30883 D ViewRootImpl: ViewPostImeInputStage processPointer 0
04-25 16:20:48.084 30883 30883 D ViewRootImpl: ViewPostImeInputStage processPointer 1
04-25 16:20:48.384  2547  3516 D InputDispatcher: Inject motion (3530): action=0x0, eventTime=24504935000000
04-25 16:20:48.384  2547  2903 I InputDispatcher: Delivering touch to (30883): action: 0x0, toolType: 0
04-25 16:20:48.384  2547  3620 D InputDispatcher: Inject motion (3530): action=0x1, eventTime=24504937000000
04-25 16:20:48.384 30883 30883 D ViewRootImpl: ViewPostImeInputStage processPointer 0
04-25 16:20:48.384  2547  2903 I InputDispatcher: Delivering touch to (30883): action: 0x1, toolType: 0
04-25 16:20:48.384 30883 30883 D ViewRootImpl: ViewPostImeInputStage processPointer 1
04-25 16:20:48.544 30883  3571 I System.out: (HTTPLog)-Static: isSBSettingEnabled false
04-25 16:20:48.544 30883  3571 I System.out: (HTTPLog)-Static: isSBSettingEnabled false
04-25 16:20:48.704  2547  3541 D InputDispatcher: Inject motion (3530): action=0x0, eventTime=24505254000000
04-25 16:20:48.704  2547  2903 I InputDispatcher: Delivering touch to (30883): action: 0x0, toolType: 0
04-25 16:20:48.704 30883 30883 D ViewRootImpl: ViewPostImeInputStage processPointer 0
04-25 16:20:48.714 30883 30883 D ViewRootImpl: ViewPostImeInputStage processKey 0
04-25 16:20:48.714 30883 30883 D ViewRootImpl: ViewPostImeInputStage processKey 1
04-25 16:20:48.714 30883 30883 D ViewRootImpl: ViewPostImeInputStage processKey 0
04-25 16:20:48.714 30883 30883 D ViewRootImpl: ViewPostImeInputStage processKey 1
04-25 16:20:48.714  2547  3062 D InputDispatcher: Inject motion (3530): action=0x1, eventTime=24505268000000
04-25 16:20:48.724  2547  2903 I InputDispatcher: Delivering touch to (30883): action: 0x1, toolType: 0
04-25 16:20:48.724 30883 30883 D ViewRootImpl: ViewPostImeInputStage processPointer 1
04-25 16:20:49.024  2547  3998 D InputDispatcher: Inject motion (3530): action=0x0, eventTime=24505572000000
04-25 16:20:49.024  2547  2903 I InputDispatcher: Delivering touch to (30883): action: 0x0, toolType: 0
04-25 16:20:49.024  2547  3403 D InputDispatcher: Inject motion (3530): action=0x1, eventTime=24505575000000
04-25 16:20:49.024  2547  2903 I InputDispatcher: Delivering touch to (30883): action: 0x1, toolType: 0
04-25 16:20:49.024 30883 30883 D ViewRootImpl: ViewPostImeInputStage processPointer 0
04-25 16:20:49.024 30883 30883 D ViewRootImpl: ViewPostImeInputStage processPointer 1
04-25 16:20:49.114 30883 31055 I art     : Starting a blocking GC Explicit
04-25 16:20:49.164 30883 31055 I art     : Explicit concurrent mark sweep GC freed 10299(588KB) AllocSpace objects, 22(3MB) LOS objects, 50% free, 15MB/31MB, paused 1.870ms total 43.407ms
04-25 16:20:49.184 30883 31055 I art     : Starting a blocking GC Explicit
04-25 16:20:49.254 30883 31055 I art     : Explicit concurrent mark sweep GC freed 1068(425KB) AllocSpace objects, 0(0B) LOS objects, 50% free, 15MB/31MB, paused 2.396ms total 66.673ms
04-25 16:20:49.254 30883  3592 I System.out: (HTTPLog)-Static: isSBSettingEnabled false
04-25 16:20:49.254 30883  3592 I System.out: (HTTPLog)-Static: isSBSettingEnabled false
04-25 16:20:49.264  2156  2872 D EnterpriseController: netId is 0
04-25 16:20:49.264  2156  2872 D Netd    : getNetworkForDns: using netid 502 for uid 10190
04-25 16:20:49.274 30883 31055 I art     : Starting a blocking GC Explicit
04-25 16:20:49.314 30883 31055 I art     : Explicit concurrent mark sweep GC freed 604(45KB) AllocSpace objects, 2(88KB) LOS objects, 50% free, 15MB/31MB, paused 1.643ms total 39.683ms
04-25 16:20:49.334  2547  2966 D InputDispatcher: Inject motion (3530): action=0x0, eventTime=24505880000000
04-25 16:20:49.334  2547  2903 I InputDispatcher: Delivering touch to (30883): action: 0x0, toolType: 0
04-25 16:20:49.334 30883 30883 D ViewRootImpl: ViewPostImeInputStage processPointer 0
04-25 16:20:49.344 30883 31055 I art     : Starting a blocking GC Explicit
04-25 16:20:49.344  2547  3334 D InputDispatcher: Inject motion (3530): action=0x1, eventTime=24505891000000
04-25 16:20:49.344  2547  2903 I InputDispatcher: Delivering touch to (30883): action: 0x1, toolType: 0
04-25 16:20:49.344 30883 30883 D ViewRootImpl: ViewPostImeInputStage processPointer 1
04-25 16:20:49.384 30883 31055 I art     : Explicit concurrent mark sweep GC freed 308(27KB) AllocSpace objects, 0(0B) LOS objects, 50% free, 15MB/31MB, paused 1.820ms total 39.726ms
04-25 16:20:49.404 30883 31055 I art     : Starting a blocking GC Explicit
04-25 16:20:49.444 30883 31055 I art     : Explicit concurrent mark sweep GC freed 30(4KB) AllocSpace objects, 0(0B) LOS objects, 50% free, 15MB/31MB, paused 1.734ms total 38.344ms
04-25 16:20:49.644  2547  3623 D InputDispatcher: Inject motion (3530): action=0x0, eventTime=24506194000000
04-25 16:20:49.644  2547  2903 I InputDispatcher: Delivering touch to (30883): action: 0x0, toolType: 0
04-25 16:20:49.644 30883 30883 D ViewRootImpl: ViewPostImeInputStage processPointer 0
04-25 16:20:49.644  2547  3062 D InputDispatcher: Inject motion (3530): action=0x1, eventTime=24506198000000
04-25 16:20:49.644  2547  2903 I InputDispatcher: Delivering touch to (30883): action: 0x1, toolType: 0
04-25 16:20:49.654 30883 30883 D ViewRootImpl: ViewPostImeInputStage processPointer 1
04-25 16:20:49.954  2547  2939 D InputDispatcher: Inject motion (3530): action=0x0, eventTime=24506502000000
04-25 16:20:49.954  2547  2903 I InputDispatcher: Delivering touch to (30883): action: 0x0, toolType: 0
04-25 16:20:49.954 30883 30883 D ViewRootImpl: ViewPostImeInputStage processPointer 0
04-25 16:20:49.954  2547  2966 D InputDispatcher: Inject motion (3530): action=0x1, eventTime=24506505000000
04-25 16:20:49.954  2547  2903 I InputDispatcher: Delivering touch to (30883): action: 0x1, toolType: 0
04-25 16:20:49.954 30883 30883 D ViewRootImpl: ViewPostImeInputStage processPointer 1
04-25 16:20:50.264  2547  3997 D InputDispatcher: Inject motion (3530): action=0x0, eventTime=24506809000000
04-25 16:20:50.264  2547  2903 I InputDispatcher: Delivering touch to (30883): action: 0x0, toolType: 0
04-25 16:20:50.264  2547  3623 D InputDispatcher: Inject motion (3530): action=0x1, eventTime=24506811000000
04-25 16:20:50.264  2547  2903 I InputDispatcher: Delivering touch to (30883): action: 0x1, toolType: 0
04-25 16:20:50.264 30883 30883 D ViewRootImpl: ViewPostImeInputStage processPointer 0
04-25 16:20:50.264 30883 30883 D ViewRootImpl: ViewPostImeInputStage processPointer 1
04-25 16:20:50.564  2547  3998 D InputDispatcher: Inject motion (3530): action=0x0, eventTime=24507116000000
04-25 16:20:50.564  2547  2903 I InputDispatcher: Delivering touch to (30883): action: 0x0, toolType: 0
04-25 16:20:50.564 30883 30883 D ViewRootImpl: ViewPostImeInputStage processPointer 0
04-25 16:20:50.564  2547  5789 D InputDispatcher: Inject motion (3530): action=0x1, eventTime=24507118000000
04-25 16:20:50.574  2547  2903 I InputDispatcher: Delivering touch to (30883): action: 0x1, toolType: 0
04-25 16:20:50.574 30883 30883 D ViewRootImpl: ViewPostImeInputStage processPointer 1
04-25 16:20:50.774  6527  6647 D ScanRecord: parseFromBytes
04-25 16:20:50.774  6527  6647 D ScanRecord: first manudata for manu ID
04-25 16:20:50.774  6527 28095 D BtGatt.ContextMap: sendClientScanResult for app id 5
04-25 16:20:50.774  6257  6268 D ScanRecord: parseFromBytes
04-25 16:20:50.774  6257  6268 D ScanRecord: first manudata for manu ID
04-25 16:20:50.784  6527  6647 D ScanRecord: parseFromBytes
04-25 16:20:50.794  6527  6647 D ScanRecord: first manudata for manu ID
04-25 16:20:50.794  6527 28095 D BtGatt.ContextMap: sendClientScanResult for app id 5
04-25 16:20:50.794  6257 20844 D ScanRecord: parseFromBytes
04-25 16:20:50.794  6257 20844 D ScanRecord: first manudata for manu ID
04-25 16:20:50.794  6527  6647 D ScanRecord: parseFromBytes
04-25 16:20:50.794  6527  6647 D ScanRecord: first manudata for manu ID
04-25 16:20:50.804  6527  6647 D ScanRecord: parseFromBytes
04-25 16:20:50.804  6527  6647 D ScanRecord: first manudata for manu ID
04-25 16:20:50.804  6527 28095 D BtGatt.ContextMap: sendClientScanResult for app id 5
04-25 16:20:50.804  6527 28095 D BtGatt.ContextMap: sendClientScanResult for app id 5
04-25 16:20:50.804  6257  6267 D ScanRecord: parseFromBytes
04-25 16:20:50.804  6257  6267 D ScanRecord: first manudata for manu ID
04-25 16:20:50.804  6257  6267 D ScanRecord: parseFromBytes
04-25 16:20:50.804  6257  6267 D ScanRecord: first manudata for manu ID
04-25 16:20:50.864  6527  6647 D ScanRecord: parseFromBytes
04-25 16:20:50.864  6527  6647 D ScanRecord: first manudata for manu ID
04-25 16:20:50.864  6527 28095 D BtGatt.ContextMap: sendClientScanResult for app id 5
04-25 16:20:50.864  6257 20844 D ScanRecord: parseFromBytes
04-25 16:20:50.864  6257 20844 D ScanRecord: first manudata for manu ID
04-25 16:20:50.874  2547  3062 D InputDispatcher: Inject motion (3530): action=0x0, eventTime=24507422000000
04-25 16:20:50.874  2547  2903 I InputDispatcher: Delivering touch to (30883): action: 0x0, toolType: 0
04-25 16:20:50.874 30883 30883 D ViewRootImpl: ViewPostImeInputStage processPointer 0
04-25 16:20:50.874  2547  3619 D InputDispatcher: Inject motion (3530): action=0x1, eventTime=24507425000000
04-25 16:20:50.874  2547  2903 I InputDispatcher: Delivering touch to (30883): action: 0x1, toolType: 0
04-25 16:20:50.874 30883 30883 D ViewRootImpl: ViewPostImeInputStage processPointer 1
04-25 16:20:50.924  6527  6647 D ScanRecord: parseFromBytes
04-25 16:20:50.924  6527  6647 D ScanRecord: first manudata for manu ID
04-25 16:20:50.924  6527 28095 D BtGatt.ContextMap: sendClientScanResult for app id 5
04-25 16:20:50.924  6257  6268 D ScanRecord: parseFromBytes
04-25 16:20:50.924  6257  6268 D ScanRecord: first manudata for manu ID
04-25 16:20:50.944 30883  3547 I SoundDecoder_SetError: Cannot operate on sample because already at EOF
04-25 16:20:51.194  2547  5789 D InputDispatcher: Inject key (3530): action=0, eventTime=24507743000000
04-25 16:20:51.194  2547  5789 D InputManager-JNI: !@interceptKeyBeforeQueueing(0), action=0, interactive=true
04-25 16:20:51.194  2547  5789 D InputManager-JNI: !@handleInterceptActions(0), action=0, wmActions=1
04-25 16:20:51.194 30883 30883 D ViewRootImpl: ViewPostImeInputStage processKey 2
04-25 16:20:51.194  2547  3541 D InputDispatcher: Inject key (3530): action=1, eventTime=24507748000000
04-25 16:20:51.194  2547  3541 D InputManager-JNI: !@interceptKeyBeforeQueueing(0), action=1, interactive=true
04-25 16:20:51.194 30883 30883 D ViewRootImpl: ViewPostImeInputStage processKey 0
04-25 16:20:51.204  2547  3541 D InputManager-JNI: !@handleInterceptActions(0), action=1, wmActions=1
04-25 16:20:51.204 30883 30883 D ViewRootImpl: ViewPostImeInputStage processKey 1
04-25 16:20:51.204 30883 30883 D ViewRootImpl: ViewPostImeInputStage processKey 0
04-25 16:20:51.204 30883 30883 D ViewRootImpl: ViewPostImeInputStage processKey 1
04-25 16:20:51.214 30883 30883 D ViewRootImpl: ViewPostImeInputStage processKey 0
04-25 16:20:51.214 30883 30883 D ViewRootImpl: ViewPostImeInputStage processKey 1
04-25 16:20:51.214 30883 30883 D ViewRootImpl: ViewPostImeInputStage processKey 0
04-25 16:20:51.214  3017  3017 D KeyguardUpdateMonitor: received broadcast android.intent.action.BATTERY_CHANGED
04-25 16:20:51.214  3017  3017 D KeyguardUpdateMonitor: handleBatteryUpdate
04-25 16:20:51.214 30883 30883 D ViewRootImpl: ViewPostImeInputStage processKey 1
04-25 16:20:51.224 30883 30883 D ViewRootImpl: ViewPostImeInputStage processKey 0
04-25 16:20:51.224 30883 30883 D ViewRootImpl: ViewPostImeInputStage processKey 1
04-25 16:20:51.384  3017  3127 D vol.VolumeDialogControl: onReceive ACTION_CLOSE_SYSTEM_DIALOGS
04-25 16:20:51.384  3017  3017 D ToggleSlider: onReceive : android.intent.action.CLOSE_SYSTEM_DIALOGS
04-25 16:20:51.384  3017  3017 D vol.SecVolumeDialog: dismissH reason: 2
04-25 16:20:51.384  3017  3017 D vol.SecVolumeDialog: dismissH : false
04-25 16:20:51.384  3017  3017 D ToggleSlider: onReceive : android.intent.action.CLOSE_SYSTEM_DIALOGS
04-25 16:20:51.384  3017  3017 D ToggleSlider: onReceive : android.intent.action.CLOSE_SYSTEM_DIALOGS
04-25 16:20:51.384  3017  3017 D LocationTile: onReceive : android.intent.action.CLOSE_SYSTEM_DIALOGS
04-25 16:20:51.384  3017  3017 D MobileDataTile: action:android.intent.action.CLOSE_SYSTEM_DIALOGS
04-25 16:20:51.384  3017  3017 D AirplaneModeTile: onReceive : android.intent.action.CLOSE_SYSTEM_DIALOGS
04-25 16:20:51.384  3017  3017 D HotspotTile: onReceive : android.intent.action.CLOSE_SYSTEM_DIALOGS
04-25 16:20:51.384  3017  3017 D PhoneStatusBar: animateCollapsePanels, state: 0, QSexpanded: false, QSdetailsShowing: false
04-25 16:20:51.384  3017  3017 D PhoneStatusBar: animateCollapse(): mExpandedVisible=false flags=0
04-25 16:20:51.384  3017  3017 D StatusBar-Window: fnf=true sanc=false, kni=false, sbf=false
04-25 16:20:51.394  3017  3017 D CoverUI : applyFocusableFlag() : Remove SAMSUNG_FLAG_SVIEW_COVER
04-25 16:20:51.394  3017  3017 D StatusBarWindowManager: forceCollapsed : false isKeyguardShowingAndNotOccluded() : false panelVisible : false keyguardFadingAway : false bouncerShowing : false headsUpShowing : false
04-25 16:20:51.394  3017  3017 D CoverUI : applyHeight h = 48, oc = false, fa = false, ac = false, sc = false
04-25 16:20:51.394  3017  3017 D PanelView: updateQsState
04-25 16:20:51.394  3017  3017 D KeyguardSwipeHelper: reset()
04-25 16:20:51.394  3017  3017 D KeyguardUnlockEventHandler: reset()
04-25 16:20:51.394  3017  3017 D KeyguardSwipeHelper: resetChildViewVI()
04-25 16:20:51.514  2547  5789 D InputDispatcher: Inject motion (3530): action=0x0, eventTime=24508062000000
04-25 16:20:51.514  2547  2903 I InputDispatcher: Delivering touch to (30883): action: 0x0, toolType: 0
04-25 16:20:51.514  2547  3997 D InputDispatcher: Inject motion (3530): action=0x1, eventTime=24508065000000
04-25 16:20:51.514  2547  2903 I InputDispatcher: Delivering touch to (30883): action: 0x1, toolType: 0
04-25 16:20:51.514 30883 30883 D ViewRootImpl: ViewPostImeInputStage processPointer 0
04-25 16:20:51.514 30883 30883 D ViewRootImpl: ViewPostImeInputStage processPointer 1
04-25 16:20:51.554 30883  3624 I System.out: (HTTPLog)-Static: isSBSettingEnabled false
04-25 16:20:51.554 30883  3624 I System.out: (HTTPLog)-Static: isSBSettingEnabled false
04-25 16:20:51.824  2547  3516 D InputDispatcher: Inject motion (3530): action=0x0, eventTime=24508369000000
04-25 16:20:51.824  2547  2903 I InputDispatcher: Delivering touch to (30883): action: 0x0, toolType: 0
04-25 16:20:51.824 30883 30883 D ViewRootImpl: ViewPostImeInputStage processPointer 0
04-25 16:20:51.824  2547  6042 D InputDispatcher: Inject motion (3530): action=0x1, eventTime=24508373000000
04-25 16:20:51.824  2547  2903 I InputDispatcher: Delivering touch to (30883): action: 0x1, toolType: 0
04-25 16:20:51.824 30883 30883 D ViewRootImpl: ViewPostImeInputStage processPointer 1
04-25 16:20:51.974 30883 30950 I SoundDecoder: MPG123: Accepting data stream.
04-25 16:20:51.994 30883 30950 I SoundDecoder: MPG123: Accepting data stream.
04-25 16:20:52.124  2547  2966 D InputDispatcher: Inject motion (3530): action=0x0, eventTime=24508678000000
04-25 16:20:52.124  2547  2903 I InputDispatcher: Delivering touch to (30883): action: 0x0, toolType: 0
04-25 16:20:52.134 30883 30883 D ViewRootImpl: ViewPostImeInputStage processPointer 0
04-25 16:20:52.134  2547  2695 D SensorService: [SO] activate (ident=0xccf5cc40, enabled=0)
04-25 16:20:52.144  2547  2695 D SensorManager: unregisterListener ::   
04-25 16:20:52.164  3017  3017 D RotationLockTile: rotationLocked : false
04-25 16:20:52.164  3530  3530 I art     : System.exit called, status: 0
04-25 16:20:52.164  3530  3530 I AndroidRuntime: VM exiting with result code 0.
04-25 16:20:52.164  2547  2695 D SensorService: SensorEventConnection::SocketBufferSize, SystemSocketBufferSize - 4096, 2097152
04-25 16:20:52.174  2547  2695 D SensorService: [SO] changed settle time [1]
04-25 16:20:52.174  2547  2695 D SensorService: [SO] setDelay [66667000]
04-25 16:20:52.174  2547  2695 D SensorService: [SO] activate (ident=0xccf5cc40, enabled=1)
04-25 16:20:52.174  2547  2695 D SensorService: [SO] AR_init
04-25 16:20:52.174  2547  2881 D SensorService: [SO] Reset Rotation Old [100], Init [1]
04-25 16:20:52.174  2547  2695 D SensorManager: registerListener :: 1600221811, Screen Orientation Sensor, 66667, 0,  
04-25 16:20:52.184  3017  3017 D RotationLockTile: rotationLocked : false
04-25 16:20:53.884  6527  6647 D ScanRecord: parseFromBytes
04-25 16:20:53.884  6527  6647 D ScanRecord: first manudata for manu ID
04-25 16:20:53.884  6527 28095 D BtGatt.ContextMap: sendClientScanResult for app id 5
04-25 16:20:53.884  6257  6268 D ScanRecord: parseFromBytes
04-25 16:20:53.884  6257  6268 D ScanRecord: first manudata for manu ID
04-25 16:20:53.924  6527  6647 D ScanRecord: parseFromBytes
04-25 16:20:53.924  6527  6647 D ScanRecord: first manudata for manu ID
04-25 16:20:53.924  6527 28095 D BtGatt.ContextMap: sendClientScanResult for app id 5
04-25 16:20:53.934  6257  6267 D ScanRecord: parseFromBytes
04-25 16:20:53.934  6257  6267 D ScanRecord: first manudata for manu ID
04-25 16:20:53.944  6527  6647 D ScanRecord: parseFromBytes
04-25 16:20:53.944  6527  6647 D ScanRecord: first manudata for manu ID
04-25 16:20:53.954  6527 28095 D BtGatt.ContextMap: sendClientScanResult for app id 5
04-25 16:20:53.954  6257 20844 D ScanRecord: parseFromBytes
04-25 16:20:53.954  6257 20844 D ScanRecord: first manudata for manu ID
04-25 16:20:53.954  6527  6647 D ScanRecord: parseFromBytes
04-25 16:20:53.954  6527  6647 D ScanRecord: first manudata for manu ID
04-25 16:20:53.954  6527 28095 D BtGatt.ContextMap: sendClientScanResult for app id 5
04-25 16:20:53.964  6257  6268 D ScanRecord: parseFromBytes
04-25 16:20:53.964  6257  6268 D ScanRecord: first manudata for manu ID
04-25 16:20:54.024  6527  6647 D ScanRecord: parseFromBytes
04-25 16:20:54.024  6527  6647 D ScanRecord: first manudata for manu ID
04-25 16:20:54.024  6527 28095 D BtGatt.ContextMap: sendClientScanResult for app id 5
04-25 16:20:54.024  6257  6267 D ScanRecord: parseFromBytes
04-25 16:20:54.024  6257  6267 D ScanRecord: first manudata for manu ID
04-25 16:20:54.044  6527  6647 D ScanRecord: parseFromBytes
04-25 16:20:54.044  6527  6647 D ScanRecord: first manudata for manu ID
04-25 16:20:54.044  6527 28095 D BtGatt.ContextMap: sendClientScanResult for app id 5
04-25 16:20:54.044  6257 20844 D ScanRecord: parseFromBytes
04-25 16:20:54.044  6257 20844 D ScanRecord: first manudata for manu ID
04-25 16:20:54.044  6527  6647 D ScanRecord: parseFromBytes
04-25 16:20:54.044  6527  6647 D ScanRecord: first manudata for manu ID
04-25 16:20:54.044  6527 28095 D BtGatt.ContextMap: sendClientScanResult for app id 5
04-25 16:20:54.044  6257  6268 D ScanRecord: parseFromBytes
04-25 16:20:54.044  6257  6268 D ScanRecord: first manudata for manu ID
04-25 16:20:54.364 30883 30893 I art     : Starting a blocking GC Explicit
04-25 16:20:54.434 30883 30893 I art     : Explicit concurrent mark sweep GC freed 7477(442KB) AllocSpace objects, 18(13MB) LOS objects, 50% free, 15MB/31MB, paused 3.011ms total 71.940ms
04-25 16:20:54.464 30883 30893 I art     : Starting a blocking GC Explicit
04-25 16:20:54.504 30883 30893 I art     : Explicit concurrent mark sweep GC freed 434(64KB) AllocSpace objects, 6(120KB) LOS objects, 50% free, 15MB/31MB, paused 1.867ms total 40.722ms
04-25 16:20:54.524 30883 30893 I art     : Starting a blocking GC Explicit
04-25 16:20:54.564 30883 30893 I art     : Explicit concurrent mark sweep GC freed 65(2800B) AllocSpace objects, 0(0B) LOS objects, 50% free, 15MB/31MB, paused 1.783ms total 39.733ms
04-25 16:20:54.604 30883 30893 I art     : Starting a blocking GC Explicit
04-25 16:20:54.654 30883 30893 I art     : Explicit concurrent mark sweep GC freed 104(4KB) AllocSpace objects, 0(0B) LOS objects, 50% free, 15MB/31MB, paused 1.987ms total 54.460ms
04-25 16:20:54.684 30883 30893 I art     : Starting a blocking GC Explicit
04-25 16:20:54.714 30883 30893 I art     : Explicit concurrent mark sweep GC freed 59(2656B) AllocSpace objects, 0(0B) LOS objects, 50% free, 15MB/31MB, paused 1.672ms total 38.281ms
04-25 16:20:56.974  2547  2881 D SensorService: [SO] -0.247 0.385 9.689
04-25 16:20:57.034  6527  6647 D ScanRecord: parseFromBytes
04-25 16:20:57.034  6527  6647 D ScanRecord: first manudata for manu ID
04-25 16:20:57.034  6527 28095 D BtGatt.ContextMap: sendClientScanResult for app id 5
04-25 16:20:57.034  6257  6268 D ScanRecord: parseFromBytes
04-25 16:20:57.034  6257  6268 D ScanRecord: first manudata for manu ID
04-25 16:20:57.044  6527  6647 D ScanRecord: parseFromBytes
04-25 16:20:57.044  6527  6647 D ScanRecord: first manudata for manu ID
04-25 16:20:57.044  6527 28095 D BtGatt.ContextMap: sendClientScanResult for app id 5
04-25 16:20:57.044  6257  6267 D ScanRecord: parseFromBytes
04-25 16:20:57.044  6257  6267 D ScanRecord: first manudata for manu ID
04-25 16:20:57.044  6527  6647 D ScanRecord: parseFromBytes
04-25 16:20:57.044  6527  6647 D ScanRecord: first manudata for manu ID
04-25 16:20:57.044  6527 28095 D BtGatt.ContextMap: sendClientScanResult for app id 5
04-25 16:20:57.044  6257 20844 D ScanRecord: parseFromBytes
04-25 16:20:57.054  6257 20844 D ScanRecord: first manudata for manu ID
04-25 16:20:57.064  6527  6647 D ScanRecord: parseFromBytes
04-25 16:20:57.064  6527  6647 D ScanRecord: first manudata for manu ID
04-25 16:20:57.064  6527 28095 D BtGatt.ContextMap: sendClientScanResult for app id 5
04-25 16:20:57.064  6257  6268 D ScanRecord: parseFromBytes
04-25 16:20:57.064  6257  6268 D ScanRecord: first manudata for manu ID
04-25 16:20:57.074  6527  6647 D ScanRecord: parseFromBytes
04-25 16:20:57.074  6527  6647 D ScanRecord: first manudata for manu ID
04-25 16:20:57.074  6527 28095 D BtGatt.ContextMap: sendClientScanResult for app id 5
04-25 16:20:57.074  6257  6267 D ScanRecord: parseFromBytes
04-25 16:20:57.074  6257  6267 D ScanRecord: first manudata for manu ID
04-25 16:20:59.994  3017  3017 D KeyguardUpdateMonitor: received broadcast android.intent.action.TIME_TICK
04-25 16:20:59.994  3017  3017 D KeyguardUpdateMonitor: handleTimeUpdate
04-25 16:20:59.994  3017  3017 D Clock   : received broadcast android.intent.action.TIME_TICK
04-25 16:21:00.064  3017  3017 D DateView: received broadcast android.intent.action.TIME_TICK
04-25 16:21:00.084  3017  3017 D NotificationStackScrollLayout:  scroll range should be extended : 708
04-25 16:21:00.104 32331 32331 D [WeatherWidget(1214)]  WeatherService: {[EC3334F14841398C8B464A72D0E61AB74266231DDCB0F9D898ABD6AE7EAFE9924B51C1628AB73EB6B27EF850A160BD15DCFDBE96F420541C45EF3419D3AD67E2]}
04-25 16:21:00.114 32331 32331 D [WeatherWidget(1214)]  : {[3AE6950019B083611567B0F9442DB03EEFA9050249635C043F7E254E316C2550]}
04-25 16:21:00.124 32331 32331 D [WeatherWidget(1214)]  : {[3AE6950019B083611567B0F9442DB03E5DDA24A68DD8F41CDE99F0ED3FBCA79D6E3672D13C47BC5ED8EFB051B507BC359E0BBE33CAC4DD26F7E7BD0DE7A87253A9C3C650BA065FAD34DFAC014CA6063A]}
04-25 16:21:00.124 32331 32331 D [WeatherWidget(1214)]  : {[A1AF0F6A1A65A89C43D705938923D0FEFB71880C4E84718DA0A3E1F383E54FB27A4284D9BEDF7BAA2ABFFE671EB65C64BE97ACCF47A16986A922CA421D83368521337058A7DDC1499C03B1D5E686D4F66FE34BB24D3A99C9DB94B91A798967F25C4C0E824434FB3EA632625BECC0024E]}
04-25 16:21:00.124 32331 32331 D [WeatherWidget(1214)]  : {[15C09394A4E9AFE55A5C62F22AB3FC5902EB2A2150B6646A86F2B3102D669614]}
04-25 16:21:00.154  6527  6647 D ScanRecord: parseFromBytes
04-25 16:21:00.154  6527  6647 D ScanRecord: first manudata for manu ID
04-25 16:21:00.164  6527 28095 D BtGatt.ContextMap: sendClientScanResult for app id 5
04-25 16:21:00.164  6257  6268 D ScanRecord: parseFromBytes
04-25 16:21:00.164  6257  6268 D ScanRecord: first manudata for manu ID
04-25 16:21:00.164  6527  6647 D ScanRecord: parseFromBytes
04-25 16:21:00.164  6527  6647 D ScanRecord: first manudata for manu ID
04-25 16:21:00.164  6527 28095 D BtGatt.ContextMap: sendClientScanResult for app id 5
04-25 16:21:00.164  6257  6267 D ScanRecord: parseFromBytes
04-25 16:21:00.164  6257  6267 D ScanRecord: first manudata for manu ID
04-25 16:21:00.174  6527  6647 D ScanRecord: parseFromBytes
04-25 16:21:00.184  6527  6647 D ScanRecord: first manudata for manu ID
04-25 16:21:00.184  6527 28095 D BtGatt.ContextMap: sendClientScanResult for app id 5
04-25 16:21:00.184  6257 20844 D ScanRecord: parseFromBytes
04-25 16:21:00.184  6257 20844 D ScanRecord: first manudata for manu ID
04-25 16:21:00.194  6527  6647 D ScanRecord: parseFromBytes
04-25 16:21:00.194  6527  6647 D ScanRecord: first manudata for manu ID
04-25 16:21:00.194  6527 28095 D BtGatt.ContextMap: sendClientScanResult for app id 5
04-25 16:21:00.194  6257  6268 D ScanRecord: parseFromBytes
04-25 16:21:00.194  6257  6268 D ScanRecord: first manudata for manu ID
04-25 16:21:00.204  6527  6647 D ScanRecord: parseFromBytes
04-25 16:21:00.204  6527  6647 D ScanRecord: first manudata for manu ID
04-25 16:21:00.204  6527 28095 D BtGatt.ContextMap: sendClientScanResult for app id 5
04-25 16:21:00.204  6257  6267 D ScanRecord: parseFromBytes
04-25 16:21:00.204  6257  6267 D ScanRecord: first manudata for manu ID
04-25 16:21:00.204  6527  6647 D ScanRecord: parseFromBytes
04-25 16:21:00.204  6527  6647 D ScanRecord: first manudata for manu ID
04-25 16:21:00.204  6527 28095 D BtGatt.ContextMap: sendClientScanResult for app id 5
04-25 16:21:00.214  6257 20844 D ScanRecord: parseFromBytes
04-25 16:21:00.214  6257 20844 D ScanRecord: first manudata for manu ID
04-25 16:21:00.274  6527  6647 D ScanRecord: parseFromBytes
04-25 16:21:00.274  6527  6647 D ScanRecord: first manudata for manu ID
04-25 16:21:00.284  6527 28095 D BtGatt.ContextMap: sendClientScanResult for app id 5
04-25 16:21:00.284  6257  6268 D ScanRecord: parseFromBytes
04-25 16:21:00.284  6257  6268 D ScanRecord: first manudata for manu ID
04-25 16:21:00.284  6527  6647 D ScanRecord: parseFromBytes
04-25 16:21:00.284  6527  6647 D ScanRecord: first manudata for manu ID
04-25 16:21:00.284  6527 28095 D BtGatt.ContextMap: sendClientScanResult for app id 5
04-25 16:21:00.284  6257  6267 D ScanRecord: parseFromBytes
04-25 16:21:00.284  6257  6267 D ScanRecord: first manudata for manu ID
04-25 16:21:01.304  3017  3017 D KeyguardUpdateMonitor: received broadcast android.intent.action.BATTERY_CHANGED
04-25 16:21:01.304  3017  3017 D KeyguardUpdateMonitor: handleBatteryUpdate
04-25 16:21:03.274  6527  6647 D ScanRecord: parseFromBytes
04-25 16:21:03.274  6527  6647 D ScanRecord: first manudata for manu ID
04-25 16:21:03.274  6527 28095 D BtGatt.ContextMap: sendClientScanResult for app id 5
04-25 16:21:03.274  6257 20844 D ScanRecord: parseFromBytes
04-25 16:21:03.274  6257 20844 D ScanRecord: first manudata for manu ID
04-25 16:21:03.274  6527  6647 D ScanRecord: parseFromBytes
04-25 16:21:03.274  6527  6647 D ScanRecord: first manudata for manu ID
04-25 16:21:03.274  6527 28095 D BtGatt.ContextMap: sendClientScanResult for app id 5
04-25 16:21:03.274  6257  6268 D ScanRecord: parseFromBytes
04-25 16:21:03.274  6257  6268 D ScanRecord: first manudata for manu ID
04-25 16:21:03.294  6527  6647 D ScanRecord: parseFromBytes
04-25 16:21:03.294  6527  6647 D ScanRecord: first manudata for manu ID
04-25 16:21:03.294  6527 28095 D BtGatt.ContextMap: sendClientScanResult for app id 5
04-25 16:21:03.294  6257  6267 D ScanRecord: parseFromBytes
04-25 16:21:03.294  6257  6267 D ScanRecord: first manudata for manu ID
04-25 16:21:03.334  6527  6647 D ScanRecord: parseFromBytes
04-25 16:21:03.334  6527  6647 D ScanRecord: first manudata for manu ID
04-25 16:21:03.334  6527 28095 D BtGatt.ContextMap: sendClientScanResult for app id 5
04-25 16:21:03.334  6257 20844 D ScanRecord: parseFromBytes
04-25 16:21:03.334  6257 20844 D ScanRecord: first manudata for manu ID
04-25 16:21:03.364  6527  6647 D ScanRecord: parseFromBytes
04-25 16:21:03.364  6527 28095 D BtGatt.ContextMap: sendClientScanResult for app id 5
04-25 16:21:03.364  6257  6268 D ScanRecord: parseFromBytes
04-25 16:21:06.394  6527  6647 D ScanRecord: parseFromBytes
04-25 16:21:06.394  6527  6647 D ScanRecord: first manudata for manu ID
04-25 16:21:06.394  6527 28095 D BtGatt.ContextMap: sendClientScanResult for app id 5
04-25 16:21:06.404  6257  6267 D ScanRecord: parseFromBytes
04-25 16:21:06.404  6257  6267 D ScanRecord: first manudata for manu ID
04-25 16:21:06.414  6527  6647 D ScanRecord: parseFromBytes
04-25 16:21:06.414  6527  6647 D ScanRecord: first manudata for manu ID
04-25 16:21:06.424  6527 28095 D BtGatt.ContextMap: sendClientScanResult for app id 5
04-25 16:21:06.424  6257 20844 D ScanRecord: parseFromBytes
04-25 16:21:06.424  6257 20844 D ScanRecord: first manudata for manu ID
04-25 16:21:06.424  6527  6647 D ScanRecord: parseFromBytes
04-25 16:21:06.424  6527  6647 D ScanRecord: first manudata for manu ID
04-25 16:21:06.424  6527 28095 D BtGatt.ContextMap: sendClientScanResult for app id 5
04-25 16:21:06.434  6257  6268 D ScanRecord: parseFromBytes
04-25 16:21:06.434  6257  6268 D ScanRecord: first manudata for manu ID
04-25 16:21:06.454  6527  6647 D ScanRecord: parseFromBytes
04-25 16:21:06.454  6527  6647 D ScanRecord: first manudata for manu ID
04-25 16:21:06.454  6527 28095 D BtGatt.ContextMap: sendClientScanResult for app id 5
04-25 16:21:06.454  6527  6647 D ScanRecord: parseFromBytes
04-25 16:21:06.454  6257  6267 D ScanRecord: parseFromBytes
04-25 16:21:06.454  6257  6267 D ScanRecord: first manudata for manu ID
04-25 16:21:06.454  6527  6647 D ScanRecord: first manudata for manu ID
04-25 16:21:06.454  6527 28095 D BtGatt.ContextMap: sendClientScanResult for app id 5
04-25 16:21:06.454  6257 20844 D ScanRecord: parseFromBytes
04-25 16:21:06.454  6257 20844 D ScanRecord: first manudata for manu ID
04-25 16:21:06.974  2547  2881 D SensorService: [SO] -0.250 0.379 9.675
04-25 16:21:09.514  6527  6647 D ScanRecord: parseFromBytes
04-25 16:21:09.514  6527  6647 D ScanRecord: first manudata for manu ID
04-25 16:21:09.514  6527  6647 D ScanRecord: parseFromBytes
04-25 16:21:09.514  6527  6647 D ScanRecord: first manudata for manu ID
04-25 16:21:09.514  6527 28095 D BtGatt.ContextMap: sendClientScanResult for app id 5
04-25 16:21:09.514  6527 28095 D BtGatt.ContextMap: sendClientScanResult for app id 5
04-25 16:21:09.514  6257  6268 D ScanRecord: parseFromBytes
04-25 16:21:09.514  6257  6268 D ScanRecord: first manudata for manu ID
04-25 16:21:09.514  6257  6268 D ScanRecord: parseFromBytes
04-25 16:21:09.514  6257  6268 D ScanRecord: first manudata for manu ID
04-25 16:21:09.524  6527  6647 D ScanRecord: parseFromBytes
04-25 16:21:09.524  6527  6647 D ScanRecord: first manudata for manu ID
04-25 16:21:09.524  6527 28095 D BtGatt.ContextMap: sendClientScanResult for app id 5
04-25 16:21:09.524  6527  6647 D ScanRecord: parseFromBytes
04-25 16:21:09.524  6527  6647 D ScanRecord: first manudata for manu ID
04-25 16:21:09.524  6257 20844 D ScanRecord: parseFromBytes
04-25 16:21:09.524  6257 20844 D ScanRecord: first manudata for manu ID
04-25 16:21:09.534  6527 28095 D BtGatt.ContextMap: sendClientScanResult for app id 5
04-25 16:21:09.534  6257  6268 D ScanRecord: parseFromBytes
04-25 16:21:09.534  6257  6268 D ScanRecord: first manudata for manu ID
04-25 16:21:09.544  6527  6647 D ScanRecord: parseFromBytes
04-25 16:21:09.544  6527  6647 D ScanRecord: first manudata for manu ID
04-25 16:21:09.544  6527 28095 D BtGatt.ContextMap: sendClientScanResult for app id 5
04-25 16:21:09.544  6257  6267 D ScanRecord: parseFromBytes
04-25 16:21:09.544  6257  6267 D ScanRecord: first manudata for manu ID
04-25 16:21:09.544  6527  6647 D ScanRecord: parseFromBytes
04-25 16:21:09.544  6527  6647 D ScanRecord: first manudata for manu ID
04-25 16:21:09.544  6527 28095 D BtGatt.ContextMap: sendClientScanResult for app id 5
04-25 16:21:09.544  6257 20844 D ScanRecord: parseFromBytes
04-25 16:21:09.544  6257 20844 D ScanRecord: first manudata for manu ID
04-25 16:21:09.604  6527  6647 D ScanRecord: parseFromBytes
04-25 16:21:09.604  6527  6647 D ScanRecord: first manudata for manu ID
04-25 16:21:09.604  6527 28095 D BtGatt.ContextMap: sendClientScanResult for app id 5
04-25 16:21:09.604  6257  6268 D ScanRecord: parseFromBytes
04-25 16:21:09.604  6257  6268 D ScanRecord: first manudata for manu ID
04-25 16:21:11.374  3017  3017 D KeyguardUpdateMonitor: received broadcast android.intent.action.BATTERY_CHANGED
04-25 16:21:11.374  3017  3017 D KeyguardUpdateMonitor: handleBatteryUpdate
04-25 16:21:12.654  6527  6647 D ScanRecord: parseFromBytes
04-25 16:21:12.654  6527  6647 D ScanRecord: first manudata for manu ID
04-25 16:21:12.654  6527 28095 D BtGatt.ContextMap: sendClientScanResult for app id 5
04-25 16:21:12.654  6527  6647 D ScanRecord: parseFromBytes
04-25 16:21:12.654  6527  6647 D ScanRecord: first manudata for manu ID
04-25 16:21:12.654  6257  6267 D ScanRecord: parseFromBytes
04-25 16:21:12.654  6257  6267 D ScanRecord: first manudata for manu ID
04-25 16:21:12.654  6527  6647 D ScanRecord: parseFromBytes
04-25 16:21:12.654  6527  6647 D ScanRecord: first manudata for manu ID
04-25 16:21:12.654  6527 28095 D BtGatt.ContextMap: sendClientScanResult for app id 5
04-25 16:21:12.654  6527 28095 D BtGatt.ContextMap: sendClientScanResult for app id 5
04-25 16:21:12.654  6257 20844 D ScanRecord: parseFromBytes
04-25 16:21:12.654  6257 20844 D ScanRecord: first manudata for manu ID
04-25 16:21:12.654  6257 20844 D ScanRecord: parseFromBytes
04-25 16:21:12.654  6257 20844 D ScanRecord: first manudata for manu ID
04-25 16:21:12.664  6527  6647 D ScanRecord: parseFromBytes
04-25 16:21:12.664  6527  6647 D ScanRecord: first manudata for manu ID
04-25 16:21:12.664  6527 28095 D BtGatt.ContextMap: sendClientScanResult for app id 5
04-25 16:21:12.664  6257  6267 D ScanRecord: parseFromBytes
04-25 16:21:12.664  6257  6267 D ScanRecord: first manudata for manu ID
04-25 16:21:12.684  6527  6647 D ScanRecord: parseFromBytes
04-25 16:21:12.684  6527  6647 D ScanRecord: first manudata for manu ID
04-25 16:21:12.684  6527 28095 D BtGatt.ContextMap: sendClientScanResult for app id 5
04-25 16:21:12.684  6257 20844 D ScanRecord: parseFromBytes
04-25 16:21:12.684  6257 20844 D ScanRecord: first manudata for manu ID
04-25 16:21:12.684  6527  6647 D ScanRecord: parseFromBytes
04-25 16:21:12.694  6527  6647 D ScanRecord: first manudata for manu ID
04-25 16:21:12.694  6527 28095 D BtGatt.ContextMap: sendClientScanResult for app id 5
04-25 16:21:12.694  6257  6268 D ScanRecord: parseFromBytes
04-25 16:21:12.694  6257  6268 D ScanRecord: first manudata for manu ID
04-25 16:21:12.694  6527  6647 D ScanRecord: parseFromBytes
04-25 16:21:12.694  6527  6647 D ScanRecord: first manudata for manu ID
04-25 16:21:12.704  6527 28095 D BtGatt.ContextMap: sendClientScanResult for app id 5
