04-25 16:10:39.324  6527  6647 D ScanRecord: parseFromBytes
04-25 16:10:39.324  6527  6647 D ScanRecord: first manudata for manu ID
04-25 16:10:39.324  6527 28095 D BtGatt.ContextMap: sendClientScanResult for app id 5
04-25 16:10:39.324  6257  6268 D ScanRecord: parseFromBytes
04-25 16:10:39.324  6257  6268 D ScanRecord: first manudata for manu ID
04-25 16:10:39.344  6527  6647 D ScanRecord: parseFromBytes
04-25 16:10:39.344  6527  6647 D ScanRecord: first manudata for manu ID
04-25 16:10:39.344  6527 28095 D BtGatt.ContextMap: sendClientScanResult for app id 5
04-25 16:10:39.344  6257 20844 D ScanRecord: parseFromBytes
04-25 16:10:39.344  6257 20844 D ScanRecord: first manudata for manu ID
04-25 16:10:39.354  6527  6647 D ScanRecord: parseFromBytes
04-25 16:10:39.354  6527  6647 D ScanRecord: first manudata for manu ID
04-25 16:10:39.364  6527 28095 D BtGatt.ContextMap: sendClientScanResult for app id 5
04-25 16:10:39.364  6257  6267 D ScanRecord: parseFromBytes
04-25 16:10:39.364  6257  6267 D ScanRecord: first manudata for manu ID
04-25 16:10:39.404  6527  6647 D ScanRecord: parseFromBytes
04-25 16:10:39.404  6527  6647 D ScanRecord: first manudata for manu ID
04-25 16:10:39.404  6527 28095 D BtGatt.ContextMap: sendClientScanResult for app id 5
04-25 16:10:39.404  6257  6268 D ScanRecord: parseFromBytes
04-25 16:10:39.404  6257  6268 D ScanRecord: first manudata for manu ID
04-25 16:10:39.424  6527  6647 D ScanRecord: parseFromBytes
04-25 16:10:39.424  6527  6647 D ScanRecord: first manudata for manu ID
04-25 16:10:39.424  6527 28095 D BtGatt.ContextMap: sendClientScanResult for app id 5
04-25 16:10:39.424  6257 20844 D ScanRecord: parseFromBytes
04-25 16:10:39.424  6257 20844 D ScanRecord: first manudata for manu ID
04-25 16:10:42.354  6527  6647 D ScanRecord: parseFromBytes
04-25 16:10:42.354  6527  6647 D ScanRecord: first manudata for manu ID
04-25 16:10:42.354  6527 28095 D BtGatt.ContextMap: sendClientScanResult for app id 5
04-25 16:10:42.354  6257  6267 D ScanRecord: parseFromBytes
04-25 16:10:42.354  6257  6267 D ScanRecord: first manudata for manu ID
04-25 16:10:42.404  6527  6647 D ScanRecord: parseFromBytes
04-25 16:10:42.404  6527  6647 D ScanRecord: first manudata for manu ID
04-25 16:10:42.404  6527 28095 D BtGatt.ContextMap: sendClientScanResult for app id 5
04-25 16:10:42.404  6257  6268 D ScanRecord: parseFromBytes
04-25 16:10:42.404  6257  6268 D ScanRecord: first manudata for manu ID
04-25 16:10:42.414  6527  6647 D ScanRecord: parseFromBytes
04-25 16:10:42.414  6527  6647 D ScanRecord: first manudata for manu ID
04-25 16:10:42.424  6527 28095 D BtGatt.ContextMap: sendClientScanResult for app id 5
04-25 16:10:42.424  6257 20844 D ScanRecord: parseFromBytes
04-25 16:10:42.424  6257 20844 D ScanRecord: first manudata for manu ID
04-25 16:10:42.424  6527  6647 D ScanRecord: parseFromBytes
04-25 16:10:42.434  6527  6647 D ScanRecord: first manudata for manu ID
04-25 16:10:42.434  6527 28095 D BtGatt.ContextMap: sendClientScanResult for app id 5
04-25 16:10:42.434  6257  6267 D ScanRecord: parseFromBytes
04-25 16:10:42.434  6257  6267 D ScanRecord: first manudata for manu ID
04-25 16:10:42.434  6527  6647 D ScanRecord: parseFromBytes
04-25 16:10:42.444  6527  6647 D ScanRecord: first manudata for manu ID
04-25 16:10:42.444  6527 28095 D BtGatt.ContextMap: sendClientScanResult for app id 5
04-25 16:10:42.444  6257  6268 D ScanRecord: parseFromBytes
04-25 16:10:42.444  6257  6268 D ScanRecord: first manudata for manu ID
04-25 16:10:42.444  6527  6647 D ScanRecord: parseFromBytes
04-25 16:10:42.454  6527  6647 D ScanRecord: first manudata for manu ID
04-25 16:10:42.454  6527 28095 D BtGatt.ContextMap: sendClientScanResult for app id 5
04-25 16:10:42.454  6257 20844 D ScanRecord: parseFromBytes
04-25 16:10:42.454  6257 20844 D ScanRecord: first manudata for manu ID
04-25 16:10:42.454  6527  6647 D ScanRecord: parseFromBytes
04-25 16:10:42.454  6527  6647 D ScanRecord: first manudata for manu ID
04-25 16:10:42.464  6527 28095 D BtGatt.ContextMap: sendClientScanResult for app id 5
04-25 16:10:42.464  6257  6267 D ScanRecord: parseFromBytes
04-25 16:10:42.464  6257  6267 D ScanRecord: first manudata for manu ID
04-25 16:10:42.464  6527  6647 D ScanRecord: parseFromBytes
04-25 16:10:42.464  6527  6647 D ScanRecord: first manudata for manu ID
04-25 16:10:42.464  6527 28095 D BtGatt.ContextMap: sendClientScanResult for app id 5
04-25 16:10:42.474  6257  6268 D ScanRecord: parseFromBytes
04-25 16:10:42.474  6257  6268 D ScanRecord: first manudata for manu ID
04-25 16:10:42.494  6527  6647 D ScanRecord: parseFromBytes
04-25 16:10:42.494  6527  6647 D ScanRecord: first manudata for manu ID
04-25 16:10:42.494  6527 28095 D BtGatt.ContextMap: sendClientScanResult for app id 5
04-25 16:10:42.504  6257 20844 D ScanRecord: parseFromBytes
04-25 16:10:42.504  6257 20844 D ScanRecord: first manudata for manu ID
04-25 16:10:42.524  6527  6647 D ScanRecord: parseFromBytes
04-25 16:10:42.524  6527  6647 D ScanRecord: first manudata for manu ID
04-25 16:10:42.524  6527 28095 D BtGatt.ContextMap: sendClientScanResult for app id 5
04-25 16:10:42.524  6257  6267 D ScanRecord: parseFromBytes
04-25 16:10:42.524  6257  6267 D ScanRecord: first manudata for manu ID
04-25 16:10:42.534  6527  6647 D ScanRecord: parseFromBytes
04-25 16:10:42.534  6527  6647 D ScanRecord: first manudata for manu ID
04-25 16:10:42.534  6527 28095 D BtGatt.ContextMap: sendClientScanResult for app id 5
04-25 16:10:42.534  6257  6268 D ScanRecord: parseFromBytes
04-25 16:10:42.534  6257  6268 D ScanRecord: first manudata for manu ID
04-25 16:10:42.544  6527  6647 D ScanRecord: parseFromBytes
04-25 16:10:42.544  6527  6647 D ScanRecord: first manudata for manu ID
04-25 16:10:42.544  6527 28095 D BtGatt.ContextMap: sendClientScanResult for app id 5
04-25 16:10:42.544  6257 20844 D ScanRecord: parseFromBytes
04-25 16:10:42.544  6257 20844 D ScanRecord: first manudata for manu ID
04-25 16:10:42.554  6527  6647 D ScanRecord: parseFromBytes
04-25 16:10:42.554  6527  6647 D ScanRecord: first manudata for manu ID
04-25 16:10:42.554  6527 28095 D BtGatt.ContextMap: sendClientScanResult for app id 5
04-25 16:10:42.554  6257  6267 D ScanRecord: parseFromBytes
04-25 16:10:42.554  6257  6267 D ScanRecord: first manudata for manu ID
04-25 16:10:44.264  2547  2945 E WifiNative-wlan0: do suspend false
04-25 16:10:44.314  2725  2725 I dhcpcd  : sending signal 14 to pid 3489
04-25 16:10:44.324  3489  3489 I dhcpcd  : received SIGALRM, renewing
04-25 16:10:44.324  3489  3489 I dhcpcd  : wlan0: renewing lease of 192.168.89.109
04-25 16:10:44.324  3489  3489 I dhcpcd  : start_renew() if(wlan0) new BSSID get Success. (MAC : 1C.37.B1)
04-25 16:10:44.324  3489  3489 I dhcpcd  : start_renew() if(wlan0) old BSSID get Success. (MAC : 1C.37.B1)
04-25 16:10:44.324  3489  3489 I dhcpcd  : start_renew() bssid match
04-25 16:10:44.594  2147  2147 I display : [PrimaryDisplay] [DYNAMIC_RECOMP] first frame after HWC_2_GLES
04-25 16:10:44.594  2147  2147 I display : [PrimaryDisplay] [DYNAMIC_RECOMP] GLES_2_HWC by high FPS(5)
04-25 16:10:44.914  2147 28087 I display : [PrimaryDisplay] [DYNAMIC_RECOMP] HWC_2_GLES by low FPS(0)
04-25 16:10:45.474  6527  6647 D ScanRecord: parseFromBytes
04-25 16:10:45.474  6527  6647 D ScanRecord: first manudata for manu ID
04-25 16:10:45.474  6527 28095 D BtGatt.ContextMap: sendClientScanResult for app id 5
04-25 16:10:45.484  6257 20844 D ScanRecord: parseFromBytes
04-25 16:10:45.484  6257 20844 D ScanRecord: first manudata for manu ID
04-25 16:10:45.504  6527  6647 D ScanRecord: parseFromBytes
04-25 16:10:45.504  6527  6647 D ScanRecord: first manudata for manu ID
04-25 16:10:45.504  6527 28095 D BtGatt.ContextMap: sendClientScanResult for app id 5
04-25 16:10:45.504  6257  6267 D ScanRecord: parseFromBytes
04-25 16:10:45.504  6257  6267 D ScanRecord: first manudata for manu ID
04-25 16:10:45.504  6527  6647 D ScanRecord: parseFromBytes
04-25 16:10:45.504  6527  6647 D ScanRecord: first manudata for manu ID
04-25 16:10:45.504  6527 28095 D BtGatt.ContextMap: sendClientScanResult for app id 5
04-25 16:10:45.514  6257  6268 D ScanRecord: parseFromBytes
04-25 16:10:45.514  6257  6268 D ScanRecord: first manudata for manu ID
04-25 16:10:45.514  6527  6647 D ScanRecord: parseFromBytes
04-25 16:10:45.514  6527  6647 D ScanRecord: first manudata for manu ID
04-25 16:10:45.514  6527 28095 D BtGatt.ContextMap: sendClientScanResult for app id 5
04-25 16:10:45.514  6257 20844 D ScanRecord: parseFromBytes
04-25 16:10:45.514  6257 20844 D ScanRecord: first manudata for manu ID
04-25 16:10:45.524  6527  6647 D ScanRecord: parseFromBytes
04-25 16:10:45.524  6527  6647 D ScanRecord: first manudata for manu ID
04-25 16:10:45.524  6527 28095 D BtGatt.ContextMap: sendClientScanResult for app id 5
04-25 16:10:45.524  6257  6267 D ScanRecord: parseFromBytes
04-25 16:10:45.524  6257  6267 D ScanRecord: first manudata for manu ID
04-25 16:10:45.534  6527  6647 D ScanRecord: parseFromBytes
04-25 16:10:45.534  6527  6647 D ScanRecord: first manudata for manu ID
04-25 16:10:45.534  6527 28095 D BtGatt.ContextMap: sendClientScanResult for app id 5
04-25 16:10:45.534  6257  6268 D ScanRecord: parseFromBytes
04-25 16:10:45.534  6257  6268 D ScanRecord: first manudata for manu ID
04-25 16:10:45.544  6527  6647 D ScanRecord: parseFromBytes
04-25 16:10:45.544  6527  6647 D ScanRecord: first manudata for manu ID
04-25 16:10:45.544  6527 28095 D BtGatt.ContextMap: sendClientScanResult for app id 5
04-25 16:10:45.554  6257 20844 D ScanRecord: parseFromBytes
04-25 16:10:45.554  6257 20844 D ScanRecord: first manudata for manu ID
04-25 16:10:45.584  6527  6647 D ScanRecord: parseFromBytes
04-25 16:10:45.584  6527  6647 D ScanRecord: first manudata for manu ID
04-25 16:10:45.584  6527 28095 D BtGatt.ContextMap: sendClientScanResult for app id 5
04-25 16:10:45.584  6257  6268 D ScanRecord: parseFromBytes
04-25 16:10:45.584  6257  6268 D ScanRecord: first manudata for manu ID
04-25 16:10:45.594  2147  2147 I display : [PrimaryDisplay] [DYNAMIC_RECOMP] first frame after HWC_2_GLES
04-25 16:10:45.594  2147  2147 I display : [PrimaryDisplay] [DYNAMIC_RECOMP] GLES_2_HWC by high FPS(5)
04-25 16:10:45.604  6527  6647 D ScanRecord: parseFromBytes
04-25 16:10:45.604  6527  6647 D ScanRecord: first manudata for manu ID
04-25 16:10:45.604  6527 28095 D BtGatt.ContextMap: sendClientScanResult for app id 5
04-25 16:10:45.604  6257 20844 D ScanRecord: parseFromBytes
04-25 16:10:45.604  6257 20844 D ScanRecord: first manudata for manu ID
04-25 16:10:45.614  6527  6647 D ScanRecord: parseFromBytes
04-25 16:10:45.614  6527  6647 D ScanRecord: first manudata for manu ID
04-25 16:10:45.614  6527 28095 D BtGatt.ContextMap: sendClientScanResult for app id 5
04-25 16:10:45.614  6257  6267 D ScanRecord: parseFromBytes
04-25 16:10:45.614  6257  6267 D ScanRecord: first manudata for manu ID
04-25 16:10:45.914  2147 28087 I display : [PrimaryDisplay] [DYNAMIC_RECOMP] HWC_2_GLES by low FPS(0)
04-25 16:10:46.174  3017  3017 D KeyguardUpdateMonitor: received broadcast android.intent.action.BATTERY_CHANGED
04-25 16:10:46.174  3017  3017 D KeyguardUpdateMonitor: handleBatteryUpdate
04-25 16:10:46.204  2147  2147 I display : [PrimaryDisplay] [DYNAMIC_RECOMP] first frame after HWC_2_GLES
04-25 16:10:46.204  2147  2147 I display : [PrimaryDisplay] [DYNAMIC_RECOMP] GLES_2_HWC by high FPS(5)
04-25 16:10:46.514  2147 28087 I display : [PrimaryDisplay] [DYNAMIC_RECOMP] HWC_2_GLES by low FPS(0)
04-25 16:10:46.774  2547  2881 D SensorService: [SO] -0.255 0.353 9.699
04-25 16:10:48.664  6527  6647 D ScanRecord: parseFromBytes
04-25 16:10:48.664  6527  6647 D ScanRecord: first manudata for manu ID
04-25 16:10:48.664  6527 28095 D BtGatt.ContextMap: sendClientScanResult for app id 5
04-25 16:10:48.664  6527  6647 D ScanRecord: parseFromBytes
04-25 16:10:48.664  6527  6647 D ScanRecord: first manudata for manu ID
04-25 16:10:48.664  6527 28095 D BtGatt.ContextMap: sendClientScanResult for app id 5
04-25 16:10:48.664  6257  6268 D ScanRecord: parseFromBytes
04-25 16:10:48.664  6257  6268 D ScanRecord: first manudata for manu ID
04-25 16:10:48.664  6257  6268 D ScanRecord: parseFromBytes
04-25 16:10:48.664  6257  6268 D ScanRecord: first manudata for manu ID
04-25 16:10:48.704  6527  6647 D ScanRecord: parseFromBytes
04-25 16:10:48.704  6527  6647 D ScanRecord: first manudata for manu ID
04-25 16:10:48.704  6527 28095 D BtGatt.ContextMap: sendClientScanResult for app id 5
04-25 16:10:48.704  6257  6267 D ScanRecord: parseFromBytes
04-25 16:10:48.704  6257  6267 D ScanRecord: first manudata for manu ID
04-25 16:10:48.704  6527  6647 D ScanRecord: parseFromBytes
04-25 16:10:48.704  6527  6647 D ScanRecord: first manudata for manu ID
04-25 16:10:48.704  6527 28095 D BtGatt.ContextMap: sendClientScanResult for app id 5
04-25 16:10:48.704  6257 20844 D ScanRecord: parseFromBytes
04-25 16:10:48.704  6257 20844 D ScanRecord: first manudata for manu ID
04-25 16:10:48.854  2727  2727 E Zygote  : v2
04-25 16:10:48.864  2727  2727 W SELinux : Function: selinux_compare_spd_ram, index[1], priority [2], priority version is VE=SEPF_SECMOBILE_6.0.1_0033
04-25 16:10:48.874  2727  2727 E Zygote  : accessInfo : 0
04-25 16:10:48.924  2727  2727 D TimaKeyStoreProvider: TimaSignature is unavailable
04-25 16:10:48.924  2727  2727 D ActivityThread: Added TimaKeyStore provider
04-25 16:10:48.964  2727  2727 W System  : ClassLoader referenced unknown path: /system/app/SecurityLogAgent/lib/arm
04-25 16:10:48.984  2727  2727 D SecurityLogAgent: UploadReceiver : Upload Receiver Called 
04-25 16:10:48.994  2727  2727 D SecurityLogAgent: UploadReceiver : Upload Service is not running 
04-25 16:10:49.014  2727  2740 D SecurityLogAgent: FileUploadService : onHandleIntent 
04-25 16:10:49.014  2727  2740 D SecurityLogAgent: FileCipher : getKey Called 
04-25 16:10:49.044  2727  2740 I SecureStorage: [INFO]: SPID(0x00000000)Checking if this device supports Secure Storage
04-25 16:10:49.104  2727  2740 I SecureStorage: [INFO]: SPID(0x00000000)This device does not support Secure Storage
04-25 16:10:49.104  2727  2740 D SecurityLogAgent: FileCipher : Secure Storage not supported 
04-25 16:10:49.114  2727  2740 D SecurityLogAgent: FileCipher : saves and retrieves key from Java KeyStore. 
04-25 16:10:49.124  2727  2740 D SecurityLogAgent: FileCipher : loaded key from KeyStore .  
04-25 16:10:49.194  2727  2740 D SecurityLogAgent: FileCipher : Key loaded. 
04-25 16:10:49.194  2727  2740 D SecurityLogAgent: KnoxConfiguration : Current State = 5
04-25 16:10:49.194  2727  2740 D SecurityLogAgent: KnoxConfiguration : Current State Mapping Found 
04-25 16:10:49.194  2727  2740 D SecurityLogAgent: StateMachine : Current State = 5
04-25 16:10:49.194  2727  2740 D SecurityLogAgent: FileUploadService : onPremise disabled. uploading..  
04-25 16:10:49.204  2727  2740 D SecurityLogAgent: FileUploadService : Denial Directory is not empty 
04-25 16:10:49.214  2727  2740 D SecurityLogAgent: FileCipher : signed data = 84QOF02fbef1143dca1323dCDz6i/NSoeOt1/0FEIkfFI5Qbs9BswmdelzMpQmFwyx3IwRc5HSOrDvF3d3
04-25 16:10:49.214  2727  2740 D SecurityLogAgent: FileUploadService : Denial request = {"data":{"deviceid":"3bc4b686a6bda165","model":"SM-J700M","build_number":"MMB29K.J700MUBU2BPL2_6.0.1"},"signature":"84QOF02fbef1143dca1323dCDz6i\/NSoeOt1\/0FEIkfFI5Qbs9BswmdelzMpQmFwyx3IwRc5HSOrDvF3d3"}
04-25 16:10:49.224  2727  2740 D SecurityLogAgent: DenialRequest : decrypting file :  denialLog514062043.zipFile existence : true and size is 960
04-25 16:10:49.224  2727  2740 D SecurityLogAgent: FileCipher : File ciphering 
04-25 16:10:49.224  2727  2740 D SecurityLogAgent: FileCipher : Source file name = denialLog514062043.zip source file size 960
04-25 16:10:49.224  2727  2740 D SecurityLogAgent: FileCipher : Destination file name = denialLog-1059004428.zip dest file Size 946
04-25 16:10:49.224  2727  2740 D SecurityLogAgent: FileCipher : File ciphered successful 
04-25 16:10:49.234  2727  2740 D SecurityLogAgent: FileUploadService : Server URI = HTTPS://us-knox.secb2b.com/knox/deniallog
04-25 16:10:49.234  2156  2872 D EnterpriseController: netId is 0
04-25 16:10:49.234  2156  2872 D Netd    : getNetworkForDns: using netid 502 for uid 1000
04-25 16:10:49.244  2727  2740 D SecurityLogAgent: FileUploadService : Url protocol : https
04-25 16:10:49.244  2727  2740 D SecurityLogAgent: FileUploadService : Url protocol is https 
04-25 16:10:49.264  2727  2740 D SecurityLogAgent: FileUploadService : Connection found 
04-25 16:10:49.264  2727  2740 D SecurityLogAgent: FileUploadService : Connection is not null 
04-25 16:10:49.264  2727  2740 I System.out: (HTTPLog)-Static: isSBSettingEnabled false
04-25 16:10:49.264  2727  2740 I System.out: (HTTPLog)-Static: isSBSettingEnabled false
04-25 16:10:49.364  3489  3489 I dhcpcd  : wlan0: acknowledged 192.168.89.109 from 192.168.89.1
04-25 16:10:49.414  3489  3489 I dhcpcd  : wlan0: leased 192.168.89.109 for 7200 seconds
04-25 16:10:49.594  2147  2147 I display : [PrimaryDisplay] [DYNAMIC_RECOMP] first frame after HWC_2_GLES
04-25 16:10:49.604  2147  2147 I display : [PrimaryDisplay] [DYNAMIC_RECOMP] GLES_2_HWC by high FPS(5)
04-25 16:10:49.894  2547  2945 E WifiStateMachine: result: 0, Moved BSSID: 1c:fa:68:12:37:b1
04-25 16:10:49.904  3017  3351 D NetworkController: onReceive: intent=Intent { act=android.net.wifi.RSSI_CHANGED flg=0x4000010 bqHint=4 (has extras) }
04-25 16:10:49.914  2147 28087 I display : [PrimaryDisplay] [DYNAMIC_RECOMP] HWC_2_GLES by low FPS(0)
04-25 16:10:49.914  2547  2945 D WifiStateMachine: WifiStateMachine: handleSuccessfulIpConfiguration and no scan results"ceshi"WPA_PSK
04-25 16:10:50.614  2147  2147 I display : [PrimaryDisplay] [DYNAMIC_RECOMP] first frame after HWC_2_GLES
04-25 16:10:50.614  2147  2147 I display : [PrimaryDisplay] [DYNAMIC_RECOMP] GLES_2_HWC by high FPS(5)
04-25 16:10:50.914  2147 28087 I display : [PrimaryDisplay] [DYNAMIC_RECOMP] HWC_2_GLES by low FPS(0)
04-25 16:10:51.754  6527  6647 D ScanRecord: parseFromBytes
04-25 16:10:51.754  6527  6647 D ScanRecord: first manudata for manu ID
04-25 16:10:51.754  6527  6647 D ScanRecord: parseFromBytes
04-25 16:10:51.754  6527  6647 D ScanRecord: first manudata for manu ID
04-25 16:10:51.754  6527 28095 D BtGatt.ContextMap: sendClientScanResult for app id 5
04-25 16:10:51.754  6527  6647 D ScanRecord: parseFromBytes
04-25 16:10:51.754  6527  6647 D ScanRecord: first manudata for manu ID
04-25 16:10:51.754  6527 28095 D BtGatt.ContextMap: sendClientScanResult for app id 5
04-25 16:10:51.754  6527 28095 D BtGatt.ContextMap: sendClientScanResult for app id 5
04-25 16:10:51.754  6527  6647 D ScanRecord: parseFromBytes
04-25 16:10:51.754  6527  6647 D ScanRecord: first manudata for manu ID
04-25 16:10:51.754  6257 20844 D ScanRecord: parseFromBytes
04-25 16:10:51.754  6257 20844 D ScanRecord: first manudata for manu ID
04-25 16:10:51.754  6527  6647 D ScanRecord: parseFromBytes
04-25 16:10:51.754  6527  6647 D ScanRecord: first manudata for manu ID
04-25 16:10:51.754  6257 20844 D ScanRecord: parseFromBytes
04-25 16:10:51.754  6257 20844 D ScanRecord: first manudata for manu ID
04-25 16:10:51.754  6257 20844 D ScanRecord: parseFromBytes
04-25 16:10:51.754  6257 20844 D ScanRecord: first manudata for manu ID
04-25 16:10:51.764  6527 28095 D BtGatt.ContextMap: sendClientScanResult for app id 5
04-25 16:10:51.764  6527 28095 D BtGatt.ContextMap: sendClientScanResult for app id 5
04-25 16:10:51.764  6257 20844 D ScanRecord: parseFromBytes
04-25 16:10:51.764  6257 20844 D ScanRecord: first manudata for manu ID
04-25 16:10:51.764  6257 20844 D ScanRecord: parseFromBytes
04-25 16:10:51.764  6257 20844 D ScanRecord: first manudata for manu ID
04-25 16:10:51.774  6527  6647 D ScanRecord: parseFromBytes
04-25 16:10:51.774  6527  6647 D ScanRecord: first manudata for manu ID
04-25 16:10:51.774  6527 28095 D BtGatt.ContextMap: sendClientScanResult for app id 5
04-25 16:10:51.774  6527  6647 D ScanRecord: parseFromBytes
04-25 16:10:51.774  6527  6647 D ScanRecord: first manudata for manu ID
04-25 16:10:51.774  6257  6268 D ScanRecord: parseFromBytes
04-25 16:10:51.774  6257  6268 D ScanRecord: first manudata for manu ID
04-25 16:10:51.774  6527 28095 D BtGatt.ContextMap: sendClientScanResult for app id 5
04-25 16:10:51.774  6257 20844 D ScanRecord: parseFromBytes
04-25 16:10:51.774  6257 20844 D ScanRecord: first manudata for manu ID
04-25 16:10:51.784  6527  6647 D ScanRecord: parseFromBytes
04-25 16:10:51.784  6527  6647 D ScanRecord: first manudata for manu ID
04-25 16:10:51.784  6527 28095 D BtGatt.ContextMap: sendClientScanResult for app id 5
04-25 16:10:51.784  6257  6267 D ScanRecord: parseFromBytes
04-25 16:10:51.784  6257  6267 D ScanRecord: first manudata for manu ID
04-25 16:10:51.814  6527  6647 D ScanRecord: parseFromBytes
04-25 16:10:51.814  6527  6647 D ScanRecord: first manudata for manu ID
04-25 16:10:51.824  6527 28095 D BtGatt.ContextMap: sendClientScanResult for app id 5
04-25 16:10:51.824  6257  6268 D ScanRecord: parseFromBytes
04-25 16:10:51.824  6257  6268 D ScanRecord: first manudata for manu ID
04-25 16:10:51.824  6527  6647 D ScanRecord: parseFromBytes
04-25 16:10:51.824  6527  6647 D ScanRecord: first manudata for manu ID
04-25 16:10:51.824  6527 28095 D BtGatt.ContextMap: sendClientScanResult for app id 5
04-25 16:10:51.824  6257 20844 D ScanRecord: parseFromBytes
04-25 16:10:51.824  6257 20844 D ScanRecord: first manudata for manu ID
04-25 16:10:51.854  6527  6647 D ScanRecord: parseFromBytes
04-25 16:10:51.864  6527  6647 D ScanRecord: first manudata for manu ID
04-25 16:10:51.864  6527 28095 D BtGatt.ContextMap: sendClientScanResult for app id 5
04-25 16:10:51.864  6257  6267 D ScanRecord: parseFromBytes
04-25 16:10:51.864  6257  6267 D ScanRecord: first manudata for manu ID
04-25 16:10:51.874  6527  6647 D ScanRecord: parseFromBytes
04-25 16:10:51.874  6527  6647 D ScanRecord: first manudata for manu ID
04-25 16:10:51.874  6527 28095 D BtGatt.ContextMap: sendClientScanResult for app id 5
04-25 16:10:51.874  6257  6268 D ScanRecord: parseFromBytes
04-25 16:10:51.874  6257  6268 D ScanRecord: first manudata for manu ID
04-25 16:10:52.704  3017  3351 D NetworkController: onReceive: intent=Intent { act=android.net.wifi.RSSI_CHANGED flg=0x4000010 bqHint=4 (has extras) }
04-25 16:10:54.624  2147  2147 I display : [PrimaryDisplay] [DYNAMIC_RECOMP] first frame after HWC_2_GLES
04-25 16:10:54.624  2147  2147 I display : [PrimaryDisplay] [DYNAMIC_RECOMP] GLES_2_HWC by high FPS(5)
04-25 16:10:54.864  6527  6647 D ScanRecord: parseFromBytes
04-25 16:10:54.864  6527  6647 D ScanRecord: first manudata for manu ID
04-25 16:10:54.874  6527 28095 D BtGatt.ContextMap: sendClientScanResult for app id 5
04-25 16:10:54.874  6257  6267 D ScanRecord: parseFromBytes
04-25 16:10:54.874  6257  6267 D ScanRecord: first manudata for manu ID
04-25 16:10:54.874  6527  6647 D ScanRecord: parseFromBytes
04-25 16:10:54.874  6527  6647 D ScanRecord: first manudata for manu ID
04-25 16:10:54.874  6527 28095 D BtGatt.ContextMap: sendClientScanResult for app id 5
04-25 16:10:54.884  6257  6268 D ScanRecord: parseFromBytes
04-25 16:10:54.884  6257  6268 D ScanRecord: first manudata for manu ID
04-25 16:10:54.884  6527  6647 D ScanRecord: parseFromBytes
04-25 16:10:54.884  6527  6647 D ScanRecord: first manudata for manu ID
04-25 16:10:54.884  6527 28095 D BtGatt.ContextMap: sendClientScanResult for app id 5
04-25 16:10:54.884  6257 20844 D ScanRecord: parseFromBytes
04-25 16:10:54.884  6257 20844 D ScanRecord: first manudata for manu ID
04-25 16:10:54.924  2147 28087 I display : [PrimaryDisplay] [DYNAMIC_RECOMP] HWC_2_GLES by low FPS(0)
04-25 16:10:54.954  6527  6647 D ScanRecord: parseFromBytes
04-25 16:10:54.954  6527  6647 D ScanRecord: first manudata for manu ID
04-25 16:10:54.954  6527 28095 D BtGatt.ContextMap: sendClientScanResult for app id 5
04-25 16:10:54.954  6257  6267 D ScanRecord: parseFromBytes
04-25 16:10:54.954  6257  6267 D ScanRecord: first manudata for manu ID
04-25 16:10:54.964  6527  6647 D ScanRecord: parseFromBytes
04-25 16:10:54.964  6527  6647 D ScanRecord: first manudata for manu ID
04-25 16:10:54.964  6527 28095 D BtGatt.ContextMap: sendClientScanResult for app id 5
04-25 16:10:54.964  6257  6268 D ScanRecord: parseFromBytes
04-25 16:10:54.964  6257  6268 D ScanRecord: first manudata for manu ID
04-25 16:10:54.994  6527  6647 D ScanRecord: parseFromBytes
04-25 16:10:54.994  6527  6647 D ScanRecord: first manudata for manu ID
04-25 16:10:54.994  6527 28095 D BtGatt.ContextMap: sendClientScanResult for app id 5
04-25 16:10:54.994  6257 20844 D ScanRecord: parseFromBytes
04-25 16:10:54.994  6257 20844 D ScanRecord: first manudata for manu ID
04-25 16:10:54.994  6527  6647 D ScanRecord: parseFromBytes
04-25 16:10:54.994  6527  6647 D ScanRecord: first manudata for manu ID
04-25 16:10:54.994  6527 28095 D BtGatt.ContextMap: sendClientScanResult for app id 5
04-25 16:10:54.994  6257  6267 D ScanRecord: parseFromBytes
04-25 16:10:54.994  6257  6267 D ScanRecord: first manudata for manu ID
04-25 16:10:55.004  6527  6647 D ScanRecord: parseFromBytes
04-25 16:10:55.004  6527  6647 D ScanRecord: first manudata for manu ID
04-25 16:10:55.004  6527 28095 D BtGatt.ContextMap: sendClientScanResult for app id 5
04-25 16:10:55.004  6257  6268 D ScanRecord: parseFromBytes
04-25 16:10:55.004  6257  6268 D ScanRecord: first manudata for manu ID
04-25 16:10:55.014  6527  6647 D ScanRecord: parseFromBytes
04-25 16:10:55.014  6527  6647 D ScanRecord: first manudata for manu ID
04-25 16:10:55.024  6527 28095 D BtGatt.ContextMap: sendClientScanResult for app id 5
04-25 16:10:55.024  6257 20844 D ScanRecord: parseFromBytes
04-25 16:10:55.024  6257 20844 D ScanRecord: first manudata for manu ID
04-25 16:10:55.624  2147  2147 I display : [PrimaryDisplay] [DYNAMIC_RECOMP] first frame after HWC_2_GLES
04-25 16:10:55.624  2147  2147 I display : [PrimaryDisplay] [DYNAMIC_RECOMP] GLES_2_HWC by high FPS(5)
04-25 16:10:55.924  2147 28087 I display : [PrimaryDisplay] [DYNAMIC_RECOMP] HWC_2_GLES by low FPS(0)
04-25 16:10:56.264  2727  2740 D SecurityLogAgent: FileUploadService : Get output stream for writing 
04-25 16:10:56.264  2727  2740 D SecurityLogAgent: FileUploadService : Files written 
04-25 16:10:56.264  3017  3017 D KeyguardUpdateMonitor: received broadcast android.intent.action.BATTERY_CHANGED
04-25 16:10:56.264  3017  3017 D KeyguardUpdateMonitor: handleBatteryUpdate
04-25 16:10:56.294  2147  2147 I display : [PrimaryDisplay] [DYNAMIC_RECOMP] first frame after HWC_2_GLES
04-25 16:10:56.294  2147  2147 I display : [PrimaryDisplay] [DYNAMIC_RECOMP] GLES_2_HWC by high FPS(5)
04-25 16:10:56.624  2147 28087 I display : [PrimaryDisplay] [DYNAMIC_RECOMP] HWC_2_GLES by low FPS(0)
04-25 16:10:56.774  2547  2881 D SensorService: [SO] -0.249 0.347 9.685
04-25 16:10:57.644  2147  2147 I display : [PrimaryDisplay] [DYNAMIC_RECOMP] first frame after HWC_2_GLES
04-25 16:10:57.654  2147  2147 I display : [PrimaryDisplay] [DYNAMIC_RECOMP] GLES_2_HWC by high FPS(5)
04-25 16:10:57.924  2147 28087 I display : [PrimaryDisplay] [DYNAMIC_RECOMP] HWC_2_GLES by low FPS(0)
04-25 16:10:57.964  6527  6647 D ScanRecord: parseFromBytes
04-25 16:10:57.964  6527  6647 D ScanRecord: first manudata for manu ID
04-25 16:10:57.964  6527 28095 D BtGatt.ContextMap: sendClientScanResult for app id 5
04-25 16:10:57.964  6257  6267 D ScanRecord: parseFromBytes
04-25 16:10:57.964  6257  6267 D ScanRecord: first manudata for manu ID
04-25 16:10:57.974  6527  6647 D ScanRecord: parseFromBytes
04-25 16:10:57.974  6527  6647 D ScanRecord: first manudata for manu ID
04-25 16:10:57.974  6527 28095 D BtGatt.ContextMap: sendClientScanResult for app id 5
04-25 16:10:57.984  6257  6268 D ScanRecord: parseFromBytes
04-25 16:10:57.984  6257  6268 D ScanRecord: first manudata for manu ID
04-25 16:10:57.984  6527  6647 D ScanRecord: parseFromBytes
04-25 16:10:57.984  6527  6647 D ScanRecord: first manudata for manu ID
04-25 16:10:57.984  6527 28095 D BtGatt.ContextMap: sendClientScanResult for app id 5
04-25 16:10:57.984  6257 20844 D ScanRecord: parseFromBytes
04-25 16:10:57.984  6257 20844 D ScanRecord: first manudata for manu ID
04-25 16:10:57.994  6527  6647 D ScanRecord: parseFromBytes
04-25 16:10:57.994  6527  6647 D ScanRecord: first manudata for manu ID
04-25 16:10:57.994  6527 28095 D BtGatt.ContextMap: sendClientScanResult for app id 5
04-25 16:10:57.994  6257  6267 D ScanRecord: parseFromBytes
04-25 16:10:57.994  6257  6267 D ScanRecord: first manudata for manu ID
04-25 16:10:58.004  6527  6647 D ScanRecord: parseFromBytes
04-25 16:10:58.004  6527  6647 D ScanRecord: first manudata for manu ID
04-25 16:10:58.004  6527 28095 D BtGatt.ContextMap: sendClientScanResult for app id 5
04-25 16:10:58.004  6257  6268 D ScanRecord: parseFromBytes
04-25 16:10:58.004  6257  6268 D ScanRecord: first manudata for manu ID
04-25 16:10:58.034  6527  6647 D ScanRecord: parseFromBytes
04-25 16:10:58.034  6527  6647 D ScanRecord: first manudata for manu ID
04-25 16:10:58.034  6527 28095 D BtGatt.ContextMap: sendClientScanResult for app id 5
04-25 16:10:58.034  6257 20844 D ScanRecord: parseFromBytes
04-25 16:10:58.034  6257 20844 D ScanRecord: first manudata for manu ID
04-25 16:10:58.044  6527  6647 D ScanRecord: parseFromBytes
04-25 16:10:58.044  6527  6647 D ScanRecord: first manudata for manu ID
04-25 16:10:58.044  6527 28095 D BtGatt.ContextMap: sendClientScanResult for app id 5
04-25 16:10:58.044  6257  6267 D ScanRecord: parseFromBytes
04-25 16:10:58.054  6257  6267 D ScanRecord: first manudata for manu ID
04-25 16:10:58.134  6527  6647 D ScanRecord: parseFromBytes
04-25 16:10:58.134  6527  6647 D ScanRecord: first manudata for manu ID
04-25 16:10:58.134  6527 28095 D BtGatt.ContextMap: sendClientScanResult for app id 5
04-25 16:10:58.134  6257  6268 D ScanRecord: parseFromBytes
04-25 16:10:58.134  6257  6268 D ScanRecord: first manudata for manu ID
04-25 16:10:58.134  6527  6647 D ScanRecord: parseFromBytes
04-25 16:10:58.134  6527  6647 D ScanRecord: first manudata for manu ID
04-25 16:10:58.144  6527 28095 D BtGatt.ContextMap: sendClientScanResult for app id 5
04-25 16:10:58.144  6257 20844 D ScanRecord: parseFromBytes
04-25 16:10:58.144  6257 20844 D ScanRecord: first manudata for manu ID
04-25 16:10:58.504  2727  2740 D SecurityLogAgent: FileUploadService : ResponseCode = 200
04-25 16:10:58.504  2727  2740 D SecurityLogAgent: FileUploadService : successful 
04-25 16:10:58.514  2727  2740 D SecurityLogAgent: FileUploadService : Response = {"status": "success","upload_frequency": 0,"upload_time": 1556266056665}
04-25 16:10:58.524  2727  2740 D SecurityLogAgent: FileUploadService : Files uploaded successfully , State changed to DONE 
04-25 16:10:58.544  2727  2740 D SecurityLogAgent: StateMachine : Changed Current State = 0
04-25 16:10:58.564  2727  2740 D SecurityLogAgent: FileUploadService : Deleted all files successfully 
04-25 16:10:58.574  2727  2740 D SecurityLogAgent: FileUploadService : completed task. Returning wakelock . 
04-25 16:10:58.654  2147  2147 I display : [PrimaryDisplay] [DYNAMIC_RECOMP] first frame after HWC_2_GLES
04-25 16:10:58.654  2147  2147 I display : [PrimaryDisplay] [DYNAMIC_RECOMP] GLES_2_HWC by high FPS(5)
04-25 16:10:58.934  2147 28087 I display : [PrimaryDisplay] [DYNAMIC_RECOMP] HWC_2_GLES by low FPS(0)
04-25 16:10:59.654  2147  2147 I display : [PrimaryDisplay] [DYNAMIC_RECOMP] first frame after HWC_2_GLES
04-25 16:10:59.654  2147  2147 I display : [PrimaryDisplay] [DYNAMIC_RECOMP] GLES_2_HWC by high FPS(5)
04-25 16:10:59.934  2147 28087 I display : [PrimaryDisplay] [DYNAMIC_RECOMP] HWC_2_GLES by low FPS(0)
04-25 16:10:59.994  3017  3017 D KeyguardUpdateMonitor: received broadcast android.intent.action.TIME_TICK
04-25 16:10:59.994  3017  3017 D KeyguardUpdateMonitor: handleTimeUpdate
04-25 16:10:59.994  3017  3017 D Clock   : received broadcast android.intent.action.TIME_TICK
04-25 16:11:00.034  2147  2147 I display : [PrimaryDisplay] [DYNAMIC_RECOMP] first frame after HWC_2_GLES
04-25 16:11:00.034  2147  2147 I display : [PrimaryDisplay] [DYNAMIC_RECOMP] GLES_2_HWC by high FPS(5)
04-25 16:11:00.054  3017  3017 D DateView: received broadcast android.intent.action.TIME_TICK
04-25 16:11:00.074  3017  3017 D NotificationStackScrollLayout:  scroll range should be extended : 708
04-25 16:11:00.094  3336  3336 V LauncherAppWidgetHostView: calculateWidgetSize: (target widgetsize)  using w/h 686 220 span 4 1 (widgetid 2) [current Gridsize : GRID_4x4]
04-25 16:11:00.094  3336  3336 D LauncherAppWidgetHostView: calculateWidgetSize() widget = Weather and Clock(widget id = 2) result hostview size = 686 x 220
04-25 16:11:00.094  3336  3336 D LauncherAppWidgetHostView: setResizeScaleResult() 686/ 220 scaleToResize = 1.0(widget id = 2)
04-25 16:11:00.094  3336  3336 V LauncherAppWidgetHostView: calculateWidgetSize: (target widgetsize)  using w/h 686 220 span 4 1 (widgetid 3) [current Gridsize : GRID_4x4]
04-25 16:11:00.094  3336  3336 D LauncherAppWidgetHostView: calculateWidgetSize() widget = Google(widget id = 3) result hostview size = 686 x 220
04-25 16:11:00.094  3336  3336 D LauncherAppWidgetHostView: setResizeScaleResult() 686/ 220 scaleToResize = 1.0(widget id = 3)
04-25 16:11:00.114  3336  3336 V LauncherAppWidgetHostView: calculateWidgetSize: (target widgetsize)  using w/h 686 220 span 4 1 (widgetid 2) [current Gridsize : GRID_4x4]
04-25 16:11:00.114  3336  3336 D LauncherAppWidgetHostView: calculateWidgetSize() widget = Weather and Clock(widget id = 2) result hostview size = 686 x 220
04-25 16:11:00.114  3336  3336 D LauncherAppWidgetHostView: setResizeScaleResult() 686/ 220 scaleToResize = 1.0(widget id = 2)
04-25 16:11:00.114  3336  3336 V LauncherAppWidgetHostView: calculateWidgetSize: (target widgetsize)  using w/h 686 220 span 4 1 (widgetid 3) [current Gridsize : GRID_4x4]
04-25 16:11:00.114  3336  3336 D LauncherAppWidgetHostView: calculateWidgetSize() widget = Google(widget id = 3) result hostview size = 686 x 220
04-25 16:11:00.114  3336  3336 D LauncherAppWidgetHostView: setResizeScaleResult() 686/ 220 scaleToResize = 1.0(widget id = 3)
04-25 16:11:00.124 32331 32331 D [WeatherWidget(1214)]  WeatherService: {[EC3334F14841398C8B464A72D0E61AB74266231DDCB0F9D898ABD6AE7EAFE9924B51C1628AB73EB6B27EF850A160BD15DCFDBE96F420541C45EF3419D3AD67E2]}
04-25 16:11:00.124 32331 32331 D [WeatherWidget(1214)]  : {[3AE6950019B083611567B0F9442DB03EEFA9050249635C043F7E254E316C2550]}
04-25 16:11:00.134 32331 32331 D [WeatherWidget(1214)]  : {[3AE6950019B083611567B0F9442DB03E5DDA24A68DD8F41CDE99F0ED3FBCA79D6E3672D13C47BC5ED8EFB051B507BC359E0BBE33CAC4DD26F7E7BD0DE7A87253A9C3C650BA065FAD34DFAC014CA6063A]}
04-25 16:11:00.134 32331 32331 D [WeatherWidget(1214)]  : {[A1AF0F6A1A65A89C43D705938923D0FEFB71880C4E84718DA0A3E1F383E54FB27A4284D9BEDF7BAA2ABFFE671EB65C64BE97ACCF47A16986A922CA421D83368521337058A7DDC1499C03B1D5E686D4F66FE34BB24D3A99C9DB94B91A798967F25C4C0E824434FB3EA632625BECC0024E]}
04-25 16:11:00.134 32331 32331 D [WeatherWidget(1214)]  : {[15C09394A4E9AFE55A5C62F22AB3FC5902EB2A2150B6646A86F2B3102D669614]}
04-25 16:11:00.334  2147 28087 I display : [PrimaryDisplay] [DYNAMIC_RECOMP] HWC_2_GLES by low FPS(3)
04-25 16:11:01.094  6527  6647 D ScanRecord: parseFromBytes
04-25 16:11:01.094  6527  6647 D ScanRecord: first manudata for manu ID
04-25 16:11:01.094  6527 28095 D BtGatt.ContextMap: sendClientScanResult for app id 5
04-25 16:11:01.094  6257 20844 D ScanRecord: parseFromBytes
04-25 16:11:01.094  6257 20844 D ScanRecord: first manudata for manu ID
04-25 16:11:01.104  6527  6647 D ScanRecord: parseFromBytes
04-25 16:11:01.104  6527  6647 D ScanRecord: first manudata for manu ID
04-25 16:11:01.104  6527  6647 D ScanRecord: parseFromBytes
04-25 16:11:01.104  6527  6647 D ScanRecord: first manudata for manu ID
04-25 16:11:01.104  6527 28095 D BtGatt.ContextMap: sendClientScanResult for app id 5
04-25 16:11:01.104  6527 28095 D BtGatt.ContextMap: sendClientScanResult for app id 5
04-25 16:11:01.104  6257  6267 D ScanRecord: parseFromBytes
04-25 16:11:01.104  6257  6267 D ScanRecord: first manudata for manu ID
04-25 16:11:01.104  6257  6267 D ScanRecord: parseFromBytes
04-25 16:11:01.104  6257  6267 D ScanRecord: first manudata for manu ID
04-25 16:11:01.114  6527  6647 D ScanRecord: parseFromBytes
04-25 16:11:01.114  6527  6647 D ScanRecord: first manudata for manu ID
04-25 16:11:01.114  6527 28095 D BtGatt.ContextMap: sendClientScanResult for app id 5
04-25 16:11:01.114  6257 20844 D ScanRecord: parseFromBytes
04-25 16:11:01.114  6257 20844 D ScanRecord: first manudata for manu ID
04-25 16:11:01.134  6527  6647 D ScanRecord: parseFromBytes
04-25 16:11:01.134  6527  6647 D ScanRecord: first manudata for manu ID
04-25 16:11:01.134  6527 28095 D BtGatt.ContextMap: sendClientScanResult for app id 5
04-25 16:11:01.134  6257  6268 D ScanRecord: parseFromBytes
04-25 16:11:01.134  6257  6268 D ScanRecord: first manudata for manu ID
04-25 16:11:01.144  6527  6647 D ScanRecord: parseFromBytes
04-25 16:11:01.154  6527  6647 D ScanRecord: first manudata for manu ID
04-25 16:11:01.154  6527 28095 D BtGatt.ContextMap: sendClientScanResult for app id 5
04-25 16:11:01.154  6257  6267 D ScanRecord: parseFromBytes
04-25 16:11:01.154  6257  6267 D ScanRecord: first manudata for manu ID
04-25 16:11:01.164  6527  6647 D ScanRecord: parseFromBytes
04-25 16:11:01.164  6527  6647 D ScanRecord: first manudata for manu ID
04-25 16:11:01.164  6527 28095 D BtGatt.ContextMap: sendClientScanResult for app id 5
04-25 16:11:01.164  6257 20844 D ScanRecord: parseFromBytes
04-25 16:11:01.164  6257 20844 D ScanRecord: first manudata for manu ID
04-25 16:11:01.164  6527  6647 D ScanRecord: parseFromBytes
04-25 16:11:01.174  6527  6647 D ScanRecord: first manudata for manu ID
04-25 16:11:01.174  6527 28095 D BtGatt.ContextMap: sendClientScanResult for app id 5
04-25 16:11:01.174  6257  6268 D ScanRecord: parseFromBytes
04-25 16:11:01.174  6257  6268 D ScanRecord: first manudata for manu ID
04-25 16:11:01.174  6527  6647 D ScanRecord: parseFromBytes
04-25 16:11:01.184  6527  6647 D ScanRecord: first manudata for manu ID
04-25 16:11:01.184  6527 28095 D BtGatt.ContextMap: sendClientScanResult for app id 5
04-25 16:11:01.184  6257  6267 D ScanRecord: parseFromBytes
04-25 16:11:01.184  6257  6267 D ScanRecord: first manudata for manu ID
04-25 16:11:01.184  6527  6647 D ScanRecord: parseFromBytes
04-25 16:11:01.184  6527  6647 D ScanRecord: first manudata for manu ID
04-25 16:11:01.194  6527 28095 D BtGatt.ContextMap: sendClientScanResult for app id 5
04-25 16:11:01.194  6257 20844 D ScanRecord: parseFromBytes
04-25 16:11:01.194  6257 20844 D ScanRecord: first manudata for manu ID
04-25 16:11:01.214  6527  6647 D ScanRecord: parseFromBytes
04-25 16:11:01.214  6527  6647 D ScanRecord: first manudata for manu ID
04-25 16:11:01.214  6527 28095 D BtGatt.ContextMap: sendClientScanResult for app id 5
04-25 16:11:01.214  6257  6268 D ScanRecord: parseFromBytes
04-25 16:11:01.214  6257  6268 D ScanRecord: first manudata for manu ID
04-25 16:11:01.224  6527  6647 D ScanRecord: parseFromBytes
04-25 16:11:01.224  6527 28095 D BtGatt.ContextMap: sendClientScanResult for app id 5
04-25 16:11:01.224  6257  6267 D ScanRecord: parseFromBytes
04-25 16:11:01.224  6527  6647 D ScanRecord: parseFromBytes
04-25 16:11:01.224  6527  6647 D ScanRecord: first manudata for manu ID
04-25 16:11:01.224  6527 28095 D BtGatt.ContextMap: sendClientScanResult for app id 5
04-25 16:11:01.224  6257 20844 D ScanRecord: parseFromBytes
04-25 16:11:01.224  6257 20844 D ScanRecord: first manudata for manu ID
04-25 16:11:01.234  6527  6647 D ScanRecord: parseFromBytes
04-25 16:11:01.244  6527  6647 D ScanRecord: first manudata for manu ID
04-25 16:11:01.244  6527 28095 D BtGatt.ContextMap: sendClientScanResult for app id 5
04-25 16:11:01.244  6257  6268 D ScanRecord: parseFromBytes
04-25 16:11:01.244  6257  6268 D ScanRecord: first manudata for manu ID
04-25 16:11:01.254  6527  6647 D ScanRecord: parseFromBytes
04-25 16:11:01.254  6527  6647 D ScanRecord: first manudata for manu ID
04-25 16:11:01.254  6527 28095 D BtGatt.ContextMap: sendClientScanResult for app id 5
04-25 16:11:01.254  6527  6647 D ScanRecord: parseFromBytes
04-25 16:11:01.254  6527  6647 D ScanRecord: first manudata for manu ID
04-25 16:11:01.254  6527 28095 D BtGatt.ContextMap: sendClientScanResult for app id 5
04-25 16:11:01.254  6257  6267 D ScanRecord: parseFromBytes
04-25 16:11:01.254  6257  6267 D ScanRecord: first manudata for manu ID
04-25 16:11:01.254  6257  6267 D ScanRecord: parseFromBytes
04-25 16:11:01.254  6257  6267 D ScanRecord: first manudata for manu ID
04-25 16:11:04.204  6527  6647 D ScanRecord: parseFromBytes
04-25 16:11:04.204  6527  6647 D ScanRecord: first manudata for manu ID
04-25 16:11:04.204  6527 28095 D BtGatt.ContextMap: sendClientScanResult for app id 5
04-25 16:11:04.204  6257  6268 D ScanRecord: parseFromBytes
04-25 16:11:04.204  6257  6268 D ScanRecord: first manudata for manu ID
04-25 16:11:04.214  6527  6647 D ScanRecord: parseFromBytes
04-25 16:11:04.214  6527  6647 D ScanRecord: first manudata for manu ID
04-25 16:11:04.214  6527  6647 D ScanRecord: parseFromBytes
04-25 16:11:04.214  6527  6647 D ScanRecord: first manudata for manu ID
04-25 16:11:04.214  6527 28095 D BtGatt.ContextMap: sendClientScanResult for app id 5
04-25 16:11:04.214  6527 28095 D BtGatt.ContextMap: sendClientScanResult for app id 5
04-25 16:11:04.214  6257 20844 D ScanRecord: parseFromBytes
04-25 16:11:04.214  6257 20844 D ScanRecord: first manudata for manu ID
04-25 16:11:04.214  6257 20844 D ScanRecord: parseFromBytes
04-25 16:11:04.214  6257 20844 D ScanRecord: first manudata for manu ID
04-25 16:11:04.354  6527  6647 D ScanRecord: parseFromBytes
04-25 16:11:04.354  6527  6647 D ScanRecord: first manudata for manu ID
04-25 16:11:04.354  6527 28095 D BtGatt.ContextMap: sendClientScanResult for app id 5
04-25 16:11:04.354  6257  6268 D ScanRecord: parseFromBytes
04-25 16:11:04.354  6257  6268 D ScanRecord: first manudata for manu ID
04-25 16:11:04.374  6527  6647 D ScanRecord: parseFromBytes
04-25 16:11:04.374  6527  6647 D ScanRecord: first manudata for manu ID
04-25 16:11:04.374  6527 28095 D BtGatt.ContextMap: sendClientScanResult for app id 5
04-25 16:11:04.384  6257 20844 D ScanRecord: parseFromBytes
04-25 16:11:04.384  6257 20844 D ScanRecord: first manudata for manu ID
04-25 16:11:04.384  6527  6647 D ScanRecord: parseFromBytes
04-25 16:11:04.384  6527  6647 D ScanRecord: first manudata for manu ID
04-25 16:11:04.384  6527 28095 D BtGatt.ContextMap: sendClientScanResult for app id 5
04-25 16:11:04.384  6257  6267 D ScanRecord: parseFromBytes
04-25 16:11:04.384  6257  6267 D ScanRecord: first manudata for manu ID
04-25 16:11:04.384  6527  6647 D ScanRecord: parseFromBytes
04-25 16:11:04.384  6527  6647 D ScanRecord: first manudata for manu ID
04-25 16:11:04.384  6527 28095 D BtGatt.ContextMap: sendClientScanResult for app id 5
04-25 16:11:04.384  6257  6268 D ScanRecord: parseFromBytes
04-25 16:11:04.384  6257  6268 D ScanRecord: first manudata for manu ID
04-25 16:11:06.784  2547  2881 D SensorService: [SO] -0.251 0.350 9.692
04-25 16:11:07.324  6527  6647 D ScanRecord: parseFromBytes
04-25 16:11:07.324  6527  6647 D ScanRecord: first manudata for manu ID
04-25 16:11:07.324  6527 28095 D BtGatt.ContextMap: sendClientScanResult for app id 5
04-25 16:11:07.324  6257 20844 D ScanRecord: parseFromBytes
04-25 16:11:07.324  6257 20844 D ScanRecord: first manudata for manu ID
04-25 16:11:07.334  6527  6647 D ScanRecord: parseFromBytes
04-25 16:11:07.334  6527  6647 D ScanRecord: first manudata for manu ID
04-25 16:11:07.334  6527 28095 D BtGatt.ContextMap: sendClientScanResult for app id 5
04-25 16:11:07.334  6257  6267 D ScanRecord: parseFromBytes
04-25 16:11:07.334  6257  6267 D ScanRecord: first manudata for manu ID
04-25 16:11:07.354  6527  6647 D ScanRecord: parseFromBytes
04-25 16:11:07.354  6527  6647 D ScanRecord: first manudata for manu ID
04-25 16:11:07.354  6527 28095 D BtGatt.ContextMap: sendClientScanResult for app id 5
04-25 16:11:07.354  6257  6268 D ScanRecord: parseFromBytes
04-25 16:11:07.354  6257  6268 D ScanRecord: first manudata for manu ID
04-25 16:11:07.374  6527  6647 D ScanRecord: parseFromBytes
04-25 16:11:07.374  6527  6647 D ScanRecord: first manudata for manu ID
04-25 16:11:07.374  6527 28095 D BtGatt.ContextMap: sendClientScanResult for app id 5
04-25 16:11:07.384  6257 20844 D ScanRecord: parseFromBytes
04-25 16:11:07.384  6257 20844 D ScanRecord: first manudata for manu ID
04-25 16:11:07.394  6527  6647 D ScanRecord: parseFromBytes
04-25 16:11:07.394  6527  6647 D ScanRecord: first manudata for manu ID
04-25 16:11:07.394  6527 28095 D BtGatt.ContextMap: sendClientScanResult for app id 5
04-25 16:11:07.394  6257  6267 D ScanRecord: parseFromBytes
04-25 16:11:07.394  6257  6267 D ScanRecord: first manudata for manu ID
04-25 16:11:07.404  6527  6647 D ScanRecord: parseFromBytes
04-25 16:11:07.404  6527  6647 D ScanRecord: first manudata for manu ID
04-25 16:11:07.404  6527 28095 D BtGatt.ContextMap: sendClientScanResult for app id 5
04-25 16:11:07.404  6257  6268 D ScanRecord: parseFromBytes
04-25 16:11:07.404  6257  6268 D ScanRecord: first manudata for manu ID
04-25 16:11:07.414  6527  6647 D ScanRecord: parseFromBytes
04-25 16:11:07.424  6527  6647 D ScanRecord: first manudata for manu ID
04-25 16:11:07.424  6527 28095 D BtGatt.ContextMap: sendClientScanResult for app id 5
04-25 16:11:07.424  6257 20844 D ScanRecord: parseFromBytes
04-25 16:11:07.424  6257 20844 D ScanRecord: first manudata for manu ID
04-25 16:11:07.434  6527  6647 D ScanRecord: parseFromBytes
04-25 16:11:07.434  6527  6647 D ScanRecord: first manudata for manu ID
04-25 16:11:07.434  6527 28095 D BtGatt.ContextMap: sendClientScanResult for app id 5
04-25 16:11:07.434  6257  6267 D ScanRecord: parseFromBytes
04-25 16:11:07.434  6257  6267 D ScanRecord: first manudata for manu ID
04-25 16:11:07.464  6527  6647 D ScanRecord: parseFromBytes
04-25 16:11:07.464  6527  6647 D ScanRecord: first manudata for manu ID
04-25 16:11:07.464  6527 28095 D BtGatt.ContextMap: sendClientScanResult for app id 5
04-25 16:11:07.474  6527  6647 D ScanRecord: parseFromBytes
04-25 16:11:07.474  6527  6647 D ScanRecord: first manudata for manu ID
04-25 16:11:07.474  6527 28095 D BtGatt.ContextMap: sendClientScanResult for app id 5
04-25 16:11:07.474  6257  6268 D ScanRecord: parseFromBytes
04-25 16:11:07.474  6257  6268 D ScanRecord: first manudata for manu ID
04-25 16:11:07.484  6257  6268 D ScanRecord: parseFromBytes
04-25 16:11:07.484  6257  6268 D ScanRecord: first manudata for manu ID
04-25 16:11:07.484  6527  6647 D ScanRecord: parseFromBytes
04-25 16:11:07.484  6527  6647 D ScanRecord: first manudata for manu ID
04-25 16:11:07.484  6527 28095 D BtGatt.ContextMap: sendClientScanResult for app id 5
04-25 16:11:07.484  6257  6267 D ScanRecord: parseFromBytes
04-25 16:11:07.484  6257  6267 D ScanRecord: first manudata for manu ID
04-25 16:11:07.484  6527  6647 D ScanRecord: parseFromBytes
04-25 16:11:07.484  6527  6647 D ScanRecord: first manudata for manu ID
04-25 16:11:07.494  6527 28095 D BtGatt.ContextMap: sendClientScanResult for app id 5
04-25 16:11:07.494  6257 20844 D ScanRecord: parseFromBytes
04-25 16:11:07.494  6257 20844 D ScanRecord: first manudata for manu ID
04-25 16:11:07.494  6527  6647 D ScanRecord: parseFromBytes
04-25 16:11:07.494  6527  6647 D ScanRecord: first manudata for manu ID
04-25 16:11:07.494  6527 28095 D BtGatt.ContextMap: sendClientScanResult for app id 5
04-25 16:11:07.494  6527  6647 D ScanRecord: parseFromBytes
04-25 16:11:07.504  6257  6268 D ScanRecord: parseFromBytes
04-25 16:11:07.504  6257  6268 D ScanRecord: first manudata for manu ID
04-25 16:11:07.504  6527  6647 D ScanRecord: first manudata for manu ID
04-25 16:11:07.504  6527 28095 D BtGatt.ContextMap: sendClientScanResult for app id 5
04-25 16:11:07.504  6527  6647 D ScanRecord: parseFromBytes
04-25 16:11:07.504  6527  6647 D ScanRecord: first manudata for manu ID
04-25 16:11:07.504  6527 28095 D BtGatt.ContextMap: sendClientScanResult for app id 5
04-25 16:11:07.504  6257  6267 D ScanRecord: parseFromBytes
04-25 16:11:07.504  6257  6267 D ScanRecord: first manudata for manu ID
04-25 16:11:07.504  6257  6267 D ScanRecord: parseFromBytes
04-25 16:11:07.504  6257  6267 D ScanRecord: first manudata for manu ID
04-25 16:11:07.514  6527  6647 D ScanRecord: parseFromBytes
04-25 16:11:07.514  6527  6647 D ScanRecord: first manudata for manu ID
04-25 16:11:07.514  6527 28095 D BtGatt.ContextMap: sendClientScanResult for app id 5
04-25 16:11:07.514  6257  6268 D ScanRecord: parseFromBytes
04-25 16:11:07.514  6257  6268 D ScanRecord: first manudata for manu ID
04-25 16:11:10.194 30432 30445 I Finsky  : [7831] iet.run(3): Stats for Executor: BlockingExecutor iga@67a5eff[Running, pool size = 0, active threads = 0, queued tasks = 0, completed tasks = 6]
04-25 16:11:10.194 30432 30445 I Finsky  : [7831] iet.run(3): Stats for Executor: LightweightExecutor iga@34654cc[Running, pool size = 4, active threads = 0, queued tasks = 0, completed tasks = 61]
04-25 16:11:10.444  6527  6647 D ScanRecord: parseFromBytes
04-25 16:11:10.444  6527  6647 D ScanRecord: first manudata for manu ID
