--------- beginning of main
04-25 16:21:00.274  6527  6647 D ScanRecord: parseFromBytes
04-25 16:21:00.274  6527  6647 D ScanRecord: first manudata for manu ID
04-25 16:21:00.284  6527 28095 D BtGatt.ContextMap: sendClientScanResult for app id 5
04-25 16:21:00.284  6257  6268 D ScanRecord: parseFromBytes
04-25 16:21:00.284  6257  6268 D ScanRecord: first manudata for manu ID
04-25 16:21:00.284  6527  6647 D ScanRecord: parseFromBytes
04-25 16:21:00.284  6527  6647 D ScanRecord: first manudata for manu ID
04-25 16:21:00.284  6527 28095 D BtGatt.ContextMap: sendClientScanResult for app id 5
04-25 16:21:00.284  6257  6267 D ScanRecord: parseFromBytes
04-25 16:21:00.284  6257  6267 D ScanRecord: first manudata for manu ID
04-25 16:21:01.304  3017  3017 D KeyguardUpdateMonitor: received broadcast android.intent.action.BATTERY_CHANGED
04-25 16:21:01.304  3017  3017 D KeyguardUpdateMonitor: handleBatteryUpdate
04-25 16:21:03.274  6527  6647 D ScanRecord: parseFromBytes
04-25 16:21:03.274  6527  6647 D ScanRecord: first manudata for manu ID
04-25 16:21:03.274  6527 28095 D BtGatt.ContextMap: sendClientScanResult for app id 5
04-25 16:21:03.274  6257 20844 D ScanRecord: parseFromBytes
04-25 16:21:03.274  6257 20844 D ScanRecord: first manudata for manu ID
04-25 16:21:03.274  6527  6647 D ScanRecord: parseFromBytes
04-25 16:21:03.274  6527  6647 D ScanRecord: first manudata for manu ID
04-25 16:21:03.274  6527 28095 D BtGatt.ContextMap: sendClientScanResult for app id 5
04-25 16:21:03.274  6257  6268 D ScanRecord: parseFromBytes
04-25 16:21:03.274  6257  6268 D ScanRecord: first manudata for manu ID
04-25 16:21:03.294  6527  6647 D ScanRecord: parseFromBytes
04-25 16:21:03.294  6527  6647 D ScanRecord: first manudata for manu ID
04-25 16:21:03.294  6527 28095 D BtGatt.ContextMap: sendClientScanResult for app id 5
04-25 16:21:03.294  6257  6267 D ScanRecord: parseFromBytes
04-25 16:21:03.294  6257  6267 D ScanRecord: first manudata for manu ID
04-25 16:21:03.334  6527  6647 D ScanRecord: parseFromBytes
04-25 16:21:03.334  6527  6647 D ScanRecord: first manudata for manu ID
04-25 16:21:03.334  6527 28095 D BtGatt.ContextMap: sendClientScanResult for app id 5
04-25 16:21:03.334  6257 20844 D ScanRecord: parseFromBytes
04-25 16:21:03.334  6257 20844 D ScanRecord: first manudata for manu ID
04-25 16:21:03.364  6527  6647 D ScanRecord: parseFromBytes
04-25 16:21:03.364  6527 28095 D BtGatt.ContextMap: sendClientScanResult for app id 5
04-25 16:21:03.364  6257  6268 D ScanRecord: parseFromBytes
04-25 16:21:06.394  6527  6647 D ScanRecord: parseFromBytes
04-25 16:21:06.394  6527  6647 D ScanRecord: first manudata for manu ID
04-25 16:21:06.394  6527 28095 D BtGatt.ContextMap: sendClientScanResult for app id 5
04-25 16:21:06.404  6257  6267 D ScanRecord: parseFromBytes
04-25 16:21:06.404  6257  6267 D ScanRecord: first manudata for manu ID
04-25 16:21:06.414  6527  6647 D ScanRecord: parseFromBytes
04-25 16:21:06.414  6527  6647 D ScanRecord: first manudata for manu ID
04-25 16:21:06.424  6527 28095 D BtGatt.ContextMap: sendClientScanResult for app id 5
04-25 16:21:06.424  6257 20844 D ScanRecord: parseFromBytes
04-25 16:21:06.424  6257 20844 D ScanRecord: first manudata for manu ID
04-25 16:21:06.424  6527  6647 D ScanRecord: parseFromBytes
04-25 16:21:06.424  6527  6647 D ScanRecord: first manudata for manu ID
04-25 16:21:06.424  6527 28095 D BtGatt.ContextMap: sendClientScanResult for app id 5
04-25 16:21:06.434  6257  6268 D ScanRecord: parseFromBytes
04-25 16:21:06.434  6257  6268 D ScanRecord: first manudata for manu ID
04-25 16:21:06.454  6527  6647 D ScanRecord: parseFromBytes
04-25 16:21:06.454  6527  6647 D ScanRecord: first manudata for manu ID
04-25 16:21:06.454  6527 28095 D BtGatt.ContextMap: sendClientScanResult for app id 5
04-25 16:21:06.454  6527  6647 D ScanRecord: parseFromBytes
04-25 16:21:06.454  6257  6267 D ScanRecord: parseFromBytes
04-25 16:21:06.454  6257  6267 D ScanRecord: first manudata for manu ID
04-25 16:21:06.454  6527  6647 D ScanRecord: first manudata for manu ID
04-25 16:21:06.454  6527 28095 D BtGatt.ContextMap: sendClientScanResult for app id 5
04-25 16:21:06.454  6257 20844 D ScanRecord: parseFromBytes
04-25 16:21:06.454  6257 20844 D ScanRecord: first manudata for manu ID
04-25 16:21:06.974  2547  2881 D SensorService: [SO] -0.250 0.379 9.675
04-25 16:21:09.514  6527  6647 D ScanRecord: parseFromBytes
04-25 16:21:09.514  6527  6647 D ScanRecord: first manudata for manu ID
04-25 16:21:09.514  6527  6647 D ScanRecord: parseFromBytes
04-25 16:21:09.514  6527  6647 D ScanRecord: first manudata for manu ID
04-25 16:21:09.514  6527 28095 D BtGatt.ContextMap: sendClientScanResult for app id 5
04-25 16:21:09.514  6527 28095 D BtGatt.ContextMap: sendClientScanResult for app id 5
04-25 16:21:09.514  6257  6268 D ScanRecord: parseFromBytes
04-25 16:21:09.514  6257  6268 D ScanRecord: first manudata for manu ID
04-25 16:21:09.514  6257  6268 D ScanRecord: parseFromBytes
04-25 16:21:09.514  6257  6268 D ScanRecord: first manudata for manu ID
04-25 16:21:09.524  6527  6647 D ScanRecord: parseFromBytes
04-25 16:21:09.524  6527  6647 D ScanRecord: first manudata for manu ID
04-25 16:21:09.524  6527 28095 D BtGatt.ContextMap: sendClientScanResult for app id 5
04-25 16:21:09.524  6527  6647 D ScanRecord: parseFromBytes
04-25 16:21:09.524  6527  6647 D ScanRecord: first manudata for manu ID
04-25 16:21:09.524  6257 20844 D ScanRecord: parseFromBytes
04-25 16:21:09.524  6257 20844 D ScanRecord: first manudata for manu ID
04-25 16:21:09.534  6527 28095 D BtGatt.ContextMap: sendClientScanResult for app id 5
04-25 16:21:09.534  6257  6268 D ScanRecord: parseFromBytes
04-25 16:21:09.534  6257  6268 D ScanRecord: first manudata for manu ID
04-25 16:21:09.544  6527  6647 D ScanRecord: parseFromBytes
04-25 16:21:09.544  6527  6647 D ScanRecord: first manudata for manu ID
04-25 16:21:09.544  6527 28095 D BtGatt.ContextMap: sendClientScanResult for app id 5
04-25 16:21:09.544  6257  6267 D ScanRecord: parseFromBytes
04-25 16:21:09.544  6257  6267 D ScanRecord: first manudata for manu ID
04-25 16:21:09.544  6527  6647 D ScanRecord: parseFromBytes
04-25 16:21:09.544  6527  6647 D ScanRecord: first manudata for manu ID
04-25 16:21:09.544  6527 28095 D BtGatt.ContextMap: sendClientScanResult for app id 5
04-25 16:21:09.544  6257 20844 D ScanRecord: parseFromBytes
04-25 16:21:09.544  6257 20844 D ScanRecord: first manudata for manu ID
04-25 16:21:09.604  6527  6647 D ScanRecord: parseFromBytes
04-25 16:21:09.604  6527  6647 D ScanRecord: first manudata for manu ID
04-25 16:21:09.604  6527 28095 D BtGatt.ContextMap: sendClientScanResult for app id 5
04-25 16:21:09.604  6257  6268 D ScanRecord: parseFromBytes
04-25 16:21:09.604  6257  6268 D ScanRecord: first manudata for manu ID
04-25 16:21:11.374  3017  3017 D KeyguardUpdateMonitor: received broadcast android.intent.action.BATTERY_CHANGED
04-25 16:21:11.374  3017  3017 D KeyguardUpdateMonitor: handleBatteryUpdate
04-25 16:21:12.654  6527  6647 D ScanRecord: parseFromBytes
04-25 16:21:12.654  6527  6647 D ScanRecord: first manudata for manu ID
04-25 16:21:12.654  6527 28095 D BtGatt.ContextMap: sendClientScanResult for app id 5
04-25 16:21:12.654  6527  6647 D ScanRecord: parseFromBytes
04-25 16:21:12.654  6527  6647 D ScanRecord: first manudata for manu ID
04-25 16:21:12.654  6257  6267 D ScanRecord: parseFromBytes
04-25 16:21:12.654  6257  6267 D ScanRecord: first manudata for manu ID
04-25 16:21:12.654  6527  6647 D ScanRecord: parseFromBytes
04-25 16:21:12.654  6527  6647 D ScanRecord: first manudata for manu ID
04-25 16:21:12.654  6527 28095 D BtGatt.ContextMap: sendClientScanResult for app id 5
04-25 16:21:12.654  6527 28095 D BtGatt.ContextMap: sendClientScanResult for app id 5
04-25 16:21:12.654  6257 20844 D ScanRecord: parseFromBytes
04-25 16:21:12.654  6257 20844 D ScanRecord: first manudata for manu ID
04-25 16:21:12.654  6257 20844 D ScanRecord: parseFromBytes
04-25 16:21:12.654  6257 20844 D ScanRecord: first manudata for manu ID
04-25 16:21:12.664  6527  6647 D ScanRecord: parseFromBytes
04-25 16:21:12.664  6527  6647 D ScanRecord: first manudata for manu ID
04-25 16:21:12.664  6527 28095 D BtGatt.ContextMap: sendClientScanResult for app id 5
04-25 16:21:12.664  6257  6267 D ScanRecord: parseFromBytes
04-25 16:21:12.664  6257  6267 D ScanRecord: first manudata for manu ID
04-25 16:21:12.684  6527  6647 D ScanRecord: parseFromBytes
04-25 16:21:12.684  6527  6647 D ScanRecord: first manudata for manu ID
04-25 16:21:12.684  6527 28095 D BtGatt.ContextMap: sendClientScanResult for app id 5
04-25 16:21:12.684  6257 20844 D ScanRecord: parseFromBytes
04-25 16:21:12.684  6257 20844 D ScanRecord: first manudata for manu ID
04-25 16:21:12.684  6527  6647 D ScanRecord: parseFromBytes
04-25 16:21:12.694  6527  6647 D ScanRecord: first manudata for manu ID
04-25 16:21:12.694  6527 28095 D BtGatt.ContextMap: sendClientScanResult for app id 5
04-25 16:21:12.694  6257  6268 D ScanRecord: parseFromBytes
04-25 16:21:12.694  6257  6268 D ScanRecord: first manudata for manu ID
04-25 16:21:12.694  6527  6647 D ScanRecord: parseFromBytes
04-25 16:21:12.694  6527  6647 D ScanRecord: first manudata for manu ID
04-25 16:21:12.704  6527 28095 D BtGatt.ContextMap: sendClientScanResult for app id 5
04-25 16:21:12.704  6257  6267 D ScanRecord: parseFromBytes
04-25 16:21:12.704  6257  6267 D ScanRecord: first manudata for manu ID
04-25 16:21:12.724  6527  6647 D ScanRecord: parseFromBytes
04-25 16:21:12.724  6527  6647 D ScanRecord: first manudata for manu ID
04-25 16:21:12.724  6527 28095 D BtGatt.ContextMap: sendClientScanResult for app id 5
04-25 16:21:12.724  6257 20844 D ScanRecord: parseFromBytes
04-25 16:21:12.724  6257 20844 D ScanRecord: first manudata for manu ID
04-25 16:21:12.734  6527  6647 D ScanRecord: parseFromBytes
04-25 16:21:12.734  6527  6647 D ScanRecord: first manudata for manu ID
04-25 16:21:12.734  6527 28095 D BtGatt.ContextMap: sendClientScanResult for app id 5
04-25 16:21:12.734  6257  6268 D ScanRecord: parseFromBytes
04-25 16:21:12.734  6257  6268 D ScanRecord: first manudata for manu ID
04-25 16:21:12.764  6527  6647 D ScanRecord: parseFromBytes
04-25 16:21:12.764  6527  6647 D ScanRecord: first manudata for manu ID
04-25 16:21:12.774  6527 28095 D BtGatt.ContextMap: sendClientScanResult for app id 5
04-25 16:21:12.774  6257  6267 D ScanRecord: parseFromBytes
04-25 16:21:12.774  6257  6267 D ScanRecord: first manudata for manu ID
04-25 16:21:15.724  6527  6647 D ScanRecord: parseFromBytes
04-25 16:21:15.724  6527  6647 D ScanRecord: first manudata for manu ID
04-25 16:21:15.724  6527 28095 D BtGatt.ContextMap: sendClientScanResult for app id 5
04-25 16:21:15.724  6257 20844 D ScanRecord: parseFromBytes
04-25 16:21:15.724  6257 20844 D ScanRecord: first manudata for manu ID
04-25 16:21:15.774  6527  6647 D ScanRecord: parseFromBytes
04-25 16:21:15.774  6527  6647 D ScanRecord: first manudata for manu ID
04-25 16:21:15.774  6527 28095 D BtGatt.ContextMap: sendClientScanResult for app id 5
04-25 16:21:15.774  6257  6268 D ScanRecord: parseFromBytes
04-25 16:21:15.774  6257  6268 D ScanRecord: first manudata for manu ID
04-25 16:21:15.804  6527  6647 D ScanRecord: parseFromBytes
04-25 16:21:15.804  6527  6647 D ScanRecord: first manudata for manu ID
04-25 16:21:15.804  6527 28095 D BtGatt.ContextMap: sendClientScanResult for app id 5
04-25 16:21:15.814  6257  6267 D ScanRecord: parseFromBytes
04-25 16:21:15.814  6257  6267 D ScanRecord: first manudata for manu ID
04-25 16:21:16.974  2547  2881 D SensorService: [SO] -0.248 0.379 9.675
04-25 16:21:18.844  6527  6647 D ScanRecord: parseFromBytes
04-25 16:21:18.844  6527  6647 D ScanRecord: first manudata for manu ID
04-25 16:21:18.844  6527 28095 D BtGatt.ContextMap: sendClientScanResult for app id 5
04-25 16:21:18.854  6257 20844 D ScanRecord: parseFromBytes
04-25 16:21:18.854  6257 20844 D ScanRecord: first manudata for manu ID
04-25 16:21:18.884  6527  6647 D ScanRecord: parseFromBytes
04-25 16:21:18.884  6527  6647 D ScanRecord: first manudata for manu ID
04-25 16:21:18.884  6527 28095 D BtGatt.ContextMap: sendClientScanResult for app id 5
04-25 16:21:18.884  6257  6268 D ScanRecord: parseFromBytes
04-25 16:21:18.884  6257  6268 D ScanRecord: first manudata for manu ID
04-25 16:21:18.894  6527  6647 D ScanRecord: parseFromBytes
04-25 16:21:18.894  6527  6647 D ScanRecord: first manudata for manu ID
04-25 16:21:18.894  6527 28095 D BtGatt.ContextMap: sendClientScanResult for app id 5
04-25 16:21:18.894  6257  6267 D ScanRecord: parseFromBytes
04-25 16:21:18.894  6257  6267 D ScanRecord: first manudata for manu ID
04-25 16:21:18.904  6527  6647 D ScanRecord: parseFromBytes
04-25 16:21:18.914  6527  6647 D ScanRecord: first manudata for manu ID
04-25 16:21:18.914  6527 28095 D BtGatt.ContextMap: sendClientScanResult for app id 5
04-25 16:21:18.914  6257 20844 D ScanRecord: parseFromBytes
04-25 16:21:18.914  6257 20844 D ScanRecord: first manudata for manu ID
04-25 16:21:18.914  6527  6647 D ScanRecord: parseFromBytes
04-25 16:21:18.914  6527  6647 D ScanRecord: first manudata for manu ID
04-25 16:21:18.924  6527 28095 D BtGatt.ContextMap: sendClientScanResult for app id 5
04-25 16:21:18.924  6257  6268 D ScanRecord: parseFromBytes
04-25 16:21:18.924  6257  6268 D ScanRecord: first manudata for manu ID
04-25 16:21:18.924  6527  6647 D ScanRecord: parseFromBytes
04-25 16:21:18.924  6527  6647 D ScanRecord: first manudata for manu ID
04-25 16:21:18.924  6527 28095 D BtGatt.ContextMap: sendClientScanResult for app id 5
04-25 16:21:18.924  6257  6267 D ScanRecord: parseFromBytes
04-25 16:21:18.924  6527  6647 D ScanRecord: parseFromBytes
04-25 16:21:18.924  6257  6267 D ScanRecord: first manudata for manu ID
04-25 16:21:18.934  6527  6647 D ScanRecord: first manudata for manu ID
04-25 16:21:18.934  6527 28095 D BtGatt.ContextMap: sendClientScanResult for app id 5
04-25 16:21:18.934  6257 20844 D ScanRecord: parseFromBytes
04-25 16:21:18.934  6257 20844 D ScanRecord: first manudata for manu ID
04-25 16:21:18.944  6527  6647 D ScanRecord: parseFromBytes
04-25 16:21:18.944  6527  6647 D ScanRecord: first manudata for manu ID
04-25 16:21:18.944  6527 28095 D BtGatt.ContextMap: sendClientScanResult for app id 5
04-25 16:21:18.944  6257  6268 D ScanRecord: parseFromBytes
04-25 16:21:18.944  6257  6268 D ScanRecord: first manudata for manu ID
04-25 16:21:18.954  6527  6647 D ScanRecord: parseFromBytes
04-25 16:21:18.954  6527  6647 D ScanRecord: first manudata for manu ID
04-25 16:21:18.954  6527 28095 D BtGatt.ContextMap: sendClientScanResult for app id 5
04-25 16:21:18.954  6257  6267 D ScanRecord: parseFromBytes
04-25 16:21:18.954  6257  6267 D ScanRecord: first manudata for manu ID
04-25 16:21:19.014  6527  6647 D ScanRecord: parseFromBytes
04-25 16:21:19.014  6527  6647 D ScanRecord: first manudata for manu ID
04-25 16:21:19.014  6527 28095 D BtGatt.ContextMap: sendClientScanResult for app id 5
04-25 16:21:19.014  6257 20844 D ScanRecord: parseFromBytes
04-25 16:21:19.014  6257 20844 D ScanRecord: first manudata for manu ID
04-25 16:21:19.964  3657  3657 D AndroidRuntime: >>>>>> START com.android.internal.os.RuntimeInit uid 2000 <<<<<<
04-25 16:21:19.974  3657  3657 D AndroidRuntime: CheckJNI is OFF
04-25 16:21:19.974  3657  3657 D AndroidRuntime: readGMSProperty: start
04-25 16:21:19.974  3657  3657 D AndroidRuntime: readGMSProperty: already setted!!
04-25 16:21:19.974  3657  3657 D AndroidRuntime: propertySet: couldn't set property (it is from app)
04-25 16:21:19.974  3657  3657 D AndroidRuntime: readGMSProperty: could not set the property(default)!!
04-25 16:21:19.974  3657  3657 D AndroidRuntime: readGMSProperty: end
04-25 16:21:19.974  3657  3657 D AndroidRuntime: addProductProperty: start
04-25 16:21:20.034  3657  3657 D ICU     : No timezone override file found: /data/misc/zoneinfo/current/icu/icu_tzdata.dat
04-25 16:21:20.064  3657  3657 W CscFeature: mpsCode : none
04-25 16:21:20.064  3657  3657 W CscFeature: OMC_OTHERS_PATH : none/others.xml
04-25 16:21:20.094  3657  3657 I Radio-JNI: register_android_hardware_Radio DONE
04-25 16:21:20.104  3657  3657 E AffinityControl: AffinityControl: registerfunction enter
04-25 16:21:20.134  3657  3657 D AndroidRuntime: Calling main entry com.android.commands.wm.Wm
04-25 16:21:20.144  3657  3657 D AndroidRuntime: Shutting down VM
04-25 16:21:21.454  3017  3017 D KeyguardUpdateMonitor: received broadcast android.intent.action.BATTERY_CHANGED
04-25 16:21:21.454  3017  3017 D KeyguardUpdateMonitor: handleBatteryUpdate
04-25 16:21:21.484  3682  3682 D AndroidRuntime: >>>>>> START com.android.internal.os.RuntimeInit uid 2000 <<<<<<
04-25 16:21:21.484  3682  3682 D AndroidRuntime: CheckJNI is OFF
04-25 16:21:21.484  3682  3682 D AndroidRuntime: readGMSProperty: start
04-25 16:21:21.494  3682  3682 D AndroidRuntime: readGMSProperty: already setted!!
04-25 16:21:21.494  3682  3682 D AndroidRuntime: propertySet: couldn't set property (it is from app)
04-25 16:21:21.494  3682  3682 D AndroidRuntime: readGMSProperty: could not set the property(default)!!
04-25 16:21:21.494  3682  3682 D AndroidRuntime: readGMSProperty: end
04-25 16:21:21.494  3682  3682 D AndroidRuntime: addProductProperty: start
04-25 16:21:21.554  3682  3682 D ICU     : No timezone override file found: /data/misc/zoneinfo/current/icu/icu_tzdata.dat
04-25 16:21:21.574  3682  3682 W CscFeature: mpsCode : none
04-25 16:21:21.574  3682  3682 W CscFeature: OMC_OTHERS_PATH : none/others.xml
04-25 16:21:21.614  3682  3682 I Radio-JNI: register_android_hardware_Radio DONE
04-25 16:21:21.634  3682  3682 E AffinityControl: AffinityControl: registerfunction enter
04-25 16:21:21.654  3682  3682 D AndroidRuntime: Calling main entry com.android.commands.monkey.Monkey
04-25 16:21:21.724  3682  3682 I Timeline: Timeline: Activity_launch_request id:com.dc.hwsj time:24538277
04-25 16:21:21.744 30883 30883 D SensorManager: unregisterListener ::   
04-25 16:21:21.744 30432 30442 I Finsky  : [7828] elh.b(9): com.dc.hwsj: Account determined from installer data - [pB8aQgkayCTMvSCyjmVGKTWBiJs]
04-25 16:21:21.744 30432 30442 I Finsky  : [7828] elh.b(16): com.dc.hwsj: Account from preferred account - [pB8aQgkayCTMvSCyjmVGKTWBiJs]
04-25 16:21:21.744  2547  3620 D SensorService: SensorEventConnection::SocketBufferSize, SystemSocketBufferSize - 4096, 2097152
04-25 16:21:21.744 30432 31303 I Finsky  : [7905] elh.b(9): com.dc.hwsj: Account determined from installer data - [pB8aQgkayCTMvSCyjmVGKTWBiJs]
04-25 16:21:21.744 30883 30883 D SensorManager: registerListener :: 0, K2HH Acceleration , 200000, 0,  
04-25 16:21:21.744 30432 31303 I Finsky  : [7905] elh.b(16): com.dc.hwsj: Account from preferred account - [pB8aQgkayCTMvSCyjmVGKTWBiJs]
04-25 16:21:21.754 30432 30443 I Finsky  : [7829] elh.b(9): com.dc.hwsj: Account determined from installer data - [pB8aQgkayCTMvSCyjmVGKTWBiJs]
04-25 16:21:21.754 30432 30443 I Finsky  : [7829] elh.b(16): com.dc.hwsj: Account from preferred account - [pB8aQgkayCTMvSCyjmVGKTWBiJs]
04-25 16:21:21.754 30432 30519 I Finsky  : [7885] elh.b(9): com.dc.hwsj: Account determined from installer data - [pB8aQgkayCTMvSCyjmVGKTWBiJs]
04-25 16:21:21.754 30432 30519 I Finsky  : [7885] elh.b(16): com.dc.hwsj: Account from preferred account - [pB8aQgkayCTMvSCyjmVGKTWBiJs]
04-25 16:21:21.964  6527  6647 D ScanRecord: parseFromBytes
04-25 16:21:21.964  6527  6647 D ScanRecord: first manudata for manu ID
04-25 16:21:21.964  6527 28095 D BtGatt.ContextMap: sendClientScanResult for app id 5
04-25 16:21:21.964  6257  6268 D ScanRecord: parseFromBytes
04-25 16:21:21.964  6257  6268 D ScanRecord: first manudata for manu ID
04-25 16:21:21.984  6527  6647 D ScanRecord: parseFromBytes
04-25 16:21:21.984  6527  6647 D ScanRecord: first manudata for manu ID
04-25 16:21:21.984  6527 28095 D BtGatt.ContextMap: sendClientScanResult for app id 5
04-25 16:21:21.984  6257  6267 D ScanRecord: parseFromBytes
04-25 16:21:21.984  6257  6267 D ScanRecord: first manudata for manu ID
04-25 16:21:21.994  6527  6647 D ScanRecord: parseFromBytes
04-25 16:21:21.994  6527  6647 D ScanRecord: first manudata for manu ID
04-25 16:21:21.994  6527 28095 D BtGatt.ContextMap: sendClientScanResult for app id 5
04-25 16:21:21.994  6257 20844 D ScanRecord: parseFromBytes
04-25 16:21:21.994  6257 20844 D ScanRecord: first manudata for manu ID
04-25 16:21:22.014  6527  6647 D ScanRecord: parseFromBytes
04-25 16:21:22.014  6527  6647 D ScanRecord: first manudata for manu ID
04-25 16:21:22.014  6527 28095 D BtGatt.ContextMap: sendClientScanResult for app id 5
04-25 16:21:22.014  6257  6268 D ScanRecord: parseFromBytes
04-25 16:21:22.014  6257  6268 D ScanRecord: first manudata for manu ID
04-25 16:21:22.014  6527  6647 D ScanRecord: parseFromBytes
04-25 16:21:22.014  6527  6647 D ScanRecord: first manudata for manu ID
04-25 16:21:22.014  6527 28095 D BtGatt.ContextMap: sendClientScanResult for app id 5
04-25 16:21:22.014  6257  6267 D ScanRecord: parseFromBytes
04-25 16:21:22.014  6257  6267 D ScanRecord: first manudata for manu ID
04-25 16:21:22.024  6527  6647 D ScanRecord: parseFromBytes
04-25 16:21:22.024  6527  6647 D ScanRecord: first manudata for manu ID
04-25 16:21:22.024  6527 28095 D BtGatt.ContextMap: sendClientScanResult for app id 5
04-25 16:21:22.024  6257 20844 D ScanRecord: parseFromBytes
04-25 16:21:22.024  6257 20844 D ScanRecord: first manudata for manu ID
04-25 16:21:22.034  6527  6647 D ScanRecord: parseFromBytes
04-25 16:21:22.034  6527  6647 D ScanRecord: first manudata for manu ID
04-25 16:21:22.034  6527 28095 D BtGatt.ContextMap: sendClientScanResult for app id 5
04-25 16:21:22.034  6257  6268 D ScanRecord: parseFromBytes
04-25 16:21:22.034  6257  6268 D ScanRecord: first manudata for manu ID
04-25 16:21:22.034  6527  6647 D ScanRecord: parseFromBytes
04-25 16:21:22.034  6527  6647 D ScanRecord: first manudata for manu ID
04-25 16:21:22.034  6527 28095 D BtGatt.ContextMap: sendClientScanResult for app id 5
04-25 16:21:22.044  6257  6267 D ScanRecord: parseFromBytes
04-25 16:21:22.044  6257  6267 D ScanRecord: first manudata for manu ID
04-25 16:21:22.044  6527  6647 D ScanRecord: parseFromBytes
04-25 16:21:22.044  6527  6647 D ScanRecord: first manudata for manu ID
04-25 16:21:22.044  6527 28095 D BtGatt.ContextMap: sendClientScanResult for app id 5
04-25 16:21:22.044  6257 20844 D ScanRecord: parseFromBytes
04-25 16:21:22.044  6257 20844 D ScanRecord: first manudata for manu ID
04-25 16:21:22.044  6527  6647 D ScanRecord: parseFromBytes
04-25 16:21:22.044  6527  6647 D ScanRecord: first manudata for manu ID
04-25 16:21:22.044  6527 28095 D BtGatt.ContextMap: sendClientScanResult for app id 5
04-25 16:21:22.044  6257  6268 D ScanRecord: parseFromBytes
04-25 16:21:22.044  6257  6268 D ScanRecord: first manudata for manu ID
04-25 16:21:22.054  2547  3334 D InputDispatcher: Inject motion (3682): action=0x0, eventTime=24538601000000
04-25 16:21:22.054  2547  2903 I InputDispatcher: Delivering touch to (30883): action: 0x3, toolType: 0
04-25 16:21:22.054  2547  2903 I InputDispatcher: Delivering touch to (30883): action: 0x0, toolType: 0
04-25 16:21:22.054  2547  3998 D InputDispatcher: Inject motion (3682): action=0x1, eventTime=24538606000000
04-25 16:21:22.054  2547  2903 I InputDispatcher: Delivering touch to (30883): action: 0x1, toolType: 0
04-25 16:21:22.054 30883 30883 D ViewRootImpl: ViewPostImeInputStage processPointer 0
04-25 16:21:22.054 30883 30883 D ViewRootImpl: ViewPostImeInputStage processPointer 1
04-25 16:21:22.054  6527  6647 D ScanRecord: parseFromBytes
04-25 16:21:22.054  6527  6647 D ScanRecord: first manudata for manu ID
04-25 16:21:22.054  6527 28095 D BtGatt.ContextMap: sendClientScanResult for app id 5
04-25 16:21:22.054  6257  6267 D ScanRecord: parseFromBytes
04-25 16:21:22.054  6257  6267 D ScanRecord: first manudata for manu ID
04-25 16:21:22.074  6527  6647 D ScanRecord: parseFromBytes
04-25 16:21:22.074  6527  6647 D ScanRecord: first manudata for manu ID
04-25 16:21:22.074  6527 28095 D BtGatt.ContextMap: sendClientScanResult for app id 5
04-25 16:21:22.074  6257 20844 D ScanRecord: parseFromBytes
04-25 16:21:22.074  6257 20844 D ScanRecord: first manudata for manu ID
04-25 16:21:22.094  6527  6647 D ScanRecord: parseFromBytes
04-25 16:21:22.094  6527  6647 D ScanRecord: first manudata for manu ID
04-25 16:21:22.094  6527 28095 D BtGatt.ContextMap: sendClientScanResult for app id 5
04-25 16:21:22.094  6257  6268 D ScanRecord: parseFromBytes
04-25 16:21:22.094  6257  6268 D ScanRecord: first manudata for manu ID
04-25 16:21:22.104  6527  6647 D ScanRecord: parseFromBytes
04-25 16:21:22.104  6527  6647 D ScanRecord: first manudata for manu ID
04-25 16:21:22.104  6527 28095 D BtGatt.ContextMap: sendClientScanResult for app id 5
04-25 16:21:22.114  6257  6267 D ScanRecord: parseFromBytes
04-25 16:21:22.114  6257  6267 D ScanRecord: first manudata for manu ID
04-25 16:21:22.124  6527  6647 D ScanRecord: parseFromBytes
04-25 16:21:22.124  6527  6647 D ScanRecord: first manudata for manu ID
04-25 16:21:22.124  6527 28095 D BtGatt.ContextMap: sendClientScanResult for app id 5
04-25 16:21:22.124  6257 20844 D ScanRecord: parseFromBytes
04-25 16:21:22.124  6257 20844 D ScanRecord: first manudata for manu ID
04-25 16:21:22.364  2547  2563 D InputDispatcher: Inject motion (3682): action=0x0, eventTime=24538911000000
04-25 16:21:22.364  2547  2903 I InputDispatcher: Delivering touch to (30883): action: 0x0, toolType: 0
04-25 16:21:22.364 30883 30883 D ViewRootImpl: ViewPostImeInputStage processPointer 0
04-25 16:21:22.364  2547  3062 D InputDispatcher: Inject motion (3682): action=0x1, eventTime=24538912000000
04-25 16:21:22.364  2547  2903 I InputDispatcher: Delivering touch to (30883): action: 0x1, toolType: 0
04-25 16:21:22.364 30883 30883 D ViewRootImpl: ViewPostImeInputStage processPointer 1
04-25 16:21:22.664  2547  3620 D InputDispatcher: Inject motion (3682): action=0x0, eventTime=24539215000000
04-25 16:21:22.664  2547  2903 I InputDispatcher: Delivering touch to (30883): action: 0x0, toolType: 0
04-25 16:21:22.664 30883 30883 D ViewRootImpl: ViewPostImeInputStage processPointer 0
04-25 16:21:22.674  2547  6042 D InputDispatcher: Inject motion (3682): action=0x1, eventTime=24539224000000
04-25 16:21:22.674  2547  2903 I InputDispatcher: Delivering touch to (30883): action: 0x1, toolType: 0
04-25 16:21:22.674 30883 30883 D ViewRootImpl: ViewPostImeInputStage processPointer 1
04-25 16:21:22.974  3682  3682 I Timeline: Timeline: Activity_launch_request id:com.dc.hwsj time:24539528
04-25 16:21:23.004 30883 30883 D SensorManager: unregisterListener ::   
04-25 16:21:23.004 30432 30442 I Finsky  : [7828] elh.b(9): com.dc.hwsj: Account determined from installer data - [pB8aQgkayCTMvSCyjmVGKTWBiJs]
04-25 16:21:23.004 30432 30442 I Finsky  : [7828] elh.b(16): com.dc.hwsj: Account from preferred account - [pB8aQgkayCTMvSCyjmVGKTWBiJs]
04-25 16:21:23.004  2547  3623 D SensorService: SensorEventConnection::SocketBufferSize, SystemSocketBufferSize - 4096, 2097152
04-25 16:21:23.004 30883 30883 D SensorManager: registerListener :: 0, K2HH Acceleration , 200000, 0,  
04-25 16:21:23.004 30432 31303 I Finsky  : [7905] elh.b(9): com.dc.hwsj: Account determined from installer data - [pB8aQgkayCTMvSCyjmVGKTWBiJs]
04-25 16:21:23.004 30432 31303 I Finsky  : [7905] elh.b(16): com.dc.hwsj: Account from preferred account - [pB8aQgkayCTMvSCyjmVGKTWBiJs]
04-25 16:21:23.014 30432 30443 I Finsky  : [7829] elh.b(9): com.dc.hwsj: Account determined from installer data - [pB8aQgkayCTMvSCyjmVGKTWBiJs]
04-25 16:21:23.014 30432 30443 I Finsky  : [7829] elh.b(16): com.dc.hwsj: Account from preferred account - [pB8aQgkayCTMvSCyjmVGKTWBiJs]
04-25 16:21:23.014 30432 30519 I Finsky  : [7885] elh.b(9): com.dc.hwsj: Account determined from installer data - [pB8aQgkayCTMvSCyjmVGKTWBiJs]
04-25 16:21:23.014 30432 30519 I Finsky  : [7885] elh.b(16): com.dc.hwsj: Account from preferred account - [pB8aQgkayCTMvSCyjmVGKTWBiJs]
04-25 16:21:23.294  2547  3403 D InputDispatcher: Inject motion (3682): action=0x0, eventTime=24539842000000
04-25 16:21:23.294  2547  2903 I InputDispatcher: Delivering touch to (30883): action: 0x0, toolType: 0
04-25 16:21:23.294  2547  3997 D InputDispatcher: Inject motion (3682): action=0x1, eventTime=24539844000000
04-25 16:21:23.294  2547  2903 I InputDispatcher: Delivering touch to (30883): action: 0x1, toolType: 0
04-25 16:21:23.294 30883 30883 D ViewRootImpl: ViewPostImeInputStage processPointer 0
04-25 16:21:23.294 30883 30883 D ViewRootImpl: ViewPostImeInputStage processPointer 1
04-25 16:21:23.594  2547  2966 D InputDispatcher: Inject motion (3682): action=0x0, eventTime=24540147000000
04-25 16:21:23.594  2547  2903 I InputDispatcher: Delivering touch to (30883): action: 0x0, toolType: 0
04-25 16:21:23.594  2547  6042 D InputDispatcher: Inject motion (3682): action=0x1, eventTime=24540149000000
04-25 16:21:23.604  2547  2903 I InputDispatcher: Delivering touch to (30883): action: 0x1, toolType: 0
04-25 16:21:23.604 30883 30883 D ViewRootImpl: ViewPostImeInputStage processPointer 0
04-25 16:21:23.604 30883 30883 D ViewRootImpl: ViewPostImeInputStage processPointer 1
04-25 16:21:23.904  2547  3619 D InputDispatcher: Inject motion (3682): action=0x0, eventTime=24540452000000
04-25 16:21:23.904  2547  2903 I InputDispatcher: Delivering touch to (30883): action: 0x0, toolType: 0
04-25 16:21:23.904  2547  2563 D InputDispatcher: Inject motion (3682): action=0x1, eventTime=24540453000000
04-25 16:21:23.904  2547  2903 I InputDispatcher: Delivering touch to (30883): action: 0x1, toolType: 0
04-25 16:21:23.904 30883 30883 D ViewRootImpl: ViewPostImeInputStage processPointer 0
04-25 16:21:23.904 30883 30883 D ViewRootImpl: ViewPostImeInputStage processPointer 1
04-25 16:21:24.204  2547  3623 D InputDispatcher: Inject motion (3682): action=0x0, eventTime=24540756000000
04-25 16:21:24.204  2547  2903 I InputDispatcher: Delivering touch to (30883): action: 0x0, toolType: 0
04-25 16:21:24.204  2547  3334 D InputDispatcher: Inject motion (3682): action=0x1, eventTime=24540758000000
04-25 16:21:24.204  2547  2903 I InputDispatcher: Delivering touch to (30883): action: 0x1, toolType: 0
04-25 16:21:24.204 30883 30883 D ViewRootImpl: ViewPostImeInputStage processPointer 0
04-25 16:21:24.204 30883 30883 D ViewRootImpl: ViewPostImeInputStage processPointer 1
04-25 16:21:24.514  2547  3997 D InputDispatcher: Inject motion (3682): action=0x0, eventTime=24541061000000
04-25 16:21:24.514  2547  2903 I InputDispatcher: Delivering touch to (30883): action: 0x0, toolType: 0
04-25 16:21:24.514  2547  3516 D InputDispatcher: Inject motion (3682): action=0x1, eventTime=24541063000000
04-25 16:21:24.514 30883 30883 D ViewRootImpl: ViewPostImeInputStage processPointer 0
04-25 16:21:24.514  2547  2903 I InputDispatcher: Delivering touch to (30883): action: 0x1, toolType: 0
04-25 16:21:24.514 30883 30883 D ViewRootImpl: ViewPostImeInputStage processPointer 1
04-25 16:21:24.644  3211  3284 D ContactsProvider_EventLog: contents_sample_state: [ contacts(0) data(0) accounts({}) accounts deleted({}) calls([])  ]
04-25 16:21:24.644  3211  3284 D ContactsProvider_EventLog: contents_sample_state: [ agr({})  ]
04-25 16:21:24.774  3211  3284 E ContactsProvider_EventLog: Flush buffer to file cnt : 11 size : 3Kb duration : 130ms lastUpdatedAfter : 60046 ms mFlush_time_threasold : 2000 mCurrentSize : 1848
04-25 16:21:24.814  2547  2562 D InputDispatcher: Inject motion (3682): action=0x0, eventTime=24541365000000
04-25 16:21:24.814  2547  2903 I InputDispatcher: Delivering touch to (30883): action: 0x0, toolType: 0
04-25 16:21:24.814  2547  3334 D InputDispatcher: Inject motion (3682): action=0x1, eventTime=24541367000000
04-25 16:21:24.814 30883 30883 D ViewRootImpl: ViewPostImeInputStage processPointer 0
04-25 16:21:24.814  2547  2903 I InputDispatcher: Delivering touch to (30883): action: 0x1, toolType: 0
04-25 16:21:24.814 30883 30883 D ViewRootImpl: ViewPostImeInputStage processPointer 1
04-25 16:21:25.124  2547  3997 D InputDispatcher: Inject motion (3682): action=0x0, eventTime=24541670000000
04-25 16:21:25.124  2547  2903 I InputDispatcher: Delivering touch to (30883): action: 0x0, toolType: 0
04-25 16:21:25.124 30883 30883 D ViewRootImpl: ViewPostImeInputStage processPointer 0
04-25 16:21:25.124  2547  3516 D InputDispatcher: Inject motion (3682): action=0x1, eventTime=24541672000000
04-25 16:21:25.124  2547  2903 I InputDispatcher: Delivering touch to (30883): action: 0x1, toolType: 0
04-25 16:21:25.124 30883 30883 D ViewRootImpl: ViewPostImeInputStage processPointer 1
04-25 16:21:25.154  6527  6647 D ScanRecord: parseFromBytes
04-25 16:21:25.154  6527  6647 D ScanRecord: first manudata for manu ID
04-25 16:21:25.154  6527 28095 D BtGatt.ContextMap: sendClientScanResult for app id 5
04-25 16:21:25.154  6257  6268 D ScanRecord: parseFromBytes
04-25 16:21:25.154  6257  6268 D ScanRecord: first manudata for manu ID
04-25 16:21:25.164  6527  6647 D ScanRecord: parseFromBytes
04-25 16:21:25.164  6527  6647 D ScanRecord: first manudata for manu ID
04-25 16:21:25.164  6527 28095 D BtGatt.ContextMap: sendClientScanResult for app id 5
04-25 16:21:25.164  6257  6267 D ScanRecord: parseFromBytes
04-25 16:21:25.164  6257  6267 D ScanRecord: first manudata for manu ID
04-25 16:21:25.204  6527  6647 D ScanRecord: parseFromBytes
04-25 16:21:25.204  6527  6647 D ScanRecord: first manudata for manu ID
04-25 16:21:25.204  6527 28095 D BtGatt.ContextMap: sendClientScanResult for app id 5
04-25 16:21:25.204  6257 20844 D ScanRecord: parseFromBytes
04-25 16:21:25.204  6257 20844 D ScanRecord: first manudata for manu ID
04-25 16:21:25.424  2547  3062 D InputDispatcher: Inject motion (3682): action=0x0, eventTime=24541976000000
04-25 16:21:25.424  2547  2903 I InputDispatcher: Delivering touch to (30883): action: 0x0, toolType: 0
04-25 16:21:25.424 30883 30883 D ViewRootImpl: ViewPostImeInputStage processPointer 0
04-25 16:21:25.424  2547  2966 D InputDispatcher: Inject motion (3682): action=0x1, eventTime=24541978000000
04-25 16:21:25.424  2547  2903 I InputDispatcher: Delivering touch to (30883): action: 0x1, toolType: 0
04-25 16:21:25.434 30883 30883 D ViewRootImpl: ViewPostImeInputStage processPointer 1
04-25 16:21:25.734  2547  3998 D InputDispatcher: Inject motion (3682): action=0x0, eventTime=24542281000000
04-25 16:21:25.734  2547  2903 I InputDispatcher: Delivering touch to (30883): action: 0x0, toolType: 0
04-25 16:21:25.734  2547  3619 D InputDispatcher: Inject motion (3682): action=0x1, eventTime=24542283000000
04-25 16:21:25.734  2547  2903 I InputDispatcher: Delivering touch to (30883): action: 0x1, toolType: 0
04-25 16:21:25.734 30883 30883 D ViewRootImpl: ViewPostImeInputStage processPointer 0
04-25 16:21:25.734 30883 30883 D ViewRootImpl: ViewPostImeInputStage processPointer 1
04-25 16:21:26.034  2547  3062 D InputDispatcher: Inject motion (3682): action=0x0, eventTime=24542586000000
04-25 16:21:26.034  2547  2903 I InputDispatcher: Delivering touch to (30883): action: 0x0, toolType: 0
04-25 16:21:26.034 30883 30883 D ViewRootImpl: ViewPostImeInputStage processPointer 0
04-25 16:21:26.034  2547  2966 D InputDispatcher: Inject motion (3682): action=0x1, eventTime=24542588000000
04-25 16:21:26.034  2547  2903 I InputDispatcher: Delivering touch to (30883): action: 0x1, toolType: 0
04-25 16:21:26.034 30883 30883 D ViewRootImpl: ViewPostImeInputStage processPointer 1
04-25 16:21:26.344  2547  3998 D InputDispatcher: Inject motion (3682): action=0x0, eventTime=24542890000000
04-25 16:21:26.344 30883 30883 D ViewRootImpl: ViewPostImeInputStage processPointer 0
04-25 16:21:26.344  2547  2903 I InputDispatcher: Delivering touch to (30883): action: 0x0, toolType: 0
04-25 16:21:26.344  2547  3403 D InputDispatcher: Inject motion (3682): action=0x1, eventTime=24542893000000
04-25 16:21:26.344  2547  2903 I InputDispatcher: Delivering touch to (30883): action: 0x1, toolType: 0
04-25 16:21:26.344 30883 30883 D ViewRootImpl: ViewPostImeInputStage processPointer 1
04-25 16:21:26.644  2547  3541 D InputDispatcher: Inject motion (3682): action=0x0, eventTime=24543197000000
04-25 16:21:26.644  2547  2903 I InputDispatcher: Delivering touch to (30883): action: 0x0, toolType: 0
04-25 16:21:26.654  2547  3062 D InputDispatcher: Inject motion (3682): action=0x1, eventTime=24543200000000
04-25 16:21:26.654  2547  2903 I InputDispatcher: Delivering touch to (30883): action: 0x1, toolType: 0
04-25 16:21:26.654 30883 30883 D ViewRootImpl: ViewPostImeInputStage processPointer 0
04-25 16:21:26.654 30883 30883 D ViewRootImpl: ViewPostImeInputStage processPointer 1
04-25 16:21:26.954  2547  5789 D InputDispatcher: Inject motion (3682): action=0x0, eventTime=24543504000000
04-25 16:21:26.954  2547  2903 I InputDispatcher: Delivering touch to (30883): action: 0x0, toolType: 0
04-25 16:21:26.954 30883 30883 D ViewRootImpl: ViewPostImeInputStage processPointer 0
04-25 16:21:26.954  2547  3403 D InputDispatcher: Inject motion (3682): action=0x1, eventTime=24543507000000
04-25 16:21:26.954  2547  2903 I InputDispatcher: Delivering touch to (30883): action: 0x1, toolType: 0
04-25 16:21:26.964 30883 30883 D ViewRootImpl: ViewPostImeInputStage processPointer 1
04-25 16:21:26.974  2547  2881 D SensorService: [SO] -0.259 0.385 9.699
04-25 16:21:27.184 30883 31055 I art     : Starting a blocking GC Explicit
04-25 16:21:27.234 30883 31055 I art     : Explicit concurrent mark sweep GC freed 49383(2MB) AllocSpace objects, 16(3MB) LOS objects, 50% free, 15MB/31MB, paused 1.698ms total 49.797ms
04-25 16:21:27.254 30883 31055 I art     : Starting a blocking GC Explicit
04-25 16:21:27.264  2547  2562 D InputDispatcher: Inject motion (3682): action=0x0, eventTime=24543812000000
04-25 16:21:27.264  2547  2903 I InputDispatcher: Delivering touch to (30883): action: 0x0, toolType: 0
04-25 16:21:27.264 30883 30883 D ViewRootImpl: ViewPostImeInputStage processPointer 0
04-25 16:21:27.264  2547  3334 D InputDispatcher: Inject motion (3682): action=0x1, eventTime=24543814000000
04-25 16:21:27.264  2547  2903 I InputDispatcher: Delivering touch to (30883): action: 0x1, toolType: 0
04-25 16:21:27.264 30883 30883 D ViewRootImpl: ViewPostImeInputStage processPointer 1
04-25 16:21:27.304 30883 31055 I art     : Explicit concurrent mark sweep GC freed 1095(194KB) AllocSpace objects, 2(32KB) LOS objects, 50% free, 15MB/31MB, paused 1.621ms total 42.197ms
04-25 16:21:27.324 30883 31055 I art     : Starting a blocking GC Explicit
04-25 16:21:27.364 30883 31055 I art     : Explicit concurrent mark sweep GC freed 59(2656B) AllocSpace objects, 0(0B) LOS objects, 50% free, 15MB/31MB, paused 1.678ms total 38.406ms
04-25 16:21:27.384 30883 31055 I art     : Starting a blocking GC Explicit
04-25 16:21:27.424 30883 31055 I art     : Explicit concurrent mark sweep GC freed 56(2560B) AllocSpace objects, 0(0B) LOS objects, 50% free, 15MB/31MB, paused 1.682ms total 38.311ms
04-25 16:21:27.444 30883 31055 I art     : Starting a blocking GC Explicit
04-25 16:21:27.504 30883 31055 I art     : Explicit concurrent mark sweep GC freed 99(4KB) AllocSpace objects, 0(0B) LOS objects, 50% free, 15MB/31MB, paused 2.240ms total 58.606ms
04-25 16:21:27.574  2547  2939 D InputDispatcher: Inject motion (3682): action=0x0, eventTime=24544119000000
04-25 16:21:27.574  2547  2903 I InputDispatcher: Delivering touch to (30883): action: 0x0, toolType: 0
04-25 16:21:27.574  2547  3541 D InputDispatcher: Inject motion (3682): action=0x1, eventTime=24544123000000
04-25 16:21:27.574  2547  2903 I InputDispatcher: Delivering touch to (30883): action: 0x1, toolType: 0
04-25 16:21:27.574 30883 30883 D ViewRootImpl: ViewPostImeInputStage processPointer 0
04-25 16:21:27.574 30883 30883 D ViewRootImpl: ViewPostImeInputStage processPointer 1
04-25 16:21:27.874  2547  5789 D InputDispatcher: Inject motion (3682): action=0x0, eventTime=24544428000000
04-25 16:21:27.884  2547  2903 I InputDispatcher: Delivering touch to (30883): action: 0x0, toolType: 0
04-25 16:21:27.884  2547  3403 D InputDispatcher: Inject motion (3682): action=0x1, eventTime=24544431000000
04-25 16:21:27.884 30883 30883 D ViewRootImpl: ViewPostImeInputStage processPointer 0
04-25 16:21:27.884  2547  2903 I InputDispatcher: Delivering touch to (30883): action: 0x1, toolType: 0
04-25 16:21:27.884 30883 30883 D ViewRootImpl: ViewPostImeInputStage processPointer 1
04-25 16:21:28.184  2547  3334 D InputDispatcher: Inject motion (3682): action=0x0, eventTime=24544738000000
04-25 16:21:28.194  2547  2903 I InputDispatcher: Delivering touch to (30883): action: 0x0, toolType: 0
04-25 16:21:28.194 30883 30883 D ViewRootImpl: ViewPostImeInputStage processPointer 0
04-25 16:21:28.204  2547  3403 D InputDispatcher: Inject motion (3682): action=0x1, eventTime=24544750000000
04-25 16:21:28.204  2547  2903 I InputDispatcher: Delivering touch to (30883): action: 0x1, toolType: 0
04-25 16:21:28.204  6527  6647 D ScanRecord: parseFromBytes
04-25 16:21:28.204 30883 30883 D ViewRootImpl: ViewPostImeInputStage processPointer 1
04-25 16:21:28.204  6527  6647 D ScanRecord: first manudata for manu ID
04-25 16:21:28.204  6527 28095 D BtGatt.ContextMap: sendClientScanResult for app id 5
04-25 16:21:28.204  6257  6268 D ScanRecord: parseFromBytes
04-25 16:21:28.204  6257  6268 D ScanRecord: first manudata for manu ID
04-25 16:21:28.214  6527  6647 D ScanRecord: parseFromBytes
04-25 16:21:28.214  6527  6647 D ScanRecord: first manudata for manu ID
04-25 16:21:28.214  6527 28095 D BtGatt.ContextMap: sendClientScanResult for app id 5
04-25 16:21:28.214  6257  6267 D ScanRecord: parseFromBytes
04-25 16:21:28.214  6257  6267 D ScanRecord: first manudata for manu ID
04-25 16:21:28.224  6527  6647 D ScanRecord: parseFromBytes
04-25 16:21:28.224  6527  6647 D ScanRecord: first manudata for manu ID
04-25 16:21:28.224  6527 28095 D BtGatt.ContextMap: sendClientScanResult for app id 5
04-25 16:21:28.224  6257 20844 D ScanRecord: parseFromBytes
04-25 16:21:28.224  6257 20844 D ScanRecord: first manudata for manu ID
04-25 16:21:28.234  6527  6647 D ScanRecord: parseFromBytes
04-25 16:21:28.234  6527  6647 D ScanRecord: first manudata for manu ID
04-25 16:21:28.234  6527 28095 D BtGatt.ContextMap: sendClientScanResult for app id 5
04-25 16:21:28.234  6257  6268 D ScanRecord: parseFromBytes
04-25 16:21:28.234  6257  6268 D ScanRecord: first manudata for manu ID
04-25 16:21:28.244  6527  6647 D ScanRecord: parseFromBytes
04-25 16:21:28.244  6527  6647 D ScanRecord: first manudata for manu ID
04-25 16:21:28.244  6527 28095 D BtGatt.ContextMap: sendClientScanResult for app id 5
04-25 16:21:28.244  6257  6267 D ScanRecord: parseFromBytes
04-25 16:21:28.244  6257  6267 D ScanRecord: first manudata for manu ID
04-25 16:21:28.244  6527  6647 D ScanRecord: parseFromBytes
04-25 16:21:28.244  6527  6647 D ScanRecord: first manudata for manu ID
04-25 16:21:28.244  6527 28095 D BtGatt.ContextMap: sendClientScanResult for app id 5
04-25 16:21:28.244  6257 20844 D ScanRecord: parseFromBytes
04-25 16:21:28.244  6257 20844 D ScanRecord: first manudata for manu ID
04-25 16:21:28.254  6527  6647 D ScanRecord: parseFromBytes
04-25 16:21:28.254  6527  6647 D ScanRecord: first manudata for manu ID
04-25 16:21:28.254  6527 28095 D BtGatt.ContextMap: sendClientScanResult for app id 5
04-25 16:21:28.254  6257  6268 D ScanRecord: parseFromBytes
04-25 16:21:28.254  6257  6268 D ScanRecord: first manudata for manu ID
04-25 16:21:28.264  6527  6647 D ScanRecord: parseFromBytes
04-25 16:21:28.264  6527  6647 D ScanRecord: first manudata for manu ID
04-25 16:21:28.264  6527 28095 D BtGatt.ContextMap: sendClientScanResult for app id 5
04-25 16:21:28.264  6257  6267 D ScanRecord: parseFromBytes
04-25 16:21:28.264  6257  6267 D ScanRecord: first manudata for manu ID
04-25 16:21:28.274  6527  6647 D ScanRecord: parseFromBytes
04-25 16:21:28.274  6527  6647 D ScanRecord: first manudata for manu ID
04-25 16:21:28.274  6527 28095 D BtGatt.ContextMap: sendClientScanResult for app id 5
04-25 16:21:28.274  6257 20844 D ScanRecord: parseFromBytes
04-25 16:21:28.274  6257 20844 D ScanRecord: first manudata for manu ID
04-25 16:21:28.284  6527  6647 D ScanRecord: parseFromBytes
04-25 16:21:28.284  6527  6647 D ScanRecord: first manudata for manu ID
04-25 16:21:28.284  6527 28095 D BtGatt.ContextMap: sendClientScanResult for app id 5
04-25 16:21:28.284  6257  6268 D ScanRecord: parseFromBytes
04-25 16:21:28.284  6257  6268 D ScanRecord: first manudata for manu ID
04-25 16:21:28.294  6527  6647 D ScanRecord: parseFromBytes
04-25 16:21:28.294  6527  6647 D ScanRecord: first manudata for manu ID
04-25 16:21:28.294  6527 28095 D BtGatt.ContextMap: sendClientScanResult for app id 5
04-25 16:21:28.294  6257  6267 D ScanRecord: parseFromBytes
04-25 16:21:28.294  6257  6267 D ScanRecord: first manudata for manu ID
04-25 16:21:28.294  6527  6647 D ScanRecord: parseFromBytes
04-25 16:21:28.294  6527  6647 D ScanRecord: first manudata for manu ID
04-25 16:21:28.294  6527 28095 D BtGatt.ContextMap: sendClientScanResult for app id 5
04-25 16:21:28.294  6257 20844 D ScanRecord: parseFromBytes
04-25 16:21:28.294  6257 20844 D ScanRecord: first manudata for manu ID
04-25 16:21:28.304  6527  6647 D ScanRecord: parseFromBytes
04-25 16:21:28.304  6527  6647 D ScanRecord: first manudata for manu ID
04-25 16:21:28.304  6527 28095 D BtGatt.ContextMap: sendClientScanResult for app id 5
04-25 16:21:28.304  6257  6268 D ScanRecord: parseFromBytes
04-25 16:21:28.304  6257  6268 D ScanRecord: first manudata for manu ID
04-25 16:21:28.304  6527  6647 D ScanRecord: parseFromBytes
04-25 16:21:28.304  6527  6647 D ScanRecord: first manudata for manu ID
04-25 16:21:28.304  6527 28095 D BtGatt.ContextMap: sendClientScanResult for app id 5
04-25 16:21:28.304  6257  6267 D ScanRecord: parseFromBytes
04-25 16:21:28.304  6257  6267 D ScanRecord: first manudata for manu ID
04-25 16:21:28.324  6527  6647 D ScanRecord: parseFromBytes
04-25 16:21:28.324  6527  6647 D ScanRecord: first manudata for manu ID
04-25 16:21:28.324  6527 28095 D BtGatt.ContextMap: sendClientScanResult for app id 5
04-25 16:21:28.324  6257 20844 D ScanRecord: parseFromBytes
04-25 16:21:28.324  6257 20844 D ScanRecord: first manudata for manu ID
04-25 16:21:28.334  6527  6647 D ScanRecord: parseFromBytes
04-25 16:21:28.334  6527  6647 D ScanRecord: first manudata for manu ID
04-25 16:21:28.334  6527 28095 D BtGatt.ContextMap: sendClientScanResult for app id 5
04-25 16:21:28.334  6257  6268 D ScanRecord: parseFromBytes
04-25 16:21:28.334  6257  6268 D ScanRecord: first manudata for manu ID
04-25 16:21:28.334  6527  6647 D ScanRecord: parseFromBytes
04-25 16:21:28.334  6527  6647 D ScanRecord: first manudata for manu ID
04-25 16:21:28.334  6527 28095 D BtGatt.ContextMap: sendClientScanResult for app id 5
04-25 16:21:28.334  6257  6267 D ScanRecord: parseFromBytes
04-25 16:21:28.334  6257  6267 D ScanRecord: first manudata for manu ID
04-25 16:21:28.354  6527  6647 D ScanRecord: parseFromBytes
04-25 16:21:28.354  6527  6647 D ScanRecord: first manudata for manu ID
04-25 16:21:28.354  6527 28095 D BtGatt.ContextMap: sendClientScanResult for app id 5
04-25 16:21:28.354  6257 20844 D ScanRecord: parseFromBytes
04-25 16:21:28.354  6257 20844 D ScanRecord: first manudata for manu ID
04-25 16:21:28.364  6527  6647 D ScanRecord: parseFromBytes
04-25 16:21:28.374  6527  6647 D ScanRecord: first manudata for manu ID
04-25 16:21:28.374  6527 28095 D BtGatt.ContextMap: sendClientScanResult for app id 5
04-25 16:21:28.374  6257  6268 D ScanRecord: parseFromBytes
04-25 16:21:28.374  6257  6268 D ScanRecord: first manudata for manu ID
04-25 16:21:28.374  6527  6647 D ScanRecord: parseFromBytes
04-25 16:21:28.374  6527  6647 D ScanRecord: first manudata for manu ID
04-25 16:21:28.384  6527 28095 D BtGatt.ContextMap: sendClientScanResult for app id 5
04-25 16:21:28.384  6257  6267 D ScanRecord: parseFromBytes
04-25 16:21:28.384  6257  6267 D ScanRecord: first manudata for manu ID
04-25 16:21:28.384  6527  6647 D ScanRecord: parseFromBytes
04-25 16:21:28.384  6527  6647 D ScanRecord: first manudata for manu ID
04-25 16:21:28.384  6527 28095 D BtGatt.ContextMap: sendClientScanResult for app id 5
04-25 16:21:28.384  6257 20844 D ScanRecord: parseFromBytes
04-25 16:21:28.384  6257 20844 D ScanRecord: first manudata for manu ID
04-25 16:21:28.504  2547  3619 D InputDispatcher: Inject motion (3682): action=0x0, eventTime=24545058000000
04-25 16:21:28.504  2547  2903 I InputDispatcher: Delivering touch to (30883): action: 0x0, toolType: 0
04-25 16:21:28.514  2547  3541 D InputDispatcher: Inject motion (3682): action=0x1, eventTime=24545060000000
04-25 16:21:28.514 30883 30883 D ViewRootImpl: ViewPostImeInputStage processPointer 0
04-25 16:21:28.514  2547  2903 I InputDispatcher: Delivering touch to (30883): action: 0x1, toolType: 0
04-25 16:21:28.514 30883 30883 D ViewRootImpl: ViewPostImeInputStage processPointer 1
04-25 16:21:28.814  2547  3623 D InputDispatcher: Inject motion (3682): action=0x0, eventTime=24545366000000
04-25 16:21:28.814  2547  2903 I InputDispatcher: Delivering touch to (30883): action: 0x0, toolType: 0
04-25 16:21:28.814  2547  3062 D InputDispatcher: Inject motion (3682): action=0x1, eventTime=24545368000000
