W/Atlas   ( 3536): Pointer 0x0, not in getPreloadedDrawables?
W/Atlas   ( 3536): Pointer 0x0, not in getPreloadedDrawables?
W/Atlas   ( 3536): Pointer 0x0, not in getPreloadedDrawables?
W/Atlas   ( 3536): Pointer 0x0, not in getPreloadedDrawables?
W/Atlas   ( 3536): Pointer 0x0, not in getPreloadedDrawables?
W/Atlas   ( 3536): Pointer 0x0, not in getPreloadedDrawables?
W/Atlas   ( 3536): Pointer 0x0, not in getPreloadedDrawables?
W/Atlas   ( 3536): Pointer 0x0, not in getPreloadedDrawables?
W/Atlas   ( 3536): Pointer 0x0, not in getPreloadedDrawables?
W/Atlas   ( 3536): Pointer 0x0, not in getPreloadedDrawables?
W/Atlas   ( 3536): Pointer 0x0, not in getPreloadedDrawables?
W/Atlas   ( 3536): Pointer 0x0, not in getPreloadedDrawables?
W/Atlas   ( 3536): Pointer 0x0, not in getPreloadedDrawables?
W/Atlas   ( 3536): Pointer 0x0, not in getPreloadedDrawables?
W/Atlas   ( 3536): Pointer 0x0, not in getPreloadedDrawables?
W/Atlas   ( 3536): Pointer 0x0, not in getPreloadedDrawables?
W/Atlas   ( 3536): Pointer 0x0, not in getPreloadedDrawables?
W/Atlas   ( 3536): Pointer 0x0, not in getPreloadedDrawables?
W/Atlas   ( 3536): Pointer 0x0, not in getPreloadedDrawables?
W/Atlas   ( 3536): Pointer 0x0, not in getPreloadedDrawables?
W/Atlas   ( 3536): Pointer 0x0, not in getPreloadedDrawables?
W/Atlas   ( 3536): Pointer 0x0, not in getPreloadedDrawables?
W/Atlas   ( 3536): Pointer 0x0, not in getPreloadedDrawables?
W/Atlas   ( 3536): Pointer 0x0, not in getPreloadedDrawables?
W/Atlas   ( 3536): Pointer 0x0, not in getPreloadedDrawables?
W/Atlas   ( 3536): Pointer 0x0, not in getPreloadedDrawables?
W/Atlas   ( 3536): Pointer 0x0, not in getPreloadedDrawables?
W/Atlas   ( 3536): Pointer 0x0, not in getPreloadedDrawables?
W/Atlas   ( 3536): Pointer 0x0, not in getPreloadedDrawables?
W/Atlas   ( 3536): Pointer 0x0, not in getPreloadedDrawables?
W/Atlas   ( 3536): Pointer 0x0, not in getPreloadedDrawables?
W/Atlas   ( 3536): Pointer 0x0, not in getPreloadedDrawables?
W/Atlas   ( 3536): Pointer 0x0, not in getPreloadedDrawables?
W/Atlas   ( 3536): Pointer 0x0, not in getPreloadedDrawables?
W/Atlas   ( 3536): Pointer 0x0, not in getPreloadedDrawables?
W/Atlas   ( 3536): Pointer 0x0, not in getPreloadedDrawables?
W/Atlas   ( 3536): Pointer 0x0, not in getPreloadedDrawables?
W/Atlas   ( 3536): Pointer 0x0, not in getPreloadedDrawables?
W/Atlas   ( 3536): Pointer 0x0, not in getPreloadedDrawables?
W/Atlas   ( 3536): Pointer 0x0, not in getPreloadedDrawables?
W/Atlas   ( 3536): Pointer 0x0, not in getPreloadedDrawables?
W/Atlas   ( 3536): Pointer 0x0, not in getPreloadedDrawables?
W/Atlas   ( 3536): Pointer 0x0, not in getPreloadedDrawables?
W/Atlas   ( 3536): Pointer 0x0, not in getPreloadedDrawables?
W/Atlas   ( 3536): Pointer 0x0, not in getPreloadedDrawables?
W/Atlas   ( 3536): Pointer 0x0, not in getPreloadedDrawables?
W/Atlas   ( 3536): Pointer 0x0, not in getPreloadedDrawables?
W/Atlas   ( 3536): Pointer 0x0, not in getPreloadedDrawables?
W/Atlas   ( 3536): Pointer 0x0, not in getPreloadedDrawables?
W/Atlas   ( 3536): Pointer 0x0, not in getPreloadedDrawables?
W/Atlas   ( 3536): Pointer 0x0, not in getPreloadedDrawables?
W/Atlas   ( 3536): Pointer 0x0, not in getPreloadedDrawables?
W/Atlas   ( 3536): Pointer 0x0, not in getPreloadedDrawables?
W/Atlas   ( 3536): Pointer 0x0, not in getPreloadedDrawables?
W/Atlas   ( 3536): Pointer 0x0, not in getPreloadedDrawables?
W/Atlas   ( 3536): Pointer 0x0, not in getPreloadedDrawables?
W/Atlas   ( 3536): Pointer 0x0, not in getPreloadedDrawables?
W/Atlas   ( 3536): Pointer 0x0, not in getPreloadedDrawables?
W/Atlas   ( 3536): Pointer 0x0, not in getPreloadedDrawables?
W/Atlas   ( 3536): Pointer 0x0, not in getPreloadedDrawables?
W/Atlas   ( 3536): Pointer 0x0, not in getPreloadedDrawables?
W/Atlas   ( 3536): Pointer 0x0, not in getPreloadedDrawables?
W/Atlas   ( 3536): Pointer 0x0, not in getPreloadedDrawables?
W/Atlas   ( 3536): Pointer 0x0, not in getPreloadedDrawables?
W/Atlas   ( 3536): Pointer 0x0, not in getPreloadedDrawables?
W/Atlas   ( 3536): Pointer 0x0, not in getPreloadedDrawables?
W/Atlas   ( 3536): Pointer 0x0, not in getPreloadedDrawables?
W/Atlas   ( 3536): Pointer 0x0, not in getPreloadedDrawables?
V/WindowManager( 1658): Adding window Window{2e729eac u0 com.dc.hwsj/com.dc.hwsj.LuaActivity} at 2 of 6 (before Window{30ff56e4 u0 Starting com.dc.hwsj})
I/System.out( 3536): Elva init------
W/System.err( 3536): android.content.pm.PackageManager$NameNotFoundException: com.android.vending
W/System.err( 3536): 	at android.app.ApplicationPackageManager.getPackageInfo(ApplicationPackageManager.java:114)
W/System.err( 3536): 	at com.ljoy.chatbot.utils.AdvertisingIdClient.getAdvertisingIdInfo(AdvertisingIdClient.java:45)
W/System.err( 3536): 	at com.ljoy.chatbot.controller.ElvaServiceController$1.run(ElvaServiceController.java:183)
W/System.err( 3536): 	at java.lang.Thread.run(Thread.java:818)
I/OpenGLRenderer( 3536): Initialized EGL, version 1.4
D/        ( 3536): HostConnection::get() New Host Connection established 0xad829fa0, tid 3605
D/OpenGLRenderer( 3536): Enabling debug mode 0
V/WindowManager( 1658): Adding window Window{152aa30a u0 SurfaceView} at 2 of 7 (before Window{2e729eac u0 com.dc.hwsj/com.dc.hwsj.LuaActivity})
D/        ( 3536): HostConnection::get() New Host Connection established 0xb3f76300, tid 3572
I/FA      ( 3536): This instance being marked as an uploader
W/FA      ( 3536): Callable skipped the worker queue.
W/GooglePlayServicesUtil( 3536): Google Play Store is missing.
W/GooglePlayServicesUtil( 3536): Google Play Store is missing.
W/GooglePlayServicesUtil( 3536): Google Play Store is missing.
W/GooglePlayServicesUtil( 3536): Google Play Store is missing.
V/WindowManager( 1658): Layouts looping: On entry to LockedInner, mPendingLayoutChanges = 0x1
V/WindowManager( 1658): Layouts looping: loop number 4, mPendingLayoutChanges = 0x0
V/WindowManager( 1658): Layouts looping: after finishPostLayoutPolicyLw, mPendingLayoutChanges = 0x0
V/WindowManager( 1658): Layouts looping: mLayoutNeeded, mPendingLayoutChanges = 0x1
V/WindowManager( 1658): Layouts looping: On entry to LockedInner, mPendingLayoutChanges = 0x1
V/WindowManager( 1658): Layouts looping: loop number 5, mPendingLayoutChanges = 0x0
V/WindowManager( 1658): Layouts looping: after finishPostLayoutPolicyLw, mPendingLayoutChanges = 0x0
V/WindowManager( 1658): Layouts looping: mLayoutNeeded, mPendingLayoutChanges = 0x1
E/WindowManager( 1658): Performed 6 layouts in a row. Skipping
W/IInputConnectionWrapper( 2018): showStatusIcon on inactive InputConnection
I/ActivityManager( 1658): Displayed com.dc.hwsj/.LuaActivity: +673ms
V/GLSurfaceView( 3536): glGetString(7937) returns Adreno (TM) 540;
I/WindowManager( 1658): Screen frozen for +723ms due to Window{30ff56e4 u0 Starting com.dc.hwsj}
W/libOpenSLES( 3536): class OutputMix interface 0 requested but unavailable MPH=43
V/Corona  ( 3536): > Class.forName: network.LuaLoader
V/Corona  ( 3536): < Class.forName: network.LuaLoader
V/Corona  ( 3536): Loading via reflection: network.LuaLoader
I/Corona  ( 3536): Platform: OPPO R11 / x86 / 5.1.1 / Adreno (TM) 540 / OpenGL ES 3.1 / 2018.3326 / 中文 | CN | zh_CN | zh
V/Corona  ( 3536): > Class.forName: shared.google.play.services.base.LuaLoader
V/Corona  ( 3536): > Class.forName: _CoronaSetup.LuaLoader
I/Corona  ( 3536): sssssssssssssss:	750	1334
I/Corona  ( 3536): ERROR: Unsupported key: supportsSessionProperty in audio library
I/Corona  ( 3536): verifyFile > try to read file = gLocalConfig.datahash
I/Corona  ( 3536): hashStr = 	26fb9707cf797745dee765bd98777bd660ad867f
I/Corona  ( 3536): realHash = 	26fb9707cf797745dee765bd98777bd660ad867f
I/Corona  ( 3536): gLocalConfig.data==verifyFile true!
I/Corona  ( 3536): testInuseRegion
I/ActivityManager( 1658): START u0 {act=android.intent.action.MAIN cat=[android.intent.category.LAUNCHER] flg=0x10200000 cmp=com.dc.hwsj/.LuaActivity} from uid 0 on display 0
I/System.out( 3536): Elva SendRequestNewTask result:{"isReward":false,"time":1555915683466,"point":"https://cs30.net/elva/api/point","faqYYdata":"https://cs30.net/elva/api/faqs1","showfaqlist":"https://cs30.net/elva/mFAQ/Naval.aspx","forumBestUrl":"https://aihelp.net/forum/home/index/bestlist","kcpServer":"wss142.aihelp.net","showfaq":"https://cs30.net/elva/FAQ/ShowFAQ.aspx","apiDomain":"cs30.net","svrport":"1883","faqdata":"https://cs30.net/elva/api/faqs","vipChatDomain":"aihelp.net","faqAimlFileName":"","OperFileName":"0baa2f83c5975c242b0f5bc21452e978.json","forumUrl":"https://aihelp.net/forum","show_url":"https://cs30.net/elva/mFAQ/show.aspx","topic":"topic","svrip":"wss142.aihelp.net","storyAimlFileName":"6464fbec6b59dc09dee73b919f548cf3.aiml","botEnable":"false","ip":"1.75.213.10","faqdataForm":"https://cs30.net/elva/api/faqs2","faqFileName":"767f08d14897dc7dc9bd0ddc1563e2e6.json","initPeriod":0,"upload":"https://cs30.net/FileService/api/upload","cdnUrl":"https://cdn.aihelp.net/Elva"}
E/elvaLog ( 3536): 向.net发送的请求：sdkVersion=1.4.3&l=ja&appid=MechanistGames_platform_3317042a-af81-49df-bd59-e2ffcc197c06&faqkey=1553072962426
E/elvaLog_exists( 3536): 6464fbec6b59dc09dee73b919f548cf3_story.aiml
E/elvaLog ( 3536): AIBOT 初始化成功。。。。。。。。。。。。。。
E/elvaLog ( 3536): AIBOT 返回消息。。。。。。。。。。。。。。1{"msgs":[{"msg":"スルタン様、私はあなたのパーソナルアシスタントのカンフェザです。オスマン帝国の君主へようこそ！\n以下のよくある質問を見るか、下にキーワードを入力するか、[お問い合わせ]ボタンをタップして直接カスタマーサービスにお問い合わせください。","actions":[{"action":"支払い","reply":"支払い"},{"action":"アカウント","reply":"アカウント"},{"action":"ゲームの問題","reply":"ゲームの問題"},{"action":"ゲーム設定","reply":"ゲーム設定"},{"action":"バグの報告","reply":"バグの報告"},{"action":"提案","reply":"提案"},{"action":"他のご用件はありますか？今すぐ問い合わせる","reply":"他のご用件はありますか？今すぐ問い合わせる"}]}]}
I/Corona  ( 3536): event.response:	https://hwsj-eu-test.clktec.com:20888/frontend/distribute	{"data":"{\"Info\":\"\",\"Code\":0,\"Sess\":\"\",\"Data\":{\"RecommendRegionAppId\":1022,\"RecommendRegionTimeZone\":8,\"IsOpen\":1,\"CurrentRegionId\":1,\"CurrentRegionAppId\":1020,\"CurrentRegionTimeZone\":3,\"IsWarnPrivacy\":0,\"RecommendRegionId\":2}}","info":"请求成功","stat":1}
I/Corona  ( 3536): https://hwsj-eu-test.clktec.com:20888/frontend/distribute	1264.942
W/AudioService( 1658): stream was not muted by this client
E/AudioService( 1658): Could not get client death handler for stream: 1
W/AudioService( 1658): stream was not muted by this client
E/AudioService( 1658): Could not get client death handler for stream: 2
W/AudioService( 1658): stream was not muted by this client
E/AudioService( 1658): Could not get client death handler for stream: 5
W/AudioService( 1658): stream was not muted by this client
E/AudioService( 1658): Could not get client death handler for stream: 7
W/AudioService( 1658): stream was not muted by this client
E/AudioService( 1658): Could not get client death handler for stream: 8
W/AudioService( 1658): stream was not muted by this client
E/AudioService( 1658): Could not get client death handler for stream: 1
W/AudioService( 1658): stream was not muted by this client
E/AudioService( 1658): Could not get client death handler for stream: 2
W/AudioService( 1658): stream was not muted by this client
E/AudioService( 1658): Could not get client death handler for stream: 5
W/AudioService( 1658): stream was not muted by this client
E/AudioService( 1658): Could not get client death handler for stream: 7
W/AudioService( 1658): stream was not muted by this client
E/AudioService( 1658): Could not get client death handler for stream: 8
D/TaskPersister( 1658): removeObsoleteFile: deleting file=2_task.xml
W/AudioService( 1658): stream was not muted by this client
E/AudioService( 1658): Could not get client death handler for stream: 1
W/AudioService( 1658): stream was not muted by this client
E/AudioService( 1658): Could not get client death handler for stream: 2
W/AudioService( 1658): stream was not muted by this client
E/AudioService( 1658): Could not get client death handler for stream: 5
W/AudioService( 1658): stream was not muted by this client
E/AudioService( 1658): Could not get client death handler for stream: 7
W/AudioService( 1658): stream was not muted by this client
E/AudioService( 1658): Could not get client death handler for stream: 8
W/BackupManagerService( 1658): dataChanged but no participant pkg='com.android.providers.settings' uid=10010
I/ActivityManager( 1658): START u0 {act=android.intent.action.MAIN cat=[android.intent.category.LAUNCHER] flg=0x10200000 cmp=com.dc.hwsj/.LuaActivity} from uid 0 on display 0
E/Corona  ( 3536): ERROR: network: failed to connect to hwsj-eu-test.clktec.com/47.254.158.104 (port 20888) after 4000ms: https://hwsj-eu-test.clktec.com:20888/frontend/distribute (java.net.SocketTimeoutException)
E/Corona  ( 3536): ERROR: network: failed to connect to hwsj-eu-test.clktec.com/47.254.158.104 (port 20888) after 4000ms: https://hwsj-eu-test.clktec.com:20888/frontend/distribute (java.net.SocketTimeoutException)
I/Corona  ( 3536): net error response：	https://hwsj-eu-test.clktec.com:20888/frontend/distribute	failed to connect to hwsj-eu-test.clktec.com/47.254.158.104 (port 20888) after 4000ms: https://hwsj-eu-test.clktec.com:20888/frontend/distribute
I/Corona  ( 3536): https://hwsj-eu-test.clktec.com:20888/frontend/distribute	8005.603
I/Corona  ( 3536): net error response：	https://hwsj-eu-test.clktec.com:20888/frontend/distribute	failed to connect to hwsj-eu-test.clktec.com/47.254.158.104 (port 20888) after 4000ms: https://hwsj-eu-test.clktec.com:20888/frontend/distribute
I/Corona  ( 3536): https://hwsj-eu-test.clktec.com:20888/frontend/distribute	8005.815
I/Corona  ( 3536): testInuseRegion
I/Corona  ( 3536): event.response:	https://hwsj.9longegame.com:20887/frontend/distribute	{"data":"{\"Data\":{\"IsOpen\":1,\"CurrentRegionId\":1,\"CurrentRegionAppId\":1020,\"CurrentRegionTimeZone\":3,\"IsWarnPrivacy\":0,\"RecommendRegionId\":2,\"RecommendRegionAppId\":1022,\"RecommendRegionTimeZone\":8},\"Info\":\"\",\"Code\":0,\"Sess\":\"\"}","info":"请求成功","stat":1}
I/Corona  ( 3536): https://hwsj.9longegame.com:20887/frontend/distribute	983.167
I/Corona  ( 3536): event.response:	https://hwsj.9longe.net:20888/frontend/distribute	{"data":"{\"Data\":{\"RecommendRegionAppId\":1022,\"RecommendRegionTimeZone\":8,\"IsOpen\":1,\"CurrentRegionId\":1,\"CurrentRegionAppId\":1020,\"CurrentRegionTimeZone\":3,\"IsWarnPrivacy\":0,\"RecommendRegionId\":2},\"Info\":\"\",\"Code\":0,\"Sess\":\"\"}","info":"请求成功","stat":1}
I/Corona  ( 3536): https://hwsj.9longe.net:20888/frontend/distribute	1138.794
I/Corona  ( 3536): event.response:	https://hwsj-eu-2.9longe.net:20888/frontend/distribute	{"data":"{\"Data\":{\"RecommendRegionAppId\":1022,\"RecommendRegionTimeZone\":8,\"IsOpen\":1,\"CurrentRegionId\":1,\"CurrentRegionAppId\":1020,\"CurrentRegionTimeZone\":3,\"IsWarnPrivacy\":0,\"RecommendRegionId\":2},\"Info\":\"\",\"Code\":0,\"Sess\":\"\"}","info":"请求成功","stat":1}
I/Corona  ( 3536): https://hwsj-eu-2.9longe.net:20888/frontend/distribute	1156.943
I/art     ( 1658): Explicit concurrent mark sweep GC freed 69878(3MB) AllocSpace objects, 8(144KB) LOS objects, 34% free, 15MB/23MB, paused 335us total 16.401ms
I/ActivityManager( 1658): START u0 {act=android.intent.action.MAIN cat=[android.intent.category.LAUNCHER] flg=0x10200000 cmp=com.dc.hwsj/.LuaActivity} from uid 0 on display 0
I/Corona  ( 3536): verifyFile > try to read file = gLocalConfig.datahash
I/Corona  ( 3536): hashStr = 	26fb9707cf797745dee765bd98777bd660ad867f
I/Corona  ( 3536): realHash = 	26fb9707cf797745dee765bd98777bd660ad867f
I/Corona  ( 3536): gLocalConfig.data==verifyFile true!
W/art     ( 3536): Attempt to remove local handle scope entry from IRT, ignoring
W/AwContents( 3536): onDetachedFromWindow called when already detached. Ignoring
I/System.out( 3536): appIdActivity: isactivity1021  true
I/System.out( 3536): getDeviceId: BaseInfo.deviceId.equals
I/System.out( 3536): getDeviceId: 866174010121578
I/Corona  ( 3536): sdks http: 	https://hwsj-eu-frontend-log.clktec.com/frontend/distribute
E/Corona  ( 3536): ERROR: network: failed to connect to hwsj-eu-3.9longe.net/35.244.162.254 (port 443) after 4000ms: https://hwsj-eu-3.9longe.net/frontend/distribute (java.net.SocketTimeoutException)
I/TAG     ( 3536): test
I/==> xxx ( 3536): updateAccessPrivacyInfoStatus: 1
D/houdini ( 3536): [3572] Added shared library /data/app/com.dc.hwsj-1/lib/arm/libsm_decoder.so for ClassLoader by Native Bridge.
W/ActivityManager( 1658): Unable to start service Intent { act=com.google.android.gms.ads.identifier.service.START pkg=com.google.android.gms } U=0: not found
W/ActivityManager( 1658): Unbind failed: could not find connection for android.os.BinderProxy@31440d61
W/ActivityManager( 1658): Unable to start service Intent { act=com.google.android.gms.ads.identifier.service.START pkg=com.google.android.gms } U=0: not found
W/ActivityManager( 1658): Unbind failed: could not find connection for android.os.BinderProxy@30137086
I/AdsSdk_3006.6( 3536): productId:null
I/AdsSdk_3006.6( 3536): channelId:null
I/AdsSdk_3006.6( 3536): 没有单独接入统计SDK，使用内部统计
I/AdsSdk_3006.6( 3536): finish to init analysis SDK：false
I/AdsSdk_3006.6( 3536): productId:1000254
I/AdsSdk_3006.6( 3536): channelId:32400
I/AdsSdk_3006.6( 3536): 没有单独接入统计SDK，使用内部统计
I/AdsSdk_3006.6( 3536): finish to init analysis SDK：true
I/<ALY Android>_3201( 3536): xxx ==> dataDir: /sdcard/Android/data/com.dc.hwsj/files
I/<ALY Android>_3201( 3536): xxx ==> dataDir exist: false
W/DebugConnManager( 3536): getNetworkInfo() on networkType 1
W/ActivityManager( 1658): Unable to start service Intent { act=com.google.android.gms.ads.identifier.service.START pkg=com.google.android.gms } U=0: not found
W/ActivityManager( 1658): Unbind failed: could not find connection for android.os.BinderProxy@2a480799
W/ActivityManager( 1658): Unable to start service Intent { act=com.google.android.gms.ads.identifier.service.START pkg=com.google.android.gms } U=0: not found
W/ActivityManager( 1658): Unbind failed: could not find connection for android.os.BinderProxy@2c520a5e
W/DebugConnManager( 3536): getNetworkInfo() on networkType 1
W/DebugConnManager( 3536): getNetworkInfo() on networkType 1
W/ActivityManager( 1658): Unable to start service Intent { act=com.google.android.gms.ads.identifier.service.START pkg=com.google.android.gms } U=0: not found
W/ActivityManager( 1658): Unbind failed: could not find connection for android.os.BinderProxy@cb3e3f
W/ActivityManager( 1658): Unable to start service Intent { act=com.google.android.gms.ads.identifier.service.START pkg=com.google.android.gms } U=0: not found
W/ActivityManager( 1658): Unbind failed: could not find connection for android.os.BinderProxy@273ae30c
W/DebugConnManager( 3536): getNetworkInfo() on networkType 1
D/UnityAds( 3536): com.unity3d.ads.misc.Utilities.writeFile() (line:128) :: Wrote file: /data/data/com.dc.hwsj/files/UnityAdsStorage-public-data.json
D/UnityAds( 3536): com.unity3d.ads.device.Storage.sendEvent() (line:82) :: Couldn't send storage event to WebApp
D/UnityAds( 3536): com.unity3d.ads.UnityAds.initialize() (line:110) :: ENTERED METHOD
I/UnityAds( 3536): com.unity3d.ads.UnityAds.initialize() (line:149) :: Initializing Unity Ads 2.2.1 (2201) with game id 2752400 in production mode
I/UnityAds( 3536): com.unity3d.ads.UnityAds.initialize() (line:161) :: Unity Ads environment check OK
W/GooglePlayServicesUtil( 3536): Google Play Store is missing.
E/ActivityThread( 3536): Failed to find provider info for com.google.android.gms.chimera
W/DynamiteModule( 3536): Failed to retrieve remote module version.
W/GooglePlayServicesUtil( 3536): Google Play Store is missing.
W/ActivityManager( 1658): Unable to start service Intent { act=com.google.android.gms.ads.identifier.service.START pkg=com.google.android.gms } U=0: not found
I/UnityAds( 3536): com.unity3d.ads.configuration.InitializeThread$InitializeStateConfig.execute() (line:235) :: Unity Ads init: load configuration from https://config.unityads.unity3d.com/webview/2.2.1/release/config.json
W/DebugConnManager( 3536): getNetworkInfo() on networkType 1
W/GooglePlayServicesUtil( 3536): Google Play services is missing.
W/GooglePlayServicesUtil( 3536): Google Play Store is missing.
W/GooglePlayServicesUtil( 3536): Google Play Store is missing.
I/Ads     ( 3536): Starting ad request.
I/Ads     ( 3536): Use AdRequest.Builder.addTestDevice("656814C8F3FC720FFAFA162A80042A9F") to get test ads on this device.
W/art     ( 3536): Attempt to remove local handle scope entry from IRT, ignoring
W/AwContents( 3536): onDetachedFromWindow called when already detached. Ignoring
W/art     ( 3536): Attempt to remove local handle scope entry from IRT, ignoring
W/art     ( 3536): Attempt to remove local handle scope entry from IRT, ignoring
W/GooglePlayServicesUtil( 3536): Google Play Store is missing.
W/GooglePlayServicesUtil( 3536): Google Play Store is missing.
W/GooglePlayServicesUtil( 3536): Google Play Store is missing.
W/GooglePlayServicesUtil( 3536): Google Play Store is missing.
I/UnityAds( 3536): com.unity3d.ads.configuration.InitializeThread$InitializeStateLoadCache.execute() (line:288) :: Unity Ads init: webapp loaded from local cache
W/art     ( 3536): Attempt to remove local handle scope entry from IRT, ignoring
W/AwContents( 3536): onDetachedFromWindow called when already detached. Ignoring
W/art     ( 3536): Attempt to remove local handle scope entry from IRT, ignoring
W/art     ( 3536): Attempt to remove local handle scope entry from IRT, ignoring
I/chromium( 3536): [INFO:CONSOLE(7)] "The key "viewport-fit" is not recognized and ignored.", source: file:///storage/emulated/0/Android/data/com.dc.hwsj/cache/UnityAdsCache/UnityAdsWebApp.html?platform=android&origin=https%3A%2F%2Fwebview.unityads.unity3d.com%2Fwebview%2F2.2.1%2F212513a8d7ad15d926d518804655cea3d2a6315c%2Frelease%2Findex.html&version=212513a8d7ad15d926d518804655cea3d2a6315c (7)
I/ActivityManager( 1658): START u0 {act=android.intent.action.MAIN cat=[android.intent.category.LAUNCHER] flg=0x10200000 cmp=com.dc.hwsj/.LuaActivity} from uid 0 on display 0
I/Corona  ( 3536): {"data":"{\"data\":\"\",\"info\":\"上传日志\",\"stat\":1402}","info":"请求成功","stat":1}
I/System.out( 3536): getDeviceId: 866174010121578
I/System.out( 3536): getDeviceId: 866174010121578
I/Corona  ( 3536): sdks http: 	https://hwsj-eu-frontend-log.clktec.com/frontend/distribute
I/Corona  ( 3536): change update cdn url to: 	https://hwsj-res.clktec.com/updatetest/1.83/patchList.json?20190425212
D/IS_UNITY( 3536): false
E/ActivityThread( 3536): Failed to find provider info for com.facebook.katana.provider.AttributionIdProvider
W/GooglePlayServicesUtil( 3536): Google Play Store is missing.
W/ActivityManager( 1658): Unable to start service Intent { act=com.google.android.gms.ads.identifier.service.START pkg=com.google.android.gms } U=0: not found
D/AdInternalSettings( 3536): Test mode device hash: 65b86eb6-8d32-4247-a45e-f183e8fdeaf2
D/AdInternalSettings( 3536): When testing your app with Facebook's ad units you must specify the device hashed ID to ensure the delivery of test ads, add the following code before loading an ad: AdSettings.addTestDevice("65b86eb6-8d32-4247-a45e-f183e8fdeaf2");
D/IS_UNITY( 3536): false
E/ActivityThread( 3536): Failed to find provider info for com.facebook.katana.provider.AttributionIdProvider
W/GooglePlayServicesUtil( 3536): Google Play Store is missing.
W/ActivityManager( 1658): Unable to start service Intent { act=com.google.android.gms.ads.identifier.service.START pkg=com.google.android.gms } U=0: not found
D/IS_UNITY( 3536): false
E/ActivityThread( 3536): Failed to find provider info for com.facebook.katana.provider.AttributionIdProvider
W/GooglePlayServicesUtil( 3536): Google Play Store is missing.
W/ActivityManager( 1658): Unable to start service Intent { act=com.google.android.gms.ads.identifier.service.START pkg=com.google.android.gms } U=0: not found
W/DebugConnManager( 3536): getNetworkInfo() on networkType 1
I/Corona  ( 3536): verifyFile > try to read file = patcher/lastPCfghash
I/Corona  ( 3536): hashStr = 	ac0d6ddf33413f56038c9cad5082b56eed3dcd4f
I/Corona  ( 3536): realHash = 	ac0d6ddf33413f56038c9cad5082b56eed3dcd4f
I/Corona  ( 3536): patcher/lastPCfg==verifyFile true!
I/Corona  ( 3536): verifyFile > try to read file = patcher/lastPCfghash
I/Corona  ( 3536): hashStr = 	ac0d6ddf33413f56038c9cad5082b56eed3dcd4f
I/Corona  ( 3536): realHash = 	ac0d6ddf33413f56038c9cad5082b56eed3dcd4f
I/Corona  ( 3536): patcher/lastPCfg==verifyFile true!
I/Corona  ( 3536): savePatchList	{"minVersion":1.83,"cryptoType":2,"sdkUpdate":false,"subversion":1555924261,"banRetails":[[],[],[]],"version":1.83,"localUpdateVersion":1.803,"isMust":false,"res":{"1.803":[{"hash":"e83360a5a57ac85db27e45eb6517fd4d5233c2b2","fileName":"configs.settings.Clientar.lua"},{"hash":"f13efad32cc94acf8817d083ad9f64466e1e470c","fileName":"configs.settings.Clientde.lua"},{"hash":"1da158f2646c4f5dff46002e01bfa36ab4ea054e","fileName":"configs.settings.Clienten.lua"},{"hash":"2a4c5554f93591b91712391f8500ab7198b8e9a1","fileName":"configs.settings.Clientes.lua"},{"hash":"517c49148827194e43b18d641062f42c168faf17","fileName":"configs.settings.Clientfr.lua"},{"hash":"4d1d3817f9555f5b95b66ccfba53453e2588239c","fileName":"configs.settings.Clientin.lua"},{"hash":"baf2c97d5f77a3f253ce89eab5a1ad2053ef269f","fileName":"configs.settings.Clientit.lua"},{"hash":"8cd0edb0c8cb8cbd4ef95f9f87d62a36f33fc5e1","fileName":"configs.settings.Clientja.lua"},{"hash":"af68dcd9c8db661c936a7c49963045b4cb20a9c5","fileName":"configs.settings.Clientko.lua"},{"hash":"502783c5a6e452d8f4573eb3d53de2e6dd84304e","fileName":"configs.settings.Clientpt.lua"},{"hash":"21fa7ab12c9675e0a21ea6858c3fce1b0125e838","fileName":"configs.settings.Clientru.lua"},{"hash":"c74cf446388bf399460aad9685670a6b88d83893","fileName":"configs.settings.Clientth.lua"},{"hash":"770dcce6769fbfb1ebb91215c8524dc617ed8693","fileName":"configs.settings.Clienttr.lua"},{"hash":"0071f3fa50891baa1a338bdb5ecd83ff7b65a197","fileName":"configs.settings.Clienttw.lua"},{"hash":"9fc91a31aa7ea65ea9f56c0c9cee5def9be416f7","fileName":"configs.settings.Clientzh.lua"},{"hash":"41a9feb428ce398326d52d85051e1d7068528734","fileName":"configs.settings.Storyja.lua"},{"hash":"92030d28fed36311cacd8813f30f344d64e5dc08","fileName":"configs.settings.Tcar.lua"},{"hash":"f4c2baf91636f4466e1738d98e68bae5c3084aa5","fileName":"configs.settings.Tcde.lua"},{"hash":"031a1c63c415088ae258fc4aa1b67111cdc800aa","fileName":"configs.settings.Tcen.lua"},{"hash":"0eac8674907d39d0c1635a393c14448b220e47fd","fileName":"configs.settings.Tces.lua"},{"hash":"bc93ef35b9c9ea80f2ab79a5351c33dbad7800ea","fileName":"configs.settings.Tcfr.lua"},{"hash":"87f408ab182bcf84e533be9be3ba346a8085e91f","fileName":"configs.settings.Tcin.lua"},{"hash":"a9cd2538114ea1cdac18bed996302b0eeee79c6a","fileName":"configs.settings.Tcit.lua"},{"hash":"ceba045b23f3f3b42d4ffacb8f807f7436e0d3c0","fileName":"configs.settings.Tcja.lua"},{"hash":"6941899e77379a04752cda0b66f54c7b58740eac","fileName":"configs.settings.Tcko.lua"},{"hash":"5aeb0c062a3172dc85fa306475fbf21be2048d75","fileName":"configs.settings.Tcpt.lua"},{"hash":"695ca73f873dab60679a33b94dc4b686b2532341","fileName":"configs.settings.TcRelicAward.lua"},{"hash":"a361d0d8f6b9416a7ce2cdb3cffc073b62750498","fileName":"configs.settings.Tcru.lua"},{"hash":"c09d6f0ffcf628fb815c3e7ba5697c5a6628f14e","fileName":"configs.settings.Tcth.lua"},{"hash":"3e23cdf6e1db862e310cd3a0a660f0077ce22dc9","fileName":"configs.settings.Tctr.lua"},{"hash":"ede0d4c568e35c5e464c314267bcb9920d53be66","fileName":"configs.settings.Tctw.lua"},{"hash":"38b7b3cc6eb8825e61d4f15e826c8200d04562e1","fileName":"configs.settings.Tczh.lua"},{"hash":"e4dfe19644950b4e8c208f6f7d01a6a412e83458","fileName":"configs.TcGuide.lua"},{"hash":"1f71f81d14a81aa6fa6a8119abcbd798b8de585a","fileName":"modules._allianceMod.lua"},{"hash":"0493cc91e3d1eaaee0f019e11947378f615f0bd8","fileName":"modules._allianceWarMod.lua"},{"hash":"3959cc679bbf018a05755f18ec88372af8afa9f0","fileName":"modules._feastMod.lua"},{"hash":"76fab5819944271372bc09c72969508198c4b45b","fileName":"modules._stageMod.lua"},{"hash":"a8d65803ec59a157b4b5ff0e13c0858c223c6a57","fileName":"scene.allianceTradeScene.allianceTradeScene.lua"},{"hash":"79581b8728e9a4ef4c4621d3e679380c5dbdcf9d","fileName":"scene.allianceWarScene.allianceWarScene.lua"},{"hash":"9738968f26752c18917469d3fc9e2d4bee4047aa","fileName":"scene.chapterScene.cannonDialog.lua"},{"hash":"34728b63072f611b8701404270ddc0c91d078c0f","fileName":"scene.chatScene.checkShareDialog.lua"},{"hash":"08120b66d7b6b245b7e00
I/Corona  ( 3536): createHashFile = 	ac0d6ddf33413f56038c9cad5082b56eed3dcd4f
I/Corona  ( 3536): verifyFile > try to read file = patcher/lastPCfghash
I/Corona  ( 3536): hashStr = 	ac0d6ddf33413f56038c9cad5082b56eed3dcd4f
I/Corona  ( 3536): realHash = 	ac0d6ddf33413f56038c9cad5082b56eed3dcd4f
I/Corona  ( 3536): patcher/lastPCfg==verifyFile true!
I/Corona  ( 3536): tttttttttttttttt	1
I/Corona  ( 3536): verifyFile > try to read file = gLocalConfig.datahash
I/Corona  ( 3536): hashStr = 	26fb9707cf797745dee765bd98777bd660ad867f
I/Corona  ( 3536): realHash = 	26fb9707cf797745dee765bd98777bd660ad867f
I/Corona  ( 3536): gLocalConfig.data==verifyFile true!
I/SoundDecoder( 3536): ALL MPG123 DECODERS:
I/SoundDecoder( 3536):  generic
I/SoundDecoder( 3536): 
I/SoundDecoder( 3536): SUPPORTED MPG123 DECODERS:
I/SoundDecoder( 3536):  generic
I/SoundDecoder( 3536): 
I/OpenAL_SLES( 3536): opensles_open_playback pDevice=0x90953000, deviceName=(null)
I/OpenAL_SLES( 3536): alc_opensles_probe DEVICE_PROBE
I/OpenAL_SLES( 3536): opensles_reset_playback pDevice=0x90953000
I/OpenAL_SLES( 3536): bits=16, channels=2, samples=1024, size=4096, freq=44100
I/OpenAL_SLES( 3536): create audio player
W/libc    ( 3536): pthread_create sched_setscheduler call failed: Operation not permitted
I/OpenAL_SLES( 3536): playback_function started
I/OpenAL  ( 3536): _SC_NPROCESSORS_ONLN=2
I/Corona  ( 3536): https://hwsj-yy.9longegame.com/dc_gc/offical/notice/out_game_notice/1021_2_zh-cn.json?10420551
I/Corona  ( 3536): =============================================
I/Corona  ( 3536): send data：	cmd : 	outNotice
I/Corona  ( 3536): {"isSend":true,"callBackFunc":"<type 'function' is not supported by JSON.>","url":"https://hwsj-yy.9longegame.com/dc_gc/offical/notice/out_game_notice/1021_2_zh-cn.json?10420551","data":{"retail_id":2,"lang":"zh-cn","app_id":1021,"actionid":"outNotice"},"loginCount":0}
I/Corona  ( 3536): extra info：	https://hwsj-yy.9longegame.com/dc_gc/offical/notice/out_game_notice/1021_2_zh-cn.json?10420551
I/Corona  ( 3536): =============================================
I/Corona  ( 3536): {"data":"{\"data\":\"\",\"info\":\"请求成功\",\"stat\":1}","info":"请求成功","stat":1}
W/ActivityManager( 1658): Unable to start service Intent { act=com.google.android.gms.ads.identifier.service.START pkg=com.google.android.gms } U=0: not found
W/ActivityManager( 1658): Unbind failed: could not find connection for android.os.BinderProxy@28742cc5
W/DebugConnManager( 3536): getNetworkInfo() on networkType 1
D/ConnectivityService( 1658): listenForNetwork for NetworkRequest [ id=4, legacyType=-1, [ Capabilities: NOT_RESTRICTED&TRUSTED&NOT_VPN] ]
D/ConnectivityService( 1658): handleRegisterNetworkRequest checking NetworkAgentInfo [WIFI () - 100]
D/ConnectivityService( 1658): apparently satisfied.  currentScore=60
D/ConnectivityManager.CallbackHandler( 3536): CM callback handler got msg 524290
I/UnityAds( 3536): com.unity3d.ads.api.Sdk.logInfo() (line:70) :: Requesting configuration from https://publisher-config.unityads.unity3d.com/games/2752400/configuration?bundleId=com.dc.hwsj&encrypted=true&rooted=true&platform=android&sdkVersion=2201&osVersion=5.1.1&deviceModel=OPPO%20R11&language=zh_CN&test=false&deviceMake=OPPO&androidId=0c9d926441934896
W/DebugConnManager( 3536): getNetworkInfo() on networkType 1
I/Ads     ( 3536): No fill from ad server.
W/Ads     ( 3536): Failed to load ad: 3
W/DebugConnManager( 3536): getNetworkInfo() on networkType 1
W/ActivityManager( 1658): Unable to start service Intent { act=com.google.android.gms.ads.identifier.service.START pkg=com.google.android.gms } U=0: not found
W/ActivityManager( 1658): Unbind failed: could not find connection for android.os.BinderProxy@1aefd041
I/UnityAds( 3536): com.unity3d.ads.api.Sdk.logInfo() (line:70) :: Received configuration for token eyJhbGciOiJIUzI1NiIsInR5cCI6IkpXVCJ9.eyJhdWMiOjEyMCwiY3BpIjo2OSwiaWFwIjo2MywibHR2IjoyMjQsInBybyI6NDQsInhwciI6ODQsInN1YiI6IjU1Y2xzNmEwWXA4ZmhvV0lNdW5BMmJtNUNGNmdKUS95MGp2UGV0QWxGRG96azljYmRpMm56LzV0cTl4QUR3OHlHYjR6Snc9PSIsImlhdCI6MTU1NjE4NTI0NSwiZXhwIjoxNTU3Mzk0ODQ1LCJpc3MiOiJjb21ldC51bml0eWFkcy51bml0eTNkLmNvbSIsImNyZWF0ZWQiOjE1NTU3MzI2NDkwMDB9.oh38yGcdSqKLlMidYxuxLXndXshsnG7pkKQBvCY1cqk (A/B group 16)
I/Corona  ( 3536): =============================================
I/Corona  ( 3536): response data：	cmd : 	outNotice
I/Corona  ( 3536): {"title":"test","date_time":["2019-03-08 19:20:08","2019-03-09 19:30:34"],"open_time":"2019-03-09 19:25:51","notice_content":{"link_insert_num":0,"style":{"content_color":[0,0,0],"content_size":"","title_size":"","title_color":[0,0,0]},"download_link":[],"id":2,"paragraph_content":["test"]},"datetime_type":"","status":1}
I/Corona  ( 3536): extra info：	访问时间(ms) ： 734.89499092102
I/Corona  ( 3536): =============================================
I/System.out( 3536): getDeviceId: 866174010121578
I/Corona  ( 3536): sdks http: 	https://hwsj-eu-test.clktec.com:20888/frontend/distribute
I/UnityAds( 3536): com.unity3d.ads.api.Sdk.logInfo() (line:70) :: Requesting ad plan from https://auction.unityads.unity3d.com/v5/games/2752400/requests?androidId=0c9d926441934896&deviceModel=OPPO%20R11&platform=android&sdkVersion=2201&stores=none&deviceMake=OPPO&screenSize=268435555&screenDensity=320&apiLevel=22&screenWidth=1080&screenHeight=1920&connectionType=wifi&networkType=3
W/DebugConnManager( 3536): getNetworkInfo() on networkType 1
W/DebugConnManager( 3536): getNetworkInfo() on networkType 1
W/ActivityManager( 1658): Unable to start service Intent { act=com.google.android.gms.ads.identifier.service.START pkg=com.google.android.gms } U=0: not found
W/ActivityManager( 1658): Unbind failed: could not find connection for android.os.BinderProxy@1cd5a9e6
I/art     ( 3525): System.exit called, status: 0
I/AndroidRuntime( 3525): VM exiting with result code 0.
W/DebugConnManager( 3536): getNetworkInfo() on networkType 1
W/ActivityManager( 1658): Unable to start service Intent { act=com.google.android.gms.ads.identifier.service.START pkg=com.google.android.gms } U=0: not found
W/ActivityManager( 1658): Unbind failed: could not find connection for android.os.BinderProxy@2ea19b27
W/DebugConnManager( 3536): getNetworkInfo() on networkType 1
W/DebugConnManager( 3536): getNetworkInfo() on networkType 1
I/AdsSdk_3006.6( 3536): productId:1000254
I/AdsSdk_3006.6( 3536): channelId:32400
I/AdsSdk_3006.6( 3536): 没有单独接入统计SDK，使用内部统计
I/AdsSdk_3006.6( 3536): finish to init analysis SDK：true
W/ActivityManager( 1658): Unable to start service Intent { act=com.google.android.gms.ads.identifier.service.START pkg=com.google.android.gms } U=0: not found
W/ActivityManager( 1658): Unbind failed: could not find connection for android.os.BinderProxy@3f3f21d4
W/DebugConnManager( 3536): getNetworkInfo() on networkType 1
W/DebugConnManager( 3536): getNetworkInfo() on networkType 1
I/UnityAds( 3536): com.unity3d.ads.api.Sdk.logInfo() (line:70) :: AdPlan received with 2 campaigns and refreshDelay 0
W/DebugConnManager( 3536): getNetworkInfo() on networkType 1
W/ActivityManager( 1658): Unable to start service Intent { act=com.google.android.gms.ads.identifier.service.START pkg=com.google.android.gms } U=0: not found
W/DebugConnManager( 3536): getNetworkInfo() on networkType 1
W/ActivityManager( 1658): Unable to start service Intent { act=com.google.android.gms.ads.identifier.service.START pkg=com.google.android.gms } U=0: not found
W/ActivityManager( 1658): Unbind failed: could not find connection for android.os.BinderProxy@28282f7d
W/ActivityManager( 1658): Unbind failed: could not find connection for android.os.BinderProxy@f427e72
W/DebugConnManager( 3536): getNetworkInfo() on networkType 1
W/ActivityManager( 1658): Unable to start service Intent { act=com.google.android.gms.ads.identifier.service.START pkg=com.google.android.gms } U=0: not found
W/DebugConnManager( 3536): getNetworkInfo() on networkType 1
W/ActivityManager( 1658): Unbind failed: could not find connection for android.os.BinderProxy@2c2c3
W/GooglePlayServicesUtil( 3536): Google Play Store is missing.
I/Ads     ( 3536): Starting ad request.
I/Ads     ( 3536): Use AdRequest.Builder.addTestDevice("656814C8F3FC720FFAFA162A80042A9F") to get test ads on this device.
W/GooglePlayServicesUtil( 3536): Google Play Store is missing.
W/GooglePlayServicesUtil( 3536): Google Play Store is missing.
I/art     ( 3536): WaitForGcToComplete blocked for 17.758ms for cause HeapTrim
W/DebugConnManager( 3536): getNetworkInfo() on networkType 1
I/Ads     ( 3536): No fill from ad server.
W/Ads     ( 3536): Failed to load ad: 3
E/Corona  ( 3536): ERROR: network: failed to connect to hwsj-eu-test.clktec.com/47.254.158.104 (port 20888) after 30000ms: https://hwsj-eu-test.clktec.com:20888/frontend/distribute (java.net.SocketTimeoutException)
W/DebugConnManager( 3536): getNetworkInfo() on networkType 1
W/ActivityManager( 1658): Unable to start service Intent { act=com.google.android.gms.ads.identifier.service.START pkg=com.google.android.gms } U=0: not found
W/ActivityManager( 1658): Unbind failed: could not find connection for android.os.BinderProxy@fc4c81f
D/IS_UNITY( 3536): false
E/ActivityThread( 3536): Failed to find provider info for com.facebook.katana.provider.AttributionIdProvider
W/GooglePlayServicesUtil( 3536): Google Play Store is missing.
W/ActivityManager( 1658): Unable to start service Intent { act=com.google.android.gms.ads.identifier.service.START pkg=com.google.android.gms } U=0: not found
D/IS_UNITY( 3536): false
E/ActivityThread( 3536): Failed to find provider info for com.facebook.katana.provider.AttributionIdProvider
W/GooglePlayServicesUtil( 3536): Google Play Store is missing.
W/ActivityManager( 1658): Unable to start service Intent { act=com.google.android.gms.ads.identifier.service.START pkg=com.google.android.gms } U=0: not found
W/DebugConnManager( 3536): getNetworkInfo() on networkType 1
W/System.err( 3536): java.net.ConnectException: failed to connect to graph.facebook.com/31.13.97.245 (port 443): connect failed: ETIMEDOUT (Connection timed out)
W/System.err( 3536): 	at libcore.io.IoBridge.connect(IoBridge.java:124)
W/System.err( 3536): 	at java.net.PlainSocketImpl.connect(PlainSocketImpl.java:183)
W/System.err( 3536): 	at java.net.PlainSocketImpl.connect(PlainSocketImpl.java:456)
W/System.err( 3536): 	at java.net.Socket.connect(Socket.java:882)
W/System.err( 3536): 	at com.android.okhttp.internal.Platform.connectSocket(Platform.java:174)
W/System.err( 3536): 	at com.android.okhttp.Connection.connect(Connection.java:152)
W/System.err( 3536): 	at com.android.okhttp.internal.http.HttpEngine.connect(HttpEngine.java:276)
W/System.err( 3536): 	at com.android.okhttp.internal.http.HttpEngine.sendRequest(HttpEngine.java:211)
W/System.err( 3536): 	at com.android.okhttp.internal.http.HttpURLConnectionImpl.execute(HttpURLConnectionImpl.java:382)
W/System.err( 3536): 	at com.android.okhttp.internal.http.HttpURLConnectionImpl.connect(HttpURLConnectionImpl.java:106)
W/System.err( 3536): 	at com.android.okhttp.internal.http.DelegatingHttpsURLConnection.connect(DelegatingHttpsURLConnection.java:89)
W/System.err( 3536): 	at com.android.okhttp.internal.http.HttpsURLConnectionImpl.connect(HttpsURLConnectionImpl.java:25)
W/System.err( 3536): 	at com.facebook.ads.internal.p.a.a.a(Unknown Source)
W/System.err( 3536): 	at com.facebook.ads.internal.p.a.a.a(Unknown Source)
W/System.err( 3536): 	at com.facebook.ads.internal.p.a.h.a(Unknown Source)
W/System.err( 3536): 	at com.facebook.ads.internal.p.a.h.doInBackground(Unknown Source)
W/System.err( 3536): 	at android.os.AsyncTask$2.call(AsyncTask.java:292)
W/System.err( 3536): 	at java.util.concurrent.FutureTask.run(FutureTask.java:237)
W/System.err( 3536): 	at java.util.concurrent.ThreadPoolExecutor.runWorker(ThreadPoolExecutor.java:1112)
W/System.err( 3536): 	at java.util.concurrent.ThreadPoolExecutor$Worker.run(ThreadPoolExecutor.java:587)
W/System.err( 3536): 	at java.lang.Thread.run(Thread.java:818)
W/System.err( 3536): Caused by: android.system.ErrnoException: connect failed: ETIMEDOUT (Connection timed out)
W/System.err( 3536): 	at libcore.io.Posix.connect(Native Method)
W/System.err( 3536): 	at libcore.io.BlockGuardOs.connect(BlockGuardOs.java:111)
W/System.err( 3536): 	at libcore.io.IoBridge.connectErrno(IoBridge.java:137)
W/System.err( 3536): 	at libcore.io.IoBridge.connect(IoBridge.java:122)
W/System.err( 3536): 	... 20 more
W/System.err( 3536): java.net.ConnectException: failed to connect to graph.facebook.com/31.13.97.245 (port 443): connect failed: ETIMEDOUT (Connection timed out)
W/System.err( 3536): 	at libcore.io.IoBridge.connect(IoBridge.java:124)
W/System.err( 3536): 	at java.net.PlainSocketImpl.connect(PlainSocketImpl.java:183)
W/System.err( 3536): 	at java.net.PlainSocketImpl.connect(PlainSocketImpl.java:456)
W/System.err( 3536): 	at java.net.Socket.connect(Socket.java:882)
W/System.err( 3536): 	at com.android.okhttp.internal.Platform.connectSocket(Platform.java:174)
W/System.err( 3536): 	at com.android.okhttp.Connection.connect(Connection.java:152)
W/System.err( 3536): 	at com.android.okhttp.internal.http.HttpEngine.connect(HttpEngine.java:276)
W/System.err( 3536): 	at com.android.okhttp.internal.http.HttpEngine.sendRequest(HttpEngine.java:211)
W/System.err( 3536): 	at com.android.okhttp.internal.http.HttpURLConnectionImpl.execute(HttpURLConnectionImpl.java:382)
W/System.err( 3536): 	at com.android.okhttp.internal.http.HttpURLConnectionImpl.connect(HttpURLConnectionImpl.java:106)
W/System.err( 3536): 	at com.android.okhttp.internal.http.DelegatingHttpsURLConnection.connect(DelegatingHttpsURLConnection.java:89)
W/System.err( 3536): 	at com.android.okhttp.internal.http.HttpsURLConnectionImpl.connect(HttpsURLConnectionImpl.java:25)
W/System.err( 3536): 	at com.facebook.ads.internal.p.a.a.a(Unknown Source)
W/System.err( 3536): 	at com.facebook.ads.internal.p.a.a.a(Unknown Source)
W/System.err( 3536): 	at com.facebook.ads.internal.p.a.h.a(Unknown Source)
W/System.err( 3536): 	at com.facebook.ads.internal.p.a.h.doInBackground(Unknown Source)
W/System.err( 3536): 	at android.os.AsyncTask$2.call(AsyncTask.java:292)
W/System.err( 3536): 	at java.util.concurrent.FutureTask.run(FutureTask.java:237)
W/System.err( 3536): 	at java.util.concurrent.ThreadPoolExecutor.runWorker(ThreadPoolExecutor.java:1112)
W/System.err( 3536): 	at java.util.concurrent.ThreadPoolExecutor$Worker.run(ThreadPoolExecutor.java:587)
W/System.err( 3536): 	at java.lang.Thread.run(Thread.java:818)
W/System.err( 3536): Caused by: android.system.ErrnoException: connect failed: ETIMEDOUT (Connection timed out)
W/System.err( 3536): 	at libcore.io.Posix.connect(Native Method)
W/System.err( 3536): 	at libcore.io.BlockGuardOs.connect(BlockGuardOs.java:111)
W/System.err( 3536): 	at libcore.io.IoBridge.connectErrno(IoBridge.java:137)
W/System.err( 3536): 	at libcore.io.IoBridge.connect(IoBridge.java:122)
W/System.err( 3536): 	... 20 more
D/AndroidRuntime( 3752): >>>>>> START com.android.internal.os.RuntimeInit uid 0 <<<<<<
D/AndroidRuntime( 3752): CheckJNI is OFF
W/        ( 3752): Failed to bind-mount /system/lib/x86/cpuinfo as /proc/cpuinfo: No such file or directory
E/        ( 3752): Cannot create code cache directory ./code_cache: Read-only file system.
E/memtrack( 3752): Couldn't load memtrack module (No such file or directory)
E/android.os.Debug( 3752): failed to load memtrack module: -2
D/AndroidRuntime( 3752): Calling main entry com.android.commands.wm.Wm
D/AndroidRuntime( 3752): Shutting down VM
D/AndroidRuntime( 3769): >>>>>> START com.android.internal.os.RuntimeInit uid 0 <<<<<<
D/AndroidRuntime( 3769): CheckJNI is OFF
W/        ( 3769): Failed to bind-mount /system/lib/x86/cpuinfo as /proc/cpuinfo: No such file or directory
E/        ( 3769): Cannot create code cache directory ./code_cache: Read-only file system.
E/memtrack( 3769): Couldn't load memtrack module (No such file or directory)
E/android.os.Debug( 3769): failed to load memtrack module: -2
D/AndroidRuntime( 3769): Calling main entry com.android.commands.monkey.Monkey
W/BroadcastQueue( 1658): Skipping deliver [background] BroadcastRecord{73f69ca u-1 android.net.conn.CONNECTIVITY_CHANGE} to ReceiverList{477c73b 3769 (unknown name)/0/u-1 remote:12bcd76c}: process crashing
I/ActivityManager( 1658): START u0 {act=android.intent.action.MAIN cat=[android.intent.category.LAUNCHER] flg=0x10200000 cmp=com.dc.hwsj/.LuaActivity} from uid 0 on display 0
I/ActivityManager( 1658): START u0 {act=android.intent.action.MAIN cat=[android.intent.category.LAUNCHER] flg=0x10200000 cmp=com.dc.hwsj/.LuaActivity} from uid 0 on display 0
V/WindowManager( 1658): not Base app: Adding window Window{32ba4070 u0 com.dc.hwsj/com.dc.hwsj.LuaActivity} at 4 of 7
I/ActivityManager( 1658): START u0 {act=android.intent.action.MAIN cat=[android.intent.category.LAUNCHER] flg=0x10200000 cmp=com.dc.hwsj/.LuaActivity} from uid 0 on display 0
W/libc    ( 3536): pthread_create sched_setscheduler call failed: Operation not permitted
I/OpenAL_SLES( 3536): playback_function started
I/art     ( 3536): Explicit concurrent mark sweep GC freed 9319(461KB) AllocSpace objects, 0(0B) LOS objects, 40% free, 20MB/34MB, paused 336us total 12.756ms
I/art     ( 3536): Explicit concurrent mark sweep GC freed 324(54KB) AllocSpace objects, 2(4MB) LOS objects, 39% free, 16MB/27MB, paused 347us total 12.033ms
I/art     ( 3536): Explicit concurrent mark sweep GC freed 7(272B) AllocSpace objects, 0(0B) LOS objects, 39% free, 16MB/27MB, paused 282us total 10.452ms
I/art     ( 3536): Explicit concurrent mark sweep GC freed 161(7KB) AllocSpace objects, 0(0B) LOS objects, 39% free, 16MB/27MB, paused 289us total 11.224ms
I/art     ( 3536): Explicit concurrent mark sweep GC freed 7(272B) AllocSpace objects, 0(0B) LOS objects, 40% free, 16MB/27MB, paused 237us total 12.242ms
I/ActivityManager( 1658): START u0 {act=android.intent.action.MAIN cat=[android.intent.category.LAUNCHER] flg=0x10200000 cmp=com.dc.hwsj/.LuaActivity} from uid 0 on display 0
W/libc    ( 3536): pthread_create sched_setscheduler call failed: Operation not permitted
I/OpenAL_SLES( 3536): playback_function started
I/ActivityManager( 1658): START u0 {act=android.intent.action.MAIN cat=[android.intent.category.HOME] flg=0x10200000 cmp=com.vphone.launcher/.Launcher} from uid 1000 on display 0
I/art     ( 3769): System.exit called, status: 0
I/AndroidRuntime( 3769): VM exiting with result code 0.
W/System.err( 3536): java.net.ConnectException: failed to connect to graph.facebook.com/31.13.97.245 (port 443): connect failed: ETIMEDOUT (Connection timed out)
W/System.err( 3536): 	at libcore.io.IoBridge.connect(IoBridge.java:124)
W/System.err( 3536): 	at java.net.PlainSocketImpl.connect(PlainSocketImpl.java:183)
W/System.err( 3536): 	at java.net.PlainSocketImpl.connect(PlainSocketImpl.java:456)
W/System.err( 3536): 	at java.net.Socket.connect(Socket.java:882)
W/System.err( 3536): 	at com.android.okhttp.internal.Platform.connectSocket(Platform.java:174)
W/System.err( 3536): 	at com.android.okhttp.Connection.connect(Connection.java:152)
W/System.err( 3536): 	at com.android.okhttp.internal.http.HttpEngine.connect(HttpEngine.java:276)
W/System.err( 3536): 	at com.android.okhttp.internal.http.HttpEngine.sendRequest(HttpEngine.java:211)
W/System.err( 3536): 	at com.android.okhttp.internal.http.HttpURLConnectionImpl.execute(HttpURLConnectionImpl.java:382)
W/System.err( 3536): 	at com.android.okhttp.internal.http.HttpURLConnectionImpl.connect(HttpURLConnectionImpl.java:106)
W/System.err( 3536): 	at com.android.okhttp.internal.http.DelegatingHttpsURLConnection.connect(DelegatingHttpsURLConnection.java:89)
W/System.err( 3536): 	at com.android.okhttp.internal.http.HttpsURLConnectionImpl.connect(HttpsURLConnectionImpl.java:25)
W/System.err( 3536): 	at com.facebook.ads.internal.p.a.a.a(Unknown Source)
W/System.err( 3536): 	at com.facebook.ads.internal.p.a.a.a(Unknown Source)
W/System.err( 3536): 	at com.facebook.ads.internal.p.a.h.a(Unknown Source)
W/System.err( 3536): 	at com.facebook.ads.internal.p.a.h.doInBackground(Unknown Source)
W/System.err( 3536): 	at android.os.AsyncTask$2.call(AsyncTask.java:292)
W/System.err( 3536): 	at java.util.concurrent.FutureTask.run(FutureTask.java:237)
W/System.err( 3536): 	at java.util.concurrent.ThreadPoolExecutor.runWorker(ThreadPoolExecutor.java:1112)
W/System.err( 3536): 	at java.util.concurrent.ThreadPoolExecutor$Worker.run(ThreadPoolExecutor.java:587)
W/System.err( 3536): 	at java.lang.Thread.run(Thread.java:818)
W/System.err( 3536): Caused by: android.system.ErrnoException: connect failed: ETIMEDOUT (Connection timed out)
W/System.err( 3536): 	at libcore.io.Posix.connect(Native Method)
W/System.err( 3536): 	at libcore.io.BlockGuardOs.connect(BlockGuardOs.java:111)
W/System.err( 3536): 	at libcore.io.IoBridge.connectErrno(IoBridge.java:137)
W/System.err( 3536): 	at libcore.io.IoBridge.connect(IoBridge.java:122)
W/System.err( 3536): 	... 20 more
W/DebugConnManager( 3536): getNetworkInfo() on networkType 1
