I/Corona  ( 2913): {"stat":1,"info":"请求成功","data":"{"Data":{"RankWorshipTime":{"PowerRank":"2018-04-25 12:27:55","SectionRank":"2018-04-25 12:27:55","IntimacyRank":"2018-04-25 12:27:55","CrossPower":"2018-04-25 12:27:55","CrossAlliance":"2018-04-25 12:27:55","CrossIntimacy":"2018-04-25 12:27:55"},"TcVersion":"1.8","BossSingleUTC":[1556172000,1556222400],"BossSingle":["2019-04-25 09:00:00","2019-04-25 23:00:00"],"ShowCashView":0,"CardAwardTime":{"RoleId":"w1n2roean5z5","GetMonthAwardTime":"2019-04-21 10:04:30","GetSuperMonthAwardTime":"2019-04-21 10:04:30","GetYearAwardTime":"2019-04-21 10:04:30"},"BossGlobalUTC":[1556211600,1556215200],"RoleBeauty":[{"Charm":1,"Skills":[[1,0,0],[2,0,0],[3,0,0],[4,0,0],[5,0,0],[6,0,0]],"ChildrenNum":1,"Favor":0,"IsUnlock":1,"RoleId":"w1n2roean5z5","BeautyId":1,"Intimacy":1,"BeautyExp":63,"Position":1}],"MainTask":{"TaskNum":0,"TaskId":0},"LoginDay":4,"RoleData":{"SilverTime":"2019-04-23 09:15:02","VigorTimeUnix":1556150778,"MainTask":0,"LevyTimeUTC":[1556000102,1556000274,1556000291],"SoldierTime":"2019-04-23 09:18:11","GovEvenId":5,"VedioRewardStatus":0,"Manifesto":"","SchoolCapacity":1,"BossScore":0,"FriendReqReject":0,"StrangerChatForbid":0,"Lv":2,"Exp":29881,"Silver":125074,"Food":30940,"ChildrenCapacity":2,"BossCredits":0,"GovTimeUTC":1556161882,"LastLoginTime":"2019-04-25 06:49:42","InvitationCode":"2heyd91qxmhe3","SysGuid":96,"LastGetSalary":"2019-04-21 10:04:30","Fame":0,"Status":0,"DayVedioTimes":0,"BeautyStarExp":0,"RoleId":"w1n2roean5z5","Soldier":33385,"GovEventTime":"2019-04-25 06:11:22","StudyArray":[],"LastStatus":"over-0","VipLv":4,"Gold":20,"FoodTime":"2019-04-23 09:17:54","VigorTime":"2019-04-25 03:06:18"},"Lifanyuan":0,"CardEndTime":{"MonthDeadline":"2019-04-24 12:27:55","SuperMonthDeadline":"2019-04-24 12:27:55","YearDeadline":"2019-04-24 12:27:55"},"SysTime":1556184475,"RoleCounsellor":[{"HaloBreakLv":0,"Lv":2,"CounsellorId":2,"NowSilver":0,"SkillExp":0,"HaloLv":-1,"Peerages":1,"SkillLv":1,"PillAdd":[0,0,0,0],"Talent":[[2,1],[4,1],[38,1],[54,1],[75,1]],"AptitudeExp":0},{"SkillLv":1,"PillAdd":[0,0,0,0],"HaloLv":-1,"HaloBreakLv":0,"AptitudeExp":0,"NowSilver":0,"Peerages":1,"SkillExp":0,"Lv":2,"CounsellorId":3,"Talent":[[1,1],[47,1],[55,1],[75,1]]},{"HaloBreakLv":0,"Lv":1,"NowSilver":0,"Peerages":1,"SkillExp":0,"PillAdd":[0,0,0,0],"Talent":[[1,1],[39,1],[54,1],[75,1],[82,1]],"HaloLv":-1,"AptitudeExp":0,"CounsellorId":5,"SkillLv":1},{"Peerages":1,"SkillLv":1,"Talent":[[1,1],[40,1],[43,1],[55,1],[75,1]],"Lv":1,"CounsellorId":7,"NowSilver":0,"SkillExp":0,"PillAdd":[0,0,0,0],"HaloLv":-1,"HaloBreakLv":0,"AptitudeExp":0},{"Lv":1,"CounsellorId":13,"NowSilver":0,"SkillLv":1,"Talent":[[6,1],[39,1],[54,1],[81,1],[88,1]],"PillAdd":[0,0,0,0],"HaloLv":-1,"HaloBreakLv":0,"AptitudeExp":0,"Peerages":1,"SkillExp":0},{"AptitudeExp":0,"Lv":1,"CounsellorId":1,"NowSilver":0,"SkillExp":0,"SkillLv":1,"PillAdd":[0,0,0,0],"HaloBreakLv":0,"Talent":[[2,1],[39,1],[55,1],[75,1]],"Peerages":1,"HaloLv":-1},{"SkillLv":1,"PillAdd":[0,0,0,0],"Talent":[[1,1],[39,1],[55,1],[60,1],[74,1]],"Lv":1,"CounsellorId":4,"NowSilver":0,"Peerages":1,"SkillExp":0,"HaloLv":-1,"HaloBreakLv":0,"AptitudeExp":0},{"AptitudeExp":0,"Lv":1,"PillAdd":[0,0,0,0],"HaloLv":-1,"HaloBreakLv":0,"Peerages":1,"SkillExp":0,"SkillLv":1,"Talent":[[2,1],[9,1],[39,1],[54,1],[75,1]],"CounsellorId":6,"NowSilver":0},{"AptitudeExp":0,"Lv":3,"NowSilver":0,"PillAdd":[0,0,0,0],"Talent":[[2,1],[39,1],[56,1],[61,1],[74,1]],"HaloLv":-1,"HaloBreakLv":0,"SkillExp":0,"SkillLv":1,"CounsellorId":8,"Peerages":1},{"AptitudeExp":0,"Lv":1,"CounsellorId":10,"Peerages":1,"PillAdd":[0,0,0,0],"HaloBreakLv":0,"NowSilver":0,"SkillExp":0,"SkillLv":1,"Talent":[[3,1],[13,1],[39,1],[54,1],[83,1]],"HaloLv":-1},{"SkillExp":0,"Talent":[[1,1],[42,1],[50,1],[61,1],[75,1]],"AptitudeExp":0,"Lv":1,"NowSilver":0,"Peerages":1,"PillAdd":[0,0,0,0],"HaloLv":-1,"HaloBreakLv":0,"CounsellorId":11,"SkillLv":1}],"ManifestoDict":[],"RedPoint":{"order":1,"vip":1,"visit":1,"achievement":1,"boss":1},"RoleBase":{"RetailId":2,"Sex":1,"Avatar":1,"Figure":0,"ChatAvatar":"1","IsB
I/Corona  ( 2913): extra info：	访问时间(ms) ： 1365.1840686798
I/Corona  ( 2913): =============================================
I/Corona  ( 2913): createHashFile = 	6c88cd02e5bd79caa8afd05348faaad3978cd509
I/Corona  ( 2913): createHashFile = 	6c88cd02e5bd79caa8afd05348faaad3978cd509
I/TAG     ( 2913): deviceToken:
E/FirebaseInstanceId( 2913): Google Play services missing or without correct permission.
E/tag     ( 2913): java.lang.NullPointerException: Attempt to invoke virtual method 'void com.longe9.google.util.IabHelper.setmDisposed()' on a null object reference
I/Corona  ( 2913): =============================================
I/Corona  ( 2913): send data：	cmd : 	11901
I/Corona  ( 2913): {"isSend":true,"callBackFunc":"<type 'function' is not supported by JSON.>","url":"https://hwsj-eu-test.clktec.com:20888/frontend/forward","data":{"Sess":"FJu70Z3goLKTfEesgvekXyV8QsF6","HotVersion":1555924261,"appId":1021,"ActId":11901,"Ver":"1.803","serverId":9000,"Token":"eyJhbGciOiJIUzI1NiIsInR5cCI6IkpXVCJ9.eyJleHAiOjE1NTYxODQ3ODIsImlhdCI6MTU1NjE4NDQyMiwianRpIjoidnlhZzFmMXZzMnJsIn0.-6LxmLaR74UG606SzYkJHKSObIl6Hy6QSwZ6GKN4B7s","RetailId":2,"UniversalItemCfg":[10012,10112,10208,10008,10010,10202,90002,90007,10103,10111,10203,10209,40002,10101,50001,10204,60001,90012,90009,10011,10105,10206,10207,40004,50002,90001,90011,10109,50005,10102,10113,10001,10005,10007,10108,30001,90004,90010,10003,10009,10104,10107,10201,10013,20002,50004,50006,70001,10004,70002,10210,50003,60002,90006,90013,10006,10110,10212,20001,90005,10205,10211,10213,40001,40003,90008,10002,10106,50007,90003],"T":1556184475,"Lang":"zh-cn","actionid":11901},"loginCount":1}
I/Corona  ( 2913): extra info：	https://hwsj-eu-test.clktec.com:20888/frontend/forward
I/Corona  ( 2913): =============================================
I/Corona  ( 2913): =============================================
I/Corona  ( 2913): response data：	cmd : 	11901
I/Corona  ( 2913): {"stat":1,"info":"请求成功","data":"{"Data":{"CompetitionRankCfg":{},"UniversalItem":{"10004":{"ItemId":10004,"ActivityType":1,"Version":2,"Type1":9,"Type2":0,"AddNum":1,"SortNum":0,"UseFlag":0,"UseInfo":"","Langs":{"zh-cn":{"ServerId":3,"ItemId":10004,"Name":"金斧","Describe":"对Boss造成大量伤害,有几率获得蛮王信物，蛮王宝藏","Lang":"zh-cn","Output":"蛮族活动期间购买限时礼包赠送"}},"ItemType":0},"10110":{"ItemId":10110,"ActivityType":0,"Version":1,"Type1":8,"Type2":2,"AddNum":1,"SortNum":2,"UseFlag":2,"UseInfo":"","Langs":{"zh-cn":{"ServerId":3,"ItemId":10110,"Name":"二阶征粮令","Describe":"使用后获得0.5倍政治的粮食","Lang":"zh-cn","Output":"活动获得"}},"ItemType":3},"10005":{"ItemId":10005,"ActivityType":1,"Version":2,"Type1":8,"Type2":0,"AddNum":1,"SortNum":2,"UseFlag":2,"UseInfo":"","Langs":{"zh-cn":{"ServerId":3,"ItemId":10005,"Name":"蛮族物资-小","Describe":"打开后获得一阶征税令，随选手册","Lang":"zh-cn","Output":"蛮族活动产出"}},"ItemType":1},"20002":{"ItemId":20002,"ActivityType":20002,"Version":1,"Type1":8,"Type2":1,"AddNum":1,"SortNum":0,"UseFlag":0,"UseInfo":"","Langs":{"zh-cn":{"ServerId":3,"ItemId":20002,"Name":"积分","Describe":"积分可以用作排行，领取排行奖励。且达到一定积分可以升级宝藏获得更优渥的奖励。","Lang":"zh-cn","Output":"夺宝活动产出"}},"ItemType":0},"10006":{"ItemId":10006,"ActivityType":1,"Version":2,"Type1":8,"Type2":0,"AddNum":1,"SortNum":2,"UseFlag":2,"UseInfo":"","Langs":{"zh-cn":{"ServerId":3,"ItemId":10006,"Name":"蛮族物资-大","Describe":"打开后获得二阶征税令，随选手册","Lang":"zh-cn","Output":"蛮族活动产出"}},"ItemType":1},"10205":{"ItemId":10205,"ActivityType":3,"Version":1,"Type1":8,"Type2":0,"AddNum":1,"SortNum":2,"UseFlag":2,"UseInfo":"","Langs":{"zh-cn":{"ServerId":3,"ItemId":10205,"Name":"残破铁盒","Describe":"打开后获得一阶征兵令，随选手册","Lang":"zh-cn","Output":"修筑活动产出"}},"ItemType":2},"40001":{"ItemId":40001,"ActivityType":40000,"Version":2,"Type1":9,"Type2":0,"AddNum":1,"SortNum":0,"UseFlag":0,"UseInfo":"","Langs":{"zh-cn":{"ServerId":3,"ItemId":40001,"Name":"面包","Describe":"对决蛮王活动中，使用可恢复10点体力，活动结束后将被清空。","Lang":"zh-cn","Output":"蛮王对决期间使用金币购买"}},"ItemType":0},"60001":{"ItemId":60001,"ActivityType":60000,"Version":2,"Type1":9,"Type2":0,"AddNum":1,"SortNum":0,"UseFlag":0,"UseInfo":"","Langs":{"zh-cn":{"ServerId":3,"ItemId":60001,"Name":"探险物资","Describe":"使用后可以补充5点体力，探险物资将在活动结束后清空。","Lang":"zh-cn","Output":"充值、礼包"}},"ItemType":0},"10104":{"ItemId":10104,"ActivityType":2,"Version":1,"Type1":9,"Type2":0,"AddNum":1,"SortNum":0,"UseFlag":0,"UseInfo":"","Langs":{"zh-cn":{"ServerId":3,"ItemId":10104,"Name":"典藏剧本","Describe":"使用典藏剧本进行表演有几率获得精致礼包、镶金礼盒，活动结束后将被清空。","Lang":"zh-cn","Output":"皮影活动期间购买限时礼包赠送"}},"ItemType":0},"10002":{"ItemId":10002,"ActivityType":1,"Version":2,"Type1":9,"Type2":0,"AddNum":1,"SortNum":0,"UseFlag":0,"UseInfo":"","Langs":{"zh-cn":{"ServerId":3,"ItemId":10002,"Name":"铁刀","Describe":"对Boss造成少量伤害,有几率获得蛮族物资-小，蛮族物资-大","Lang":"zh-cn","Output":"蛮族活动期间使用钻石购买"}},"ItemType":0},"90003":{"ItemId":90003,"ActivityType":90000,"Version":2,"Type1":9,"Type2":0,"AddNum":1,"SortNum":0,"UseFlag":0,"UseInfo":"","Langs":{"zh-cn":{"ServerId":3,"ItemId":90003,"Name":"百合","Describe":"浪漫情缘活动中，用于制作花环或者花束，活动结束后清空。","Lang":"zh-cn","Output":"浪漫情缘活动、礼包"}},"ItemType":0},"90007":{"ItemId":90007,"ActivityType":90000,"Version":2,"Type1":9,"Type2":0,"AddNum":1,"SortNum":0,"UseFlag":0,"UseInfo":"","Langs":{"zh-cn":{"ServerId":3,"ItemId":90007,"Name":"百合花束","Describe":"可用于赠
I/Corona  ( 2913): extra info：	访问时间(ms) ： 274.44791793823
I/Corona  ( 2913): =============================================
I/Corona  ( 2913): =============================================
I/Corona  ( 2913): send data：	cmd : 	15000
I/Corona  ( 2913): {"isSend":true,"callBackFunc":"<type 'function' is not supported by JSON.>","url":"https://hwsj-eu-test.clktec.com:20888/frontend/forward","data":{"RetailId":2,"HotVersion":1555924261,"appId":1021,"ActId":15000,"Ver":"1.803","serverId":9000,"Token":"eyJhbGciOiJIUzI1NiIsInR5cCI6IkpXVCJ9.eyJleHAiOjE1NTYxODQ3ODIsImlhdCI6MTU1NjE4NDQyMiwianRpIjoidnlhZzFmMXZzMnJsIn0.-6LxmLaR74UG606SzYkJHKSObIl6Hy6QSwZ6GKN4B7s","T":1556184476,"actionid":15000,"Lang":"zh-cn","Sess":"FJu70Z3goLKTfEesgvekXyV8QsF6"},"loginCount":1}
I/Corona  ( 2913): extra info：	https://hwsj-eu-test.clktec.com:20888/frontend/forward
I/Corona  ( 2913): =============================================
I/Corona  ( 2913): =============================================
I/Corona  ( 2913): send data：	cmd : 	12311
I/Corona  ( 2913): {"isSend":true,"callBackFunc":"<type 'function' is not supported by JSON.>","url":"https://hwsj-eu-test.clktec.com:20888/frontend/forward","data":{"Sess":"FJu70Z3goLKTfEesgvekXyV8QsF6","HotVersion":1555924261,"appId":1021,"ActId":12311,"Ver":"1.803","serverId":9000,"Token":"eyJhbGciOiJIUzI1NiIsInR5cCI6IkpXVCJ9.eyJleHAiOjE1NTYxODQ3ODIsImlhdCI6MTU1NjE4NDQyMiwianRpIjoidnlhZzFmMXZzMnJsIn0.-6LxmLaR74UG606SzYkJHKSObIl6Hy6QSwZ6GKN4B7s","RetailId":2,"T":1556184476,"Lang":"zh-cn","IsShield":[0,0,0],"actionid":12311},"loginCount":1}
I/Corona  ( 2913): extra info：	https://hwsj-eu-test.clktec.com:20888/frontend/forward
I/Corona  ( 2913): =============================================
I/Corona  ( 2913): =============================================
I/Corona  ( 2913): send data：	   cmd : 	18129
I/Corona  ( 2913): {"errorCallBackFunc":"<type 'function' is not supported by JSON.>","isSend":true,"callBackFunc":"<type 'function' is not supported by JSON.>","url":"https://hwsj-eu-test.clktec.com:20888/frontend/forward","data":{"Sess":"FJu70Z3goLKTfEesgvekXyV8QsF6","HotVersion":1555924261,"appId":1021,"ActId":18129,"Ver":"1.803","serverId":9000,"actionid":18129,"RetailId":2,"T":1556184476,"Login":1,"Lang":"zh-cn","Token":"eyJhbGciOiJIUzI1NiIsInR5cCI6IkpXVCJ9.eyJleHAiOjE1NTYxODQ3ODIsImlhdCI6MTU1NjE4NDQyMiwianRpIjoidnlhZzFmMXZzMnJsIn0.-6LxmLaR74UG606SzYkJHKSObIl6Hy6QSwZ6GKN4B7s"},"loginCount":1}
I/Corona  ( 2913): extra info：	https://hwsj-eu-test.clktec.com:20888/frontend/forward
I/Corona  ( 2913): =============================================
I/System.out( 2913): eventId: event_25
I/System.out( 2913): custom url: https://hwsj-eu-test.clktec.com:20888/frontend/distribute/v1/custom_event
I/System.out( 2913): eventId: event_25
I/System.out( 2913): custom url: https://hwsj-eu-test.clktec.com:20888/frontend/distribute/v1/custom_event
I/TAG     ( 2913): onLoadSuccessed
I/System.out( 2913): admonitor data: {"version":"1.8","app_id":"1021","act_id":"ad_trace_new","data":"{\"cp_app_id\":1021,\"ad_app_key\":\"3199536a745011e8a870025a896bb440\",\"retail_id\":2,\"event_id\":\"event_25\",\"event_name\":\"UP聚合广告\",\"mac\":\"ec78820e7742d50eab705adb86171e05\",\"user_agent\":\"Dalvik\\\/2.1.0 (Linux; U; Android 5.1.1; OPPO R11 Build\\\/NMF26X)\",\"ex_user_agent\":\"Mozilla\\\/5.0 (Linux; Android 5.1.1; OPPO R11 Build\\\/NMF26X) AppleWebKit\\\/537.36 (KHTML, like Gecko) Version\\\/4.0 Chrome\\\/39.0.0.0 Mobile Safari\\\/537.36\",\"device_id\":\"866174010121578\",\"os\":\"0\",\"timestamp\":\"1556184488\",\"reserve1\":\"加载开始\",\"reserve2\":\"{\\\"version\\\":\\\"1.0\\\",\\\"deviceType\\\":\\\"imei\\\"}\"}"}
W/DebugConnManager( 2913): getNetworkInfo() on networkType 1
W/ActivityManager( 1658): Unable to start service Intent { act=com.google.android.gms.ads.identifier.service.START pkg=com.google.android.gms } U=0: not found
W/ActivityManager( 1658): Unbind failed: could not find connection for android.os.BinderProxy@1520d45a
W/DebugConnManager( 2913): getNetworkInfo() on networkType 1
I/System.out( 2913): admonitor data: {"version":"1.8","app_id":"1021","act_id":"ad_trace_new","data":"{\"cp_app_id\":1021,\"ad_app_key\":\"3199536a745011e8a870025a896bb440\",\"retail_id\":2,\"event_id\":\"event_25\",\"event_name\":\"UP聚合广告\",\"mac\":\"ec78820e7742d50eab705adb86171e05\",\"user_agent\":\"Dalvik\\\/2.1.0 (Linux; U; Android 5.1.1; OPPO R11 Build\\\/NMF26X)\",\"ex_user_agent\":\"Mozilla\\\/5.0 (Linux; Android 5.1.1; OPPO R11 Build\\\/NMF26X) AppleWebKit\\\/537.36 (KHTML, like Gecko) Version\\\/4.0 Chrome\\\/39.0.0.0 Mobile Safari\\\/537.36\",\"device_id\":\"866174010121578\",\"os\":\"0\",\"timestamp\":\"1556184488\",\"reserve1\":\"加载成功\",\"reserve2\":\"{\\\"version\\\":\\\"1.0\\\",\\\"deviceType\\\":\\\"imei\\\"}\"}"}
W/GooglePlayServicesUtil( 2913): Google Play Store is missing.
I/Ads     ( 2913): Starting ad request.
I/Ads     ( 2913): Use AdRequest.Builder.addTestDevice("656814C8F3FC720FFAFA162A80042A9F") to get test ads on this device.
W/ActivityManager( 1658): Unable to start service Intent { act=com.google.android.gms.ads.identifier.service.START pkg=com.google.android.gms } U=0: not found
W/ActivityManager( 1658): Unbind failed: could not find connection for android.os.BinderProxy@174a068b
D/IS_UNITY( 2913): false
W/GooglePlayServicesUtil( 2913): Google Play Store is missing.
E/ActivityThread( 2913): Failed to find provider info for com.facebook.katana.provider.AttributionIdProvider
W/GooglePlayServicesUtil( 2913): Google Play Store is missing.
W/GooglePlayServicesUtil( 2913): Google Play Store is missing.
W/ActivityManager( 1658): Unable to start service Intent { act=com.google.android.gms.ads.identifier.service.START pkg=com.google.android.gms } U=0: not found
D/IS_UNITY( 2913): false
E/ActivityThread( 2913): Failed to find provider info for com.facebook.katana.provider.AttributionIdProvider
W/GooglePlayServicesUtil( 2913): Google Play Store is missing.
W/ActivityManager( 1658): Unable to start service Intent { act=com.google.android.gms.ads.identifier.service.START pkg=com.google.android.gms } U=0: not found
I/Corona  ( 2913): =============================================
I/Corona  ( 2913): send data：	   cmd : 	12701
I/Corona  ( 2913): {"isSend":true,"callBackFunc":"<type 'function' is not supported by JSON.>","url":"https://hwsj-eu-test.clktec.com:20888/frontend/forward","data":{"Sess":"FJu70Z3goLKTfEesgvekXyV8QsF6","HotVersion":1555924261,"appId":1021,"ActId":12701,"Ver":"1.803","serverId":9000,"Token":"eyJhbGciOiJIUzI1NiIsInR5cCI6IkpXVCJ9.eyJleHAiOjE1NTYxODQ3ODIsImlhdCI6MTU1NjE4NDQyMiwianRpIjoidnlhZzFmMXZzMnJsIn0.-6LxmLaR74UG606SzYkJHKSObIl6Hy6QSwZ6GKN4B7s","RetailId":2,"T":1556184476,"Lang":"zh-cn","actionid":12701},"loginCount":1}
I/Corona  ( 2913): extra info：	https://hwsj-eu-test.clktec.com:20888/frontend/forward
I/Corona  ( 2913): =============================================
I/SoundDecoder( 2913): MPG123: Accepting data stream.
W/DebugConnManager( 2913): getNetworkInfo() on networkType 1
I/Ads     ( 2913): No fill from ad server.
W/Ads     ( 2913): Failed to load ad: 3
I/Corona  ( 2913): =============================================
I/Corona  ( 2913): response data：	cmd : 	12311
I/Corona  ( 2913): {"stat":1,"info":"请求成功","data":"{"Info":"","Code":0,"Sess":"FJu70Z3goLKTfEesgvekXyV8QsF6","Data":{"NewestMsg":{"MsgData":{"Time":"2019-04-22 06:49:02.000","AvatarList":{},"Id":"5cbd39ae1344b60001cb40b8","ChatAvatar":"4","Text":"1","Figure":0,"VipLv":0,"ShowId":9000000007,"ext":{"Type":1,"Figure":0,"pre_text":"1"},"Rid":"w1mxtwbyd05d","DressList":[],"ServerName":"9000","ServerId":9000,"Manifesto":"","Avatar":4,"Lv":4,"Nickname":"yaofeng2"},"Channel":"c"},"ShareRemainSeconds":0,"RedPoint":{"achievement":1,"boss":1,"order":1,"vip":1,"visit":1},"SysTime":1556184476,"Cost":38}}"}
I/Corona  ( 2913): extra info：	访问时间(ms) ： 681.93984031677
I/Corona  ( 2913): =============================================
I/Corona  ( 2913): =============================================
I/Corona  ( 2913): response data：	cmd : 	15000
I/Corona  ( 2913): {"stat":1,"info":"请求成功","data":"{"Code":0,"Sess":"FJu70Z3goLKTfEesgvekXyV8QsF6","Data":{"FbInvitation":false,"AllianceDailyTask":false,"CityAward":false,"AllianceApply":false,"SeaKingFood":false,"NewMailNum":0,"Dinner":false,"SeaKingItemAward":false,"Cost":36,"AllianceAgreeApply":false,"CrossCompetitionRank":false,"CompetitionRank":false,"RedPoint":{"achievement":1,"boss":1,"order":1,"vip":1,"visit":1},"TeamInvite":{},"SysTime":1556184476,"SeaKingInvite":false,"AllianceTrade":false,"AllianceWar":false,"BarbarianKingVitalityFull":false,"InfiniteBattleSpoils":false,"TimeLimit":false},"Info":""}"}
I/Corona  ( 2913): extra info：	访问时间(ms) ： 700.35481452942
I/Corona  ( 2913): =============================================
I/Corona  ( 2913): =============================================
I/Corona  ( 2913): response data：	   cmd : 	12701
I/Corona  ( 2913): {"stat":1,"info":"请求成功","data":"{"Data":{"RedPoint":{"achievement":1,"boss":1,"order":1,"vip":1,"visit":1},"SysTime":1556184476,"Cost":15},"Info":"","Code":0,"Sess":"FJu70Z3goLKTfEesgvekXyV8QsF6"}"}
I/Corona  ( 2913): extra info：	访问时间(ms) ： 365.39006233215
I/Corona  ( 2913): =============================================
I/ActivityManager( 1658): START u0 {act=android.intent.action.MAIN cat=[android.intent.category.LAUNCHER] flg=0x10200000 cmp=com.dc.hwsj/.LuaActivity} from uid 0 on display 0
I/System.out( 2913): dopost resutl: {"data":"{\"info\":\"ok\",\"status\":1}","info":"请求成功","stat":1}
I/System.out( 2913): eventId: event_25  custom status: 1  info: ok
I/System.out( 2913): dopost resutl: {"data":"{\"info\":\"ok\",\"status\":1}","info":"请求成功","stat":1}
I/System.out( 2913): eventId: event_25  custom status: 1  info: ok
I/Corona  ( 2913): =============================================
I/Corona  ( 2913): response data：	   cmd : 	18129
I/Corona  ( 2913): {"stat":1,"info":"请求成功","data":"{"Data":{"Status":1,"Unread":0,"RedPoint":{"order":1,"vip":1,"visit":1,"achievement":1,"boss":1},"SysTime":1556184477,"Cost":5},"Info":"","Code":0,"Sess":"FJu70Z3goLKTfEesgvekXyV8QsF6"}"}
I/Corona  ( 2913): extra info：	访问时间(ms) ： 1319.3991184235
I/Corona  ( 2913): =============================================
I/art     ( 2913): Explicit concurrent mark sweep GC freed 17826(1779KB) AllocSpace objects, 9(137KB) LOS objects, 34% free, 30MB/46MB, paused 372us total 14.128ms
I/art     ( 2913): Explicit concurrent mark sweep GC freed 1122(79KB) AllocSpace objects, 4(14MB) LOS objects, 39% free, 16MB/27MB, paused 348us total 13.580ms
I/art     ( 2913): Explicit concurrent mark sweep GC freed 8(352B) AllocSpace objects, 0(0B) LOS objects, 39% free, 16MB/27MB, paused 348us total 11.231ms
I/art     ( 2913): Explicit concurrent mark sweep GC freed 10(368B) AllocSpace objects, 0(0B) LOS objects, 39% free, 16MB/27MB, paused 424us total 11.143ms
I/art     ( 2913): Explicit concurrent mark sweep GC freed 8(352B) AllocSpace objects, 0(0B) LOS objects, 39% free, 16MB/27MB, paused 350us total 12.136ms
I/Corona  ( 2913): =============================================
I/Corona  ( 2913): send data：	   cmd : 	11511
I/Corona  ( 2913): {"isSend":true,"callBackFunc":"<type 'function' is not supported by JSON.>","url":"https://hwsj-eu-test.clktec.com:20888/frontend/forward","data":{"Sess":"FJu70Z3goLKTfEesgvekXyV8QsF6","HotVersion":1555924261,"appId":1021,"ActId":11511,"Ver":"1.803","serverId":9000,"Token":"eyJhbGciOiJIUzI1NiIsInR5cCI6IkpXVCJ9.eyJleHAiOjE1NTYxODQ3ODIsImlhdCI6MTU1NjE4NDQyMiwianRpIjoidnlhZzFmMXZzMnJsIn0.-6LxmLaR74UG606SzYkJHKSObIl6Hy6QSwZ6GKN4B7s","RetailId":2,"T":1556184478,"Lang":"zh-cn","actionid":11511},"loginCount":1}
I/Corona  ( 2913): extra info：	https://hwsj-eu-test.clktec.com:20888/frontend/forward
I/Corona  ( 2913): =============================================
I/Corona  ( 2913): =============================================
I/Corona  ( 2913): response data：	   cmd : 	11511
I/Corona  ( 2913): {"stat":1,"info":"请求成功","data":"{"Data":{"Orders":[{"OrderId":"w1ntkflwq21k","Time":"2019-04-23 09:22:37","Price":0,"IsVerified":0}],"RedPoint":{"vip":1,"visit":1,"achievement":1,"boss":1,"order":1},"SysTime":1556184479,"Cost":5},"Info":"","Code":0,"Sess":"FJu70Z3goLKTfEesgvekXyV8QsF6"}"}
I/Corona  ( 2913): extra info：	访问时间(ms) ： 307.284116745
I/Corona  ( 2913): =============================================
I/Corona  ( 2913): socket vertify success
I/Corona  ( 2913): socket begin heartBeat
I/Corona  ( 2913): socket receive data error : 	closed
I/ActivityManager( 1658): START u0 {act=android.intent.action.MAIN cat=[android.intent.category.HOME] flg=0x10200000 cmp=com.vphone.launcher/.Launcher} from uid 1000 on display 0
I/art     ( 2913): Explicit concurrent mark sweep GC freed 14779(648KB) AllocSpace objects, 3(48KB) LOS objects, 40% free, 19MB/31MB, paused 358us total 11.959ms
I/art     ( 2913): Explicit concurrent mark sweep GC freed 1759(890KB) AllocSpace objects, 38(1925KB) LOS objects, 39% free, 16MB/27MB, paused 300us total 11.939ms
I/art     ( 2913): Explicit concurrent mark sweep GC freed 11(448B) AllocSpace objects, 0(0B) LOS objects, 39% free, 16MB/27MB, paused 305us total 9.929ms
I/art     ( 2913): Explicit concurrent mark sweep GC freed 7(272B) AllocSpace objects, 0(0B) LOS objects, 39% free, 16MB/27MB, paused 478us total 10.722ms
I/art     ( 2913): Explicit concurrent mark sweep GC freed 8(352B) AllocSpace objects, 0(0B) LOS objects, 39% free, 16MB/27MB, paused 329us total 11.074ms
I/art     ( 3175): System.exit called, status: 0
I/AndroidRuntime( 3175): VM exiting with result code 0.
I/Corona  ( 2913): socket reconnect
I/art     ( 2913): Explicit concurrent mark sweep GC freed 2750(146KB) AllocSpace objects, 2(32KB) LOS objects, 40% free, 16MB/27MB, paused 354us total 11.063ms
I/art     ( 2913): Explicit concurrent mark sweep GC freed 44(1680B) AllocSpace objects, 0(0B) LOS objects, 40% free, 16MB/27MB, paused 310us total 12.649ms
I/art     ( 2913): Explicit concurrent mark sweep GC freed 10(368B) AllocSpace objects, 0(0B) LOS objects, 40% free, 16MB/27MB, paused 217us total 11.472ms
I/art     ( 2913): Explicit concurrent mark sweep GC freed 7(272B) AllocSpace objects, 0(0B) LOS objects, 40% free, 16MB/27MB, paused 370us total 11.222ms
I/art     ( 2913): Explicit concurrent mark sweep GC freed 8(352B) AllocSpace objects, 0(0B) LOS objects, 40% free, 16MB/27MB, paused 299us total 10.841ms
I/Corona  ( 2913): socket vertify success
I/Corona  ( 2913): socket begin heartBeat
I/Corona  ( 2913): socket receive data error : 	closed
I/SoundDecoder_SetError( 2913): Cannot operate on sample because already at EOF
I/Corona  ( 2913): socket reconnect
I/Corona  ( 2913): socket vertify success
I/Corona  ( 2913): socket begin heartBeat
I/Corona  ( 2913): socket receive data error : 	closed
I/Corona  ( 2913): socket reconnect
I/Corona  ( 2913): socket vertify success
I/Corona  ( 2913): socket begin heartBeat
I/Corona  ( 2913): socket receive data error : 	closed
I/Corona  ( 2913): socket reconnect
I/Corona  ( 2913): socket vertify success
I/Corona  ( 2913): socket begin heartBeat
I/Corona  ( 2913): socket receive data error : 	closed
I/Corona  ( 2913): socket reconnect
I/SoundDecoder_SetError( 2913): Cannot operate on sample because already at EOF
I/Corona  ( 2913): socket vertify success
I/Corona  ( 2913): socket begin heartBeat
I/Corona  ( 2913): socket receive data error : 	closed
I/Corona  ( 2913): socket reconnect
I/SoundDecoder_SetError( 2913): Cannot operate on sample because already at EOF
I/Corona  ( 2913): =============================================
I/Corona  ( 2913): send data：	cmd : 	15000
I/Corona  ( 2913): {"isSend":true,"callBackFunc":"<type 'function' is not supported by JSON.>","url":"https://hwsj-eu-test.clktec.com:20888/frontend/forward","data":{"RetailId":2,"HotVersion":1555924261,"appId":1021,"ActId":15000,"Ver":"1.803","serverId":9000,"Token":"eyJhbGciOiJIUzI1NiIsInR5cCI6IkpXVCJ9.eyJleHAiOjE1NTYxODQ3ODIsImlhdCI6MTU1NjE4NDQyMiwianRpIjoidnlhZzFmMXZzMnJsIn0.-6LxmLaR74UG606SzYkJHKSObIl6Hy6QSwZ6GKN4B7s","T":1556184535,"actionid":15000,"Lang":"zh-cn","Sess":"FJu70Z3goLKTfEesgvekXyV8QsF6"},"loginCount":1}
I/Corona  ( 2913): extra info：	https://hwsj-eu-test.clktec.com:20888/frontend/forward
I/Corona  ( 2913): =============================================
W/art     ( 2913): No such thread id for suspend: 76
W/art     ( 2913): No such thread id for suspend: 76
I/Corona  ( 2913): socket vertify success
I/Corona  ( 2913): socket begin heartBeat
I/Corona  ( 2913): socket receive data error : 	closed
I/Corona  ( 2913): =============================================
I/Corona  ( 2913): response data：	cmd : 	15000
I/Corona  ( 2913): {"stat":1,"info":"请求成功","data":"{"Data":{"InfiniteBattleSpoils":false,"SysTime":1556184537,"Cost":36,"SeaKingFood":false,"CityAward":false,"BarbarianKingVitalityFull":false,"NewMailNum":0,"TimeLimit":false,"AllianceDailyTask":false,"AllianceAgreeApply":false,"FbInvitation":false,"AllianceApply":false,"AllianceTrade":false,"RedPoint":{"achievement":1,"boss":1,"order":1,"vip":1,"visit":1},"CompetitionRank":false,"SeaKingInvite":false,"TeamInvite":{},"CrossCompetitionRank":false,"Dinner":false,"SeaKingItemAward":false,"AllianceWar":false},"Info":"","Code":0,"Sess":"]ku70Z3goLKTfEesgvekXOO60QCx"}"}
I/Corona  ( 2913): extra info：	访问时间(ms) ： 1315.9139156342
I/Corona  ( 2913): =============================================
W/System.err( 2913): java.net.ConnectException: failed to connect to graph.facebook.com/31.13.64.1 (port 443): connect failed: ETIMEDOUT (Connection timed out)
W/System.err( 2913): 	at libcore.io.IoBridge.connect(IoBridge.java:124)
W/System.err( 2913): 	at java.net.PlainSocketImpl.connect(PlainSocketImpl.java:183)
W/System.err( 2913): 	at java.net.PlainSocketImpl.connect(PlainSocketImpl.java:456)
W/System.err( 2913): 	at java.net.Socket.connect(Socket.java:882)
W/System.err( 2913): 	at com.android.okhttp.internal.Platform.connectSocket(Platform.java:174)
W/System.err( 2913): 	at com.android.okhttp.Connection.connect(Connection.java:152)
W/System.err( 2913): 	at com.android.okhttp.internal.http.HttpEngine.connect(HttpEngine.java:276)
W/System.err( 2913): 	at com.android.okhttp.internal.http.HttpEngine.sendRequest(HttpEngine.java:211)
W/System.err( 2913): 	at com.android.okhttp.internal.http.HttpURLConnectionImpl.execute(HttpURLConnectionImpl.java:382)
W/System.err( 2913): 	at com.android.okhttp.internal.http.HttpURLConnectionImpl.connect(HttpURLConnectionImpl.java:106)
W/System.err( 2913): 	at com.android.okhttp.internal.http.DelegatingHttpsURLConnection.connect(DelegatingHttpsURLConnection.java:89)
W/System.err( 2913): 	at com.android.okhttp.internal.http.HttpsURLConnectionImpl.connect(HttpsURLConnectionImpl.java:25)
W/System.err( 2913): 	at com.facebook.ads.internal.p.a.a.a(Unknown Source)
W/System.err( 2913): 	at com.facebook.ads.internal.p.a.a.a(Unknown Source)
W/System.err( 2913): 	at com.facebook.ads.internal.p.a.h.a(Unknown Source)
W/System.err( 2913): 	at com.facebook.ads.internal.p.a.h.doInBackground(Unknown Source)
W/System.err( 2913): 	at android.os.AsyncTask$2.call(AsyncTask.java:292)
W/System.err( 2913): 	at java.util.concurrent.FutureTask.run(FutureTask.java:237)
W/System.err( 2913): 	at java.util.concurrent.ThreadPoolExecutor.runWorker(ThreadPoolExecutor.java:1112)
W/System.err( 2913): 	at java.util.concurrent.ThreadPoolExecutor$Worker.run(ThreadPoolExecutor.java:587)
W/System.err( 2913): 	at java.lang.Thread.run(Thread.java:818)
W/System.err( 2913): Caused by: android.system.ErrnoException: connect failed: ETIMEDOUT (Connection timed out)
W/System.err( 2913): 	at libcore.io.Posix.connect(Native Method)
W/System.err( 2913): 	at libcore.io.BlockGuardOs.connect(BlockGuardOs.java:111)
W/System.err( 2913): 	at libcore.io.IoBridge.connectErrno(IoBridge.java:137)
W/System.err( 2913): 	at libcore.io.IoBridge.connect(IoBridge.java:122)
W/System.err( 2913): 	... 20 more
I/Corona  ( 2913): socket reconnect
I/Corona  ( 2913): socket vertify success
I/Corona  ( 2913): socket begin heartBeat
I/Corona  ( 2913): socket receive data error : 	closed
I/Corona  ( 2913): socket reconnect
I/Corona  ( 2913): socket vertify success
I/Corona  ( 2913): socket begin heartBeat
I/Corona  ( 2913): socket receive data error : 	closed
I/SoundDecoder_SetError( 2913): Cannot operate on sample because already at EOF
I/Corona  ( 2913): socket reconnect
I/Corona  ( 2913): socket vertify success
I/Corona  ( 2913): socket begin heartBeat
I/Corona  ( 2913): socket receive data error : 	closed
I/Corona  ( 2913): socket reconnect
I/Corona  ( 2913): socket vertify success
I/Corona  ( 2913): socket begin heartBeat
I/Corona  ( 2913): socket receive data error : 	closed
I/Corona  ( 2913): socket reconnect
I/Corona  ( 2913): socket vertify success
I/Corona  ( 2913): socket begin heartBeat
I/Corona  ( 2913): socket receive data error : 	closed
I/Corona  ( 2913): socket reconnect
I/Corona  ( 2913): socket vertify success
I/Corona  ( 2913): socket begin heartBeat
I/Corona  ( 2913): socket receive data error : 	closed
I/SoundDecoder_SetError( 2913): Cannot operate on sample because already at EOF
I/SoundDecoder_SetError( 2913): Cannot operate on sample because already at EOF
I/Corona  ( 2913): =============================================
I/Corona  ( 2913): send data：	cmd : 	15000
I/Corona  ( 2913): {"isSend":true,"callBackFunc":"<type 'function' is not supported by JSON.>","url":"https://hwsj-eu-test.clktec.com:20888/frontend/forward","data":{"RetailId":2,"HotVersion":1555924261,"appId":1021,"ActId":15000,"Ver":"1.803","serverId":9000,"Token":"eyJhbGciOiJIUzI1NiIsInR5cCI6IkpXVCJ9.eyJleHAiOjE1NTYxODQ3ODIsImlhdCI6MTU1NjE4NDQyMiwianRpIjoidnlhZzFmMXZzMnJsIn0.-6LxmLaR74UG606SzYkJHKSObIl6Hy6QSwZ6GKN4B7s","T":1556184595,"actionid":15000,"Lang":"zh-cn","Sess":"]ku70Z3goLKTfEesgvekXOO60QCx"},"loginCount":1}
I/Corona  ( 2913): extra info：	https://hwsj-eu-test.clktec.com:20888/frontend/forward
I/Corona  ( 2913): =============================================
I/Corona  ( 2913): =============================================
I/Corona  ( 2913): response data：	cmd : 	15000
I/Corona  ( 2913): {"stat":1,"info":"请求成功","data":"{"Code":0,"Sess":"]ku70Z3goLKTfEesgvekXOO60QCx","Data":{"SysTime":1556184597,"TimeLimit":false,"AllianceAgreeApply":false,"SeaKingInvite":false,"SeaKingFood":false,"CompetitionRank":false,"SeaKingItemAward":false,"AllianceDailyTask":false,"NewMailNum":0,"RedPoint":{"order":1,"vip":1,"visit":1,"achievement":1,"boss":1},"TeamInvite":{},"AllianceApply":false,"CrossCompetitionRank":false,"InfiniteBattleSpoils":false,"Dinner":false,"Cost":76,"AllianceTrade":false,"CityAward":false,"FbInvitation":false,"BarbarianKingVitalityFull":false,"AllianceWar":false},"Info":""}"}
I/Corona  ( 2913): extra info：	访问时间(ms) ： 1168.1609153748
I/Corona  ( 2913): =============================================
I/Corona  ( 2913): socket reconnect
I/Corona  ( 2913): socket vertify success
I/Corona  ( 2913): socket begin heartBeat
I/Corona  ( 2913): socket receive data error : 	closed
I/Corona  ( 2913): socket reconnect
I/Corona  ( 2913): socket vertify success
I/Corona  ( 2913): socket begin heartBeat
I/Corona  ( 2913): socket receive data error : 	closed
I/Corona  ( 2913): socket reconnect
I/Corona  ( 2913): socket vertify success
I/Corona  ( 2913): socket begin heartBeat
I/Corona  ( 2913): socket receive data error : 	closed
I/Corona  ( 2913): socket reconnect
I/Corona  ( 2913): socket vertify success
I/Corona  ( 2913): socket begin heartBeat
I/SoundDecoder_SetError( 2913): Cannot operate on sample because already at EOF
I/Corona  ( 2913): socket receive data error : 	closed
I/Corona  ( 2913): socket reconnect
I/Corona  ( 2913): socket vertify success
I/Corona  ( 2913): socket begin heartBeat
I/Corona  ( 2913): socket receive data error : 	closed
I/Corona  ( 2913): socket reconnect
I/Corona  ( 2913): socket vertify success
I/Corona  ( 2913): socket begin heartBeat
I/Corona  ( 2913): socket receive data error : 	closed
I/SoundDecoder_SetError( 2913): Cannot operate on sample because already at EOF
I/Corona  ( 2913): socket reconnect
I/Corona  ( 2913): =============================================
I/Corona  ( 2913): send data：	cmd : 	15000
I/Corona  ( 2913): {"isSend":true,"callBackFunc":"<type 'function' is not supported by JSON.>","url":"https://hwsj-eu-test.clktec.com:20888/frontend/forward","data":{"RetailId":2,"HotVersion":1555924261,"appId":1021,"ActId":15000,"Ver":"1.803","serverId":9000,"Token":"eyJhbGciOiJIUzI1NiIsInR5cCI6IkpXVCJ9.eyJleHAiOjE1NTYxODQ3ODIsImlhdCI6MTU1NjE4NDQyMiwianRpIjoidnlhZzFmMXZzMnJsIn0.-6LxmLaR74UG606SzYkJHKSObIl6Hy6QSwZ6GKN4B7s","T":1556184655,"actionid":15000,"Lang":"zh-cn","Sess":"]ku70Z3goLKTfEesgvekXOO60QCx"},"loginCount":1}
I/Corona  ( 2913): extra info：	https://hwsj-eu-test.clktec.com:20888/frontend/forward
I/Corona  ( 2913): =============================================
I/Corona  ( 2913): socket vertify success
I/Corona  ( 2913): socket begin heartBeat
I/Corona  ( 2913): socket receive data error : 	closed
I/Corona  ( 2913): socket reconnect
I/SoundDecoder_SetError( 2913): Cannot operate on sample because already at EOF
I/Corona  ( 2913): socket vertify success
I/Corona  ( 2913): socket begin heartBeat
I/Corona  ( 2913): socket receive data error : 	closed
W/System.err( 2913): java.net.ConnectException: failed to connect to graph.facebook.com/31.13.64.1 (port 443): connect failed: ETIMEDOUT (Connection timed out)
W/System.err( 2913): 	at libcore.io.IoBridge.connect(IoBridge.java:124)
W/System.err( 2913): 	at java.net.PlainSocketImpl.connect(PlainSocketImpl.java:183)
W/System.err( 2913): 	at java.net.PlainSocketImpl.connect(PlainSocketImpl.java:456)
W/System.err( 2913): 	at java.net.Socket.connect(Socket.java:882)
W/System.err( 2913): 	at com.android.okhttp.internal.Platform.connectSocket(Platform.java:174)
W/System.err( 2913): 	at com.android.okhttp.Connection.connect(Connection.java:152)
W/System.err( 2913): 	at com.android.okhttp.internal.http.HttpEngine.connect(HttpEngine.java:276)
W/System.err( 2913): 	at com.android.okhttp.internal.http.HttpEngine.sendRequest(HttpEngine.java:211)
W/System.err( 2913): 	at com.android.okhttp.internal.http.HttpURLConnectionImpl.execute(HttpURLConnectionImpl.java:382)
W/System.err( 2913): 	at com.android.okhttp.internal.http.HttpURLConnectionImpl.connect(HttpURLConnectionImpl.java:106)
W/System.err( 2913): 	at com.android.okhttp.internal.http.DelegatingHttpsURLConnection.connect(DelegatingHttpsURLConnection.java:89)
W/System.err( 2913): 	at com.android.okhttp.internal.http.HttpsURLConnectionImpl.connect(HttpsURLConnectionImpl.java:25)
W/System.err( 2913): 	at com.facebook.ads.internal.p.a.a.a(Unknown Source)
W/System.err( 2913): 	at com.facebook.ads.internal.p.a.a.a(Unknown Source)
W/System.err( 2913): 	at com.facebook.ads.internal.p.a.h.a(Unknown Source)
W/System.err( 2913): 	at com.facebook.ads.internal.p.a.h.doInBackground(Unknown Source)
W/System.err( 2913): 	at android.os.AsyncTask$2.call(AsyncTask.java:292)
W/System.err( 2913): 	at java.util.concurrent.FutureTask.run(FutureTask.java:237)
W/System.err( 2913): 	at java.util.concurrent.ThreadPoolExecutor.runWorker(ThreadPoolExecutor.java:1112)
W/System.err( 2913): 	at java.util.concurrent.ThreadPoolExecutor$Worker.run(ThreadPoolExecutor.java:587)
W/System.err( 2913): 	at java.lang.Thread.run(Thread.java:818)
W/System.err( 2913): Caused by: android.system.ErrnoException: connect failed: ETIMEDOUT (Connection timed out)
W/System.err( 2913): 	at libcore.io.Posix.connect(Native Method)
W/System.err( 2913): 	at libcore.io.BlockGuardOs.connect(BlockGuardOs.java:111)
W/System.err( 2913): 	at libcore.io.IoBridge.connectErrno(IoBridge.java:137)
W/System.err( 2913): 	at libcore.io.IoBridge.connect(IoBridge.java:122)
W/System.err( 2913): 	... 20 more
I/Corona  ( 2913): socket reconnect
I/Corona  ( 2913): socket vertify success
I/Corona  ( 2913): socket begin heartBeat
E/Corona  ( 2913): ERROR: network: failed to connect to hwsj-eu-test.clktec.com/47.254.158.104 (port 20888) after 20000ms: https://hwsj-eu-test.clktec.com:20888/frontend/forward (java.net.SocketTimeoutException)
I/Corona  ( 2913): =============================================
I/Corona  ( 2913): error response data：	cmd : 	15000
I/Corona  ( 2913): failed to connect to hwsj-eu-test.clktec.com/47.254.158.104 (port 20888) after 20000ms: https://hwsj-eu-test.clktec.com:20888/frontend/forward
I/Corona  ( 2913): extra info：	访问时间(ms) ： 20035.619020462
I/Corona  ( 2913): =============================================
I/Corona  ( 2913): socket receive data error : 	closed
I/Corona  ( 2913): socket reconnect
I/Corona  ( 2913): socket vertify success
I/Corona  ( 2913): socket begin heartBeat
I/Corona  ( 2913): socket receive data error : 	closed
I/Corona  ( 2913): socket reconnect
I/Corona  ( 2913): socket vertify success
I/Corona  ( 2913): socket begin heartBeat
I/Corona  ( 2913): socket receive data error : 	closed
I/SoundDecoder_SetError( 2913): Cannot operate on sample because already at EOF
I/Corona  ( 2913): socket reconnect
I/Corona  ( 2913): socket vertify success
I/Corona  ( 2913): socket begin heartBeat
I/Corona  ( 2913): socket receive data error : 	closed
I/Corona  ( 2913): socket reconnect
I/SoundDecoder_SetError( 2913): Cannot operate on sample because already at EOF
I/Corona  ( 2913): socket vertify success
I/Corona  ( 2913): socket begin heartBeat
I/Corona  ( 2913): socket receive data error : 	closed
I/Corona  ( 2913): =============================================
I/Corona  ( 2913): send data：	cmd : 	15000
I/Corona  ( 2913): {"isSend":true,"callBackFunc":"<type 'function' is not supported by JSON.>","url":"https://hwsj-eu-test.clktec.com:20888/frontend/forward","data":{"RetailId":2,"HotVersion":1555924261,"appId":1021,"ActId":15000,"Ver":"1.803","serverId":9000,"Token":"eyJhbGciOiJIUzI1NiIsInR5cCI6IkpXVCJ9.eyJleHAiOjE1NTYxODQ3ODIsImlhdCI6MTU1NjE4NDQyMiwianRpIjoidnlhZzFmMXZzMnJsIn0.-6LxmLaR74UG606SzYkJHKSObIl6Hy6QSwZ6GKN4B7s","T":1556184715,"actionid":15000,"Lang":"zh-cn","Sess":"]ku70Z3goLKTfEesgvekXOO60QCx"},"loginCount":1}
I/Corona  ( 2913): extra info：	https://hwsj-eu-test.clktec.com:20888/frontend/forward
I/Corona  ( 2913): =============================================
I/Corona  ( 2913): socket reconnect
I/Corona  ( 2913): socket vertify success
I/Corona  ( 2913): socket begin heartBeat
I/Corona  ( 2913): socket receive data error : 	closed
I/Corona  ( 2913): socket reconnect
I/Corona  ( 2913): socket vertify success
I/Corona  ( 2913): socket begin heartBeat
I/Corona  ( 2913): socket receive data error : 	closed
I/SoundDecoder_SetError( 2913): Cannot operate on sample because already at EOF
E/Corona  ( 2913): ERROR: network: failed to connect to hwsj-eu-test.clktec.com/47.254.158.104 (port 20888) after 20000ms: https://hwsj-eu-test.clktec.com:20888/frontend/forward (java.net.SocketTimeoutException)
I/Corona  ( 2913): =============================================
I/Corona  ( 2913): error response data：	cmd : 	15000
I/Corona  ( 2913): failed to connect to hwsj-eu-test.clktec.com/47.254.158.104 (port 20888) after 20000ms: https://hwsj-eu-test.clktec.com:20888/frontend/forward
I/Corona  ( 2913): extra info：	访问时间(ms) ： 20043.030977249
I/Corona  ( 2913): =============================================
I/Corona  ( 2913): socket reconnect
I/Corona  ( 2913): socket vertify success
I/Corona  ( 2913): socket begin heartBeat
I/Corona  ( 2913): socket receive data error : 	closed
I/Corona  ( 2913): socket reconnect
I/Corona  ( 2913): socket vertify success
I/Corona  ( 2913): socket begin heartBeat
I/Corona  ( 2913): socket receive data error : 	closed
I/Corona  ( 2913): socket reconnect
I/Corona  ( 2913): socket vertify success
I/Corona  ( 2913): socket begin heartBeat
I/Corona  ( 2913): socket receive data error : 	closed
D/AndroidRuntime( 3292): >>>>>> START com.android.internal.os.RuntimeInit uid 0 <<<<<<
I/Corona  ( 2913): socket reconnect
D/AndroidRuntime( 3292): CheckJNI is OFF
W/        ( 3292): Failed to bind-mount /system/lib/x86/cpuinfo as /proc/cpuinfo: No such file or directory
E/        ( 3292): Cannot create code cache directory ./code_cache: Read-only file system.
E/memtrack( 3292): Couldn't load memtrack module (No such file or directory)
E/android.os.Debug( 3292): failed to load memtrack module: -2
D/AndroidRuntime( 3292): Calling main entry com.android.commands.wm.Wm
D/AndroidRuntime( 3292): Shutting down VM
D/AndroidRuntime( 3308): >>>>>> START com.android.internal.os.RuntimeInit uid 0 <<<<<<
D/AndroidRuntime( 3308): CheckJNI is OFF
W/        ( 3308): Failed to bind-mount /system/lib/x86/cpuinfo as /proc/cpuinfo: No such file or directory
E/        ( 3308): Cannot create code cache directory ./code_cache: Read-only file system.
E/memtrack( 3308): Couldn't load memtrack module (No such file or directory)
E/android.os.Debug( 3308): failed to load memtrack module: -2
D/AndroidRuntime( 3308): Calling main entry com.android.commands.monkey.Monkey
W/BroadcastQueue( 1658): Skipping deliver [background] BroadcastRecord{3cd08067 u-1 android.net.conn.CONNECTIVITY_CHANGE} to ReceiverList{22903e14 3308 (unknown name)/0/u-1 remote:231e6381}: process crashing
I/ActivityManager( 1658): START u0 {act=android.intent.action.MAIN cat=[android.intent.category.LAUNCHER] flg=0x10200000 cmp=com.dc.hwsj/.LuaActivity} from uid 0 on display 0
I/Corona  ( 2913): =============================================
I/Corona  ( 2913): send data：	   cmd : 	90110
I/Corona  ( 2913): {"isSend":true,"callBackFunc":"<type 'function' is not supported by JSON.>","url":"https://hwsj-eu-test.clktec.com:20888/frontend/forward","data":{"RetailId":2,"HotVersion":1555924261,"OrderId":"","serverId":9000,"HandleResult":"click","HandleType":1,"Sess":"]ku70Z3goLKTfEesgvekXOO60QCx","appId":1021,"ActId":90110,"T":1556184765,"Ver":"1.803","Uid":"vyag1f1vs2rl","actionid":90110,"ProductId":"2","Token":"eyJhbGciOiJIUzI1NiIsInR5cCI6IkpXVCJ9.eyJleHAiOjE1NTYxODQ3ODIsImlhdCI6MTU1NjE4NDQyMiwianRpIjoidnlhZzFmMXZzMnJsIn0.-6LxmLaR74UG606SzYkJHKSObIl6Hy6QSwZ6GKN4B7s","HandleTime":"2019-04-25 12:32:45","Lang":"zh-cn","Amount":4.99},"loginCount":1}
I/Corona  ( 2913): extra info：	https://hwsj-eu-test.clktec.com:20888/frontend/forward
I/Corona  ( 2913): =============================================
I/Corona  ( 2913): socket vertify success
I/Corona  ( 2913): socket begin heartBeat
I/SoundDecoder_SetError( 2913): Cannot operate on sample because already at EOF
I/Corona  ( 2913): socket receive data error : 	closed
I/SoundDecoder_SetError( 2913): Cannot operate on sample because already at EOF
I/ActivityManager( 1658): START u0 {act=android.intent.action.MAIN cat=[android.intent.category.LAUNCHER] flg=0x10200000 cmp=com.dc.hwsj/.LuaActivity} from uid 0 on display 0
I/Corona  ( 2913): socket reconnect
I/ActivityManager( 1658): START u0 {act=android.intent.action.MAIN cat=[android.intent.category.LAUNCHER] flg=0x10200000 cmp=com.dc.hwsj/.LuaActivity} from uid 0 on display 0
I/Corona  ( 2913): =============================================
I/Corona  ( 2913): send data：	cmd : 	15000
I/Corona  ( 2913): {"isSend":true,"callBackFunc":"<type 'function' is not supported by JSON.>","url":"https://hwsj-eu-test.clktec.com:20888/frontend/forward","data":{"RetailId":2,"HotVersion":1555924261,"appId":1021,"ActId":15000,"Ver":"1.803","serverId":9000,"Token":"eyJhbGciOiJIUzI1NiIsInR5cCI6IkpXVCJ9.eyJleHAiOjE1NTYxODQ3ODIsImlhdCI6MTU1NjE4NDQyMiwianRpIjoidnlhZzFmMXZzMnJsIn0.-6LxmLaR74UG606SzYkJHKSObIl6Hy6QSwZ6GKN4B7s","T":1556184775,"actionid":15000,"Lang":"zh-cn","Sess":"]ku70Z3goLKTfEesgvekXOO60QCx"},"loginCount":1}
I/Corona  ( 2913): extra info：	https://hwsj-eu-test.clktec.com:20888/frontend/forward
I/Corona  ( 2913): =============================================
I/art     ( 3308): System.exit called, status: 0
I/AndroidRuntime( 3308): VM exiting with result code 0.
I/Corona  ( 2913): socket vertify success
I/Corona  ( 2913): socket begin heartBeat
I/Corona  ( 2913): socket receive data error : 	closed
I/Corona  ( 2913): socket reconnect
E/Corona  ( 2913): ERROR: network: failed to connect to hwsj-eu-test.clktec.com/47.254.158.104 (port 20888) after 20000ms: https://hwsj-eu-test.clktec.com:20888/frontend/forward (java.net.SocketTimeoutException)
I/Corona  ( 2913): =============================================
I/Corona  ( 2913): error response data：	   cmd : 	90110
I/Corona  ( 2913): failed to connect to hwsj-eu-test.clktec.com/47.254.158.104 (port 20888) after 20000ms: https://hwsj-eu-test.clktec.com:20888/frontend/forward
I/Corona  ( 2913): extra info：	访问时间(ms) ： 20030.761003494
I/Corona  ( 2913): =============================================
I/Corona  ( 2913): =============================================
I/Corona  ( 2913): send data：	   cmd : 	9100
I/Corona  ( 2913): {"actionid":9100,"isDistribute":true,"callBackFunc":"<type 'function' is not supported by JSON.>","url":"https://hwsj-eu-test.clktec.com:20888/frontend/distribute","data":{"Lang":"zh-cn","version":"1.8","isSend":true,"actionid":9100,"data":"{"ActionId":9100,"LogInfo":[{"ErrMsg":"failed to connect to hwsj-eu-test.clktec.com/47.254.158.104 (port 20888) after 20000ms: https://hwsj-eu-test.clktec.com:20888/frontend/forward","UId":"vyag1f1vs2rl","Cost":20030,"ActId":"90110","LogType":1,"ServerId":"9000","Time":"2019-04-25 17:33:17","Url":"https://hwsj-eu-test.clktec.com:20888/frontend/forward","AppId":1021,"ErrCode":-1}]}","app_id":1021,"act_id":"hwsj_route_1021"},"loginCount":1}
I/Corona  ( 2913): extra info：	https://hwsj-eu-test.clktec.com:20888/frontend/distribute
I/Corona  ( 2913): =============================================
I/Corona  ( 2913): =============================================
I/Corona  ( 2913): send data：	   cmd : 	90110
I/Corona  ( 2913): {"isSend":true,"callBackFunc":"<type 'function' is not supported by JSON.>","url":"https://hwsj-eu-test.clktec.com:20888/frontend/forward","data":{"RetailId":2,"HotVersion":1555924261,"OrderId":"","serverId":9000,"HandleResult":"click","HandleType":1,"Sess":"]ku70Z3goLKTfEesgvekXOO60QCx","appId":1021,"ActId":90110,"T":1556184765,"Ver":"1.803","Uid":"vyag1f1vs2rl","actionid":90110,"ProductId":"2","Token":"eyJhbGciOiJIUzI1NiIsInR5cCI6IkpXVCJ9.eyJleHAiOjE1NTYxODQ3ODIsImlhdCI6MTU1NjE4NDQyMiwianRpIjoidnlhZzFmMXZzMnJsIn0.-6LxmLaR74UG606SzYkJHKSObIl6Hy6QSwZ6GKN4B7s","HandleTime":"2019-04-25 12:32:45","Lang":"zh-cn","Amount":4.99},"loginCount":1}
I/Corona  ( 2913): extra info：	https://hwsj-eu-test.clktec.com:20888/frontend/forward
I/Corona  ( 2913): =============================================
I/Corona  ( 2913): try to get new jwt
I/Corona  ( 2913): =============================================
I/Corona  ( 2913): send data：	   cmd : 	9998
I/Corona  ( 2913): {"isSend":true,"callBackFunc":"<type 'function' is not supported by JSON.>","url":"https://hwsj-eu-test.clktec.com:20888/frontend/jwt_action","data":{"Sess":"]ku70Z3goLKTfEesgvekXOO60QCx","HotVersion":1555924261,"appId":1021,"ActId":9998,"Ver":"1.803","serverId":9000,"Token":"eyJhbGciOiJIUzI1NiIsInR5cCI6IkpXVCJ9.eyJleHAiOjE1NTYxODQ3ODIsImlhdCI6MTU1NjE4NDQyMiwianRpIjoidnlhZzFmMXZzMnJsIn0.-6LxmLaR74UG606SzYkJHKSObIl6Hy6QSwZ6GKN4B7s","RetailId":2,"T":1556184786,"c_pub":"-----BEGIN PUBLIC KEY-----nMIIBSzCCAQMGByqGSM49AgEwgfcCAQEwLAYHKoZIzj0BAQIhAP////8AAAABAAAAnAAAAAAAAAAAA////////////////MFsEIP////8AAAABAAAAAAAAAAAAAAAA////n///////////8BCBaxjXYqjqT57PrvVV2mIa8ZR0GsMxTsPY7zjw+J9JgSwMVAMSdnNgiG5wSTamZ44ROdJreBn36QBEEEaxfR8uEsQkf4vOblY6RA8ncDfYEt6zOg9KE5nRdiYwpZP40Li/hp/m47n60p8D54WK84zV2sxXs7LtkBoN79R9QIhAP////8AAAAAn//////////+85vqtpxeehPO5ysL8YyVRAgEBA0IABBf3cc6ZOQFz03IdvyaKCLdBnBANT4UEGmTY9UXIvCLStHCh4cFKRP96X0CLq5VHguHyBxbTPR8WnWVI+lXpL/kQ=n-----END PUBLIC KEY-----n","Lang":"zh-cn","actionid":9998},"loginCount":1}
I/Corona  ( 2913): extra info：	https://hwsj-eu-test.clktec.com:20888/frontend/jwt_action
I/Corona  ( 2913): =============================================
I/Corona  ( 2913): =============================================
I/Corona  ( 2913): stat error response：	   cmd : 	90110
I/Corona  ( 2913): {"data":"","info":"JWT已过期","stat":295}
I/Corona  ( 2913): extra info：	访问时间(ms) ： 1098.5200405121	https://hwsj-eu-test.clktec.com:20888/frontend/forward
I/Corona  ( 2913): =============================================
