I/Telephony( 1998): PstnIncomingCallNotifier: Registering: Handler (com.android.internal.telephony.gsm.GSMPhone) {2eecdc86}
V/KeyguardUpdateMonitor( 1840): action android.intent.action.SIM_STATE_CHANGED state: LOADED slotId: 0 subid: 2
V/KeyguardUpdateMonitor( 1840): onSubscriptionInfoChanged()
V/KeyguardUpdateMonitor( 1840): SubInfo:{id=2, iccId=89860081011215792644 simSlotIndex=0 displayName=Android carrierName=Android nameSource=0 iconTint=-16746133 dataRoaming=0 iconBitmap=android.graphics.Bitmap@26c19037 mcc 460 mnc 71}
D/KeyguardUpdateMonitor( 1840): handleSimStateChange(subId=2, slotId=0, state=READY)
D/GpsLocationProvider( 1685): received SIM realted action: 
D/GpsLocationProvider( 1685): SIM MCC/MNC is available: 46007
D/GpsLocationProvider( 1685): Reset GPS properties, previous size = 8
D/GpsLocationProvider( 1685): GpsParamsResource: SUPL_HOST=supl.google.com
D/GpsLocationProvider( 1685): GpsParamsResource: SUPL_PORT=7275
D/GpsLocationProvider( 1685): GpsParamsResource: NTP_SERVER=north-america.pool.ntp.org
D/GpsLocationProvider( 1685): GpsParamsResource: SUPL_VER=0x20000
D/GpsLocationProvider( 1685): GpsParamsResource: SUPL_MODE=1
D/GpsLocationProvider( 1685): GPS properties reloaded, size = 8
E/GpsLocationProvider( 1685): no AGPS interface in set_agps_server
E/GpsLocationProvider( 1685): no GPS configuration interface in configuraiton_update
D/GpsLocationProvider( 1685): final config = #Fri Apr 26 10:27:11 GMT+08:00 2019
D/GpsLocationProvider( 1685): SUPL_VER=0x20000
D/GpsLocationProvider( 1685): SUPL_HOST=supl.google.com
D/GpsLocationProvider( 1685): XTRA_SERVER_3=http\://xtra3.gpsonextra.net/xtra.bin
D/GpsLocationProvider( 1685): XTRA_SERVER_1=http\://xtra1.gpsonextra.net/xtra.bin
D/GpsLocationProvider( 1685): SUPL_PORT=7276
D/GpsLocationProvider( 1685): XTRA_SERVER_2=http\://xtra2.gpsonextra.net/xtra.bin
D/GpsLocationProvider( 1685): NTP_SERVER=north-america.pool.ntp.org
D/GpsLocationProvider( 1685): SUPL_MODE=1
I/Telephony( 1998): PstnIncomingCallNotifier: Unregistering: Handler (com.android.internal.telephony.gsm.GSMPhone) {2eecdc86}
I/Telephony( 1998): PstnIncomingCallNotifier: Registering: Handler (com.android.internal.telephony.gsm.GSMPhone) {2eecdc86}
V/KeyguardUpdateMonitor( 1840): onSubscriptionInfoChanged()
V/KeyguardUpdateMonitor( 1840): SubInfo:{id=2, iccId=89860081011215792644 simSlotIndex=0 displayName=Android carrierName=Android nameSource=0 iconTint=-16746133 dataRoaming=0 iconBitmap=android.graphics.Bitmap@3be559a4 mcc 460 mnc 71}
I/Telephony( 1998): PstnIncomingCallNotifier: Unregistering: Handler (com.android.internal.telephony.gsm.GSMPhone) {2eecdc86}
I/Telephony( 1998): PstnIncomingCallNotifier: Registering: Handler (com.android.internal.telephony.gsm.GSMPhone) {2eecdc86}
I/Telephony( 1998): PstnIncomingCallNotifier: Unregistering: Handler (com.android.internal.telephony.gsm.GSMPhone) {2eecdc86}
I/Telephony( 1998): PstnIncomingCallNotifier: Registering: Handler (com.android.internal.telephony.gsm.GSMPhone) {2eecdc86}
I/NotificationMgr( 1998): updateMwi(): subId 2 update to false
I/CalendarProvider2( 2301): Sending notification intent: Intent { act=android.intent.action.PROVIDER_CHANGED dat=content://com.android.calendar }
W/ContentResolver( 2301): Failed to get type for: content://com.android.calendar (Unknown URL content://com.android.calendar)
D/AndroidRuntime( 2484): >>>>>> START com.android.internal.os.RuntimeInit uid 0 <<<<<<
D/AndroidRuntime( 2484): CheckJNI is OFF
W/        ( 2484): Failed to bind-mount /system/lib/x86/cpuinfo as /proc/cpuinfo: No such file or directory
E/        ( 2484): Cannot create code cache directory ./code_cache: Read-only file system.
E/memtrack( 2484): Couldn't load memtrack module (No such file or directory)
E/android.os.Debug( 2484): failed to load memtrack module: -2
D/AndroidRuntime( 2484): Calling main entry com.android.commands.am.Am
D/AndroidRuntime( 2484): Shutting down VM
E/SQLiteLog( 2301): (284) automatic index on view_events(_id)
D/AndroidRuntime( 2496): >>>>>> START com.android.internal.os.RuntimeInit uid 0 <<<<<<
D/ConnectivityService( 1685): updateNetworkScore for NetworkAgentInfo [WIFI () - 100] to 60
D/ConnectivityService( 1685): rematching NetworkAgentInfo [WIFI () - 100]
D/ConnectivityService( 1685): Network NetworkAgentInfo [WIFI () - 100] was already satisfying request 1. No change.
D/ConnectivityService( 1685): notifyType AVAILABLE for NetworkAgentInfo [WIFI () - 100]
D/ConnectivityManager.CallbackHandler( 1840): CM callback handler got msg 524290
D/AndroidRuntime( 2496): CheckJNI is OFF
W/        ( 2496): Failed to bind-mount /system/lib/x86/cpuinfo as /proc/cpuinfo: No such file or directory
E/        ( 2496): Cannot create code cache directory ./code_cache: Read-only file system.
E/memtrack( 2496): Couldn't load memtrack module (No such file or directory)
E/android.os.Debug( 2496): failed to load memtrack module: -2
D/AndroidRuntime( 2496): Calling main entry com.android.commands.am.Am
D/AlarmManagerService( 1685): Kernel timezone updated to -480 minutes west of GMT
D/AndroidRuntime( 2496): Shutting down VM
E/art     ( 2496): Thread attaching while runtime is shutting down: Binder_2
I/AndroidRuntime( 2496): NOTE: attach of thread 'Binder_2' failed
E/libEGL  ( 2023): call to OpenGL ES API with no current context (logged once per thread)
W/DebugConnManager( 2023): getNetworkInfo() on networkType 1
W/DebugConnManager( 2023): getNetworkInfo() on networkType 1
W/DebugConnManager( 2023): getNetworkInfo() on networkType 1
W/DebugConnManager( 2023): getNetworkInfo() on networkType 1
W/DebugConnManager( 2023): getNetworkInfo() on networkType 1
D/AndroidRuntime( 2535): >>>>>> START com.android.internal.os.RuntimeInit uid 0 <<<<<<
D/AndroidRuntime( 2535): CheckJNI is OFF
W/        ( 2535): Failed to bind-mount /system/lib/x86/cpuinfo as /proc/cpuinfo: No such file or directory
E/        ( 2535): Cannot create code cache directory ./code_cache: Read-only file system.
E/memtrack( 2535): Couldn't load memtrack module (No such file or directory)
E/android.os.Debug( 2535): failed to load memtrack module: -2
D/AndroidRuntime( 2535): Calling main entry com.android.commands.am.Am
D/AndroidRuntime( 2535): Shutting down VM
D/AndroidRuntime( 2547): >>>>>> START com.android.internal.os.RuntimeInit uid 0 <<<<<<
D/AndroidRuntime( 2547): CheckJNI is OFF
W/        ( 2547): Failed to bind-mount /system/lib/x86/cpuinfo as /proc/cpuinfo: No such file or directory
E/        ( 2547): Cannot create code cache directory ./code_cache: Read-only file system.
E/memtrack( 2547): Couldn't load memtrack module (No such file or directory)
E/android.os.Debug( 2547): failed to load memtrack module: -2
D/AndroidRuntime( 2547): Calling main entry com.android.commands.settings.SettingsCmd
D/AndroidRuntime( 2547): Shutting down VM
D/AndroidRuntime( 2558): >>>>>> START com.android.internal.os.RuntimeInit uid 0 <<<<<<
D/AndroidRuntime( 2558): CheckJNI is OFF
W/        ( 2558): Failed to bind-mount /system/lib/x86/cpuinfo as /proc/cpuinfo: No such file or directory
E/        ( 2558): Cannot create code cache directory ./code_cache: Read-only file system.
E/memtrack( 2558): Couldn't load memtrack module (No such file or directory)
E/android.os.Debug( 2558): failed to load memtrack module: -2
D/AndroidRuntime( 2558): Calling main entry com.android.commands.settings.SettingsCmd
D/AndroidRuntime( 2558): Shutting down VM
D/AndroidRuntime( 2606): >>>>>> START com.android.internal.os.RuntimeInit uid 0 <<<<<<
D/AndroidRuntime( 2606): CheckJNI is OFF
W/        ( 2606): Failed to bind-mount /system/lib/x86/cpuinfo as /proc/cpuinfo: No such file or directory
E/        ( 2606): Cannot create code cache directory ./code_cache: Read-only file system.
E/memtrack( 2606): Couldn't load memtrack module (No such file or directory)
E/android.os.Debug( 2606): failed to load memtrack module: -2
D/AndroidRuntime( 2606): Calling main entry com.android.commands.settings.SettingsCmd
D/AndroidRuntime( 2606): Shutting down VM
E/RemotePrintSpooler( 1685): Error removing obsolete print jobs .
E/RemotePrintSpooler( 1685): java.util.concurrent.TimeoutException: Cannot get spooler!
E/RemotePrintSpooler( 1685): 	at com.android.server.print.RemotePrintSpooler.bindLocked(RemotePrintSpooler.java:378)
E/RemotePrintSpooler( 1685): 	at com.android.server.print.RemotePrintSpooler.getRemoteInstanceLazy(RemotePrintSpooler.java:354)
E/RemotePrintSpooler( 1685): 	at com.android.server.print.RemotePrintSpooler.removeObsoletePrintJobs(RemotePrintSpooler.java:289)
E/RemotePrintSpooler( 1685): 	at com.android.server.print.UserState.removeObsoletePrintJobs(UserState.java:165)
E/RemotePrintSpooler( 1685): 	at com.android.server.print.PrintManagerService$PrintManagerImpl$3.run(PrintManagerService.java:644)
E/RemotePrintSpooler( 1685): 	at android.os.Handler.handleCallback(Handler.java:739)
E/RemotePrintSpooler( 1685): 	at android.os.Handler.dispatchMessage(Handler.java:95)
E/RemotePrintSpooler( 1685): 	at android.os.Looper.loop(Looper.java:135)
E/RemotePrintSpooler( 1685): 	at android.os.HandlerThread.run(HandlerThread.java:61)
I/FusedLocation( 1685): engine started (com.android.location.fused)
D/GpsLocationProvider( 1685): received SIM realted action: 
D/GpsLocationProvider( 1685): SIM MCC/MNC is available: 46007
D/GpsLocationProvider( 1685): Reset GPS properties, previous size = 8
D/GpsLocationProvider( 1685): GpsParamsResource: SUPL_HOST=supl.google.com
D/GpsLocationProvider( 1685): GpsParamsResource: SUPL_PORT=7275
D/GpsLocationProvider( 1685): GpsParamsResource: NTP_SERVER=north-america.pool.ntp.org
D/GpsLocationProvider( 1685): GpsParamsResource: SUPL_VER=0x20000
D/GpsLocationProvider( 1685): GpsParamsResource: SUPL_MODE=1
D/GpsLocationProvider( 1685): GPS properties reloaded, size = 8
E/GpsLocationProvider( 1685): no AGPS interface in set_agps_server
E/GpsLocationProvider( 1685): no GPS configuration interface in configuraiton_update
D/GpsLocationProvider( 1685): final config = #Fri Apr 26 10:27:18 GMT+08:00 2019
D/GpsLocationProvider( 1685): SUPL_VER=0x20000
D/GpsLocationProvider( 1685): SUPL_HOST=supl.google.com
D/GpsLocationProvider( 1685): XTRA_SERVER_3=http\://xtra3.gpsonextra.net/xtra.bin
D/GpsLocationProvider( 1685): XTRA_SERVER_1=http\://xtra1.gpsonextra.net/xtra.bin
D/GpsLocationProvider( 1685): SUPL_PORT=7276
D/GpsLocationProvider( 1685): XTRA_SERVER_2=http\://xtra2.gpsonextra.net/xtra.bin
D/GpsLocationProvider( 1685): NTP_SERVER=north-america.pool.ntp.org
D/GpsLocationProvider( 1685): SUPL_MODE=1
D/GpsLocationProvider( 1685): received SIM realted action: 
D/GpsLocationProvider( 1685): SIM MCC/MNC is available: 46007
D/GpsLocationProvider( 1685): Reset GPS properties, previous size = 8
D/GpsLocationProvider( 1685): GpsParamsResource: SUPL_HOST=supl.google.com
D/GpsLocationProvider( 1685): GpsParamsResource: SUPL_PORT=7275
D/GpsLocationProvider( 1685): GpsParamsResource: NTP_SERVER=north-america.pool.ntp.org
D/GpsLocationProvider( 1685): GpsParamsResource: SUPL_VER=0x20000
D/GpsLocationProvider( 1685): GpsParamsResource: SUPL_MODE=1
D/GpsLocationProvider( 1685): GPS properties reloaded, size = 8
E/GpsLocationProvider( 1685): no AGPS interface in set_agps_server
E/GpsLocationProvider( 1685): no GPS configuration interface in configuraiton_update
D/GpsLocationProvider( 1685): final config = #Fri Apr 26 10:27:18 GMT+08:00 2019
D/GpsLocationProvider( 1685): SUPL_VER=0x20000
D/GpsLocationProvider( 1685): SUPL_HOST=supl.google.com
D/GpsLocationProvider( 1685): XTRA_SERVER_3=http\://xtra3.gpsonextra.net/xtra.bin
D/GpsLocationProvider( 1685): XTRA_SERVER_1=http\://xtra1.gpsonextra.net/xtra.bin
D/GpsLocationProvider( 1685): SUPL_PORT=7276
D/GpsLocationProvider( 1685): XTRA_SERVER_2=http\://xtra2.gpsonextra.net/xtra.bin
D/GpsLocationProvider( 1685): NTP_SERVER=north-america.pool.ntp.org
D/GpsLocationProvider( 1685): SUPL_MODE=1
D/GpsLocationProvider( 1685): received SIM realted action: 
D/GpsLocationProvider( 1685): SIM MCC/MNC is available: 46007
D/GpsLocationProvider( 1685): Reset GPS properties, previous size = 8
D/GpsLocationProvider( 1685): GpsParamsResource: SUPL_HOST=supl.google.com
D/GpsLocationProvider( 1685): GpsParamsResource: SUPL_PORT=7275
D/GpsLocationProvider( 1685): GpsParamsResource: NTP_SERVER=north-america.pool.ntp.org
D/GpsLocationProvider( 1685): GpsParamsResource: SUPL_VER=0x20000
D/GpsLocationProvider( 1685): GpsParamsResource: SUPL_MODE=1
D/GpsLocationProvider( 1685): GPS properties reloaded, size = 8
E/GpsLocationProvider( 1685): no AGPS interface in set_agps_server
E/GpsLocationProvider( 1685): no GPS configuration interface in configuraiton_update
D/GpsLocationProvider( 1685): final config = #Fri Apr 26 10:27:18 GMT+08:00 2019
D/GpsLocationProvider( 1685): SUPL_VER=0x20000
D/GpsLocationProvider( 1685): SUPL_HOST=supl.google.com
D/GpsLocationProvider( 1685): XTRA_SERVER_3=http\://xtra3.gpsonextra.net/xtra.bin
D/GpsLocationProvider( 1685): XTRA_SERVER_1=http\://xtra1.gpsonextra.net/xtra.bin
D/GpsLocationProvider( 1685): SUPL_PORT=7276
D/GpsLocationProvider( 1685): XTRA_SERVER_2=http\://xtra2.gpsonextra.net/xtra.bin
D/GpsLocationProvider( 1685): NTP_SERVER=north-america.pool.ntp.org
D/GpsLocationProvider( 1685): SUPL_MODE=1
W/DebugConnManager( 1685): getNetworkInfo() on networkType 1
D/GpsLocationProvider( 1685): received SIM realted action: 
D/GpsLocationProvider( 1685): SIM MCC/MNC is available: 46007
D/GpsLocationProvider( 1685): Reset GPS properties, previous size = 8
D/GpsLocationProvider( 1685): GpsParamsResource: SUPL_HOST=supl.google.com
D/GpsLocationProvider( 1685): GpsParamsResource: SUPL_PORT=7275
D/GpsLocationProvider( 1685): GpsParamsResource: NTP_SERVER=north-america.pool.ntp.org
D/GpsLocationProvider( 1685): GpsParamsResource: SUPL_VER=0x20000
D/GpsLocationProvider( 1685): GpsParamsResource: SUPL_MODE=1
D/GpsLocationProvider( 1685): GPS properties reloaded, size = 8
E/GpsLocationProvider( 1685): no AGPS interface in set_agps_server
E/GpsLocationProvider( 1685): no GPS configuration interface in configuraiton_update
D/GpsLocationProvider( 1685): final config = #Fri Apr 26 10:27:18 GMT+08:00 2019
D/GpsLocationProvider( 1685): SUPL_VER=0x20000
D/GpsLocationProvider( 1685): SUPL_HOST=supl.google.com
D/GpsLocationProvider( 1685): XTRA_SERVER_3=http\://xtra3.gpsonextra.net/xtra.bin
D/GpsLocationProvider( 1685): XTRA_SERVER_1=http\://xtra1.gpsonextra.net/xtra.bin
D/GpsLocationProvider( 1685): SUPL_PORT=7276
D/GpsLocationProvider( 1685): XTRA_SERVER_2=http\://xtra2.gpsonextra.net/xtra.bin
D/GpsLocationProvider( 1685): NTP_SERVER=north-america.pool.ntp.org
D/GpsLocationProvider( 1685): SUPL_MODE=1
D/PhoneInterfaceManager( 1998): [PhoneIntfMgr] getDataEnabled: subId=2 phoneId=0
D/PhoneInterfaceManager( 1998): [PhoneIntfMgr] getDataEnabled: subId=2 retVal=true
D/TelephonyManager( 1685): getDataEnabled: retVal=true
E/GpsLocationProvider( 1685): No APN found to select.
D/GpsLocationProvider( 1685): NTP server returned: 1556245623724 (Fri Apr 26 10:27:03 GMT+08:00 2019) reference: 16110 certainty: 29 system time offset: -14675
E/WifiStateMachine( 1685): WifiStateMachine L2Connected CMD_START_SCAN source -2 2, 3 -> obsolete
I/ActivityManager( 1685): Waited long enough for: ServiceRecord{9a01b49 u0 com.bignox.app.store.hd/.services.StoreService}
W/DebugConnManager( 2023): getNetworkInfo() on networkType 1
E/WifiConfigStore( 1685):  rewrite network history for "WiredSSID"NONE
D/AndroidRuntime( 2680): >>>>>> START com.android.internal.os.RuntimeInit uid 0 <<<<<<
D/AndroidRuntime( 2680): CheckJNI is OFF
W/        ( 2680): Failed to bind-mount /system/lib/x86/cpuinfo as /proc/cpuinfo: No such file or directory
E/        ( 2680): Cannot create code cache directory ./code_cache: Read-only file system.
E/memtrack( 2680): Couldn't load memtrack module (No such file or directory)
E/android.os.Debug( 2680): failed to load memtrack module: -2
D/AndroidRuntime( 2680): Calling main entry com.android.commands.wm.Wm
D/AndroidRuntime( 2680): Shutting down VM
D/AndroidRuntime( 2697): >>>>>> START com.android.internal.os.RuntimeInit uid 0 <<<<<<
D/AndroidRuntime( 2697): CheckJNI is OFF
W/        ( 2697): Failed to bind-mount /system/lib/x86/cpuinfo as /proc/cpuinfo: No such file or directory
E/        ( 2697): Cannot create code cache directory ./code_cache: Read-only file system.
E/memtrack( 2697): Couldn't load memtrack module (No such file or directory)
E/android.os.Debug( 2697): failed to load memtrack module: -2
D/AndroidRuntime( 2697): Calling main entry com.android.commands.monkey.Monkey
W/BroadcastQueue( 1685): Skipping deliver [background] BroadcastRecord{14e14974 u-1 android.net.conn.CONNECTIVITY_CHANGE} to ReceiverList{c05ce9d 2697 (unknown name)/0/u-1 remote:bd96086}: process crashing
I/ActivityManager( 1685): START u0 {act=android.intent.action.MAIN cat=[android.intent.category.LAUNCHER] flg=0x10200000 cmp=com.dc.hwsj/.LuaActivity} from uid 0 on display 0
V/WindowManager( 1685): addAppToken: AppWindowToken{d8388e0 token=Token{39e246e3 ActivityRecord{ddaff12 u0 com.dc.hwsj/.LuaActivity t2}}} to stack=1 task=2 at 0
V/WindowManager( 1685): Adding window Window{39613455 u0 Starting com.dc.hwsj} at 2 of 5 (after Window{f0dbf3 u0 com.vphone.launcher/com.vphone.launcher.Launcher})
I/ActivityManager( 1685): Start proc 2713:com.dc.hwsj/u0a35 for activity com.dc.hwsj/.LuaActivity
D/houdini ( 2713): [2713] Initialize library(version: 5.0.7b_x.48396 RELEASE)... successfully.
D/PermissionCache( 1446): checking android.permission.READ_FRAME_BUFFER for uid=1000 => granted (30 us)
E/SurfaceFlinger( 1446): glCheckFramebufferStatusOES error 36054
E/SurfaceFlinger( 1446): got GL_FRAMEBUFFER_COMPLETE_OES error while taking screenshot
D/SurfaceFlinger( 1446): setOrientation, mFbdev=0xb68613c0, mFbDev->setOrientation=0xb7009ea0, orientation=3
I/gralloc_nox( 1446): setOrientation: orientation=3
I/ActivityManager( 1685): Config changes=480 {1.0 460mcc7mnc zh_CN ?layoutDir sw540dp w540dp h935dp 320dpi lrg long port finger qwerty/v/v dpad/v s.4}
D/Sensors ( 1685): Client connection accepted (186)
I/MultiDex( 2713): VM with version 2.1.0 has multidex support
I/MultiDex( 2713): install
I/MultiDex( 2713): VM has multidex support, MultiDex support library is disabled.
D/        ( 1446): HostConnection::get() New Host Connection established 0xb683ad90, tid 2079
D/FirebaseApp( 2713): com.google.firebase.auth.FirebaseAuth is not linked. Skipping initialization.
D/FirebaseApp( 2713): com.google.firebase.crash.FirebaseCrash is not linked. Skipping initialization.
E/FirebaseInstanceId( 2713): Google Play services missing or without correct permission.
I/FirebaseInitProvider( 2713): FirebaseApp initialization successful
I/FA      ( 2713): App measurement is starting up, version: 11910
I/FA      ( 2713): To enable debug logging run: adb shell setprop log.tag.FA VERBOSE
I/FA      ( 2713): To enable faster debug mode event logging run:
I/FA      ( 2713):   adb shell setprop debug.firebase.analytics.app com.dc.hwsj
V/ActivityManager( 1685): Display changed displayId=0
I/InputReader( 1685): Reconfiguring input devices.  changes=0x00000004
I/InputReader( 1685): Device reconfigured: id=1, name='Android_Input', size 1920x1080, orientation 3, mode 1, display id 0
E/SurfaceFlinger( 1446): rejecting buffer: bufWidth=1920, bufHeight=1080, front.active.{w=1, h=1}
W/GooglePlayServicesUtil( 2713): Google Play Store is missing.
W/FA      ( 2713): Service invalid
W/GooglePlayServicesUtil( 2713): Google Play Store is missing.
W/DebugConnManager( 2023): getNetworkInfo() on networkType 1
W/GooglePlayServicesUtil( 2713): Google Play Store is missing.
W/ActivityManager( 1685): Unable to start service Intent { act=com.google.android.gms.ads.identifier.service.START pkg=com.google.android.gms } U=0: not found
W/ActivityManager( 1685): Unable to start service Intent { act=com.google.android.gms.ads.identifier.service.START pkg=com.google.android.gms } U=0: not found
D/houdini ( 2713): [2713] Added shared library /data/app/com.dc.hwsj-1/lib/arm/liblua.so for ClassLoader by Native Bridge.
D/houdini ( 2713): [2713] Added shared library /data/app/com.dc.hwsj-1/lib/arm/libjnlua5.1.so for ClassLoader by Native Bridge.
I/art     ( 2713): Thread[1,tid=2713,WaitingForJniOnLoad,Thread*=0xb3c27800,peer=0x73c73000,"main"] recursive attempt to load library "/data/app/com.dc.hwsj-1/lib/arm/libjnlua5.1.so"
I/OpenAL_SLES( 2713): alc_opensles_init
D/houdini ( 2713): [2713] Added shared library /data/app/com.dc.hwsj-1/lib/arm/libopenal.so for ClassLoader by Native Bridge.
D/houdini ( 2713): [2713] Added shared library /data/app/com.dc.hwsj-1/lib/arm/libmpg123.so for ClassLoader by Native Bridge.
D/houdini ( 2713): [2713] Added shared library /data/app/com.dc.hwsj-1/lib/arm/libalmixer.so for ClassLoader by Native Bridge.
D/houdini ( 2713): [2713] Added shared library /data/app/com.dc.hwsj-1/lib/arm/libcorona.so for ClassLoader by Native Bridge.
D/AppsFlyer_4.9.0( 2713): Initializing AppsFlyer SDK: (v4.9.0.184)
W/ResourceType( 2713): No package identifier when getting value for resource number 0x00000000
D/Aihelp  ( 2713): MainLifecycleCallback created.
D/Aihelp  ( 2713): init 接口。当前Activity：com.dc.hwsj.LuaActivity.应用Lancer Activity：com.dc.hwsj.LuaActivity
I/WebViewFactory( 2713): Loading com.android.webview version 39 (500190306-x86) (code 300007)
I/LibraryLoader( 2713): Time to load native libraries: 4 ms (timestamps 5005-5009)
I/LibraryLoader( 2713): Expected native library version number "",actual native library version number ""
V/WebViewChromiumFactoryProvider( 2713): Binding Chromium to main looper Looper (main, tid 1) {1f2fa961}
I/LibraryLoader( 2713): Expected native library version number "",actual native library version number ""
I/chromium( 2713): [INFO:library_loader_hooks.cc(104)] Chromium logging enabled: level = 0, default verbosity = 0
I/BrowserStartupController( 2713): Initializing chromium process, singleProcess=true
W/art     ( 2713): Attempt to remove local handle scope entry from IRT, ignoring
W/chromium( 2713): [WARNING:resource_bundle.cc(304)] locale_file_path.empty()
I/chromium( 2713): [INFO:aw_browser_main_parts.cc(65)] Load from apk succesful, fd=30 off=1319120 len=3050
I/chromium( 2713): [INFO:aw_browser_main_parts.cc(78)] Loading webviewchromium.pak from, fd:31 off:229484 len:1089587
W/AudioManagerAndroid( 2713): Requires BLUETOOTH permission
D/libEGL  ( 2713): loaded /system/lib/egl/libEGL_adreno.so
D/        ( 2713): HostConnection::get() New Host Connection established 0xb3f48ed0, tid 2713
D/libEGL  ( 2713): loaded /system/lib/egl/libGLESv1_CM_adreno.so
D/libEGL  ( 2713): loaded /system/lib/egl/libGLESv2_adreno.so
W/chromium( 2713): [WARNING:mailbox_synchronizer.cc(41)] MailboxSync not supported due to missing EGL image/fence support
W/chromium( 2713): [WARNING:data_reduction_proxy_settings.cc(331)] SPDY proxy OFF at startup
W/art     ( 2713): Attempt to remove local handle scope entry from IRT, ignoring
W/AwContents( 2713): onDetachedFromWindow called when already detached. Ignoring
I/System.out( 2713): appIdActivity: isactivity1019  true
I/FA      ( 2713): Tag Manager is not found and thus will not be used
D/OpenGLRenderer( 2713): Use EGL_SWAP_BEHAVIOR_PRESERVED: true
D/Atlas   ( 2713): Validating map...
W/Atlas   ( 2713): Pointer 0x0, not in getPreloadedDrawables?
W/Atlas   ( 2713): Pointer 0x0, not in getPreloadedDrawables?
W/Atlas   ( 2713): Pointer 0x0, not in getPreloadedDrawables?
W/Atlas   ( 2713): Pointer 0x0, not in getPreloadedDrawables?
W/Atlas   ( 2713): Pointer 0x0, not in getPreloadedDrawables?
W/Atlas   ( 2713): Pointer 0x0, not in getPreloadedDrawables?
W/Atlas   ( 2713): Pointer 0x0, not in getPreloadedDrawables?
W/Atlas   ( 2713): Pointer 0x0, not in getPreloadedDrawables?
W/Atlas   ( 2713): Pointer 0x0, not in getPreloadedDrawables?
W/Atlas   ( 2713): Pointer 0x0, not in getPreloadedDrawables?
W/Atlas   ( 2713): Pointer 0x0, not in getPreloadedDrawables?
W/Atlas   ( 2713): Pointer 0x0, not in getPreloadedDrawables?
W/Atlas   ( 2713): Pointer 0x0, not in getPreloadedDrawables?
W/Atlas   ( 2713): Pointer 0x0, not in getPreloadedDrawables?
W/Atlas   ( 2713): Pointer 0x0, not in getPreloadedDrawables?
W/Atlas   ( 2713): Pointer 0x0, not in getPreloadedDrawables?
W/Atlas   ( 2713): Pointer 0x0, not in getPreloadedDrawables?
W/Atlas   ( 2713): Pointer 0x0, not in getPreloadedDrawables?
W/Atlas   ( 2713): Pointer 0x0, not in getPreloadedDrawables?
W/Atlas   ( 2713): Pointer 0x0, not in getPreloadedDrawables?
W/Atlas   ( 2713): Pointer 0x0, not in getPreloadedDrawables?
W/Atlas   ( 2713): Pointer 0x0, not in getPreloadedDrawables?
W/Atlas   ( 2713): Pointer 0x0, not in getPreloadedDrawables?
W/Atlas   ( 2713): Pointer 0x0, not in getPreloadedDrawables?
W/Atlas   ( 2713): Pointer 0x0, not in getPreloadedDrawables?
W/Atlas   ( 2713): Pointer 0x0, not in getPreloadedDrawables?
W/Atlas   ( 2713): Pointer 0x0, not in getPreloadedDrawables?
W/Atlas   ( 2713): Pointer 0x0, not in getPreloadedDrawables?
W/Atlas   ( 2713): Pointer 0x0, not in getPreloadedDrawables?
W/Atlas   ( 2713): Pointer 0x0, not in getPreloadedDrawables?
W/Atlas   ( 2713): Pointer 0x0, not in getPreloadedDrawables?
W/Atlas   ( 2713): Pointer 0x0, not in getPreloadedDrawables?
W/Atlas   ( 2713): Pointer 0x0, not in getPreloadedDrawables?
W/Atlas   ( 2713): Pointer 0x0, not in getPreloadedDrawables?
W/Atlas   ( 2713): Pointer 0x0, not in getPreloadedDrawables?
W/Atlas   ( 2713): Pointer 0x0, not in getPreloadedDrawables?
W/Atlas   ( 2713): Pointer 0x0, not in getPreloadedDrawables?
W/Atlas   ( 2713): Pointer 0x0, not in getPreloadedDrawables?
W/Atlas   ( 2713): Pointer 0x0, not in getPreloadedDrawables?
W/Atlas   ( 2713): Pointer 0x0, not in getPreloadedDrawables?
W/Atlas   ( 2713): Pointer 0x0, not in getPreloadedDrawables?
W/Atlas   ( 2713): Pointer 0x0, not in getPreloadedDrawables?
W/Atlas   ( 2713): Pointer 0x0, not in getPreloadedDrawables?
W/Atlas   ( 2713): Pointer 0x0, not in getPreloadedDrawables?
W/Atlas   ( 2713): Pointer 0x0, not in getPreloadedDrawables?
W/Atlas   ( 2713): Pointer 0x0, not in getPreloadedDrawables?
W/Atlas   ( 2713): Pointer 0x0, not in getPreloadedDrawables?
W/Atlas   ( 2713): Pointer 0x0, not in getPreloadedDrawables?
W/Atlas   ( 2713): Pointer 0x0, not in getPreloadedDrawables?
W/Atlas   ( 2713): Pointer 0x0, not in getPreloadedDrawables?
W/Atlas   ( 2713): Pointer 0x0, not in getPreloadedDrawables?
W/Atlas   ( 2713): Pointer 0x0, not in getPreloadedDrawables?
W/Atlas   ( 2713): Pointer 0x0, not in getPreloadedDrawables?
W/Atlas   ( 2713): Pointer 0x0, not in getPreloadedDrawables?
W/Atlas   ( 2713): Pointer 0x0, not in getPreloadedDrawables?
W/Atlas   ( 2713): Pointer 0x0, not in getPreloadedDrawables?
W/Atlas   ( 2713): Pointer 0x0, not in getPreloadedDrawables?
W/Atlas   ( 2713): Pointer 0x0, not in getPreloadedDrawables?
W/Atlas   ( 2713): Pointer 0x0, not in getPreloadedDrawables?
W/Atlas   ( 2713): Pointer 0x0, not in getPreloadedDrawables?
W/Atlas   ( 2713): Pointer 0x0, not in getPreloadedDrawables?
W/Atlas   ( 2713): Pointer 0x0, not in getPreloadedDrawables?
W/Atlas   ( 2713): Pointer 0x0, not in getPreloadedDrawables?
W/Atlas   ( 2713): Pointer 0x0, not in getPreloadedDrawables?
W/Atlas   ( 2713): Pointer 0x0, not in getPreloadedDrawables?
W/Atlas   ( 2713): Pointer 0x0, not in getPreloadedDrawables?
W/Atlas   ( 2713): Pointer 0x0, not in getPreloadedDrawables?
W/Atlas   ( 2713): Pointer 0x0, not in getPreloadedDrawables?
W/Atlas   ( 2713): Pointer 0x0, not in getPreloadedDrawables?
W/Atlas   ( 2713): Pointer 0x0, not in getPreloadedDrawables?
W/Atlas   ( 2713): Pointer 0x0, not in getPreloadedDrawables?
W/Atlas   ( 2713): Pointer 0x0, not in getPreloadedDrawables?
W/Atlas   ( 2713): Pointer 0x0, not in getPreloadedDrawables?
W/Atlas   ( 2713): Pointer 0x0, not in getPreloadedDrawables?
W/Atlas   ( 2713): Pointer 0x0, not in getPreloadedDrawables?
W/Atlas   ( 2713): Pointer 0x0, not in getPreloadedDrawables?
W/Atlas   ( 2713): Pointer 0x0, not in getPreloadedDrawables?
W/Atlas   ( 2713): Pointer 0x0, not in getPreloadedDrawables?
W/Atlas   ( 2713): Pointer 0x0, not in getPreloadedDrawables?
W/Atlas   ( 2713): Pointer 0x0, not in getPreloadedDrawables?
W/Atlas   ( 2713): Pointer 0x0, not in getPreloadedDrawables?
W/Atlas   ( 2713): Pointer 0x0, not in getPreloadedDrawables?
W/Atlas   ( 2713): Pointer 0x0, not in getPreloadedDrawables?
W/Atlas   ( 2713): Pointer 0x0, not in getPreloadedDrawables?
W/Atlas   ( 2713): Pointer 0x0, not in getPreloadedDrawables?
W/Atlas   ( 2713): Pointer 0x0, not in getPreloadedDrawables?
W/Atlas   ( 2713): Pointer 0x0, not in getPreloadedDrawables?
W/Atlas   ( 2713): Pointer 0x0, not in getPreloadedDrawables?
W/Atlas   ( 2713): Pointer 0x0, not in getPreloadedDrawables?
W/Atlas   ( 2713): Pointer 0x0, not in getPreloadedDrawables?
W/Atlas   ( 2713): Pointer 0x0, not in getPreloadedDrawables?
W/Atlas   ( 2713): Pointer 0x0, not in getPreloadedDrawables?
W/Atlas   ( 2713): Pointer 0x0, not in getPreloadedDrawables?
W/Atlas   ( 2713): Pointer 0x0, not in getPreloadedDrawables?
W/Atlas   ( 2713): Pointer 0x0, not in getPreloadedDrawables?
W/Atlas   ( 2713): Pointer 0x0, not in getPreloadedDrawables?
W/Atlas   ( 2713): Pointer 0x0, not in getPreloadedDrawables?
W/Atlas   ( 2713): Pointer 0x0, not in getPreloadedDrawables?
W/Atlas   ( 2713): Pointer 0x0, not in getPreloadedDrawables?
W/Atlas   ( 2713): Pointer 0x0, not in getPreloadedDrawables?
W/Atlas   ( 2713): Pointer 0x0, not in getPreloadedDrawables?
W/Atlas   ( 2713): Pointer 0x0, not in getPreloadedDrawables?
W/Atlas   ( 2713): Pointer 0x0, not in getPreloadedDrawables?
W/Atlas   ( 2713): Pointer 0x0, not in getPreloadedDrawables?
W/Atlas   ( 2713): Pointer 0x0, not in getPreloadedDrawables?
W/Atlas   ( 2713): Pointer 0x0, not in getPreloadedDrawables?
W/Atlas   ( 2713): Pointer 0x0, not in getPreloadedDrawables?
W/Atlas   ( 2713): Pointer 0x0, not in getPreloadedDrawables?
W/Atlas   ( 2713): Pointer 0x0, not in getPreloadedDrawables?
W/Atlas   ( 2713): Pointer 0x0, not in getPreloadedDrawables?
W/Atlas   ( 2713): Pointer 0x0, not in getPreloadedDrawables?
W/Atlas   ( 2713): Pointer 0x0, not in getPreloadedDrawables?
W/Atlas   ( 2713): Pointer 0x0, not in getPreloadedDrawables?
W/Atlas   ( 2713): Pointer 0x0, not in getPreloadedDrawables?
W/Atlas   ( 2713): Pointer 0x0, not in getPreloadedDrawables?
W/Atlas   ( 2713): Pointer 0x0, not in getPreloadedDrawables?
W/Atlas   ( 2713): Pointer 0x0, not in getPreloadedDrawables?
W/Atlas   ( 2713): Pointer 0x0, not in getPreloadedDrawables?
W/Atlas   ( 2713): Pointer 0x0, not in getPreloadedDrawables?
W/Atlas   ( 2713): Pointer 0x0, not in getPreloadedDrawables?
W/Atlas   ( 2713): Pointer 0x0, not in getPreloadedDrawables?
W/Atlas   ( 2713): Pointer 0x0, not in getPreloadedDrawables?
W/Atlas   ( 2713): Pointer 0x0, not in getPreloadedDrawables?
W/Atlas   ( 2713): Pointer 0x0, not in getPreloadedDrawables?
W/Atlas   ( 2713): Pointer 0x0, not in getPreloadedDrawables?
W/Atlas   ( 2713): Pointer 0x0, not in getPreloadedDrawables?
W/Atlas   ( 2713): Pointer 0x0, not in getPreloadedDrawables?
W/Atlas   ( 2713): Pointer 0x0, not in getPreloadedDrawables?
W/Atlas   ( 2713): Pointer 0x0, not in getPreloadedDrawables?
W/Atlas   ( 2713): Pointer 0x0, not in getPreloadedDrawables?
W/Atlas   ( 2713): Pointer 0x0, not in getPreloadedDrawables?
W/Atlas   ( 2713): Pointer 0x0, not in getPreloadedDrawables?
W/Atlas   ( 2713): Pointer 0x0, not in getPreloadedDrawables?
W/Atlas   ( 2713): Pointer 0x0, not in getPreloadedDrawables?
W/Atlas   ( 2713): Pointer 0x0, not in getPreloadedDrawables?
W/Atlas   ( 2713): Pointer 0x0, not in getPreloadedDrawables?
W/Atlas   ( 2713): Pointer 0x0, not in getPreloadedDrawables?
W/Atlas   ( 2713): Pointer 0x0, not in getPreloadedDrawables?
W/Atlas   ( 2713): Pointer 0x0, not in getPreloadedDrawables?
W/Atlas   ( 2713): Pointer 0x0, not in getPreloadedDrawables?
W/Atlas   ( 2713): Pointer 0x0, not in getPreloadedDrawables?
W/Atlas   ( 2713): Pointer 0x0, not in getPreloadedDrawables?
W/Atlas   ( 2713): Pointer 0x0, not in getPreloadedDrawables?
W/Atlas   ( 2713): Pointer 0x0, not in getPreloadedDrawables?
W/Atlas   ( 2713): Pointer 0x0, not in getPreloadedDrawables?
W/Atlas   ( 2713): Pointer 0x0, not in getPreloadedDrawables?
W/Atlas   ( 2713): Pointer 0x0, not in getPreloadedDrawables?
W/Atlas   ( 2713): Pointer 0x0, not in getPreloadedDrawables?
W/Atlas   ( 2713): Pointer 0x0, not in getPreloadedDrawables?
W/Atlas   ( 2713): Pointer 0x0, not in getPreloadedDrawables?
W/Atlas   ( 2713): Pointer 0x0, not in getPreloadedDrawables?
W/Atlas   ( 2713): Pointer 0x0, not in getPreloadedDrawables?
W/Atlas   ( 2713): Pointer 0x0, not in getPreloadedDrawables?
W/Atlas   ( 2713): Pointer 0x0, not in getPreloadedDrawables?
W/Atlas   ( 2713): Pointer 0x0, not in getPreloadedDrawables?
W/Atlas   ( 2713): Pointer 0x0, not in getPreloadedDrawables?
W/Atlas   ( 2713): Pointer 0x0, not in getPreloadedDrawables?
W/Atlas   ( 2713): Pointer 0x0, not in getPreloadedDrawables?
W/Atlas   ( 2713): Pointer 0x0, not in getPreloadedDrawables?
W/Atlas   ( 2713): Pointer 0x0, not in getPreloadedDrawables?
W/Atlas   ( 2713): Pointer 0x0, not in getPreloadedDrawables?
W/Atlas   ( 2713): Pointer 0x0, not in getPreloadedDrawables?
W/Atlas   ( 2713): Pointer 0x0, not in getPreloadedDrawables?
W/Atlas   ( 2713): Pointer 0x0, not in getPreloadedDrawables?
W/Atlas   ( 2713): Pointer 0x0, not in getPreloadedDrawables?
V/WindowManager( 1685): Adding window Window{672df7d u0 com.dc.hwsj/com.dc.hwsj.LuaActivity} at 2 of 6 (before Window{39613455 u0 Starting com.dc.hwsj})
I/System.out( 2713): Elva init------
W/System.err( 2713): android.content.pm.PackageManager$NameNotFoundException: com.android.vending
W/System.err( 2713): 	at android.app.ApplicationPackageManager.getPackageInfo(ApplicationPackageManager.java:114)
W/System.err( 2713): 	at com.ljoy.chatbot.utils.AdvertisingIdClient.getAdvertisingIdInfo(AdvertisingIdClient.java:45)
W/System.err( 2713): 	at com.ljoy.chatbot.controller.ElvaServiceController$1.run(ElvaServiceController.java:183)
W/System.err( 2713): 	at java.lang.Thread.run(Thread.java:818)
I/OpenGLRenderer( 2713): Initialized EGL, version 1.4
D/        ( 2713): HostConnection::get() New Host Connection established 0xad9490f0, tid 2785
W/GooglePlayServicesUtil( 2713): Google Play Store is missing.
W/GooglePlayServicesUtil( 2713): Google Play Store is missing.
W/GooglePlayServicesUtil( 2713): Google Play Store is missing.
W/GooglePlayServicesUtil( 2713): Google Play Store is missing.
D/OpenGLRenderer( 2713): Enabling debug mode 0
V/WindowManager( 1685): Adding window Window{3a84f2c3 u0 SurfaceView} at 2 of 7 (before Window{672df7d u0 com.dc.hwsj/com.dc.hwsj.LuaActivity})
D/        ( 2713): HostConnection::get() New Host Connection established 0xb3f3c330, tid 2756
I/FA      ( 2713): This instance being marked as an uploader
W/FA      ( 2713): Callable skipped the worker queue.
V/WindowManager( 1685): Layouts looping: On entry to LockedInner, mPendingLayoutChanges = 0x1
V/WindowManager( 1685): Layouts looping: loop number 4, mPendingLayoutChanges = 0x0
V/WindowManager( 1685): Layouts looping: after finishPostLayoutPolicyLw, mPendingLayoutChanges = 0x0
V/GLSurfaceView( 2713): glGetString(7937) returns Adreno (TM) 540;
V/WindowManager( 1685): Layouts looping: mLayoutNeeded, mPendingLayoutChanges = 0x1
V/WindowManager( 1685): Layouts looping: On entry to LockedInner, mPendingLayoutChanges = 0x1
V/WindowManager( 1685): Layouts looping: loop number 5, mPendingLayoutChanges = 0x0
V/WindowManager( 1685): Layouts looping: after finishPostLayoutPolicyLw, mPendingLayoutChanges = 0x0
V/WindowManager( 1685): Layouts looping: mLayoutNeeded, mPendingLayoutChanges = 0x1
E/WindowManager( 1685): Performed 6 layouts in a row. Skipping
W/IInputConnectionWrapper( 2023): showStatusIcon on inactive InputConnection
I/ActivityManager( 1685): Displayed com.dc.hwsj/.LuaActivity: +1s129ms
I/WindowManager( 1685): Screen frozen for +1s252ms due to Window{39613455 u0 Starting com.dc.hwsj}
W/libOpenSLES( 2713): class OutputMix interface 0 requested but unavailable MPH=43
V/Corona  ( 2713): > Class.forName: network.LuaLoader
V/Corona  ( 2713): < Class.forName: network.LuaLoader
V/Corona  ( 2713): Loading via reflection: network.LuaLoader
I/Corona  ( 2713): Platform: OPPO R11 / x86 / 5.1.1 / Adreno (TM) 540 / OpenGL ES 3.1 / 2018.3326 / 中文 | CN | zh_CN | zh
V/Corona  ( 2713): > Class.forName: shared.google.play.services.base.LuaLoader
V/Corona  ( 2713): > Class.forName: _CoronaSetup.LuaLoader
I/Corona  ( 2713): sssssssssssssss:	750	1334
I/Corona  ( 2713): ERROR: Unsupported key: supportsSessionProperty in audio library
I/Corona  ( 2713): verifyFile > try to read file = gLocalConfig.datahash
I/Corona  ( 2713): hashStr = 	ea7fafaff25f236a432dd5bbe1a03bf9cd1e5461
I/Corona  ( 2713): realHash = 	ea7fafaff25f236a432dd5bbe1a03bf9cd1e5461
I/Corona  ( 2713): gLocalConfig.data==verifyFile true!
I/Corona  ( 2713): testInuseRegion
I/System.out( 2713): Elva SendRequestNewTask result:{"forumBestUrl":"https://aihelp.net/forum/home/index/bestlist","storyAimlFileName":"6464fbec6b59dc09dee73b919f548cf3.aiml","topic":"topic","apiDomain":"cs30.net","svrport":"1883","initPeriod":0,"showfaq":"https://cs30.net/elva/FAQ/ShowFAQ.aspx","faqFileName":"767f08d14897dc7dc9bd0ddc1563e2e6.json","upload":"https://cs30.net/FileService/api/upload","faqYYdata":"https://cs30.net/elva/api/faqs1","faqdata":"https://cs30.net/elva/api/faqs","ip":"1.75.213.10","show_url":"https://cs30.net/elva/mFAQ/show.aspx","vipChatDomain":"aihelp.net","cdnUrl":"https://cdn.aihelp.net/Elva","botEnable":"false","time":1555915683466,"showfaqlist":"https://cs30.net/elva/mFAQ/Naval.aspx","svrip":"wss142.aihelp.net","isReward":false,"faqAimlFileName":"","faqdataForm":"https://cs30.net/elva/api/faqs2","forumUrl":"https://aihelp.net/forum","OperFileName":"0baa2f83c5975c242b0f5bc21452e978.json","point":"https://cs30.net/elva/api/point","kcpServer":"wss142.aihelp.net"}
E/elvaLog ( 2713): 向.net发送的请求：sdkVersion=1.4.3&l=ja&appid=MechanistGames_platform_3317042a-af81-49df-bd59-e2ffcc197c06&faqkey=1553072962426
E/elvaLog_exists( 2713): 6464fbec6b59dc09dee73b919f548cf3_story.aiml
I/ActivityManager( 1685): START u0 {act=android.intent.action.MAIN cat=[android.intent.category.LAUNCHER] flg=0x10200000 cmp=com.dc.hwsj/.LuaActivity} from uid 0 on display 0
E/elvaLog ( 2713): AIBOT 初始化成功。。。。。。。。。。。。。。
E/elvaLog ( 2713): AIBOT 返回消息。。。。。。。。。。。。。。1{"msgs":[{"msg":"スルタン様、私はあなたのパーソナルアシスタントのカンフェザです。オスマン帝国の君主へようこそ！\n以下のよくある質問を見るか、下にキーワードを入力するか、[お問い合わせ]ボタンをタップして直接カスタマーサービスにお問い合わせください。","actions":[{"action":"支払い","reply":"支払い"},{"action":"アカウント","reply":"アカウント"},{"action":"ゲームの問題","reply":"ゲームの問題"},{"action":"ゲーム設定","reply":"ゲーム設定"},{"action":"バグの報告","reply":"バグの報告"},{"action":"提案","reply":"提案"},{"action":"他のご用件はありますか？今すぐ問い合わせる","reply":"他のご用件はありますか？今すぐ問い合わせる"}]}]}
I/System.out( 2713): Elva SendRequestNewDAUTask req:https://cs30.net/elva/api/initset_{"appId":"MechanistGames_platform_3317042a-af81-49df-bd59-e2ffcc197c06","deviceid":"52778c640cce43b69c6224b0215c6999","lan":"ja"}
I/System.out( 2713): Elva SendRequestNewDAUTask result:{"status":false,"code":0,"message":"","time":1556245644186,"data":false}
I/Corona  ( 2713): event.response:	https://hwsj-eu-test.clktec.com:20888/frontend/distribute	{"data":"{\"Data\":{\"RecommendRegionTimeZone\":8,\"IsOpen\":1,\"CurrentRegionId\":1,\"CurrentRegionAppId\":1020,\"CurrentRegionTimeZone\":3,\"IsWarnPrivacy\":0,\"RecommendRegionId\":2,\"RecommendRegionAppId\":1022},\"Info\":\"\",\"Code\":0,\"Sess\":\"\"}","info":"请求成功","stat":1}
I/Corona  ( 2713): https://hwsj-eu-test.clktec.com:20888/frontend/distribute	2718.407
I/Corona  ( 2713): event.response:	https://hwsj-eu-test.clktec.com:20888/frontend/distribute	{"data":"{\"Info\":\"\",\"Code\":0,\"Sess\":\"\",\"Data\":{\"CurrentRegionAppId\":1020,\"CurrentRegionTimeZone\":3,\"IsWarnPrivacy\":0,\"RecommendRegionId\":2,\"RecommendRegionAppId\":1022,\"RecommendRegionTimeZone\":8,\"IsOpen\":1,\"CurrentRegionId\":1}}","info":"请求成功","stat":1}
I/Corona  ( 2713): https://hwsj-eu-test.clktec.com:20888/frontend/distribute	2887.407
I/Corona  ( 2713): event.response:	https://hwsj-eu-test.clktec.com:20888/frontend/distribute	{"data":"{\"Sess\":\"\",\"Data\":{\"IsOpen\":1,\"CurrentRegionId\":1,\"CurrentRegionAppId\":1020,\"CurrentRegionTimeZone\":3,\"IsWarnPrivacy\":0,\"RecommendRegionId\":2,\"RecommendRegionAppId\":1022,\"RecommendRegionTimeZone\":8},\"Info\":\"\",\"Code\":0}","info":"请求成功","stat":1}
I/Corona  ( 2713): https://hwsj-eu-test.clktec.com:20888/frontend/distribute	3075.583
I/Corona  ( 2713): verifyFile > try to read file = gLocalConfig.datahash
I/Corona  ( 2713): hashStr = 	ea7fafaff25f236a432dd5bbe1a03bf9cd1e5461
I/Corona  ( 2713): realHash = 	ea7fafaff25f236a432dd5bbe1a03bf9cd1e5461
I/Corona  ( 2713): gLocalConfig.data==verifyFile true!
W/art     ( 2713): Attempt to remove local handle scope entry from IRT, ignoring
W/AwContents( 2713): onDetachedFromWindow called when already detached. Ignoring
I/System.out( 2713): appIdActivity: isactivity1021  true
I/TAG     ( 2713): test
I/==> xxx ( 2713): updateAccessPrivacyInfoStatus: 1
D/houdini ( 2713): [2756] Added shared library /data/app/com.dc.hwsj-1/lib/arm/libsm_decoder.so for ClassLoader by Native Bridge.
W/ActivityManager( 1685): Unable to start service Intent { act=com.google.android.gms.ads.identifier.service.START pkg=com.google.android.gms } U=0: not found
W/ActivityManager( 1685): Unbind failed: could not find connection for android.os.BinderProxy@217812b3
I/AdsSdk_3006.6( 2713): productId:null
I/AdsSdk_3006.6( 2713): channelId:null
I/AdsSdk_3006.6( 2713): 没有单独接入统计SDK，使用内部统计
I/AdsSdk_3006.6( 2713): finish to init analysis SDK：false
W/ActivityManager( 1685): Unable to start service Intent { act=com.google.android.gms.ads.identifier.service.START pkg=com.google.android.gms } U=0: not found
W/ActivityManager( 1685): Unbind failed: could not find connection for android.os.BinderProxy@3ad7270f
I/AdsSdk_3006.6( 2713): productId:1000254
I/AdsSdk_3006.6( 2713): channelId:32400
I/AdsSdk_3006.6( 2713): 没有单独接入统计SDK，使用内部统计
I/AdsSdk_3006.6( 2713): finish to init analysis SDK：true
I/<ALY Android>_3201( 2713): xxx ==> dataDir: /sdcard/Android/data/com.dc.hwsj/files
I/<ALY Android>_3201( 2713): xxx ==> dataDir exist: false
W/DebugConnManager( 2713): getNetworkInfo() on networkType 1
I/ActivityManager( 1685): START u0 {act=android.intent.action.MAIN cat=[android.intent.category.LAUNCHER] flg=0x10200000 cmp=com.dc.hwsj/.LuaActivity} from uid 0 on display 0
W/ActivityManager( 1685): Unable to start service Intent { act=com.google.android.gms.ads.identifier.service.START pkg=com.google.android.gms } U=0: not found
W/ActivityManager( 1685): Unbind failed: could not find connection for android.os.BinderProxy@2b5a1d88
W/ActivityManager( 1685): Unable to start service Intent { act=com.google.android.gms.ads.identifier.service.START pkg=com.google.android.gms } U=0: not found
W/ActivityManager( 1685): Unbind failed: could not find connection for android.os.BinderProxy@98e3321
W/DebugConnManager( 2713): getNetworkInfo() on networkType 1
W/ActivityManager( 1685): Unable to start service Intent { act=com.google.android.gms.ads.identifier.service.START pkg=com.google.android.gms } U=0: not found
W/ActivityManager( 1685): Unbind failed: could not find connection for android.os.BinderProxy@11a60346
W/DebugConnManager( 2713): getNetworkInfo() on networkType 1
W/DebugConnManager( 2713): getNetworkInfo() on networkType 1
W/ActivityManager( 1685): Unable to start service Intent { act=com.google.android.gms.ads.identifier.service.START pkg=com.google.android.gms } U=0: not found
W/ActivityManager( 1685): Unbind failed: could not find connection for android.os.BinderProxy@26d2e907
D/UnityAds( 2713): com.unity3d.ads.misc.Utilities.writeFile() (line:128) :: Wrote file: /data/data/com.dc.hwsj/files/UnityAdsStorage-public-data.json
D/UnityAds( 2713): com.unity3d.ads.device.Storage.sendEvent() (line:82) :: Couldn't send storage event to WebApp
D/UnityAds( 2713): com.unity3d.ads.UnityAds.initialize() (line:110) :: ENTERED METHOD
I/UnityAds( 2713): com.unity3d.ads.UnityAds.initialize() (line:149) :: Initializing Unity Ads 2.2.1 (2201) with game id 2752400 in production mode
I/UnityAds( 2713): com.unity3d.ads.UnityAds.initialize() (line:161) :: Unity Ads environment check OK
W/ActivityManager( 1685): Unable to start service Intent { act=com.google.android.gms.ads.identifier.service.START pkg=com.google.android.gms } U=0: not found
W/GooglePlayServicesUtil( 2713): Google Play Store is missing.
E/ActivityThread( 2713): Failed to find provider info for com.google.android.gms.chimera
W/DynamiteModule( 2713): Failed to retrieve remote module version.
W/GooglePlayServicesUtil( 2713): Google Play Store is missing.
I/UnityAds( 2713): com.unity3d.ads.configuration.InitializeThread$InitializeStateConfig.execute() (line:235) :: Unity Ads init: load configuration from https://config.unityads.unity3d.com/webview/2.2.1/release/config.json
W/DebugConnManager( 2713): getNetworkInfo() on networkType 1
W/GooglePlayServicesUtil( 2713): Google Play services is missing.
W/GooglePlayServicesUtil( 2713): Google Play Store is missing.
W/GooglePlayServicesUtil( 2713): Google Play Store is missing.
I/Ads     ( 2713): Starting ad request.
I/Ads     ( 2713): Use AdRequest.Builder.addTestDevice("656814C8F3FC720FFAFA162A80042A9F") to get test ads on this device.
W/art     ( 2713): Attempt to remove local handle scope entry from IRT, ignoring
W/AwContents( 2713): onDetachedFromWindow called when already detached. Ignoring
W/art     ( 2713): Attempt to remove local handle scope entry from IRT, ignoring
W/art     ( 2713): Attempt to remove local handle scope entry from IRT, ignoring
I/UnityAds( 2713): com.unity3d.ads.configuration.InitializeThread$InitializeStateLoadWeb.execute() (line:312) :: Unity Ads init: loading webapp from https://webview.unityads.unity3d.com/webview/2.2.1/ace8928e537df2c6c209e9e897d77182188aa8b1/release/index.html
W/GooglePlayServicesUtil( 2713): Google Play Store is missing.
W/GooglePlayServicesUtil( 2713): Google Play Store is missing.
I/art     ( 2713): Background partial concurrent mark sweep GC freed 76559(3MB) AllocSpace objects, 34(34MB) LOS objects, 40% free, 15MB/25MB, paused 1.700ms total 115.827ms
W/GooglePlayServicesUtil( 2713): Google Play Store is missing.
W/GooglePlayServicesUtil( 2713): Google Play Store is missing.
W/GooglePlayServicesUtil( 2713): Google Play Store is missing.
W/GooglePlayServicesUtil( 2713): Google Play Store is missing.
W/art     ( 2713): Attempt to remove local handle scope entry from IRT, ignoring
W/AwContents( 2713): onDetachedFromWindow called when already detached. Ignoring
W/art     ( 2713): Attempt to remove local handle scope entry from IRT, ignoring
W/art     ( 2713): Attempt to remove local handle scope entry from IRT, ignoring
I/Corona  ( 2713): change update cdn url to: 	https://hwsj-res.clktec.com/updatetest/1.83/patchList.json?20190426126
I/chromium( 2713): [INFO:CONSOLE(7)] "The key "viewport-fit" is not recognized and ignored.", source: file:///storage/emulated/0/Android/data/com.dc.hwsj/cache/UnityAdsCache/UnityAdsWebApp.html?platform=android&origin=https%3A%2F%2Fwebview.unityads.unity3d.com%2Fwebview%2F2.2.1%2Face8928e537df2c6c209e9e897d77182188aa8b1%2Frelease%2Findex.html&version=ace8928e537df2c6c209e9e897d77182188aa8b1 (7)
W/ActivityManager( 1685): Unable to start service Intent { act=com.google.android.gms.ads.identifier.service.START pkg=com.google.android.gms } U=0: not found
W/ActivityManager( 1685): Unbind failed: could not find connection for android.os.BinderProxy@19989acd
W/DebugConnManager( 2713): getNetworkInfo() on networkType 1
D/IS_UNITY( 2713): false
E/ActivityThread( 2713): Failed to find provider info for com.facebook.katana.provider.AttributionIdProvider
W/GooglePlayServicesUtil( 2713): Google Play Store is missing.
W/ActivityManager( 1685): Unable to start service Intent { act=com.google.android.gms.ads.identifier.service.START pkg=com.google.android.gms } U=0: not found
D/AdInternalSettings( 2713): Test mode device hash: 65b86eb6-8d32-4247-a45e-f183e8fdeaf2
D/AdInternalSettings( 2713): When testing your app with Facebook's ad units you must specify the device hashed ID to ensure the delivery of test ads, add the following code before loading an ad: AdSettings.addTestDevice("65b86eb6-8d32-4247-a45e-f183e8fdeaf2");
D/IS_UNITY( 2713): false
E/ActivityThread( 2713): Failed to find provider info for com.facebook.katana.provider.AttributionIdProvider
W/GooglePlayServicesUtil( 2713): Google Play Store is missing.
W/ActivityManager( 1685): Unable to start service Intent { act=com.google.android.gms.ads.identifier.service.START pkg=com.google.android.gms } U=0: not found
D/IS_UNITY( 2713): false
E/ActivityThread( 2713): Failed to find provider info for com.facebook.katana.provider.AttributionIdProvider
W/GooglePlayServicesUtil( 2713): Google Play Store is missing.
W/ActivityManager( 1685): Unable to start service Intent { act=com.google.android.gms.ads.identifier.service.START pkg=com.google.android.gms } U=0: not found
I/art     ( 1685): Explicit concurrent mark sweep GC freed 27518(2014KB) AllocSpace objects, 23(380KB) LOS objects, 35% free, 14MB/22MB, paused 219us total 17.531ms
