--------- beginning of system
I/Vold    ( 1444): Vold 2.1 (the revenge) firing up
D/Vold    ( 1444): Volume sdcard state changing -1 (Initializing) -> 0 (No-Media)
I/InstallerConnection( 1658): disconnecting...
I/SystemServer( 1658): Entered the Android system server!
I/SystemServiceManager( 1658): Starting com.android.server.pm.Installer
I/Installer( 1658): Waiting for installd to be ready.
I/InstallerConnection( 1658): connecting...
I/SystemServiceManager( 1658): Starting com.android.server.am.ActivityManagerService$Lifecycle
I/ActivityManager( 1658): Memory class: 192
I/IntentFirewall( 1658): Read new rules (A:0 B:0 S:0)
D/AppOps  ( 1658): AppOpsService published
I/SystemServiceManager( 1658): Starting com.android.server.power.PowerManagerService
I/SystemServiceManager( 1658): Starting com.android.server.display.DisplayManagerService
I/SystemServiceManager( 1658): Starting phase 100
I/DisplayManagerService( 1658): Display device added: DisplayDeviceInfo{"内置屏幕": uniqueId="local:0", 1920 x 1080, 60.000004 fps, supportedRefreshRates [60.000004], density 320, 72.0 x 72.0 dpi, appVsyncOff 0, presDeadline 17666666, touch INTERNAL, rotation 0, type BUILT_IN, state UNKNOWN, FLAG_DEFAULT_DISPLAY, FLAG_ROTATES_WITH_CONTENT, FLAG_SECURE, FLAG_SUPPORTS_PROTECTED_BUFFERS}
I/SystemServer( 1658): Package Manager
W/SystemConfig( 1658): No directory /system/etc/sysconfig, skipping
D/SELinuxMMAC( 1658): Using policy file /system/etc/security/mac_permissions.xml
W/PackageParser( 1658): No actions in intent filter at /system/priv-app/Contacts/Contacts.apk Binary XML file line #356
W/PackageParser( 1658): Unknown element under <intent-filter>: android at /system/priv-app/Telecom/Telecom.apk Binary XML file line #232
W/PackageParser( 1658): No actions in intent filter at /system/app/Bluetooth/Bluetooth.apk Binary XML file line #209
W/PackageParser( 1658): No actions in intent filter at /system/app/CMFileManager/CMFileManager.apk Binary XML file line #166
W/PackageParser( 1658): Unknown element under <application>: permission at /system/app/Gallery2/Gallery2.apk Binary XML file line #242
W/PackageParser( 1658): Unknown element under <application>: permission at /system/app/Gallery2/Gallery2.apk Binary XML file line #245
W/PackageManager( 1658): Package com.tencent.mm desires unavailable shared library com.google.android.maps; ignoring!
W/PackageManager( 1658): Package com.tencent.mm desires unavailable shared library com.sec.android.app.multiwindow; ignoring!
W/PackageManager( 1658): Package com.tencent.mm desires unavailable shared library com.here.android; ignoring!
W/PackageManager( 1658): Package com.tencent.mm desires unavailable shared library soterkeystore; ignoring!
W/PackageParser( 1658): Unknown element under <manifest>: meta-data at /data/app/com.taobao.taobao-1/base.apk Binary XML file line #51
W/PackageParser( 1658): No actions in intent filter at /data/app/com.taobao.taobao-1/base.apk Binary XML file line #2599
W/PackageParser( 1658): Unknown element under <application>: Activity at /data/app/com.taobao.taobao-1/base.apk Binary XML file line #4508
W/PackageManager( 1658): Package com.taobao.taobao desires unavailable shared library org.ifaa.android.manager.permissions; ignoring!
W/PackageParser( 1658): Unknown element under <application>: string at /data/app/com.dc.hwsj-1/base.apk Binary XML file line #145
W/PackageManager( 1658): Package com.dc.hwsj desires unavailable shared library org.apache.http.legacy; ignoring!
W/PackageManager( 1658): Package com.linlong.yeshen desires unavailable shared library org.simalliance.openmobileapi; ignoring!
W/PackageManager( 1658): Package com.dc.hwsj desires unavailable shared library org.apache.http.legacy; ignoring!
W/PackageManager( 1658): Package com.tencent.mm desires unavailable shared library com.google.android.maps; ignoring!
W/PackageManager( 1658): Package com.tencent.mm desires unavailable shared library com.sec.android.app.multiwindow; ignoring!
W/PackageManager( 1658): Package com.tencent.mm desires unavailable shared library com.here.android; ignoring!
W/PackageManager( 1658): Package com.tencent.mm desires unavailable shared library soterkeystore; ignoring!
W/PackageManager( 1658): Package com.android.gallery3d desires unavailable shared library com.google.android.media.effects; ignoring!
W/PackageManager( 1658): Package com.android.gallery3d desires unavailable shared library com.google.android.media.effects; ignoring!
W/PackageManager( 1658): Package com.linlong.yeshen desires unavailable shared library org.simalliance.openmobileapi; ignoring!
W/PackageManager( 1658): Package com.taobao.taobao desires unavailable shared library org.ifaa.android.manager.permissions; ignoring!
I/PackageManager( 1658): Adjusting ABI for : com.bignox.app.store.hd to x86
I/PackageManager( 1658): Adjusting ABI for : com.android.inputdevices to x86
I/PackageManager( 1658): Adjusting ABI for : com.android.location.fused to x86
I/PackageManager( 1658): Adjusting ABI for : com.bignox.google.installer to x86
I/PackageManager( 1658): Adjusting ABI for : com.vphone.helper to x86
I/PackageManager( 1658): Adjusting ABI for : com.android.keychain to x86
I/PackageManager( 1658): Adjusting ABI for : com.android.inputservice to x86
I/PackageManager( 1658): Adjusting ABI for : com.android.settings to x86
I/PackageManager( 1658): Adjusting ABI for : com.android.providers.settings to x86
I/PackageManager( 1658): Adjusting ABI for : com.android.server.telecom to x86
I/PackageManager( 1658): Adjusting ABI for : com.vphone.launcher to x86
I/PackageManager( 1658): Time to scan packages: 0.321 seconds
W/PackageManager( 1658): Unknown permission com.google.android.googleapps.permission.GOOGLE_AUTH in package com.android.providers.calendar
W/PackageManager( 1658): Unknown permission com.google.android.googleapps.permission.GOOGLE_AUTH.cl in package com.android.providers.calendar
W/PackageManager( 1658): Unknown permission com.android.vending.BILLING in package com.dc.hwsj
W/PackageManager( 1658): Unknown permission com.android.vending.CHECK_LICENSE in package com.dc.hwsj
W/PackageManager( 1658): Unknown permission com.google.android.c2dm.permission.RECEIVE in package com.dc.hwsj
W/PackageManager( 1658): Unknown permission com.google.android.finsky.permission.BIND_GET_INSTALL_REFERRER_SERVICE in package com.dc.hwsj
W/PackageManager( 1658): Unknown permission com.huawei.authentication.HW_ACCESS_AUTH_SERVICE in package com.tencent.mm
W/PackageManager( 1658): Unknown permission com.android.launcher.permission.READ_SETTINGS in package com.tencent.mm
W/PackageManager( 1658): Unknown permission com.tencent.mm.location.permission.SEND_VIEW in package com.tencent.mm
W/PackageManager( 1658): Unknown permission com.huawei.android.launcher.permission.CHANGE_BADGE in package com.tencent.mm
W/PackageManager( 1658): Unknown permission android.permission.WRITE_APP_BADGE in package com.tencent.mm
W/PackageManager( 1658): Unknown permission android.permission.REQUEST_IGNORE_BATTERY_OPTIMIZATIONS in package com.tencent.mm
W/PackageManager( 1658): Unknown permission com.google.android.c2dm.permission.RECEIVE in package com.tencent.mm
W/PackageManager( 1658): Unknown permission com.bbk.launcher2.permission.READ_SETTINGS in package com.tencent.mm
W/PackageManager( 1658): Unknown permission com.android.vending.BILLING in package com.tencent.mm
W/PackageManager( 1658): Unknown permission android.permission.USE_FINGERPRINT in package com.tencent.mm
W/PackageManager( 1658): Unknown permission android.permission.REQUEST_INSTALL_PACKAGES in package com.tencent.mm
W/PackageManager( 1658): Unknown permission com.soter.permission.ACCESS_SOTER_KEYSTORE in package com.tencent.mm
W/PackageManager( 1658): Unknown permission android.permission.USE_FACERECOGNITION in package com.tencent.mm
W/PackageManager( 1658): Not granting permission android.permission.CHANGE_CONFIGURATION to package com.tencent.wstt.gt (protectionLevel=50 flags=0x83e44)
W/PackageManager( 1658): Not granting permission android.permission.MOUNT_UNMOUNT_FILESYSTEMS to package com.tencent.wstt.gt (protectionLevel=18 flags=0x83e44)
W/PackageManager( 1658): Not granting permission android.permission.BATTERY_STATS to package com.tencent.wstt.gt (protectionLevel=50 flags=0x83e44)
W/PackageManager( 1658): Unknown permission com.android.launcher.permission.READ_SETTINGS in package com.tencent.wstt.gt
W/PackageManager( 1658): Unknown permission com.android.launcher.permission.WRITE_SETTINGS in package com.tencent.wstt.gt
W/PackageManager( 1658): Not granting permission android.permission.SET_KEYBOARD_LAYOUT to package com.tencent.wstt.gt (protectionLevel=2 flags=0x83e44)
W/PackageManager( 1658): Unknown permission android.permission.WRITE_OWNER_DATA in package com.tencent.wstt.gt
W/PackageManager( 1658): Unknown permission android.permission.READ_OWNER_DATA in package com.tencent.wstt.gt
W/PackageManager( 1658): Not granting permission android.permission.READ_LOGS to package com.tencent.wstt.gt (protectionLevel=50 flags=0x83e44)
W/PackageManager( 1658): Not granting permission android.permission.ACCESS_CHECKIN_PROPERTIES to package com.tencent.wstt.gt (protectionLevel=18 flags=0x83e44)
W/PackageManager( 1658): Not granting permission android.permission.FACTORY_TEST to package com.tencent.wstt.gt (protectionLevel=2 flags=0x83e44)
W/PackageManager( 1658): Not granting permission android.permission.ACCESS_SURFACE_FLINGER to package com.tencent.wstt.gt (protectionLevel=2 flags=0x83e44)
W/PackageManager( 1658): Not granting permission android.permission.MOUNT_UNMOUNT_FILESYSTEMS to package com.tencent.tmgp.sskgame (protectionLevel=18 flags=0x83e44)
W/PackageManager( 1658): Not granting permission android.permission.READ_LOGS to package com.tencent.tmgp.sskgame (protectionLevel=50 flags=0x83e44)
W/PackageManager( 1658): Not granting permission android.permission.CHANGE_CONFIGURATION to package com.tencent.tmgp.sskgame (protectionLevel=50 flags=0x83e44)
W/PackageManager( 1658): Unknown permission android.permission.RECEIVE_USER_PRESENT in package com.tencent.tmgp.sskgame
W/PackageManager( 1658): Unknown permission android.permission.SYSTEM_OVERLAY_WINDOW in package com.tencent.wefpmonitor
W/PackageManager( 1658): Not granting permission android.permission.MOUNT_UNMOUNT_FILESYSTEMS to package com.tencent.wefpmonitor (protectionLevel=18 flags=0x58be44)
W/PackageManager( 1658): Not granting permission android.permission.READ_LOGS to package com.tencent.wefpmonitor (protectionLevel=50 flags=0x58be44)
W/PackageManager( 1658): Not granting permission android.permission.ACCESS_SURFACE_FLINGER to package com.tencent.wefpmonitor (protectionLevel=2 flags=0x58be44)
W/PackageManager( 1658): Unknown permission com.google.android.c2dm.permission.RECEIVE in package com.tencent.wefpmonitor
W/PackageManager( 1658): Unknown permission com.android.launcher.permission.READ_SETTINGS in package com.android.onetimeinitializer
W/PackageManager( 1658): Unknown permission com.android.launcher.permission.WRITE_SETTINGS in package com.android.onetimeinitializer
W/PackageManager( 1658): Unknown permission android.permission.RECEIVE_USER_PRESENT in package com.qlmhzy.yeshen
W/PackageManager( 1658): Not granting permission android.permission.MOUNT_UNMOUNT_FILESYSTEMS to package com.qlmhzy.yeshen (protectionLevel=18 flags=0x8be44)
W/PackageManager( 1658): Not granting permission android.permission.READ_LOGS to package com.qlmhzy.yeshen (protectionLevel=50 flags=0x8be44)
W/PackageManager( 1658): Unknown permission com.cyanogenmod.filemanager.permissions.READ_THEME in package com.cyanogenmod.filemanager
W/PackageManager( 1658): Not granting permission android.permission.MOUNT_UNMOUNT_FILESYSTEMS to package com.linlong.yeshen (protectionLevel=18 flags=0x8be44)
W/PackageManager( 1658): Not granting permission android.permission.READ_LOGS to package com.linlong.yeshen (protectionLevel=50 flags=0x8be44)
W/PackageManager( 1658): Unknown permission org.simalliance.openmobileapi.SMARTCARD in package com.linlong.yeshen
W/PackageManager( 1658): Unknown permission com.google.android.googleapps.permission.GOOGLE_AUTH in package com.android.settings
W/PackageManager( 1658): Unknown permission com.android.launcher.permission.READ_SETTINGS in package com.android.settings
W/PackageManager( 1658): Unknown permission com.android.launcher.permission.WRITE_SETTINGS in package com.android.settings
W/PackageManager( 1658): Not granting permission android.permission.MOUNT_UNMOUNT_FILESYSTEMS to package com.example.xinxi.myapplication (protectionLevel=18 flags=0x48be46)
W/PackageManager( 1658): Unknown permission android.permission.RECEIVE_USER_PRESENT in package com.example.xinxi.myapplication
W/PackageManager( 1658): Not granting permission android.permission.READ_LOGS to package com.example.xinxi.myapplication (protectionLevel=50 flags=0x48be46)
W/PackageManager( 1658): Unknown permission com.android.smspush.WAPPUSH_MANAGER_BIND in package com.android.phone
W/PackageManager( 1658): Unknown permission com.android.launcher.permission.READ_SETTINGS in package com.bignox.app.store.hd
W/PackageManager( 1658): Unknown permission com.android.launcher.permission.WRITE_SETTINGS in package com.bignox.app.store.hd
W/PackageManager( 1658): Unknown permission com.android.launcher.permission.READ_SETTINGS in package com.taobao.taobao
W/PackageManager( 1658): Unknown permission com.android.launcher2.permission.READ_SETTINGS in package com.taobao.taobao
W/PackageManager( 1658): Not granting permission android.permission.BATTERY_STATS to package com.taobao.taobao (protectionLevel=50 flags=0x183e44)
W/PackageManager( 1658): Unknown permission com.google.android.c2dm.permission.RECEIVE in package com.taobao.taobao
W/PackageManager( 1658): Unknown permission android.permission.WRITE_INTERNAL_STORAGE in package com.taobao.taobao
W/PackageManager( 1658): Not granting permission android.permission.READ_LOGS to package com.taobao.taobao (protectionLevel=50 flags=0x183e44)
W/PackageManager( 1658): Unknown permission android.permission.RECORD_VIDEO in package com.taobao.taobao
W/PackageManager( 1658): Unknown permission com.taobao.permission.USE_CREDENTIALS in package com.taobao.taobao
W/PackageManager( 1658): Unknown permission com.taobao.permission.UPDATE_CREDENTIALS in package com.taobao.taobao
W/PackageManager( 1658): Unknown permission com.samsung.android.authservice.permission.READ_CONTENT_PROVIDER in package com.taobao.taobao
W/PackageManager( 1658): Unknown permission cn.org.ifaa.permission.USE_IFAA_MANAGER in package com.taobao.taobao
W/PackageManager( 1658): Unknown permission android.permission.USE_FINGERPRINT in package com.taobao.taobao
W/PackageManager( 1658): Unknown permission android.permission.MANAGE_FINGERPRINT in package com.taobao.taobao
W/PackageManager( 1658): Not granting permission android.permission.WRITE_MEDIA_STORAGE to package com.taobao.taobao (protectionLevel=18 flags=0x183e44)
W/PackageManager( 1658): Unknown permission com.google.android.gallery3d.permission.GALLERY_PROVIDER in package com.android.bluetooth
W/PackageManager( 1658): Unknown permission android.permission.MMS_SEND_OUTBOX_MSG in package com.android.bluetooth
I/SystemServer( 1658): User Service
I/SystemServiceManager( 1658): Starting com.android.server.lights.LightsService
I/SystemServiceManager( 1658): Starting com.android.server.BatteryService
I/SystemServiceManager( 1658): Starting com.android.server.usage.UsageStatsService
I/SystemServiceManager( 1658): Starting com.android.server.webkit.WebViewUpdateService
I/SystemServer( 1658): Reading configuration...
I/SystemServer( 1658): Scheduling Policy
I/SystemServiceManager( 1658): Starting com.android.server.telecom.TelecomLoaderService
I/SystemServer( 1658): Telephony Registry
I/SystemServer( 1658): Entropy Mixer
I/EntropyMixer( 1658): Writing entropy...
I/SystemServer( 1658): Account Manager
I/SystemServer( 1658): Content Manager
I/SystemServer( 1658): System Content Providers
I/SystemServer( 1658): Vibrator Service
I/SystemServer( 1658): Consumer IR Service
I/SystemServiceManager( 1658): Starting com.android.server.AlarmManagerService
I/SystemServer( 1658): Init Watchdog
I/SystemServer( 1658): Input Manager
I/InputManager( 1658): Initializing input manager, mUseDevInputEventForAudioJack=false
I/SystemServer( 1658): Window Manager
I/WindowManager( 1658): No existing display settings /data/system/display_settings.xml; starting empty
I/InputManager( 1658): Starting input manager
I/SystemServer( 1658): Bluetooth Manager Service
I/SystemServer( 1658): Input Method Service
W/InputMethodManagerService( 1658): Couldn't create dir.: /data/system/inputmethod
I/SystemServer( 1658): Accessibility Manager
I/SystemServer( 1658): Mount Service
D/MountService( 1658): got storage path: /mnt/sdcard description: 内部存储设备 primary: true removable: false emulated: true mtpReserve: 100 allowMassStorage: false maxFileSize: 0
D/MountService( 1658): addVolumeLocked() StorageVolume:
D/MountService( 1658):     mStorageId=65537 mPath=/storage/emulated/0 mDescriptionId=17040812 
D/MountService( 1658):     mPrimary=true mRemovable=false mEmulated=true mMtpReserveSpace=100 
D/MountService( 1658):     mAllowMassStorage=false mMaxFileSize=0 mOwner=UserHandle{0} mUuid=null 
D/MountService( 1658):     mUserLabel=null mState=null 
I/SystemServer( 1658): LockSettingsService
I/SystemServiceManager( 1658): Starting com.android.server.devicepolicy.DevicePolicyManagerService$Lifecycle
I/SystemServer( 1658): Status Bar
I/SystemServer( 1658): Clipboard Service
I/SystemServer( 1658): NetworkManagement Service
E/NetdConnector( 1658): Communications error: java.io.IOException: Connection refused
E/NetdConnector( 1658): Error in NativeDaemonConnector: java.io.IOException: Connection refused
E/MountService( 1658): Error processing initial volume state
E/MountService( 1658): java.lang.NullPointerException: Attempt to invoke virtual method 'java.lang.String android.os.storage.StorageVolume.getPath()' on a null object reference
E/MountService( 1658): 	at com.android.server.MountService.updatePublicVolumeState(MountService.java:746)
E/MountService( 1658): 	at com.android.server.MountService.access$1700(MountService.java:119)
E/MountService( 1658): 	at com.android.server.MountService$3.run(MountService.java:840)
W/PackageManager( 1658): Unknown permission com.google.android.googleapps.permission.GOOGLE_AUTH in package com.android.providers.calendar
W/PackageManager( 1658): Unknown permission com.google.android.googleapps.permission.GOOGLE_AUTH.cl in package com.android.providers.calendar
W/PackageManager( 1658): Unknown permission com.android.vending.BILLING in package com.dc.hwsj
W/PackageManager( 1658): Unknown permission com.android.vending.CHECK_LICENSE in package com.dc.hwsj
W/PackageManager( 1658): Unknown permission com.google.android.c2dm.permission.RECEIVE in package com.dc.hwsj
W/PackageManager( 1658): Unknown permission com.google.android.finsky.permission.BIND_GET_INSTALL_REFERRER_SERVICE in package com.dc.hwsj
W/PackageManager( 1658): Unknown permission com.huawei.authentication.HW_ACCESS_AUTH_SERVICE in package com.tencent.mm
W/PackageManager( 1658): Unknown permission com.android.launcher.permission.READ_SETTINGS in package com.tencent.mm
W/PackageManager( 1658): Unknown permission com.tencent.mm.location.permission.SEND_VIEW in package com.tencent.mm
W/PackageManager( 1658): Unknown permission com.huawei.android.launcher.permission.CHANGE_BADGE in package com.tencent.mm
W/PackageManager( 1658): Unknown permission android.permission.WRITE_APP_BADGE in package com.tencent.mm
W/PackageManager( 1658): Unknown permission android.permission.REQUEST_IGNORE_BATTERY_OPTIMIZATIONS in package com.tencent.mm
W/PackageManager( 1658): Unknown permission com.google.android.c2dm.permission.RECEIVE in package com.tencent.mm
W/PackageManager( 1658): Unknown permission com.bbk.launcher2.permission.READ_SETTINGS in package com.tencent.mm
W/PackageManager( 1658): Unknown permission com.android.vending.BILLING in package com.tencent.mm
W/PackageManager( 1658): Unknown permission android.permission.USE_FINGERPRINT in package com.tencent.mm
W/PackageManager( 1658): Unknown permission android.permission.REQUEST_INSTALL_PACKAGES in package com.tencent.mm
W/PackageManager( 1658): Unknown permission com.soter.permission.ACCESS_SOTER_KEYSTORE in package com.tencent.mm
W/PackageManager( 1658): Unknown permission android.permission.USE_FACERECOGNITION in package com.tencent.mm
W/PackageManager( 1658): Not granting permission android.permission.CHANGE_CONFIGURATION to package com.tencent.wstt.gt (protectionLevel=50 flags=0x83e44)
W/PackageManager( 1658): Not granting permission android.permission.MOUNT_UNMOUNT_FILESYSTEMS to package com.tencent.wstt.gt (protectionLevel=18 flags=0x83e44)
W/PackageManager( 1658): Not granting permission android.permission.BATTERY_STATS to package com.tencent.wstt.gt (protectionLevel=50 flags=0x83e44)
W/PackageManager( 1658): Unknown permission com.android.launcher.permission.READ_SETTINGS in package com.tencent.wstt.gt
W/PackageManager( 1658): Unknown permission com.android.launcher.permission.WRITE_SETTINGS in package com.tencent.wstt.gt
W/PackageManager( 1658): Not granting permission android.permission.SET_KEYBOARD_LAYOUT to package com.tencent.wstt.gt (protectionLevel=2 flags=0x83e44)
W/PackageManager( 1658): Unknown permission android.permission.WRITE_OWNER_DATA in package com.tencent.wstt.gt
W/PackageManager( 1658): Unknown permission android.permission.READ_OWNER_DATA in package com.tencent.wstt.gt
W/PackageManager( 1658): Not granting permission android.permission.READ_LOGS to package com.tencent.wstt.gt (protectionLevel=50 flags=0x83e44)
W/PackageManager( 1658): Not granting permission android.permission.ACCESS_CHECKIN_PROPERTIES to package com.tencent.wstt.gt (protectionLevel=18 flags=0x83e44)
W/PackageManager( 1658): Not granting permission android.permission.FACTORY_TEST to package com.tencent.wstt.gt (protectionLevel=2 flags=0x83e44)
W/PackageManager( 1658): Not granting permission android.permission.ACCESS_SURFACE_FLINGER to package com.tencent.wstt.gt (protectionLevel=2 flags=0x83e44)
W/PackageManager( 1658): Not granting permission android.permission.MOUNT_UNMOUNT_FILESYSTEMS to package com.tencent.tmgp.sskgame (protectionLevel=18 flags=0x83e44)
W/PackageManager( 1658): Not granting permission android.permission.READ_LOGS to package com.tencent.tmgp.sskgame (protectionLevel=50 flags=0x83e44)
W/PackageManager( 1658): Not granting permission android.permission.CHANGE_CONFIGURATION to package com.tencent.tmgp.sskgame (protectionLevel=50 flags=0x83e44)
W/PackageManager( 1658): Unknown permission android.permission.RECEIVE_USER_PRESENT in package com.tencent.tmgp.sskgame
W/PackageManager( 1658): Unknown permission android.permission.SYSTEM_OVERLAY_WINDOW in package com.tencent.wefpmonitor
W/PackageManager( 1658): Not granting permission android.permission.MOUNT_UNMOUNT_FILESYSTEMS to package com.tencent.wefpmonitor (protectionLevel=18 flags=0x58be44)
W/PackageManager( 1658): Not granting permission android.permission.READ_LOGS to package com.tencent.wefpmonitor (protectionLevel=50 flags=0x58be44)
W/PackageManager( 1658): Not granting permission android.permission.ACCESS_SURFACE_FLINGER to package com.tencent.wefpmonitor (protectionLevel=2 flags=0x58be44)
W/PackageManager( 1658): Unknown permission com.google.android.c2dm.permission.RECEIVE in package com.tencent.wefpmonitor
W/PackageManager( 1658): Unknown permission com.android.launcher.permission.READ_SETTINGS in package com.android.onetimeinitializer
W/PackageManager( 1658): Unknown permission com.android.launcher.permission.WRITE_SETTINGS in package com.android.onetimeinitializer
W/PackageManager( 1658): Unknown permission android.permission.RECEIVE_USER_PRESENT in package com.qlmhzy.yeshen
W/PackageManager( 1658): Not granting permission android.permission.MOUNT_UNMOUNT_FILESYSTEMS to package com.qlmhzy.yeshen (protectionLevel=18 flags=0x8be44)
W/PackageManager( 1658): Not granting permission android.permission.READ_LOGS to package com.qlmhzy.yeshen (protectionLevel=50 flags=0x8be44)
W/PackageManager( 1658): Unknown permission com.cyanogenmod.filemanager.permissions.READ_THEME in package com.cyanogenmod.filemanager
W/PackageManager( 1658): Not granting permission android.permission.MOUNT_UNMOUNT_FILESYSTEMS to package com.linlong.yeshen (protectionLevel=18 flags=0x8be44)
W/PackageManager( 1658): Not granting permission android.permission.READ_LOGS to package com.linlong.yeshen (protectionLevel=50 flags=0x8be44)
W/PackageManager( 1658): Unknown permission org.simalliance.openmobileapi.SMARTCARD in package com.linlong.yeshen
W/PackageManager( 1658): Unknown permission com.google.android.googleapps.permission.GOOGLE_AUTH in package com.android.settings
W/PackageManager( 1658): Unknown permission com.android.launcher.permission.READ_SETTINGS in package com.android.settings
W/PackageManager( 1658): Unknown permission com.android.launcher.permission.WRITE_SETTINGS in package com.android.settings
W/PackageManager( 1658): Not granting permission android.permission.MOUNT_UNMOUNT_FILESYSTEMS to package com.example.xinxi.myapplication (protectionLevel=18 flags=0x48be46)
W/PackageManager( 1658): Unknown permission android.permission.RECEIVE_USER_PRESENT in package com.example.xinxi.myapplication
W/PackageManager( 1658): Not granting permission android.permission.READ_LOGS to package com.example.xinxi.myapplication (protectionLevel=50 flags=0x48be46)
W/PackageManager( 1658): Unknown permission com.android.smspush.WAPPUSH_MANAGER_BIND in package com.android.phone
W/PackageManager( 1658): Unknown permission com.android.launcher.permission.READ_SETTINGS in package com.bignox.app.store.hd
W/PackageManager( 1658): Unknown permission com.android.launcher.permission.WRITE_SETTINGS in package com.bignox.app.store.hd
W/PackageManager( 1658): Unknown permission com.android.launcher.permission.READ_SETTINGS in package com.taobao.taobao
W/PackageManager( 1658): Unknown permission com.android.launcher2.permission.READ_SETTINGS in package com.taobao.taobao
W/PackageManager( 1658): Not granting permission android.permission.BATTERY_STATS to package com.taobao.taobao (protectionLevel=50 flags=0x183e44)
W/PackageManager( 1658): Unknown permission com.google.android.c2dm.permission.RECEIVE in package com.taobao.taobao
W/PackageManager( 1658): Unknown permission android.permission.WRITE_INTERNAL_STORAGE in package com.taobao.taobao
W/PackageManager( 1658): Not granting permission android.permission.READ_LOGS to package com.taobao.taobao (protectionLevel=50 flags=0x183e44)
W/PackageManager( 1658): Unknown permission android.permission.RECORD_VIDEO in package com.taobao.taobao
W/PackageManager( 1658): Unknown permission com.taobao.permission.USE_CREDENTIALS in package com.taobao.taobao
W/PackageManager( 1658): Unknown permission com.taobao.permission.UPDATE_CREDENTIALS in package com.taobao.taobao
W/PackageManager( 1658): Unknown permission com.samsung.android.authservice.permission.READ_CONTENT_PROVIDER in package com.taobao.taobao
W/PackageManager( 1658): Unknown permission cn.org.ifaa.permission.USE_IFAA_MANAGER in package com.taobao.taobao
W/PackageManager( 1658): Unknown permission android.permission.USE_FINGERPRINT in package com.taobao.taobao
W/PackageManager( 1658): Unknown permission android.permission.MANAGE_FINGERPRINT in package com.taobao.taobao
W/PackageManager( 1658): Not granting permission android.permission.WRITE_MEDIA_STORAGE to package com.taobao.taobao (protectionLevel=18 flags=0x183e44)
W/PackageManager( 1658): Unknown permission com.google.android.gallery3d.permission.GALLERY_PROVIDER in package com.android.bluetooth
W/PackageManager( 1658): Unknown permission android.permission.MMS_SEND_OUTBOX_MSG in package com.android.bluetooth
I/NOX     ( 1774): Starting deamon
E/NetdConnector( 1658): Communications error: java.io.IOException: Connection refused
E/NetdConnector( 1658): Error in NativeDaemonConnector: java.io.IOException: Connection refused
E/NetdConnector( 1658): Communications error: java.io.IOException: Connection refused
E/NetdConnector( 1658): Error in NativeDaemonConnector: java.io.IOException: Connection refused
E/NetdConnector( 1658): Communications error: java.io.IOException: Connection refused
E/NetdConnector( 1658): Error in NativeDaemonConnector: java.io.IOException: Connection refused
I/SystemServer( 1658): Text Service Manager Service
W/TextServicesManagerService( 1658): no available spell checker services found
I/SystemServer( 1658): Network Score Service
I/SystemServer( 1658): NetworkStats Service
I/SystemServer( 1658): NetworkPolicy Service
I/SystemServiceManager( 1658): Starting com.android.server.wifi.p2p.WifiP2pService
I/SystemServiceManager( 1658): Starting com.android.server.wifi.WifiService
I/SystemServiceManager( 1658): Starting com.android.server.wifi.WifiScanningService
I/SystemServiceManager( 1658): Starting com.android.server.wifi.RttService
I/SystemServer( 1658): Connectivity Service
D/ConnectivityService( 1658): ConnectivityService starting up
D/ConnectivityService( 1658): wifiOnly=false
E/ConnectivityService( 1658): Ignoring protectedNetwork 10
E/ConnectivityService( 1658): Ignoring protectedNetwork 11
E/ConnectivityService( 1658): Ignoring protectedNetwork 12
E/ConnectivityService( 1658): Ignoring protectedNetwork 14
E/ConnectivityService( 1658): Ignoring protectedNetwork 15
I/SystemServer( 1658): Network Service Discovery Service
D/NsdService( 1658): Network service discovery enabled true
I/SystemServer( 1658): UpdateLock Service
I/SystemServiceManager( 1658): Starting com.android.server.notification.NotificationManagerService
I/SystemServiceManager( 1658): Starting com.android.server.storage.DeviceStorageMonitorService
I/SystemServer( 1658): Location Manager
I/SystemServer( 1658): Country Detector
I/SystemServer( 1658): Search Service
I/SystemServer( 1658): DropBox Service
I/SystemServer( 1658): Wallpaper Service
I/SystemServer( 1658): Audio Service
I/SystemServiceManager( 1658): Starting com.android.server.DockObserver
W/DockObserver( 1658): This kernel does not have dock station support
I/SystemServer( 1658): Wired Accessory Manager
W/WiredAccessoryManager( 1658): This kernel does not have wired headset support
W/WiredAccessoryManager( 1658): This kernel does not have usb audio support
W/WiredAccessoryManager( 1658): This kernel does not have HDMI audio support
I/SystemServiceManager( 1658): Starting com.android.server.usb.UsbService$Lifecycle
I/SystemServer( 1658): Serial Service
I/SystemServiceManager( 1658): Starting com.android.server.twilight.TwilightService
I/SystemServiceManager( 1658): Starting com.android.server.UiModeManagerService
I/SystemServiceManager( 1658): Starting com.android.server.job.JobSchedulerService
I/SystemServiceManager( 1658): Starting com.android.server.backup.BackupManagerService$Lifecycle
I/SystemServiceManager( 1658): Starting com.android.server.appwidget.AppWidgetService
I/SystemServiceManager( 1658): Starting com.android.server.voiceinteraction.VoiceInteractionManagerService
W/SoundTriggerHelper( 1658): listModules status=0, # of modules=0
I/SystemServer( 1658): DiskStats Service
I/SystemServer( 1658): SamplingProfiler Service
I/SystemServer( 1658): NetworkTimeUpdateService
I/SystemServer( 1658): CommonTimeManagementService
I/SystemServer( 1658): CertBlacklister
I/SystemServiceManager( 1658): Starting com.android.server.dreams.DreamManagerService
I/SystemServer( 1658): Assets Atlas Service
I/SystemServiceManager( 1658): Starting com.android.server.print.PrintManagerService
I/SystemServiceManager( 1658): Starting com.android.server.restrictions.RestrictionsManagerService
I/SystemServiceManager( 1658): Starting com.android.server.media.MediaSessionService
I/SystemServer( 1658): Media Router Service
I/SystemServiceManager( 1658): Starting com.android.server.trust.TrustManagerService
I/SystemServiceManager( 1658): Starting com.android.server.fingerprint.FingerprintService
I/SystemServer( 1658): BackgroundDexOptService
I/SystemServiceManager( 1658): Starting com.android.server.pm.LauncherAppsService
I/SystemServiceManager( 1658): Starting com.android.server.media.projection.MediaProjectionManagerService
I/SystemServiceManager( 1658): Starting com.android.server.MmsServiceBroker
E/LockSettingsStorage( 1658): Cannot read file java.io.FileNotFoundException: /data/system/password.key: open failed: ENOENT (No such file or directory)
E/LockSettingsStorage( 1658): Cannot read file java.io.FileNotFoundException: /data/system/gesture.key: open failed: ENOENT (No such file or directory)
I/SystemServiceManager( 1658): Starting phase 480
I/SystemServiceManager( 1658): Starting phase 500
I/WifiService( 1658): WifiService starting up with Wi-Fi enabled
D/WifiService( 1658): setWifiEnabled: true pid=1658, uid=1000
E/WifiService( 1658): Invoking mWifiStateMachine.setWifiEnabled
D/WifiService( 1658): New client listening to asynchronous messages
D/WifiScanningService( 1658): New client, channel: null messenger: null
I/ActivityManager( 1658): Config changes=200 {1.0 ?mcc?mnc zh_CN ?layoutDir ?swdp ?wdp ?hdp ?density ?lsize ?long ?orien ?touch ?keyb/?/? ?nav/? s.2}
V/BackupManagerService( 1658): No ancestral data
D/BackupManagerService( 1658): Now staging backup of com.android.browser
D/BackupManagerService( 1658): Now staging backup of android
D/BackupManagerService( 1658): Now staging backup of com.android.providers.settings
D/BackupManagerService( 1658): Now staging backup of com.android.sharedstoragebackup
D/BackupManagerService( 1658): Now staging backup of com.android.providers.userdictionary
V/BackupManagerService( 1658): Starting with transport android/com.android.internal.backup.LocalTransport
V/BackupManagerService( 1658): Found transports: 1
I/BackupManagerService( 1658): Binding to transport host ComponentInfo{android/com.android.internal.backup.LocalTransportService}
I/BackupManagerService( 1658): Found stale backup journal, scheduling
I/UsageStatsService( 1658): User[0] Rollover scheduled @ 2019-04-26 08:00:00(1556236800000)
I/AppOps  ( 1658): Pruning old package root/0: new uid=-1
I/ActivityManager( 1658): System now ready
I/DisplayManagerService( 1658): Display device changed: DisplayDeviceInfo{"内置屏幕": uniqueId="local:0", 1920 x 1080, 60.000004 fps, supportedRefreshRates [60.000004], density 320, 72.0 x 72.0 dpi, appVsyncOff 0, presDeadline 17666666, touch INTERNAL, rotation 0, type BUILT_IN, state ON, FLAG_DEFAULT_DISPLAY, FLAG_ROTATES_WITH_CONTENT, FLAG_SECURE, FLAG_SUPPORTS_PROTECTED_BUFFERS}
I/SystemServer( 1658): Making services ready
I/SystemServiceManager( 1658): Starting phase 550
I/SystemServer( 1658): WebViewFactory preparation
I/ActivityManager( 1658): Start proc 1823:WebViewLoader-x86/1037 [android.webkit.WebViewFactory$RelroFileCreator] for 
I/ActivityManager( 1658): Start proc 1838:com.android.systemui/u0a10 for service com.android.systemui/.SystemUIService
D/NetworkManagementService( 1658): not enabling bandwidth control
W/MountService( 1658): Duplicate state transition (mounted -> mounted) for /storage/emulated/0
W/NetworkStats( 1658): bandwidth controls disabled, unable to track stats
W/NetworkPolicy( 1658): bandwidth controls disabled, unable to enforce policy
V/FingerprintService( 1658): startListening(android.service.fingerprint.IFingerprintServiceReceiver$Stub$Proxy@1c2b7718)
I/SystemServiceManager( 1658): Starting phase 600
I/BackupManagerService( 1658): Backup enabled => false
I/BackupManagerService( 1658): Opting out of backup
E/InputMethodManagerService( 1658): Ignoring setImeWindowStatus due to an invalid token. uid:1000 token:null
I/ActivityManager( 1658): Start proc 1878:com.android.inputservice/1000 for service com.android.inputservice/.InputService
V/InputMethodManagerService( 1658): Adding window token: android.os.Binder@3ebb18a8
W/LocationManagerService( 1658): no network location provider found
E/LocationManagerService( 1658): no geocoder provider found
E/LocationManagerService( 1658): FLP HAL not supported
E/LocationManagerService( 1658): Unable to bind FLP Geofence proxy.
E/LocationManagerService( 1658): Hardware Activity-Recognition not supported.
I/MmsServiceBroker( 1658): Delay connecting to MmsService until an API is called
W/VoiceInteractionManagerService( 1658): no available voice interaction services found for user 0
W/VoiceInteractionManagerService( 1658): no available voice recognition services found for user 0
I/ActivityManager( 1658): Start proc 1991:com.android.phone/1001 for added application com.android.phone
I/ActivityManager( 1658): START u0 {act=android.intent.action.MAIN cat=[android.intent.category.HOME] flg=0x10000000 cmp=com.vphone.launcher/.Launcher} from uid 0 on display 0
V/WindowManager( 1658): addAppToken: AppWindowToken{1a7baa7b token=Token{1a3d20a ActivityRecord{1922b275 u0 com.vphone.launcher/.Launcher t1}}} to stack=0 task=1 at 0
I/ActivityManager( 1658): Start proc 2018:com.vphone.launcher/1000 for activity com.vphone.launcher/.Launcher
V/ActivityManager( 1658): Display changed displayId=0
V/ActivityManager( 1658): Display changed displayId=0
W/ContextImpl( 1658): Calling a method in the system process without a qualified user: android.app.ContextImpl.sendBroadcast:1327 com.android.server.InputMethodManagerService.hideCurrentInputLocked:1992 com.android.server.InputMethodManagerService.windowGainedFocus:2082 android.view.inputmethod.InputMethodManager.startInputInner:1230 android.view.inputmethod.InputMethodManager.onWindowFocus:1433 
V/ActivityManager( 1658): Display changed displayId=0
I/Telecom ( 1658): TelecomGlobals: TelecomGlobals initializing
I/ActivityManager( 1658): Config changes=1dfb {1.0 460mcc7mnc zh_CN ?layoutDir sw540dp w960dp h515dp 320dpi lrg long land finger qwerty/v/v dpad/v s.3}
I/ActivityManager( 1658): Start proc 2057:android.process.acore/u0a2 for content provider com.android.providers.contacts/.CallLogProvider
W/ActivityManager( 1658): Unable to start service Intent { cmp=com.android.printspooler/.model.PrintSpoolerService } U=0: not found
I/Telecom ( 1658): TelecomGlobals: CallsManager initialized
W/ContextImpl( 1658): Calling a method in the system process without a qualified user: android.app.ContextImpl.startService:1706 android.content.ContextWrapper.startService:516 com.android.server.telecom.BluetoothPhoneService.start:440 com.android.server.telecom.TelecomGlobals.initialize:93 com.android.server.telecom.TelecomService.onCreate:164 
W/ResourcesManager( 1658): Asset path '/system/framework/com.android.location.provider.jar' does not exist or contains no resources.
V/WiredAccessoryManager( 1658): init()
V/BackupManagerService( 1658): Connected to transport ComponentInfo{android/com.android.internal.backup.LocalTransportService}
V/BackupManagerService( 1658): Registering transport android/com.android.internal.backup.LocalTransportService::android/com.android.internal.backup.LocalTransport = android.app.backup.BackupTransport$TransportImpl@3d8c8a0f
D/WifiService( 1658): New client listening to asynchronous messages
I/StatusBarManagerService( 1658): registerStatusBar bar=com.android.internal.statusbar.IStatusBar$Stub$Proxy@3871ac07
V/ActivityManager( 1658): Display changed displayId=0
W/ContextImpl( 2018): Calling a method in the system process without a qualified user: android.app.ContextImpl.startService:1706 android.content.ContextWrapper.startService:516 com.vphone.launcher.LauncherApplication.onCreate:114 android.app.Instrumentation.callApplicationOnCreate:1012 android.app.ActivityThread.handleBindApplication:4592 
D/WifiService( 1658): New client listening to asynchronous messages
D/ConnectivityService( 1658): listenForNetwork for NetworkRequest [ id=2, legacyType=-1, [] ]
D/ConnectivityService( 1658): handleRegisterNetworkRequest checking NetworkAgentInfo [WIFI () - 100]
W/ContextImpl( 2018): Calling a method in the system process without a qualified user: android.app.ContextImpl.startService:1706 android.content.ContextWrapper.startService:516 com.vphone.launcher.Launcher.a:31679 com.vphone.launcher.Launcher$11.run:635 com.vphone.launcher.utils.ThreadUtil$a$1.run:68 
E/ConnectivityService( 1658): Failed to find Messenger in unregisterNetworkFactory
D/ConnectivityService( 1658): Got NetworkFactory Messenger for Telephony
W/ActivityThread( 2018): ClassLoader.loadClass: The class loader returned by Thread.getContextClassLoader() may fail for processes that host multiple applications. You should explicitly specify a context class loader. For example: Thread.setContextClassLoader(getClass().getClassLoader());
D/WifiService( 1658): New client listening to asynchronous messages
D/WifiService( 1658): setWifiEnabled: true pid=2018, uid=1000
E/WifiService( 1658): Invoking mWifiStateMachine.setWifiEnabled
V/WindowManager( 1658): Based on layer: Adding window Window{21c7636f u0 com.vphone.launcher/com.vphone.launcher.Launcher} at 0 of 1
D/ConnectivityService( 1658): registerNetworkAgent NetworkAgentInfo{ ni{[type: WIFI[], state: CONNECTING/CONNECTING, reason: (unspecified), extra: 0x, roaming: false, failover: false, isAvailable: true, isConnectedToProvisioningNetwork: false]}  network{null}  lp{{LinkAddresses: []  Routes: [] DnsAddresses: [] Domains: null MTU: 0 TcpBufferSizes: 524288,1048576,2097152,262144,524288,1048576}}  nc{[ Transports: WIFI Capabilities: INTERNET&NOT_RESTRICTED&TRUSTED&NOT_VPN LinkUpBandwidth>=1048576Kbps LinkDnBandwidth>=1048576Kbps]}  Score{20}  everValidated{false}  lastValidated{false}  created{false}  explicitlySelected{false} }
D/ConnectivityService( 1658): NetworkAgentInfo [WIFI () - 100] EVENT_NETWORK_INFO_CHANGED, going from null to CONNECTING
D/ConnectivityService( 1658): updateNetworkScore for NetworkAgentInfo [WIFI () - 100] to 56
I/ActivityManager( 1658): Start proc 2206:com.android.settings/1000 for broadcast com.android.settings/.cyanogenmod.superuser.SuReceiver
D/ConnectivityService( 1658): NetworkAgentInfo [WIFI () - 100] EVENT_NETWORK_INFO_CHANGED, going from CONNECTING to CONNECTED
D/ConnectivityService( 1658): Adding iface eth1 to network 100
E/ConnectivityService( 1658): Unexpected mtu value: 0, eth1
D/ConnectivityService( 1658): Adding Route [fe80::/64 -> :: eth1] to network 100
D/ConnectivityService( 1658): Adding Route [172.17.100.0/24 -> 0.0.0.0 eth1] to network 100
D/ConnectivityService( 1658): Adding Route [0.0.0.0/0 -> 172.17.100.2 eth1] to network 100
D/ConnectivityService( 1658): Setting Dns servers for network 100 to [/192.168.1.249, /192.168.1.1]
D/ConnectivityService( 1658): notifyType IP_CHANGED for NetworkAgentInfo [WIFI () - 100]
D/ConnectivityService( 1658): notifyType PRECHECK for NetworkAgentInfo [WIFI () - 100]
D/ConnectivityService( 1658): rematching NetworkAgentInfo [WIFI () - 100]
D/ConnectivityService( 1658):    accepting network in place of null
D/ConnectivityService( 1658): Switching to new default network: NetworkAgentInfo{ ni{[type: WIFI[], state: CONNECTED/CONNECTED, reason: (unspecified), extra: "WiredSSID", roaming: false, failover: false, isAvailable: true, isConnectedToProvisioningNetwork: false]}  network{100}  lp{{InterfaceName: eth1 LinkAddresses: [fe80::a00:27ff:fe78:e1fb/64,172.17.100.15/24,]  Routes: [fe80::/64 -> :: eth1,172.17.100.0/24 -> 0.0.0.0 eth1,0.0.0.0/0 -> 172.17.100.2 eth1,] DnsAddresses: [192.168.1.249,192.168.1.1,] Domains:  MTU: 0 TcpBufferSizes: 524288,1048576,2097152,262144,524288,1048576}}  nc{[ Transports: WIFI Capabilities: INTERNET&NOT_RESTRICTED&TRUSTED&NOT_VPN LinkUpBandwidth>=1048576Kbps LinkDnBandwidth>=1048576Kbps]}  Score{16}  everValidated{false}  lastValidated{false}  created{true}  explicitlySelected{false} }
D/ConnectivityService( 1658): Setting tx/rx TCP buffers to 524288,1048576,2097152,262144,524288,1048576
D/ConnectivityService( 1658): notifyType AVAILABLE for NetworkAgentInfo [WIFI () - 100]
D/CSLegacyTypeTracker( 1658): Sending connected broadcast for type 1 NetworkAgentInfo [WIFI () - 100] isDefaultNetwork=true
D/ConnectivityService( 1658): sendStickyBroadcast: action=android.net.conn.CONNECTIVITY_CHANGE_IMMEDIATE
D/ConnectivityService( 1658): sendStickyBroadcast: action=android.net.conn.CONNECTIVITY_CHANGE
D/ConnectivityService( 1658): setProvNotificationVisibleIntent: E visible=false networkType=0 extraInfo=null
D/ConnectivityService( 1658): Validated NetworkAgentInfo [WIFI () - 100]
D/ConnectivityService( 1658): rematching NetworkAgentInfo [WIFI () - 100]
D/ConnectivityService( 1658): Network NetworkAgentInfo [WIFI () - 100] was already satisfying request 1. No change.
D/ConnectivityService( 1658): notifyType AVAILABLE for NetworkAgentInfo [WIFI () - 100]
D/ConnectivityService( 1658): sendStickyBroadcast: action=android.net.conn.INET_CONDITION_ACTION
I/ActivityManager( 1658): Start proc 2253:android.process.media/u0a4 for broadcast com.android.providers.downloads/.DownloadReceiver
W/KeyguardServiceDelegate( 1658): onScreenTurnedOn(): no keyguard service!
I/ActivityManager( 1658): Start proc 2275:com.bignox.app.store.hd/1000 for broadcast com.bignox.app.store.hd/.providers.downloads.DownloadReceiver
D/WifiService( 1658): New client listening to asynchronous messages
W/ActivityThread( 2275): ClassLoader.loadClass: The class loader returned by Thread.getContextClassLoader() may fail for processes that host multiple applications. You should explicitly specify a context class loader. For example: Thread.setContextClassLoader(getClass().getClassLoader());
D/WifiService( 1658): New client listening to asynchronous messages
W/ContextImpl( 2275): Calling a method in the system process without a qualified user: android.app.ContextImpl.startService:1706 android.content.ContextWrapper.startService:516 com.bignox.app.store.hd.StoreApplication.onCreate:97 android.app.Instrumentation.callApplicationOnCreate:1012 android.app.ActivityThread.handleBindApplication:4592 
W/ContextImpl( 2275): Calling a method in the system process without a qualified user: android.app.ContextImpl.startService:1706 android.content.ContextWrapper.startService:516 android.content.ContextWrapper.startService:516 com.bignox.app.store.hd.providers.downloads.DownloadReceiver.startService:188 com.bignox.app.store.hd.providers.downloads.DownloadReceiver.onReceive:53 
W/ContextImpl( 2018): Calling a method in the system process without a qualified user: android.app.ContextImpl.startService:1706 android.content.ContextWrapper.startService:516 android.content.ContextWrapper.startService:516 com.vphone.launcher.providers.downloads.DownloadReceiver.a:188 com.vphone.launcher.providers.downloads.DownloadReceiver.onReceive:53 
W/ContextImpl( 1658): Calling a method in the system process without a qualified user: android.app.ContextImpl.sendBroadcast:1327 com.android.server.InputMethodManagerService.hideCurrentInputLocked:1992 com.android.server.InputMethodManagerService.windowGainedFocus:2082 com.android.internal.view.IInputMethodManager$Stub.onTransact:221 com.android.server.InputMethodManagerService.onTransact:873 
W/ContextImpl( 2275): Calling a method in the system process without a qualified user: android.app.ContextImpl.sendBroadcast:1327 android.content.ContextWrapper.sendBroadcast:377 com.bignox.app.store.hd.asynctask.InitPackageMapTask.onPostExecute:284 com.bignox.app.store.hd.asynctask.InitPackageMapTask.onPostExecute:32 android.os.AsyncTask.finish:636 
E/ActivityManager( 1658): Unable to mark boot complete for abi: armeabi-v7a
I/SystemServiceManager( 1658): Starting phase 1000
I/BootReceiver( 1658): Copying audit failures to DropBox
I/BootReceiver( 1658): Checking for fsck errors
I/ActivityManager( 1658): Start proc 2336:com.android.keychain/1000 for service com.android.keychain/.KeyChainService
I/ActivityManager( 1658): Start proc 2351:com.android.providers.calendar/u0a1 for broadcast com.android.providers.calendar/.CalendarReceiver
W/ResourcesManager( 2351): Asset path '/system/framework/android.test.runner.jar' does not exist or contains no resources.
W/ContextImpl( 1658): Calling a method in the system process without a qualified user: android.app.ContextImpl.sendBroadcast:1327 com.android.server.notification.NotificationManagerService$8.run:1945 android.os.Handler.handleCallback:739 android.os.Handler.dispatchMessage:95 android.os.Looper.loop:135 
V/NotificationService( 1658): pkg=com.bignox.app.store.hd canInterrupt=false intercept=true
I/ActivityManager( 1658): Start proc 2371:com.android.managedprovisioning/u0a6 for broadcast com.android.managedprovisioning/.BootReminder
D/ConnectivityService( 1658): Got NetworkFactory Messenger for WIFI
D/ConnectivityService( 1658): Got NetworkFactory Messenger for WIFI_UT
I/ActivityManager( 1658): Start proc 2390:com.android.onetimeinitializer/u0a7 for broadcast com.android.onetimeinitializer/.OneTimeInitializerReceiver
W/ContextImpl( 2275): Calling a method in the system process without a qualified user: android.app.ContextImpl.startService:1706 android.content.ContextWrapper.startService:516 android.content.ContextWrapper.startService:516 com.bignox.app.store.hd.providers.downloads.DownloadReceiver.startService:188 com.bignox.app.store.hd.providers.downloads.DownloadReceiver.onReceive:48 
