I/Corona  ( 3536): =============================================
I/System.out( 3536): eventId: event_25
I/System.out( 3536): custom url: https://hwsj-eu-test.clktec.com:20888/frontend/distribute/v1/custom_event
I/System.out( 3536): eventId: event_25
I/System.out( 3536): custom url: https://hwsj-eu-test.clktec.com:20888/frontend/distribute/v1/custom_event
I/TAG     ( 3536): onLoadSuccessed
W/DebugConnManager( 3536): getNetworkInfo() on networkType 1
W/ActivityManager( 1658): Unable to start service Intent { act=com.google.android.gms.ads.identifier.service.START pkg=com.google.android.gms } U=0: not found
W/ActivityManager( 1658): Unbind failed: could not find connection for android.os.BinderProxy@2eb7374a
W/GooglePlayServicesUtil( 3536): Google Play Store is missing.
I/Ads     ( 3536): Starting ad request.
I/Ads     ( 3536): Use AdRequest.Builder.addTestDevice("656814C8F3FC720FFAFA162A80042A9F") to get test ads on this device.
W/DebugConnManager( 3536): getNetworkInfo() on networkType 1
I/System.out( 3536): admonitor data: {"version":"1.8","app_id":"1021","act_id":"ad_trace_new","data":"{\"cp_app_id\":1021,\"ad_app_key\":\"3199536a745011e8a870025a896bb440\",\"retail_id\":2,\"event_id\":\"event_25\",\"event_name\":\"UP聚合广告\",\"mac\":\"ec78820e7742d50eab705adb86171e05\",\"user_agent\":\"Dalvik\\\/2.1.0 (Linux; U; Android 5.1.1; OPPO R11 Build\\\/NMF26X)\",\"ex_user_agent\":\"Mozilla\\\/5.0 (Linux; Android 5.1.1; OPPO R11 Build\\\/NMF26X) AppleWebKit\\\/537.36 (KHTML, like Gecko) Version\\\/4.0 Chrome\\\/39.0.0.0 Mobile Safari\\\/537.36\",\"device_id\":\"866174010121578\",\"os\":\"0\",\"timestamp\":\"1556186012\",\"reserve1\":\"加载成功\",\"reserve2\":\"{\\\"version\\\":\\\"1.0\\\",\\\"deviceType\\\":\\\"imei\\\"}\"}"}
W/ActivityManager( 1658): Unable to start service Intent { act=com.google.android.gms.ads.identifier.service.START pkg=com.google.android.gms } U=0: not found
W/ActivityManager( 1658): Unbind failed: could not find connection for android.os.BinderProxy@41746bb
I/System.out( 3536): admonitor data: {"version":"1.8","app_id":"1021","act_id":"ad_trace_new","data":"{\"cp_app_id\":1021,\"ad_app_key\":\"3199536a745011e8a870025a896bb440\",\"retail_id\":2,\"event_id\":\"event_25\",\"event_name\":\"UP聚合广告\",\"mac\":\"ec78820e7742d50eab705adb86171e05\",\"user_agent\":\"Dalvik\\\/2.1.0 (Linux; U; Android 5.1.1; OPPO R11 Build\\\/NMF26X)\",\"ex_user_agent\":\"Mozilla\\\/5.0 (Linux; Android 5.1.1; OPPO R11 Build\\\/NMF26X) AppleWebKit\\\/537.36 (KHTML, like Gecko) Version\\\/4.0 Chrome\\\/39.0.0.0 Mobile Safari\\\/537.36\",\"device_id\":\"866174010121578\",\"os\":\"0\",\"timestamp\":\"1556186012\",\"reserve1\":\"加载开始\",\"reserve2\":\"{\\\"version\\\":\\\"1.0\\\",\\\"deviceType\\\":\\\"imei\\\"}\"}"}
D/IS_UNITY( 3536): false
W/GooglePlayServicesUtil( 3536): Google Play Store is missing.
W/GooglePlayServicesUtil( 3536): Google Play Store is missing.
E/ActivityThread( 3536): Failed to find provider info for com.facebook.katana.provider.AttributionIdProvider
W/GooglePlayServicesUtil( 3536): Google Play Store is missing.
W/ActivityManager( 1658): Unable to start service Intent { act=com.google.android.gms.ads.identifier.service.START pkg=com.google.android.gms } U=0: not found
D/IS_UNITY( 3536): false
E/ActivityThread( 3536): Failed to find provider info for com.facebook.katana.provider.AttributionIdProvider
W/GooglePlayServicesUtil( 3536): Google Play Store is missing.
W/ActivityManager( 1658): Unable to start service Intent { act=com.google.android.gms.ads.identifier.service.START pkg=com.google.android.gms } U=0: not found
I/Corona  ( 3536): =============================================
I/Corona  ( 3536): send data：	   cmd : 	12701
I/Corona  ( 3536): {"isSend":true,"callBackFunc":"<type 'function' is not supported by JSON.>","url":"https://hwsj-eu-test.clktec.com:20888/frontend/forward","data":{"Sess":"5Nv70Z3goLKTfEesgvekXOxYzams","HotVersion":1555924261,"appId":1021,"ActId":12701,"Ver":"1.803","serverId":9000,"Token":"eyJhbGciOiJIUzI1NiIsInR5cCI6IkpXVCJ9.eyJleHAiOjE1NTYxODYzNTcsImlhdCI6MTU1NjE4NTk5NywianRpIjoidnlhZzFmMXZzMnJsIn0.XlKBZqFM2J1VbBx_MJn6vLQHewhwicq1viiGJvyb82w","RetailId":2,"T":1556186000,"Lang":"zh-cn","actionid":12701},"loginCount":1}
I/Corona  ( 3536): extra info：	https://hwsj-eu-test.clktec.com:20888/frontend/forward
I/Corona  ( 3536): =============================================
W/DebugConnManager( 3536): getNetworkInfo() on networkType 1
I/SoundDecoder( 3536): MPG123: Accepting data stream.
I/Corona  ( 3536): =============================================
I/Corona  ( 3536): response data：	cmd : 	15000
I/Corona  ( 3536): {"stat":1,"info":"请求成功","data":"{"Data":{"Dinner":false,"SeaKingItemAward":false,"AllianceAgreeApply":false,"CrossCompetitionRank":false,"SeaKingFood":false,"RedPoint":{"vip":1,"visit":1,"boss":1,"achievement":1,"order":1},"NewMailNum":0,"InfiniteBattleSpoils":false,"BarbarianKingVitalityFull":false,"AllianceWar":false,"SysTime":1556186001,"Cost":30,"AllianceApply":false,"TimeLimit":false,"TeamInvite":{},"SeaKingInvite":false,"AllianceTrade":false,"CityAward":false,"FbInvitation":false,"CompetitionRank":false,"AllianceDailyTask":false},"Info":"","Code":0,"Sess":"5Nv70Z3goLKTfEesgvekXOxYzams"}"}
I/Corona  ( 3536): extra info：	访问时间(ms) ： 691.05076789856
I/Corona  ( 3536): =============================================
I/Corona  ( 3536): =============================================
I/Corona  ( 3536): response data：	cmd : 	12311
I/Corona  ( 3536): {"stat":1,"info":"请求成功","data":"{"Data":{"NewestMsg":{"MsgData":{"Lv":4,"Nickname":"yaofeng2","DressList":[],"Figure":0,"ServerId":9000,"Time":"2019-04-22 06:49:02.000","ext":{"pre_text":"1","Type":1,"Figure":0},"ServerName":"9000","Rid":"w1mxtwbyd05d","AvatarList":{},"Manifesto":"","ChatAvatar":"4","Avatar":4,"Text":"1","VipLv":0,"ShowId":9000000007,"Id":"5cbd39ae1344b60001cb40b8"},"Channel":"c"},"ShareRemainSeconds":0,"RedPoint":{"vip":1,"visit":1,"boss":1,"achievement":1,"order":1},"SysTime":1556186001,"Cost":77},"Info":"","Code":0,"Sess":"5Nv70Z3goLKTfEesgvekXOxYzams"}"}
I/Corona  ( 3536): extra info：	访问时间(ms) ： 690.39797782898
I/Corona  ( 3536): =============================================
I/Corona  ( 3536): =============================================
I/Corona  ( 3536): response data：	   cmd : 	12701
I/Corona  ( 3536): {"stat":1,"info":"请求成功","data":"{"Code":0,"Sess":"5Nv70Z3goLKTfEesgvekXOxYzams","Data":{"RedPoint":{"boss":1,"achievement":1,"order":1,"vip":1,"visit":1},"SysTime":1556186001,"Cost":8},"Info":""}"}
I/Corona  ( 3536): extra info：	访问时间(ms) ： 295.67098617554
I/Corona  ( 3536): =============================================
I/Ads     ( 3536): No fill from ad server.
W/Ads     ( 3536): Failed to load ad: 3
I/Corona  ( 3536): =============================================
I/Corona  ( 3536): response data：	   cmd : 	18129
I/Corona  ( 3536): {"stat":1,"info":"请求成功","data":"{"Data":{"Cost":4,"Unread":0,"Status":1,"RedPoint":{"boss":1,"achievement":1,"order":1,"vip":1,"visit":1},"SysTime":1556186002},"Info":"","Code":0,"Sess":"5Nv70Z3goLKTfEesgvekXOxYzams"}"}
I/Corona  ( 3536): extra info：	访问时间(ms) ： 1039.0901565552
I/Corona  ( 3536): =============================================
I/System.out( 3536): dopost resutl: {"data":"{\"info\":\"ok\",\"status\":1}","info":"请求成功","stat":1}
I/System.out( 3536): eventId: event_25  custom status: 1  info: ok
I/System.out( 3536): dopost resutl: {"data":"{\"info\":\"ok\",\"status\":1}","info":"请求成功","stat":1}
I/System.out( 3536): eventId: event_25  custom status: 1  info: ok
I/Corona  ( 3536): socket vertify success
I/Corona  ( 3536): socket begin heartBeat
I/Corona  ( 3536): socket receive data error : 	closed
W/System.err( 3536): java.net.ConnectException: failed to connect to graph.facebook.com/69.63.176.15 (port 443): connect failed: ETIMEDOUT (Connection timed out)
W/System.err( 3536): 	at libcore.io.IoBridge.connect(IoBridge.java:124)
W/System.err( 3536): 	at java.net.PlainSocketImpl.connect(PlainSocketImpl.java:183)
W/System.err( 3536): 	at java.net.PlainSocketImpl.connect(PlainSocketImpl.java:456)
W/System.err( 3536): 	at java.net.Socket.connect(Socket.java:882)
W/System.err( 3536): 	at com.android.okhttp.internal.Platform.connectSocket(Platform.java:174)
W/System.err( 3536): 	at com.android.okhttp.Connection.connect(Connection.java:152)
W/System.err( 3536): 	at com.android.okhttp.internal.http.HttpEngine.connect(HttpEngine.java:276)
W/System.err( 3536): 	at com.android.okhttp.internal.http.HttpEngine.sendRequest(HttpEngine.java:211)
W/System.err( 3536): 	at com.android.okhttp.internal.http.HttpURLConnectionImpl.execute(HttpURLConnectionImpl.java:382)
W/System.err( 3536): 	at com.android.okhttp.internal.http.HttpURLConnectionImpl.connect(HttpURLConnectionImpl.java:106)
W/System.err( 3536): 	at com.android.okhttp.internal.http.DelegatingHttpsURLConnection.connect(DelegatingHttpsURLConnection.java:89)
W/System.err( 3536): 	at com.android.okhttp.internal.http.HttpsURLConnectionImpl.connect(HttpsURLConnectionImpl.java:25)
W/System.err( 3536): 	at com.facebook.ads.internal.p.a.a.a(Unknown Source)
W/System.err( 3536): 	at com.facebook.ads.internal.p.a.a.a(Unknown Source)
W/System.err( 3536): 	at com.facebook.ads.internal.p.a.h.a(Unknown Source)
W/System.err( 3536): 	at com.facebook.ads.internal.p.a.h.doInBackground(Unknown Source)
W/System.err( 3536): 	at android.os.AsyncTask$2.call(AsyncTask.java:292)
W/System.err( 3536): 	at java.util.concurrent.FutureTask.run(FutureTask.java:237)
W/System.err( 3536): 	at java.util.concurrent.ThreadPoolExecutor.runWorker(ThreadPoolExecutor.java:1112)
W/System.err( 3536): 	at java.util.concurrent.ThreadPoolExecutor$Worker.run(ThreadPoolExecutor.java:587)
W/System.err( 3536): 	at java.lang.Thread.run(Thread.java:818)
W/System.err( 3536): Caused by: android.system.ErrnoException: connect failed: ETIMEDOUT (Connection timed out)
W/System.err( 3536): 	at libcore.io.Posix.connect(Native Method)
W/System.err( 3536): 	at libcore.io.BlockGuardOs.connect(BlockGuardOs.java:111)
W/System.err( 3536): 	at libcore.io.IoBridge.connectErrno(IoBridge.java:137)
W/System.err( 3536): 	at libcore.io.IoBridge.connect(IoBridge.java:122)
W/System.err( 3536): 	... 20 more
I/Corona  ( 3536): socket reconnect
I/Corona  ( 3536): socket vertify success
I/Corona  ( 3536): socket begin heartBeat
I/Corona  ( 3536): socket receive data error : 	closed
I/Corona  ( 3536): socket reconnect
I/Corona  ( 3536): socket vertify success
I/Corona  ( 3536): socket begin heartBeat
I/Corona  ( 3536): socket receive data error : 	closed
I/Corona  ( 3536): socket reconnect
I/SoundDecoder_SetError( 3536): Cannot operate on sample because already at EOF
I/Corona  ( 3536): socket vertify success
I/Corona  ( 3536): socket begin heartBeat
I/Corona  ( 3536): socket receive data error : 	closed
I/Corona  ( 3536): socket reconnect
I/Corona  ( 3536): socket vertify success
I/Corona  ( 3536): socket begin heartBeat
I/Corona  ( 3536): socket receive data error : 	closed
I/Corona  ( 3536): socket reconnect
I/Corona  ( 3536): socket vertify success
I/Corona  ( 3536): socket begin heartBeat
I/Corona  ( 3536): socket receive data error : 	closed
I/Corona  ( 3536): socket reconnect
I/SoundDecoder_SetError( 3536): Cannot operate on sample because already at EOF
I/Corona  ( 3536): =============================================
I/Corona  ( 3536): send data：	cmd : 	15000
I/Corona  ( 3536): {"isSend":true,"callBackFunc":"<type 'function' is not supported by JSON.>","url":"https://hwsj-eu-test.clktec.com:20888/frontend/forward","data":{"RetailId":2,"HotVersion":1555924261,"appId":1021,"ActId":15000,"Ver":"1.803","serverId":9000,"Token":"eyJhbGciOiJIUzI1NiIsInR5cCI6IkpXVCJ9.eyJleHAiOjE1NTYxODYzNTcsImlhdCI6MTU1NjE4NTk5NywianRpIjoidnlhZzFmMXZzMnJsIn0.XlKBZqFM2J1VbBx_MJn6vLQHewhwicq1viiGJvyb82w","T":1556186060,"actionid":15000,"Lang":"zh-cn","Sess":"5Nv70Z3goLKTfEesgvekXOxYzams"},"loginCount":1}
I/Corona  ( 3536): extra info：	https://hwsj-eu-test.clktec.com:20888/frontend/forward
I/Corona  ( 3536): =============================================
I/Corona  ( 3536): socket vertify success
I/Corona  ( 3536): socket begin heartBeat
I/Corona  ( 3536): =============================================
I/Corona  ( 3536): response data：	cmd : 	15000
I/Corona  ( 3536): {"stat":1,"info":"请求成功","data":"{"Code":0,"Sess":"YFv70Z3goLKTfEesgvekXq9DkmSm","Data":{"CrossCompetitionRank":false,"TeamInvite":{},"AllianceApply":false,"AllianceAgreeApply":false,"Cost":33,"Dinner":false,"AllianceWar":false,"TimeLimit":false,"AllianceTrade":false,"FbInvitation":false,"InfiniteBattleSpoils":false,"CompetitionRank":false,"SeaKingItemAward":false,"AllianceDailyTask":false,"CityAward":false,"SeaKingInvite":false,"SeaKingFood":false,"BarbarianKingVitalityFull":false,"NewMailNum":0,"RedPoint":{"achievement":1,"order":1,"vip":1,"visit":1,"boss":1},"SysTime":1556186062},"Info":""}"}
I/Corona  ( 3536): extra info：	访问时间(ms) ： 1133.1729888916
I/Corona  ( 3536): =============================================
I/Corona  ( 3536): socket receive data error : 	closed
I/SoundDecoder_SetError( 3536): Cannot operate on sample because already at EOF
I/Corona  ( 3536): socket reconnect
I/Corona  ( 3536): socket vertify success
I/Corona  ( 3536): socket begin heartBeat
I/Corona  ( 3536): socket receive data error : 	closed
I/Corona  ( 3536): socket reconnect
I/Corona  ( 3536): socket vertify success
I/Corona  ( 3536): socket begin heartBeat
I/Corona  ( 3536): socket receive data error : 	closed
I/Corona  ( 3536): socket reconnect
I/Corona  ( 3536): socket vertify success
I/Corona  ( 3536): socket begin heartBeat
I/Corona  ( 3536): socket receive data error : 	closed
I/Corona  ( 3536): socket reconnect
I/Corona  ( 3536): socket vertify success
I/Corona  ( 3536): socket begin heartBeat
I/Corona  ( 3536): socket receive data error : 	closed
I/SoundDecoder_SetError( 3536): Cannot operate on sample because already at EOF
I/Corona  ( 3536): socket reconnect
I/Corona  ( 3536): socket vertify success
I/Corona  ( 3536): socket begin heartBeat
I/Corona  ( 3536): socket receive data error : 	closed
I/Corona  ( 3536): socket reconnect
I/Corona  ( 3536): socket vertify success
I/Corona  ( 3536): socket begin heartBeat
I/Corona  ( 3536): socket receive data error : 	closed
I/SoundDecoder_SetError( 3536): Cannot operate on sample because already at EOF
I/Corona  ( 3536): =============================================
I/Corona  ( 3536): send data：	cmd : 	15000
I/Corona  ( 3536): {"isSend":true,"callBackFunc":"<type 'function' is not supported by JSON.>","url":"https://hwsj-eu-test.clktec.com:20888/frontend/forward","data":{"RetailId":2,"HotVersion":1555924261,"appId":1021,"ActId":15000,"Ver":"1.803","serverId":9000,"Token":"eyJhbGciOiJIUzI1NiIsInR5cCI6IkpXVCJ9.eyJleHAiOjE1NTYxODYzNTcsImlhdCI6MTU1NjE4NTk5NywianRpIjoidnlhZzFmMXZzMnJsIn0.XlKBZqFM2J1VbBx_MJn6vLQHewhwicq1viiGJvyb82w","T":1556186120,"actionid":15000,"Lang":"zh-cn","Sess":"YFv70Z3goLKTfEesgvekXq9DkmSm"},"loginCount":1}
I/Corona  ( 3536): extra info：	https://hwsj-eu-test.clktec.com:20888/frontend/forward
I/Corona  ( 3536): =============================================
I/Corona  ( 3536): =============================================
I/Corona  ( 3536): response data：	cmd : 	15000
I/Corona  ( 3536): {"stat":1,"info":"请求成功","data":"{"Sess":"YFv70Z3goLKTfEesgvekXq9DkmSm","Data":{"AllianceAgreeApply":false,"SeaKingInvite":false,"AllianceWar":false,"InfiniteBattleSpoils":false,"Cost":32,"SeaKingItemAward":false,"TeamInvite":{},"FbInvitation":false,"CityAward":false,"Dinner":false,"BarbarianKingVitalityFull":false,"CompetitionRank":false,"TimeLimit":false,"AllianceDailyTask":false,"SeaKingFood":false,"CrossCompetitionRank":false,"SysTime":1556186122,"AllianceApply":false,"AllianceTrade":false,"NewMailNum":0,"RedPoint":{"boss":1,"achievement":1,"order":1,"vip":1,"visit":1}},"Info":"","Code":0}"}
I/Corona  ( 3536): extra info：	访问时间(ms) ： 1106.997013092
I/Corona  ( 3536): =============================================
D/AndroidRuntime( 4056): >>>>>> START com.android.internal.os.RuntimeInit uid 0 <<<<<<
D/AndroidRuntime( 4056): CheckJNI is OFF
W/        ( 4056): Failed to bind-mount /system/lib/x86/cpuinfo as /proc/cpuinfo: No such file or directory
E/        ( 4056): Cannot create code cache directory ./code_cache: Read-only file system.
E/memtrack( 4056): Couldn't load memtrack module (No such file or directory)
E/android.os.Debug( 4056): failed to load memtrack module: -2
D/AndroidRuntime( 4056): Calling main entry com.android.commands.wm.Wm
D/AndroidRuntime( 4056): Shutting down VM
I/Corona  ( 3536): socket reconnect
D/AndroidRuntime( 4073): >>>>>> START com.android.internal.os.RuntimeInit uid 0 <<<<<<
D/AndroidRuntime( 4073): CheckJNI is OFF
W/        ( 4073): Failed to bind-mount /system/lib/x86/cpuinfo as /proc/cpuinfo: No such file or directory
E/        ( 4073): Cannot create code cache directory ./code_cache: Read-only file system.
E/memtrack( 4073): Couldn't load memtrack module (No such file or directory)
E/android.os.Debug( 4073): failed to load memtrack module: -2
D/AndroidRuntime( 4073): Calling main entry com.android.commands.monkey.Monkey
W/BroadcastQueue( 1658): Skipping deliver [background] BroadcastRecord{f80756d u-1 android.net.conn.CONNECTIVITY_CHANGE} to ReceiverList{3cc765a2 4073 (unknown name)/0/u-1 remote:2a699397}: process crashing
I/ActivityManager( 1658): START u0 {act=android.intent.action.MAIN cat=[android.intent.category.LAUNCHER] flg=0x10200000 cmp=com.dc.hwsj/.LuaActivity} from uid 0 on display 0
I/ActivityManager( 1658): START u0 {act=android.intent.action.MAIN cat=[android.intent.category.LAUNCHER] flg=0x10200000 cmp=com.dc.hwsj/.LuaActivity} from uid 0 on display 0
I/Corona  ( 3536): socket vertify success
I/Corona  ( 3536): socket begin heartBeat
I/Corona  ( 3536): socket receive data error : 	closed
I/SoundDecoder( 3536): MPG123: Accepting data stream.
I/Corona  ( 3536): WARNING: Failed to find image 'assets/unpack/icon/props/icon/8.png'
I/Corona  ( 3536): WARNING: Failed to find image 'assets/unpack/icon/props/icon/8.png'
I/Corona  ( 3536): WARNING: Failed to find image 'assets/unpack/icon/props/icon/9.png'
I/Corona  ( 3536): WARNING: Failed to find image 'assets/unpack/icon/props/icon/9.png'
I/Corona  ( 3536): WARNING: Failed to find image 'assets/unpack/icon/props/icon/10.png'
I/Corona  ( 3536): WARNING: Failed to find image 'assets/unpack/icon/props/icon/10.png'
I/Corona  ( 3536): WARNING: Failed to find image 'assets/unpack/icon/props/icon/14.png'
I/Corona  ( 3536): WARNING: Failed to find image 'assets/unpack/icon/props/icon/14.png'
I/Corona  ( 3536): WARNING: Failed to find image 'assets/unpack/icon/props/icon/15.png'
I/Corona  ( 3536): WARNING: Failed to find image 'assets/unpack/icon/props/icon/15.png'
I/Corona  ( 3536): WARNING: Failed to find image 'assets/unpack/icon/props/icon/1101.png'
I/Corona  ( 3536): WARNING: Failed to find image 'assets/unpack/icon/props/icon/1101.png'
I/Corona  ( 3536): WARNING: Failed to find image 'assets/unpack/icon/props/icon/10001.png'
I/Corona  ( 3536): WARNING: Failed to find image 'assets/unpack/icon/props/icon/10001.png'
I/Corona  ( 3536): WARNING: Failed to find image 'assets/unpack/icon/props/icon/1103.png'
I/Corona  ( 3536): WARNING: Failed to find image 'assets/unpack/icon/props/icon/1103.png'
I/Corona  ( 3536): WARNING: Failed to find image 'assets/unpack/icon/props/icon/10005.png'
I/Corona  ( 3536): WARNING: Failed to find image 'assets/unpack/icon/props/icon/10005.png'
I/Corona  ( 3536): WARNING: Failed to find image 'assets/unpack/icon/props/icon/10013.png'
I/Corona  ( 3536): WARNING: Failed to find image 'assets/unpack/icon/props/icon/10013.png'
I/Corona  ( 3536): WARNING: Failed to find image 'assets/unpack/icon/props/icon/1001.png'
I/Corona  ( 3536): WARNING: Failed to find image 'assets/unpack/icon/props/icon/1001.png'
I/Corona  ( 3536): WARNING: Failed to find image 'assets/unpack/icon/props/icon/1003.png'
I/Corona  ( 3536): WARNING: Failed to find image 'assets/unpack/icon/props/icon/1003.png'
I/Corona  ( 3536): WARNING: Failed to find image 'assets/unpack/icon/props/icon/10207.png'
I/Corona  ( 3536): WARNING: Failed to find image 'assets/unpack/icon/props/icon/10207.png'
I/Corona  ( 3536): WARNING: Failed to find image 'assets/unpack/icon/props/icon/10203.png'
I/Corona  ( 3536): WARNING: Failed to find image 'assets/unpack/icon/props/icon/10203.png'
I/Corona  ( 3536): WARNING: Failed to find image 'assets/unpack/icon/props/icon/1005.png'
I/Corona  ( 3536): WARNING: Failed to find image 'assets/unpack/icon/props/icon/1005.png'
I/Corona  ( 3536): WARNING: Failed to find image 'assets/unpack/icon/props/icon/10011.png'
I/Corona  ( 3536): WARNING: Failed to find image 'assets/unpack/icon/props/icon/10011.png'
I/Corona  ( 3536): WARNING: Failed to find image 'assets/unpack/icon/props/icon/10009.png'
I/Corona  ( 3536): WARNING: Failed to find image 'assets/unpack/icon/props/icon/10009.png'
I/Corona  ( 3536): WARNING: Failed to find image 'assets/unpack/icon/props/icon/10101.png'
I/Corona  ( 3536): WARNING: Failed to find image 'assets/unpack/icon/props/icon/10101.png'
I/Corona  ( 3536): WARNING: Failed to find image 'assets/unpack/icon/props/icon/10107.png'
I/Corona  ( 3536): WARNING: Failed to find image 'assets/unpack/icon/props/icon/10107.png'
I/Corona  ( 3536): WARNING: Failed to find image 'assets/unpack/icon/props/icon/10109.png'
I/Corona  ( 3536): WARNING: Failed to find image 'assets/unpack/icon/props/icon/10109.png'
I/Corona  ( 3536): WARNING: Failed to find image 'assets/unpack/icon/props/icon/10111.png'
I/Corona  ( 3536): WARNING: Failed to find image 'assets/unpack/icon/props/icon/10111.png'
I/Corona  ( 3536): WARNING: Failed to find image 'assets/unpack/icon/props/icon/10113.png'
I/Corona  ( 3536): WARNING: Failed to find image 'assets/unpack/icon/props/icon/10113.png'
I/Corona  ( 3536): WARNING: Failed to find image 'assets/unpack/icon/props/icon/10106.png'
I/Corona  ( 3536): WARNING: Failed to find image 'assets/unpack/icon/props/icon/10106.png'
I/Corona  ( 3536): WARNING: Failed to find image 'assets/unpack/icon/props/icon/10007.png'
I/Corona  ( 3536): WARNING: Failed to find image 'assets/unpack/icon/props/icon/10007.png'
I/Corona  ( 3536): WARNING: Failed to find image 'assets/unpack/icon/props/icon/10110.png'
I/Corona  ( 3536): WARNING: Failed to find image 'assets/unpack/icon/props/icon/10110.png'
I/art     ( 3536): Explicit concurrent mark sweep GC freed 101442(5MB) AllocSpace objects, 22(364KB) LOS objects, 32% free, 33MB/49MB, paused 261us total 15.574ms
I/art     ( 3536): Explicit concurrent mark sweep GC freed 7079(1814KB) AllocSpace objects, 26(14MB) LOS objects, 40% free, 16MB/27MB, paused 879us total 13.239ms
I/Corona  ( 3536): WARNING: Failed to find image 'assets/unpack/icon/props/icon/10206.png'
I/Corona  ( 3536): WARNING: Failed to find image 'assets/unpack/icon/props/icon/10206.png'
I/Corona  ( 3536): WARNING: Failed to find image 'assets/unpack/icon/props/icon/10204.png'
I/Corona  ( 3536): WARNING: Failed to find image 'assets/unpack/icon/props/icon/10204.png'
I/art     ( 3536): Explicit concurrent mark sweep GC freed 2327(138KB) AllocSpace objects, 0(0B) LOS objects, 39% free, 16MB/27MB, paused 409us total 14.886ms
I/Corona  ( 3536): WARNING: Failed to find image 'assets/unpack/icon/props/icon/10003.png'
I/Corona  ( 3536): WARNING: Failed to find image 'assets/unpack/icon/props/icon/10003.png'
I/art     ( 3536): Explicit concurrent mark sweep GC freed 1149(149KB) AllocSpace objects, 0(0B) LOS objects, 40% free, 16MB/27MB, paused 427us total 14.701ms
I/art     ( 3536): Explicit concurrent mark sweep GC freed 111(30KB) AllocSpace objects, 1(12KB) LOS objects, 39% free, 16MB/27MB, paused 321us total 12.275ms
I/Corona  ( 3536): WARNING: Failed to find image 'assets/unpack/icon/props/icon/10201.png'
I/Corona  ( 3536): WARNING: Failed to find image 'assets/unpack/icon/props/icon/10201.png'
I/Corona  ( 3536): WARNING: Failed to find image 'assets/unpack/icon/props/icon/10010.png'
I/Corona  ( 3536): WARNING: Failed to find image 'assets/unpack/icon/props/icon/10010.png'
I/Corona  ( 3536): WARNING: Failed to find image 'assets/unpack/icon/props/icon/10205.png'
I/Corona  ( 3536): WARNING: Failed to find image 'assets/unpack/icon/props/icon/10205.png'
I/Corona  ( 3536): WARNING: Failed to find image 'assets/unpack/icon/props/icon/10209.png'
I/Corona  ( 3536): WARNING: Failed to find image 'assets/unpack/icon/props/icon/10209.png'
I/Corona  ( 3536): WARNING: Failed to find image 'assets/unpack/icon/props/icon/10211.png'
I/Corona  ( 3536): WARNING: Failed to find image 'assets/unpack/icon/props/icon/10211.png'
I/Corona  ( 3536): WARNING: Failed to find image 'assets/unpack/icon/props/icon/10213.png'
I/Corona  ( 3536): WARNING: Failed to find image 'assets/unpack/icon/props/icon/10213.png'
I/Corona  ( 3536): WARNING: Failed to find image 'assets/unpack/icon/props/icon/10104.png'
I/Corona  ( 3536): WARNING: Failed to find image 'assets/unpack/icon/props/icon/10104.png'
I/Corona  ( 3536): WARNING: Failed to find image 'assets/unpack/icon/props/icon/10105.png'
I/Corona  ( 3536): WARNING: Failed to find image 'assets/unpack/icon/props/icon/10105.png'
I/Corona  ( 3536): WARNING: Failed to find image 'assets/unpack/icon/props/icon/10008.png'
I/Corona  ( 3536): WARNING: Failed to find image 'assets/unpack/icon/props/icon/10008.png'
I/Corona  ( 3536): WARNING: Failed to find image 'assets/unpack/icon/props/icon/10012.png'
I/Corona  ( 3536): WARNING: Failed to find image 'assets/unpack/icon/props/icon/10012.png'
I/Corona  ( 3536): WARNING: Failed to find image 'assets/unpack/icon/props/icon/10103.png'
I/Corona  ( 3536): WARNING: Failed to find image 'assets/unpack/icon/props/icon/10103.png'
I/Corona  ( 3536): WARNING: Failed to find image 'assets/unpack/icon/props/icon/10108.png'
I/Corona  ( 3536): WARNING: Failed to find image 'assets/unpack/icon/props/icon/10108.png'
I/Corona  ( 3536): WARNING: Failed to find image 'assets/unpack/icon/props/icon/10202.png'
I/Corona  ( 3536): WARNING: Failed to find image 'assets/unpack/icon/props/icon/10202.png'
I/Corona  ( 3536): WARNING: Failed to find image 'assets/unpack/icon/props/icon/10002.png'
I/Corona  ( 3536): WARNING: Failed to find image 'assets/unpack/icon/props/icon/10002.png'
I/Corona  ( 3536): WARNING: Failed to find image 'assets/unpack/icon/props/icon/10004.png'
I/Corona  ( 3536): WARNING: Failed to find image 'assets/unpack/icon/props/icon/10004.png'
I/Corona  ( 3536): WARNING: Failed to find image 'assets/unpack/icon/props/icon/10006.png'
I/Corona  ( 3536): WARNING: Failed to find image 'assets/unpack/icon/props/icon/10006.png'
I/Corona  ( 3536): WARNING: Failed to find image 'assets/unpack/icon/props/icon/1104.png'
I/Corona  ( 3536): WARNING: Failed to find image 'assets/unpack/icon/props/icon/1104.png'
I/Corona  ( 3536): WARNING: Failed to find image 'assets/unpack/icon/props/icon/1102.png'
I/Corona  ( 3536): WARNING: Failed to find image 'assets/unpack/icon/props/icon/1102.png'
I/Corona  ( 3536): WARNING: Failed to find image 'assets/unpack/icon/props/icon/1100.png'
I/Corona  ( 3536): WARNING: Failed to find image 'assets/unpack/icon/props/icon/1100.png'
I/Corona  ( 3536): WARNING: Failed to find image 'assets/unpack/icon/props/icon/1004.png'
I/Corona  ( 3536): WARNING: Failed to find image 'assets/unpack/icon/props/icon/1004.png'
I/Corona  ( 3536): WARNING: Failed to find image 'assets/unpack/icon/props/icon/1002.png'
I/Corona  ( 3536): WARNING: Failed to find image 'assets/unpack/icon/props/icon/1002.png'
I/Corona  ( 3536): WARNING: Failed to find image 'assets/unpack/icon/props/icon/1000.png'
I/Corona  ( 3536): WARNING: Failed to find image 'assets/unpack/icon/props/icon/1000.png'
I/Corona  ( 3536): WARNING: Failed to find image 'assets/unpack/icon/props/icon/10102.png'
I/Corona  ( 3536): WARNING: Failed to find image 'assets/unpack/icon/props/icon/10102.png'
I/Corona  ( 3536): WARNING: Failed to find image 'assets/unpack/icon/props/icon/10112.png'
I/Corona  ( 3536): WARNING: Failed to find image 'assets/unpack/icon/props/icon/10112.png'
I/Corona  ( 3536): WARNING: Failed to find image 'assets/unpack/icon/props/icon/604.png'
I/Corona  ( 3536): WARNING: Failed to find image 'assets/unpack/icon/props/icon/604.png'
I/Corona  ( 3536): WARNING: Failed to find image 'assets/unpack/icon/props/icon/603.png'
I/Corona  ( 3536): WARNING: Failed to find image 'assets/unpack/icon/props/icon/603.png'
I/Corona  ( 3536): WARNING: Failed to find image 'assets/unpack/icon/props/icon/602.png'
I/Corona  ( 3536): WARNING: Failed to find image 'assets/unpack/icon/props/icon/602.png'
I/Corona  ( 3536): WARNING: Failed to find image 'assets/unpack/icon/props/icon/10208.png'
I/Corona  ( 3536): WARNING: Failed to find image 'assets/unpack/icon/props/icon/10208.png'
I/Corona  ( 3536): WARNING: Failed to find image 'assets/unpack/icon/props/icon/10210.png'
I/Corona  ( 3536): WARNING: Failed to find image 'assets/unpack/icon/props/icon/10210.png'
I/Corona  ( 3536): WARNING: Failed to find image 'assets/unpack/icon/props/icon/10212.png'
I/Corona  ( 3536): WARNING: Failed to find image 'assets/unpack/icon/props/icon/10212.png'
I/Corona  ( 3536): =============================================
I/Corona  ( 3536): send data：	   cmd : 	80009
I/Corona  ( 3536): {"isSend":true,"callBackFunc":"<type 'function' is not supported by JSON.>","url":"https://hwsj-eu-test.clktec.com:20888/frontend/forward","data":{"Sess":"YFv70Z3goLKTfEesgvekXq9DkmSm","HotVersion":1555924261,"appId":1021,"ActId":80009,"RankId":3,"serverId":9000,"Token":"eyJhbGciOiJIUzI1NiIsInR5cCI6IkpXVCJ9.eyJleHAiOjE1NTYxODYzNTcsImlhdCI6MTU1NjE4NTk5NywianRpIjoidnlhZzFmMXZzMnJsIn0.XlKBZqFM2J1VbBx_MJn6vLQHewhwicq1viiGJvyb82w","RetailId":2,"T":1556186132,"Ver":"1.803","Lang":"zh-cn","actionid":80009},"loginCount":1}
I/Corona  ( 3536): extra info：	https://hwsj-eu-test.clktec.com:20888/frontend/forward
I/Corona  ( 3536): =============================================
I/Corona  ( 3536): =============================================
I/Corona  ( 3536): response data：	   cmd : 	80009
I/Corona  ( 3536): {"stat":1,"info":"请求成功","data":"{"Sess":"0N870Z3goLKTfEesgvekXGYpfnLt","Data":{"RedPoint":{"boss":1,"achievement":1,"order":1,"vip":1,"visit":1},"SysTime":1556186132,"Cost":4},"Info":"当前还可以膜拜,不需要刷新","Code":1}"}
I/Corona  ( 3536): extra info：	访问时间(ms) ： 280.38501739502
I/Corona  ( 3536): =============================================
I/Corona  ( 3536): socket reconnect
I/ActivityManager( 1658): START u0 {act=android.intent.action.MAIN cat=[android.intent.category.LAUNCHER] flg=0x10200000 cmp=com.dc.hwsj/.LuaActivity} from uid 0 on display 0
I/art     ( 4073): System.exit called, status: 0
I/AndroidRuntime( 4073): VM exiting with result code 0.
I/SoundDecoder_SetError( 3536): Cannot operate on sample because already at EOF
W/System.err( 3536): java.net.ConnectException: failed to connect to graph.facebook.com/69.63.176.15 (port 443): connect failed: ETIMEDOUT (Connection timed out)
W/System.err( 3536): 	at libcore.io.IoBridge.connect(IoBridge.java:124)
W/System.err( 3536): 	at java.net.PlainSocketImpl.connect(PlainSocketImpl.java:183)
W/System.err( 3536): 	at java.net.PlainSocketImpl.connect(PlainSocketImpl.java:456)
W/System.err( 3536): 	at java.net.Socket.connect(Socket.java:882)
W/System.err( 3536): 	at com.android.okhttp.internal.Platform.connectSocket(Platform.java:174)
W/System.err( 3536): 	at com.android.okhttp.Connection.connect(Connection.java:152)
W/System.err( 3536): 	at com.android.okhttp.internal.http.HttpEngine.connect(HttpEngine.java:276)
W/System.err( 3536): 	at com.android.okhttp.internal.http.HttpEngine.sendRequest(HttpEngine.java:211)
W/System.err( 3536): 	at com.android.okhttp.internal.http.HttpURLConnectionImpl.execute(HttpURLConnectionImpl.java:382)
W/System.err( 3536): 	at com.android.okhttp.internal.http.HttpURLConnectionImpl.connect(HttpURLConnectionImpl.java:106)
W/System.err( 3536): 	at com.android.okhttp.internal.http.DelegatingHttpsURLConnection.connect(DelegatingHttpsURLConnection.java:89)
W/System.err( 3536): 	at com.android.okhttp.internal.http.HttpsURLConnectionImpl.connect(HttpsURLConnectionImpl.java:25)
W/System.err( 3536): 	at com.facebook.ads.internal.p.a.a.a(Unknown Source)
W/System.err( 3536): 	at com.facebook.ads.internal.p.a.a.a(Unknown Source)
W/System.err( 3536): 	at com.facebook.ads.internal.p.a.h.a(Unknown Source)
W/System.err( 3536): 	at com.facebook.ads.internal.p.a.h.doInBackground(Unknown Source)
W/System.err( 3536): 	at android.os.AsyncTask$2.call(AsyncTask.java:292)
W/System.err( 3536): 	at java.util.concurrent.FutureTask.run(FutureTask.java:237)
W/System.err( 3536): 	at java.util.concurrent.ThreadPoolExecutor.runWorker(ThreadPoolExecutor.java:1112)
W/System.err( 3536): 	at java.util.concurrent.ThreadPoolExecutor$Worker.run(ThreadPoolExecutor.java:587)
W/System.err( 3536): 	at java.lang.Thread.run(Thread.java:818)
W/System.err( 3536): Caused by: android.system.ErrnoException: connect failed: ETIMEDOUT (Connection timed out)
W/System.err( 3536): 	at libcore.io.Posix.connect(Native Method)
W/System.err( 3536): 	at libcore.io.BlockGuardOs.connect(BlockGuardOs.java:111)
W/System.err( 3536): 	at libcore.io.IoBridge.connectErrno(IoBridge.java:137)
W/System.err( 3536): 	at libcore.io.IoBridge.connect(IoBridge.java:122)
W/System.err( 3536): 	... 20 more
I/Corona  ( 3536): socket vertify success
I/Corona  ( 3536): socket begin heartBeat
I/Corona  ( 3536): socket receive data error : 	closed
I/Corona  ( 3536): socket reconnect
I/Corona  ( 3536): socket vertify success
I/Corona  ( 3536): socket begin heartBeat
I/Corona  ( 3536): socket receive data error : 	closed
I/Corona  ( 3536): socket reconnect
I/Corona  ( 3536): socket vertify success
I/Corona  ( 3536): socket begin heartBeat
I/Corona  ( 3536): socket receive data error : 	closed
I/Corona  ( 3536): socket reconnect
I/Corona  ( 3536): socket vertify success
I/Corona  ( 3536): socket begin heartBeat
I/Corona  ( 3536): socket receive data error : 	closed
I/Corona  ( 3536): socket reconnect
I/SoundDecoder_SetError( 3536): Cannot operate on sample because already at EOF
I/Corona  ( 3536): socket vertify success
I/Corona  ( 3536): socket begin heartBeat
I/Corona  ( 3536): socket receive data error : 	closed
D/AndroidRuntime( 4116): >>>>>> START com.android.internal.os.RuntimeInit uid 0 <<<<<<
D/AndroidRuntime( 4116): CheckJNI is OFF
W/        ( 4116): Failed to bind-mount /system/lib/x86/cpuinfo as /proc/cpuinfo: No such file or directory
E/        ( 4116): Cannot create code cache directory ./code_cache: Read-only file system.
E/memtrack( 4116): Couldn't load memtrack module (No such file or directory)
E/android.os.Debug( 4116): failed to load memtrack module: -2
D/AndroidRuntime( 4116): Calling main entry com.android.commands.wm.Wm
D/AndroidRuntime( 4116): Shutting down VM
E/art     ( 4116): Thread attaching while runtime is shutting down: Binder_1
I/AndroidRuntime( 4116): NOTE: attach of thread 'Binder_1' failed
D/AndroidRuntime( 4132): >>>>>> START com.android.internal.os.RuntimeInit uid 0 <<<<<<
D/AndroidRuntime( 4132): CheckJNI is OFF
W/        ( 4132): Failed to bind-mount /system/lib/x86/cpuinfo as /proc/cpuinfo: No such file or directory
E/        ( 4132): Cannot create code cache directory ./code_cache: Read-only file system.
E/memtrack( 4132): Couldn't load memtrack module (No such file or directory)
E/android.os.Debug( 4132): failed to load memtrack module: -2
D/AndroidRuntime( 4132): Calling main entry com.android.commands.monkey.Monkey
W/BroadcastQueue( 1658): Skipping deliver [background] BroadcastRecord{378bae23 u-1 android.net.conn.CONNECTIVITY_CHANGE} to ReceiverList{799ff20 4132 (unknown name)/0/u-1 remote:38b693dd}: process crashing
I/ActivityManager( 1658): START u0 {act=android.intent.action.MAIN cat=[android.intent.category.LAUNCHER] flg=0x10200000 cmp=com.dc.hwsj/.LuaActivity} from uid 0 on display 0
I/Corona  ( 3536): createHashFile = 	42cd4aa88bc7b15ea93f053959d81eba772f4fd4
E/AudioTrackShared( 1455): mFlush 0x3600 -> 0x4170, front 0x26e9a90, rear 0x26ea170, mask 0xfff, newFront 0x26e9170, filled 4096=0x1000
W/libc    ( 3536): pthread_create sched_setscheduler call failed: Operation not permitted
I/OpenAL_SLES( 3536): playback_function started
I/Corona  ( 3536): change update cdn url to: 	https://hwsj-res.clktec.com/updatetest/1.83/patchList.json?20190425216
I/Corona  ( 3536): verifyFile > try to read file = patcher/lastPCfghash
I/Corona  ( 3536): hashStr = 	ac0d6ddf33413f56038c9cad5082b56eed3dcd4f
I/Corona  ( 3536): realHash = 	ac0d6ddf33413f56038c9cad5082b56eed3dcd4f
I/Corona  ( 3536): patcher/lastPCfg==verifyFile true!
I/Corona  ( 3536): verifyFile > try to read file = patcher/lastPCfghash
I/Corona  ( 3536): hashStr = 	ac0d6ddf33413f56038c9cad5082b56eed3dcd4f
I/Corona  ( 3536): realHash = 	ac0d6ddf33413f56038c9cad5082b56eed3dcd4f
I/Corona  ( 3536): patcher/lastPCfg==verifyFile true!
I/Corona  ( 3536): savedData	{"minVersion":1.83,"cryptoType":2,"sdkUpdate":false,"subversion":1555924261,"banRetails":[[],[],[]],"version":1.83,"hot":false,"downloadType":2,"res":{"1.803":[{"hash":"e83360a5a57ac85db27e45eb6517fd4d5233c2b2","fileName":"configs.settings.Clientar.lua"},{"hash":"f13efad32cc94acf8817d083ad9f64466e1e470c","fileName":"configs.settings.Clientde.lua"},{"hash":"1da158f2646c4f5dff46002e01bfa36ab4ea054e","fileName":"configs.settings.Clienten.lua"},{"hash":"2a4c5554f93591b91712391f8500ab7198b8e9a1","fileName":"configs.settings.Clientes.lua"},{"hash":"517c49148827194e43b18d641062f42c168faf17","fileName":"configs.settings.Clientfr.lua"},{"hash":"4d1d3817f9555f5b95b66ccfba53453e2588239c","fileName":"configs.settings.Clientin.lua"},{"hash":"baf2c97d5f77a3f253ce89eab5a1ad2053ef269f","fileName":"configs.settings.Clientit.lua"},{"hash":"8cd0edb0c8cb8cbd4ef95f9f87d62a36f33fc5e1","fileName":"configs.settings.Clientja.lua"},{"hash":"af68dcd9c8db661c936a7c49963045b4cb20a9c5","fileName":"configs.settings.Clientko.lua"},{"hash":"502783c5a6e452d8f4573eb3d53de2e6dd84304e","fileName":"configs.settings.Clientpt.lua"},{"hash":"21fa7ab12c9675e0a21ea6858c3fce1b0125e838","fileName":"configs.settings.Clientru.lua"},{"hash":"c74cf446388bf399460aad9685670a6b88d83893","fileName":"configs.settings.Clientth.lua"},{"hash":"770dcce6769fbfb1ebb91215c8524dc617ed8693","fileName":"configs.settings.Clienttr.lua"},{"hash":"0071f3fa50891baa1a338bdb5ecd83ff7b65a197","fileName":"configs.settings.Clienttw.lua"},{"hash":"9fc91a31aa7ea65ea9f56c0c9cee5def9be416f7","fileName":"configs.settings.Clientzh.lua"},{"hash":"41a9feb428ce398326d52d85051e1d7068528734","fileName":"configs.settings.Storyja.lua"},{"hash":"92030d28fed36311cacd8813f30f344d64e5dc08","fileName":"configs.settings.Tcar.lua"},{"hash":"f4c2baf91636f4466e1738d98e68bae5c3084aa5","fileName":"configs.settings.Tcde.lua"},{"hash":"031a1c63c415088ae258fc4aa1b67111cdc800aa","fileName":"configs.settings.Tcen.lua"},{"hash":"0eac8674907d39d0c1635a393c14448b220e47fd","fileName":"configs.settings.Tces.lua"},{"hash":"bc93ef35b9c9ea80f2ab79a5351c33dbad7800ea","fileName":"configs.settings.Tcfr.lua"},{"hash":"87f408ab182bcf84e533be9be3ba346a8085e91f","fileName":"configs.settings.Tcin.lua"},{"hash":"a9cd2538114ea1cdac18bed996302b0eeee79c6a","fileName":"configs.settings.Tcit.lua"},{"hash":"ceba045b23f3f3b42d4ffacb8f807f7436e0d3c0","fileName":"configs.settings.Tcja.lua"},{"hash":"6941899e77379a04752cda0b66f54c7b58740eac","fileName":"configs.settings.Tcko.lua"},{"hash":"5aeb0c062a3172dc85fa306475fbf21be2048d75","fileName":"configs.settings.Tcpt.lua"},{"hash":"695ca73f873dab60679a33b94dc4b686b2532341","fileName":"configs.settings.TcRelicAward.lua"},{"hash":"a361d0d8f6b9416a7ce2cdb3cffc073b62750498","fileName":"configs.settings.Tcru.lua"},{"hash":"c09d6f0ffcf628fb815c3e7ba5697c5a6628f14e","fileName":"configs.settings.Tcth.lua"},{"hash":"3e23cdf6e1db862e310cd3a0a660f0077ce22dc9","fileName":"configs.settings.Tctr.lua"},{"hash":"ede0d4c568e35c5e464c314267bcb9920d53be66","fileName":"configs.settings.Tctw.lua"},{"hash":"38b7b3cc6eb8825e61d4f15e826c8200d04562e1","fileName":"configs.settings.Tczh.lua"},{"hash":"e4dfe19644950b4e8c208f6f7d01a6a412e83458","fileName":"configs.TcGuide.lua"},{"hash":"1f71f81d14a81aa6fa6a8119abcbd798b8de585a","fileName":"modules._allianceMod.lua"},{"hash":"0493cc91e3d1eaaee0f019e11947378f615f0bd8","fileName":"modules._allianceWarMod.lua"},{"hash":"3959cc679bbf018a05755f18ec88372af8afa9f0","fileName":"modules._feastMod.lua"},{"hash":"76fab5819944271372bc09c72969508198c4b45b","fileName":"modules._stageMod.lua"},{"hash":"a8d65803ec59a157b4b5ff0e13c0858c223c6a57","fileName":"scene.allianceTradeScene.allianceTradeScene.lua"},{"hash":"79581b8728e9a4ef4c4621d3e679380c5dbdcf9d","fileName":"scene.allianceWarScene.allianceWarScene.lua"},{"hash":"9738968f26752c18917469d3fc9e2d4bee4047aa","fileName":"scene.chapterScene.cannonDialog.lua"},{"hash":"34728b63072f611b8701404270ddc0c91d078c0f","fileName":"scene.chatScene.checkShareDialog.lua"},{"hash":"08120b66d7b6b245b7e00def7d0ad0803c0e5c
I/Corona  ( 3536): updateData	{"minVersion":1.83,"cryptoType":2,"sdkUpdate":false,"subversion":1555924261,"banRetails":[[],[],[]],"version":1.83,"isMust":false,"res":{"1.803":[{"hash":"e83360a5a57ac85db27e45eb6517fd4d5233c2b2","fileName":"configs.settings.Clientar.lua"},{"hash":"f13efad32cc94acf8817d083ad9f64466e1e470c","fileName":"configs.settings.Clientde.lua"},{"hash":"1da158f2646c4f5dff46002e01bfa36ab4ea054e","fileName":"configs.settings.Clienten.lua"},{"hash":"2a4c5554f93591b91712391f8500ab7198b8e9a1","fileName":"configs.settings.Clientes.lua"},{"hash":"517c49148827194e43b18d641062f42c168faf17","fileName":"configs.settings.Clientfr.lua"},{"hash":"4d1d3817f9555f5b95b66ccfba53453e2588239c","fileName":"configs.settings.Clientin.lua"},{"hash":"baf2c97d5f77a3f253ce89eab5a1ad2053ef269f","fileName":"configs.settings.Clientit.lua"},{"hash":"8cd0edb0c8cb8cbd4ef95f9f87d62a36f33fc5e1","fileName":"configs.settings.Clientja.lua"},{"hash":"af68dcd9c8db661c936a7c49963045b4cb20a9c5","fileName":"configs.settings.Clientko.lua"},{"hash":"502783c5a6e452d8f4573eb3d53de2e6dd84304e","fileName":"configs.settings.Clientpt.lua"},{"hash":"21fa7ab12c9675e0a21ea6858c3fce1b0125e838","fileName":"configs.settings.Clientru.lua"},{"hash":"c74cf446388bf399460aad9685670a6b88d83893","fileName":"configs.settings.Clientth.lua"},{"hash":"770dcce6769fbfb1ebb91215c8524dc617ed8693","fileName":"configs.settings.Clienttr.lua"},{"hash":"0071f3fa50891baa1a338bdb5ecd83ff7b65a197","fileName":"configs.settings.Clienttw.lua"},{"hash":"9fc91a31aa7ea65ea9f56c0c9cee5def9be416f7","fileName":"configs.settings.Clientzh.lua"},{"hash":"41a9feb428ce398326d52d85051e1d7068528734","fileName":"configs.settings.Storyja.lua"},{"hash":"92030d28fed36311cacd8813f30f344d64e5dc08","fileName":"configs.settings.Tcar.lua"},{"hash":"f4c2baf91636f4466e1738d98e68bae5c3084aa5","fileName":"configs.settings.Tcde.lua"},{"hash":"031a1c63c415088ae258fc4aa1b67111cdc800aa","fileName":"configs.settings.Tcen.lua"},{"hash":"0eac8674907d39d0c1635a393c14448b220e47fd","fileName":"configs.settings.Tces.lua"},{"hash":"bc93ef35b9c9ea80f2ab79a5351c33dbad7800ea","fileName":"configs.settings.Tcfr.lua"},{"hash":"87f408ab182bcf84e533be9be3ba346a8085e91f","fileName":"configs.settings.Tcin.lua"},{"hash":"a9cd2538114ea1cdac18bed996302b0eeee79c6a","fileName":"configs.settings.Tcit.lua"},{"hash":"ceba045b23f3f3b42d4ffacb8f807f7436e0d3c0","fileName":"configs.settings.Tcja.lua"},{"hash":"6941899e77379a04752cda0b66f54c7b58740eac","fileName":"configs.settings.Tcko.lua"},{"hash":"5aeb0c062a3172dc85fa306475fbf21be2048d75","fileName":"configs.settings.Tcpt.lua"},{"hash":"695ca73f873dab60679a33b94dc4b686b2532341","fileName":"configs.settings.TcRelicAward.lua"},{"hash":"a361d0d8f6b9416a7ce2cdb3cffc073b62750498","fileName":"configs.settings.Tcru.lua"},{"hash":"c09d6f0ffcf628fb815c3e7ba5697c5a6628f14e","fileName":"configs.settings.Tcth.lua"},{"hash":"3e23cdf6e1db862e310cd3a0a660f0077ce22dc9","fileName":"configs.settings.Tctr.lua"},{"hash":"ede0d4c568e35c5e464c314267bcb9920d53be66","fileName":"configs.settings.Tctw.lua"},{"hash":"38b7b3cc6eb8825e61d4f15e826c8200d04562e1","fileName":"configs.settings.Tczh.lua"},{"hash":"e4dfe19644950b4e8c208f6f7d01a6a412e83458","fileName":"configs.TcGuide.lua"},{"hash":"1f71f81d14a81aa6fa6a8119abcbd798b8de585a","fileName":"modules._allianceMod.lua"},{"hash":"0493cc91e3d1eaaee0f019e11947378f615f0bd8","fileName":"modules._allianceWarMod.lua"},{"hash":"3959cc679bbf018a05755f18ec88372af8afa9f0","fileName":"modules._feastMod.lua"},{"hash":"76fab5819944271372bc09c72969508198c4b45b","fileName":"modules._stageMod.lua"},{"hash":"a8d65803ec59a157b4b5ff0e13c0858c223c6a57","fileName":"scene.allianceTradeScene.allianceTradeScene.lua"},{"hash":"79581b8728e9a4ef4c4621d3e679380c5dbdcf9d","fileName":"scene.allianceWarScene.allianceWarScene.lua"},{"hash":"9738968f26752c18917469d3fc9e2d4bee4047aa","fileName":"scene.chapterScene.cannonDialog.lua"},{"hash":"34728b63072f611b8701404270ddc0c91d078c0f","fileName":"scene.chatScene.checkShareDialog.lua"},{"hash":"08120b66d7b6b245b7e00def7d0ad0803c0e5c9a","fileName
I/Corona  ( 3536): 1.83	1.83	1555924261	1555924261
I/Corona  ( 3536): =============================================
I/Corona  ( 3536): send data：	cmd : 	15000
I/Corona  ( 3536): {"isSend":true,"callBackFunc":"<type 'function' is not supported by JSON.>","url":"https://hwsj-eu-test.clktec.com:20888/frontend/forward","data":{"RetailId":2,"HotVersion":1555924261,"appId":1021,"ActId":15000,"Ver":"1.803","serverId":9000,"Token":"eyJhbGciOiJIUzI1NiIsInR5cCI6IkpXVCJ9.eyJleHAiOjE1NTYxODYzNTcsImlhdCI6MTU1NjE4NTk5NywianRpIjoidnlhZzFmMXZzMnJsIn0.XlKBZqFM2J1VbBx_MJn6vLQHewhwicq1viiGJvyb82w","T":1556186177,"actionid":15000,"Lang":"zh-cn","Sess":"YFv70Z3goLKTfEesgvekXq9DkmSm"},"loginCount":1}
I/Corona  ( 3536): extra info：	https://hwsj-eu-test.clktec.com:20888/frontend/forward
I/Corona  ( 3536): =============================================
I/SoundDecoder_SetError( 3536): Cannot operate on sample because already at EOF
I/ActivityManager( 1658): START u0 {act=android.intent.action.MAIN cat=[android.intent.category.LAUNCHER] flg=0x10200000 cmp=com.dc.hwsj/.LuaActivity} from uid 0 on display 0
I/Corona  ( 3536): createHashFile = 	634ebf3b1c2630f1f41a4aa687ffa0c6f7274105
W/libc    ( 3536): pthread_create sched_setscheduler call failed: Operation not permitted
I/OpenAL_SLES( 3536): playback_function started
I/Corona  ( 3536): change update cdn url to: 	https://hwsj-res.clktec.com/updatetest/1.83/patchList.json?20190425216
I/Corona  ( 3536): verifyFile > try to read file = patcher/lastPCfghash
I/Corona  ( 3536): hashStr = 	ac0d6ddf33413f56038c9cad5082b56eed3dcd4f
I/Corona  ( 3536): realHash = 	ac0d6ddf33413f56038c9cad5082b56eed3dcd4f
I/Corona  ( 3536): patcher/lastPCfg==verifyFile true!
I/Corona  ( 3536): verifyFile > try to read file = patcher/lastPCfghash
I/Corona  ( 3536): hashStr = 	ac0d6ddf33413f56038c9cad5082b56eed3dcd4f
I/Corona  ( 3536): realHash = 	ac0d6ddf33413f56038c9cad5082b56eed3dcd4f
I/Corona  ( 3536): patcher/lastPCfg==verifyFile true!
