W/System.err( 2713): 	at com.android.okhttp.internal.http.HttpURLConnectionImpl.connect(HttpURLConnectionImpl.java:106)
W/System.err( 2713): 	at com.android.okhttp.internal.http.DelegatingHttpsURLConnection.connect(DelegatingHttpsURLConnection.java:89)
W/System.err( 2713): 	at com.android.okhttp.internal.http.HttpsURLConnectionImpl.connect(HttpsURLConnectionImpl.java:25)
W/System.err( 2713): 	at com.facebook.ads.internal.p.a.a.a(Unknown Source)
W/System.err( 2713): 	at com.facebook.ads.internal.p.a.a.a(Unknown Source)
W/System.err( 2713): 	at com.facebook.ads.internal.p.a.h.a(Unknown Source)
W/System.err( 2713): 	at com.facebook.ads.internal.p.a.h.doInBackground(Unknown Source)
W/System.err( 2713): 	at android.os.AsyncTask$2.call(AsyncTask.java:292)
W/System.err( 2713): 	at java.util.concurrent.FutureTask.run(FutureTask.java:237)
W/System.err( 2713): 	at java.util.concurrent.ThreadPoolExecutor.runWorker(ThreadPoolExecutor.java:1112)
W/System.err( 2713): 	at java.util.concurrent.ThreadPoolExecutor$Worker.run(ThreadPoolExecutor.java:587)
W/System.err( 2713): 	at java.lang.Thread.run(Thread.java:818)
W/System.err( 2713): Caused by: android.system.ErrnoException: connect failed: ETIMEDOUT (Connection timed out)
W/System.err( 2713): 	at libcore.io.Posix.connect(Native Method)
W/System.err( 2713): 	at libcore.io.BlockGuardOs.connect(BlockGuardOs.java:111)
W/System.err( 2713): 	at libcore.io.IoBridge.connectErrno(IoBridge.java:137)
W/System.err( 2713): 	at libcore.io.IoBridge.connect(IoBridge.java:122)
W/System.err( 2713): 	... 20 more
W/DebugConnManager( 2713): getNetworkInfo() on networkType 1
W/ActivityManager( 1685): Unable to start service Intent { act=com.google.android.gms.ads.identifier.service.START pkg=com.google.android.gms } U=0: not found
W/ActivityManager( 1685): Unbind failed: could not find connection for android.os.BinderProxy@3b9c74c7
W/DebugConnManager( 2713): getNetworkInfo() on networkType 1
I/Corona  ( 2713): socket vertify success
I/Corona  ( 2713): socket begin heartBeat
I/Corona  ( 2713): socket receive data error : 	closed
I/SoundDecoder_SetError( 2713): Cannot operate on sample because already at EOF
I/Corona  ( 2713): socket reconnect
I/SoundDecoder_SetError( 2713): Cannot operate on sample because already at EOF
I/Corona  ( 2713): socket vertify success
I/Corona  ( 2713): socket begin heartBeat
I/Corona  ( 2713): socket receive data error : 	closed
I/Corona  ( 2713): =============================================
I/Corona  ( 2713): send data：	cmd : 	15000
I/Corona  ( 2713): {"isSend":true,"callBackFunc":"<type 'function' is not supported by JSON.>","url":"https://hwsj-eu-test.clktec.com:20888/frontend/forward","data":{"RetailId":2,"HotVersion":1555924261,"appId":1021,"ActId":15000,"Ver":"1.803","serverId":9000,"Token":"eyJhbGciOiJIUzI1NiIsInR5cCI6IkpXVCJ9.eyJleHAiOjE1NTYyNDYwMTYsImlhdCI6MTU1NjI0NTY1NiwianRpIjoidnlhZzFmMXZzMnJsIn0.5PIbC7fSPkQXCdWP1pKqwsJiueCQ8t8BqQQA5HNpIU4","T":1556246046,"actionid":15000,"Lang":"zh-cn","Sess":"yfu50Z3goLKTfEesgvekXOQ]uHcp"},"loginCount":1}
I/Corona  ( 2713): extra info：	https://hwsj-eu-test.clktec.com:20888/frontend/forward
I/Corona  ( 2713): =============================================
I/Corona  ( 2713): try to get new jwt
I/Corona  ( 2713): =============================================
I/Corona  ( 2713): send data：	   cmd : 	9998
I/Corona  ( 2713): {"isSend":true,"callBackFunc":"<type 'function' is not supported by JSON.>","url":"https://hwsj-eu-test.clktec.com:20888/frontend/jwt_action","data":{"Sess":"yfu50Z3goLKTfEesgvekXOQ]uHcp","HotVersion":1555924261,"appId":1021,"ActId":9998,"Ver":"1.803","serverId":9000,"Token":"eyJhbGciOiJIUzI1NiIsInR5cCI6IkpXVCJ9.eyJleHAiOjE1NTYyNDYwMTYsImlhdCI6MTU1NjI0NTY1NiwianRpIjoidnlhZzFmMXZzMnJsIn0.5PIbC7fSPkQXCdWP1pKqwsJiueCQ8t8BqQQA5HNpIU4","RetailId":2,"T":1556246047,"c_pub":"-----BEGIN PUBLIC KEY-----nMIIBSzCCAQMGByqGSM49AgEwgfcCAQEwLAYHKoZIzj0BAQIhAP////8AAAABAAAAnAAAAAAAAAAAA////////////////MFsEIP////8AAAABAAAAAAAAAAAAAAAA////n///////////8BCBaxjXYqjqT57PrvVV2mIa8ZR0GsMxTsPY7zjw+J9JgSwMVAMSdnNgiG5wSTamZ44ROdJreBn36QBEEEaxfR8uEsQkf4vOblY6RA8ncDfYEt6zOg9KE5nRdiYwpZP40Li/hp/m47n60p8D54WK84zV2sxXs7LtkBoN79R9QIhAP////8AAAAAn//////////+85vqtpxeehPO5ysL8YyVRAgEBA0IABB9R+CaLnExBVOEjmdRviaojnUR0tgmDccnaGJsE3cMiOU9QzQjNS75gNG1GistVMcHXf3b8k1zluOY7+qhJLtEI=n-----END PUBLIC KEY-----n","Lang":"zh-cn","actionid":9998},"loginCount":1}
I/Corona  ( 2713): extra info：	https://hwsj-eu-test.clktec.com:20888/frontend/jwt_action
I/Corona  ( 2713): =============================================
I/Corona  ( 2713): =============================================
I/Corona  ( 2713): stat error response：	cmd : 	15000
I/Corona  ( 2713): {"data":"","info":"JWT已过期","stat":295}
I/Corona  ( 2713): extra info：	访问时间(ms) ： 1046.9629764557	https://hwsj-eu-test.clktec.com:20888/frontend/forward
I/Corona  ( 2713): =============================================
I/Corona  ( 2713): =============================================
I/Corona  ( 2713): response data：	   cmd : 	9998
I/Corona  ( 2713): {"stat":1,"info":"请求成功","data":"{"jwt":"eyJhbGciOiJIUzI1NiIsInR5cCI6IkpXVCJ9.eyJleHAiOjE1NTYyNDY0MDcsImlhdCI6MTU1NjI0NjA0NywianRpIjoidnlhZzFmMXZzMnJsIn0.8pIxtkf5Teip_FbJBqyBENqKnIQkocXA4uLlFWoQz8I"}"}
I/Corona  ( 2713): extra info：	访问时间(ms) ： 283.52999687195
I/Corona  ( 2713): =============================================
I/Corona  ( 2713): getNewJwt is complete
I/Corona  ( 2713): socket reconnect
I/Corona  ( 2713): socket vertify success
I/Corona  ( 2713): socket begin heartBeat
I/Corona  ( 2713): socket receive data error : 	closed
I/Corona  ( 2713): socket reconnect
I/Corona  ( 2713): socket vertify success
I/Corona  ( 2713): socket begin heartBeat
I/Corona  ( 2713): socket receive data error : 	closed
I/Corona  ( 2713): socket reconnect
I/Corona  ( 2713): socket vertify success
I/Corona  ( 2713): socket begin heartBeat
I/Corona  ( 2713): socket receive data error : 	closed
I/SoundDecoder_SetError( 2713): Cannot operate on sample because already at EOF
I/Corona  ( 2713): socket reconnect
I/Corona  ( 2713): socket vertify success
I/Corona  ( 2713): socket begin heartBeat
I/Corona  ( 2713): socket receive data error : 	closed
I/Corona  ( 2713): socket reconnect
I/Corona  ( 2713): socket vertify success
I/Corona  ( 2713): socket begin heartBeat
I/Corona  ( 2713): socket receive data error : 	closed
I/Corona  ( 2713): socket reconnect
D/AndroidRuntime( 3355): >>>>>> START com.android.internal.os.RuntimeInit uid 0 <<<<<<
D/AndroidRuntime( 3355): CheckJNI is OFF
W/        ( 3355): Failed to bind-mount /system/lib/x86/cpuinfo as /proc/cpuinfo: No such file or directory
E/        ( 3355): Cannot create code cache directory ./code_cache: Read-only file system.
E/memtrack( 3355): Couldn't load memtrack module (No such file or directory)
E/android.os.Debug( 3355): failed to load memtrack module: -2
D/AndroidRuntime( 3355): Calling main entry com.android.commands.wm.Wm
D/AndroidRuntime( 3355): Shutting down VM
E/art     ( 3355): Thread attaching while runtime is shutting down: Binder_1
I/AndroidRuntime( 3355): NOTE: attach of thread 'Binder_1' failed
D/AndroidRuntime( 3371): >>>>>> START com.android.internal.os.RuntimeInit uid 0 <<<<<<
D/AndroidRuntime( 3371): CheckJNI is OFF
W/        ( 3371): Failed to bind-mount /system/lib/x86/cpuinfo as /proc/cpuinfo: No such file or directory
E/        ( 3371): Cannot create code cache directory ./code_cache: Read-only file system.
E/memtrack( 3371): Couldn't load memtrack module (No such file or directory)
E/android.os.Debug( 3371): failed to load memtrack module: -2
D/AndroidRuntime( 3371): Calling main entry com.android.commands.monkey.Monkey
W/BroadcastQueue( 1685): Skipping deliver [background] BroadcastRecord{378fdc92 u-1 android.net.conn.CONNECTIVITY_CHANGE} to ReceiverList{28619663 3371 (unknown name)/0/u-1 remote:261c8af4}: process crashing
I/ActivityManager( 1685): START u0 {act=android.intent.action.MAIN cat=[android.intent.category.LAUNCHER] flg=0x10200000 cmp=com.dc.hwsj/.LuaActivity} from uid 0 on display 0
I/Corona  ( 2713): socket vertify success
I/Corona  ( 2713): socket begin heartBeat
I/Corona  ( 2713): socket receive data error : 	closed
I/SoundDecoder_SetError( 2713): Cannot operate on sample because already at EOF
I/Corona  ( 2713): =============================================
I/Corona  ( 2713): send data：	cmd : 	15000
I/Corona  ( 2713): {"isSend":true,"callBackFunc":"<type 'function' is not supported by JSON.>","url":"https://hwsj-eu-test.clktec.com:20888/frontend/forward","data":{"RetailId":2,"HotVersion":1555924261,"appId":1021,"ActId":15000,"Ver":"1.803","serverId":9000,"Token":"eyJhbGciOiJIUzI1NiIsInR5cCI6IkpXVCJ9.eyJleHAiOjE1NTYyNDY0MDcsImlhdCI6MTU1NjI0NjA0NywianRpIjoidnlhZzFmMXZzMnJsIn0.8pIxtkf5Teip_FbJBqyBENqKnIQkocXA4uLlFWoQz8I","T":1556246102,"actionid":15000,"Lang":"zh-cn","Sess":"yfu50Z3goLKTfEesgvekXOQ]uHcp"},"loginCount":1}
I/Corona  ( 2713): extra info：	https://hwsj-eu-test.clktec.com:20888/frontend/forward
I/Corona  ( 2713): =============================================
I/Corona  ( 2713): =============================================
I/Corona  ( 2713): send data：	   cmd : 	10202
I/Corona  ( 2713): {"isSend":true,"callBackFunc":"<type 'function' is not supported by JSON.>","url":"https://hwsj-eu-test.clktec.com:20888/frontend/forward","data":{"Sess":"yfu50Z3goLKTfEesgvekXOQ]uHcp","HotVersion":1555924261,"appId":1021,"ActId":10202,"Ver":"1.803","serverId":9000,"Token":"eyJhbGciOiJIUzI1NiIsInR5cCI6IkpXVCJ9.eyJleHAiOjE1NTYyNDY0MDcsImlhdCI6MTU1NjI0NjA0NywianRpIjoidnlhZzFmMXZzMnJsIn0.8pIxtkf5Teip_FbJBqyBENqKnIQkocXA4uLlFWoQz8I","RetailId":2,"T":1556246103,"Lang":"zh-cn","actionid":10202},"loginCount":1}
I/Corona  ( 2713): extra info：	https://hwsj-eu-test.clktec.com:20888/frontend/forward
I/Corona  ( 2713): =============================================
I/art     ( 2713): Explicit concurrent mark sweep GC freed 122845(6MB) AllocSpace objects, 25(400KB) LOS objects, 40% free, 20MB/34MB, paused 291us total 19.284ms
I/art     ( 2713): Explicit concurrent mark sweep GC freed 4444(1150KB) AllocSpace objects, 4(2MB) LOS objects, 39% free, 16MB/27MB, paused 255us total 13.819ms
I/art     ( 2713): Explicit concurrent mark sweep GC freed 11(448B) AllocSpace objects, 0(0B) LOS objects, 39% free, 16MB/27MB, paused 263us total 12.846ms
I/art     ( 2713): Explicit concurrent mark sweep GC freed 11(448B) AllocSpace objects, 0(0B) LOS objects, 39% free, 16MB/27MB, paused 414us total 16.120ms
I/art     ( 2713): Explicit concurrent mark sweep GC freed 11(448B) AllocSpace objects, 0(0B) LOS objects, 39% free, 16MB/27MB, paused 418us total 15.657ms
I/Corona  ( 2713): =============================================
I/Corona  ( 2713): response data：	cmd : 	15000
I/Corona  ( 2713): {"stat":1,"info":"请求成功","data":"{"Data":{"AllianceWar":false,"RedPoint":{"achievement":1,"order":1,"vip":1,"visit":1},"NewMailNum":0,"InfiniteBattleSpoils":false,"AllianceAgreeApply":false,"SeaKingItemAward":false,"CompetitionRank":false,"TimeLimit":false,"Cost":36,"SeaKingInvite":false,"Dinner":false,"AllianceApply":false,"AllianceTrade":false,"BarbarianKingVitalityFull":false,"AllianceDailyTask":false,"CityAward":false,"FbInvitation":false,"CrossCompetitionRank":false,"TeamInvite":{},"SeaKingFood":false,"SysTime":1556246103},"Info":"","Code":0,"Sess":"Z9i50Z3goLKTfEesgvekXW]p8G5c"}"}
I/Corona  ( 2713): extra info：	访问时间(ms) ： 1131.3478946686
I/Corona  ( 2713): =============================================
I/Corona  ( 2713): socket reconnect
I/Corona  ( 2713): =============================================
I/Corona  ( 2713): response data：	   cmd : 	10202
I/Corona  ( 2713): {"stat":1,"info":"请求成功","data":"{"Data":{"PhaseCfg":{"Force":102,"Soldiers":1000},"RedPoint":{"achievement":1,"order":1,"vip":1,"visit":1},"SysTime":1556246104,"Cost":10,"SectionRecord":{"Soldiers":2099,"RefreshTime":"2019-04-25 06:26:41","ArtilleryAddPr":100,"ArtilleryUseTime":"2019-04-21 10:04:31","PlayAnimation":0,"ArtilleryLv":1,"PhaseId":1,"BossBlood":17838,"LastBossAttackTime":"2019-04-22 10:04:31","HasUsedOrder":[],"ChapterId":1,"SectionId":1,"ArtilleryNowSilver":0,"ArtilleryUseNum":0,"Counsellors":[]},"CityAwardGet":[]},"Info":"","Code":0,"Sess":"dhi50Z3goLKTfEesgvekX]gfxlya"}"}
I/Corona  ( 2713): extra info：	访问时间(ms) ： 1722.058057785
I/Corona  ( 2713): =============================================
I/SoundDecoder( 2713): MPG123: Accepting data stream.
I/Corona  ( 2713): armypool	[]
I/Corona  ( 2713): =============================================
I/Corona  ( 2713): send data：	cmd : 	12311
I/Corona  ( 2713): {"isSend":true,"callBackFunc":"<type 'function' is not supported by JSON.>","url":"https://hwsj-eu-test.clktec.com:20888/frontend/forward","data":{"Sess":"dhi50Z3goLKTfEesgvekX]gfxlya","HotVersion":1555924261,"appId":1021,"ActId":12311,"Ver":"1.803","serverId":9000,"Token":"eyJhbGciOiJIUzI1NiIsInR5cCI6IkpXVCJ9.eyJleHAiOjE1NTYyNDY0MDcsImlhdCI6MTU1NjI0NjA0NywianRpIjoidnlhZzFmMXZzMnJsIn0.8pIxtkf5Teip_FbJBqyBENqKnIQkocXA4uLlFWoQz8I","RetailId":2,"T":1556246104,"Lang":"zh-cn","IsShield":[0,0,0],"actionid":12311},"loginCount":1}
I/Corona  ( 2713): extra info：	https://hwsj-eu-test.clktec.com:20888/frontend/forward
I/Corona  ( 2713): =============================================
I/Corona  ( 2713): =============================================
I/Corona  ( 2713): send data：	   cmd : 	18129
I/Corona  ( 2713): {"errorCallBackFunc":"<type 'function' is not supported by JSON.>","isSend":true,"callBackFunc":"<type 'function' is not supported by JSON.>","url":"https://hwsj-eu-test.clktec.com:20888/frontend/forward","data":{"Sess":"dhi50Z3goLKTfEesgvekX]gfxlya","HotVersion":1555924261,"appId":1021,"ActId":18129,"Ver":"1.803","serverId":9000,"actionid":18129,"RetailId":2,"T":1556246104,"Login":1,"Lang":"zh-cn","Token":"eyJhbGciOiJIUzI1NiIsInR5cCI6IkpXVCJ9.eyJleHAiOjE1NTYyNDY0MDcsImlhdCI6MTU1NjI0NjA0NywianRpIjoidnlhZzFmMXZzMnJsIn0.8pIxtkf5Teip_FbJBqyBENqKnIQkocXA4uLlFWoQz8I"},"loginCount":1}
I/Corona  ( 2713): extra info：	https://hwsj-eu-test.clktec.com:20888/frontend/forward
I/Corona  ( 2713): =============================================
I/Corona  ( 2713): =============================================
I/Corona  ( 2713): send data：	cmd : 	15000
I/Corona  ( 2713): {"isSend":true,"callBackFunc":"<type 'function' is not supported by JSON.>","url":"https://hwsj-eu-test.clktec.com:20888/frontend/forward","data":{"RetailId":2,"HotVersion":1555924261,"appId":1021,"ActId":15000,"Ver":"1.803","serverId":9000,"Token":"eyJhbGciOiJIUzI1NiIsInR5cCI6IkpXVCJ9.eyJleHAiOjE1NTYyNDY0MDcsImlhdCI6MTU1NjI0NjA0NywianRpIjoidnlhZzFmMXZzMnJsIn0.8pIxtkf5Teip_FbJBqyBENqKnIQkocXA4uLlFWoQz8I","T":1556246104,"actionid":15000,"Lang":"zh-cn","Sess":"dhi50Z3goLKTfEesgvekX]gfxlya"},"loginCount":1}
I/Corona  ( 2713): extra info：	https://hwsj-eu-test.clktec.com:20888/frontend/forward
I/Corona  ( 2713): =============================================
I/Corona  ( 2713): =============================================
I/Corona  ( 2713): response data：	cmd : 	12311
I/Corona  ( 2713): {"stat":1,"info":"请求成功","data":"{"Data":{"RedPoint":{"achievement":1,"order":1,"vip":1,"visit":1},"SysTime":1556246105,"Cost":21,"NewestMsg":{"MsgData":{"Avatar":4,"VipLv":0,"Lv":4,"Nickname":"yaofeng2","Rid":"w1mxtwbyd05d","ext":{"pre_text":"1","Type":1,"Figure":0},"ShowId":9000000007,"Id":"5cbd39ae1344b60001cb40b8","ServerId":9000,"ChatAvatar":"4","Time":"2019-04-22 06:49:02.000","Figure":0,"ServerName":"9000","Manifesto":"","Text":"1","AvatarList":{},"DressList":[]},"Channel":"c"},"ShareRemainSeconds":0},"Info":"","Code":0,"Sess":"dhi50Z3goLKTfEesgvekX]gfxlya"}"}
I/Corona  ( 2713): extra info：	访问时间(ms) ： 378.32903862
I/Corona  ( 2713): =============================================
I/Corona  ( 2713): =============================================
I/Corona  ( 2713): response data：	   cmd : 	18129
I/Corona  ( 2713): {"stat":1,"info":"请求成功","data":"{"Data":{"Unread":0,"RedPoint":{"order":1,"vip":1,"visit":1,"achievement":1},"SysTime":1556246105,"Cost":18,"Status":1},"Info":"","Code":0,"Sess":"dhi50Z3goLKTfEesgvekX]gfxlya"}"}
I/Corona  ( 2713): extra info：	访问时间(ms) ： 318.98999214172
I/Corona  ( 2713): =============================================
I/Corona  ( 2713): =============================================
I/Corona  ( 2713): response data：	cmd : 	15000
I/Corona  ( 2713): {"stat":1,"info":"请求成功","data":"{"Data":{"NewMailNum":0,"CompetitionRank":false,"RedPoint":{"achievement":1,"order":1,"vip":1,"visit":1},"SysTime":1556246106,"SeaKingFood":false,"AllianceAgreeApply":false,"Dinner":false,"AllianceApply":false,"AllianceDailyTask":false,"TeamInvite":{},"AllianceTrade":false,"FbInvitation":false,"AllianceWar":false,"BarbarianKingVitalityFull":false,"CrossCompetitionRank":false,"CityAward":false,"InfiniteBattleSpoils":false,"Cost":34,"SeaKingItemAward":false,"SeaKingInvite":false,"TimeLimit":false},"Info":"","Code":0,"Sess":"dhi50Z3goLKTfEesgvekX]gfxlya"}"}
I/Corona  ( 2713): extra info：	访问时间(ms) ： 296.22578620911
I/Corona  ( 2713): =============================================
I/Corona  ( 2713): =============================================
I/Corona  ( 2713): send data：	cmd : 	15000
I/Corona  ( 2713): {"isSend":true,"callBackFunc":"<type 'function' is not supported by JSON.>","url":"https://hwsj-eu-test.clktec.com:20888/frontend/forward","data":{"RetailId":2,"HotVersion":1555924261,"appId":1021,"ActId":15000,"Ver":"1.803","serverId":9000,"Token":"eyJhbGciOiJIUzI1NiIsInR5cCI6IkpXVCJ9.eyJleHAiOjE1NTYyNDY0MDcsImlhdCI6MTU1NjI0NjA0NywianRpIjoidnlhZzFmMXZzMnJsIn0.8pIxtkf5Teip_FbJBqyBENqKnIQkocXA4uLlFWoQz8I","T":1556246106,"actionid":15000,"Lang":"zh-cn","Sess":"dhi50Z3goLKTfEesgvekX]gfxlya"},"loginCount":1}
I/Corona  ( 2713): extra info：	https://hwsj-eu-test.clktec.com:20888/frontend/forward
I/Corona  ( 2713): =============================================
I/Corona  ( 2713): =============================================
I/Corona  ( 2713): response data：	cmd : 	15000
I/Corona  ( 2713): {"stat":1,"info":"请求成功","data":"{"Data":{"CrossCompetitionRank":false,"Cost":35,"CompetitionRank":false,"AllianceWar":false,"AllianceAgreeApply":false,"SeaKingInvite":false,"AllianceTrade":false,"FbInvitation":false,"SeaKingFood":false,"SeaKingItemAward":false,"AllianceApply":false,"AllianceDailyTask":false,"NewMailNum":0,"RedPoint":{"order":1,"vip":1,"visit":1,"achievement":1},"SysTime":1556246106,"InfiniteBattleSpoils":false,"TimeLimit":false,"TeamInvite":{},"BarbarianKingVitalityFull":false,"Dinner":false,"CityAward":false},"Info":"","Code":0,"Sess":"dhi50Z3goLKTfEesgvekX]gfxlya"}"}
I/Corona  ( 2713): extra info：	访问时间(ms) ： 316.6139125824
I/Corona  ( 2713): =============================================
I/SoundDecoder( 2713): MPG123: Accepting data stream.
I/SoundDecoder( 2713): MPG123: Accepting data stream.
I/ActivityManager( 1685): START u0 {act=android.intent.action.MAIN cat=[android.intent.category.LAUNCHER] flg=0x10200000 cmp=com.dc.hwsj/.LuaActivity} from uid 0 on display 0
I/art     ( 2713): Explicit concurrent mark sweep GC freed 9238(1628KB) AllocSpace objects, 9(4MB) LOS objects, 31% free, 35MB/51MB, paused 342us total 12.894ms
I/art     ( 2713): Explicit concurrent mark sweep GC freed 1002(171KB) AllocSpace objects, 9(18MB) LOS objects, 39% free, 16MB/27MB, paused 292us total 12.294ms
I/art     ( 2713): Explicit concurrent mark sweep GC freed 68(2976B) AllocSpace objects, 0(0B) LOS objects, 39% free, 16MB/27MB, paused 353us total 11.133ms
I/art     ( 2713): Explicit concurrent mark sweep GC freed 10(368B) AllocSpace objects, 0(0B) LOS objects, 39% free, 16MB/27MB, paused 402us total 10.611ms
I/art     ( 2713): Explicit concurrent mark sweep GC freed 68(2976B) AllocSpace objects, 0(0B) LOS objects, 39% free, 16MB/27MB, paused 273us total 11.745ms
I/Corona  ( 2713): socket vertify success
I/Corona  ( 2713): socket begin heartBeat
I/art     ( 3371): System.exit called, status: 0
I/AndroidRuntime( 3371): VM exiting with result code 0.
I/Corona  ( 2713): socket receive data error : 	closed
I/art     ( 2713): Explicit concurrent mark sweep GC freed 7659(358KB) AllocSpace objects, 2(32KB) LOS objects, 40% free, 16MB/27MB, paused 291us total 11.207ms
I/art     ( 2713): Explicit concurrent mark sweep GC freed 44(1616B) AllocSpace objects, 0(0B) LOS objects, 40% free, 16MB/27MB, paused 398us total 11.668ms
I/art     ( 2713): Explicit concurrent mark sweep GC freed 7(272B) AllocSpace objects, 0(0B) LOS objects, 40% free, 16MB/27MB, paused 449us total 11.332ms
I/art     ( 2713): Explicit concurrent mark sweep GC freed 71(3KB) AllocSpace objects, 0(0B) LOS objects, 40% free, 16MB/27MB, paused 290us total 11.510ms
I/art     ( 2713): Explicit concurrent mark sweep GC freed 7(272B) AllocSpace objects, 0(0B) LOS objects, 40% free, 16MB/27MB, paused 204us total 10.536ms
I/Corona  ( 2713): socket reconnect
I/Corona  ( 2713): socket vertify success
I/Corona  ( 2713): socket begin heartBeat
I/Corona  ( 2713): socket receive data error : 	closed
I/Corona  ( 2713): socket reconnect
I/Corona  ( 2713): =============================================
I/Corona  ( 2713): send data：	cmd : 	12311
I/Corona  ( 2713): {"isSend":true,"callBackFunc":"<type 'function' is not supported by JSON.>","url":"https://hwsj-eu-test.clktec.com:20888/frontend/forward","data":{"Sess":"dhi50Z3goLKTfEesgvekX]gfxlya","HotVersion":1555924261,"appId":1021,"ActId":12311,"Ver":"1.803","serverId":9000,"Token":"eyJhbGciOiJIUzI1NiIsInR5cCI6IkpXVCJ9.eyJleHAiOjE1NTYyNDY0MDcsImlhdCI6MTU1NjI0NjA0NywianRpIjoidnlhZzFmMXZzMnJsIn0.8pIxtkf5Teip_FbJBqyBENqKnIQkocXA4uLlFWoQz8I","RetailId":2,"T":1556246125,"Lang":"zh-cn","IsShield":[0,0,0],"actionid":12311},"loginCount":1}
I/Corona  ( 2713): extra info：	https://hwsj-eu-test.clktec.com:20888/frontend/forward
I/Corona  ( 2713): =============================================
I/Corona  ( 2713): =============================================
I/Corona  ( 2713): send data：	   cmd : 	18129
I/Corona  ( 2713): {"errorCallBackFunc":"<type 'function' is not supported by JSON.>","isSend":true,"callBackFunc":"<type 'function' is not supported by JSON.>","url":"https://hwsj-eu-test.clktec.com:20888/frontend/forward","data":{"Sess":"dhi50Z3goLKTfEesgvekX]gfxlya","HotVersion":1555924261,"appId":1021,"ActId":18129,"Ver":"1.803","serverId":9000,"actionid":18129,"RetailId":2,"T":1556246125,"Login":1,"Lang":"zh-cn","Token":"eyJhbGciOiJIUzI1NiIsInR5cCI6IkpXVCJ9.eyJleHAiOjE1NTYyNDY0MDcsImlhdCI6MTU1NjI0NjA0NywianRpIjoidnlhZzFmMXZzMnJsIn0.8pIxtkf5Teip_FbJBqyBENqKnIQkocXA4uLlFWoQz8I"},"loginCount":1}
I/Corona  ( 2713): extra info：	https://hwsj-eu-test.clktec.com:20888/frontend/forward
I/Corona  ( 2713): =============================================
I/Corona  ( 2713): =============================================
I/Corona  ( 2713): send data：	cmd : 	15000
I/Corona  ( 2713): {"isSend":true,"callBackFunc":"<type 'function' is not supported by JSON.>","url":"https://hwsj-eu-test.clktec.com:20888/frontend/forward","data":{"RetailId":2,"HotVersion":1555924261,"appId":1021,"ActId":15000,"Ver":"1.803","serverId":9000,"Token":"eyJhbGciOiJIUzI1NiIsInR5cCI6IkpXVCJ9.eyJleHAiOjE1NTYyNDY0MDcsImlhdCI6MTU1NjI0NjA0NywianRpIjoidnlhZzFmMXZzMnJsIn0.8pIxtkf5Teip_FbJBqyBENqKnIQkocXA4uLlFWoQz8I","T":1556246125,"actionid":15000,"Lang":"zh-cn","Sess":"dhi50Z3goLKTfEesgvekX]gfxlya"},"loginCount":1}
I/Corona  ( 2713): extra info：	https://hwsj-eu-test.clktec.com:20888/frontend/forward
I/Corona  ( 2713): =============================================
I/Corona  ( 2713): socket vertify success
I/Corona  ( 2713): socket begin heartBeat
I/Corona  ( 2713): socket receive data error : 	closed
I/Corona  ( 2713): =============================================
I/Corona  ( 2713): response data：	cmd : 	12311
I/Corona  ( 2713): {"stat":1,"info":"请求成功","data":"{"Sess":"dhi50Z3goLKTfEesgvekX]gfxlya","Data":{"NewestMsg":{"MsgData":{"Avatar":4,"Text":"1","Time":"2019-04-22 06:49:02.000","Nickname":"yaofeng2","DressList":[],"Lv":4,"ShowId":9000000007,"Figure":0,"ext":{"Type":1,"pre_text":"1","Figure":0},"ServerId":9000,"VipLv":0,"Id":"5cbd39ae1344b60001cb40b8","ServerName":"9000","ChatAvatar":"4","Rid":"w1mxtwbyd05d","AvatarList":{},"Manifesto":""},"Channel":"c"},"ShareRemainSeconds":0,"RedPoint":{"vip":1,"visit":1,"achievement":1,"order":1},"SysTime":1556246127,"Cost":23},"Info":"","Code":0}"}
I/Corona  ( 2713): extra info：	访问时间(ms) ： 1095.5381393433
I/Corona  ( 2713): =============================================
I/Corona  ( 2713): =============================================
I/Corona  ( 2713): response data：	cmd : 	15000
I/Corona  ( 2713): {"stat":1,"info":"请求成功","data":"{"Data":{"AllianceDailyTask":false,"AllianceTrade":false,"NewMailNum":0,"AllianceAgreeApply":false,"RedPoint":{"achievement":1,"order":1,"vip":1,"visit":1},"Cost":37,"AllianceApply":false,"AllianceWar":false,"SysTime":1556246127,"SeaKingInvite":false,"Dinner":false,"InfiniteBattleSpoils":false,"FbInvitation":false,"BarbarianKingVitalityFull":false,"SeaKingItemAward":false,"CityAward":false,"TeamInvite":{},"TimeLimit":false,"CompetitionRank":false,"SeaKingFood":false,"CrossCompetitionRank":false},"Info":"","Code":0,"Sess":"dhi50Z3goLKTfEesgvekX]gfxlya"}"}
I/Corona  ( 2713): extra info：	访问时间(ms) ： 1322.3280906677
I/Corona  ( 2713): =============================================
I/Corona  ( 2713): =============================================
I/Corona  ( 2713): response data：	   cmd : 	18129
I/Corona  ( 2713): {"stat":1,"info":"请求成功","data":"{"Sess":"dhi50Z3goLKTfEesgvekX]gfxlya","Data":{"Cost":5,"Status":1,"Unread":0,"RedPoint":{"achievement":1,"order":1,"vip":1,"visit":1},"SysTime":1556246128},"Info":"","Code":0}"}
I/Corona  ( 2713): extra info：	访问时间(ms) ： 2002.7229785919
I/Corona  ( 2713): =============================================
I/Corona  ( 2713): socket reconnect
I/Corona  ( 2713): =============================================
I/Corona  ( 2713): send data：	cmd : 	12311
I/Corona  ( 2713): {"isSend":true,"callBackFunc":"<type 'function' is not supported by JSON.>","url":"https://hwsj-eu-test.clktec.com:20888/frontend/forward","data":{"Sess":"dhi50Z3goLKTfEesgvekX]gfxlya","HotVersion":1555924261,"appId":1021,"ActId":12311,"Ver":"1.803","serverId":9000,"Token":"eyJhbGciOiJIUzI1NiIsInR5cCI6IkpXVCJ9.eyJleHAiOjE1NTYyNDY0MDcsImlhdCI6MTU1NjI0NjA0NywianRpIjoidnlhZzFmMXZzMnJsIn0.8pIxtkf5Teip_FbJBqyBENqKnIQkocXA4uLlFWoQz8I","RetailId":2,"T":1556246132,"Lang":"zh-cn","IsShield":[0,0,0],"actionid":12311},"loginCount":1}
I/Corona  ( 2713): extra info：	https://hwsj-eu-test.clktec.com:20888/frontend/forward
I/Corona  ( 2713): =============================================
I/Corona  ( 2713): =============================================
I/Corona  ( 2713): send data：	   cmd : 	18129
I/Corona  ( 2713): {"errorCallBackFunc":"<type 'function' is not supported by JSON.>","isSend":true,"callBackFunc":"<type 'function' is not supported by JSON.>","url":"https://hwsj-eu-test.clktec.com:20888/frontend/forward","data":{"Sess":"dhi50Z3goLKTfEesgvekX]gfxlya","HotVersion":1555924261,"appId":1021,"ActId":18129,"Ver":"1.803","serverId":9000,"actionid":18129,"RetailId":2,"T":1556246132,"Login":1,"Lang":"zh-cn","Token":"eyJhbGciOiJIUzI1NiIsInR5cCI6IkpXVCJ9.eyJleHAiOjE1NTYyNDY0MDcsImlhdCI6MTU1NjI0NjA0NywianRpIjoidnlhZzFmMXZzMnJsIn0.8pIxtkf5Teip_FbJBqyBENqKnIQkocXA4uLlFWoQz8I"},"loginCount":1}
I/Corona  ( 2713): extra info：	https://hwsj-eu-test.clktec.com:20888/frontend/forward
I/Corona  ( 2713): =============================================
I/Corona  ( 2713): =============================================
I/Corona  ( 2713): send data：	cmd : 	15000
I/Corona  ( 2713): {"isSend":true,"callBackFunc":"<type 'function' is not supported by JSON.>","url":"https://hwsj-eu-test.clktec.com:20888/frontend/forward","data":{"RetailId":2,"HotVersion":1555924261,"appId":1021,"ActId":15000,"Ver":"1.803","serverId":9000,"Token":"eyJhbGciOiJIUzI1NiIsInR5cCI6IkpXVCJ9.eyJleHAiOjE1NTYyNDY0MDcsImlhdCI6MTU1NjI0NjA0NywianRpIjoidnlhZzFmMXZzMnJsIn0.8pIxtkf5Teip_FbJBqyBENqKnIQkocXA4uLlFWoQz8I","T":1556246132,"actionid":15000,"Lang":"zh-cn","Sess":"dhi50Z3goLKTfEesgvekX]gfxlya"},"loginCount":1}
I/Corona  ( 2713): extra info：	https://hwsj-eu-test.clktec.com:20888/frontend/forward
I/Corona  ( 2713): =============================================
I/Corona  ( 2713): =============================================
I/Corona  ( 2713): response data：	cmd : 	12311
I/Corona  ( 2713): {"stat":1,"info":"请求成功","data":"{"Info":"","Code":0,"Sess":"dhi50Z3goLKTfEesgvekX]gfxlya","Data":{"RedPoint":{"achievement":1,"order":1,"vip":1,"visit":1},"SysTime":1556246133,"Cost":25,"ShareRemainSeconds":0,"NewestMsg":{"MsgData":{"ChatAvatar":"4","VipLv":0,"ShowId":9000000007,"Rid":"w1mxtwbyd05d","ServerName":"9000","Manifesto":"","Avatar":4,"Lv":4,"Id":"5cbd39ae1344b60001cb40b8","ServerId":9000,"Text":"1","AvatarList":{},"ext":{"pre_text":"1","Type":1,"Figure":0},"Time":"2019-04-22 06:49:02.000","Nickname":"yaofeng2","DressList":[],"Figure":0},"Channel":"c"}}}"}
I/Corona  ( 2713): extra info：	访问时间(ms) ： 341.89295768738
I/Corona  ( 2713): =============================================
I/Corona  ( 2713): =============================================
I/Corona  ( 2713): response data：	   cmd : 	18129
I/Corona  ( 2713): {"stat":1,"info":"请求成功","data":"{"Data":{"Unread":0,"Status":1,"RedPoint":{"achievement":1,"order":1,"vip":1,"visit":1},"SysTime":1556246133,"Cost":5},"Info":"","Code":0,"Sess":"dhi50Z3goLKTfEesgvekX]gfxlya"}"}
I/Corona  ( 2713): extra info：	访问时间(ms) ： 317.1968460083
I/Corona  ( 2713): =============================================
I/Corona  ( 2713): =============================================
I/Corona  ( 2713): response data：	cmd : 	15000
I/Corona  ( 2713): {"stat":1,"info":"请求成功","data":"{"Data":{"NewMailNum":0,"SeaKingFood":false,"BarbarianKingVitalityFull":false,"AllianceDailyTask":false,"CompetitionRank":false,"SeaKingItemAward":false,"SeaKingInvite":false,"TeamInvite":{},"Dinner":false,"AllianceApply":false,"SysTime":1556246133,"AllianceTrade":false,"InfiniteBattleSpoils":false,"TimeLimit":false,"AllianceAgreeApply":false,"CrossCompetitionRank":false,"RedPoint":{"achievement":1,"order":1,"vip":1,"visit":1},"FbInvitation":false,"AllianceWar":false,"CityAward":false,"Cost":39},"Info":"","Code":0,"Sess":"dhi50Z3goLKTfEesgvekX]gfxlya"}"}
I/Corona  ( 2713): extra info：	访问时间(ms) ： 964.63584899902
I/Corona  ( 2713): =============================================
I/Corona  ( 2713): =============================================
I/Corona  ( 2713): send data：	   cmd : 	11005
I/Corona  ( 2713): {"isSend":true,"callBackFunc":"<type 'function' is not supported by JSON.>","url":"https://hwsj-eu-test.clktec.com:20888/frontend/forward","data":{"Sess":"dhi50Z3goLKTfEesgvekX]gfxlya","HotVersion":1555924261,"appId":1021,"ActId":11005,"Ver":"1.803","serverId":9000,"Token":"eyJhbGciOiJIUzI1NiIsInR5cCI6IkpXVCJ9.eyJleHAiOjE1NTYyNDY0MDcsImlhdCI6MTU1NjI0NjA0NywianRpIjoidnlhZzFmMXZzMnJsIn0.8pIxtkf5Teip_FbJBqyBENqKnIQkocXA4uLlFWoQz8I","RetailId":2,"T":1556246134,"Lang":"zh-cn","actionid":11005},"loginCount":1}
I/Corona  ( 2713): extra info：	https://hwsj-eu-test.clktec.com:20888/frontend/forward
I/Corona  ( 2713): =============================================
I/Corona  ( 2713): socket vertify success
I/Corona  ( 2713): socket begin heartBeat
I/Corona  ( 2713): =============================================
I/Corona  ( 2713): response data：	   cmd : 	11005
I/Corona  ( 2713): {"stat":1,"info":"请求成功","data":"{"Code":0,"Sess":"dhi50Z3goLKTfEesgvekX]gfxlya","Data":{"IsCrossRankOpen":1,"Top1":{"Lv":2,"Name":"奥菲利娅 纽曼","Power":1348,"Dress":[],"Avatar":1,"Figure":0},"CrossTop1":{"Dress":[],"Avatar":4,"Figure":0,"Lv":4,"Name":"Umdu","Power":8859103075},"RedPoint":{"order":1,"vip":1,"visit":1,"achievement":1},"SysTime":1556246136,"Cost":15},"Info":""}"}
I/Corona  ( 2713): extra info：	访问时间(ms) ： 300.51803588867
I/Corona  ( 2713): =============================================
I/Corona  ( 2713): socket receive data error : 	closed
I/Corona  ( 2713): =============================================
I/Corona  ( 2713): send data：	   cmd : 	11001
I/Corona  ( 2713): {"errorCallBackFunc":"<type 'function' is not supported by JSON.>","isSend":true,"callBackFunc":"<type 'function' is not supported by JSON.>","url":"https://hwsj-eu-test.clktec.com:20888/frontend/forward","data":{"Sess":"dhi50Z3goLKTfEesgvekX]gfxlya","HotVersion":1555924261,"appId":1021,"ActId":11001,"Ver":"1.803","serverId":9000,"Token":"eyJhbGciOiJIUzI1NiIsInR5cCI6IkpXVCJ9.eyJleHAiOjE1NTYyNDY0MDcsImlhdCI6MTU1NjI0NjA0NywianRpIjoidnlhZzFmMXZzMnJsIn0.8pIxtkf5Teip_FbJBqyBENqKnIQkocXA4uLlFWoQz8I","RetailId":2,"T":1556246137,"Lang":"zh-cn","actionid":11001},"loginCount":1}
I/Corona  ( 2713): extra info：	https://hwsj-eu-test.clktec.com:20888/frontend/forward
I/Corona  ( 2713): =============================================
I/Corona  ( 2713): =============================================
I/Corona  ( 2713): response data：	   cmd : 	11001
I/Corona  ( 2713): {"stat":1,"info":"请求成功","data":"{"Sess":"dhi50Z3goLKTfEesgvekX]gfxlya","Data":{"BeautyIntimacy":[{"Dress":[],"Figure":0,"RoleId":"w1r5bnqdrgek","Nickname":"william4基","TotalIntimacy":1},{"RoleId":"w1r5a2xbwr29","Nickname":"william5","TotalIntimacy":1,"Dress":[],"Figure":0},{"RoleId":"w1n2roean5z5","Nickname":"奥菲利娅 纽曼","TotalIntimacy":1,"Dress":[],"Figure":0}],"RoleSection":[{"Nickname":"巴恩斯 德尔加多","TotalSecRecord":1110,"Dress":[],"Figure":0,"RoleId":"w15qv4l29mhy"},{"RoleId":"w1n2qjyxau4h","Nickname":"Moira Garner","TotalSecRecord":1110,"Dress":[],"Figure":0},{"RoleId":"w1r5a2xbwr29","Nickname":"william5","TotalSecRecord":1110,"Dress":[],"Figure":0},{"RoleId":"w1r5bnqdrgek","Nickname":"william4基","TotalSecRecord":1110,"Dress":[],"Figure":0},{"Figure":0,"RoleId":"w1n2roean5z5","Nickname":"奥菲利娅 纽曼","TotalSecRecord":1110,"Dress":[]},{"RoleId":"w1r5bnqdrger","Nickname":"吉赛尔 怀亚特","TotalSecRecord":1110,"Dress":[],"Figure":0}],"RedPoint":{"achievement":1,"order":1,"vip":1,"visit":1},"SysTime":1556246137,"Cost":14,"RankWorshipTime":{"PowerRank":"2018-04-26 05:35:37","IntimacyRank":"2018-04-26 05:35:37","SectionRank":"2018-04-26 05:35:37"},"RankSelf":{"Intimacy":3,"TotalPower":1,"Section":5},"RolePower":[{"Nickname":"奥菲利娅 纽曼","TotalPower":1348,"Dress":[],"Figure":0,"RoleId":"w1n2roean5z5","Lv":2},{"TotalPower":1260,"Dress":[],"Figure":0,"RoleId":"w1r5bnqdrgek","Lv":7,"Nickname":"william4基"},{"RoleId":"w1r5a2xbwr29","Lv":6,"Nickname":"william5","TotalPower":1110,"Dress":[],"Figure":0},{"RoleId":"w1r5bnqdrger","Lv":1,"Nickname":"吉赛尔 怀亚特","TotalPower":480,"Dress":[],"Figure":0}]},"Info":"","Code":0}"}
I/Corona  ( 2713): extra info：	访问时间(ms) ： 348.01602363586
I/Corona  ( 2713): =============================================
I/SoundDecoder( 2713): MPG123: Accepting data stream.
I/Corona  ( 2713): socket reconnect
I/Corona  ( 2713): socket vertify success
I/Corona  ( 2713): socket begin heartBeat
I/Corona  ( 2713): socket receive data error : 	closed
I/Corona  ( 2713): socket reconnect
I/Corona  ( 2713): socket vertify success
I/Corona  ( 2713): socket begin heartBeat
I/Corona  ( 2713): socket receive data error : 	closed
W/System.err( 2713): java.net.ConnectException: failed to connect to graph.facebook.com/199.16.156.40 (port 443): connect failed: ETIMEDOUT (Connection timed out)
W/System.err( 2713): 	at libcore.io.IoBridge.connect(IoBridge.java:124)
W/System.err( 2713): 	at java.net.PlainSocketImpl.connect(PlainSocketImpl.java:183)
W/System.err( 2713): 	at java.net.PlainSocketImpl.connect(PlainSocketImpl.java:456)
W/System.err( 2713): 	at java.net.Socket.connect(Socket.java:882)
W/System.err( 2713): 	at com.android.okhttp.internal.Platform.connectSocket(Platform.java:174)
W/System.err( 2713): 	at com.android.okhttp.Connection.connect(Connection.java:152)
W/System.err( 2713): 	at com.android.okhttp.internal.http.HttpEngine.connect(HttpEngine.java:276)
W/System.err( 2713): 	at com.android.okhttp.internal.http.HttpEngine.sendRequest(HttpEngine.java:211)
W/System.err( 2713): 	at com.android.okhttp.internal.http.HttpURLConnectionImpl.execute(HttpURLConnectionImpl.java:382)
W/System.err( 2713): 	at com.android.okhttp.internal.http.HttpURLConnectionImpl.connect(HttpURLConnectionImpl.java:106)
W/System.err( 2713): 	at com.android.okhttp.internal.http.DelegatingHttpsURLConnection.connect(DelegatingHttpsURLConnection.java:89)
W/System.err( 2713): 	at com.android.okhttp.internal.http.HttpsURLConnectionImpl.connect(HttpsURLConnectionImpl.java:25)
W/System.err( 2713): 	at com.facebook.ads.internal.p.a.a.a(Unknown Source)
W/System.err( 2713): 	at com.facebook.ads.internal.p.a.a.a(Unknown Source)
W/System.err( 2713): 	at com.facebook.ads.internal.p.a.h.a(Unknown Source)
W/System.err( 2713): 	at com.facebook.ads.internal.p.a.h.doInBackground(Unknown Source)
W/System.err( 2713): 	at android.os.AsyncTask$2.call(AsyncTask.java:292)
W/System.err( 2713): 	at java.util.concurrent.FutureTask.run(FutureTask.java:237)
W/System.err( 2713): 	at java.util.concurrent.ThreadPoolExecutor.runWorker(ThreadPoolExecutor.java:1112)
W/System.err( 2713): 	at java.util.concurrent.ThreadPoolExecutor$Worker.run(ThreadPoolExecutor.java:587)
W/System.err( 2713): 	at java.lang.Thread.run(Thread.java:818)
W/System.err( 2713): Caused by: android.system.ErrnoException: connect failed: ETIMEDOUT (Connection timed out)
W/System.err( 2713): 	at libcore.io.Posix.connect(Native Method)
W/System.err( 2713): 	at libcore.io.BlockGuardOs.connect(BlockGuardOs.java:111)
W/System.err( 2713): 	at libcore.io.IoBridge.connectErrno(IoBridge.java:137)
W/System.err( 2713): 	at libcore.io.IoBridge.connect(IoBridge.java:122)
W/System.err( 2713): 	... 20 more
I/Corona  ( 2713): socket reconnect
I/Corona  ( 2713): socket vertify success
I/Corona  ( 2713): socket begin heartBeat
I/Corona  ( 2713): socket receive data error : 	closed
I/Corona  ( 2713): =============================================
I/Corona  ( 2713): send data：	cmd : 	15000
I/Corona  ( 2713): {"isSend":true,"callBackFunc":"<type 'function' is not supported by JSON.>","url":"https://hwsj-eu-test.clktec.com:20888/frontend/forward","data":{"RetailId":2,"HotVersion":1555924261,"appId":1021,"ActId":15000,"Ver":"1.803","serverId":9000,"Token":"eyJhbGciOiJIUzI1NiIsInR5cCI6IkpXVCJ9.eyJleHAiOjE1NTYyNDY0MDcsImlhdCI6MTU1NjI0NjA0NywianRpIjoidnlhZzFmMXZzMnJsIn0.8pIxtkf5Teip_FbJBqyBENqKnIQkocXA4uLlFWoQz8I","T":1556246165,"actionid":15000,"Lang":"zh-cn","Sess":"dhi50Z3goLKTfEesgvekX]gfxlya"},"loginCount":1}
I/Corona  ( 2713): extra info：	https://hwsj-eu-test.clktec.com:20888/frontend/forward
I/Corona  ( 2713): =============================================
I/Corona  ( 2713): =============================================
I/Corona  ( 2713): response data：	cmd : 	15000
I/Corona  ( 2713): {"stat":1,"info":"请求成功","data":"{"Data":{"AllianceTrade":false,"SeaKingFood":false,"RedPoint":{"achievement":1,"order":1,"vip":1,"visit":1},"SysTime":1556246168,"Cost":41,"SeaKingInvite":false,"AllianceApply":false,"TeamInvite":{},"NewMailNum":0,"AllianceDailyTask":false,"FbInvitation":false,"AllianceAgreeApply":false,"CityAward":false,"SeaKingItemAward":false,"AllianceWar":false,"BarbarianKingVitalityFull":false,"CompetitionRank":false,"Dinner":false,"TimeLimit":false,"CrossCompetitionRank":false,"InfiniteBattleSpoils":false},"Info":"","Code":0,"Sess":"Fhi50Z3goLKTfEesgvekX61gRhoZ"}"}
I/Corona  ( 2713): extra info：	访问时间(ms) ： 2181.2419891357
I/Corona  ( 2713): =============================================
I/Corona  ( 2713): socket reconnect
I/Corona  ( 2713): socket vertify success
I/Corona  ( 2713): socket begin heartBeat
I/Corona  ( 2713): socket receive data error : 	closed
I/Corona  ( 2713): socket reconnect
I/Corona  ( 2713): socket vertify success
I/Corona  ( 2713): socket begin heartBeat
I/Corona  ( 2713): socket receive data error : 	closed
I/Corona  ( 2713): socket reconnect
I/SoundDecoder_SetError( 2713): Cannot operate on sample because already at EOF
I/SoundDecoder_SetError( 2713): Cannot operate on sample because already at EOF
I/Corona  ( 2713): socket vertify success
I/Corona  ( 2713): socket begin heartBeat
I/Corona  ( 2713): socket receive data error : 	closed
I/Corona  ( 2713): socket reconnect
I/Corona  ( 2713): socket vertify success
I/Corona  ( 2713): socket begin heartBeat
I/Corona  ( 2713): socket receive data error : 	closed
I/Corona  ( 2713): socket reconnect
I/Corona  ( 2713): socket vertify success
I/Corona  ( 2713): socket begin heartBeat
I/Corona  ( 2713): socket receive data error : 	closed
I/Corona  ( 2713): socket reconnect
I/Corona  ( 2713): socket vertify success
I/Corona  ( 2713): socket begin heartBeat
I/Corona  ( 2713): socket receive data error : 	closed
I/Corona  ( 2713): socket reconnect
I/Corona  ( 2713): =============================================
I/Corona  ( 2713): send data：	cmd : 	15000
I/Corona  ( 2713): {"isSend":true,"callBackFunc":"<type 'function' is not supported by JSON.>","url":"https://hwsj-eu-test.clktec.com:20888/frontend/forward","data":{"RetailId":2,"HotVersion":1555924261,"appId":1021,"ActId":15000,"Ver":"1.803","serverId":9000,"Token":"eyJhbGciOiJIUzI1NiIsInR5cCI6IkpXVCJ9.eyJleHAiOjE1NTYyNDY0MDcsImlhdCI6MTU1NjI0NjA0NywianRpIjoidnlhZzFmMXZzMnJsIn0.8pIxtkf5Teip_FbJBqyBENqKnIQkocXA4uLlFWoQz8I","T":1556246225,"actionid":15000,"Lang":"zh-cn","Sess":"Fhi50Z3goLKTfEesgvekX61gRhoZ"},"loginCount":1}
I/Corona  ( 2713): extra info：	https://hwsj-eu-test.clktec.com:20888/frontend/forward
I/Corona  ( 2713): =============================================
I/Corona  ( 2713): =============================================
I/Corona  ( 2713): response data：	cmd : 	15000
I/Corona  ( 2713): {"stat":1,"info":"请求成功","data":"{"Data":{"AllianceDailyTask":false,"InfiniteBattleSpoils":false,"TimeLimit":false,"NewMailNum":0,"AllianceApply":false,"TeamInvite":{},"AllianceTrade":false,"BarbarianKingVitalityFull":false,"SeaKingFood":false,"CompetitionRank":false,"AllianceWar":false,"FbInvitation":false,"SeaKingInvite":false,"CrossCompetitionRank":false,"CityAward":false,"Cost":34,"AllianceAgreeApply":false,"SeaKingItemAward":false,"Dinner":false,"RedPoint":{"achievement":1,"order":1,"vip":1,"visit":1},"SysTime":1556246228},"Info":"","Code":0,"Sess":"Fhi50Z3goLKTfEesgvekX61gRhoZ"}"}
I/Corona  ( 2713): extra info：	访问时间(ms) ： 2467.7839279175
I/Corona  ( 2713): =============================================
I/Corona  ( 2713): socket vertify success
I/Corona  ( 2713): socket begin heartBeat
I/Corona  ( 2713): socket receive data error : 	closed
I/Corona  ( 2713): socket reconnect
I/Corona  ( 2713): socket vertify success
I/Corona  ( 2713): socket begin heartBeat
I/Corona  ( 2713): socket receive data error : 	closed
I/Corona  ( 2713): socket reconnect
I/Corona  ( 2713): socket vertify success
I/Corona  ( 2713): socket begin heartBeat
I/Corona  ( 2713): socket receive data error : 	closed
I/SoundDecoder_SetError( 2713): Cannot operate on sample because already at EOF
I/SoundDecoder_SetError( 2713): Cannot operate on sample because already at EOF
I/Corona  ( 2713): socket reconnect
I/Corona  ( 2713): socket vertify success
I/Corona  ( 2713): socket begin heartBeat
I/Corona  ( 2713): socket receive data error : 	closed
I/Corona  ( 2713): socket reconnect
I/Corona  ( 2713): socket vertify success
I/Corona  ( 2713): socket begin heartBeat
I/Corona  ( 2713): socket receive data error : 	closed
I/Corona  ( 2713): socket reconnect
D/AndroidRuntime( 3472): >>>>>> START com.android.internal.os.RuntimeInit uid 0 <<<<<<
D/AndroidRuntime( 3472): CheckJNI is OFF
W/        ( 3472): Failed to bind-mount /system/lib/x86/cpuinfo as /proc/cpuinfo: No such file or directory
E/        ( 3472): Cannot create code cache directory ./code_cache: Read-only file system.
E/memtrack( 3472): Couldn't load memtrack module (No such file or directory)
E/android.os.Debug( 3472): failed to load memtrack module: -2
D/AndroidRuntime( 3472): Calling main entry com.android.commands.wm.Wm
D/AndroidRuntime( 3472): Shutting down VM
D/AndroidRuntime( 3489): >>>>>> START com.android.internal.os.RuntimeInit uid 0 <<<<<<
D/AndroidRuntime( 3489): CheckJNI is OFF
W/        ( 3489): Failed to bind-mount /system/lib/x86/cpuinfo as /proc/cpuinfo: No such file or directory
E/        ( 3489): Cannot create code cache directory ./code_cache: Read-only file system.
E/memtrack( 3489): Couldn't load memtrack module (No such file or directory)
E/android.os.Debug( 3489): failed to load memtrack module: -2
D/AndroidRuntime( 3489): Calling main entry com.android.commands.monkey.Monkey
W/BroadcastQueue( 1685): Skipping deliver [background] BroadcastRecord{13729924 u-1 android.net.conn.CONNECTIVITY_CHANGE} to ReceiverList{84c5c8d 3489 (unknown name)/0/u-1 remote:6a75cb6}: process crashing
I/ActivityManager( 1685): START u0 {act=android.intent.action.MAIN cat=[android.intent.category.LAUNCHER] flg=0x10200000 cmp=com.dc.hwsj/.LuaActivity} from uid 0 on display 0
I/Corona  ( 2713): =============================================
I/Corona  ( 2713): send data：	   cmd : 	11001
I/Corona  ( 2713): {"errorCallBackFunc":"<type 'function' is not supported by JSON.>","isSend":true,"callBackFunc":"<type 'function' is not supported by JSON.>","url":"https://hwsj-eu-test.clktec.com:20888/frontend/forward","data":{"Sess":"Fhi50Z3goLKTfEesgvekX61gRhoZ","HotVersion":1555924261,"appId":1021,"ActId":11001,"Ver":"1.803","serverId":9000,"Token":"eyJhbGciOiJIUzI1NiIsInR5cCI6IkpXVCJ9.eyJleHAiOjE1NTYyNDY0MDcsImlhdCI6MTU1NjI0NjA0NywianRpIjoidnlhZzFmMXZzMnJsIn0.8pIxtkf5Teip_FbJBqyBENqKnIQkocXA4uLlFWoQz8I","RetailId":2,"T":1556246273,"Lang":"zh-cn","actionid":11001},"loginCount":1}
I/Corona  ( 2713): extra info：	https://hwsj-eu-test.clktec.com:20888/frontend/forward
I/Corona  ( 2713): =============================================
I/ActivityManager( 1685): START u0 {act=android.intent.action.MAIN cat=[android.intent.category.LAUNCHER] flg=0x10200000 cmp=com.dc.hwsj/.LuaActivity} from uid 0 on display 0
I/Corona  ( 2713): =============================================
I/Corona  ( 2713): response data：	   cmd : 	11001
I/Corona  ( 2713): {"stat":1,"info":"请求成功","data":"{"Info":"","Code":0,"Sess":"C9f50Z3goLKTfEesgvekX]a1iQr]","Data":{"RolePower":[{"Nickname":"奥菲利娅 纽曼","TotalPower":1348,"Dress":[],"Figure":0,"RoleId":"w1n2roean5z5","Lv":2},{"RoleId":"w1r5bnqdrgek","Lv":7,"Nickname":"william4基","TotalPower":1260,"Dress":[],"Figure":0},{"Figure":0,"RoleId":"w1r5a2xbwr29","Lv":6,"Nickname":"william5","TotalPower":1110,"Dress":[]},{"Figure":0,"RoleId":"w1r5bnqdrger","Lv":1,"Nickname":"吉赛尔 怀亚特","TotalPower":480,"Dress":[]}],"BeautyIntimacy":[{"Nickname":"william4基","TotalIntimacy":1,"Dress":[],"Figure":0,"RoleId":"w1r5bnqdrgek"},{"RoleId":"w1r5a2xbwr29","Nickname":"william5","TotalIntimacy":1,"Dress":[],"Figure":0},{"Nickname":"奥菲利娅 纽曼","TotalIntimacy":1,"Dress":[],"Figure":0,"RoleId":"w1n2roean5z5"}],"RoleSection":[{"RoleId":"w15qv4l29mhy","Nickname":"巴恩斯 德尔加多","TotalSecRecord":1110,"Dress":[],"Figure":0},{"RoleId":"w1n2qjyxau4h","Nickname":"Moira Garner","TotalSecRecord":1110,"Dress":[],"Figure":0},{"Figure":0,"RoleId":"w1r5a2xbwr29","Nickname":"william5","TotalSecRecord":1110,"Dress":[]},{"RoleId":"w1r5bnqdrgek","Nickname":"william4基","TotalSecRecord":1110,"Dress":[],"Figure":0},{"Figure":0,"RoleId":"w1n2roean5z5","Nickname":"奥菲利娅 纽曼","TotalSecRecord":1110,"Dress":[]},{"TotalSecRecord":1110,"Dress":[],"Figure":0,"RoleId":"w1r5bnqdrger","Nickname":"吉赛尔 怀亚特"}],"RankWorshipTime":{"PowerRank":"2018-04-26 05:37:55","IntimacyRank":"2018-04-26 05:37:55","SectionRank":"2018-04-26 05:37:55"},"RankSelf":{"TotalPower":1,"Section":5,"Intimacy":3},"RedPoint":{"vip":1,"visit":1,"achievement":1,"order":1},"SysTime":1556246275,"Cost":22}}"}
I/Corona  ( 2713): extra info：	访问时间(ms) ： 1370.1000213623
I/Corona  ( 2713): =============================================
I/Corona  ( 2713): socket vertify success
I/Corona  ( 2713): socket begin heartBeat
I/Corona  ( 2713): socket receive data error : 	closed
I/ActivityManager( 1685): START u0 {act=android.intent.action.MAIN cat=[android.intent.category.LAUNCHER] flg=0x10200000 cmp=com.dc.hwsj/.LuaActivity} from uid 0 on display 0
I/ActivityManager( 1685): START u0 {act=android.intent.action.MAIN cat=[android.intent.category.LAUNCHER] flg=0x10200000 cmp=com.dc.hwsj/.LuaActivity} from uid 0 on display 0
I/Corona  ( 2713): =============================================
I/Corona  ( 2713): send data：	   cmd : 	11003
I/Corona  ( 2713): {"isSend":true,"callBackFunc":"<type 'function' is not supported by JSON.>","url":"https://hwsj-eu-test.clktec.com:20888/frontend/forward","data":{"Sess":"C9f50Z3goLKTfEesgvekX]a1iQr]","HotVersion":1555924261,"appId":1021,"QueryId":"w1r5bnqdrgek","Ver":"1.803","serverId":9000,"Token":"eyJhbGciOiJIUzI1NiIsInR5cCI6IkpXVCJ9.eyJleHAiOjE1NTYyNDY0MDcsImlhdCI6MTU1NjI0NjA0NywianRpIjoidnlhZzFmMXZzMnJsIn0.8pIxtkf5Teip_FbJBqyBENqKnIQkocXA4uLlFWoQz8I","RetailId":2,"T":1556246278,"actionid":11003,"Lang":"zh-cn","ActId":11003},"loginCount":1}
I/Corona  ( 2713): extra info：	https://hwsj-eu-test.clktec.com:20888/frontend/forward
I/Corona  ( 2713): =============================================
I/art     ( 2713): Explicit concurrent mark sweep GC freed 86944(4MB) AllocSpace objects, 19(304KB) LOS objects, 32% free, 33MB/49MB, paused 424us total 15.234ms
I/art     ( 2713): Explicit concurrent mark sweep GC freed 3657(827KB) AllocSpace objects, 44(16MB) LOS objects, 40% free, 16MB/27MB, paused 366us total 13.188ms
I/art     ( 2713): Explicit concurrent mark sweep GC freed 7(272B) AllocSpace objects, 0(0B) LOS objects, 40% free, 16MB/27MB, paused 350us total 11.343ms
