--------- beginning of main
D/        (    0): vbox_graph_mode=1920x1080
I/installd(    0): installd firing up
I/Netd    (    0): Netd 1.0 starting
D/TetherController(    0): Setting IP forward enable = 0
E/Netd    (    0): Failed to open /proc/sys/net/ipv6/conf/default/accept_ra_rt_table: No such file or directory
E/Netd    (    0): Failed to open /proc/sys/net/ipv6/conf/eth1/accept_ra_rt_table: No such file or directory
E/Netd    (    0): Failed to open /proc/sys/net/ipv6/conf/ip6tnl0/accept_ra_rt_table: No such file or directory
E/Netd    (    0): Failed to open /proc/sys/net/ipv6/conf/lo/accept_ra_rt_table: No such file or directory
E/Netd    (    0): Failed to open /proc/sys/net/ipv6/conf/sit0/accept_ra_rt_table: No such file or directory
E/Netd    (    0): Failed to open /proc/sys/net/ipv6/conf/wlan0/accept_ra_rt_table: No such file or directory
I/lowmemorykiller(    0): Using in-kernel low memory killer interface
I/        (    0): debuggerd: Dec  8 2017 17:48:29
--------- beginning of system
I/Vold    ( 1445): Vold 2.1 (the revenge) firing up
D/Vold    ( 1445): Volume sdcard state changing -1 (Initializing) -> 0 (No-Media)
I/keystore( 1458): SELinux: Keystore SELinux is disabled.
I/SurfaceFlinger( 1446): SurfaceFlinger is starting
I/SurfaceFlinger( 1446): SurfaceFlinger's main thread ready to run. Initializing graphics H/W...
I/mediaserver( 1456): ServiceManager: 0xb5826620
I/AudioFlinger( 1456): Using default 3000 mSec as standby time.
I/ServiceManager( 1456): Waiting for service batterystats...
D/libEGL  ( 1446): loaded /system/lib/egl/libEGL_adreno.so
D/        ( 1446): HostConnection::get() New Host Connection established 0xb683a140, tid 1446
D/libEGL  ( 1446): loaded /system/lib/egl/libGLESv1_CM_adreno.so
D/libEGL  ( 1446): loaded /system/lib/egl/libGLESv2_adreno.so
E/SurfaceFlinger( 1446): hwcomposer module not found
W/SurfaceFlinger( 1446): no suitable EGLConfig found, trying a simpler query
I/SurfaceFlinger( 1446): EGL information:
I/SurfaceFlinger( 1446): vendor    : Android
I/SurfaceFlinger( 1446): version   : 1.4 Android META-EGL
I/SurfaceFlinger( 1446): extensions: EGL_KHR_get_all_proc_addresses EGL_ANDROID_presentation_time EGL_KHR_image_base 
I/SurfaceFlinger( 1446): Client API: OpenGL_ES
I/SurfaceFlinger( 1446): EGLSurface: 8-8-8-8, config=0x8
I/SurfaceFlinger( 1446): OpenGL ES informations:
I/SurfaceFlinger( 1446): vendor    : ARM
I/SurfaceFlinger( 1446): renderer  : Mali-450 MP
I/SurfaceFlinger( 1446): version   : OpenGL ES 2.0
I/SurfaceFlinger( 1446): extensions: GL_EXT_debug_marker GL_OES_EGL_image GL_OES_EGL_image_external GL_OES_depth24 GL_OES_depth32 GL_OES_element_index_uint GL_OES_texture_float GL_OES_texture_float_linear GL_OES_compressed_paletted_texture GL_OES_compressed_ETC1_RGB8_texture GL_OES_depth_texture GL_EXT_texture_format_BGRA8888 GL_APPLE_texture_format_BGRA8888 GL_OES_texture_half_float GL_OES_texture_half_float_linear GL_OES_packed_depth_stencil GL_OES_vertex_half_float GL_OES_texture_npot GL_OES_rgb8_rgba8 GL_EXT_color_buffer_float ANDROID_gles_max_version_3_1 GL_OES_vertex_array_object
I/SurfaceFlinger( 1446): GL_MAX_TEXTURE_SIZE = 32768
I/SurfaceFlinger( 1446): GL_MAX_VIEWPORT_DIMS = 32768
D/AndroidRuntime( 1460): >>>>>> START com.android.internal.os.ZygoteInit uid 0 <<<<<<
D/SurfaceFlinger( 1446): setOrientation, mFbdev=0xb68613c0, mFbDev->setOrientation=0xb7009ea0, orientation=0
I/gralloc_nox( 1446): setOrientation: orientation=0
D/SurfaceFlinger( 1446): Set power mode=2, type=0 flinger=0xb685d000
D/SurfaceFlinger( 1446): shader cache generated - 24 shaders in 38.965954 ms
D/libEGL  ( 1545): loaded /system/lib/egl/libEGL_adreno.so
D/        ( 1545): HostConnection::get() New Host Connection established 0xb58270d0, tid 1551
D/libEGL  ( 1545): loaded /system/lib/egl/libGLESv1_CM_adreno.so
D/libEGL  ( 1545): loaded /system/lib/egl/libGLESv2_adreno.so
D/        ( 1446): HostConnection::get() New Host Connection established 0xb602d0e0, tid 1516
D/AndroidRuntime( 1460): CheckJNI is OFF
I/art     ( 1460): option[0]=-Xzygote
I/art     ( 1460): option[1]=-Xstacktracefile:/data/anr/traces.txt
I/art     ( 1460): option[2]=exit
I/art     ( 1460): option[3]=vfprintf
I/art     ( 1460): option[4]=sensitiveThread
I/art     ( 1460): option[5]=-verbose:gc
I/art     ( 1460): option[6]=-Xms16m
I/art     ( 1460): option[7]=-Xmx512m
I/art     ( 1460): option[8]=-XX:mainThreadStackSize=24K
I/art     ( 1460): option[9]=-XX:HeapGrowthLimit=192m
I/art     ( 1460): option[10]=-XX:HeapMinFree=4m
I/art     ( 1460): option[11]=-XX:HeapMaxFree=8m
I/art     ( 1460): option[12]=-XX:HeapTargetUtilization=0.75
I/art     ( 1460): option[13]=-Xgenregmap
I/art     ( 1460): option[14]=-Xgc:precise
I/art     ( 1460): option[15]=-agentlib:jdwp=transport=dt_android_adb,suspend=n,server=y
I/art     ( 1460): option[16]=-Xlockprofthreshold:500
I/art     ( 1460): option[17]=-Ximage-compiler-option
I/art     ( 1460): option[18]=--runtime-arg
I/art     ( 1460): option[19]=-Ximage-compiler-option
I/art     ( 1460): option[20]=-Xms64m
I/art     ( 1460): option[21]=-Ximage-compiler-option
I/art     ( 1460): option[22]=--runtime-arg
I/art     ( 1460): option[23]=-Ximage-compiler-option
I/art     ( 1460): option[24]=-Xmx64m
I/art     ( 1460): option[25]=-Ximage-compiler-option
I/art     ( 1460): option[26]=--image-classes=/system/etc/preloaded-classes
I/art     ( 1460): option[27]=-Xcompiler-option
I/art     ( 1460): option[28]=--runtime-arg
I/art     ( 1460): option[29]=-Xcompiler-option
I/art     ( 1460): option[30]=-Xms64m
I/art     ( 1460): option[31]=-Xcompiler-option
I/art     ( 1460): option[32]=--runtime-arg
I/art     ( 1460): option[33]=-Xcompiler-option
I/art     ( 1460): option[34]=-Xmx512m
I/art     ( 1460): option[35]=-Duser.language=zh
I/art     ( 1460): option[36]=-Duser.region=CN
I/art     ( 1460): option[37]=-XX:NativeBridge=libnb.so
W/art     ( 1460): Incomplete boot detected. Pruning dalvik cache
E/memtrack( 1460): Couldn't load memtrack module (No such file or directory)
E/android.os.Debug( 1460): failed to load memtrack module: -2
I/SamplingProfilerIntegration( 1460): Profiling disabled.
D/Zygote  ( 1460): begin preload
I/Zygote  ( 1460): Preloading classes...
I/art     ( 1460): Explicit concurrent mark sweep GC freed 798(36KB) AllocSpace objects, 0(0B) LOS objects, 99% free, 44KB/8MB, paused 52us total 4.802ms
I/art     ( 1460): Counter: 1
E/Minikin ( 1460): addFont failed to create font /system/fonts/NotoSansGujarati-Regular.ttf
E/Minikin ( 1460): addFont failed to create font /system/fonts/NotoSansGujarati-Bold.ttf
E/Minikin ( 1460): addFont failed to create font /system/fonts/NotoSansGujaratiUI-Regular.ttf
E/Minikin ( 1460): addFont failed to create font /system/fonts/NotoSansGujaratiUI-Bold.ttf
E/Minikin ( 1460): addFont failed to create font /system/fonts/NotoSansGurmukhi-Regular.ttf
E/Minikin ( 1460): addFont failed to create font /system/fonts/NotoSansGurmukhi-Bold.ttf
E/Minikin ( 1460): addFont failed to create font /system/fonts/NotoSansGurmukhiUI-Regular.ttf
E/Minikin ( 1460): addFont failed to create font /system/fonts/NotoSansGurmukhiUI-Bold.ttf
E/Minikin ( 1460): addFont failed to create font /system/fonts/NotoSansSinhala-Regular.ttf
E/Minikin ( 1460): addFont failed to create font /system/fonts/NotoSansSinhala-Bold.ttf
E/Minikin ( 1460): addFont failed to create font /system/fonts/NotoSansThaana-Regular.ttf
E/Minikin ( 1460): addFont failed to create font /system/fonts/NotoSansThaana-Bold.ttf
E/Minikin ( 1460): addFont failed to create font /system/fonts/NotoSansCham-Regular.ttf
E/Minikin ( 1460): addFont failed to create font /system/fonts/NotoSansCham-Bold.ttf
E/Minikin ( 1460): addFont failed to create font /system/fonts/NotoSansBalinese-Regular.ttf
E/Minikin ( 1460): addFont failed to create font /system/fonts/NotoSansBatak-Regular.ttf
E/Minikin ( 1460): addFont failed to create font /system/fonts/NotoSansBuginese-Regular.ttf
E/Minikin ( 1460): addFont failed to create font /system/fonts/NotoSansBuhid-Regular.ttf
E/Minikin ( 1460): addFont failed to create font /system/fonts/NotoSansCanadianAboriginal-Regular.ttf
E/Minikin ( 1460): addFont failed to create font /system/fonts/NotoSansCherokee-Regular.ttf
E/Minikin ( 1460): addFont failed to create font /system/fonts/NotoSansCoptic-Regular.ttf
E/Minikin ( 1460): addFont failed to create font /system/fonts/NotoSansGlagolitic-Regular.ttf
E/Minikin ( 1460): addFont failed to create font /system/fonts/NotoSansHanunoo-Regular.ttf
E/Minikin ( 1460): addFont failed to create font /system/fonts/NotoSansJavanese-Regular.ttf
E/Minikin ( 1460): addFont failed to create font /system/fonts/NotoSansKayahLi-Regular.ttf
E/Minikin ( 1460): addFont failed to create font /system/fonts/NotoSansLepcha-Regular.ttf
E/Minikin ( 1460): addFont failed to create font /system/fonts/NotoSansLimbu-Regular.ttf
E/Minikin ( 1460): addFont failed to create font /system/fonts/NotoSansMeeteiMayek-Regular.ttf
E/Minikin ( 1460): addFont failed to create font /system/fonts/NotoSansOlChiki-Regular.ttf
E/Minikin ( 1460): addFont failed to create font /system/fonts/NotoSansRejang-Regular.ttf
E/Minikin ( 1460): addFont failed to create font /system/fonts/NotoSansSaurashtra-Regular.ttf
E/Minikin ( 1460): addFont failed to create font /system/fonts/NotoSansSundanese-Regular.ttf
E/Minikin ( 1460): addFont failed to create font /system/fonts/NotoSansSylotiNagri-Regular.ttf
E/Minikin ( 1460): addFont failed to create font /system/fonts/NotoSansTagbanwa-Regular.ttf
E/Minikin ( 1460): addFont failed to create font /system/fonts/NotoSansTaiTham-Regular.ttf
E/Minikin ( 1460): addFont failed to create font /system/fonts/NotoSansTaiViet-Regular.ttf
E/Minikin ( 1460): addFont failed to create font /system/fonts/NotoSansTifinagh-Regular.ttf
E/Minikin ( 1460): addFont failed to create font /system/fonts/NotoSansYi-Regular.ttf
E/Minikin ( 1460): addFont failed to create font /system/fonts/Lohit-Odia.ttf
E/Minikin ( 1460): addFont failed to create font /system/fonts/NotoSansHans-Regular.otf
E/Minikin ( 1460): addFont failed to create font /system/fonts/NotoSansHant-Regular.otf
E/Minikin ( 1460): addFont failed to create font /system/fonts/NotoSansJP-Regular.otf
E/Minikin ( 1460): addFont failed to create font /system/fonts/NotoSansKR-Regular.otf
E/Minikin ( 1460): addFont failed to create font /system/fonts/NotoSansTaiLe-Regular.ttf
I/art     ( 1460): Thread[1,tid=1460,WaitingForJniOnLoad,Thread*=0xb3c27800,peer=0x12c31100,"main"] recursive attempt to load library "/system/lib/libmedia_jni.so"
D/MtpDeviceJNI( 1460): register_android_mtp_MtpDevice
I/art     ( 1460): Thread[1,tid=1460,WaitingForJniOnLoad,Thread*=0xb3c27800,peer=0x12c31100,"main"] recursive attempt to load library "/system/lib/libmedia_jni.so"
I/art     ( 1460): Thread[1,tid=1460,WaitingForJniOnLoad,Thread*=0xb3c27800,peer=0x12c31100,"main"] recursive attempt to load library "/system/lib/libmedia_jni.so"
W/linker  ( 1460): libavutil.so has text relocations. This is wasting memory and prevents security hardening. Please fix.
W/linker  ( 1460): libavformat.so has text relocations. This is wasting memory and prevents security hardening. Please fix.
W/linker  ( 1460): libavcodec.so has text relocations. This is wasting memory and prevents security hardening. Please fix.
I/art     ( 1460): Explicit concurrent mark sweep GC freed 11074(623KB) AllocSpace objects, 0(0B) LOS objects, 94% free, 463KB/8MB, paused 50us total 4.247ms
E/EmojiFactory_jni( 1460): Failed to load libemoji.so: dlopen failed: library "libemoji.so" not found
I/art     ( 1460): Explicit concurrent mark sweep GC freed 14269(827KB) AllocSpace objects, 0(0B) LOS objects, 86% free, 1238KB/9MB, paused 53us total 4.675ms
I/System  ( 1460): Loaded time zone names for "" in 16ms (15ms in ICU)
I/System  ( 1460): Loaded time zone names for "en_US" in 9ms (9ms in ICU)
I/System  ( 1460): Loaded time zone names for "zh_CN" in 10ms (9ms in ICU)
I/Zygote  ( 1460): ...preloaded 3005 classes in 292ms.
I/art     ( 1460): VMRuntime.preloadDexCaches starting
I/art     ( 1460): VMRuntime.preloadDexCaches strings total=215138 before=39106 after=39106
I/art     ( 1460): VMRuntime.preloadDexCaches types total=18366 before=6397 after=6433
I/art     ( 1460): VMRuntime.preloadDexCaches fields total=85656 before=32274 after=32608
I/art     ( 1460): VMRuntime.preloadDexCaches methods total=151951 before=66894 after=67795
I/art     ( 1460): VMRuntime.preloadDexCaches finished
I/art     ( 1460): Counter: 0
I/art     ( 1460): Counter: 1
I/art     ( 1460): Explicit concurrent mark sweep GC freed 6513(417KB) AllocSpace objects, 0(0B) LOS objects, 84% free, 1549KB/9MB, paused 55us total 5.505ms
D/idmap   ( 1667): error: no read access to /vendor/overlay: No such file or directory
I/Zygote  ( 1460): Preloading resources...
I/art     ( 1460): Explicit concurrent mark sweep GC freed 535(25KB) AllocSpace objects, 0(0B) LOS objects, 76% free, 2MB/10MB, paused 81us total 4.652ms
I/art     ( 1460): Explicit concurrent mark sweep GC freed 639(32KB) AllocSpace objects, 0(0B) LOS objects, 69% free, 3MB/11MB, paused 88us total 5.440ms
I/art     ( 1460): Explicit concurrent mark sweep GC freed 461(20KB) AllocSpace objects, 0(0B) LOS objects, 60% free, 5MB/13MB, paused 64us total 3.333ms
I/art     ( 1460): Explicit concurrent mark sweep GC freed 651(37KB) AllocSpace objects, 0(0B) LOS objects, 56% free, 6MB/14MB, paused 75us total 3.093ms
I/art     ( 1460): Explicit concurrent mark sweep GC freed 1036(46KB) AllocSpace objects, 0(0B) LOS objects, 52% free, 7MB/15MB, paused 94us total 2.995ms
I/art     ( 1460): Explicit concurrent mark sweep GC freed 1102(45KB) AllocSpace objects, 0(0B) LOS objects, 49% free, 8MB/16MB, paused 78us total 2.837ms
V/NatController( 1451): runCmd(/system/bin/iptables -F natctrl_FORWARD) res=0
V/NatController( 1451): runCmd(/system/bin/iptables -A natctrl_FORWARD -j DROP) res=0
I/art     ( 1460): Explicit concurrent mark sweep GC freed 6524(242KB) AllocSpace objects, 0(0B) LOS objects, 46% free, 9MB/17MB, paused 72us total 4.284ms
I/Zygote  ( 1460): ...preloaded 343 resources in 116ms.
I/Zygote  ( 1460): ...preloaded 41 resources in 2ms.
I/art     ( 1460): Counter: 0
I/Zygote  ( 1460): Preloading shared libraries...
V/NatController( 1451): runCmd(/system/bin/iptables -t nat -F natctrl_nat_POSTROUTING) res=0
D/Zygote  ( 1460): end preload
I/art     ( 1460): Explicit concurrent mark sweep GC freed 1752(95KB) AllocSpace objects, 0(0B) LOS objects, 46% free, 9MB/17MB, paused 78us total 3.078ms
V/NatController( 1451): runCmd(/system/bin/iptables -F natctrl_tether_counters) res=1
I/art     ( 1460): Explicit concurrent mark sweep GC freed 543(22KB) AllocSpace objects, 0(0B) LOS objects, 46% free, 9MB/17MB, paused 71us total 2.689ms
I/art     ( 1460): Explicit concurrent mark sweep GC freed 5(160B) AllocSpace objects, 0(0B) LOS objects, 46% free, 9MB/17MB, paused 73us total 2.826ms
V/NatController( 1451): runCmd(/system/bin/iptables -X natctrl_tether_counters) res=1
V/NatController( 1451): runCmd(/system/bin/iptables -N natctrl_tether_counters) res=0
I/Zygote  ( 1460): System server process 1685 has been created
I/Zygote  ( 1460): Accepting command socket connections
I/InstallerConnection( 1685): disconnecting...
I/SystemServer( 1685): Entered the Android system server!
V/NatController( 1451): runCmd(/system/bin/iptables -t mangle -A natctrl_mangle_FORWARD -p tcp --tcp-flags SYN SYN -j TCPMSS --clamp-mss-to-pmtu) res=0
V/Fingerprint-JNI( 1685): FingerprintManager JNI ready.
D/SensorService( 1685): nuSensorService starting...
D/SensorService( 1685): nuSensorService thread starting...
D/SensorService( 1685): new thread SensorEventAckReceiver
I/SystemServiceManager( 1685): Starting com.android.server.pm.Installer
I/Installer( 1685): Waiting for installd to be ready.
I/InstallerConnection( 1685): connecting...
I/installd( 1457): new connection
I/SystemServiceManager( 1685): Starting com.android.server.am.ActivityManagerService$Lifecycle
I/ActivityManager( 1685): Memory class: 192
I/ServiceManager( 1456): Waiting for service batterystats...
I/IntentFirewall( 1685): Read new rules (A:0 B:0 S:0)
D/AppOps  ( 1685): AppOpsService published
I/SystemServiceManager( 1685): Starting com.android.server.power.PowerManagerService
W/libsuspend( 1685): Error writing 'on' to /sys/power/state: Invalid argument
I/libsuspend( 1685): Selected wakeup count
I/SystemServiceManager( 1685): Starting com.android.server.display.DisplayManagerService
I/SystemServiceManager( 1685): Starting phase 100
I/DisplayManagerService( 1685): Display device added: DisplayDeviceInfo{"内置屏幕": uniqueId="local:0", 1920 x 1080, 60.000004 fps, supportedRefreshRates [60.000004], density 320, 72.0 x 72.0 dpi, appVsyncOff 0, presDeadline 17666666, touch INTERNAL, rotation 0, type BUILT_IN, state UNKNOWN, FLAG_DEFAULT_DISPLAY, FLAG_ROTATES_WITH_CONTENT, FLAG_SECURE, FLAG_SUPPORTS_PROTECTED_BUFFERS}
I/SystemServer( 1685): Package Manager
W/SystemConfig( 1685): No directory /system/etc/sysconfig, skipping
D/SELinuxMMAC( 1685): Using policy file /system/etc/security/mac_permissions.xml
D/PackageManager( 1685): No files in app dir /vendor/overlay
W/PackageParser( 1685): No actions in intent filter at /system/priv-app/Contacts/Contacts.apk Binary XML file line #356
W/ResourceType( 1685): Failure getting entry for 0x7f080277 (t=7 e=631) (error -75)
W/PackageParser( 1685): Unknown element under <intent-filter>: android at /system/priv-app/Telecom/Telecom.apk Binary XML file line #232
W/PackageParser( 1685): No actions in intent filter at /system/app/Bluetooth/Bluetooth.apk Binary XML file line #209
W/PackageParser( 1685): No actions in intent filter at /system/app/CMFileManager/CMFileManager.apk Binary XML file line #166
W/PackageParser( 1685): Unknown element under <application>: permission at /system/app/Gallery2/Gallery2.apk Binary XML file line #242
W/PackageParser( 1685): Unknown element under <application>: permission at /system/app/Gallery2/Gallery2.apk Binary XML file line #245
D/PackageManager( 1685): No files in app dir /system/vendor/app
D/PackageManager( 1685): No files in app dir /oem/app
W/PackageManager( 1685): Package com.tencent.mm desires unavailable shared library com.google.android.maps; ignoring!
W/PackageManager( 1685): Package com.tencent.mm desires unavailable shared library com.sec.android.app.multiwindow; ignoring!
W/PackageManager( 1685): Package com.tencent.mm desires unavailable shared library com.here.android; ignoring!
W/PackageManager( 1685): Package com.tencent.mm desires unavailable shared library soterkeystore; ignoring!
W/PackageParser( 1685): Unknown element under <manifest>: meta-data at /data/app/com.taobao.taobao-1/base.apk Binary XML file line #51
W/PackageParser( 1685): No actions in intent filter at /data/app/com.taobao.taobao-1/base.apk Binary XML file line #2599
W/PackageParser( 1685): Unknown element under <application>: Activity at /data/app/com.taobao.taobao-1/base.apk Binary XML file line #4508
W/PackageManager( 1685): Package com.taobao.taobao desires unavailable shared library org.ifaa.android.manager.permissions; ignoring!
W/PackageManager( 1685): Package com.taobao.taobao has activity com.taobao.tbarmagic.ARNavigationActivity with priority > 0, forcing to 0
W/PackageManager( 1685): Package com.taobao.taobao has activity com.taobao.tbarmagic.ARMarkerActivity with priority > 0, forcing to 0
W/PackageManager( 1685): Package com.taobao.taobao has activity com.taobao.tbarmagic.ardetail.main.ARDetailMarkerActivity with priority > 0, forcing to 0
W/PackageManager( 1685): Package com.taobao.taobao has activity com.taobao.tbarmagic.ardetail.main.ARDetailActivity with priority > 0, forcing to 0
W/PackageManager( 1685): Package com.taobao.taobao has activity com.taobao.tbarmagic.LBSActivity with priority > 0, forcing to 0
W/PackageManager( 1685): Package com.taobao.taobao has activity com.taobao.tbarmagic.detail3d.Detail3DDemoActivity with priority > 0, forcing to 0
W/PackageManager( 1685): Package com.taobao.taobao has activity com.taobao.tbarmagic.detail3d.Detail3DH5Activity with priority > 0, forcing to 0
W/PackageManager( 1685): Package com.taobao.taobao has activity com.taobao.tbarmagic.arscan.main.ARScanActivity with priority > 0, forcing to 0
W/PackageManager( 1685): Package com.taobao.taobao has activity com.taobao.tao.allspark.container.editor.EditorActivity with priority > 0, forcing to 0
W/PackageManager( 1685): Package com.taobao.taobao has activity com.taobao.tao.allspark.container.editor.EditorActivity with priority > 0, forcing to 0
W/PackageManager( 1685): Package com.taobao.taobao has activity com.taobao.tao.allspark.container.editor.EditorActivity with priority > 0, forcing to 0
W/PackageManager( 1685): Package com.taobao.taobao has activity com.taobao.wetao.home.WeTaoMainActivity with priority > 0, forcing to 0
W/PackageManager( 1685): Package com.taobao.taobao has activity com.taobao.wetao.secondfloor.activity.SecondFloorActivity with priority > 0, forcing to 0
W/PackageManager( 1685): Package com.taobao.taobao has activity com.taobao.wetao.topic.TopicActivity with priority > 0, forcing to 0
W/PackageManager( 1685): Package com.taobao.taobao has activity com.taobao.wetao.topic.TopicActivity with priority > 0, forcing to 0
W/PackageManager( 1685): Package com.taobao.taobao has activity com.taobao.wetao.aggregation.AggregationActivity with priority > 0, forcing to 0
W/PackageManager( 1685): Package com.taobao.taobao has activity com.taobao.wetao.aggregation.AggregationActivity with priority > 0, forcing to 0
W/PackageManager( 1685): Package com.taobao.taobao has activity com.taobao.allspark.activity.AllSparkFragmentActivity with priority > 0, forcing to 0
W/PackageManager( 1685): Package com.taobao.taobao has activity com.taobao.allspark.activity.AllSparkFragmentActivity with priority > 0, forcing to 0
W/PackageManager( 1685): Package com.taobao.taobao has activity com.taobao.tao.allspark.container.WeDetailContainerActivity with priority > 0, forcing to 0
W/PackageManager( 1685): Package com.taobao.taobao has activity com.taobao.tao.allspark.container.WeDetailContainerActivity with priority > 0, forcing to 0
W/PackageManager( 1685): Package com.taobao.taobao has activity com.taobao.tao.allspark.container.WeDetailContainerActivity with priority > 0, forcing to 0
W/PackageManager( 1685): Package com.taobao.taobao has activity com.taobao.tao.allspark.promotion.PromotionActivity with priority > 0, forcing to 0
W/PackageManager( 1685): Package com.taobao.taobao has activity com.taobao.tao.allspark.pop.activity.WeiTaoLayerActivity with priority > 0, forcing to 0
W/PackageManager( 1685): Package com.taobao.taobao has activity com.taobao.tao.allspark.pop.activity.WeiTaoLayerActivity with priority > 0, forcing to 0
W/PackageManager( 1685): Package com.taobao.taobao has activity com.taobao.tao.allspark.pop.activity.WeiTaoLayerActivity with priority > 0, forcing to 0
W/PackageManager( 1685): Package com.taobao.taobao has activity com.taobao.wetao.media.activity.VideoListActivity with priority > 0, forcing to 0
W/PackageManager( 1685): Package com.taobao.taobao has activity com.taobao.wetao.media.activity.VideoListActivity with priority > 0, forcing to 0
W/PackageManager( 1685): Package com.taobao.taobao has activity com.taobao.wetao.media.activity.VideoListActivity with priority > 0, forcing to 0
W/PackageManager( 1685): Package com.taobao.taobao has activity com.taobao.wetao.media.activity.SingleVideoActivity with priority > 0, forcing to 0
W/PackageManager( 1685): Package com.taobao.taobao has activity com.taobao.wetao.media.activity.SingleVideoActivity with priority > 0, forcing to 0
W/PackageManager( 1685): Package com.taobao.taobao has activity com.taobao.wetao.media.activity.SingleVideoActivity with priority > 0, forcing to 0
W/PackageManager( 1685): Package com.taobao.taobao has activity com.taobao.pikachu.activity.PikaMainActivity with priority > 0, forcing to 0
W/PackageManager( 1685): Package com.taobao.taobao has activity com.taobao.wangxin.activity.WangxinActivity with priority > 0, forcing to 0
W/PackageManager( 1685): Package com.taobao.taobao has activity com.taobao.browser.router.FromH5RouterActivity with priority > 0, forcing to 0
W/PackageManager( 1685): Package com.taobao.taobao has activity com.taobao.browser.router.FromH5RouterActivity with priority > 0, forcing to 0
W/PackageManager( 1685): Package com.taobao.taobao has activity com.taobao.tao.contacts.share.ShareMessageListViewActivity with priority > 0, forcing to 0
W/PackageManager( 1685): Package com.taobao.taobao has activity com.taobao.tao.contacts.share.ShareMessageListViewActivity with priority > 0, forcing to 0
W/PackageManager( 1685): Package com.taobao.taobao has activity com.alipay.android.app.pay.MiniLaucherActivity with priority > 0, forcing to 0
W/PackageManager( 1685): Package com.taobao.taobao has activity com.alipay.android.app.ui.quickpay.window.MiniWebActivity with priority > 0, forcing to 0
W/PackageManager( 1685): Package com.taobao.taobao has activity com.taobao.tao.combo.ShopComboActivity with priority > 0, forcing to 0
W/PackageManager( 1685): Package com.taobao.taobao has activity com.taobao.favorites.NewFavoriteGoodsActivity with priority > 0, forcing to 0
W/PackageManager( 1685): Package com.taobao.taobao has activity com.taobao.mytaobao.setting.TaobaoSettingActivity with priority > 0, forcing to 0
W/PackageManager( 1685): Package com.taobao.taobao has activity com.taobao.mytaobao.setting.UpdateSnsNickActivity with priority > 0, forcing to 0
W/PackageManager( 1685): Package com.taobao.taobao has activity com.taobao.mytaobao.setting.UserProfileActivity with priority > 0, forcing to 0
W/PackageManager( 1685): Package com.taobao.taobao has activity com.taobao.magicmirror.MagicMirrorActivity with priority > 0, forcing to 0
W/PackageParser( 1685): Unknown element under <application>: string at /data/app/com.dc.hwsj-1/base.apk Binary XML file line #145
W/PackageManager( 1685): Package com.dc.hwsj desires unavailable shared library org.apache.http.legacy; ignoring!
I/iptables( 1451): iptables: Invalid argument. Run `dmesg' for more information.
I/iptables( 1451): iptables terminated by exit(1)
E/BandwidthController( 1451): runIptablesCmd(): res=1 status=256 failed /system/bin/iptables -A bw_INPUT -m owner --socket-exists
I/ip6tables( 1451): ip6tables: Invalid argument. Run `dmesg' for more information.
I/ip6tables( 1451): ip6tables terminated by exit(1)
E/BandwidthController( 1451): runIptablesCmd(): res=1 status=256 failed /system/bin/ip6tables -A bw_INPUT -m owner --socket-exists
W/PackageManager( 1685): Package com.linlong.yeshen desires unavailable shared library org.simalliance.openmobileapi; ignoring!
D/PackageManager( 1685): No files in app dir /data/app-private
W/PackageManager( 1685): Package com.dc.hwsj desires unavailable shared library org.apache.http.legacy; ignoring!
W/PackageManager( 1685): Package com.tencent.mm desires unavailable shared library com.google.android.maps; ignoring!
W/PackageManager( 1685): Package com.tencent.mm desires unavailable shared library com.sec.android.app.multiwindow; ignoring!
W/PackageManager( 1685): Package com.tencent.mm desires unavailable shared library com.here.android; ignoring!
W/PackageManager( 1685): Package com.tencent.mm desires unavailable shared library soterkeystore; ignoring!
W/PackageManager( 1685): Package com.android.gallery3d desires unavailable shared library com.google.android.media.effects; ignoring!
W/PackageManager( 1685): Package com.android.gallery3d desires unavailable shared library com.google.android.media.effects; ignoring!
W/PackageManager( 1685): Package com.linlong.yeshen desires unavailable shared library org.simalliance.openmobileapi; ignoring!
W/PackageManager( 1685): Package com.taobao.taobao desires unavailable shared library org.ifaa.android.manager.permissions; ignoring!
I/PackageManager( 1685): Adjusting ABI for : com.bignox.google.installer to x86
I/PackageManager( 1685): Adjusting ABI for : com.android.inputservice to x86
I/PackageManager( 1685): Adjusting ABI for : com.android.settings to x86
I/PackageManager( 1685): Adjusting ABI for : com.android.providers.settings to x86
I/PackageManager( 1685): Adjusting ABI for : com.android.server.telecom to x86
I/PackageManager( 1685): Adjusting ABI for : com.vphone.helper to x86
I/PackageManager( 1685): Adjusting ABI for : com.android.keychain to x86
I/PackageManager( 1685): Adjusting ABI for : com.android.inputdevices to x86
I/PackageManager( 1685): Adjusting ABI for : com.bignox.app.store.hd to x86
I/PackageManager( 1685): Adjusting ABI for : com.vphone.launcher to x86
I/PackageManager( 1685): Adjusting ABI for : com.android.location.fused to x86
I/PackageManager( 1685): Time to scan packages: 0.351 seconds
W/PackageManager( 1685): Unknown permission com.google.android.googleapps.permission.GOOGLE_AUTH in package com.android.providers.calendar
W/PackageManager( 1685): Unknown permission com.google.android.googleapps.permission.GOOGLE_AUTH.cl in package com.android.providers.calendar
W/PackageManager( 1685): Unknown permission com.android.vending.BILLING in package com.dc.hwsj
W/PackageManager( 1685): Unknown permission com.android.vending.CHECK_LICENSE in package com.dc.hwsj
W/PackageManager( 1685): Unknown permission com.google.android.c2dm.permission.RECEIVE in package com.dc.hwsj
W/PackageManager( 1685): Unknown permission com.google.android.finsky.permission.BIND_GET_INSTALL_REFERRER_SERVICE in package com.dc.hwsj
W/PackageManager( 1685): Unknown permission com.huawei.authentication.HW_ACCESS_AUTH_SERVICE in package com.tencent.mm
W/PackageManager( 1685): Unknown permission com.android.launcher.permission.READ_SETTINGS in package com.tencent.mm
W/PackageManager( 1685): Unknown permission com.tencent.mm.location.permission.SEND_VIEW in package com.tencent.mm
W/PackageManager( 1685): Unknown permission com.huawei.android.launcher.permission.CHANGE_BADGE in package com.tencent.mm
W/PackageManager( 1685): Unknown permission android.permission.WRITE_APP_BADGE in package com.tencent.mm
W/PackageManager( 1685): Unknown permission android.permission.REQUEST_IGNORE_BATTERY_OPTIMIZATIONS in package com.tencent.mm
W/PackageManager( 1685): Unknown permission com.google.android.c2dm.permission.RECEIVE in package com.tencent.mm
W/PackageManager( 1685): Unknown permission com.bbk.launcher2.permission.READ_SETTINGS in package com.tencent.mm
W/PackageManager( 1685): Unknown permission com.android.vending.BILLING in package com.tencent.mm
W/PackageManager( 1685): Unknown permission android.permission.USE_FINGERPRINT in package com.tencent.mm
W/PackageManager( 1685): Unknown permission android.permission.REQUEST_INSTALL_PACKAGES in package com.tencent.mm
W/PackageManager( 1685): Unknown permission com.soter.permission.ACCESS_SOTER_KEYSTORE in package com.tencent.mm
W/PackageManager( 1685): Unknown permission android.permission.USE_FACERECOGNITION in package com.tencent.mm
W/PackageManager( 1685): Not granting permission android.permission.CHANGE_CONFIGURATION to package com.tencent.wstt.gt (protectionLevel=50 flags=0x83e44)
W/PackageManager( 1685): Not granting permission android.permission.MOUNT_UNMOUNT_FILESYSTEMS to package com.tencent.wstt.gt (protectionLevel=18 flags=0x83e44)
W/PackageManager( 1685): Not granting permission android.permission.BATTERY_STATS to package com.tencent.wstt.gt (protectionLevel=50 flags=0x83e44)
W/PackageManager( 1685): Unknown permission com.android.launcher.permission.READ_SETTINGS in package com.tencent.wstt.gt
W/PackageManager( 1685): Unknown permission com.android.launcher.permission.WRITE_SETTINGS in package com.tencent.wstt.gt
W/PackageManager( 1685): Not granting permission android.permission.SET_KEYBOARD_LAYOUT to package com.tencent.wstt.gt (protectionLevel=2 flags=0x83e44)
W/PackageManager( 1685): Unknown permission android.permission.WRITE_OWNER_DATA in package com.tencent.wstt.gt
W/PackageManager( 1685): Unknown permission android.permission.READ_OWNER_DATA in package com.tencent.wstt.gt
W/PackageManager( 1685): Not granting permission android.permission.READ_LOGS to package com.tencent.wstt.gt (protectionLevel=50 flags=0x83e44)
W/PackageManager( 1685): Not granting permission android.permission.ACCESS_CHECKIN_PROPERTIES to package com.tencent.wstt.gt (protectionLevel=18 flags=0x83e44)
W/PackageManager( 1685): Not granting permission android.permission.FACTORY_TEST to package com.tencent.wstt.gt (protectionLevel=2 flags=0x83e44)
W/PackageManager( 1685): Not granting permission android.permission.ACCESS_SURFACE_FLINGER to package com.tencent.wstt.gt (protectionLevel=2 flags=0x83e44)
W/PackageManager( 1685): Not granting permission android.permission.MOUNT_UNMOUNT_FILESYSTEMS to package com.tencent.tmgp.sskgame (protectionLevel=18 flags=0x83e44)
W/PackageManager( 1685): Not granting permission android.permission.READ_LOGS to package com.tencent.tmgp.sskgame (protectionLevel=50 flags=0x83e44)
W/PackageManager( 1685): Not granting permission android.permission.CHANGE_CONFIGURATION to package com.tencent.tmgp.sskgame (protectionLevel=50 flags=0x83e44)
W/PackageManager( 1685): Unknown permission android.permission.RECEIVE_USER_PRESENT in package com.tencent.tmgp.sskgame
W/PackageManager( 1685): Unknown permission android.permission.SYSTEM_OVERLAY_WINDOW in package com.tencent.wefpmonitor
W/PackageManager( 1685): Not granting permission android.permission.MOUNT_UNMOUNT_FILESYSTEMS to package com.tencent.wefpmonitor (protectionLevel=18 flags=0x58be44)
W/PackageManager( 1685): Not granting permission android.permission.READ_LOGS to package com.tencent.wefpmonitor (protectionLevel=50 flags=0x58be44)
W/PackageManager( 1685): Not granting permission android.permission.ACCESS_SURFACE_FLINGER to package com.tencent.wefpmonitor (protectionLevel=2 flags=0x58be44)
W/PackageManager( 1685): Unknown permission com.google.android.c2dm.permission.RECEIVE in package com.tencent.wefpmonitor
W/PackageManager( 1685): Unknown permission com.android.launcher.permission.READ_SETTINGS in package com.android.onetimeinitializer
W/PackageManager( 1685): Unknown permission com.android.launcher.permission.WRITE_SETTINGS in package com.android.onetimeinitializer
W/PackageManager( 1685): Unknown permission android.permission.RECEIVE_USER_PRESENT in package com.qlmhzy.yeshen
W/PackageManager( 1685): Not granting permission android.permission.MOUNT_UNMOUNT_FILESYSTEMS to package com.qlmhzy.yeshen (protectionLevel=18 flags=0x8be44)
W/PackageManager( 1685): Not granting permission android.permission.READ_LOGS to package com.qlmhzy.yeshen (protectionLevel=50 flags=0x8be44)
W/PackageManager( 1685): Unknown permission com.cyanogenmod.filemanager.permissions.READ_THEME in package com.cyanogenmod.filemanager
W/PackageManager( 1685): Not granting permission android.permission.MOUNT_UNMOUNT_FILESYSTEMS to package com.linlong.yeshen (protectionLevel=18 flags=0x8be44)
W/PackageManager( 1685): Not granting permission android.permission.READ_LOGS to package com.linlong.yeshen (protectionLevel=50 flags=0x8be44)
W/PackageManager( 1685): Unknown permission org.simalliance.openmobileapi.SMARTCARD in package com.linlong.yeshen
W/PackageManager( 1685): Unknown permission com.google.android.googleapps.permission.GOOGLE_AUTH in package com.android.settings
W/PackageManager( 1685): Unknown permission com.android.launcher.permission.READ_SETTINGS in package com.android.settings
W/PackageManager( 1685): Unknown permission com.android.launcher.permission.WRITE_SETTINGS in package com.android.settings
W/PackageManager( 1685): Not granting permission android.permission.MOUNT_UNMOUNT_FILESYSTEMS to package com.example.xinxi.myapplication (protectionLevel=18 flags=0x48be46)
W/PackageManager( 1685): Unknown permission android.permission.RECEIVE_USER_PRESENT in package com.example.xinxi.myapplication
W/PackageManager( 1685): Not granting permission android.permission.READ_LOGS to package com.example.xinxi.myapplication (protectionLevel=50 flags=0x48be46)
W/PackageManager( 1685): Unknown permission com.android.smspush.WAPPUSH_MANAGER_BIND in package com.android.phone
W/PackageManager( 1685): Unknown permission com.android.launcher.permission.READ_SETTINGS in package com.bignox.app.store.hd
W/PackageManager( 1685): Unknown permission com.android.launcher.permission.WRITE_SETTINGS in package com.bignox.app.store.hd
W/PackageManager( 1685): Unknown permission com.android.launcher.permission.READ_SETTINGS in package com.taobao.taobao
W/PackageManager( 1685): Unknown permission com.android.launcher2.permission.READ_SETTINGS in package com.taobao.taobao
W/PackageManager( 1685): Not granting permission android.permission.BATTERY_STATS to package com.taobao.taobao (protectionLevel=50 flags=0x183e44)
W/PackageManager( 1685): Unknown permission com.google.android.c2dm.permission.RECEIVE in package com.taobao.taobao
W/PackageManager( 1685): Unknown permission android.permission.WRITE_INTERNAL_STORAGE in package com.taobao.taobao
W/PackageManager( 1685): Not granting permission android.permission.READ_LOGS to package com.taobao.taobao (protectionLevel=50 flags=0x183e44)
W/PackageManager( 1685): Unknown permission android.permission.RECORD_VIDEO in package com.taobao.taobao
W/PackageManager( 1685): Unknown permission com.taobao.permission.USE_CREDENTIALS in package com.taobao.taobao
W/PackageManager( 1685): Unknown permission com.taobao.permission.UPDATE_CREDENTIALS in package com.taobao.taobao
W/PackageManager( 1685): Unknown permission com.samsung.android.authservice.permission.READ_CONTENT_PROVIDER in package com.taobao.taobao
W/PackageManager( 1685): Unknown permission cn.org.ifaa.permission.USE_IFAA_MANAGER in package com.taobao.taobao
W/PackageManager( 1685): Unknown permission android.permission.USE_FINGERPRINT in package com.taobao.taobao
W/PackageManager( 1685): Unknown permission android.permission.MANAGE_FINGERPRINT in package com.taobao.taobao
W/PackageManager( 1685): Not granting permission android.permission.WRITE_MEDIA_STORAGE to package com.taobao.taobao (protectionLevel=18 flags=0x183e44)
W/PackageManager( 1685): Unknown permission com.google.android.gallery3d.permission.GALLERY_PROVIDER in package com.android.bluetooth
W/PackageManager( 1685): Unknown permission android.permission.MMS_SEND_OUTBOX_MSG in package com.android.bluetooth
I/art     ( 1685): Explicit concurrent mark sweep GC freed 34565(2MB) AllocSpace objects, 24(384KB) LOS objects, 42% free, 10MB/18MB, paused 275us total 11.709ms
I/SystemServer( 1685): User Service
I/lowmemorykiller( 1443): ActivityManager connected
I/SystemServiceManager( 1685): Starting com.android.server.lights.LightsService
I/SystemServiceManager( 1685): Starting com.android.server.BatteryService
I/SystemServiceManager( 1685): Starting com.android.server.usage.UsageStatsService
I/SystemServiceManager( 1685): Starting com.android.server.webkit.WebViewUpdateService
I/SystemServer( 1685): Reading configuration...
I/SystemServer( 1685): Scheduling Policy
I/SystemServiceManager( 1685): Starting com.android.server.telecom.TelecomLoaderService
I/SystemServer( 1685): Telephony Registry
I/SystemServer( 1685): Entropy Mixer
I/EntropyMixer( 1685): Writing entropy...
I/SystemServer( 1685): Account Manager
I/SystemServer( 1685): Content Manager
I/SystemServer( 1685): System Content Providers
W/SettingsProvider( 1685): set ANDROID_ID from persist.nox.androidid
I/SystemServer( 1685): Vibrator Service
I/SystemServer( 1685): Consumer IR Service
E/ConsumerIrService( 1685): Can't open consumer IR HW Module, error: -2
I/SystemServiceManager( 1685): Starting com.android.server.AlarmManagerService
D/AlarmManagerService( 1685): Kernel timezone updated to -480 minutes west of GMT
I/SystemServer( 1685): Init Watchdog
I/SystemServer( 1685): Input Manager
I/InputManager( 1685): Initializing input manager, mUseDevInputEventForAudioJack=false
I/SystemServer( 1685): Window Manager
I/WindowManager( 1685): No existing display settings /data/system/display_settings.xml; starting empty
D/PermissionCache( 1446): checking android.permission.ACCESS_SURFACE_FLINGER for uid=1000 => granted (69 us)
I/InputManager( 1685): Starting input manager
I/SystemServer( 1685): Bluetooth Manager Service
D/BluetoothManagerService( 1685): Loading stored name and address
D/BluetoothManagerService( 1685): Stored bluetooth Name=Nexus 6,Address=22:22:D2:44:B9:53
I/SystemServer( 1685): Input Method Service
W/EventHub( 1685): Unable to disable kernel key repeat for /dev/input/event4: Function not implemented
I/EventHub( 1685): Virtual keyboard mode is |0] [0]
I/EventHub( 1685): Vrtual keyboard is set to Hardware mode
I/EventHub( 1685): New device: id=1, fd=79, path='/dev/input/event4', name='Android_Input', classes=0x37, configuration='/system/usr/idc/Android_Input.idc', keyLayout='/system/usr/keylayout/Android_Input.kl', keyCharacterMap='/system/usr/keychars/Generic.kcm', builtinKeyboard=false, wakeMechanism=EPOLLWAKEUP, usingClockIoctl=true
E/EventHub( 1685): could not get driver version for /dev/input/mouse0, Not a typewriter
W/InputMethodManagerService( 1685): Couldn't create dir.: /data/system/inputmethod
I/SystemServer( 1685): Accessibility Manager
D/SurfaceFlinger( 1446): setOrientation, mFbdev=0xb68613c0, mFbDev->setOrientation=0xb7009ea0, orientation=0
I/gralloc_nox( 1446): setOrientation: orientation=0
I/SystemServer( 1685): Mount Service
D/MountService( 1685): got storage path: /mnt/sdcard description: 内部存储设备 primary: true removable: false emulated: true mtpReserve: 100 allowMassStorage: false maxFileSize: 0
D/MountService( 1685): addVolumeLocked() StorageVolume:
D/MountService( 1685):     mStorageId=65537 mPath=/storage/emulated/0 mDescriptionId=17040812 
D/MountService( 1685):     mPrimary=true mRemovable=false mEmulated=true mMtpReserveSpace=100 
D/MountService( 1685):     mAllowMassStorage=false mMaxFileSize=0 mOwner=UserHandle{0} mUuid=null 
D/MountService( 1685):     mUserLabel=null mState=null 
E/MountService( 1685): Error processing initial volume state
E/MountService( 1685): java.lang.NullPointerException: Attempt to invoke virtual method 'java.lang.String android.os.storage.StorageVolume.getPath()' on a null object reference
E/MountService( 1685): 	at com.android.server.MountService.updatePublicVolumeState(MountService.java:746)
E/MountService( 1685): 	at com.android.server.MountService.access$1700(MountService.java:119)
E/MountService( 1685): 	at com.android.server.MountService$3.run(MountService.java:840)
I/SystemServer( 1685): LockSettingsService
I/SystemServiceManager( 1685): Starting com.android.server.devicepolicy.DevicePolicyManagerService$Lifecycle
I/SystemServer( 1685): Status Bar
I/SystemServer( 1685): Clipboard Service
I/SystemServer( 1685): NetworkManagement Service
E/NetdConnector( 1685): Communications error: java.io.IOException: Connection refused
E/NetdConnector( 1685): Error in NativeDaemonConnector: java.io.IOException: Connection refused
E/Netd    ( 1451): cannot find interface dummy0
E/Netd    ( 1451): Unable to create netlink socket: Protocol not supported
E/Netd    ( 1451): Unable to open quota2 logging socket
D/MDnsDS  ( 1451): MDnsSdListener::Hander starting up
D/MDnsDS  ( 1451): MDnsSdListener starting to monitor
D/MDnsDS  ( 1451): Going to poll with pollCount 1
I/PackageManager( 1685): No secure containers found
W/PackageManager( 1685): Unknown permission com.google.android.googleapps.permission.GOOGLE_AUTH in package com.android.providers.calendar
W/PackageManager( 1685): Unknown permission com.google.android.googleapps.permission.GOOGLE_AUTH.cl in package com.android.providers.calendar
W/PackageManager( 1685): Unknown permission com.android.vending.BILLING in package com.dc.hwsj
W/PackageManager( 1685): Unknown permission com.android.vending.CHECK_LICENSE in package com.dc.hwsj
W/PackageManager( 1685): Unknown permission com.google.android.c2dm.permission.RECEIVE in package com.dc.hwsj
W/PackageManager( 1685): Unknown permission com.google.android.finsky.permission.BIND_GET_INSTALL_REFERRER_SERVICE in package com.dc.hwsj
W/PackageManager( 1685): Unknown permission com.huawei.authentication.HW_ACCESS_AUTH_SERVICE in package com.tencent.mm
W/PackageManager( 1685): Unknown permission com.android.launcher.permission.READ_SETTINGS in package com.tencent.mm
W/PackageManager( 1685): Unknown permission com.tencent.mm.location.permission.SEND_VIEW in package com.tencent.mm
W/PackageManager( 1685): Unknown permission com.huawei.android.launcher.permission.CHANGE_BADGE in package com.tencent.mm
W/PackageManager( 1685): Unknown permission android.permission.WRITE_APP_BADGE in package com.tencent.mm
W/PackageManager( 1685): Unknown permission android.permission.REQUEST_IGNORE_BATTERY_OPTIMIZATIONS in package com.tencent.mm
W/PackageManager( 1685): Unknown permission com.google.android.c2dm.permission.RECEIVE in package com.tencent.mm
W/PackageManager( 1685): Unknown permission com.bbk.launcher2.permission.READ_SETTINGS in package com.tencent.mm
W/PackageManager( 1685): Unknown permission com.android.vending.BILLING in package com.tencent.mm
W/PackageManager( 1685): Unknown permission android.permission.USE_FINGERPRINT in package com.tencent.mm
W/PackageManager( 1685): Unknown permission android.permission.REQUEST_INSTALL_PACKAGES in package com.tencent.mm
W/PackageManager( 1685): Unknown permission com.soter.permission.ACCESS_SOTER_KEYSTORE in package com.tencent.mm
W/PackageManager( 1685): Unknown permission android.permission.USE_FACERECOGNITION in package com.tencent.mm
W/PackageManager( 1685): Not granting permission android.permission.CHANGE_CONFIGURATION to package com.tencent.wstt.gt (protectionLevel=50 flags=0x83e44)
W/PackageManager( 1685): Not granting permission android.permission.MOUNT_UNMOUNT_FILESYSTEMS to package com.tencent.wstt.gt (protectionLevel=18 flags=0x83e44)
W/PackageManager( 1685): Not granting permission android.permission.BATTERY_STATS to package com.tencent.wstt.gt (protectionLevel=50 flags=0x83e44)
W/PackageManager( 1685): Unknown permission com.android.launcher.permission.READ_SETTINGS in package com.tencent.wstt.gt
W/PackageManager( 1685): Unknown permission com.android.launcher.permission.WRITE_SETTINGS in package com.tencent.wstt.gt
W/PackageManager( 1685): Not granting permission android.permission.SET_KEYBOARD_LAYOUT to package com.tencent.wstt.gt (protectionLevel=2 flags=0x83e44)
W/PackageManager( 1685): Unknown permission android.permission.WRITE_OWNER_DATA in package com.tencent.wstt.gt
W/PackageManager( 1685): Unknown permission android.permission.READ_OWNER_DATA in package com.tencent.wstt.gt
W/PackageManager( 1685): Not granting permission android.permission.READ_LOGS to package com.tencent.wstt.gt (protectionLevel=50 flags=0x83e44)
W/PackageManager( 1685): Not granting permission android.permission.ACCESS_CHECKIN_PROPERTIES to package com.tencent.wstt.gt (protectionLevel=18 flags=0x83e44)
W/PackageManager( 1685): Not granting permission android.permission.FACTORY_TEST to package com.tencent.wstt.gt (protectionLevel=2 flags=0x83e44)
W/PackageManager( 1685): Not granting permission android.permission.ACCESS_SURFACE_FLINGER to package com.tencent.wstt.gt (protectionLevel=2 flags=0x83e44)
W/PackageManager( 1685): Not granting permission android.permission.MOUNT_UNMOUNT_FILESYSTEMS to package com.tencent.tmgp.sskgame (protectionLevel=18 flags=0x83e44)
W/PackageManager( 1685): Not granting permission android.permission.READ_LOGS to package com.tencent.tmgp.sskgame (protectionLevel=50 flags=0x83e44)
W/PackageManager( 1685): Not granting permission android.permission.CHANGE_CONFIGURATION to package com.tencent.tmgp.sskgame (protectionLevel=50 flags=0x83e44)
W/PackageManager( 1685): Unknown permission android.permission.RECEIVE_USER_PRESENT in package com.tencent.tmgp.sskgame
W/PackageManager( 1685): Unknown permission android.permission.SYSTEM_OVERLAY_WINDOW in package com.tencent.wefpmonitor
W/PackageManager( 1685): Not granting permission android.permission.MOUNT_UNMOUNT_FILESYSTEMS to package com.tencent.wefpmonitor (protectionLevel=18 flags=0x58be44)
W/PackageManager( 1685): Not granting permission android.permission.READ_LOGS to package com.tencent.wefpmonitor (protectionLevel=50 flags=0x58be44)
W/PackageManager( 1685): Not granting permission android.permission.ACCESS_SURFACE_FLINGER to package com.tencent.wefpmonitor (protectionLevel=2 flags=0x58be44)
W/PackageManager( 1685): Unknown permission com.google.android.c2dm.permission.RECEIVE in package com.tencent.wefpmonitor
W/PackageManager( 1685): Unknown permission com.android.launcher.permission.READ_SETTINGS in package com.android.onetimeinitializer
W/PackageManager( 1685): Unknown permission com.android.launcher.permission.WRITE_SETTINGS in package com.android.onetimeinitializer
W/PackageManager( 1685): Unknown permission android.permission.RECEIVE_USER_PRESENT in package com.qlmhzy.yeshen
W/PackageManager( 1685): Not granting permission android.permission.MOUNT_UNMOUNT_FILESYSTEMS to package com.qlmhzy.yeshen (protectionLevel=18 flags=0x8be44)
W/PackageManager( 1685): Not granting permission android.permission.READ_LOGS to package com.qlmhzy.yeshen (protectionLevel=50 flags=0x8be44)
W/PackageManager( 1685): Unknown permission com.cyanogenmod.filemanager.permissions.READ_THEME in package com.cyanogenmod.filemanager
