W/PackageManager( 1685): Not granting permission android.permission.MOUNT_UNMOUNT_FILESYSTEMS to package com.linlong.yeshen (protectionLevel=18 flags=0x8be44)
W/PackageManager( 1685): Not granting permission android.permission.READ_LOGS to package com.linlong.yeshen (protectionLevel=50 flags=0x8be44)
W/PackageManager( 1685): Unknown permission org.simalliance.openmobileapi.SMARTCARD in package com.linlong.yeshen
W/PackageManager( 1685): Unknown permission com.google.android.googleapps.permission.GOOGLE_AUTH in package com.android.settings
W/PackageManager( 1685): Unknown permission com.android.launcher.permission.READ_SETTINGS in package com.android.settings
W/PackageManager( 1685): Unknown permission com.android.launcher.permission.WRITE_SETTINGS in package com.android.settings
W/PackageManager( 1685): Not granting permission android.permission.MOUNT_UNMOUNT_FILESYSTEMS to package com.example.xinxi.myapplication (protectionLevel=18 flags=0x48be46)
W/PackageManager( 1685): Unknown permission android.permission.RECEIVE_USER_PRESENT in package com.example.xinxi.myapplication
W/PackageManager( 1685): Not granting permission android.permission.READ_LOGS to package com.example.xinxi.myapplication (protectionLevel=50 flags=0x48be46)
W/PackageManager( 1685): Unknown permission com.android.smspush.WAPPUSH_MANAGER_BIND in package com.android.phone
W/PackageManager( 1685): Unknown permission com.android.launcher.permission.READ_SETTINGS in package com.bignox.app.store.hd
W/PackageManager( 1685): Unknown permission com.android.launcher.permission.WRITE_SETTINGS in package com.bignox.app.store.hd
W/PackageManager( 1685): Unknown permission com.android.launcher.permission.READ_SETTINGS in package com.taobao.taobao
W/PackageManager( 1685): Unknown permission com.android.launcher2.permission.READ_SETTINGS in package com.taobao.taobao
W/PackageManager( 1685): Not granting permission android.permission.BATTERY_STATS to package com.taobao.taobao (protectionLevel=50 flags=0x183e44)
W/PackageManager( 1685): Unknown permission com.google.android.c2dm.permission.RECEIVE in package com.taobao.taobao
W/PackageManager( 1685): Unknown permission android.permission.WRITE_INTERNAL_STORAGE in package com.taobao.taobao
W/PackageManager( 1685): Not granting permission android.permission.READ_LOGS to package com.taobao.taobao (protectionLevel=50 flags=0x183e44)
W/PackageManager( 1685): Unknown permission android.permission.RECORD_VIDEO in package com.taobao.taobao
W/PackageManager( 1685): Unknown permission com.taobao.permission.USE_CREDENTIALS in package com.taobao.taobao
W/PackageManager( 1685): Unknown permission com.taobao.permission.UPDATE_CREDENTIALS in package com.taobao.taobao
W/PackageManager( 1685): Unknown permission com.samsung.android.authservice.permission.READ_CONTENT_PROVIDER in package com.taobao.taobao
W/PackageManager( 1685): Unknown permission cn.org.ifaa.permission.USE_IFAA_MANAGER in package com.taobao.taobao
W/PackageManager( 1685): Unknown permission android.permission.USE_FINGERPRINT in package com.taobao.taobao
W/PackageManager( 1685): Unknown permission android.permission.MANAGE_FINGERPRINT in package com.taobao.taobao
W/PackageManager( 1685): Not granting permission android.permission.WRITE_MEDIA_STORAGE to package com.taobao.taobao (protectionLevel=18 flags=0x183e44)
W/PackageManager( 1685): Unknown permission com.google.android.gallery3d.permission.GALLERY_PROVIDER in package com.android.bluetooth
W/PackageManager( 1685): Unknown permission android.permission.MMS_SEND_OUTBOX_MSG in package com.android.bluetooth
I/NOX     ( 1772): Starting deamon
I/SystemServer( 1685): Text Service Manager Service
W/TextServicesManagerService( 1685): no available spell checker services found
I/SystemServer( 1685): Network Score Service
D/EventHub( 1685): No input device configuration file found for device 'gpio-keys'.
I/SystemServer( 1685): NetworkStats Service
W/EventHub( 1685): Unable to disable kernel key repeat for /dev/input/event3: Function not implemented
I/EventHub( 1685): Virtual keyboard mode is |0] [0]
I/EventHub( 1685): Vrtual keyboard is set to Hardware mode
I/EventHub( 1685): New device: id=2, fd=87, path='/dev/input/event3', name='gpio-keys', classes=0x81, configuration='', keyLayout='/system/usr/keylayout/gpio-keys.kl', keyCharacterMap='/system/usr/keychars/gpio-keys.kcm', builtinKeyboard=false, wakeMechanism=EPOLLWAKEUP, usingClockIoctl=true
D/EventHub( 1685): No input device configuration file found for device 'Sleep Button'.
W/EventHub( 1685): Unable to disable kernel key repeat for /dev/input/event1: Function not implemented
I/EventHub( 1685): Virtual keyboard mode is |0] [0]
I/EventHub( 1685): Vrtual keyboard is set to Hardware mode
I/EventHub( 1685): New device: id=3, fd=88, path='/dev/input/event1', name='Sleep Button', classes=0x1, configuration='', keyLayout='/system/usr/keylayout/Generic.kl', keyCharacterMap='/system/usr/keychars/Generic.kcm', builtinKeyboard=false, wakeMechanism=EPOLLWAKEUP, usingClockIoctl=true
D/EventHub( 1685): No input device configuration file found for device 'Power Button'.
W/EventHub( 1685): Unable to disable kernel key repeat for /dev/input/event0: Function not implemented
I/EventHub( 1685): Virtual keyboard mode is |0] [0]
I/EventHub( 1685): Vrtual keyboard is set to Hardware mode
I/EventHub( 1685): New device: id=4, fd=89, path='/dev/input/event0', name='Power Button', classes=0x1, configuration='', keyLayout='/system/usr/keylayout/Generic.kl', keyCharacterMap='/system/usr/keychars/Generic.kcm', builtinKeyboard=false, wakeMechanism=EPOLLWAKEUP, usingClockIoctl=true
D/EventHub( 1685): No input device configuration file found for device 'Video Bus'.
W/EventHub( 1685): Unable to disable kernel key repeat for /dev/input/event2: Function not implemented
I/EventHub( 1685): Virtual keyboard mode is |0] [0]
I/EventHub( 1685): Vrtual keyboard is set to Hardware mode
I/EventHub( 1685): New device: id=5, fd=90, path='/dev/input/event2', name='Video Bus', classes=0x1, configuration='', keyLayout='/system/usr/keylayout/Generic.kl', keyCharacterMap='/system/usr/keychars/Generic.kcm', builtinKeyboard=false, wakeMechanism=EPOLLWAKEUP, usingClockIoctl=true
E/EventHub( 1685): could not get driver version for /dev/input/mice, Not a typewriter
I/SystemServer( 1685): NetworkPolicy Service
I/SystemServiceManager( 1685): Starting com.android.server.wifi.p2p.WifiP2pService
I/WifiP2pService( 1685): Registering wifip2p
I/SystemServiceManager( 1685): Starting com.android.server.wifi.WifiService
E/WifiConfigStore( 1685): associatedPartialScanPeriodMilli set to 20000
I/InputReader( 1685): Device added: id=-1, name='Virtual', sources=0x00000301
I/InputReader( 1685): Device added: id=5, name='Video Bus', sources=0x00000101
I/InputReader( 1685): Device added: id=4, name='Power Button', sources=0x00000101
I/InputReader( 1685): Device added: id=3, name='Sleep Button', sources=0x00000101
I/InputReader( 1685): Device added: id=2, name='gpio-keys', sources=0x80000101
I/InputReader( 1685):   Touch device 'Android_Input' could not query the properties of its associated display.  The device will be inoperable until the display size becomes available.
I/InputReader( 1685): Device added: id=1, name='Android_Input', sources=0x00001303
I/InputReader( 1685): Reconfiguring input devices.  changes=0x00000004
I/InputReader( 1685): Device reconfigured: id=1, name='Android_Input', size 1920x1080, orientation 0, mode 1, display id 0
D/WifiController( 1685): isAirplaneModeOn = false, isWifiEnabled = true, isScanningAvailable = false
I/WifiService( 1685): Registering wifi
I/SystemServiceManager( 1685): Starting com.android.server.wifi.WifiScanningService
I/WifiScanningService( 1685): Creating wifiscanner
I/WifiScanningService( 1685): Starting wifiscanner
I/SystemServiceManager( 1685): Starting com.android.server.wifi.RttService
I/RttService( 1685): Creating rttmanager
I/RttService( 1685): Starting rttmanager
I/SystemServer( 1685): Connectivity Service
D/ConnectivityService( 1685): ConnectivityService starting up
D/ConnectivityService( 1685): wifiOnly=false
E/ConnectivityService( 1685): Ignoring protectedNetwork 10
E/ConnectivityService( 1685): Ignoring protectedNetwork 11
E/ConnectivityService( 1685): Ignoring protectedNetwork 12
E/ConnectivityService( 1685): Ignoring protectedNetwork 14
E/ConnectivityService( 1685): Ignoring protectedNetwork 15
I/SystemServer( 1685): Network Service Discovery Service
D/NsdService( 1685): Network service discovery enabled true
I/SystemServer( 1685): UpdateLock Service
I/SystemServiceManager( 1685): Starting com.android.server.notification.NotificationManagerService
I/SystemServiceManager( 1685): Starting com.android.server.storage.DeviceStorageMonitorService
I/SystemServer( 1685): Location Manager
I/SystemServer( 1685): Country Detector
I/SystemServer( 1685): Search Service
I/SystemServer( 1685): DropBox Service
I/SystemServer( 1685): Wallpaper Service
I/SystemServer( 1685): Audio Service
I/ServiceManager( 1685): Waiting for service media.audio_policy...
W/TelecomManager( 1685): Telecom Service not found.
I/CameraService( 1456): CameraService started (pid=1456)
E/CameraService( 1456): Could not load camera HAL module
I/AudioPolicyService( 1456): AudioPolicyService CSTOR in new mode
I/AudioPolicyManager( 1456): loadAudioPolicyConfig() loaded /system/etc/audio_policy.conf
I/AudioFlinger( 1456): loadHwModule() Loaded primary audio interface from NOX audio HW HAL (audio) handle 1
I/AudioFlinger( 1456): HAL output buffer size 880 frames, normal sink buffer size 1056 frames
I/AudioMixer( 1456): found effect "Multichannel Downmix To Stereo" from The Android Open Source Project
E/MonoPipe( 1456): Failed to fetch local time frequency when constructing a MonoPipe (res = -32).  getNextWriteTimestamp calls will be non-functional
I/AudioFlinger( 1456): Using module 1 has the primary audio interface
I/AudioFlinger( 1456): AudioFlinger's thread 0xb58b9000 ready to run
I/AudioFlinger( 1456): AudioFlinger's thread 0xb5959000 ready to run
E/SoundTriggerHwService( 1456): couldn't load sound trigger module sound_trigger.primary (No such file or directory)
I/SystemServiceManager( 1685): Starting com.android.server.DockObserver
W/DockObserver( 1685): This kernel does not have dock station support
I/SystemServer( 1685): Wired Accessory Manager
W/WiredAccessoryManager( 1685): This kernel does not have wired headset support
W/WiredAccessoryManager( 1685): This kernel does not have usb audio support
W/WiredAccessoryManager( 1685): This kernel does not have HDMI audio support
I/SystemServiceManager( 1685): Starting com.android.server.usb.UsbService$Lifecycle
I/SystemServer( 1685): Serial Service
I/SystemServiceManager( 1685): Starting com.android.server.twilight.TwilightService
I/SystemServiceManager( 1685): Starting com.android.server.UiModeManagerService
I/SystemServiceManager( 1685): Starting com.android.server.job.JobSchedulerService
I/SystemServiceManager( 1685): Starting com.android.server.backup.BackupManagerService$Lifecycle
I/SystemServiceManager( 1685): Starting com.android.server.appwidget.AppWidgetService
I/SystemServiceManager( 1685): Starting com.android.server.voiceinteraction.VoiceInteractionManagerService
W/SoundTriggerHelper( 1685): listModules status=0, # of modules=0
I/SystemServer( 1685): DiskStats Service
I/SystemServer( 1685): SamplingProfiler Service
I/SystemServer( 1685): NetworkTimeUpdateService
I/SystemServer( 1685): CommonTimeManagementService
I/SystemServer( 1685): CertBlacklister
I/SystemServiceManager( 1685): Starting com.android.server.dreams.DreamManagerService
I/SystemServer( 1685): Assets Atlas Service
I/SystemServiceManager( 1685): Starting com.android.server.print.PrintManagerService
I/SystemServiceManager( 1685): Starting com.android.server.restrictions.RestrictionsManagerService
I/SystemServiceManager( 1685): Starting com.android.server.media.MediaSessionService
I/SystemServer( 1685): Media Router Service
I/SystemServiceManager( 1685): Starting com.android.server.trust.TrustManagerService
I/SystemServiceManager( 1685): Starting com.android.server.fingerprint.FingerprintService
V/Fingerprint-JNI( 1685): nativeInit()
V/Fingerprint-JNI( 1685): nativeOpenHal()
E/Fingerprint-JNI( 1685): Can't open fingerprint HW Module, error: -2
I/SystemServer( 1685): BackgroundDexOptService
I/SystemServiceManager( 1685): Starting com.android.server.pm.LauncherAppsService
I/SystemServiceManager( 1685): Starting com.android.server.media.projection.MediaProjectionManagerService
D/AssetAtlas( 1685): Loaded configuration: SliceMinArea (960x1216) flags=0x2 count=446
I/WindowManager( 1685): SAFE MODE not enabled
D/        ( 1446): HostConnection::get() New Host Connection established 0xb683adc0, tid 1610
I/SystemServiceManager( 1685): Starting com.android.server.MmsServiceBroker
E/SQLiteLog( 1685): (283) recovered 16 frames from WAL file /data/system/locksettings.db-wal
E/LockSettingsStorage( 1685): Cannot read file java.io.FileNotFoundException: /data/system/password.key: open failed: ENOENT (No such file or directory)
E/LockSettingsStorage( 1685): Cannot read file java.io.FileNotFoundException: /data/system/gesture.key: open failed: ENOENT (No such file or directory)
I/SystemServiceManager( 1685): Starting phase 480
I/SystemServiceManager( 1685): Starting phase 500
I/WifiService( 1685): WifiService starting up with Wi-Fi enabled
D/WifiService( 1685): setWifiEnabled: true pid=1685, uid=1000
E/WifiService( 1685): Invoking mWifiStateMachine.setWifiEnabled
D/WifiController( 1685): WifiController msg { when=-1ms what=155656 target=com.android.internal.util.StateMachine$SmHandler } deferred for 499ms
D/WifiService( 1685): New client listening to asynchronous messages
I/WifiScanningService( 1685): Registering wifiscanner
D/WifiScanningService( 1685): New client, channel: null messenger: null
I/RttService( 1685): Registering rttmanager
D/WifiChangeStateMachine( 1685): Entering IdleState
D/WifiScanningService( 1685): DefaultState
I/ActivityManager( 1685): Config changes=200 {1.0 ?mcc?mnc zh_CN ?layoutDir ?swdp ?wdp ?hdp ?density ?lsize ?long ?orien ?touch ?keyb/?/? ?nav/? s.2}
I/UsageStatsService( 1685): User[0] Rollover scheduled @ 2019-04-27 08:00:00(1556323200000)
V/BackupManagerService( 1685): No ancestral data
D/BackupManagerService( 1685): Now staging backup of com.android.browser
D/BackupManagerService( 1685): Now staging backup of android
D/BackupManagerService( 1685): Now staging backup of com.android.providers.settings
D/BackupManagerService( 1685): Now staging backup of com.android.sharedstoragebackup
D/BackupManagerService( 1685): Now staging backup of com.android.providers.userdictionary
V/BackupManagerService( 1685): Starting with transport android/com.android.internal.backup.LocalTransport
V/BackupManagerService( 1685): Found transports: 1
I/BackupManagerService( 1685): Binding to transport host ComponentInfo{android/com.android.internal.backup.LocalTransportService}
I/BackupManagerService( 1685): Found stale backup journal, scheduling
W/WindowManager( 1685): updateFocusedWindowLocked, focusedAppToken is null.
I/DisplayManagerService( 1685): Display device changed: DisplayDeviceInfo{"内置屏幕": uniqueId="local:0", 1920 x 1080, 60.000004 fps, supportedRefreshRates [60.000004], density 320, 72.0 x 72.0 dpi, appVsyncOff 0, presDeadline 17666666, touch INTERNAL, rotation 0, type BUILT_IN, state ON, FLAG_DEFAULT_DISPLAY, FLAG_ROTATES_WITH_CONTENT, FLAG_SECURE, FLAG_SUPPORTS_PROTECTED_BUFFERS}
D/        ( 1685): HostConnection::get() New Host Connection established 0x9f86b290, tid 1815
D/SurfaceFlinger( 1446): Set power mode=2, type=0 flinger=0xb685d000
D/SurfaceFlinger( 1446): Screen type=0 is already mode=2
I/AppOps  ( 1685): Pruning old package root/0: new uid=-1
I/AppOps  ( 1685): Pruning old package media/1013: new uid=-1
I/ActivityManager( 1685): System now ready
I/SystemServer( 1685): Making services ready
I/SystemServiceManager( 1685): Starting phase 550
I/SystemServer( 1685): WebViewFactory preparation
D/libEGL  ( 1685): loaded /system/lib/egl/libEGL_adreno.so
I/Zygote  ( 1685): Process: zygote socket opened, supported ABIS: x86,armeabi-v7a,armeabi
D/libEGL  ( 1685): loaded /system/lib/egl/libGLESv1_CM_adreno.so
D/libEGL  ( 1685): loaded /system/lib/egl/libGLESv2_adreno.so
V/WebViewFactory( 1825): RelroFileCreator (64bit = false),  32-bit lib: /system/app/webview/lib/x86/libwebviewchromium.so, 64-bit lib: 
I/ActivityManager( 1685): Start proc 1825:WebViewLoader-x86/1037 [android.webkit.WebViewFactory$RelroFileCreator] for 
I/ActivityManager( 1685): Start proc 1840:com.android.systemui/u0a10 for service com.android.systemui/.SystemUIService
W/MountService( 1685): Duplicate state transition (mounted -> mounted) for /storage/emulated/0
D/NetworkManagementService( 1685): not enabling bandwidth control
I/art     ( 1825): System.exit called, status: 0
I/AndroidRuntime( 1825): VM exiting with result code 0, cleanup skipped.
W/NetworkStats( 1685): bandwidth controls disabled, unable to track stats
W/NetworkPolicy( 1685): bandwidth controls disabled, unable to enforce policy
D/AssetAtlas( 1685): Rendered atlas in 75.41ms (2.91+72.50ms)
D/        ( 1446): HostConnection::get() New Host Connection established 0xb683aba0, tid 1519
V/SystemUIService( 1840): Starting SystemUI services.
D/PermissionMonitor( 1685): Monitoring
D/PermissionMonitor( 1685): Users: 1, Apps: 37
I/SystemServiceManager( 1685): Starting phase 600
D/BluetoothManagerService( 1685): Message: 20
D/BluetoothManagerService( 1685): Added callback: android.bluetooth.BluetoothAdapter$1@197749b2:true
D/BluetoothManagerService( 1685): Trying to bind to profile: 1, while Bluetooth was disabled
D/BluetoothManagerService( 1685): Message: 30
I/BackupManagerService( 1685): Backup enabled => false
D/BluetoothManagerService( 1685): Message: 30
I/BackupManagerService( 1685): Opting out of backup
W/linker  ( 1456): libavutil.so has text relocations. This is wasting memory and prevents security hardening. Please fix.
W/linker  ( 1456): libavformat.so has text relocations. This is wasting memory and prevents security hardening. Please fix.
W/linker  ( 1456): libavcodec.so has text relocations. This is wasting memory and prevents security hardening. Please fix.
V/FingerprintService( 1685): startListening(android.service.fingerprint.IFingerprintServiceReceiver$Stub$Proxy@b0b08e3)
E/WVMExtractor( 1456): Failed to open libwvm.so: dlopen failed: library "libwvm.so" not found
D/NuPlayerDriver( 1456): start(0xb50281c0)
I/GenericSource( 1456): start
D/NuPlayerDriver( 1456): start(0xb5028040)
I/GenericSource( 1456): start
E/InputMethodManagerService( 1685): Ignoring setImeWindowStatus due to an invalid token. uid:1000 token:null
W/linker  ( 1456): libswresample.so has text relocations. This is wasting memory and prevents security hardening. Please fix.
W/linker  ( 1456): libswresample.so has text relocations. This is wasting memory and prevents security hardening. Please fix.
W/linker  ( 1456): libswresample.so has text relocations. This is wasting memory and prevents security hardening. Please fix.
W/linker  ( 1456): libswresample.so has text relocations. This is wasting memory and prevents security hardening. Please fix.
W/linker  ( 1456): libswresample.so has text relocations. This is wasting memory and prevents security hardening. Please fix.
W/linker  ( 1456): libswresample.so has text relocations. This is wasting memory and prevents security hardening. Please fix.
W/linker  ( 1456): libswresample.so has text relocations. This is wasting memory and prevents security hardening. Please fix.
E/OMX     ( 1456): FAILED to allocate omx component 'OMX.ffmpeg.pcm.decoder'
W/linker  ( 1456): libswresample.so has text relocations. This is wasting memory and prevents security hardening. Please fix.
W/linker  ( 1456): libswscale.so has text relocations. This is wasting memory and prevents security hardening. Please fix.
E/OMXNodeInstance( 1456): getParameter(9:ffmpeg.h264.decoder, ParamVideoProfileLevelQuerySupported(0x600000f)) ERROR: UnsupportedIndex(0x8000101a)
W/OMXNodeInstance( 1456): [9:ffmpeg.h264.decoder] component does not support metadata mode; using fallback
E/OMXNodeInstance( 1456): getExtensionIndex(9:ffmpeg.h264.decoder, OMX.google.android.index.prepareForAdaptivePlayback) ERROR: UnsupportedIndex(0x8000101a)
W/linker  ( 1456): libswscale.so has text relocations. This is wasting memory and prevents security hardening. Please fix.
E/SoftFFmpegVideo( 1456): unsupported role: video_decoder.mpeg2
E/OMXNodeInstance( 1456): setParameter(a:ffmpeg.mpeg2v.decoder, ParamStandardComponentRole(0x1000017)) ERROR: Undefined(0x80001001)
W/OMXCodec( 1456): Failed to set standard component role 'video_decoder.mpeg2'.
E/OMXNodeInstance( 1456): getParameter(a:ffmpeg.mpeg2v.decoder, ParamVideoProfileLevelQuerySupported(0x600000f)) ERROR: UnsupportedIndex(0x8000101a)
W/OMXNodeInstance( 1456): [a:ffmpeg.mpeg2v.decoder] component does not support metadata mode; using fallback
E/OMXNodeInstance( 1456): getExtensionIndex(a:ffmpeg.mpeg2v.decoder, OMX.google.android.index.prepareForAdaptivePlayback) ERROR: UnsupportedIndex(0x8000101a)
W/linker  ( 1456): libswscale.so has text relocations. This is wasting memory and prevents security hardening. Please fix.
E/OMXNodeInstance( 1456): getParameter(b:ffmpeg.wmv.decoder, ParamVideoProfileLevelQuerySupported(0x600000f)) ERROR: UnsupportedIndex(0x8000101a)
W/OMXNodeInstance( 1456): [b:ffmpeg.wmv.decoder] component does not support metadata mode; using fallback
E/OMXNodeInstance( 1456): getExtensionIndex(b:ffmpeg.wmv.decoder, OMX.google.android.index.prepareForAdaptivePlayback) ERROR: UnsupportedIndex(0x8000101a)
W/linker  ( 1456): libswscale.so has text relocations. This is wasting memory and prevents security hardening. Please fix.
E/OMXNodeInstance( 1456): getParameter(c:ffmpeg.rv.decoder, ParamVideoProfileLevelQuerySupported(0x600000f)) ERROR: UnsupportedIndex(0x8000101a)
W/OMXNodeInstance( 1456): [c:ffmpeg.rv.decoder] component does not support metadata mode; using fallback
E/OMXNodeInstance( 1456): getExtensionIndex(c:ffmpeg.rv.decoder, OMX.google.android.index.prepareForAdaptivePlayback) ERROR: UnsupportedIndex(0x8000101a)
W/linker  ( 1456): libswscale.so has text relocations. This is wasting memory and prevents security hardening. Please fix.
E/OMXNodeInstance( 1456): getParameter(d:ffmpeg.vc1.decoder, ParamVideoProfileLevelQuerySupported(0x600000f)) ERROR: UnsupportedIndex(0x8000101a)
W/OMXNodeInstance( 1456): [d:ffmpeg.vc1.decoder] component does not support metadata mode; using fallback
E/OMXNodeInstance( 1456): getExtensionIndex(d:ffmpeg.vc1.decoder, OMX.google.android.index.prepareForAdaptivePlayback) ERROR: UnsupportedIndex(0x8000101a)
W/linker  ( 1456): libswscale.so has text relocations. This is wasting memory and prevents security hardening. Please fix.
E/OMXNodeInstance( 1456): getParameter(e:ffmpeg.flv1.decoder, ParamVideoProfileLevelQuerySupported(0x600000f)) ERROR: UnsupportedIndex(0x8000101a)
W/OMXNodeInstance( 1456): [e:ffmpeg.flv1.decoder] component does not support metadata mode; using fallback
E/OMXNodeInstance( 1456): getExtensionIndex(e:ffmpeg.flv1.decoder, OMX.google.android.index.prepareForAdaptivePlayback) ERROR: UnsupportedIndex(0x8000101a)
W/linker  ( 1456): libswscale.so has text relocations. This is wasting memory and prevents security hardening. Please fix.
E/OMXNodeInstance( 1456): getParameter(f:ffmpeg.divx.decoder, ParamVideoProfileLevelQuerySupported(0x600000f)) ERROR: UnsupportedIndex(0x8000101a)
W/OMXNodeInstance( 1456): [f:ffmpeg.divx.decoder] component does not support metadata mode; using fallback
E/OMXNodeInstance( 1456): getExtensionIndex(f:ffmpeg.divx.decoder, OMX.google.android.index.prepareForAdaptivePlayback) ERROR: UnsupportedIndex(0x8000101a)
W/linker  ( 1456): libswscale.so has text relocations. This is wasting memory and prevents security hardening. Please fix.
E/OMXNodeInstance( 1456): getParameter(10:ffmpeg.vtrial.decoder, ParamVideoProfileLevelQuerySupported(0x600000f)) ERROR: UnsupportedIndex(0x8000101a)
W/OMXNodeInstance( 1456): [10:ffmpeg.vtrial.decoder] component does not support metadata mode; using fallback
E/OMXNodeInstance( 1456): getExtensionIndex(10:ffmpeg.vtrial.decoder, OMX.google.android.index.prepareForAdaptivePlayback) ERROR: UnsupportedIndex(0x8000101a)
I/ActivityManager( 1685): Start proc 1921:com.android.inputservice/1000 for service com.android.inputservice/.InputService
V/InputMethodManagerService( 1685): Adding window token: android.os.Binder@227c0ec5
W/OMXNodeInstance( 1456): [1b:google.mpeg4.decoder] component does not support metadata mode; using fallback
W/OMXNodeInstance( 1456): [1c:google.h263.decoder] component does not support metadata mode; using fallback
W/OMXNodeInstance( 1456): [1d:google.vp8.decoder] component does not support metadata mode; using fallback
W/OMXNodeInstance( 1456): [1e:google.vp9.decoder] component does not support metadata mode; using fallback
D/SoftHEVC( 1456): Number of CPU cores: 2
D/SoftHEVC( 1456): Initializing decoder
D/SoftHEVC( 1456): Set number of cores to 2
D/SoftHEVC( 1456): Ittiam decoder version number: @(#)Id:HEVCDEC_production Ver:04.01 Released by ITTIAM Build: Dec  8 2017 @ 17:50:28
W/OMXNodeInstance( 1456): [1f:google.hevc.decoder] component does not support metadata mode; using fallback
D/SoftHEVC( 1456): Freeing codec memory
D/SoftHEVC( 1456): Number of CPU cores: 2
D/SoftHEVC( 1456): Initializing decoder
D/SoftHEVC( 1456): Set number of cores to 2
D/SoftHEVC( 1456): Ittiam decoder version number: @(#)Id:HEVCDEC_production Ver:04.01 Released by ITTIAM Build: Dec  8 2017 @ 17:50:28
D/SoftHEVC( 1456): In SoftHEVC::~SoftHEVC
D/SoftHEVC( 1456): Freeing codec memory
I/SoftMPEG4Encoder( 1456): Construct SoftMPEG4Encoder
W/ACodec  ( 1456): do not know color format 0x7f000789 = 2130708361
I/SoftAVCEncoder( 1456): Construct SoftAVCEncoder
W/ACodec  ( 1456): do not know color format 0x7f000789 = 2130708361
I/SoftMPEG4Encoder( 1456): Construct SoftMPEG4Encoder
W/ACodec  ( 1456): do not know color format 0x7f000789 = 2130708361
W/ACodec  ( 1456): do not know color format 0x7f000789 = 2130708361
D/NuPlayerDriver( 1456): reset(0xb50281c0)
D/NuPlayerDriver( 1456): notifyResetComplete(0xb50281c0)
D/GpsLocationProvider( 1685): Reset GPS properties, previous size = 0
D/GpsLocationProvider( 1685): GpsParamsResource: SUPL_HOST=supl.google.com
D/GpsLocationProvider( 1685): GpsParamsResource: SUPL_PORT=7275
D/GpsLocationProvider( 1685): GpsParamsResource: NTP_SERVER=north-america.pool.ntp.org
D/GpsLocationProvider( 1685): GpsParamsResource: SUPL_VER=0x20000
D/GpsLocationProvider( 1685): GpsParamsResource: SUPL_MODE=1
D/GpsLocationProvider( 1685): GPS properties reloaded, size = 8
E/GpsLocationProvider( 1685): no AGPS interface in set_agps_server
E/GpsLocationProvider( 1685): no GPS configuration interface in configuraiton_update
D/GpsLocationProvider( 1685): final config = #Fri Apr 26 10:27:08 GMT+08:00 2019
D/GpsLocationProvider( 1685): SUPL_VER=0x20000
D/GpsLocationProvider( 1685): SUPL_HOST=supl.google.com
D/GpsLocationProvider( 1685): XTRA_SERVER_3=http\://xtra3.gpsonextra.net/xtra.bin
D/GpsLocationProvider( 1685): XTRA_SERVER_1=http\://xtra1.gpsonextra.net/xtra.bin
D/GpsLocationProvider( 1685): SUPL_PORT=7276
D/GpsLocationProvider( 1685): XTRA_SERVER_2=http\://xtra2.gpsonextra.net/xtra.bin
D/GpsLocationProvider( 1685): NTP_SERVER=north-america.pool.ntp.org
D/GpsLocationProvider( 1685): SUPL_MODE=1
D/NuPlayerDriver( 1456): reset(0xb5028040)
D/NuPlayerDriver( 1456): notifyResetComplete(0xb5028040)
W/ServiceWatcher( 1685): com.google.android.gms not found
W/ServiceWatcher( 1685): com.google.android.gms not found
W/LocationManagerService( 1685): no network location provider found
W/ServiceWatcher( 1685): com.google.android.gms not found
W/ServiceWatcher( 1685): com.google.android.gms not found
E/LocationManagerService( 1685): no geocoder provider found
E/FlpHardwareProvider( 1685): Error hw_get_module 'flp': -2
E/LocationManagerService( 1685): FLP HAL not supported
W/ServiceWatcher( 1685): com.google.android.gms not found
E/LocationManagerService( 1685): Unable to bind FLP Geofence proxy.
E/ActivityRecognitionHardware( 1685): Error hw_get_module: -2
E/LocationManagerService( 1685): Hardware Activity-Recognition not supported.
D/NuPlayerDriver( 1456): start(0xb584fdc0)
I/GenericSource( 1456): start
I/CommonTimeManagementService( 1685): No common time service detected on this platform.  Common time services will be unavailable.
I/InputReader( 1685): Reconfiguring input devices.  changes=0x00000020
I/MmsServiceBroker( 1685): Delay connecting to MmsService until an API is called
I/InputReader( 1685): Reconfiguring input devices.  changes=0x00000010
W/VoiceInteractionManagerService( 1685): no available voice interaction services found for user 0
W/VoiceInteractionManagerService( 1685): no available voice recognition services found for user 0
D/NuPlayerDriver( 1456): start(0xb584fbe0)
I/GenericSource( 1456): start
E/GpsLocationProvider( 1685): no AGPS interface in set_agps_server
I/ActivityManager( 1685): Start proc 1998:com.android.phone/1001 for added application com.android.phone
I/ActivityManager( 1685): START u0 {act=android.intent.action.MAIN cat=[android.intent.category.HOME] flg=0x10000000 cmp=com.vphone.launcher/.Launcher} from uid 0 on display 0
V/WindowManager( 1685): addAppToken: AppWindowToken{37787a2c token=Token{28f23ddf ActivityRecord{afcc47e u0 com.vphone.launcher/.Launcher t1}}} to stack=0 task=1 at 0
D/NuPlayerDriver( 1456): reset(0xb584fdc0)
D/NuPlayerDriver( 1456): notifyResetComplete(0xb584fdc0)
D/NuPlayerDriver( 1456): reset(0xb584fbe0)
D/NuPlayerDriver( 1456): notifyResetComplete(0xb584fbe0)
D/NuPlayerDriver( 1456): start(0xb50281c0)
I/GenericSource( 1456): start
I/ActivityManager( 1685): Start proc 2023:com.vphone.launcher/1000 for activity com.vphone.launcher/.Launcher
V/ActivityManager( 1685): Display changed displayId=0
V/ActivityManager( 1685): Display changed displayId=0
D/WifiScanningService( 1685): SCAN_AVAILABLE : 1
D/RttService( 1685): SCAN_AVAILABLE : 1
D/WifiScanningService( 1685): DefaultState got{ when=0 what=160007 target=com.android.internal.util.StateMachine$SmHandler }
D/RttService( 1685): DefaultState got{ when=0 what=160513 target=com.android.internal.util.StateMachine$SmHandler }
W/ContextImpl( 1685): Calling a method in the system process without a qualified user: android.app.ContextImpl.sendBroadcast:1327 com.android.server.InputMethodManagerService.hideCurrentInputLocked:1992 com.android.server.InputMethodManagerService.windowGainedFocus:2082 android.view.inputmethod.InputMethodManager.startInputInner:1230 android.view.inputmethod.InputMethodManager.onWindowFocus:1433 
I/ActivityManager( 1685): Config changes=1dfb {1.0 460mcc7mnc zh_CN ?layoutDir sw540dp w960dp h515dp 320dpi lrg long land finger qwerty/v/v dpad/v s.3}
V/ActivityManager( 1685): Display changed displayId=0
I/Telecom ( 1685): TelecomGlobals: TelecomGlobals initializing
W/ActivityManager( 1685): Unable to start service Intent { cmp=com.android.printspooler/.model.PrintSpoolerService } U=0: not found
D/NuPlayerDriver( 1456): start(0xb5028040)
I/GenericSource( 1456): start
D/NuPlayerDriver( 1456): reset(0xb50281c0)
D/NuPlayerDriver( 1456): notifyResetComplete(0xb50281c0)
D/NuPlayerDriver( 1456): reset(0xb5028040)
D/NuPlayerDriver( 1456): notifyResetComplete(0xb5028040)
I/ActivityManager( 1685): Start proc 2051:android.process.acore/u0a2 for content provider com.android.providers.contacts/.CallLogProvider
D/BluetoothManagerService( 1685): Trying to bind to profile: 1, while Bluetooth was disabled
D/BluetoothManagerService( 1685): Message: 30
I/Telecom ( 1685): TelecomGlobals: CallsManager initialized
W/ContextImpl( 1685): Calling a method in the system process without a qualified user: android.app.ContextImpl.startService:1706 android.content.ContextWrapper.startService:516 com.android.server.telecom.BluetoothPhoneService.start:440 com.android.server.telecom.TelecomGlobals.initialize:93 com.android.server.telecom.TelecomService.onCreate:164 
W/ResourcesManager( 1685): Asset path '/system/framework/com.android.location.provider.jar' does not exist or contains no resources.
D/GpsNetInitiatedHandler( 1685): location enabled :true
V/WiredAccessoryManager( 1685): init()
D/BluetoothManagerService( 1685): Message: 300
D/BluetoothManagerService( 1685): MESSAGE_USER_SWITCHED
D/PermissionCache( 1446): checking android.permission.HARDWARE_TEST for uid=1000 => granted (41 us)
D/NuPlayerDriver( 1456): start(0xb584fdc0)
I/GenericSource( 1456): start
D/NuPlayerDriver( 1456): reset(0xb584fdc0)
D/NuPlayerDriver( 1456): notifyResetComplete(0xb584fdc0)
V/BackupManagerService( 1685): Connected to transport ComponentInfo{android/com.android.internal.backup.LocalTransportService}
V/BackupManagerService( 1685): Registering transport android/com.android.internal.backup.LocalTransportService::android/com.android.internal.backup.LocalTransport = android.app.backup.BackupTransport$TransportImpl@2ca32ec
V/ActivityManager( 1685): Display changed displayId=0
D/        ( 1685): HostConnection::get() New Host Connection established 0x9f8ceab0, tid 1685
W/ImageLoader( 2023): diskCache() and diskCacheFileNameGenerator() calls overlap each other
W/ContextImpl( 2023): Calling a method in the system process without a qualified user: android.app.ContextImpl.startService:1706 android.content.ContextWrapper.startService:516 com.vphone.launcher.LauncherApplication.onCreate:114 android.app.Instrumentation.callApplicationOnCreate:1012 android.app.ActivityThread.handleBindApplication:4592 
D/WifiController( 1685): DEFERRED_TOGGLE handled
E/WifiStateMachine( 1685): Failed to reload STA firmware java.lang.IllegalArgumentException: command '8 softap fwreload eth1 STA' failed with '501 8 SoftAP command has failed'
D/CommandListener( 1451): Setting iface cfg
D/CommandListener( 1451): Trying to bring down eth1
D/CommandListener( 1451): Clearing all IP addresses on eth1
E/WifiMonitor( 1685): killSupplicant p2pfalse init.svc.wpa_supplicant=unknown init.svc.p2p_supplicant=unknown
D/NuPlayerDriver( 1456): start(0xb5028040)
I/GenericSource( 1456): start
D/TelephonyProvider( 1998): dbh.onOpen: ok, queried table=siminfo
D/TelephonyProvider( 1998): dbh.onOpen: ok, queried table=carriers
D/VolumeUI( 1840): Registering volume controller
W/ActivityThread( 2023): ClassLoader.loadClass: The class loader returned by Thread.getContextClassLoader() may fail for processes that host multiple applications. You should explicitly specify a context class loader. For example: Thread.setContextClassLoader(getClass().getClassLoader());
D/WifiService( 1685): New client listening to asynchronous messages
D/WifiService( 1685): setWifiEnabled: true pid=2023, uid=1000
E/WifiService( 1685): Invoking mWifiStateMachine.setWifiEnabled
D/NuPlayerDriver( 1456): reset(0xb5028040)
D/BluetoothManagerService( 1685): Trying to bind to profile: 1, while Bluetooth was disabled
D/BluetoothManagerService( 1685): Message: 30
W/IInputConnectionWrapper( 1685): showStatusIcon on inactive InputConnection
D/NuPlayerDriver( 1456): notifyResetComplete(0xb5028040)
D/NuPlayerDriver( 1456): start(0xb50281c0)
I/GenericSource( 1456): start
D/WifiMonitor( 1685): startMonitoring(eth1) with mConnected = false
E/WifiHW  ( 1685): Unable to open connection to supplicant on "@android:wpa_eth1": No such file or directory
D/libEGL  ( 2023): loaded /system/lib/egl/libEGL_adreno.so
D/NuPlayerDriver( 1456): reset(0xb50281c0)
D/NuPlayerDriver( 1456): notifyResetComplete(0xb50281c0)
W/ResourceType( 2023): Attempt to retrieve bag 0x7f0e00a4 which is invalid or in a cycle.
D/TelephonyDebugService( 1998): TelephonyDebugService()
D/        ( 2023): HostConnection::get() New Host Connection established 0xad829a70, tid 2130
D/libEGL  ( 2023): loaded /system/lib/egl/libGLESv1_CM_adreno.so
I/wpa_supplicant( 2119): eth1: Trying to associate with SSID 'WiredSSID'
I/wpa_supplicant( 2119): eth1: Associated with 01:80:c2:00:00:03
I/wpa_supplicant( 2119): eth1: CTRL-EVENT-CONNECTED - Connection to 01:80:c2:00:00:03 completed [id=0 id_str=]
D/libEGL  ( 2023): loaded /system/lib/egl/libGLESv2_adreno.so
I/OpenGLRenderer( 2023): Initialized EGL, version 1.4
W/Searchables( 1685): No global search activity found
D/WifiService( 1685): New client listening to asynchronous messages
I/wpa_supplicant( 2119): Successfully initialized wpa_supplicant
D/AndroidRuntime( 2123): >>>>>> START com.android.internal.os.RuntimeInit uid 0 <<<<<<
D/OpenGLRenderer( 2023): Use EGL_SWAP_BEHAVIOR_PRESERVED: true
D/OpenGLRenderer( 2023): Enabling debug mode 0
E/DcSwitchStateMachine-0( 1998): DctController is not ready
E/ConnectivityService( 1685): Failed to find Messenger in unregisterNetworkFactory
D/ConnectivityService( 1685): Got NetworkFactory Messenger for Telephony
I/Telephony( 1998): PstnIncomingCallNotifier: Registering: Handler (com.android.internal.telephony.gsm.GSMPhone) {2eecdc86}
V/RenderScript( 2023): 0xad945400 Launching thread(s), CPUs 2
D/        ( 2023): HostConnection::get() New Host Connection established 0xb3ef58d0, tid 2023
D/Atlas   ( 2023): Validating map...
W/Atlas   ( 2023): Pointer 0x0, not in getPreloadedDrawables?
W/Atlas   ( 2023): Pointer 0x0, not in getPreloadedDrawables?
W/Atlas   ( 2023): Pointer 0x0, not in getPreloadedDrawables?
W/Atlas   ( 2023): Pointer 0x0, not in getPreloadedDrawables?
W/Atlas   ( 2023): Pointer 0x0, not in getPreloadedDrawables?
W/Atlas   ( 2023): Pointer 0x0, not in getPreloadedDrawables?
W/Atlas   ( 2023): Pointer 0x0, not in getPreloadedDrawables?
W/Atlas   ( 2023): Pointer 0x0, not in getPreloadedDrawables?
W/Atlas   ( 2023): Pointer 0x0, not in getPreloadedDrawables?
W/Atlas   ( 2023): Pointer 0x0, not in getPreloadedDrawables?
W/Atlas   ( 2023): Pointer 0x0, not in getPreloadedDrawables?
W/Atlas   ( 2023): Pointer 0x0, not in getPreloadedDrawables?
W/Atlas   ( 2023): Pointer 0x0, not in getPreloadedDrawables?
W/Atlas   ( 2023): Pointer 0x0, not in getPreloadedDrawables?
W/Atlas   ( 2023): Pointer 0x0, not in getPreloadedDrawables?
W/Atlas   ( 2023): Pointer 0x0, not in getPreloadedDrawables?
W/Atlas   ( 2023): Pointer 0x0, not in getPreloadedDrawables?
W/Atlas   ( 2023): Pointer 0x0, not in getPreloadedDrawables?
W/Atlas   ( 2023): Pointer 0x0, not in getPreloadedDrawables?
W/Atlas   ( 2023): Pointer 0x0, not in getPreloadedDrawables?
W/Atlas   ( 2023): Pointer 0x0, not in getPreloadedDrawables?
W/Atlas   ( 2023): Pointer 0x0, not in getPreloadedDrawables?
W/Atlas   ( 2023): Pointer 0x0, not in getPreloadedDrawables?
W/Atlas   ( 2023): Pointer 0x0, not in getPreloadedDrawables?
W/Atlas   ( 2023): Pointer 0x0, not in getPreloadedDrawables?
W/Atlas   ( 2023): Pointer 0x0, not in getPreloadedDrawables?
W/Atlas   ( 2023): Pointer 0x0, not in getPreloadedDrawables?
W/Atlas   ( 2023): Pointer 0x0, not in getPreloadedDrawables?
W/Atlas   ( 2023): Pointer 0x0, not in getPreloadedDrawables?
W/Atlas   ( 2023): Pointer 0x0, not in getPreloadedDrawables?
W/Atlas   ( 2023): Pointer 0x0, not in getPreloadedDrawables?
W/Atlas   ( 2023): Pointer 0x0, not in getPreloadedDrawables?
W/Atlas   ( 2023): Pointer 0x0, not in getPreloadedDrawables?
W/Atlas   ( 2023): Pointer 0x0, not in getPreloadedDrawables?
W/Atlas   ( 2023): Pointer 0x0, not in getPreloadedDrawables?
W/Atlas   ( 2023): Pointer 0x0, not in getPreloadedDrawables?
W/Atlas   ( 2023): Pointer 0x0, not in getPreloadedDrawables?
W/Atlas   ( 2023): Pointer 0x0, not in getPreloadedDrawables?
W/Atlas   ( 2023): Pointer 0x0, not in getPreloadedDrawables?
W/Atlas   ( 2023): Pointer 0x0, not in getPreloadedDrawables?
W/Atlas   ( 2023): Pointer 0x0, not in getPreloadedDrawables?
W/Atlas   ( 2023): Pointer 0x0, not in getPreloadedDrawables?
W/Atlas   ( 2023): Pointer 0x0, not in getPreloadedDrawables?
W/Atlas   ( 2023): Pointer 0x0, not in getPreloadedDrawables?
W/Atlas   ( 2023): Pointer 0x0, not in getPreloadedDrawables?
W/Atlas   ( 2023): Pointer 0x0, not in getPreloadedDrawables?
W/Atlas   ( 2023): Pointer 0x0, not in getPreloadedDrawables?
W/Atlas   ( 2023): Pointer 0x0, not in getPreloadedDrawables?
W/Atlas   ( 2023): Pointer 0x0, not in getPreloadedDrawables?
W/Atlas   ( 2023): Pointer 0x0, not in getPreloadedDrawables?
W/Atlas   ( 2023): Pointer 0x0, not in getPreloadedDrawables?
W/Atlas   ( 2023): Pointer 0x0, not in getPreloadedDrawables?
W/Atlas   ( 2023): Pointer 0x0, not in getPreloadedDrawables?
W/Atlas   ( 2023): Pointer 0x0, not in getPreloadedDrawables?
W/Atlas   ( 2023): Pointer 0x0, not in getPreloadedDrawables?
W/Atlas   ( 2023): Pointer 0x0, not in getPreloadedDrawables?
W/Atlas   ( 2023): Pointer 0x0, not in getPreloadedDrawables?
W/Atlas   ( 2023): Pointer 0x0, not in getPreloadedDrawables?
W/Atlas   ( 2023): Pointer 0x0, not in getPreloadedDrawables?
W/Atlas   ( 2023): Pointer 0x0, not in getPreloadedDrawables?
W/Atlas   ( 2023): Pointer 0x0, not in getPreloadedDrawables?
W/Atlas   ( 2023): Pointer 0x0, not in getPreloadedDrawables?
W/Atlas   ( 2023): Pointer 0x0, not in getPreloadedDrawables?
W/Atlas   ( 2023): Pointer 0x0, not in getPreloadedDrawables?
W/Atlas   ( 2023): Pointer 0x0, not in getPreloadedDrawables?
W/Atlas   ( 2023): Pointer 0x0, not in getPreloadedDrawables?
W/Atlas   ( 2023): Pointer 0x0, not in getPreloadedDrawables?
W/Atlas   ( 2023): Pointer 0x0, not in getPreloadedDrawables?
W/Atlas   ( 2023): Pointer 0x0, not in getPreloadedDrawables?
W/Atlas   ( 2023): Pointer 0x0, not in getPreloadedDrawables?
W/Atlas   ( 2023): Pointer 0x0, not in getPreloadedDrawables?
W/Atlas   ( 2023): Pointer 0x0, not in getPreloadedDrawables?
W/Atlas   ( 2023): Pointer 0x0, not in getPreloadedDrawables?
W/Atlas   ( 2023): Pointer 0x0, not in getPreloadedDrawables?
W/Atlas   ( 2023): Pointer 0x0, not in getPreloadedDrawables?
W/Atlas   ( 2023): Pointer 0x0, not in getPreloadedDrawables?
W/Atlas   ( 2023): Pointer 0x0, not in getPreloadedDrawables?
W/Atlas   ( 2023): Pointer 0x0, not in getPreloadedDrawables?
W/Atlas   ( 2023): Pointer 0x0, not in getPreloadedDrawables?
W/Atlas   ( 2023): Pointer 0x0, not in getPreloadedDrawables?
W/Atlas   ( 2023): Pointer 0x0, not in getPreloadedDrawables?
W/Atlas   ( 2023): Pointer 0x0, not in getPreloadedDrawables?
W/Atlas   ( 2023): Pointer 0x0, not in getPreloadedDrawables?
W/Atlas   ( 2023): Pointer 0x0, not in getPreloadedDrawables?
W/Atlas   ( 2023): Pointer 0x0, not in getPreloadedDrawables?
W/Atlas   ( 2023): Pointer 0x0, not in getPreloadedDrawables?
W/Atlas   ( 2023): Pointer 0x0, not in getPreloadedDrawables?
W/Atlas   ( 2023): Pointer 0x0, not in getPreloadedDrawables?
W/Atlas   ( 2023): Pointer 0x0, not in getPreloadedDrawables?
W/Atlas   ( 2023): Pointer 0x0, not in getPreloadedDrawables?
W/Atlas   ( 2023): Pointer 0x0, not in getPreloadedDrawables?
W/Atlas   ( 2023): Pointer 0x0, not in getPreloadedDrawables?
W/Atlas   ( 2023): Pointer 0x0, not in getPreloadedDrawables?
W/Atlas   ( 2023): Pointer 0x0, not in getPreloadedDrawables?
W/Atlas   ( 2023): Pointer 0x0, not in getPreloadedDrawables?
W/Atlas   ( 2023): Pointer 0x0, not in getPreloadedDrawables?
W/Atlas   ( 2023): Pointer 0x0, not in getPreloadedDrawables?
W/Atlas   ( 2023): Pointer 0x0, not in getPreloadedDrawables?
W/Atlas   ( 2023): Pointer 0x0, not in getPreloadedDrawables?
W/Atlas   ( 2023): Pointer 0x0, not in getPreloadedDrawables?
W/Atlas   ( 2023): Pointer 0x0, not in getPreloadedDrawables?
W/Atlas   ( 2023): Pointer 0x0, not in getPreloadedDrawables?
W/Atlas   ( 2023): Pointer 0x0, not in getPreloadedDrawables?
W/Atlas   ( 2023): Pointer 0x0, not in getPreloadedDrawables?
W/Atlas   ( 2023): Pointer 0x0, not in getPreloadedDrawables?
W/Atlas   ( 2023): Pointer 0x0, not in getPreloadedDrawables?
W/Atlas   ( 2023): Pointer 0x0, not in getPreloadedDrawables?
W/Atlas   ( 2023): Pointer 0x0, not in getPreloadedDrawables?
W/Atlas   ( 2023): Pointer 0x0, not in getPreloadedDrawables?
W/Atlas   ( 2023): Pointer 0x0, not in getPreloadedDrawables?
W/Atlas   ( 2023): Pointer 0x0, not in getPreloadedDrawables?
W/Atlas   ( 2023): Pointer 0x0, not in getPreloadedDrawables?
W/Atlas   ( 2023): Pointer 0x0, not in getPreloadedDrawables?
W/Atlas   ( 2023): Pointer 0x0, not in getPreloadedDrawables?
W/Atlas   ( 2023): Pointer 0x0, not in getPreloadedDrawables?
W/Atlas   ( 2023): Pointer 0x0, not in getPreloadedDrawables?
W/Atlas   ( 2023): Pointer 0x0, not in getPreloadedDrawables?
W/Atlas   ( 2023): Pointer 0x0, not in getPreloadedDrawables?
W/Atlas   ( 2023): Pointer 0x0, not in getPreloadedDrawables?
W/Atlas   ( 2023): Pointer 0x0, not in getPreloadedDrawables?
W/Atlas   ( 2023): Pointer 0x0, not in getPreloadedDrawables?
W/Atlas   ( 2023): Pointer 0x0, not in getPreloadedDrawables?
W/Atlas   ( 2023): Pointer 0x0, not in getPreloadedDrawables?
W/Atlas   ( 2023): Pointer 0x0, not in getPreloadedDrawables?
W/Atlas   ( 2023): Pointer 0x0, not in getPreloadedDrawables?
W/Atlas   ( 2023): Pointer 0x0, not in getPreloadedDrawables?
W/Atlas   ( 2023): Pointer 0x0, not in getPreloadedDrawables?
W/Atlas   ( 2023): Pointer 0x0, not in getPreloadedDrawables?
W/Atlas   ( 2023): Pointer 0x0, not in getPreloadedDrawables?
W/Atlas   ( 2023): Pointer 0x0, not in getPreloadedDrawables?
W/Atlas   ( 2023): Pointer 0x0, not in getPreloadedDrawables?
W/Atlas   ( 2023): Pointer 0x0, not in getPreloadedDrawables?
W/Atlas   ( 2023): Pointer 0x0, not in getPreloadedDrawables?
W/Atlas   ( 2023): Pointer 0x0, not in getPreloadedDrawables?
W/Atlas   ( 2023): Pointer 0x0, not in getPreloadedDrawables?
W/Atlas   ( 2023): Pointer 0x0, not in getPreloadedDrawables?
W/Atlas   ( 2023): Pointer 0x0, not in getPreloadedDrawables?
W/Atlas   ( 2023): Pointer 0x0, not in getPreloadedDrawables?
W/Atlas   ( 2023): Pointer 0x0, not in getPreloadedDrawables?
W/Atlas   ( 2023): Pointer 0x0, not in getPreloadedDrawables?
W/Atlas   ( 2023): Pointer 0x0, not in getPreloadedDrawables?
W/Atlas   ( 2023): Pointer 0x0, not in getPreloadedDrawables?
W/Atlas   ( 2023): Pointer 0x0, not in getPreloadedDrawables?
W/Atlas   ( 2023): Pointer 0x0, not in getPreloadedDrawables?
W/Atlas   ( 2023): Pointer 0x0, not in getPreloadedDrawables?
W/Atlas   ( 2023): Pointer 0x0, not in getPreloadedDrawables?
W/Atlas   ( 2023): Pointer 0x0, not in getPreloadedDrawables?
W/Atlas   ( 2023): Pointer 0x0, not in getPreloadedDrawables?
W/Atlas   ( 2023): Pointer 0x0, not in getPreloadedDrawables?
W/Atlas   ( 2023): Pointer 0x0, not in getPreloadedDrawables?
W/Atlas   ( 2023): Pointer 0x0, not in getPreloadedDrawables?
W/Atlas   ( 2023): Pointer 0x0, not in getPreloadedDrawables?
W/Atlas   ( 2023): Pointer 0x0, not in getPreloadedDrawables?
W/Atlas   ( 2023): Pointer 0x0, not in getPreloadedDrawables?
W/Atlas   ( 2023): Pointer 0x0, not in getPreloadedDrawables?
W/Atlas   ( 2023): Pointer 0x0, not in getPreloadedDrawables?
W/Atlas   ( 2023): Pointer 0x0, not in getPreloadedDrawables?
W/Atlas   ( 2023): Pointer 0x0, not in getPreloadedDrawables?
W/Atlas   ( 2023): Pointer 0x0, not in getPreloadedDrawables?
W/Atlas   ( 2023): Pointer 0x0, not in getPreloadedDrawables?
W/Atlas   ( 2023): Pointer 0x0, not in getPreloadedDrawables?
W/Atlas   ( 2023): Pointer 0x0, not in getPreloadedDrawables?
W/Atlas   ( 2023): Pointer 0x0, not in getPreloadedDrawables?
W/Atlas   ( 2023): Pointer 0x0, not in getPreloadedDrawables?
W/Atlas   ( 2023): Pointer 0x0, not in getPreloadedDrawables?
D/SIP     ( 1998): [SipSharedPreferences] isReceivingCallsEnabled, option not set; use default value, exception: android.provider.Settings$SettingNotFoundException: sip_receive_calls
W/ContextImpl( 2023): Calling a method in the system process without a qualified user: android.app.ContextImpl.startService:1706 android.content.ContextWrapper.startService:516 com.vphone.launcher.Launcher.a:31679 com.vphone.launcher.Launcher$11.run:635 com.vphone.launcher.utils.ThreadUtil$a$1.run:68 
V/WindowManager( 1685): Based on layer: Adding window Window{f0dbf3 u0 com.vphone.launcher/com.vphone.launcher.Launcher} at 0 of 1
D/BluetoothManagerService( 1685): Message: 20
D/BluetoothManagerService( 1685): Added callback: android.bluetooth.IBluetoothManagerCallback$Stub$Proxy@187d1eae:true
D/BluetoothManagerService( 1685): Message: 30
D/BluetoothManagerService( 1685): Trying to bind to profile: 1, while Bluetooth was disabled
I/StatusBarManagerService( 1685): registerStatusBar bar=com.android.internal.statusbar.IStatusBar$Stub$Proxy@1989d66b
I/ActivityManager( 1685): Displayed com.vphone.launcher/.Launcher: +710ms
I/Telephony( 1998): TtyManager: updateUiTtyMode -1 -> 0
D/GpsLocationProvider( 1685): received SIM realted action: 
D/GpsLocationProvider( 1685): SIM MCC/MNC is available: 46007
D/GpsLocationProvider( 1685): Reset GPS properties, previous size = 8
D/GpsLocationProvider( 1685): GpsParamsResource: SUPL_HOST=supl.google.com
D/GpsLocationProvider( 1685): GpsParamsResource: SUPL_PORT=7275
D/GpsLocationProvider( 1685): GpsParamsResource: NTP_SERVER=north-america.pool.ntp.org
D/GpsLocationProvider( 1685): GpsParamsResource: SUPL_VER=0x20000
D/GpsLocationProvider( 1685): GpsParamsResource: SUPL_MODE=1
D/GpsLocationProvider( 1685): GPS properties reloaded, size = 8
E/GpsLocationProvider( 1685): no AGPS interface in set_agps_server
E/GpsLocationProvider( 1685): no GPS configuration interface in configuraiton_update
