04-26 10:39:02.682  2997  3537 W SchedPolicy: add_tid_to_cgroup failed to write '27156' (Permission denied); fd=18
04-26 10:39:02.683  2997  3537 W ActivityManager: Failed setting process group of 27156 to 0
04-26 10:39:02.684  2997  3473 W JobServiceContext: verifyCallingUid. END
04-26 10:39:02.687  2997  2997 W JobServiceContext: closeAndCleanupJobH.com.meizu.flyme.wallet/com.eguan.monitor.fangzhou.service.MonitorJobService jId=2071111, u0
04-26 10:39:07.701  2997  2997 W SchedPolicy: add_tid_to_cgroup failed to write '27156' (Permission denied); fd=17
04-26 10:39:07.701  2997  2997 W ActivityManager: Failed setting process group of 27156 to -1
04-26 10:39:07.718  2997  3520 W SchedPolicy: add_tid_to_cgroup failed to write '27156' (Permission denied); fd=18
04-26 10:39:07.718  2997  3520 W ActivityManager: Failed setting process group of 27156 to 0
04-26 10:39:07.721  2997  3014 W JobServiceContext: verifyCallingUid. END
04-26 10:39:07.723  2997  2997 W JobServiceContext: closeAndCleanupJobH.com.meizu.flyme.wallet/com.eguan.monitor.fangzhou.service.MonitorJobService jId=2071111, u0
04-26 10:39:12.732  2997  2997 W SchedPolicy: add_tid_to_cgroup failed to write '27156' (Permission denied); fd=17
04-26 10:39:12.733  2997  2997 W ActivityManager: Failed setting process group of 27156 to -1
04-26 10:39:12.739  2997  3585 W SchedPolicy: add_tid_to_cgroup failed to write '27156' (Permission denied); fd=18
04-26 10:39:12.740  2997  3585 W ActivityManager: Failed setting process group of 27156 to 0
04-26 10:39:12.741  2997  3520 W JobServiceContext: verifyCallingUid. END
04-26 10:39:12.743  2997  2997 W JobServiceContext: closeAndCleanupJobH.com.meizu.flyme.wallet/com.eguan.monitor.fangzhou.service.MonitorJobService jId=2071111, u0
04-26 10:39:17.753  2997  2997 W SchedPolicy: add_tid_to_cgroup failed to write '27156' (Permission denied); fd=17
04-26 10:39:17.753  2997  2997 W ActivityManager: Failed setting process group of 27156 to -1
04-26 10:39:17.759  2997  3588 W SchedPolicy: add_tid_to_cgroup failed to write '27156' (Permission denied); fd=18
04-26 10:39:17.760  2997  3588 W ActivityManager: Failed setting process group of 27156 to 0
04-26 10:39:17.761  2997  3473 W JobServiceContext: verifyCallingUid. END
04-26 10:39:17.764  2997  2997 W JobServiceContext: closeAndCleanupJobH.com.meizu.flyme.wallet/com.eguan.monitor.fangzhou.service.MonitorJobService jId=2071111, u0
04-26 10:39:22.772  2997  2997 W SchedPolicy: add_tid_to_cgroup failed to write '27156' (Permission denied); fd=17
04-26 10:39:22.772  2997  2997 W ActivityManager: Failed setting process group of 27156 to -1
04-26 10:39:22.779  2997  3520 W SchedPolicy: add_tid_to_cgroup failed to write '27156' (Permission denied); fd=18
04-26 10:39:22.779  2997  3520 W ActivityManager: Failed setting process group of 27156 to 0
04-26 10:39:22.780  2997  3589 W JobServiceContext: verifyCallingUid. END
04-26 10:39:22.782  2997  2997 W JobServiceContext: closeAndCleanupJobH.com.meizu.flyme.wallet/com.eguan.monitor.fangzhou.service.MonitorJobService jId=2071111, u0
04-26 10:39:27.793  2997  2997 W SchedPolicy: add_tid_to_cgroup failed to write '27156' (Permission denied); fd=17
04-26 10:39:27.794  2997  2997 W ActivityManager: Failed setting process group of 27156 to -1
04-26 10:39:27.803  2997  3014 W SchedPolicy: add_tid_to_cgroup failed to write '27156' (Permission denied); fd=18
04-26 10:39:27.803  2997  3014 W ActivityManager: Failed setting process group of 27156 to 0
04-26 10:39:27.804  2997  3520 W JobServiceContext: verifyCallingUid. END
04-26 10:39:27.808  2997  2997 W JobServiceContext: closeAndCleanupJobH.com.meizu.flyme.wallet/com.eguan.monitor.fangzhou.service.MonitorJobService jId=2071111, u0
04-26 10:39:32.819  2997  2997 W SchedPolicy: add_tid_to_cgroup failed to write '27156' (Permission denied); fd=17
04-26 10:39:32.820  2997  2997 W ActivityManager: Failed setting process group of 27156 to -1
04-26 10:39:32.828  2997  3015 W SchedPolicy: add_tid_to_cgroup failed to write '27156' (Permission denied); fd=18
04-26 10:39:32.829  2997  3015 W ActivityManager: Failed setting process group of 27156 to 0
04-26 10:39:32.830  2997  3589 W JobServiceContext: verifyCallingUid. END
04-26 10:39:32.836  2997  2997 W JobServiceContext: closeAndCleanupJobH.com.meizu.flyme.wallet/com.eguan.monitor.fangzhou.service.MonitorJobService jId=2071111, u0
04-26 10:39:37.844  2997  2997 W SchedPolicy: add_tid_to_cgroup failed to write '27156' (Permission denied); fd=17
04-26 10:39:37.845  2997  2997 W ActivityManager: Failed setting process group of 27156 to -1
04-26 10:39:37.849  2997  3520 W SchedPolicy: add_tid_to_cgroup failed to write '27156' (Permission denied); fd=18
04-26 10:39:37.850  2997  3520 W ActivityManager: Failed setting process group of 27156 to 0
04-26 10:39:37.851  2997  3539 W JobServiceContext: verifyCallingUid. END
04-26 10:39:37.854  2997  2997 W JobServiceContext: closeAndCleanupJobH.com.meizu.flyme.wallet/com.eguan.monitor.fangzhou.service.MonitorJobService jId=2071111, u0
04-26 10:39:42.863  2997  2997 W SchedPolicy: add_tid_to_cgroup failed to write '27156' (Permission denied); fd=17
04-26 10:39:42.863  2997  2997 W ActivityManager: Failed setting process group of 27156 to -1
04-26 10:39:42.871  2997  3588 W SchedPolicy: add_tid_to_cgroup failed to write '27156' (Permission denied); fd=18
04-26 10:39:42.871  2997  3588 W ActivityManager: Failed setting process group of 27156 to 0
04-26 10:39:42.873  2997  3015 W JobServiceContext: verifyCallingUid. END
04-26 10:39:42.876  2997  2997 W JobServiceContext: closeAndCleanupJobH.com.meizu.flyme.wallet/com.eguan.monitor.fangzhou.service.MonitorJobService jId=2071111, u0
04-26 10:39:47.883  2997  2997 W SchedPolicy: add_tid_to_cgroup failed to write '27156' (Permission denied); fd=17
04-26 10:39:47.883  2997  2997 W ActivityManager: Failed setting process group of 27156 to -1
04-26 10:39:47.889  2997  3585 W SchedPolicy: add_tid_to_cgroup failed to write '27156' (Permission denied); fd=18
04-26 10:39:47.889  2997  3585 W ActivityManager: Failed setting process group of 27156 to 0
04-26 10:39:47.890  2997  3588 W JobServiceContext: verifyCallingUid. END
04-26 10:39:47.893  2997  2997 W JobServiceContext: closeAndCleanupJobH.com.meizu.flyme.wallet/com.eguan.monitor.fangzhou.service.MonitorJobService jId=2071111, u0
04-26 10:39:52.904  2997  2997 W SchedPolicy: add_tid_to_cgroup failed to write '27156' (Permission denied); fd=17
04-26 10:39:52.904  2997  2997 W ActivityManager: Failed setting process group of 27156 to -1
04-26 10:39:52.911  2997  3473 W SchedPolicy: add_tid_to_cgroup failed to write '27156' (Permission denied); fd=18
04-26 10:39:52.912  2997  3473 W ActivityManager: Failed setting process group of 27156 to 0
04-26 10:39:52.913  2997  3589 W JobServiceContext: verifyCallingUid. END
04-26 10:39:52.917  2997  2997 W JobServiceContext: closeAndCleanupJobH.com.meizu.flyme.wallet/com.eguan.monitor.fangzhou.service.MonitorJobService jId=2071111, u0
04-26 10:39:57.929  2997  2997 W SchedPolicy: add_tid_to_cgroup failed to write '27156' (Permission denied); fd=17
04-26 10:39:57.930  2997  2997 W ActivityManager: Failed setting process group of 27156 to -1
04-26 10:39:57.942  2997  3527 W SchedPolicy: add_tid_to_cgroup failed to write '27156' (Permission denied); fd=18
04-26 10:39:57.943  2997  3527 W ActivityManager: Failed setting process group of 27156 to 0
04-26 10:39:57.944  2997  3230 W JobServiceContext: verifyCallingUid. END
04-26 10:39:57.949  2997  2997 W JobServiceContext: closeAndCleanupJobH.com.meizu.flyme.wallet/com.eguan.monitor.fangzhou.service.MonitorJobService jId=2071111, u0
04-26 10:40:00.050  2997  3026 I UsageStatsService: User[0] Flushing usage stats to disk
04-26 10:40:02.958  2997  2997 W SchedPolicy: add_tid_to_cgroup failed to write '27156' (Permission denied); fd=17
04-26 10:40:02.959  2997  2997 W ActivityManager: Failed setting process group of 27156 to -1
04-26 10:40:02.965  2997  3550 W SchedPolicy: add_tid_to_cgroup failed to write '27156' (Permission denied); fd=18
04-26 10:40:02.966  2997  3550 W ActivityManager: Failed setting process group of 27156 to 0
04-26 10:40:02.967  2997  3537 W JobServiceContext: verifyCallingUid. END
04-26 10:40:02.969  2997  2997 W JobServiceContext: closeAndCleanupJobH.com.meizu.flyme.wallet/com.eguan.monitor.fangzhou.service.MonitorJobService jId=2071111, u0
04-26 10:40:07.977  2997  2997 W SchedPolicy: add_tid_to_cgroup failed to write '27156' (Permission denied); fd=17
04-26 10:40:07.978  2997  2997 W ActivityManager: Failed setting process group of 27156 to -1
04-26 10:40:07.983  2997  3230 W SchedPolicy: add_tid_to_cgroup failed to write '27156' (Permission denied); fd=18
04-26 10:40:07.984  2997  3230 W ActivityManager: Failed setting process group of 27156 to 0
04-26 10:40:07.985  2997  3550 W JobServiceContext: verifyCallingUid. END
04-26 10:40:07.988  2997  2997 W JobServiceContext: closeAndCleanupJobH.com.meizu.flyme.wallet/com.eguan.monitor.fangzhou.service.MonitorJobService jId=2071111, u0
04-26 10:40:12.996  2997  2997 W SchedPolicy: add_tid_to_cgroup failed to write '27156' (Permission denied); fd=17
04-26 10:40:12.996  2997  2997 W ActivityManager: Failed setting process group of 27156 to -1
04-26 10:40:13.002  2997  3550 W SchedPolicy: add_tid_to_cgroup failed to write '27156' (Permission denied); fd=18
04-26 10:40:13.003  2997  3550 W ActivityManager: Failed setting process group of 27156 to 0
04-26 10:40:13.004  2997  3589 W JobServiceContext: verifyCallingUid. END
04-26 10:40:13.006  2997  2997 W JobServiceContext: closeAndCleanupJobH.com.meizu.flyme.wallet/com.eguan.monitor.fangzhou.service.MonitorJobService jId=2071111, u0
04-26 10:40:18.020  2997  2997 W SchedPolicy: add_tid_to_cgroup failed to write '27156' (Permission denied); fd=17
04-26 10:40:18.021  2997  2997 W ActivityManager: Failed setting process group of 27156 to -1
04-26 10:40:18.032  2997  3015 W SchedPolicy: add_tid_to_cgroup failed to write '27156' (Permission denied); fd=18
04-26 10:40:18.033  2997  3015 W ActivityManager: Failed setting process group of 27156 to 0
04-26 10:40:18.034  2997  3528 W JobServiceContext: verifyCallingUid. END
04-26 10:40:18.037  2997  2997 W JobServiceContext: closeAndCleanupJobH.com.meizu.flyme.wallet/com.eguan.monitor.fangzhou.service.MonitorJobService jId=2071111, u0
04-26 10:40:23.049  2997  2997 W SchedPolicy: add_tid_to_cgroup failed to write '27156' (Permission denied); fd=17
04-26 10:40:23.049  2997  2997 W ActivityManager: Failed setting process group of 27156 to -1
04-26 10:40:23.060  2997  3528 W SchedPolicy: add_tid_to_cgroup failed to write '27156' (Permission denied); fd=18
04-26 10:40:23.061  2997  3528 W ActivityManager: Failed setting process group of 27156 to 0
04-26 10:40:23.063  2997  3616 W JobServiceContext: verifyCallingUid. END
04-26 10:40:23.066  2997  2997 W JobServiceContext: closeAndCleanupJobH.com.meizu.flyme.wallet/com.eguan.monitor.fangzhou.service.MonitorJobService jId=2071111, u0
04-26 10:40:28.080  2997  2997 W SchedPolicy: add_tid_to_cgroup failed to write '27156' (Permission denied); fd=17
04-26 10:40:28.081  2997  2997 W ActivityManager: Failed setting process group of 27156 to -1
04-26 10:40:28.092  2997  3568 W SchedPolicy: add_tid_to_cgroup failed to write '27156' (Permission denied); fd=18
04-26 10:40:28.092  2997  3568 W ActivityManager: Failed setting process group of 27156 to 0
04-26 10:40:28.094  2997  3015 W JobServiceContext: verifyCallingUid. END
04-26 10:40:28.096  2997  2997 W JobServiceContext: closeAndCleanupJobH.com.meizu.flyme.wallet/com.eguan.monitor.fangzhou.service.MonitorJobService jId=2071111, u0
04-26 10:40:33.103  2997  2997 W SchedPolicy: add_tid_to_cgroup failed to write '27156' (Permission denied); fd=17
04-26 10:40:33.104  2997  2997 W ActivityManager: Failed setting process group of 27156 to -1
04-26 10:40:33.111  2997  3015 W SchedPolicy: add_tid_to_cgroup failed to write '27156' (Permission denied); fd=18
04-26 10:40:33.111  2997  3015 W ActivityManager: Failed setting process group of 27156 to 0
04-26 10:40:33.112  2997  3616 W JobServiceContext: verifyCallingUid. END
04-26 10:40:33.115  2997  2997 W JobServiceContext: closeAndCleanupJobH.com.meizu.flyme.wallet/com.eguan.monitor.fangzhou.service.MonitorJobService jId=2071111, u0
04-26 10:40:38.122  2997  2997 W SchedPolicy: add_tid_to_cgroup failed to write '27156' (Permission denied); fd=17
04-26 10:40:38.122  2997  2997 W ActivityManager: Failed setting process group of 27156 to -1
04-26 10:40:38.128  2997  3520 W SchedPolicy: add_tid_to_cgroup failed to write '27156' (Permission denied); fd=18
04-26 10:40:38.128  2997  3520 W ActivityManager: Failed setting process group of 27156 to 0
04-26 10:40:38.130  2997  3616 W JobServiceContext: verifyCallingUid. END
04-26 10:40:38.134  2997  2997 W JobServiceContext: closeAndCleanupJobH.com.meizu.flyme.wallet/com.eguan.monitor.fangzhou.service.MonitorJobService jId=2071111, u0
04-26 10:40:43.144  2997  2997 W SchedPolicy: add_tid_to_cgroup failed to write '27156' (Permission denied); fd=17
04-26 10:40:43.145  2997  2997 W ActivityManager: Failed setting process group of 27156 to -1
04-26 10:40:43.152  2997  3585 W SchedPolicy: add_tid_to_cgroup failed to write '27156' (Permission denied); fd=18
04-26 10:40:43.152  2997  3585 W ActivityManager: Failed setting process group of 27156 to 0
04-26 10:40:43.153  2997  3014 W JobServiceContext: verifyCallingUid. END
04-26 10:40:43.155  2997  2997 W JobServiceContext: closeAndCleanupJobH.com.meizu.flyme.wallet/com.eguan.monitor.fangzhou.service.MonitorJobService jId=2071111, u0
04-26 10:40:48.169  2997  2997 W SchedPolicy: add_tid_to_cgroup failed to write '27156' (Permission denied); fd=17
04-26 10:40:48.170  2997  2997 W ActivityManager: Failed setting process group of 27156 to -1
04-26 10:40:48.181  2997  3588 W SchedPolicy: add_tid_to_cgroup failed to write '27156' (Permission denied); fd=18
04-26 10:40:48.181  2997  3588 W ActivityManager: Failed setting process group of 27156 to 0
04-26 10:40:48.183  2997  3015 W JobServiceContext: verifyCallingUid. END
04-26 10:40:48.185  2997  2997 W JobServiceContext: closeAndCleanupJobH.com.meizu.flyme.wallet/com.eguan.monitor.fangzhou.service.MonitorJobService jId=2071111, u0
04-26 10:40:53.193  2997  2997 W SchedPolicy: add_tid_to_cgroup failed to write '27156' (Permission denied); fd=17
04-26 10:40:53.194  2997  2997 W ActivityManager: Failed setting process group of 27156 to -1
04-26 10:40:53.199  2997  3588 W SchedPolicy: add_tid_to_cgroup failed to write '27156' (Permission denied); fd=18
04-26 10:40:53.199  2997  3588 W ActivityManager: Failed setting process group of 27156 to 0
04-26 10:40:53.200  2997  3539 W JobServiceContext: verifyCallingUid. END
04-26 10:40:53.202  2997  2997 W JobServiceContext: closeAndCleanupJobH.com.meizu.flyme.wallet/com.eguan.monitor.fangzhou.service.MonitorJobService jId=2071111, u0
04-26 10:40:58.211  2997  2997 W SchedPolicy: add_tid_to_cgroup failed to write '27156' (Permission denied); fd=17
04-26 10:40:58.211  2997  2997 W ActivityManager: Failed setting process group of 27156 to -1
04-26 10:40:58.220  2997  3473 W SchedPolicy: add_tid_to_cgroup failed to write '27156' (Permission denied); fd=18
04-26 10:40:58.221  2997  3473 W ActivityManager: Failed setting process group of 27156 to 0
04-26 10:40:58.222  2997  3568 W JobServiceContext: verifyCallingUid. END
04-26 10:40:58.224  2997  2997 W JobServiceContext: closeAndCleanupJobH.com.meizu.flyme.wallet/com.eguan.monitor.fangzhou.service.MonitorJobService jId=2071111, u0
04-26 10:41:03.239  2997  2997 W SchedPolicy: add_tid_to_cgroup failed to write '27156' (Permission denied); fd=17
04-26 10:41:03.239  2997  2997 W ActivityManager: Failed setting process group of 27156 to -1
04-26 10:41:03.251  2997  3585 W SchedPolicy: add_tid_to_cgroup failed to write '27156' (Permission denied); fd=18
04-26 10:41:03.251  2997  3585 W ActivityManager: Failed setting process group of 27156 to 0
04-26 10:41:03.254  2997  3527 W JobServiceContext: verifyCallingUid. END
04-26 10:41:03.258  2997  2997 W JobServiceContext: closeAndCleanupJobH.com.meizu.flyme.wallet/com.eguan.monitor.fangzhou.service.MonitorJobService jId=2071111, u0
04-26 10:41:08.273  2997  2997 W SchedPolicy: add_tid_to_cgroup failed to write '27156' (Permission denied); fd=17
04-26 10:41:08.273  2997  2997 W ActivityManager: Failed setting process group of 27156 to -1
04-26 10:41:08.283  2997  3230 W SchedPolicy: add_tid_to_cgroup failed to write '27156' (Permission denied); fd=18
04-26 10:41:08.283  2997  3230 W ActivityManager: Failed setting process group of 27156 to 0
04-26 10:41:08.284  2997  3568 W JobServiceContext: verifyCallingUid. END
04-26 10:41:08.287  2997  2997 W JobServiceContext: closeAndCleanupJobH.com.meizu.flyme.wallet/com.eguan.monitor.fangzhou.service.MonitorJobService jId=2071111, u0
04-26 10:41:13.297  2997  2997 W SchedPolicy: add_tid_to_cgroup failed to write '27156' (Permission denied); fd=17
04-26 10:41:13.297  2997  2997 W ActivityManager: Failed setting process group of 27156 to -1
04-26 10:41:13.303  2997  3589 W SchedPolicy: add_tid_to_cgroup failed to write '27156' (Permission denied); fd=18
04-26 10:41:13.304  2997  3589 W ActivityManager: Failed setting process group of 27156 to 0
04-26 10:41:13.305  2997  3616 W JobServiceContext: verifyCallingUid. END
04-26 10:41:13.308  2997  2997 W JobServiceContext: closeAndCleanupJobH.com.meizu.flyme.wallet/com.eguan.monitor.fangzhou.service.MonitorJobService jId=2071111, u0
04-26 10:41:18.317  2997  2997 W SchedPolicy: add_tid_to_cgroup failed to write '27156' (Permission denied); fd=17
04-26 10:41:18.318  2997  2997 W ActivityManager: Failed setting process group of 27156 to -1
04-26 10:41:18.325  2997  3585 W SchedPolicy: add_tid_to_cgroup failed to write '27156' (Permission denied); fd=18
04-26 10:41:18.325  2997  3585 W ActivityManager: Failed setting process group of 27156 to 0
04-26 10:41:18.326  2997  3230 W JobServiceContext: verifyCallingUid. END
04-26 10:41:18.332  2997  2997 W JobServiceContext: closeAndCleanupJobH.com.meizu.flyme.wallet/com.eguan.monitor.fangzhou.service.MonitorJobService jId=2071111, u0
04-26 10:41:23.341  2997  2997 W SchedPolicy: add_tid_to_cgroup failed to write '27156' (Permission denied); fd=17
04-26 10:41:23.341  2997  2997 W ActivityManager: Failed setting process group of 27156 to -1
04-26 10:41:23.349  2997  3537 W SchedPolicy: add_tid_to_cgroup failed to write '27156' (Permission denied); fd=18
04-26 10:41:23.349  2997  3537 W ActivityManager: Failed setting process group of 27156 to 0
04-26 10:41:23.352  2997  3539 W JobServiceContext: verifyCallingUid. END
04-26 10:41:23.354  2997  2997 W JobServiceContext: closeAndCleanupJobH.com.meizu.flyme.wallet/com.eguan.monitor.fangzhou.service.MonitorJobService jId=2071111, u0
04-26 10:41:28.362  2997  2997 W SchedPolicy: add_tid_to_cgroup failed to write '27156' (Permission denied); fd=17
04-26 10:41:28.363  2997  2997 W ActivityManager: Failed setting process group of 27156 to -1
04-26 10:41:28.369  2997  3585 W SchedPolicy: add_tid_to_cgroup failed to write '27156' (Permission denied); fd=18
04-26 10:41:28.369  2997  3585 W ActivityManager: Failed setting process group of 27156 to 0
04-26 10:41:28.370  2997  3527 W JobServiceContext: verifyCallingUid. END
04-26 10:41:28.373  2997  2997 W JobServiceContext: closeAndCleanupJobH.com.meizu.flyme.wallet/com.eguan.monitor.fangzhou.service.MonitorJobService jId=2071111, u0
04-26 10:41:33.379  2997  2997 W SchedPolicy: add_tid_to_cgroup failed to write '27156' (Permission denied); fd=17
04-26 10:41:33.380  2997  2997 W ActivityManager: Failed setting process group of 27156 to -1
04-26 10:41:33.386  2997  3588 W SchedPolicy: add_tid_to_cgroup failed to write '27156' (Permission denied); fd=18
04-26 10:41:33.387  2997  3588 W ActivityManager: Failed setting process group of 27156 to 0
04-26 10:41:33.388  2997  3014 W JobServiceContext: verifyCallingUid. END
04-26 10:41:33.391  2997  2997 W JobServiceContext: closeAndCleanupJobH.com.meizu.flyme.wallet/com.eguan.monitor.fangzhou.service.MonitorJobService jId=2071111, u0
04-26 10:41:38.397  2997  2997 W SchedPolicy: add_tid_to_cgroup failed to write '27156' (Permission denied); fd=17
04-26 10:41:38.398  2997  2997 W ActivityManager: Failed setting process group of 27156 to -1
04-26 10:41:38.402  2997  3230 W SchedPolicy: add_tid_to_cgroup failed to write '27156' (Permission denied); fd=18
04-26 10:41:38.403  2997  3230 W ActivityManager: Failed setting process group of 27156 to 0
04-26 10:41:38.404  2997  3527 W JobServiceContext: verifyCallingUid. END
04-26 10:41:38.407  2997  2997 W JobServiceContext: closeAndCleanupJobH.com.meizu.flyme.wallet/com.eguan.monitor.fangzhou.service.MonitorJobService jId=2071111, u0
04-26 10:41:43.418  2997  2997 W SchedPolicy: add_tid_to_cgroup failed to write '27156' (Permission denied); fd=17
04-26 10:41:43.418  2997  2997 W ActivityManager: Failed setting process group of 27156 to -1
04-26 10:41:43.427  2997  3527 W SchedPolicy: add_tid_to_cgroup failed to write '27156' (Permission denied); fd=18
04-26 10:41:43.427  2997  3527 W ActivityManager: Failed setting process group of 27156 to 0
04-26 10:41:43.428  2997  3520 W JobServiceContext: verifyCallingUid. END
04-26 10:41:43.432  2997  2997 W JobServiceContext: closeAndCleanupJobH.com.meizu.flyme.wallet/com.eguan.monitor.fangzhou.service.MonitorJobService jId=2071111, u0
04-26 10:41:48.445  2997  2997 W SchedPolicy: add_tid_to_cgroup failed to write '27156' (Permission denied); fd=17
04-26 10:41:48.446  2997  2997 W ActivityManager: Failed setting process group of 27156 to -1
04-26 10:41:48.457  2997  3585 W SchedPolicy: add_tid_to_cgroup failed to write '27156' (Permission denied); fd=18
04-26 10:41:48.458  2997  3585 W ActivityManager: Failed setting process group of 27156 to 0
04-26 10:41:48.459  2997  3537 W JobServiceContext: verifyCallingUid. END
04-26 10:41:48.464  2997  2997 W JobServiceContext: closeAndCleanupJobH.com.meizu.flyme.wallet/com.eguan.monitor.fangzhou.service.MonitorJobService jId=2071111, u0
04-26 10:41:53.482  2997  2997 W SchedPolicy: add_tid_to_cgroup failed to write '27156' (Permission denied); fd=17
04-26 10:41:53.482  2997  2997 W ActivityManager: Failed setting process group of 27156 to -1
04-26 10:41:53.489  2997  3616 W SchedPolicy: add_tid_to_cgroup failed to write '27156' (Permission denied); fd=18
04-26 10:41:53.489  2997  3616 W ActivityManager: Failed setting process group of 27156 to 0
04-26 10:41:53.492  2997  3473 W JobServiceContext: verifyCallingUid. END
04-26 10:41:53.496  2997  2997 W JobServiceContext: closeAndCleanupJobH.com.meizu.flyme.wallet/com.eguan.monitor.fangzhou.service.MonitorJobService jId=2071111, u0
04-26 10:41:58.502  2997  2997 W SchedPolicy: add_tid_to_cgroup failed to write '27156' (Permission denied); fd=17
04-26 10:41:58.503  2997  2997 W ActivityManager: Failed setting process group of 27156 to -1
04-26 10:41:58.510  2997  3616 W SchedPolicy: add_tid_to_cgroup failed to write '27156' (Permission denied); fd=18
04-26 10:41:58.510  2997  3616 W ActivityManager: Failed setting process group of 27156 to 0
04-26 10:41:58.512  2997  3539 W JobServiceContext: verifyCallingUid. END
04-26 10:41:58.515  2997  2997 W JobServiceContext: closeAndCleanupJobH.com.meizu.flyme.wallet/com.eguan.monitor.fangzhou.service.MonitorJobService jId=2071111, u0
04-26 10:42:03.524  2997  2997 W SchedPolicy: add_tid_to_cgroup failed to write '27156' (Permission denied); fd=17
04-26 10:42:03.524  2997  2997 W ActivityManager: Failed setting process group of 27156 to -1
04-26 10:42:03.531  2997  3520 W SchedPolicy: add_tid_to_cgroup failed to write '27156' (Permission denied); fd=18
04-26 10:42:03.531  2997  3520 W ActivityManager: Failed setting process group of 27156 to 0
04-26 10:42:03.532  2997  3537 W JobServiceContext: verifyCallingUid. END
04-26 10:42:03.536  2997  2997 W JobServiceContext: closeAndCleanupJobH.com.meizu.flyme.wallet/com.eguan.monitor.fangzhou.service.MonitorJobService jId=2071111, u0
04-26 10:42:08.547  2997  2997 W SchedPolicy: add_tid_to_cgroup failed to write '27156' (Permission denied); fd=17
04-26 10:42:08.547  2997  2997 W ActivityManager: Failed setting process group of 27156 to -1
04-26 10:42:08.554  2997  3588 W SchedPolicy: add_tid_to_cgroup failed to write '27156' (Permission denied); fd=18
04-26 10:42:08.555  2997  3588 W ActivityManager: Failed setting process group of 27156 to 0
04-26 10:42:08.555  2997  3589 W JobServiceContext: verifyCallingUid. END
04-26 10:42:08.557  2997  2997 W JobServiceContext: closeAndCleanupJobH.com.meizu.flyme.wallet/com.eguan.monitor.fangzhou.service.MonitorJobService jId=2071111, u0
04-26 10:42:13.565  2997  2997 W SchedPolicy: add_tid_to_cgroup failed to write '27156' (Permission denied); fd=17
04-26 10:42:13.566  2997  2997 W ActivityManager: Failed setting process group of 27156 to -1
04-26 10:42:13.574  2997  3612 W SchedPolicy: add_tid_to_cgroup failed to write '27156' (Permission denied); fd=18
04-26 10:42:13.575  2997  3612 W ActivityManager: Failed setting process group of 27156 to 0
04-26 10:42:13.578  2997  3550 W JobServiceContext: verifyCallingUid. END
04-26 10:42:13.581  2997  2997 W JobServiceContext: closeAndCleanupJobH.com.meizu.flyme.wallet/com.eguan.monitor.fangzhou.service.MonitorJobService jId=2071111, u0
04-26 10:42:18.590  2997  2997 W SchedPolicy: add_tid_to_cgroup failed to write '27156' (Permission denied); fd=17
04-26 10:42:18.591  2997  2997 W ActivityManager: Failed setting process group of 27156 to -1
04-26 10:42:18.598  2997  3230 W SchedPolicy: add_tid_to_cgroup failed to write '27156' (Permission denied); fd=18
04-26 10:42:18.599  2997  3230 W ActivityManager: Failed setting process group of 27156 to 0
04-26 10:42:18.600  2997  3568 W JobServiceContext: verifyCallingUid. END
04-26 10:42:18.603  2997  2997 W JobServiceContext: closeAndCleanupJobH.com.meizu.flyme.wallet/com.eguan.monitor.fangzhou.service.MonitorJobService jId=2071111, u0
04-26 10:42:23.616  2997  2997 W SchedPolicy: add_tid_to_cgroup failed to write '27156' (Permission denied); fd=17
04-26 10:42:23.617  2997  2997 W ActivityManager: Failed setting process group of 27156 to -1
04-26 10:42:23.624  2997  3589 W SchedPolicy: add_tid_to_cgroup failed to write '27156' (Permission denied); fd=18
04-26 10:42:23.625  2997  3589 W ActivityManager: Failed setting process group of 27156 to 0
04-26 10:42:23.626  2997  3588 W JobServiceContext: verifyCallingUid. END
04-26 10:42:23.628  2997  2997 W JobServiceContext: closeAndCleanupJobH.com.meizu.flyme.wallet/com.eguan.monitor.fangzhou.service.MonitorJobService jId=2071111, u0
04-26 10:42:28.637  2997  2997 W SchedPolicy: add_tid_to_cgroup failed to write '27156' (Permission denied); fd=17
04-26 10:42:28.638  2997  2997 W ActivityManager: Failed setting process group of 27156 to -1
04-26 10:42:28.645  2997  3230 W SchedPolicy: add_tid_to_cgroup failed to write '27156' (Permission denied); fd=18
04-26 10:42:28.645  2997  3230 W ActivityManager: Failed setting process group of 27156 to 0
04-26 10:42:28.646  2997  3537 W JobServiceContext: verifyCallingUid. END
04-26 10:42:28.649  2997  2997 W JobServiceContext: closeAndCleanupJobH.com.meizu.flyme.wallet/com.eguan.monitor.fangzhou.service.MonitorJobService jId=2071111, u0
04-26 10:42:33.656  2997  2997 W SchedPolicy: add_tid_to_cgroup failed to write '27156' (Permission denied); fd=17
04-26 10:42:33.657  2997  2997 W ActivityManager: Failed setting process group of 27156 to -1
04-26 10:42:33.667  2997  3527 W SchedPolicy: add_tid_to_cgroup failed to write '27156' (Permission denied); fd=18
04-26 10:42:33.667  2997  3527 W ActivityManager: Failed setting process group of 27156 to 0
04-26 10:42:33.671  2997  3230 W JobServiceContext: verifyCallingUid. END
04-26 10:42:33.675  2997  2997 W JobServiceContext: closeAndCleanupJobH.com.meizu.flyme.wallet/com.eguan.monitor.fangzhou.service.MonitorJobService jId=2071111, u0
04-26 10:42:38.689  2997  2997 W SchedPolicy: add_tid_to_cgroup failed to write '27156' (Permission denied); fd=17
04-26 10:42:38.689  2997  2997 W ActivityManager: Failed setting process group of 27156 to -1
04-26 10:42:38.699  2997  3539 W SchedPolicy: add_tid_to_cgroup failed to write '27156' (Permission denied); fd=18
04-26 10:42:38.700  2997  3539 W ActivityManager: Failed setting process group of 27156 to 0
04-26 10:42:38.703  2997  3015 W JobServiceContext: verifyCallingUid. END
04-26 10:42:38.705  2997  2997 W JobServiceContext: closeAndCleanupJobH.com.meizu.flyme.wallet/com.eguan.monitor.fangzhou.service.MonitorJobService jId=2071111, u0
04-26 10:42:43.714  2997  2997 W SchedPolicy: add_tid_to_cgroup failed to write '27156' (Permission denied); fd=17
04-26 10:42:43.714  2997  2997 W ActivityManager: Failed setting process group of 27156 to -1
04-26 10:42:43.721  2997  3015 W SchedPolicy: add_tid_to_cgroup failed to write '27156' (Permission denied); fd=18
04-26 10:42:43.721  2997  3015 W ActivityManager: Failed setting process group of 27156 to 0
04-26 10:42:43.723  2997  3528 W JobServiceContext: verifyCallingUid. END
04-26 10:42:43.725  2997  2997 W JobServiceContext: closeAndCleanupJobH.com.meizu.flyme.wallet/com.eguan.monitor.fangzhou.service.MonitorJobService jId=2071111, u0
04-26 10:42:48.740  2997  2997 W SchedPolicy: add_tid_to_cgroup failed to write '27156' (Permission denied); fd=17
04-26 10:42:48.740  2997  2997 W ActivityManager: Failed setting process group of 27156 to -1
04-26 10:42:48.752  2997  3527 W SchedPolicy: add_tid_to_cgroup failed to write '27156' (Permission denied); fd=18
04-26 10:42:48.752  2997  3527 W ActivityManager: Failed setting process group of 27156 to 0
04-26 10:42:48.754  2997  3568 W JobServiceContext: verifyCallingUid. END
04-26 10:42:48.759  2997  2997 W JobServiceContext: closeAndCleanupJobH.com.meizu.flyme.wallet/com.eguan.monitor.fangzhou.service.MonitorJobService jId=2071111, u0
04-26 10:42:53.769  2997  2997 W SchedPolicy: add_tid_to_cgroup failed to write '27156' (Permission denied); fd=17
04-26 10:42:53.770  2997  2997 W ActivityManager: Failed setting process group of 27156 to -1
04-26 10:42:53.778  2997  3473 W SchedPolicy: add_tid_to_cgroup failed to write '27156' (Permission denied); fd=18
04-26 10:42:53.778  2997  3473 W ActivityManager: Failed setting process group of 27156 to 0
04-26 10:42:53.779  2997  3568 W JobServiceContext: verifyCallingUid. END
04-26 10:42:53.783  2997  2997 W JobServiceContext: closeAndCleanupJobH.com.meizu.flyme.wallet/com.eguan.monitor.fangzhou.service.MonitorJobService jId=2071111, u0
04-26 10:42:57.852  2997  3537 I ActivityManager: START u0 {act=android.intent.action.MAIN cat=[android.intent.category.LAUNCHER] flg=0x30000000 cmp=cn.testin.itestin/com.testin.itestin.ui.MainActivity} from uid 2000 on display 0 from pid 14890 cloneId 0
04-26 10:42:57.875  2997  3616 W SchedPolicy: add_tid_to_cgroup failed to write '30427' (Permission denied); fd=17
04-26 10:42:57.875  2997  3616 W ActivityManager: Failed setting process group of 30427 to -1
04-26 10:42:57.877  2997  3616 W SchedPolicy: add_tid_to_cgroup failed to write '5694' (Permission denied); fd=17
04-26 10:42:57.877  2997  3616 W ActivityManager: Failed setting process group of 5694 to -1
04-26 10:42:57.903  2997  3527 I PowerManagerService: acquireWakeLockInternal: lock=260660778, packageName=android, wakeLock={SCREEN_BRIGHT_WAKE_LOCK        'WindowManager' ON_AFTER_RELEASE (uid=1000, pid=2997, ws=WorkSource{12269})}, sleepTimeout=-1ms, screenOffTimeout=60000ms,screenDimDuration=7000ms
04-26 10:42:58.288  2997  3028 I ActivityManager: START u0 {act=android.intent.action.MAIN cat=[android.intent.category.HOME] flg=0x10200000 cmp=com.meizu.flyme.launcher/.Launcher (has extras)} from uid 1000 on display 0 from pid 2997 cloneId 0
04-26 10:42:58.332  2997  3027 W SchedPolicy: add_tid_to_cgroup failed to write '30427' (Permission denied); fd=18
04-26 10:42:58.333  2997  3027 W ActivityManager: Failed setting process group of 30427 to 0
04-26 10:42:58.333  2997  3027 W SchedPolicy: add_tid_to_cgroup failed to write '5694' (Permission denied); fd=18
04-26 10:42:58.334  2997  3027 W ActivityManager: Failed setting process group of 5694 to 0
04-26 10:42:58.733  2997  3035 I PowerManagerService: releaseWakeLockInternal: lock=260660778, packageName=android, flags=0x0, wakeLock={SCREEN_BRIGHT_WAKE_LOCK        'WindowManager' ON_AFTER_RELEASE (uid=1000, pid=2997, ws=WorkSource{12269})}, sleepTimeout=-1ms, screenOffTimeout=60000ms,screenDimDuration=7000ms
04-26 10:42:58.788  2997  2997 W SchedPolicy: add_tid_to_cgroup failed to write '27156' (Permission denied); fd=17
04-26 10:42:58.788  2997  2997 W ActivityManager: Failed setting process group of 27156 to -1
04-26 10:42:58.792  2997  3537 W SchedPolicy: add_tid_to_cgroup failed to write '27156' (Permission denied); fd=18
04-26 10:42:58.792  2997  3537 W ActivityManager: Failed setting process group of 27156 to 0
04-26 10:42:58.793  2997  3612 W JobServiceContext: verifyCallingUid. END
04-26 10:42:58.794  2997  2997 W JobServiceContext: closeAndCleanupJobH.com.meizu.flyme.wallet/com.eguan.monitor.fangzhou.service.MonitorJobService jId=2071111, u0
--------- beginning of main
04-26 10:42:59.351  3249  3249 W recents.Performance: preload while task Change spend : 15
04-26 10:43:00.723 14917 14917 E memtrack: Couldn't load memtrack module (No such file or directory)
04-26 10:43:00.723 14917 14917 E android.os.Debug: failed to load memtrack module: -2
04-26 10:43:00.725 14917 14917 I Radio-JNI: register_android_hardware_Radio DONE
04-26 10:43:00.744 14917 14917 I art     : System.exit called, status: 0
04-26 10:43:00.744 14917 14917 I AndroidRuntime: VM exiting with result code 0.
04-26 10:43:01.062 14933 14933 E memtrack: Couldn't load memtrack module (No such file or directory)
04-26 10:43:01.062 14933 14933 E android.os.Debug: failed to load memtrack module: -2
04-26 10:43:01.064 14933 14933 I Radio-JNI: register_android_hardware_Radio DONE
04-26 10:43:01.518  2997  3169 E WifiStateMachine: calculateWifiScore not update currentConfiguration visibility
04-26 10:43:01.633 14942 14942 E memtrack: Couldn't load memtrack module (No such file or directory)
04-26 10:43:01.633 14942 14942 E android.os.Debug: failed to load memtrack module: -2
04-26 10:43:01.635 14942 14942 I Radio-JNI: register_android_hardware_Radio DONE
04-26 10:43:01.898  4885  5758 I testin-agent: ------ Socket onConnect  -----------59c3b57d16a53b0f08540d6360aSc
04-26 10:43:02.186 14951 14951 E memtrack: Couldn't load memtrack module (No such file or directory)
04-26 10:43:02.186 14951 14951 E android.os.Debug: failed to load memtrack module: -2
04-26 10:43:02.188 14951 14951 I Radio-JNI: register_android_hardware_Radio DONE
04-26 10:43:02.207 30427 30427 I close   : overover
04-26 10:43:02.208 30427 30427 I Process : Sending signal. PID: 30427 SIG: 9
04-26 10:43:02.283  2997  3537 I WindowState: WIN DEATH: Window{a344789 u0 cn.testin.itestin/com.testin.itestin.ui.MainActivity}
04-26 10:43:02.284  2997  2997 W InputMethodManagerService: Session failed to close due to remote exception
04-26 10:43:02.284  2997  2997 W InputMethodManagerService: android.os.DeadObjectException
04-26 10:43:02.284  2997  2997 W InputMethodManagerService: 	at android.os.BinderProxy.transactNative(Native Method)
04-26 10:43:02.284  2997  2997 W InputMethodManagerService: 	at android.os.BinderProxy.transact(Binder.java:507)
04-26 10:43:02.284  2997  2997 W InputMethodManagerService: 	at com.android.internal.view.IInputMethodSession$Stub$Proxy.finishSession(IInputMethodSession.java:305)
04-26 10:43:02.284  2997  2997 W InputMethodManagerService: 	at com.android.server.InputMethodManagerService.finishSessionLocked(InputMethodManagerService.java:1650)
04-26 10:43:02.284  2997  2997 W InputMethodManagerService: 	at com.android.server.InputMethodManagerService.clearClientSessionLocked(InputMethodManagerService.java:1641)
04-26 10:43:02.284  2997  2997 W InputMethodManagerService: 	at com.android.server.InputMethodManagerService.clearCurMethodLocked(InputMethodManagerService.java:1667)
04-26 10:43:02.284  2997  2997 W InputMethodManagerService: 	at com.android.server.InputMethodManagerService.onServiceDisconnected(InputMethodManagerService.java:1686)
04-26 10:43:02.284  2997  2997 W InputMethodManagerService: 	at android.app.LoadedApk$ServiceDispatcher.doDeath(LoadedApk.java:1286)
04-26 10:43:02.284  2997  2997 W InputMethodManagerService: 	at android.app.LoadedApk$ServiceDispatcher$RunConnection.run(LoadedApk.java:1300)
04-26 10:43:02.284  2997  2997 W InputMethodManagerService: 	at android.os.Handler.handleCallback(Handler.java:739)
04-26 10:43:02.284  2997  2997 W InputMethodManagerService: 	at android.os.Handler.dispatchMessage(Handler.java:95)
04-26 10:43:02.284  2997  2997 W InputMethodManagerService: 	at android.os.Looper.loop(Looper.java:148)
04-26 10:43:02.284  2997  2997 W InputMethodManagerService: 	at com.android.server.SystemServer.run(SystemServer.java:352)
04-26 10:43:02.284  2997  2997 W InputMethodManagerService: 	at com.android.server.SystemServer.main(SystemServer.java:234)
04-26 10:43:02.284  2997  2997 W InputMethodManagerService: 	at java.lang.reflect.Method.invoke(Native Method)
04-26 10:43:02.284  2997  2997 W InputMethodManagerService: 	at com.android.internal.os.ZygoteInit$MethodAndArgsCaller.run(ZygoteInit.java:775)
04-26 10:43:02.284  2997  2997 W InputMethodManagerService: 	at com.android.internal.os.ZygoteInit.main(ZygoteInit.java:665)
04-26 10:43:02.286  2997  2997 W InputMethodManagerService: Session failed to close due to remote exception
04-26 10:43:02.286  2997  2997 W InputMethodManagerService: android.os.DeadObjectException
04-26 10:43:02.286  2997  2997 W InputMethodManagerService: 	at android.os.BinderProxy.transactNative(Native Method)
04-26 10:43:02.286  2997  2997 W InputMethodManagerService: 	at android.os.BinderProxy.transact(Binder.java:507)
04-26 10:43:02.286  2997  2997 W InputMethodManagerService: 	at com.android.internal.view.IInputMethodSession$Stub$Proxy.finishSession(IInputMethodSession.java:305)
04-26 10:43:02.286  2997  2997 W InputMethodManagerService: 	at com.android.server.InputMethodManagerService.finishSessionLocked(InputMethodManagerService.java:1650)
04-26 10:43:02.286  2997  2997 W InputMethodManagerService: 	at com.android.server.InputMethodManagerService.clearClientSessionLocked(InputMethodManagerService.java:1641)
04-26 10:43:02.286  2997  2997 W InputMethodManagerService: 	at com.android.server.InputMethodManagerService.clearCurMethodLocked(InputMethodManagerService.java:1667)
04-26 10:43:02.286  2997  2997 W InputMethodManagerService: 	at com.android.server.InputMethodManagerService.onServiceDisconnected(InputMethodManagerService.java:1686)
04-26 10:43:02.286  2997  2997 W InputMethodManagerService: 	at android.app.LoadedApk$ServiceDispatcher.doDeath(LoadedApk.java:1286)
04-26 10:43:02.286  2997  2997 W InputMethodManagerService: 	at android.app.LoadedApk$ServiceDispatcher$RunConnection.run(LoadedApk.java:1300)
04-26 10:43:02.286  2997  2997 W InputMethodManagerService: 	at android.os.Handler.handleCallback(Handler.java:739)
04-26 10:43:02.286  2997  2997 W InputMethodManagerService: 	at android.os.Handler.dispatchMessage(Handler.java:95)
04-26 10:43:02.286  2997  2997 W InputMethodManagerService: 	at android.os.Looper.loop(Looper.java:148)
04-26 10:43:02.286  2997  2997 W InputMethodManagerService: 	at com.android.server.SystemServer.run(SystemServer.java:352)
04-26 10:43:02.286  2997  2997 W InputMethodManagerService: 	at com.android.server.SystemServer.main(SystemServer.java:234)
04-26 10:43:02.286  2997  2997 W InputMethodManagerService: 	at java.lang.reflect.Method.invoke(Native Method)
04-26 10:43:02.286  2997  2997 W InputMethodManagerService: 	at com.android.internal.os.ZygoteInit$MethodAndArgsCaller.run(ZygoteInit.java:775)
04-26 10:43:02.286  2997  2997 W InputMethodManagerService: 	at com.android.internal.os.ZygoteInit.main(ZygoteInit.java:665)
04-26 10:43:02.287  2997  3473 I ActivityManager: Process cn.testin.itestin (pid 30427) has died
04-26 10:43:02.292  2997  3473 W ActivityManager: Scheduling restart of crashed service cn.testin.itestin/com.android.im.SoftKeyboard in 1000ms
04-26 10:43:02.298  2997  3520 I WindowState: WIN DEATH: Window{a8827e2 u0 InputMethod}
04-26 10:43:02.303  2997  3027 W BroadcastQueue: Failure sending broadcast Intent { act=com.testin.action.close flg=0x10 }
04-26 10:43:02.303  2997  3027 W BroadcastQueue: android.os.RemoteException: app.thread must not be null
04-26 10:43:02.303  2997  3027 W BroadcastQueue: 	at com.android.server.am.BroadcastQueue.performReceiveLocked(BroadcastQueue.java:495)
04-26 10:43:02.303  2997  3027 W BroadcastQueue: 	at com.android.server.am.BroadcastQueue.deliverToRegisteredReceiverLocked(BroadcastQueue.java:678)
04-26 10:43:02.303  2997  3027 W BroadcastQueue: 	at com.android.server.am.BroadcastQueue.processNextBroadcast(BroadcastQueue.java:929)
04-26 10:43:02.303  2997  3027 W BroadcastQueue: 	at com.android.server.am.BroadcastQueue$BroadcastHandler.handleMessage(BroadcastQueue.java:197)
04-26 10:43:02.303  2997  3027 W BroadcastQueue: 	at android.os.Handler.dispatchMessage(Handler.java:102)
04-26 10:43:02.303  2997  3027 W BroadcastQueue: 	at android.os.Looper.loop(Looper.java:148)
04-26 10:43:02.303  2997  3027 W BroadcastQueue: 	at android.os.HandlerThread.run(HandlerThread.java:61)
04-26 10:43:02.303  2997  3027 W BroadcastQueue: 	at com.android.server.ServiceThread.run(ServiceThread.java:46)
04-26 10:43:02.310  2997  3550 I ActivityManager: Killing 29567:com.meizu.flyme.providers.forcetouch/u0a18 (adj 15): empty for 6845s
04-26 10:43:03.301  2652  2652 W Zygote  : Unable to set zygote scheduler boost
04-26 10:43:03.307  2652  2652 W Zygote  : Unable to set zygote scheduler boost
04-26 10:43:03.310  2997  3027 I ActivityManager: Start proc 14965:cn.testin.itestin/u0a2269 for service cn.testin.itestin/com.android.im.SoftKeyboard
04-26 10:43:03.311 14965 14965 W Zygote  : mz_is_rooted true
04-26 10:43:03.325  2997  3015 W SchedPolicy: add_tid_to_cgroup failed to write '14965' (Permission denied); fd=18
04-26 10:43:03.326  2997  3015 W ActivityManager: Failed setting process group of 14965 to 0
04-26 10:43:03.342 14965 14965 I MultiDex: VM with version 2.1.0 has multidex support
04-26 10:43:03.342 14965 14965 I MultiDex: Installing application
04-26 10:43:03.342 14965 14965 I MultiDex: VM has multidex support, MultiDex support library is disabled.
04-26 10:43:03.346 14965 14965 I KEY-PinyinIME-180817-b: onCreate.
04-26 10:43:03.393  5694  5694 I foo     : Dict: start=2559568, length=1068442, fd={ParcelFileDescriptor: FileDescriptor[21]}
04-26 10:43:03.398 31669 31669 W InputMethodManager: Ignoring onBind: cur seq=-1, given seq=7579
04-26 10:43:03.399 14965 14965 I KEY-PinyinIME-180817-b: onStartInput  ccontentType: 0 Restarting:false
04-26 10:43:03.799  2997  2997 W SchedPolicy: add_tid_to_cgroup failed to write '27156' (Permission denied); fd=17
04-26 10:43:03.799  2997  2997 W ActivityManager: Failed setting process group of 27156 to -1
04-26 10:43:03.804  2997  3585 W SchedPolicy: add_tid_to_cgroup failed to write '27156' (Permission denied); fd=18
04-26 10:43:03.804  2997  3585 W ActivityManager: Failed setting process group of 27156 to 0
04-26 10:43:03.805  2997  3550 W JobServiceContext: verifyCallingUid. END
04-26 10:43:03.806  2997  2997 W JobServiceContext: closeAndCleanupJobH.com.meizu.flyme.wallet/com.eguan.monitor.fangzhou.service.MonitorJobService jId=2071111, u0
04-26 10:43:04.524  2997  3169 E WifiStateMachine: calculateWifiScore not update currentConfiguration visibility
04-26 10:43:04.932 30780  9565 I audio_hw_primary: adev_set_parameters(): kvpairs: mediaserver_monitor=1
04-26 10:43:04.932 30780  9565 I audio_hw_hwvolume: parse_hw_volume_parameters(): kvpairs: mediaserver_monitor=1
04-26 10:43:07.533  2997  3169 E WifiStateMachine: calculateWifiScore not update currentConfiguration visibility
04-26 10:43:08.813  2997  2997 W SchedPolicy: add_tid_to_cgroup failed to write '27156' (Permission denied); fd=17
04-26 10:43:08.814  2997  2997 W ActivityManager: Failed setting process group of 27156 to -1
04-26 10:43:08.819  2997  3568 W SchedPolicy: add_tid_to_cgroup failed to write '27156' (Permission denied); fd=18
04-26 10:43:08.819  2997  3568 W ActivityManager: Failed setting process group of 27156 to 0
04-26 10:43:08.821  2997  3527 W JobServiceContext: verifyCallingUid. END
04-26 10:43:08.824  2997  2997 W JobServiceContext: closeAndCleanupJobH.com.meizu.flyme.wallet/com.eguan.monitor.fangzhou.service.MonitorJobService jId=2071111, u0
04-26 10:43:10.540  2997  3169 E WifiStateMachine: calculateWifiScore not update currentConfiguration visibility
04-26 10:43:13.549  2997  3169 E WifiStateMachine: calculateWifiScore not update currentConfiguration visibility
04-26 10:43:13.838  2997  2997 W SchedPolicy: add_tid_to_cgroup failed to write '27156' (Permission denied); fd=17
04-26 10:43:13.839  2997  2997 W ActivityManager: Failed setting process group of 27156 to -1
04-26 10:43:13.849  2997  3520 W SchedPolicy: add_tid_to_cgroup failed to write '27156' (Permission denied); fd=18
04-26 10:43:13.851  2997  3520 W ActivityManager: Failed setting process group of 27156 to 0
04-26 10:43:13.853  2997  3527 W JobServiceContext: verifyCallingUid. END
04-26 10:43:13.857  2997  2997 W JobServiceContext: closeAndCleanupJobH.com.meizu.flyme.wallet/com.eguan.monitor.fangzhou.service.MonitorJobService jId=2071111, u0
04-26 10:43:14.933 30780  8159 I audio_hw_primary: adev_set_parameters(): kvpairs: mediaserver_monitor=1
04-26 10:43:14.934 30780  8159 I audio_hw_hwvolume: parse_hw_volume_parameters(): kvpairs: mediaserver_monitor=1
04-26 10:43:15.641  2488  2488 W mali_winsys: native_window_api_disconnect failed: -32
04-26 10:43:15.641  2488  2488 W libEGL  : EGLNativeWindowType 0x7fae2b3e10 disconnect failed
04-26 10:43:15.644  2488  2488 E VirtualDisplaySurface: VirtualDisplaySurface is deleted,WFDMode 0
04-26 10:43:16.558  2997  3169 E WifiStateMachine: calculateWifiScore not update currentConfiguration visibility
04-26 10:43:18.458  3249  3249 I KeyguardUpdateMonitor: handleBatteryUpdate
04-26 10:43:18.461 17910 17910 I AODModelImpl: handleBatteryUpdatestatus = 5, level = 100, plugged = 2, health = 2, size = 0
04-26 10:43:18.463 17984 18130 I BatteryConsumeMonitor: init var lastPlugType : 2 lastBatteryChangedLevel : 100
04-26 10:43:18.475  5782  5818 I update_UpdateChecker: start check:false,battery,limit interval:10800000,delta:0,button:false,manual:false,batch:false,notify:false,last success time:2019-04-26 08:45:33,interval config:180 minutes,current interval:117 minutes
04-26 10:43:18.475  5782 15016 I auto_update_AppAutoUpdateManager: runAutoUpdateAperiodically,start:false,from:battery,request interval:19500/60 minutes,throttle:true,switch:true, wifi:true, and Screen on: true, Power Connected: true, Battery: 100(-50|+15), Competitive:false(not check), downloaded size:0, downloaded time:0, exist size:9
04-26 10:43:18.863  2997  2997 W SchedPolicy: add_tid_to_cgroup failed to write '27156' (Permission denied); fd=17
04-26 10:43:18.863  2997  2997 W ActivityManager: Failed setting process group of 27156 to -1
04-26 10:43:18.868  2997  3527 W SchedPolicy: add_tid_to_cgroup failed to write '27156' (Permission denied); fd=18
04-26 10:43:18.868  2997  3527 W ActivityManager: Failed setting process group of 27156 to 0
04-26 10:43:18.869  2997  3537 W JobServiceContext: verifyCallingUid. END
04-26 10:43:18.872  2997  2997 W JobServiceContext: closeAndCleanupJobH.com.meizu.flyme.wallet/com.eguan.monitor.fangzhou.service.MonitorJobService jId=2071111, u0
04-26 10:43:19.565  2997  3169 E WifiStateMachine: calculateWifiScore not update currentConfiguration visibility
04-26 10:43:22.569  2997  3169 E WifiStateMachine: calculateWifiScore not update currentConfiguration visibility
04-26 10:43:23.878  2997  2997 W SchedPolicy: add_tid_to_cgroup failed to write '27156' (Permission denied); fd=17
04-26 10:43:23.878  2997  2997 W ActivityManager: Failed setting process group of 27156 to -1
04-26 10:43:23.883  2997  3520 W SchedPolicy: add_tid_to_cgroup failed to write '27156' (Permission denied); fd=18
04-26 10:43:23.883  2997  3520 W ActivityManager: Failed setting process group of 27156 to 0
04-26 10:43:23.884  2997  3528 W JobServiceContext: verifyCallingUid. END
04-26 10:43:23.886  2997  2997 W JobServiceContext: closeAndCleanupJobH.com.meizu.flyme.wallet/com.eguan.monitor.fangzhou.service.MonitorJobService jId=2071111, u0
04-26 10:43:24.533  9359  9524 E SQLiteLog: (1) no such table: msg_del_log
04-26 10:43:24.934 30780  9565 I audio_hw_primary: adev_set_parameters(): kvpairs: mediaserver_monitor=1
04-26 10:43:24.934 30780  9565 I audio_hw_hwvolume: parse_hw_volume_parameters(): kvpairs: mediaserver_monitor=1
04-26 10:43:25.577  2997  3169 E WifiStateMachine: calculateWifiScore not update currentConfiguration visibility
04-26 10:43:28.586  2997  3169 E WifiStateMachine: calculateWifiScore not update currentConfiguration visibility
04-26 10:43:28.897  2997  2997 W SchedPolicy: add_tid_to_cgroup failed to write '27156' (Permission denied); fd=17
04-26 10:43:28.898  2997  2997 W ActivityManager: Failed setting process group of 27156 to -1
04-26 10:43:28.905  2997  3473 W SchedPolicy: add_tid_to_cgroup failed to write '27156' (Permission denied); fd=18
