04-26 10:50:31.041 15626 15626 I dex2oat : dex2oat: configuration /data/user/
04-26 10:50:31.041 15626 15626 I dex2oat : /system/bin/dex2oat --compiler-filter=speed
04-26 10:50:31.129  2997  3007 I art     : Background partial concurrent mark sweep GC freed 116324(6MB) AllocSpace objects, 3(1544KB) LOS objects, 4% free, 88MB/92MB, paused 1.184ms total 161.832ms
04-26 10:50:31.671 15626 15630 W dex2oat : Before Android 4.1, method android.graphics.PorterDuffColorFilter android.support.graphics.drawable.VectorDrawableCompat.updateTintFilter(android.graphics.PorterDuffColorFilter, android.content.res.ColorStateList, android.graphics.PorterDuff$Mode) would have incorrectly overridden the package-private method in android.graphics.drawable.Drawable
04-26 10:50:31.699 15626 15631 W dex2oat : Before Android 4.1, method int android.support.v7.widget.ListViewCompat.lookForSelectablePosition(int, boolean) would have incorrectly overridden the package-private method in android.widget.ListView
04-26 10:50:31.801 15626 15626 W dex2oat : Before Android 4.1, method boolean com.facebook.share.widget.ShareButtonBase.canShare() would have incorrectly overridden the package-private method in android.widget.TextView
04-26 10:50:31.878  2997  2997 W SchedPolicy: add_tid_to_cgroup failed to write '27156' (Permission denied); fd=17
04-26 10:50:31.878  2997  2997 W ActivityManager: Failed setting process group of 27156 to -1
04-26 10:50:31.883  2997  3528 W SchedPolicy: add_tid_to_cgroup failed to write '27156' (Permission denied); fd=18
04-26 10:50:31.883  2997  3528 W ActivityManager: Failed setting process group of 27156 to 0
04-26 10:50:31.885  2997  3568 W JobServiceContext: verifyCallingUid. END
04-26 10:50:31.887  2997  2997 W JobServiceContext: closeAndCleanupJobH.com.meizu.flyme.wallet/com.eguan.monitor.fangzhou.service.MonitorJobService jId=2071111, u0
04-26 10:50:32.611  2997  3169 E WifiStateMachine: calculateWifiScore not update currentConfiguration visibility
04-26 10:50:34.970 30780  8165 I audio_hw_primary: adev_set_parameters(): kvpairs: mediaserver_monitor=1
04-26 10:50:34.970 30780  8165 I audio_hw_hwvolume: parse_hw_volume_parameters(): kvpairs: mediaserver_monitor=1
04-26 10:50:35.619  2997  3169 E WifiStateMachine: calculateWifiScore not update currentConfiguration visibility
04-26 10:50:36.900  2997  2997 W SchedPolicy: add_tid_to_cgroup failed to write '27156' (Permission denied); fd=17
04-26 10:50:36.901  2997  2997 W ActivityManager: Failed setting process group of 27156 to -1
04-26 10:50:36.908  2997  3568 W SchedPolicy: add_tid_to_cgroup failed to write '27156' (Permission denied); fd=18
04-26 10:50:36.909  2997  3568 W ActivityManager: Failed setting process group of 27156 to 0
04-26 10:50:36.910  2997  3539 W JobServiceContext: verifyCallingUid. END
04-26 10:50:36.913  2997  2997 W JobServiceContext: closeAndCleanupJobH.com.meizu.flyme.wallet/com.eguan.monitor.fangzhou.service.MonitorJobService jId=2071111, u0
04-26 10:50:37.045 15626 15630 W dex2oat : No verified method for method calling String.<init>: java.lang.String java.io.ByteArrayOutputStream.toString(java.lang.String)
04-26 10:50:38.149 15626 15626 I dex2oat : dex2oat took 7.108s (threads: 4) arena alloc=4MB java alloc=15MB native alloc=59MB free=4MB
04-26 10:50:38.464  2997  3045 W PackageManager: Unknown permission com.android.vending.BILLING in package com.dc.hwsj
04-26 10:50:38.464  2997  3045 W PackageManager: Unknown permission com.android.vending.CHECK_LICENSE in package com.dc.hwsj
04-26 10:50:38.464  2997  3045 W PackageManager: Unknown permission com.google.android.c2dm.permission.RECEIVE in package com.dc.hwsj
04-26 10:50:38.464  2997  3045 W PackageManager: Unknown permission com.google.android.finsky.permission.BIND_GET_INSTALL_REFERRER_SERVICE in package com.dc.hwsj
04-26 10:50:38.625  2997  3169 E WifiStateMachine: calculateWifiScore not update currentConfiguration visibility
04-26 10:50:38.650  2997  3045 W Settings: Setting install_non_market_apps has moved from android.provider.Settings.Global to android.provider.Settings.Secure, returning read-only value.
04-26 10:50:38.650  2997  3045 I art     : Starting a blocking GC Explicit
04-26 10:50:38.908  2997  3045 I art     : Explicit concurrent mark sweep GC freed 73011(3MB) AllocSpace objects, 4(776KB) LOS objects, 4% free, 84MB/88MB, paused 1.677ms total 257.602ms
04-26 10:50:38.914 15589 15589 I art     : System.exit called, status: 0
04-26 10:50:38.914 15589 15589 I AndroidRuntime: VM exiting with result code 0.
04-26 10:50:38.915  3249  3249 I recents.Events: PackageRemovedEvent  com.dc.hwsj  userid 0
04-26 10:50:38.930  2997  3151 I InputReader: Reconfiguring input devices.  changes=0x00000010
04-26 10:50:38.949 32675 32675 I ParticipantRefresh: mContactDataClearReceiver onReceive action = android.intent.action.PACKAGE_ADDED, package = com.dc.hwsj
04-26 10:50:38.960  9359  9378 I UniformDownloadMgr<FileAssistant>: [UniformDL] initSucDownloadInfo...
04-26 10:50:38.980  9359  9378 I UniformDownloadMgr<FileAssistant>: [UniformDL] initSucDownloadInfo, size:[0]
04-26 10:50:39.031  5782 15655 I install_AppStatusReceiverService: android.intent.action.PACKAGE_ADDED:com.dc.hwsj
04-26 10:50:39.072 31669 31734 E @@@@    : packageName = com.dc.hwsj isCloneApp = false isPrivacyMainApp=false isPriavcyCloneApp=false
04-26 10:50:39.094 19755 19870 I MSF.S.AppProcessManager: SendToApp process:com.tencent.mobileqq fromServiceMsg: FromServiceMsg msName:unknown ssoSeq:85061 serviceCmd:MqqSafeDataRpt.MQDun appSeq:94 failCode:1000 cost=3 needBoot=false
04-26 10:50:39.159  3514  3514 E RegisteredServicesCache:  Aid Routing Table still  availble , No need to disable services
04-26 10:50:39.159  2997  3045 W SchedPolicy: add_tid_to_cgroup failed to write '15612' (Permission denied); fd=18
04-26 10:50:39.160  2997  3045 W ActivityManager: Failed setting process group of 15612 to 0
04-26 10:50:39.162  3514  3514 E RegisteredServicesCache:  Aid Routing Table still  availble , No need to disable services
04-26 10:50:39.168  5782 15658 I update_XCenterContext: check apps' update when app installed
04-26 10:50:39.183  5782  5818 I update_UpdateChecker: start check:true,ExternalInstalled,limit interval:0,delta:0,button:false,manual:false,batch:false,notify:false,last success time:2019-04-26 08:45:33,interval config:0 minutes,current interval:125 minutes
04-26 10:50:39.195  3514  3514 I BrcmNfcNfa: nfa_ee_api_get_max_aid_config_length: 660
04-26 10:50:39.199  5782  5818 W update_BackgroundUtil: com.meizu.mstore---> is not current top
04-26 10:50:39.202  5782 15662 E MzUpdateComponent:3.1.11: ServerManager --> checkUpdateMulti: Illegal Plugin check params ! 
04-26 10:50:39.206  2652  2652 W Zygote  : Unable to set zygote scheduler boost
04-26 10:50:39.213  2652  2652 W Zygote  : Unable to set zygote scheduler boost
04-26 10:50:39.226 15665 15665 W Zygote  : mz_is_rooted true
04-26 10:50:39.234  2997  2997 I ActivityManager: Start proc 15665:android.process.acore/u0a6 for broadcast com.android.providers.contacts/.PackageIntentReceiver
04-26 10:50:39.278  2997  3528 W SchedPolicy: add_tid_to_cgroup failed to write '15665' (Permission denied); fd=18
04-26 10:50:39.279  2997  3528 W ActivityManager: Failed setting process group of 15665 to 0
04-26 10:50:39.288  2997  3026 W Searchables: No global search activity found
04-26 10:50:39.289  2997  3026 W VoiceInteractionManagerService: no available voice recognition services found for user 0
04-26 10:50:39.326 15665 15665 W System  : ClassLoader referenced unknown path: /system/priv-app/ContactsProvider/lib/arm64
04-26 10:50:39.398 15665 15665 W System  : ClassLoader referenced unknown path: /system/app/UserDictionaryProvider/lib/arm64
04-26 10:50:39.405  2997  3528 I ActivityManager: Killing 31628:com.android.calendar:remote/u0a45 (adj 15): empty for 7302s
04-26 10:50:39.408 15665 15684 I ContactLocale: AddressBook Labels [zh-CN]: [, A, B, C, D, E, F, G, H, I, J, K, L, M, N, O, P, Q, R, S, T, U, V, W, X, Y, Z, #, ]
04-26 10:50:39.408 15665 15684 I ContactLocale: AddressBook :com.android.providers.contacts.ContactLocaleUtils$SimplifiedChineseContactUtils@af1b7e9
04-26 10:50:39.412  2652  2652 W Zygote  : Unable to set zygote scheduler boost
04-26 10:50:39.418  2652  2652 W Zygote  : Unable to set zygote scheduler boost
04-26 10:50:39.420 15686 15686 W Zygote  : mz_is_rooted true
04-26 10:50:39.425  2997  3585 I ActivityManager: Start proc 15686:com.android.musicfx/u0a22 for broadcast com.android.musicfx/.Compatibility$Receiver
04-26 10:50:39.429  2997  3568 W SchedPolicy: add_tid_to_cgroup failed to write '15686' (Permission denied); fd=18
04-26 10:50:39.429  2997  3568 W ActivityManager: Failed setting process group of 15686 to 0
04-26 10:50:39.455 15686 15686 W System  : ClassLoader referenced unknown path: /system/priv-app/MusicFX/lib/arm64
04-26 10:50:39.467  2652  2652 W Zygote  : Unable to set zygote scheduler boost
04-26 10:50:39.473  2652  2652 W Zygote  : Unable to set zygote scheduler boost
04-26 10:50:39.474 15700 15700 W Zygote  : mz_is_rooted true
04-26 10:50:39.477  2997  3612 I ActivityManager: Start proc 15700:com.android.settings/1000 for broadcast com.android.settings/com.meizu.settings.receiver.FlymePackageUpdateReceiver
04-26 10:50:39.499  2997  3528 I ActivityManager: Killing 31901:com.meizu.account/u0a62 (adj 15): empty for 7298s
04-26 10:50:39.519 15700 15700 W System  : ClassLoader referenced unknown path: /system/priv-app/Settings/lib/arm64
04-26 10:50:39.555  2653  2653 W Zygote  : Unable to set zygote scheduler boost
04-26 10:50:39.560  2653  2653 W Zygote  : Unable to set zygote scheduler boost
04-26 10:50:39.561 15714 15714 W Zygote  : mz_is_rooted true
04-26 10:50:39.563  2997  3539 I ActivityManager: Start proc 15714:com.android.email/u0a13 for content provider com.android.email/.provider.ExchangeDirectoryProvider
04-26 10:50:39.569  2997  3014 I ActivityManager: Killing 32675:com.android.mms/u0a20 (adj 15): empty for 7037s
04-26 10:50:39.577  2653  2653 W Zygote  : Unable to set zygote scheduler boost
04-26 10:50:39.583  2653  2653 W Zygote  : Unable to set zygote scheduler boost
04-26 10:50:39.584 15727 15727 W Zygote  : mz_is_rooted true
04-26 10:50:39.587  2997  3588 I ActivityManager: Start proc 15727:com.meizu.filemanager/u0a50 for broadcast com.meizu.filemanager/com.meizu.flyme.filemanager.PackageInstallReceiver
04-26 10:50:39.588  2997  3589 W SchedPolicy: add_tid_to_cgroup failed to write '15714' (Permission denied); fd=18
04-26 10:50:39.588  2997  3589 W ActivityManager: Failed setting process group of 15714 to 0
04-26 10:50:39.589  2997  3589 I ActivityManager: Killing 32742:com.meizu.netcontactservice/u0a10 (adj 15): empty for 7037s
04-26 10:50:39.618 15714 15714 W System  : ClassLoader referenced unknown path: /system/priv-app/Email/lib/arm
04-26 10:50:39.621  2997  3568 W SchedPolicy: add_tid_to_cgroup failed to write '15727' (Permission denied); fd=18
04-26 10:50:39.621  2997  3568 W ActivityManager: Failed setting process group of 15727 to 0
04-26 10:50:39.637 15727 15727 W System  : ClassLoader referenced unknown path: /system/app/FileManager/lib/arm
04-26 10:50:39.666 15727 15739 I @DeviceInfo@: isGuestUser:false
04-26 10:50:39.667  2652  2652 W Zygote  : Unable to set zygote scheduler boost
04-26 10:50:39.669 15727 15739 I @DeviceInfo@: isProductInternational:false
04-26 10:50:39.673  2652  2652 W Zygote  : Unable to set zygote scheduler boost
04-26 10:50:39.674 15741 15741 W Zygote  : mz_is_rooted true
04-26 10:50:39.676  2997  3527 I ActivityManager: Start proc 15741:com.svox.pico/u0a72 for broadcast com.svox.pico/.VoiceDataInstallerReceiver
04-26 10:50:39.677  2997  3527 I ActivityManager: Killing 9359:com.tencent.mobileqq/u0a1721 (adj 15): empty for 2891s
04-26 10:50:39.695  2997  3568 W SchedPolicy: add_tid_to_cgroup failed to write '15741' (Permission denied); fd=18
04-26 10:50:39.695  2997  3568 W ActivityManager: Failed setting process group of 15741 to 0
04-26 10:50:39.773 29505 29514 W art     : Suspending all threads took: 8.574ms
04-26 10:50:39.816 19755 19858 W MSF.S.AppProcessInfo: binderDied appProcessName=com.tencent.mobileqq keepProcessAlive=false
04-26 10:50:39.818  2997  3173 E ConnectivityService: RemoteException caught trying to send a callback msg for NetworkRequest [ id=360, legacyType=-1, [ Capabilities: NOT_RESTRICTED&TRUSTED&NOT_VPN] ]
04-26 10:50:39.824 18015 15781 I RuleGetter: getRuleResult() pkg=com.dc.hwsj, remote=false
04-26 10:50:39.825 18015 15781 I RuleDbHelper:  + openDb() ref=2
04-26 10:50:39.829 18015 15781 I RuleDbHelper:  - closeDb() ref=1
04-26 10:50:39.830 18015 15781 I RuleGetter: isUsefulRuleStr() Err data1: rule = 
04-26 10:50:39.830 18015 15781 I InstallReceiver: not allowed autoRun. so not up rule2frk
04-26 10:50:39.837 15783 15783 I kd      : type=1400 audit(0.0:136954): avc: denied { connectto } for path=00636F6D2E6B696E67726F6F742E6B696E67757365722E scontext=u:r:untrusted_app:s0:c512,c768 tcontext=u:r:init:s0 tclass=unix_stream_socket permissive=1
04-26 10:50:39.837 15786 15786 I kd      : type=1400 audit(0.0:136955): avc: denied { sys_ptrace } for capability=19 scontext=u:r:init:s0 tcontext=u:r:init:s0 tclass=capability permissive=1
04-26 10:50:39.837 15786 15786 I kd      : type=1400 audit(0.0:136956): avc: denied { read } for dev="pipefs" ino=11361141 scontext=u:r:init:s0 tcontext=u:r:untrusted_app:s0:c512,c768 tclass=fifo_file permissive=1
04-26 10:50:39.837 15786 15786 I kd      : type=1400 audit(0.0:136957): avc: denied { open } for path="pipe:[11361141]" dev="pipefs" ino=11361141 scontext=u:r:init:s0 tcontext=u:r:untrusted_app:s0:c512,c768 tclass=fifo_file permissive=1
04-26 10:50:39.837 15786 15786 I kd      : type=1400 audit(0.0:136958): avc: denied { write } for dev="pipefs" ino=11361142 scontext=u:r:init:s0 tcontext=u:r:untrusted_app:s0:c512,c768 tclass=fifo_file permissive=1
04-26 10:50:39.837 15786 15786 I kd      : type=1400 audit(0.0:136959): avc: denied { execute } for name="rt.sh" dev="tmpfs" ino=12327 scontext=u:r:init:s0 tcontext=u:object_r:device:s0 tclass=file permissive=1
04-26 10:50:39.847 15786 15786 I kd      : type=1400 audit(0.0:136960): avc: denied { execute_no_trans } for path="/dev/rt.sh" dev="tmpfs" ino=12327 scontext=u:r:init:s0 tcontext=u:object_r:device:s0 tclass=file permissive=1
04-26 10:50:39.847 15786 15786 I rt.sh   : type=1400 audit(0.0:136961): avc: denied { getattr } for path="pipe:[11361141]" dev="pipefs" ino=11361141 scontext=u:r:init:s0 tcontext=u:r:untrusted_app:s0:c512,c768 tclass=fifo_file permissive=1
04-26 10:50:39.847 15786 15786 I rt.sh   : type=1400 audit(0.0:136962): avc: denied { ioctl } for path="pipe:[11361141]" dev="pipefs" ino=11361141 ioctlcmd=5401 scontext=u:r:init:s0 tcontext=u:r:untrusted_app:s0:c512,c768 tclass=fifo_file permissive=1
04-26 10:50:39.857 15790 15790 I id      : type=1400 audit(0.0:136963): avc: denied { read } for path="pipe:[11361141]" dev="pipefs" ino=11361141 scontext=u:r:toolbox:s0 tcontext=u:r:untrusted_app:s0:c512,c768 tclass=fifo_file permissive=1
04-26 10:50:39.857 15790 15790 I id      : type=1400 audit(0.0:136964): avc: denied { write } for path="pipe:[11361142]" dev="pipefs" ino=11361142 scontext=u:r:toolbox:s0 tcontext=u:r:untrusted_app:s0:c512,c768 tclass=fifo_file permissive=1
04-26 10:50:39.867 15790 15790 I id      : type=1400 audit(0.0:136965): avc: denied { getattr } for path="pipe:[11361142]" dev="pipefs" ino=11361142 scontext=u:r:toolbox:s0 tcontext=u:r:untrusted_app:s0:c512,c768 tclass=fifo_file permissive=1
04-26 10:50:39.977 15795 15795 I rm      : type=1400 audit(0.0:136966): avc: denied { search } for name="com.kingroot.kinguser" dev="dm-0" ino=213164 scontext=u:r:toolbox:s0 tcontext=u:object_r:app_data_file:s0:c512,c768 tclass=dir permissive=1
04-26 10:50:39.977 15795 15795 I rm      : type=1400 audit(0.0:136967): avc: denied { search } for name="cache" dev="dm-0" ino=213179 scontext=u:r:toolbox:s0 tcontext=u:object_r:app_data_file:s0 tclass=dir permissive=1
04-26 10:50:40.007 15808 15808 I ku.sud  : type=1400 audit(0.0:136968): avc: denied { getattr } for path="/data/data/com.kingroot.kinguser" dev="dm-0" ino=213164 scontext=u:r:init:s0 tcontext=u:object_r:app_data_file:s0:c512,c768 tclass=dir permissive=1
04-26 10:50:40.024  2997  3585 W ActivityManager: Unable to start service Intent { cmp=com.android.email/.service.AttachmentDownloadService } U=0: not found
04-26 10:50:40.027 18015  8828 I RuleDbHelper:  + openDb() ref=2
04-26 10:50:40.029 18015  8828 I lsvPermRule: queryLockedScreenViewPermState() cnt=0| permState=3
04-26 10:50:40.029 18015  8828 I RuleDbHelper:  - closeDb() ref=1
04-26 10:50:40.037 29505 15775 I kinguser_jni: decLen = 103
04-26 10:50:40.052 18015  9797 I RuleGetter: getRule() pkgs=[com.dc.hwsj], listener=com.meizu.safe.InstallReceiver$4$1@b0a8e1f
04-26 10:50:40.053 18015 15781 I RuleGetter: getRuleResult() pkg=com.dc.hwsj, remote=false
04-26 10:50:40.053 18015 15781 I RuleDbHelper:  + openDb() ref=2
04-26 10:50:40.056 18015 15781 I RuleDbHelper:  - closeDb() ref=1
04-26 10:50:40.056 18015 15781 I RuleGetter: isUsefulRuleStr() Err data1: rule = 
04-26 10:50:40.057 15816 15816 I rm      : type=1400 audit(0.0:136969): avc: denied { write } for path="pipe:[11361143]" dev="pipefs" ino=11361143 scontext=u:r:toolbox:s0 tcontext=u:r:untrusted_app:s0:c512,c768 tclass=fifo_file permissive=1
04-26 10:50:40.057 15817 15817 I id      : type=1400 audit(0.0:136970): avc: denied { read } for path="pipe:[11361141]" dev="pipefs" ino=11361141 scontext=u:r:toolbox:s0 tcontext=u:r:untrusted_app:s0:c512,c768 tclass=fifo_file permissive=1
04-26 10:50:40.067 15817 15817 I id      : type=1400 audit(0.0:136971): avc: denied { getattr } for path="pipe:[11361142]" dev="pipefs" ino=11361142 scontext=u:r:toolbox:s0 tcontext=u:r:untrusted_app:s0:c512,c768 tclass=fifo_file permissive=1
04-26 10:50:40.152 18015 15781 I RuleDbHelper:  + openDb() ref=2
04-26 10:50:40.168 18015 15781 I RuleDbHelper:  - closeDb() ref=1
04-26 10:50:40.190 18015 15823 I HttpRequestHelper: doQueryGameModeList().Thread done : sendOK:true|recvOk:false|parseOk:false|cnt:1->-1
04-26 10:50:40.214  2653  2653 W Zygote  : Unable to set zygote scheduler boost
04-26 10:50:40.220  2653  2653 W Zygote  : Unable to set zygote scheduler boost
04-26 10:50:40.223  2997  3568 I ActivityManager: Start proc 15827:com.meizu.netcontactservice/u0a10 for content provider com.meizu.netcontactservice/.provider.NetContactDirectoryProvider
04-26 10:50:40.224 15827 15827 W Zygote  : mz_is_rooted true
04-26 10:50:40.236  2997  3527 W SchedPolicy: add_tid_to_cgroup failed to write '15827' (Permission denied); fd=18
04-26 10:50:40.236  2997  3527 W ActivityManager: Failed setting process group of 15827 to 0
04-26 10:50:40.274 15827 15827 E BreakingScamProvider: onCreate: com.meizu.netcontactservice.NetContactApplication@dbb69ed
04-26 10:50:40.275 15827 15827 E hhda    : FlymeSimStateLoader: 
04-26 10:50:40.285 15827 15827 E hhda    : FlymeSimStateLoader: end
04-26 10:50:40.290  5782  5818 I update_UpdateChecker: checkUpdate:[{"package_name":"com.meizu.media.life","version_code":6008000,"version_md5":"b8bd9fb6764f8b7d80f14be35034b031"},{"package_name":"com.meizu.compaign","version_code":10002006,"version_md5":"06c8a758208d27e35b0e7d7d209e096a"},{"package_name":"com.meizu.voiceassistant","version_code":6004025,"version_md5":"83a4ad968883a749ea0ef56e0bbb3d43"},{"package_name":"com.meizu.filemanager","version_code":6003002,"version_md5":"af3084633bcff5646dc0fa57e6d317d3"},{"package_name":"com.meizu.netcontactservice","version_code":5010001,"version_md5":"a269d4520a7c468f4e0dd2c005e12188"},{"package_name":"com.meizu.notepaper","version_code":7002023,"version_md5":"9705405db81220ef0a1db5e801120f97"},{"package_name":"com.meizu.flyme.toolbox","version_code":6004001,"version_md5":"d0a0cfbff721a67857b646ecd4ec7ef9"},{"package_name":"com.meizu.desktopbackup","version_code":6001010,"version_md5":"ff946dbee8d0afae57009d25bb1ca256"},{"package_name":"com.meizu.net.map","version_code":3001011,"version_md5":"da1beb29d33bc8e9b6043b2ce28a7a0a"},{"package_name":"com.android.email","version_code":102005006,"version_md5":"9fffcc9033cbd5a521127f9706d08493"},{"package_name":"com.meizu.flyme.wallet","version_code":5004002,"version_md5":"8e6d4b6b620299b0f2c4f1a600938135"},{"package_name":"com.ibimuyu.lockscreen","version_code":101,"version_md5":"69a088fea7e4986100ce38b164692c6d"},{"package_name":"com.android.providers.calendar","version_code":23,"version_md5":"b4130ac0648523159b441f47cccc06d0"},{"package_name":"com.android.soundrecorder","version_code":6001010,"version_md5":"decd2f8bee63e5be711a9ea460f5f452"},{"package_name":"com.meizu.flyme.gamecenter","version_code":7008001,"version_md5":"6ec27a74089f8149d26782febee6b4d1"},{"package_name":"com.meizu.media.music","version_code":6009003,"version_md5":"c69627a99c7e66676b5eab7c858c0fe1"},{"package_name":"com.android.alarmclock","version_code":6002004,"version_md5":"a1a92f8b0cf364221f8698c8ac121756"},{"package_name":"com.android.browser","version_code":7010003,"version_md5":"8addde02b830c12861e506d43c5e9399"},{"package_name":"com.sohu.inputmethod.sogou","version_code":930,"version_md5":"8bf5154cdc240486bea2c5103b2eacd8"},{"package_name":"com.meizu.flyme.weather","version_code":2003002,"version_md5":"63d88c056d68c6e2751b1bb0bd75ba62"},{"package_name":"cn.testin","version_code":180317,"version_md5":"1fab30345215451c94c5a249e80739ff"},{"package_name":"com.meizu.gamecenter.service","version_code":4009001,"version_md5":"c626a427978390a68a3a88ad33fa45c7"},{"package_name":"wq.lockscreen","version_code":5,"version_md5":"82606d12eb98137bd5dec465a3c43a63"},{"package_name":"com.meizu.media.video","version_code":7010001,"version_md5":"b1c58d8d51b7b379ef176f8261a50a27"},{"package_name":"com.sina.weibo","version_code":3858,"version_md5":"7378bbf0cce8755a0c331a762f335c48"},{"package_name":"com.unionpay.tsmservice","version_code":41,"version_md5":"98e8348affa7338c38386b9a2c9c1a6b"},{"package_name":"com.meizu.media.reader","version_code":4019000,"version_md5":"71dd8aeae89a59eab0bf0cc253504af0"},{"package_name":"cn.testin.test","version_code":181128,"version_md5":"21a5358b03b9b35f4a32d91a3d281880"},{"package_name":"com.meizu.safe","version_code":5003004,"version_md5":"e4d238bd23000865c315cb51f1ce5e7d"},{"package_name":"cn.testin.itestin.test","version_code":0,"version_md5":"6fab1ae9e48f3a2e7e3eeafd61e15885"},{"package_name":"com.tencent.mobileqq","version_code":1010,"version_md5":"d66515caa794a76f5977176c6f2ae428"},{"package_name":"com.flyme.roamingpay","version_code":7009007,"version_md5":"a90b7c3cc49f6a2bc3ec6ffbf6056caf"},{"package_name":"com.meizu.net.search","version_code":7006000,"version_md5":"1cafb94711048571193a4d489815eb75"},{"package_name":"com.android.calendar","version_code":7005004,"version_md5":"9df8d3a96e37176a0676eeab661b434b"},{"package_name":"com.meizu.account.pay","version_code":7001002,"version_md5":"2ab15a4b0fe8d2f8a05022fec606a97e"},{"package_name":"com.meizu.flyme.calculator","version_code":7003006,"version_md5":"16f1fd7209e5cb24ea690332e078b536"},{"package_n
04-26 10:50:40.295  5782 15658 W GslbCore: convert api-app.meizu.com from cache[0] expired, remove it!
04-26 10:50:40.300 15827 15841 W MzUpdateComponent:3.1.11: cloud server not enable, skip register
04-26 10:50:40.320 15827 15827 I NetContactApplication: onCreate: NetContactApplication
04-26 10:50:40.351 18015 15781 I RuleGetter: getRuleResult() pkg=wq.lockscreen, remote=false
04-26 10:50:40.351 18015 15781 I RuleDbHelper:  + openDb() ref=2
04-26 10:50:40.352 18015 15781 I RuleDbHelper:  - closeDb() ref=1
04-26 10:50:40.352 18015 15781 I RuleGetter: isUsefulRuleStr() Err data1: rule = 
04-26 10:50:40.352 18015 15781 I RuleGetter: getRuleResult() pkg=com.sina.weibo, remote=false
04-26 10:50:40.352 18015 15781 I RuleDbHelper:  + openDb() ref=2
04-26 10:50:40.353 18015 15781 I RuleDbHelper:  - closeDb() ref=1
04-26 10:50:40.354 18015 15781 I RuleGetter: getRuleResult() pkg=cn.testin.test, remote=false
04-26 10:50:40.354 18015 15781 I RuleDbHelper:  + openDb() ref=2
04-26 10:50:40.355 18015 15781 I RuleDbHelper:  - closeDb() ref=1
04-26 10:50:40.355 18015 15781 I RuleGetter: isUsefulRuleStr() Err data1: rule = 
04-26 10:50:40.355 18015 15781 I RuleGetter: getRuleResult() pkg=cn.testin.itestin.test, remote=false
04-26 10:50:40.356 18015 15781 I RuleDbHelper:  + openDb() ref=2
04-26 10:50:40.356 18015 15781 I RuleDbHelper:  - closeDb() ref=1
04-26 10:50:40.357 18015 15781 I RuleGetter: isUsefulRuleStr() Err data1: rule = 
04-26 10:50:40.357 18015 15781 I RuleGetter: getRuleResult() pkg=com.tencent.mobileqq, remote=false
04-26 10:50:40.357 18015 15781 I RuleDbHelper:  + openDb() ref=2
04-26 10:50:40.358 18015 15781 I RuleDbHelper:  - closeDb() ref=1
04-26 10:50:40.359 18015 15781 I RuleGetter: getRuleResult() pkg=com.dc.hwsj, remote=false
04-26 10:50:40.359 18015 15781 I RuleDbHelper:  + openDb() ref=2
04-26 10:50:40.360 18015 15781 I RuleDbHelper:  - closeDb() ref=1
04-26 10:50:40.360 18015 15781 I RuleGetter: isUsefulRuleStr() Err data1: rule = 
04-26 10:50:40.360 18015 15781 I RuleGetter: getRuleResult() pkg=cn.testin, remote=false
04-26 10:50:40.360 18015 15781 I RuleDbHelper:  + openDb() ref=2
04-26 10:50:40.361 18015 15781 I RuleDbHelper:  - closeDb() ref=1
04-26 10:50:40.361 18015 15781 I RuleGetter: isUsefulRuleStr() Err data1: rule = 
04-26 10:50:40.361 18015 15781 I RuleGetter: getRuleResult() pkg=cn.testin.itestin, remote=false
04-26 10:50:40.362 18015 15781 I RuleDbHelper:  + openDb() ref=2
04-26 10:50:40.363 18015 15781 I RuleDbHelper:  - closeDb() ref=1
04-26 10:50:40.363 18015 15781 I RuleGetter: isUsefulRuleStr() Err data1: rule = 
04-26 10:50:40.363 18015 15781 I RuleGetter: getRuleResult() pkg=com.tencent.mm, remote=false
04-26 10:50:40.363 18015 15781 I RuleDbHelper:  + openDb() ref=2
04-26 10:50:40.364 18015 15781 I RuleDbHelper:  - closeDb() ref=1
04-26 10:50:40.365 18015 15781 I RuleGetter: getRuleResult() pkg=com.sohu.inputmethod.sogou, remote=false
04-26 10:50:40.365 18015 15781 I RuleDbHelper:  + openDb() ref=2
04-26 10:50:40.366 18015 15781 I RuleDbHelper:  - closeDb() ref=1
04-26 10:50:40.388 15827 15843 W CursorWindow: Window is full: requested allocation 69114 bytes, free space 59971 bytes, window size 2097152 bytes
04-26 10:50:40.393 18015  8828 I TrafficControlImpl: appBackGourndNetControl: uid:12355 wifi:true mobile:true
04-26 10:50:40.397 15827 15852 W MzUpdateComponent:3.1.11: cloud server not enable, skip register
04-26 10:50:40.427 15827 15853 E MzUpdateComponent:3.1.11: Update record doesn't exist!
04-26 10:50:40.450 15827 15827 E HeadlessTaskService: onStartCommand ########## 1
04-26 10:50:40.457 15827 15827 E HeadlessTaskService: ########### 2003
04-26 10:50:40.470 15827 15862 I HeadlessTask: onHeadlessJsTaskStart taskId => [2003]
04-26 10:50:40.478 15827 15866 I art     : Rejecting re-init on previously-failed class java.lang.Class<org.greenrobot.greendao.a.b$a>
04-26 10:50:40.478 15827 15866 I art     : Rejecting re-init on previously-failed class java.lang.Class<org.greenrobot.greendao.a.b$a>
04-26 10:50:40.478 15827 15866 I art     : Rejecting re-init on previously-failed class java.lang.Class<org.greenrobot.greendao.a.b$a>
04-26 10:50:40.478 15827 15866 I art     : Rejecting re-init on previously-failed class java.lang.Class<org.greenrobot.greendao.a.b$a>
04-26 10:50:40.478 15827 15866 I art     : Rejecting re-init on previously-failed class java.lang.Class<org.greenrobot.greendao.a.b$a>
04-26 10:50:40.478 15827 15866 I art     : Rejecting re-init on previously-failed class java.lang.Class<org.greenrobot.greendao.a.b$a>
04-26 10:50:40.478 15827 15866 I art     : Rejecting re-init on previously-failed class java.lang.Class<org.greenrobot.greendao.a.b$a>
04-26 10:50:40.479 15827 15866 I art     : Rejecting re-init on previously-failed class java.lang.Class<org.greenrobot.greendao.a.b$a>
04-26 10:50:40.479 15827 15866 I art     : Rejecting re-init on previously-failed class java.lang.Class<org.greenrobot.greendao.a.b$a>
04-26 10:50:40.479 15827 15866 I art     : Rejecting re-init on previously-failed class java.lang.Class<org.greenrobot.greendao.a.b$a>
04-26 10:50:40.479 15827 15866 I art     : Rejecting re-init on previously-failed class java.lang.Class<org.greenrobot.greendao.a.b$a>
04-26 10:50:40.481 15827 15866 I art     : Rejecting re-init on previously-failed class java.lang.Class<org.greenrobot.greendao.a.b$a>
04-26 10:50:40.481 15827 15866 I art     : Rejecting re-init on previously-failed class java.lang.Class<org.greenrobot.greendao.a.b$a>
04-26 10:50:40.488 15827 15865 I MzPushMessageReceiver: onRegisterStatus BasicPushStatus{code='200', message='already register PushId,dont register frequently'}pushId='861647034058608100057', Become invalid after 102971 seconds }
04-26 10:50:40.505 15827 15827 E HeadlessTaskService: onStartCommand ########## 1
04-26 10:50:40.508 15827 15827 E HeadlessTaskService: ########### 2006
04-26 10:50:40.508 15827 15862 I HeadlessTask: onHeadlessJsTaskStart taskId => [2006]
04-26 10:50:40.510 15827 15827 E HeadlessTaskService: onStartCommand ########## 2
04-26 10:50:40.510 15827 15827 E HeadlessTaskService: ########### 2010
04-26 10:50:40.521 15827 15862 W ActivityThread: ClassLoader.getResourceAsStream: The class loader returned by Thread.getContextClassLoader() may fail for processes that host multiple applications. You should explicitly specify a context class loader. For example: Thread.setContextClassLoader(getClass().getClassLoader());
04-26 10:50:40.522 15665 15684 I ContactDirectoryManager: deleted 0 stale rows which don't have any relevant directory
04-26 10:50:40.530 15665 15684 I ContactDirectoryManager: Discovered 1 contact directories in 1075ms
04-26 10:50:40.536 15827 15862 I UnConfirmRelationTask: ###shouldCheckUnConfirm unConfirmChecked=true hasReNotifyUnConfirmNumber=false
04-26 10:50:40.536 15827 15827 E HeadlessTaskService: onStartCommand ########## 1
04-26 10:50:40.539 15827 15827 E HeadlessTaskService: ########### 2002
04-26 10:50:40.539 15827 15862 I HeadlessTask: onHeadlessJsTaskStart taskId => [2002]
04-26 10:50:40.565 15827 15852 I h       : intercept patch data start load 
04-26 10:50:40.587  5782 15658 I update_UpdateChecker: processResult:ExternalInstalled,limit interval:0,delta:1,button:false,manual:false,batch:true,notify:false,
04-26 10:50:40.587  5782 15658 I update_UpdateChecker: [{"pkg":"com.meizu.media.ebook","time":"2019-04-15 16:08:20","vc":5002002,"vn":"5.2.2"},{"pkg":"com.tencent.mm","time":"2019-04-16 17:45:00","vc":1420,"vn":"7.0.4"},{"pkg":"com.meizu.media.reader","time":"2019-04-22 10:39:00","vc":4020000,"vn":"4.20.0"},{"pkg":"com.meizu.net.search","time":"2019-04-17 14:16:44","vc":7007000,"vn":"7.7.0"},{"pkg":"com.sina.weibo","time":"2019-04-24 11:55:02","vc":3866,"vn":"9.4.3"},{"pkg":"com.android.browser","time":"2019-04-24 16:10:58","vc":7012000,"vn":"7.12.0"},{"pkg":"com.meizu.flyme.gamecenter","time":"2019-04-25 10:43:38","vc":7008003,"vn":"7.8.3"},{"pkg":"com.meizu.flyme.wallet","time":"2019-04-15 17:34:04","vc":5004003,"vn":"5.4.3"},{"pkg":"com.tencent.mobileqq","time":"2019-04-19 02:05:00","vc":1024,"vn":"8.0.0"}]
04-26 10:50:40.589 15665 15684 I PhoneNumberMinMatchUtils: testMinMatchLengthFromPhoneLookup() count: 0
04-26 10:50:40.589 15665 15684 I PhoneNumberMinMatchUtils: testMinMatchLengthFromCalls() count: 0
04-26 10:50:40.685  5782 15658 I FOLLOW_EXCLUDE_UPDATE_BUG: allExcludeApp: []
04-26 10:50:40.685  5782 15658 I FOLLOW_EXCLUDE_UPDATE_BUG: afterFilter : size: 9 list :  pkgName:  version:7012000
04-26 10:50:40.685  5782 15658 I FOLLOW_EXCLUDE_UPDATE_BUG:   pkgName:QQ  version:1024
04-26 10:50:40.685  5782 15658 I FOLLOW_EXCLUDE_UPDATE_BUG:   pkgName:  version:3866
04-26 10:50:40.685  5782 15658 I FOLLOW_EXCLUDE_UPDATE_BUG:   pkgName:  version:7007000
04-26 10:50:40.685  5782 15658 I FOLLOW_EXCLUDE_UPDATE_BUG:   pkgName:  version:1420
04-26 10:50:40.685  5782 15658 I FOLLOW_EXCLUDE_UPDATE_BUG:   pkgName:  version:5002002
04-26 10:50:40.685  5782 15658 I FOLLOW_EXCLUDE_UPDATE_BUG:   pkgName:  version:4020000
04-26 10:50:40.685  5782 15658 I FOLLOW_EXCLUDE_UPDATE_BUG:   pkgName:  version:7008003
04-26 10:50:40.685  5782 15658 I FOLLOW_EXCLUDE_UPDATE_BUG:   pkgName:  version:5004003
04-26 10:50:40.689  5782  5840 W auto_update_AppAutoUpdateManager: **check update finish! switch:true, wifi:true, and Screen on: true, Power Connected: true, Battery: 100(-50|+15), Competitive:false(not check), downloaded size:0, downloaded time:0, exist size:9
04-26 10:50:40.689  5782  5839 W auto_update_AppAutoUpdateManager: **check update finish! switch:true, wifi:true, and Screen on: true, Power Connected: true, Battery: 100(-50|+15), Competitive:false(not check), downloaded size:0, downloaded time:0, exist size:9
04-26 10:50:40.739 15827 15843 W CursorWindow: Window is full: requested allocation 68442 bytes, free space 54831 bytes, window size 2097152 bytes
04-26 10:50:40.806 15827 15852 I h       : intercept patch data serialize success
04-26 10:50:40.808 15827 15852 I h       : intercept meta data file == null, update success!
04-26 10:50:40.808 15827 15843 W CursorWindow: Window is full: requested allocation 68442 bytes, free space 56595 bytes, window size 2097152 bytes
04-26 10:50:40.867 15827 15843 W CursorWindow: Window is full: requested allocation 60454 bytes, free space 53959 bytes, window size 2097152 bytes
04-26 10:50:40.952 15827 15843 W CursorWindow: Window is full: requested allocation 60597 bytes, free space 9811 bytes, window size 2097152 bytes
04-26 10:50:41.010 15827 15843 W CursorWindow: Window is full: requested allocation 68438 bytes, free space 61947 bytes, window size 2097152 bytes
04-26 10:50:41.080 15827 15843 W CursorWindow: Window is full: requested allocation 60597 bytes, free space 10227 bytes, window size 2097152 bytes
04-26 10:50:41.138 15827 15843 W CursorWindow: Window is full: requested allocation 68438 bytes, free space 61947 bytes, window size 2097152 bytes
04-26 10:50:41.632  2997  3169 E WifiStateMachine: calculateWifiScore not update currentConfiguration visibility
04-26 10:50:41.817 15785 15785 I kd      : type=1400 audit(0.0:136972): avc: denied { signal } for scontext=u:r:init:s0 tcontext=u:r:untrusted_app:s0:c512,c768 tclass=process permissive=1
04-26 10:50:41.923  2997  2997 W SchedPolicy: add_tid_to_cgroup failed to write '27156' (Permission denied); fd=17
04-26 10:50:41.923  2997  2997 W ActivityManager: Failed setting process group of 27156 to -1
04-26 10:50:41.926  2997  3473 W SchedPolicy: add_tid_to_cgroup failed to write '27156' (Permission denied); fd=18
04-26 10:50:41.926  2997  3473 W ActivityManager: Failed setting process group of 27156 to 0
04-26 10:50:41.928  2997  3612 W JobServiceContext: verifyCallingUid. END
04-26 10:50:41.930  2997  2997 W JobServiceContext: closeAndCleanupJobH.com.meizu.flyme.wallet/com.eguan.monitor.fangzhou.service.MonitorJobService jId=2071111, u0
04-26 10:50:44.638  2997  3169 E WifiStateMachine: calculateWifiScore not update currentConfiguration visibility
04-26 10:50:44.970 30780 30950 I audio_hw_primary: adev_set_parameters(): kvpairs: mediaserver_monitor=1
04-26 10:50:44.970 30780 30950 I audio_hw_hwvolume: parse_hw_volume_parameters(): kvpairs: mediaserver_monitor=1
04-26 10:50:45.011 17910 15638 W System.err: java.net.UnknownHostException: Unable to resolve host "ni.qingmang.mobi": No address associated with hostname
04-26 10:50:45.011 17910 15638 W System.err: 	at java.net.InetAddress.lookupHostByName(InetAddress.java:477)
04-26 10:50:45.011 17910 15638 W System.err: 	at java.net.InetAddress.getAllByNameImpl(InetAddress.java:252)
04-26 10:50:45.011 17910 15638 W System.err: 	at java.net.InetAddress.getAllByName(InetAddress.java:215)
04-26 10:50:45.011 17910 15638 W System.err: 	at com.android.okhttp.internal.Network$1.resolveInetAddresses(Network.java:29)
04-26 10:50:45.011 17910 15638 W System.err: 	at com.android.okhttp.internal.http.RouteSelector.resetNextInetSocketAddress(RouteSelector.java:188)
04-26 10:50:45.011 17910 15638 W System.err: 	at com.android.okhttp.internal.http.RouteSelector.nextProxy(RouteSelector.java:157)
04-26 10:50:45.011 17910 15638 W System.err: 	at com.android.okhttp.internal.http.RouteSelector.next(RouteSelector.java:100)
04-26 10:50:45.011 17910 15638 W System.err: 	at com.android.okhttp.internal.http.HttpEngine.createNextConnection(HttpEngine.java:357)
04-26 10:50:45.011 17910 15638 W System.err: 	at com.android.okhttp.internal.http.HttpEngine.nextConnection(HttpEngine.java:340)
04-26 10:50:45.011 17910 15638 W System.err: 	at com.android.okhttp.internal.http.HttpEngine.connect(HttpEngine.java:330)
04-26 10:50:45.011 17910 15638 W System.err: 	at com.android.okhttp.internal.http.HttpEngine.sendRequest(HttpEngine.java:248)
04-26 10:50:45.012 17910 15638 W System.err: 	at com.android.okhttp.internal.huc.HttpURLConnectionImpl.execute(HttpURLConnectionImpl.java:437)
04-26 10:50:45.012 17910 15638 W System.err: 	at com.android.okhttp.internal.huc.HttpURLConnectionImpl.connect(HttpURLConnectionImpl.java:114)
04-26 10:50:45.012 17910 15638 W System.err: 	at com.android.okhttp.internal.huc.HttpURLConnectionImpl.getOutputStream(HttpURLConnectionImpl.java:245)
04-26 10:50:45.012 17910 15638 W System.err: 	at com.wandoujia.nisdk.updator.http.NIHttpAPI.post(NIHttpAPI.java:175)
04-26 10:50:45.012 17910 15638 W System.err: 	at com.wandoujia.nisdk.updator.http.NIHttpAPI.access$200(NIHttpAPI.java:31)
04-26 10:50:45.012 17910 15638 W System.err: 	at com.wandoujia.nisdk.updator.http.NIHttpAPI$2.call(NIHttpAPI.java:71)
04-26 10:50:45.012 17910 15638 W System.err: 	at com.wandoujia.nisdk.updator.http.NIHttpAPI$2.call(NIHttpAPI.java:62)
04-26 10:50:45.012 17910 15638 W System.err: 	at rx.Observable.unsafeSubscribe(Observable.java:8098)
04-26 10:50:45.012 17910 15638 W System.err: 	at rx.internal.operators.OperatorMerge$MergeSubscriber.onNext(OperatorMerge.java:232)
04-26 10:50:45.012 17910 15638 W System.err: 	at rx.internal.operators.OperatorMerge$MergeSubscriber.onNext(OperatorMerge.java:142)
04-26 10:50:45.012 17910 15638 W System.err: 	at rx.internal.operators.OperatorMap$1.onNext(OperatorMap.java:54)
04-26 10:50:45.012 17910 15638 W System.err: 	at rx.internal.operators.OperatorBufferWithSize$1.onCompleted(OperatorBufferWithSize.java:120)
04-26 10:50:45.012 17910 15638 W System.err: 	at rx.internal.operators.OperatorMerge$MergeSubscriber.emitLoop(OperatorMerge.java:614)
04-26 10:50:45.012 17910 15638 W System.err: 	at rx.internal.operators.OperatorMerge$MergeSubscriber.emit(OperatorMerge.java:526)
04-26 10:50:45.012 17910 15638 W System.err: 	at rx.internal.operators.OperatorMerge$MergeSubscriber.onCompleted(OperatorMerge.java:255)
04-26 10:50:45.012 17910 15638 W System.err: 	at rx.internal.operators.OperatorMap$1.onCompleted(OperatorMap.java:43)
04-26 10:50:45.012 17910 15638 W System.err: 	at rx.internal.producers.SingleDelayedProducer.emit(SingleDelayedProducer.java:110)
04-26 10:50:45.012 17910 15638 W System.err: 	at rx.internal.producers.SingleDelayedProducer.setValue(SingleDelayedProducer.java:85)
04-26 10:50:45.012 17910 15638 W System.err: 	at rx.internal.operators.OperatorToObservableList$1.onCompleted(OperatorToObservableList.java:93)
04-26 10:50:45.012 17910 15638 W System.err: 	at rx.internal.util.ScalarSynchronousObservable$1.call(ScalarSynchronousObservable.java:47)
04-26 10:50:45.012 17910 15638 W System.err: 	at rx.internal.util.ScalarSynchronousObservable$1.call(ScalarSynchronousObservable.java:35)
04-26 10:50:45.012 17910 15638 W System.err: 	at rx.Observable$2.call(Observable.java:162)
04-26 10:50:45.012 17910 15638 W System.err: 	at rx.Observable$2.call(Observable.java:154)
04-26 10:50:45.012 17910 15638 W System.err: 	at rx.Observable$2.call(Observable.java:162)
04-26 10:50:45.012 17910 15638 W System.err: 	at rx.Observable$2.call(Observable.java:154)
04-26 10:50:45.012 17910 15638 W System.err: 	at rx.Observable$2.call(Observable.java:162)
04-26 10:50:45.012 17910 15638 W System.err: 	at rx.Observable$2.call(Observable.java:154)
04-26 10:50:45.012 17910 15638 W System.err: 	at rx.Observable$2.call(Observable.java:162)
04-26 10:50:45.012 17910 15638 W System.err: 	at rx.Observable$2.call(Observable.java:154)
04-26 10:50:45.012 17910 15638 W System.err: 	at rx.Observable$2.call(Observable.java:162)
04-26 10:50:45.012 17910 15638 W System.err: 	at rx.Observable$2.call(Observable.java:154)
04-26 10:50:45.012 17910 15638 W System.err: 	at rx.Observable$2.call(Observable.java:162)
04-26 10:50:45.012 17910 15638 W System.err: 	at rx.Observable$2.call(Observable.java:154)
04-26 10:50:45.012 17910 15638 W System.err: 	at rx.Observable$2.call(Observable.java:162)
04-26 10:50:45.012 17910 15638 W System.err: 	at rx.Observable$2.call(Observable.java:154)
04-26 10:50:45.012 17910 15638 W System.err: 	at rx.Observable$2.call(Observable.java:162)
04-26 10:50:45.012 17910 15638 W System.err: 	at rx.Observable$2.call(Observable.java:154)
04-26 10:50:45.012 17910 15638 W System.err: 	at rx.Observable$2.call(Observable.java:162)
04-26 10:50:45.012 17910 15638 W System.err: 	at rx.Observable$2.call(Observable.java:154)
04-26 10:50:45.012 17910 15638 W System.err: 	at rx.Observable$2.call(Observable.java:162)
04-26 10:50:45.012 17910 15638 W System.err: 	at rx.Observable$2.call(Observable.java:154)
04-26 10:50:45.012 17910 15638 W System.err: 	at rx.Observable$2.call(Observable.java:162)
04-26 10:50:45.012 17910 15638 W System.err: 	at rx.Observable$2.call(Observable.java:154)
04-26 10:50:45.012 17910 15638 W System.err: 	at rx.Observable$2.call(Observable.java:162)
04-26 10:50:45.012 17910 15638 W System.err: 	at rx.Observable$2.call(Observable.java:154)
04-26 10:50:45.012 17910 15638 W System.err: 	at rx.Observable$2.call(Observable.java:162)
04-26 10:50:45.012 17910 15638 W System.err: 	at rx.Observable$2.call(Observable.java:154)
04-26 10:50:45.012 17910 15638 W System.err: 	at rx.Observable$2.call(Observable.java:162)
04-26 10:50:45.012 17910 15638 W System.err: 	at rx.Observable$2.call(Observable.java:154)
04-26 10:50:45.012 17910 15638 W System.err: 	at rx.Observable.unsafeSubscribe(Observable.java:8098)
04-26 10:50:45.012 17910 15638 W System.err: 	at rx.internal.operators.OnSubscribeRedo$2.call(OnSubscribeRedo.java:278)
04-26 10:50:45.012 17910 15638 W System.err: 	at rx.schedulers.TrampolineScheduler$InnerCurrentThreadScheduler.enqueue(TrampolineScheduler.java:77)
04-26 10:50:45.012 17910 15638 W System.err: 	at rx.schedulers.TrampolineScheduler$InnerCurrentThreadScheduler.schedule(TrampolineScheduler.java:56)
04-26 10:50:45.012 17910 15638 W System.err: 	at rx.internal.operators.OnSubscribeRedo$4$1.onNext(OnSubscribeRedo.java:341)
04-26 10:50:45.012 17910 15638 W System.err: 	at rx.internal.operators.OperatorMerge$MergeSubscriber.emitScalar(OperatorMerge.java:365)
04-26 10:50:45.012 17910 15638 W System.err: 	at rx.internal.operators.OperatorMerge$MergeSubscriber.tryEmit(OperatorMerge.java:327)
04-26 10:50:45.012 17910 15638 W System.err: 	at rx.internal.operators.OperatorMerge$InnerSubscriber.onNext(OperatorMerge.java:804)
04-26 10:50:45.013 17910 15638 W System.err: 	at rx.internal.operators.OnSubscribeTimerOnce$1.call(OnSubscribeTimerOnce.java:49)
04-26 10:50:45.013 17910 15638 W System.err: 	at rx.internal.schedulers.ScheduledAction.run(ScheduledAction.java:55)
04-26 10:50:45.013 17910 15638 W System.err: 	at java.util.concurrent.Executors$RunnableAdapter.call(Executors.java:423)
04-26 10:50:45.013 17910 15638 W System.err: 	at java.util.concurrent.FutureTask.run(FutureTask.java:237)
04-26 10:50:45.013 17910 15638 W System.err: 	at java.util.concurrent.ScheduledThreadPoolExecutor$ScheduledFutureTask.run(ScheduledThreadPoolExecutor.java:269)
04-26 10:50:45.013 17910 15638 W System.err: 	at java.util.concurrent.ThreadPoolExecutor.runWorker(ThreadPoolExecutor.java:1113)
04-26 10:50:45.013 17910 15638 W System.err: 	at java.util.concurrent.ThreadPoolExecutor$Worker.run(ThreadPoolExecutor.java:588)
04-26 10:50:45.013 17910 15638 W System.err: 	at java.lang.Thread.run(Thread.java:818)
04-26 10:50:45.013 17910 15638 W System.err: Caused by: android.system.GaiException: android_getaddrinfo failed: EAI_NODATA (No address associated with hostname)
04-26 10:50:45.013 17910 15638 W System.err: 	at libcore.io.Posix.android_getaddrinfo(Native Method)
04-26 10:50:45.013 17910 15638 W System.err: 	at libcore.io.ForwardingOs.android_getaddrinfo(ForwardingOs.java:55)
04-26 10:50:45.013 17910 15638 W System.err: 	at java.net.InetAddress.lookupHostByName(InetAddress.java:458)
04-26 10:50:45.013 17910 15638 W System.err: 	... 75 more
04-26 10:50:45.013 17910 15641 W System.err: java.net.UnknownHostException: Unable to resolve host "ni.qingmang.mobi": No address associated with hostname
04-26 10:50:45.013 17910 15641 W System.err: 	at java.net.InetAddress.lookupHostByName(InetAddress.java:477)
04-26 10:50:45.013 17910 15641 W System.err: 	at java.net.InetAddress.getAllByNameImpl(InetAddress.java:252)
04-26 10:50:45.013 17910 15641 W System.err: 	at java.net.InetAddress.getAllByName(InetAddress.java:215)
04-26 10:50:45.013 17910 15641 W System.err: 	at com.android.okhttp.internal.Network$1.resolveInetAddresses(Network.java:29)
04-26 10:50:45.013 17910 15641 W System.err: 	at com.android.okhttp.internal.http.RouteSelector.resetNextInetSocketAddress(RouteSelector.java:188)
04-26 10:50:45.013 17910 15641 W System.err: 	at com.android.okhttp.internal.http.RouteSelector.nextProxy(RouteSelector.java:157)
04-26 10:50:45.014 17910 15641 W System.err: 	at com.android.okhttp.internal.http.RouteSelector.next(RouteSelector.java:100)
04-26 10:50:45.014 17910 15641 W System.err: 	at com.android.okhttp.internal.http.HttpEngine.createNextConnection(HttpEngine.java:357)
04-26 10:50:45.014 17910 15641 W System.err: 	at com.android.okhttp.internal.http.HttpEngine.nextConnection(HttpEngine.java:340)
04-26 10:50:45.014 17910 15641 W System.err: 	at com.android.okhttp.internal.http.HttpEngine.connect(HttpEngine.java:330)
04-26 10:50:45.014 17910 15641 W System.err: 	at com.android.okhttp.internal.http.HttpEngine.sendRequest(HttpEngine.java:248)
04-26 10:50:45.014 17910 15641 W System.err: 	at com.android.okhttp.internal.huc.HttpURLConnectionImpl.execute(HttpURLConnectionImpl.java:437)
04-26 10:50:45.014 17910 15641 W System.err: 	at com.android.okhttp.internal.huc.HttpURLConnectionImpl.connect(HttpURLConnectionImpl.java:114)
04-26 10:50:45.014 17910 15641 W System.err: 	at com.android.okhttp.internal.huc.HttpURLConnectionImpl.getOutputStream(HttpURLConnectionImpl.java:245)
04-26 10:50:45.014 17910 15641 W System.err: 	at com.wandoujia.nisdk.updator.http.NIHttpAPI.post(NIHttpAPI.java:175)
04-26 10:50:45.014 17910 15641 W System.err: 	at com.wandoujia.nisdk.updator.http.NIHttpAPI.access$200(NIHttpAPI.java:31)
04-26 10:50:45.014 17910 15641 W System.err: 	at com.wandoujia.nisdk.updator.http.NIHttpAPI$2.call(NIHttpAPI.java:71)
04-26 10:50:45.014 17910 15641 W System.err: 	at com.wandoujia.nisdk.updator.http.NIHttpAPI$2.call(NIHttpAPI.java:62)
04-26 10:50:45.014 17910 15641 W System.err: 	at rx.Observable.unsafeSubscribe(Observable.java:8098)
04-26 10:50:45.014 17910 15641 W System.err: 	at rx.internal.operators.OperatorMerge$MergeSubscriber.onNext(OperatorMerge.java:232)
04-26 10:50:45.014 17910 15641 W System.err: 	at rx.internal.operators.OperatorMerge$MergeSubscriber.onNext(OperatorMerge.java:142)
04-26 10:50:45.014 17910 15641 W System.err: 	at rx.internal.operators.OperatorMap$1.onNext(OperatorMap.java:54)
04-26 10:50:45.014 17910 15641 W System.err: 	at rx.internal.operators.OperatorBufferWithSize$1.onCompleted(OperatorBufferWithSize.java:120)
04-26 10:50:45.014 17910 15641 W System.err: 	at rx.internal.operators.OperatorMerge$MergeSubscriber.emitLoop(OperatorMerge.java:614)
04-26 10:50:45.014 17910 15641 W System.err: 	at rx.internal.operators.OperatorMerge$MergeSubscriber.emit(OperatorMerge.java:526)
04-26 10:50:45.014 17910 15641 W System.err: 	at rx.internal.operators.OperatorMerge$MergeSubscriber.onCompleted(OperatorMerge.java:255)
04-26 10:50:45.014 17910 15641 W System.err: 	at rx.internal.operators.OperatorMap$1.onCompleted(OperatorMap.java:43)
04-26 10:50:45.014 17910 15641 W System.err: 	at rx.internal.producers.SingleDelayedProducer.emit(SingleDelayedProducer.java:110)
04-26 10:50:45.014 17910 15641 W System.err: 	at rx.internal.producers.SingleDelayedProducer.setValue(SingleDelayedProducer.java:85)
04-26 10:50:45.014 17910 15641 W System.err: 	at rx.internal.operators.OperatorToObservableList$1.onCompleted(OperatorToObservableList.java:93)
04-26 10:50:45.014 17910 15641 W System.err: 	at rx.internal.util.ScalarSynchronousObservable$1.call(ScalarSynchronousObservable.java:47)
04-26 10:50:45.014 17910 15641 W System.err: 	at rx.internal.util.ScalarSynchronousObservable$1.call(ScalarSynchronousObservable.java:35)
04-26 10:50:45.014 17910 15641 W System.err: 	at rx.Observable$2.call(Observable.java:162)
04-26 10:50:45.014 17910 15641 W System.err: 	at rx.Observable$2.call(Observable.java:154)
04-26 10:50:45.014 17910 15641 W System.err: 	at rx.Observable$2.call(Observable.java:162)
04-26 10:50:45.014 17910 15641 W System.err: 	at rx.Observable$2.call(Observable.java:154)
04-26 10:50:45.014 17910 15641 W System.err: 	at rx.Observable$2.call(Observable.java:162)
04-26 10:50:45.014 17910 15641 W System.err: 	at rx.Observable$2.call(Observable.java:154)
04-26 10:50:45.014 17910 15641 W System.err: 	at rx.Observable$2.call(Observable.java:162)
