04-26 10:51:57.727 16100 16228 E elvaLog : 97
04-26 10:51:57.727 16100 16228 E elvaLog : 100
04-26 10:51:57.727 16100 16228 E elvaLog : 
04-26 10:51:57.728 16100 16228 E elvaLog_exists: 78f49b873cde57eca447a62be925fd47_story.aiml
04-26 10:51:57.991 16100 16229 I System.out: Elva SendRequestNewDAUTask result:{"status":false,"code":0,"message":"","time":1556247122981,"data":false}
04-26 10:51:58.070 16100 16228 E elvaLog : AIBOT 
04-26 10:51:58.114 16100 16228 E elvaLog : AIBOT 1{"msgs":[{"msg":"\u2014\n","actions":[{"action":"","reply":""},{"action":"","reply":""},{"action":"","reply":""},{"action":"","reply":""},{"action":"","reply":""},{"action":"","reply":""},{"action":"?","reply":"?"}]}]}
04-26 10:51:58.352 16100 16195 I System.out: dopost resutl: {"data":"{\"info\":\"ok\",\"status\":1}","info":"","stat":1}
04-26 10:51:58.353 16100 16195 I System.out: eventId: event_38  custom status: 1  info: ok
04-26 10:51:58.359 16100 16139 I Corona  : event.response:	https://hwsj-eu-test.clktec.com:20888/frontend/distribute	{"data":"{\"Data\":{\"RecommendRegionId\":2,\"RecommendRegionAppId\":1022,\"RecommendRegionTimeZone\":8,\"IsOpen\":1,\"CurrentRegionId\":1,\"CurrentRegionAppId\":1020,\"CurrentRegionTimeZone\":3,\"IsWarnPrivacy\":0},\"Info\":\"\",\"Code\":0,\"Sess\":\"\"}","info":"","stat":1}
04-26 10:51:58.359 16100 16139 I Corona  : https://hwsj-eu-test.clktec.com:20888/frontend/distribute	1654.47
04-26 10:51:58.361 16100 16139 I Corona  : event.response:	https://hwsj-eu-test.clktec.com:20888/frontend/distribute	{"data":"{\"Data\":{\"IsOpen\":1,\"CurrentRegionId\":1,\"CurrentRegionAppId\":1020,\"CurrentRegionTimeZone\":3,\"IsWarnPrivacy\":0,\"RecommendRegionId\":2,\"RecommendRegionAppId\":1022,\"RecommendRegionTimeZone\":8},\"Info\":\"\",\"Code\":0,\"Sess\":\"\"}","info":"","stat":1}
04-26 10:51:58.361 16100 16139 I Corona  : https://hwsj-eu-test.clktec.com:20888/frontend/distribute	1656.895
04-26 10:51:58.362 16100 16139 I Corona  : event.response:	https://hwsj-eu-test.clktec.com:20888/frontend/distribute	{"data":"{\"Sess\":\"\",\"Data\":{\"IsOpen\":1,\"CurrentRegionId\":1,\"CurrentRegionAppId\":1020,\"CurrentRegionTimeZone\":3,\"IsWarnPrivacy\":0,\"RecommendRegionId\":2,\"RecommendRegionAppId\":1022,\"RecommendRegionTimeZone\":8},\"Info\":\"\",\"Code\":0}","info":"","stat":1}
04-26 10:51:58.362 16100 16139 I Corona  : https://hwsj-eu-test.clktec.com:20888/frontend/distribute	1657.645
04-26 10:51:58.363 16100 16139 I Corona  : event.response:	https://hwsj-eu-test.clktec.com:20888/frontend/distribute	{"data":"{\"Data\":{\"IsOpen\":1,\"CurrentRegionId\":1,\"CurrentRegionAppId\":1020,\"CurrentRegionTimeZone\":3,\"IsWarnPrivacy\":0,\"RecommendRegionId\":2,\"RecommendRegionAppId\":1022,\"RecommendRegionTimeZone\":8},\"Info\":\"\",\"Code\":0,\"Sess\":\"\"}","info":"","stat":1}
04-26 10:51:58.363 16100 16139 I Corona  : https://hwsj-eu-test.clktec.com:20888/frontend/distribute	1658.341
04-26 10:51:58.363 16100 16139 I Corona  : event.response:	https://hwsj-eu-test.clktec.com:20888/frontend/distribute	{"data":"{\"Data\":{\"RecommendRegionId\":2,\"RecommendRegionAppId\":1022,\"RecommendRegionTimeZone\":8,\"IsOpen\":1,\"CurrentRegionId\":1,\"CurrentRegionAppId\":1020,\"CurrentRegionTimeZone\":3,\"IsWarnPrivacy\":0},\"Info\":\"\",\"Code\":0,\"Sess\":\"\"}","info":"","stat":1}
04-26 10:51:58.363 16100 16139 I Corona  : https://hwsj-eu-test.clktec.com:20888/frontend/distribute	1658.951
04-26 10:51:58.372 16100 16139 I Corona  : event.response:	https://hwsj-eu-test.clktec.com:20888/frontend/distribute	{"data":"{\"Data\":{\"IsOpen\":1,\"CurrentRegionId\":1,\"CurrentRegionAppId\":1020,\"CurrentRegionTimeZone\":3,\"IsWarnPrivacy\":0,\"RecommendRegionId\":2,\"RecommendRegionAppId\":1022,\"RecommendRegionTimeZone\":8},\"Info\":\"\",\"Code\":0,\"Sess\":\"\"}","info":"","stat":1}
04-26 10:51:58.372 16100 16139 I Corona  : https://hwsj-eu-test.clktec.com:20888/frontend/distribute	1667.518
04-26 10:51:58.388 16100 16139 I Corona  : event.response:	https://hwsj-eu-test.clktec.com:20888/frontend/distribute	{"data":"{\"Data\":{\"CurrentRegionAppId\":1020,\"CurrentRegionTimeZone\":3,\"IsWarnPrivacy\":0,\"RecommendRegionId\":2,\"RecommendRegionAppId\":1022,\"RecommendRegionTimeZone\":8,\"IsOpen\":1,\"CurrentRegionId\":1},\"Info\":\"\",\"Code\":0,\"Sess\":\"\"}","info":"","stat":1}
04-26 10:51:58.389 16100 16139 I Corona  : https://hwsj-eu-test.clktec.com:20888/frontend/distribute	1683.999
04-26 10:51:58.389 16100 16139 I Corona  : event.response:	https://hwsj-eu-test.clktec.com:20888/frontend/distribute	{"data":"{\"Data\":{\"IsWarnPrivacy\":0,\"RecommendRegionId\":2,\"RecommendRegionAppId\":1022,\"RecommendRegionTimeZone\":8,\"IsOpen\":1,\"CurrentRegionId\":1,\"CurrentRegionAppId\":1020,\"CurrentRegionTimeZone\":3},\"Info\":\"\",\"Code\":0,\"Sess\":\"\"}","info":"","stat":1}
04-26 10:51:58.389 16100 16139 I Corona  : https://hwsj-eu-test.clktec.com:20888/frontend/distribute	1684.822
04-26 10:51:58.390 16100 16139 I Corona  : event.response:	https://hwsj-eu-test.clktec.com:20888/frontend/distribute	{"data":"{\"Data\":{\"IsOpen\":1,\"CurrentRegionId\":1,\"CurrentRegionAppId\":1020,\"CurrentRegionTimeZone\":3,\"IsWarnPrivacy\":0,\"RecommendRegionId\":2,\"RecommendRegionAppId\":1022,\"RecommendRegionTimeZone\":8},\"Info\":\"\",\"Code\":0,\"Sess\":\"\"}","info":"","stat":1}
04-26 10:51:58.390 16100 16139 I Corona  : https://hwsj-eu-test.clktec.com:20888/frontend/distribute	1685.78
04-26 10:51:58.393 16100 16139 I Corona  : endRequest	https://hwsj-eu-test.clktec.com:20888/frontend/distribute	1685.78
04-26 10:51:58.393 16100 16139 I Corona  : endRequest	https://hwsj-eu-test.clktec.com:20888/frontend/distribute	1685.78
04-26 10:51:58.393 16100 16139 I Corona  : endRequest	https://hwsj-eu-test.clktec.com:20888/frontend/distribute	1685.78
04-26 10:51:58.394 16100 16139 I Corona  : endRequest	https://hwsj-eu-test.clktec.com:20888/frontend/distribute	1685.78
04-26 10:51:58.394 16100 16139 I Corona  : endRequest	https://hwsj-eu-test.clktec.com:20888/frontend/distribute	1685.78
04-26 10:51:58.394 16100 16139 I Corona  : endRequest	https://hwsj-eu-test.clktec.com:20888/frontend/distribute	1685.78
04-26 10:51:58.395 16100 16139 I Corona  : endRequest	https://hwsj-eu-test.clktec.com:20888/frontend/distribute	1685.78
04-26 10:51:58.395 16100 16139 I Corona  : endRequest	https://hwsj-eu-test.clktec.com:20888/frontend/distribute	1685.78
04-26 10:51:58.395 16100 16139 I Corona  : endRequest	https://hwsj-eu-test.clktec.com:20888/frontend/distribute	1685.78
04-26 10:51:58.399 16100 16139 I Corona  : verifyFile > try to read file = gLocalConfig.datahash
04-26 10:51:58.404 16100 16139 I Corona  : hashStr = 	e98352716fb5d3ebdd7ad2cd5dee9b63e5afae86
04-26 10:51:58.404 16100 16139 I Corona  : realHash = 	e98352716fb5d3ebdd7ad2cd5dee9b63e5afae86
04-26 10:51:58.404 16100 16139 I Corona  : gLocalConfig.data==verifyFile true!
04-26 10:51:58.417 16100 16100 I System.out: appIdActivity: isactivity1021  false
04-26 10:51:58.417 16100 16100 I System.out: activate url: https://hwsj-eu-test.clktec.com:20888/frontend/distribute/v1/active_event
04-26 10:51:58.420 16100 16232 I System.out: admonitor data: {"version":"1.8","app_id":"1021","act_id":"ad_trace_new","data":"{\"cp_app_id\":1021,\"ad_app_key\":\"3199536a745011e8a870025a896bb440\",\"retail_id\":2,\"ad_uuid\":\"\",\"channel_id\":0,\"mac\":\"ffc834c3ae81f6e7be0e16c3b5d1888c\",\"user_agent\":\"Dalvik\\\/2.1.0 (Linux; U; Android 6.0.1; PRO 6 Plus Build\\\/MMB29T)\",\"ex_user_agent\":\"Mozilla\\\/5.0 (Linux; Android 6.0.1; PRO 6 Plus Build\\\/MMB29T; wv) AppleWebKit\\\/537.36 (KHTML, like Gecko) Version\\\/4.0 Chrome\\\/44.0.2403.146 Mobile Safari\\\/537.36\",\"device_id\":\"b271017024bee4e7\",\"os\":\"0\",\"timestamp\":1556247118,\"reserve\":\"{\\\"deviceType\\\":\\\"android_id\\\"}\"}"}
04-26 10:51:58.426 16100 16139 I Corona  : isDirExist:	log not exist:	cannot obtain information from file `/data/user/0/com.dc.hwsj/app_data/log'
04-26 10:51:58.426 16100 16100 I System.out: eventId: event_1
04-26 10:51:58.427 16100 16100 I System.out: timeStamp: 1556247118
04-26 10:51:58.427 16100 16100 I System.out: ad_monitor_url: https://hwsj-eu-test.clktec.com:20888/frontend/distribute
04-26 10:51:58.427 16100 16100 I System.out: custom url: https://hwsj-eu-test.clktec.com:20888/frontend/distribute/v1/custom_event
04-26 10:51:58.429 16100 16233 I System.out: admonitor data: {"version":"1.8","app_id":"1021","act_id":"ad_trace_new","data":"{\"cp_app_id\":1021,\"ad_app_key\":\"3199536a745011e8a870025a896bb440\",\"retail_id\":2,\"event_id\":\"event_1\",\"event_name\":\"\",\"mac\":\"ffc834c3ae81f6e7be0e16c3b5d1888c\",\"user_agent\":\"Dalvik\\\/2.1.0 (Linux; U; Android 6.0.1; PRO 6 Plus Build\\\/MMB29T)\",\"ex_user_agent\":\"Mozilla\\\/5.0 (Linux; Android 6.0.1; PRO 6 Plus Build\\\/MMB29T; wv) AppleWebKit\\\/537.36 (KHTML, like Gecko) Version\\\/4.0 Chrome\\\/44.0.2403.146 Mobile Safari\\\/537.36\",\"device_id\":\"b271017024bee4e7\",\"os\":\"0\",\"timestamp\":1556247118,\"reserve1\":\"\",\"reserve2\":\"{\\\"deviceType\\\":\\\"android_id\\\"}\"}"}
04-26 10:51:58.499 16100 16139 I TAG     : test
04-26 10:51:58.500 16100 16139 I ==> xxx : updateAccessPrivacyInfoStatus: 1
04-26 10:51:58.505  2997  3014 W ActivityManager: Unable to start service Intent { act=com.google.android.gms.ads.identifier.service.START pkg=com.google.android.gms } U=0: not found
04-26 10:51:58.505  2997  3550 W ActivityManager: Unbind failed: could not find connection for android.os.BinderProxy@33c3c5a
04-26 10:51:58.517  2997  3539 W ActivityManager: Unable to start service Intent { act=com.google.android.gms.ads.identifier.service.START pkg=com.google.android.gms } U=0: not found
04-26 10:51:58.518  2997  3520 W ActivityManager: Unbind failed: could not find connection for android.os.BinderProxy@2a54e8b
04-26 10:51:58.522  2997  3520 W ActivityManager: Unable to start service Intent { act=com.google.android.gms.ads.identifier.service.START pkg=com.google.android.gms } U=0: not found
04-26 10:51:58.523  2997  3230 W ActivityManager: Unbind failed: could not find connection for android.os.BinderProxy@8d2fb68
04-26 10:51:58.523 16100 16139 I AdsSdk_3006.6: productId:null
04-26 10:51:58.523 16100 16139 I AdsSdk_3006.6: channelId:null
04-26 10:51:58.524 16100 16139 I AdsSdk_3006.6: SDK
04-26 10:51:58.524 16100 16139 I AdsSdk_3006.6: finish to init analysis SDKfalse
04-26 10:51:58.616  2997  3616 W ActivityManager: Unable to start service Intent { act=com.google.android.gms.ads.identifier.service.START pkg=com.google.android.gms } U=0: not found
04-26 10:51:58.617  2997  3539 W ActivityManager: Unbind failed: could not find connection for android.os.BinderProxy@b906614
04-26 10:51:58.656 16100 16232 I System.out: dopost resutl: {"data":"{\"info\":\"ok\",\"status\":1}","info":"","stat":1}
04-26 10:51:58.656 16100 16232 I System.out: appid: 1021  activate sendTime: 0 status: 1  info: ok
04-26 10:51:58.656 16100 16233 I System.out: dopost resutl: {"data":"{\"info\":\"ok\",\"status\":1}","info":"","stat":1}
04-26 10:51:58.656 16100 16233 I System.out: eventId: event_1  custom status: 1  info: ok
04-26 10:51:59.162 16100 16115 W GooglePlayServicesUtil: Google Play Store is missing.
04-26 10:51:59.162 16100 16115 W FA      : Service invalid
04-26 10:51:59.176 16100 16115 I FA      : Tag Manager is not found and thus will not be used
04-26 10:51:59.238 16100 16115 I FA      : This instance being marked as an uploader
04-26 10:51:59.372 30780 30924 I AudioFlinger: thread 0xf2800000 type 0 TID 30924 going to sleep
04-26 10:51:59.585 16100 16100 I System.out: eventId: event_2
04-26 10:51:59.585 16100 16100 I System.out: timeStamp: 1556247119
04-26 10:51:59.585 16100 16100 I System.out: ad_monitor_url: https://hwsj-eu-test.clktec.com:20888/frontend/distribute
04-26 10:51:59.585 16100 16100 I System.out: custom url: https://hwsj-eu-test.clktec.com:20888/frontend/distribute/v1/custom_event
04-26 10:51:59.586 16100 16139 I Corona  : change update cdn url to: 	https://hwsj-res.clktec.com/updatetest/1.8/patchList.json?20190426131
04-26 10:51:59.588 16100 16246 I System.out: admonitor data: {"version":"1.8","app_id":"1021","act_id":"ad_trace_new","data":"{\"cp_app_id\":1021,\"ad_app_key\":\"3199536a745011e8a870025a896bb440\",\"retail_id\":2,\"event_id\":\"event_2\",\"event_name\":\"\",\"mac\":\"ffc834c3ae81f6e7be0e16c3b5d1888c\",\"user_agent\":\"Dalvik\\\/2.1.0 (Linux; U; Android 6.0.1; PRO 6 Plus Build\\\/MMB29T)\",\"ex_user_agent\":\"Mozilla\\\/5.0 (Linux; Android 6.0.1; PRO 6 Plus Build\\\/MMB29T; wv) AppleWebKit\\\/537.36 (KHTML, like Gecko) Version\\\/4.0 Chrome\\\/44.0.2403.146 Mobile Safari\\\/537.36\",\"device_id\":\"b271017024bee4e7\",\"os\":\"0\",\"timestamp\":1556247119,\"reserve1\":\"\",\"reserve2\":\"{\\\"deviceType\\\":\\\"android_id\\\"}\"}"}
04-26 10:51:59.680 16100 16115 W FA      : Callable skipped the worker queue.
04-26 10:51:59.817  2997  3169 E WifiStateMachine: calculateWifiScore not update currentConfiguration visibility
04-26 10:51:59.842 16100 16246 I System.out: dopost resutl: {"data":"{\"info\":\"ok\",\"status\":1}","info":"","stat":1}
04-26 10:51:59.842 16100 16246 I System.out: eventId: event_2  custom status: 1  info: ok
04-26 10:51:59.869 16100 16182 W GooglePlayServicesUtil: Google Play Store is missing.
04-26 10:51:59.881 16100 16182 W GooglePlayServicesUtil: Google Play Store is missing.
04-26 10:51:59.911 16100 16182 W GooglePlayServicesUtil: Google Play Store is missing.
04-26 10:52:00.413  2997  3015 I WindowManager: interceptKeyTq keycode=3 interactive=true keyguardActive=false policyFlags=2b000000 down =true canceled = false isWakeKey=false mVolumeDownKeyTriggered =false mVolumeUpKeyTriggered =false result = 1 useHapticFeedback = false isInjected = true result = 1
04-26 10:52:00.416  2997  3550 I WindowManager: interceptKeyTq keycode=3 interactive=true keyguardActive=false policyFlags=2b000000 down =false canceled = false isWakeKey=false mVolumeDownKeyTriggered =false mVolumeUpKeyTriggered =false result = 1 useHapticFeedback = false isInjected = true result = 1
04-26 10:52:00.416  2997  3150 I WindowManager: interceptKey home mDoubleTapOnHomeBehavior === 1
04-26 10:52:00.466  2997  2997 W SchedPolicy: add_tid_to_cgroup failed to write '27156' (Permission denied); fd=17
04-26 10:52:00.466  2997  2997 W ActivityManager: Failed setting process group of 27156 to -1
04-26 10:52:00.484  2997  3550 W SchedPolicy: add_tid_to_cgroup failed to write '27156' (Permission denied); fd=18
04-26 10:52:00.485  2997  3550 W ActivityManager: Failed setting process group of 27156 to 0
04-26 10:52:00.487  2997  3550 W JobServiceContext: verifyCallingUid. END
04-26 10:52:00.490  2997  2997 W JobServiceContext: closeAndCleanupJobH.com.meizu.flyme.wallet/com.eguan.monitor.fangzhou.service.MonitorJobService jId=2071111, u0
04-26 10:52:00.534  2997  3612 W ActivityManager: Unable to start service Intent { act=com.google.android.gms.ads.identifier.service.START pkg=com.google.android.gms } U=0: not found
04-26 10:52:00.545  2997  3612 W ActivityManager: Unbind failed: could not find connection for android.os.BinderProxy@710d12d
04-26 10:52:00.548 31669 31753 W UsageStats_UsageStatsProvider: getEventsCount :5
04-26 10:52:00.620  2997  3028 I ActivityManager: START u0 {act=android.intent.action.MAIN cat=[android.intent.category.HOME] flg=0x10200000 cmp=com.meizu.flyme.launcher/.Launcher (has extras)} from uid 1000 on display 0 from pid 2997 cloneId 0
04-26 10:52:00.718  2997  3537 I ActivityManager: START u0 {act=android.intent.action.MAIN cat=[android.intent.category.LAUNCHER] flg=0x10200000 cmp=com.dc.hwsj/.LuaActivity} from uid 2000 on display 0 from pid 16085 cloneId 0
04-26 10:52:00.728  2997  3473 I SensorHAL: Dev Active, handle: 1, name: Accelerometer Sensor, enable: 0.
04-26 10:52:00.728  2997  3473 I SensorHAL: SensorBase::Enable. name: Accelerometer Sensor, enable: 0
04-26 10:52:00.732  2997  3473 I SensorHAL: HWSensorBase::Enable, handle: 1, name: lsm6ds3_accel, enable: 0
04-26 10:52:00.742  2997  3527 I SensorHAL: Dev Batch, handle: 1, name: Accelerometer Sensor
04-26 10:52:00.743  2997  3527 I SensorHAL: Dev Active, handle: 1, name: Accelerometer Sensor, enable: 1.
04-26 10:52:00.743  2997  3527 I SensorHAL: SensorBase::Enable. name: Accelerometer Sensor, enable: 1
04-26 10:52:00.747  2997  3527 I SensorHAL: HWSensorBase::Enable, handle: 1, name: lsm6ds3_accel, enable: 1
04-26 10:52:00.771 31669 31753 W UsageStats_a: Exception : javax.net.ssl.SSLHandshakeException: com.android.org.bouncycastle.jce.exception.ExtCertPathValidatorException: Could not validate certificate: Certificate expired at Thu Aug 16 18:34:06 GMT+08:00 2018 (compared to Fri Apr 26 10:52:00 GMT+08:00 2019) - Cause: java.security.cert.CertificateException: com.android.org.bouncycastle.jce.exception.ExtCertPathValidatorException: Could not validate certificate: Certificate expired at Thu Aug 16 18:34:06 GMT+08:00 2018 (compared to Fri Apr 26 10:52:00 GMT+08:00 2019)
04-26 10:52:01.501 16100 16100 I System.out: eventId: event_39
04-26 10:52:01.501 16100 16100 I System.out: timeStamp: 1556247121
04-26 10:52:01.501 16100 16100 I System.out: ad_monitor_url: https://hwsj-eu-test.clktec.com:20888/frontend/distribute
04-26 10:52:01.501 16100 16100 I System.out: custom url: https://hwsj-eu-test.clktec.com:20888/frontend/distribute/v1/custom_event
04-26 10:52:01.502 16100 16262 I System.out: admonitor data: {"version":"1.8","app_id":"1021","act_id":"ad_trace_new","data":"{\"cp_app_id\":1021,\"ad_app_key\":\"3199536a745011e8a870025a896bb440\",\"retail_id\":2,\"event_id\":\"event_39\",\"event_name\":\"\",\"mac\":\"ffc834c3ae81f6e7be0e16c3b5d1888c\",\"user_agent\":\"Dalvik\\\/2.1.0 (Linux; U; Android 6.0.1; PRO 6 Plus Build\\\/MMB29T)\",\"ex_user_agent\":\"Mozilla\\\/5.0 (Linux; Android 6.0.1; PRO 6 Plus Build\\\/MMB29T; wv) AppleWebKit\\\/537.36 (KHTML, like Gecko) Version\\\/4.0 Chrome\\\/44.0.2403.146 Mobile Safari\\\/537.36\",\"device_id\":\"b271017024bee4e7\",\"os\":\"0\",\"timestamp\":1556247121,\"reserve1\":\"\",\"reserve2\":\"{\\\"deviceType\\\":\\\"android_id\\\"}\"}"}
04-26 10:52:01.508 16100 16139 I Corona  : savePatchList	{"showVersion":"1.8.01","subversion":1,"version":1.8,"localUpdateVersion":1.801}
04-26 10:52:01.512 16100 16139 I Corona  : createHashFile = 	36b2b463e9297175637d23cf2afcaa00e22b9cc2
04-26 10:52:01.514 16100 16139 I Corona  : verifyFile > try to read file = patcher/lastPCfghash
04-26 10:52:01.516 16100 16139 I Corona  : hashStr = 	36b2b463e9297175637d23cf2afcaa00e22b9cc2
04-26 10:52:01.516 16100 16139 I Corona  : realHash = 	36b2b463e9297175637d23cf2afcaa00e22b9cc2
04-26 10:52:01.516 16100 16139 I Corona  : patcher/lastPCfg==verifyFile true!
04-26 10:52:01.745 16100 16262 I System.out: dopost resutl: {"data":"{\"info\":\"ok\",\"status\":1}","info":"","stat":1}
04-26 10:52:01.745 16100 16262 I System.out: eventId: event_39  custom status: 1  info: ok
04-26 10:52:02.040 16100 16245 I art     : Starting a blocking GC Explicit
04-26 10:52:02.073 16100 16245 I art     : Explicit concurrent mark sweep GC freed 31150(1666KB) AllocSpace objects, 11(212KB) LOS objects, 12% free, 28MB/32MB, paused 2.153ms total 33.120ms
04-26 10:52:02.090 16100 16245 I art     : Starting a blocking GC Explicit
04-26 10:52:02.104 16100 16245 I art     : Explicit concurrent mark sweep GC freed 646(36KB) AllocSpace objects, 2(44KB) LOS objects, 12% free, 28MB/32MB, paused 404us total 14.420ms
04-26 10:52:02.115 16100 16245 I art     : Starting a blocking GC Explicit
04-26 10:52:02.129 16100 16245 I art     : Explicit concurrent mark sweep GC freed 195(10KB) AllocSpace objects, 0(0B) LOS objects, 12% free, 28MB/32MB, paused 383us total 13.692ms
04-26 10:52:02.140 16100 16245 I art     : Starting a blocking GC Explicit
04-26 10:52:02.153 16100 16245 I art     : Explicit concurrent mark sweep GC freed 7(288B) AllocSpace objects, 0(0B) LOS objects, 12% free, 28MB/32MB, paused 424us total 13.662ms
04-26 10:52:02.164 16100 16245 I art     : Starting a blocking GC Explicit
04-26 10:52:02.178 16100 16245 I art     : Explicit concurrent mark sweep GC freed 11(448B) AllocSpace objects, 0(0B) LOS objects, 12% free, 28MB/32MB, paused 411us total 13.896ms
04-26 10:52:02.822  2997  3169 E WifiStateMachine: calculateWifiScore not update currentConfiguration visibility
04-26 10:52:03.905 16100 16242 I AdsSdk_3006.6: productId:1000254
04-26 10:52:03.905 16100 16242 I AdsSdk_3006.6: channelId:32400
04-26 10:52:03.906 16100 16242 I AdsSdk_3006.6: SDK
04-26 10:52:03.910 16100 16282 I <ALY Android>_3201: xxx ==> dataDir: /sdcard/Android/data/com.dc.hwsj/files
04-26 10:52:03.910 16100 16242 I AdsSdk_3006.6: finish to init analysis SDKtrue
04-26 10:52:03.913 16100 16282 I <ALY Android>_3201: xxx ==> dataDir exist: false
04-26 10:52:03.972 16100 16284 I ====>xxx: getGaid, AdvertisingIdClient e:com.google.android.gms.common.GooglePlayServicesNotAvailableException
04-26 10:52:03.973 16100 16284 W System.err: com.google.android.gms.common.GooglePlayServicesNotAvailableException
04-26 10:52:03.973 16100 16284 W System.err: 	at com.google.android.gms.ads.identifier.AdvertisingIdClient.zzc(Unknown Source)
04-26 10:52:03.973 16100 16284 W System.err: 	at com.google.android.gms.ads.identifier.AdvertisingIdClient.start(Unknown Source)
04-26 10:52:03.973 16100 16284 W System.err: 	at com.google.android.gms.ads.identifier.AdvertisingIdClient.getAdvertisingIdInfo(Unknown Source)
04-26 10:52:03.973 16100 16284 W System.err: 	at com.up.ads.analysis.g.c.a(Unknown Source)
04-26 10:52:03.973 16100 16284 W System.err: 	at com.up.ads.analysis.g.e.m(Unknown Source)
04-26 10:52:03.973 16100 16284 W System.err: 	at com.up.ads.analysis.a.b.a.b(Unknown Source)
04-26 10:52:03.973 16100 16284 W System.err: 	at com.up.ads.analysis.a.b$a.run(Unknown Source)
04-26 10:52:03.973 16100 16284 W System.err: 	at java.util.concurrent.ThreadPoolExecutor.runWorker(ThreadPoolExecutor.java:1113)
04-26 10:52:03.973 16100 16284 W System.err: 	at java.util.concurrent.ThreadPoolExecutor$Worker.run(ThreadPoolExecutor.java:588)
04-26 10:52:03.973 16100 16284 W System.err: 	at java.lang.Thread.run(Thread.java:818)
04-26 10:52:03.975  2997  3550 W ActivityManager: Unable to start service Intent { act=com.google.android.gms.ads.identifier.service.START pkg=com.google.android.gms } U=0: not found
04-26 10:52:03.976 16100 16284 I <ALY Android>_3201: ====> xxx, gaid wait
04-26 10:52:04.048  2997  3589 W ActivityManager: Unable to start service Intent { act=com.google.android.gms.ads.identifier.service.START pkg=com.google.android.gms } U=0: not found
04-26 10:52:04.051  2997  3537 W ActivityManager: Unbind failed: could not find connection for android.os.BinderProxy@23cdc4f
04-26 10:52:04.061  2997  3528 W ActivityManager: Unable to start service Intent { act=com.google.android.gms.ads.identifier.service.START pkg=com.google.android.gms } U=0: not found
04-26 10:52:04.063  2997  3528 W ActivityManager: Unbind failed: could not find connection for android.os.BinderProxy@3240fdc
04-26 10:52:04.063 16100 16100 W GooglePlayServicesUtil: Google Play Store is missing.
04-26 10:52:04.067 16100 16100 E ActivityThread: Failed to find provider info for com.google.android.gms.chimera
04-26 10:52:04.069 16100 16100 W DynamiteModule: Failed to retrieve remote module version.
04-26 10:52:04.071  2997  3550 W ActivityManager: Unable to start service Intent { act=com.google.android.gms.ads.identifier.service.START pkg=com.google.android.gms } U=0: not found
04-26 10:52:04.072 16100 16100 W GooglePlayServicesUtil: Google Play Store is missing.
04-26 10:52:04.085  2997  3520 W ActivityManager: Unbind failed: could not find connection for android.os.BinderProxy@357f8e5
04-26 10:52:04.094 16100 16287 E UnityAds: com.unity3d.ads.misc.Utilities.readFile() (line:177) :: File did not exist or couldn't be read
04-26 10:52:04.095 16100 16287 E UnityAds: com.unity3d.ads.misc.Utilities.readFile() (line:177) :: File did not exist or couldn't be read
04-26 10:52:04.097 16100 16287 I UnityAds: com.unity3d.ads.UnityAds.initialize() (line:149) :: Initializing Unity Ads 2.2.1 (2201) with game id 2752400 in production mode
04-26 10:52:04.097  2997  3589 W ActivityManager: Unable to start service Intent { act=com.google.android.gms.ads.identifier.service.START pkg=com.google.android.gms } U=0: not found
04-26 10:52:04.098  2997  3612 W ActivityManager: Unbind failed: could not find connection for android.os.BinderProxy@68efba
04-26 10:52:04.100  2997  3015 W ActivityManager: Unable to start service Intent { act=com.google.android.gms.ads.identifier.service.START pkg=com.google.android.gms } U=0: not found
04-26 10:52:04.102  2997  3585 W ActivityManager: Unbind failed: could not find connection for android.os.BinderProxy@994ee6b
04-26 10:52:04.135 16100 16287 I UnityAds: com.unity3d.ads.UnityAds.initialize() (line:161) :: Unity Ads environment check OK
04-26 10:52:04.138  2997  3520 I AudioService: getMode mMode = 0
04-26 10:52:04.141 16100 16292 W GooglePlayServicesUtil: Google Play services is missing.
04-26 10:52:04.143 16100 16292 W GooglePlayServicesUtil: Google Play Store is missing.
04-26 10:52:04.162  2997  3014 W ActivityManager: Unable to start service Intent { act=com.google.android.gms.ads.identifier.service.START pkg=com.google.android.gms } U=0: not found
04-26 10:52:04.176 16100 16100 I Ads     : Starting ad request.
04-26 10:52:04.176 16100 16100 I Ads     : Use AdRequest.Builder.addTestDevice("BA2B524ABAC58887ED7AC512B0C3D79E") to get test ads on this device.
04-26 10:52:04.192 16311 16311 I dex2oat : dex2oat: configuration /data/data/
04-26 10:52:04.192 16311 16311 I dex2oat : dex2oat: configuration /data/user/
04-26 10:52:04.193 16311 16311 I dex2oat : /system/bin/dex2oat --compiler-filter=speed --dex-file=/data/user/0/com.dc.hwsj/cache/1505450608132.jar --oat-file=/data/user/0/com.dc.hwsj/cache/1505450608132.dex
04-26 10:52:04.199 16100 16318 W GooglePlayServicesUtil: Google Play Store is missing.
04-26 10:52:04.199 16100 16319 W GooglePlayServicesUtil: Google Play Store is missing.
04-26 10:52:04.201 14965 14965 I KEY-PinyinIME-180817-b: --->onKeyDown.keyCode=[21],event=[KeyEvent { action=ACTION_DOWN, keyCode=KEYCODE_DPAD_LEFT, scanCode=0, metaState=0, flags=0x400, repeatCount=0, eventTime=2593984790, downTime=2593984790, deviceId=-1, source=0x101 }]
04-26 10:52:04.201 14965 14965 I KEY-PinyinIME-180817-b: --->onKeyUp.keyCode=[21],event=[KeyEvent { action=ACTION_UP, keyCode=KEYCODE_DPAD_LEFT, scanCode=0, metaState=0, flags=0x400, repeatCount=0, eventTime=2593984790, downTime=2593984790, deviceId=-1, source=0x101 }]
04-26 10:52:04.201 14965 14965 I KEY-PinyinIME-180817-b: --->onKeyDown.keyCode=[21],event=[KeyEvent { action=ACTION_DOWN, keyCode=KEYCODE_DPAD_LEFT, scanCode=0, metaState=0, flags=0x400, repeatCount=0, eventTime=2593984791, downTime=2593984791, deviceId=-1, source=0x101 }]
04-26 10:52:04.202 14965 14965 I KEY-PinyinIME-180817-b: --->onKeyUp.keyCode=[21],event=[KeyEvent { action=ACTION_UP, keyCode=KEYCODE_DPAD_LEFT, scanCode=0, metaState=0, flags=0x400, repeatCount=0, eventTime=2593984791, downTime=2593984791, deviceId=-1, source=0x101 }]
04-26 10:52:04.202 14965 14965 I KEY-PinyinIME-180817-b: --->onKeyDown.keyCode=[21],event=[KeyEvent { action=ACTION_DOWN, keyCode=KEYCODE_DPAD_LEFT, scanCode=0, metaState=0, flags=0x400, repeatCount=0, eventTime=2593984791, downTime=2593984791, deviceId=-1, source=0x101 }]
04-26 10:52:04.202 14965 14965 I KEY-PinyinIME-180817-b: --->onKeyUp.keyCode=[21],event=[KeyEvent { action=ACTION_UP, keyCode=KEYCODE_DPAD_LEFT, scanCode=0, metaState=0, flags=0x400, repeatCount=0, eventTime=2593984791, downTime=2593984791, deviceId=-1, source=0x101 }]
04-26 10:52:04.202 14965 14965 I KEY-PinyinIME-180817-b: --->onKeyDown.keyCode=[21],event=[KeyEvent { action=ACTION_DOWN, keyCode=KEYCODE_DPAD_LEFT, scanCode=0, metaState=0, flags=0x400, repeatCount=0, eventTime=2593984791, downTime=2593984791, deviceId=-1, source=0x101 }]
04-26 10:52:04.202 14965 14965 I KEY-PinyinIME-180817-b: --->onKeyUp.keyCode=[21],event=[KeyEvent { action=ACTION_UP, keyCode=KEYCODE_DPAD_LEFT, scanCode=0, metaState=0, flags=0x400, repeatCount=0, eventTime=2593984791, downTime=2593984791, deviceId=-1, source=0x101 }]
04-26 10:52:04.204 16100 16319 W GooglePlayServicesUtil: Google Play Store is missing.
04-26 10:52:04.205 16100 16318 W GooglePlayServicesUtil: Google Play Store is missing.
04-26 10:52:04.216 16311 16311 I dex2oat : dex2oat took 24.166ms (threads: 8) arena alloc=0B java alloc=46KB native alloc=936KB free=855KB
04-26 10:52:04.229 16100 16310 I UnityAds: com.unity3d.ads.configuration.InitializeThread$InitializeStateConfig.execute() (line:235) :: Unity Ads init: load configuration from https://config.unityads.unity3d.com/webview/2.2.1/release/config.json
04-26 10:52:04.277 16100 16284 I ====>xxx: getGaid, AdvertisingIdClient e:com.google.android.gms.common.GooglePlayServicesNotAvailableException
04-26 10:52:04.277 16100 16284 W System.err: com.google.android.gms.common.GooglePlayServicesNotAvailableException
04-26 10:52:04.277 16100 16284 W System.err: 	at com.google.android.gms.ads.identifier.AdvertisingIdClient.zzc(Unknown Source)
04-26 10:52:04.277 16100 16284 W System.err: 	at com.google.android.gms.ads.identifier.AdvertisingIdClient.start(Unknown Source)
04-26 10:52:04.278 16100 16284 W System.err: 	at com.google.android.gms.ads.identifier.AdvertisingIdClient.getAdvertisingIdInfo(Unknown Source)
04-26 10:52:04.278 16100 16284 W System.err: 	at com.up.ads.analysis.g.c.a(Unknown Source)
04-26 10:52:04.278 16100 16284 W System.err: 	at com.up.ads.analysis.g.e.m(Unknown Source)
04-26 10:52:04.278 16100 16284 W System.err: 	at com.up.ads.analysis.a.b.a.b(Unknown Source)
04-26 10:52:04.278 16100 16284 W System.err: 	at com.up.ads.analysis.a.b$a.run(Unknown Source)
04-26 10:52:04.278 16100 16284 W System.err: 	at java.util.concurrent.ThreadPoolExecutor.runWorker(ThreadPoolExecutor.java:1113)
04-26 10:52:04.278 16100 16284 W System.err: 	at java.util.concurrent.ThreadPoolExecutor$Worker.run(ThreadPoolExecutor.java:588)
04-26 10:52:04.278 16100 16284 W System.err: 	at java.lang.Thread.run(Thread.java:818)
04-26 10:52:04.279  2997  3539 W ActivityManager: Unable to start service Intent { act=com.google.android.gms.ads.identifier.service.START pkg=com.google.android.gms } U=0: not found
04-26 10:52:04.528 16100 16310 I UnityAds: com.unity3d.ads.configuration.InitializeThread$InitializeStateLoadWeb.execute() (line:312) :: Unity Ads init: loading webapp from https://webview.unityads.unity3d.com/webview/2.2.1/ace8928e537df2c6c209e9e897d77182188aa8b1/release/index.html
04-26 10:52:04.652  2997  3149 W SchedPolicy: add_tid_to_cgroup failed to write '15727' (Permission denied); fd=17
04-26 10:52:04.653  2997  3149 W ActivityManager: Failed setting process group of 15727 to -1
04-26 10:52:04.658  2997  3539 W SchedPolicy: add_tid_to_cgroup failed to write '15727' (Permission denied); fd=18
04-26 10:52:04.658  2997  3539 W ActivityManager: Failed setting process group of 15727 to 0
04-26 10:52:04.671  2997  2997 W SchedPolicy: add_tid_to_cgroup failed to write '27156' (Permission denied); fd=17
04-26 10:52:04.671  2997  2997 W ActivityManager: Failed setting process group of 27156 to -1
04-26 10:52:04.675  2997  3539 W SchedPolicy: add_tid_to_cgroup failed to write '27156' (Permission denied); fd=18
04-26 10:52:04.675  2997  3539 W ActivityManager: Failed setting process group of 27156 to 0
04-26 10:52:04.681  2997  3527 W JobServiceContext: verifyCallingUid. END
04-26 10:52:04.686  2997  2997 W JobServiceContext: closeAndCleanupJobH.com.meizu.flyme.wallet/com.eguan.monitor.fangzhou.service.MonitorJobService jId=2071111, u0
04-26 10:52:04.843  2997  3528 I AudioService: getMode mMode = 0
04-26 10:52:04.873 16100 16100 I chromium: [INFO:synchronous_compositor_impl.cc(111)] [SynchronousCompositorImpl::SetClient] [0xd26bd140]
04-26 10:52:04.876 16100 16100 W chromium: [WARNING:password_handler.cc(33)] create-->contents = 0xd270f100, delegate = 0xe8f8e160
04-26 10:52:04.877 16100 16100 W chromium: [WARNING:password_handler.cc(41)] attaching to web_contents 
04-26 10:52:04.877 16100 16100 W AwContents: onDetachedFromWindow called when already detached. Ignoring
04-26 10:52:04.885 16100 16100 E ContentSettingsAdapter: Content Settings method for save password: false
04-26 10:52:04.897 16100 16100 W WebViewChromium: [doesSupportFullscreen] add className : com.google.android.gms.internal.zzaor, isSupport : true
04-26 10:52:04.917 16100 16344 I chromium: [INFO:sys_info_android.cc(235)] ProcessName=[com.dc.hwsj]
04-26 10:52:04.941 16100 16344 I chromium: [INFO:SkFontConfigParser_android.cpp(301)] [SkFontConfigParser] /system/etc/fonts.xml:104:4: warning: 'DINPro' alias target not found
04-26 10:52:04.941 16100 16344 I chromium: 
04-26 10:52:04.941 16100 16344 I chromium: [INFO:SkFontConfigParser_android.cpp(301)] [SkFontConfigParser] /system/etc/fonts.xml:105:4: warning: 'DINPro' alias target not found
04-26 10:52:04.941 16100 16344 I chromium: 
04-26 10:52:04.941 16100 16344 I chromium: [INFO:SkFontConfigParser_android.cpp(301)] [SkFontConfigParser] /system/etc/fonts.xml:106:4: warning: 'DINPro' alias target not found
04-26 10:52:04.941 16100 16344 I chromium: 
04-26 10:52:04.960 16100 16344 I chromium: [INFO:SkFontConfigParser_android.cpp(301)] [SkFontConfigParser] /system/etc/fonts.xml:104:4: warning: 'DINPro' alias target not found
04-26 10:52:04.960 16100 16344 I chromium: 
04-26 10:52:04.961 16100 16344 I chromium: [INFO:SkFontConfigParser_android.cpp(301)] [SkFontConfigParser] /system/etc/fonts.xml:105:4: warning: 'DINPro' alias target not found
04-26 10:52:04.961 16100 16344 I chromium: 
04-26 10:52:04.961 16100 16344 I chromium: [INFO:SkFontConfigParser_android.cpp(301)] [SkFontConfigParser] /system/etc/fonts.xml:106:4: warning: 'DINPro' alias target not found
04-26 10:52:04.961 16100 16344 I chromium: 
04-26 10:52:04.977 30780  8165 I audio_hw_primary: adev_set_parameters(): kvpairs: mediaserver_monitor=1
04-26 10:52:04.977 30780  8165 I audio_hw_hwvolume: parse_hw_volume_parameters(): kvpairs: mediaserver_monitor=1
04-26 10:52:05.003 16100 16100 I chromium: [INFO:synchronous_compositor_impl.cc(453)] [RegisterProgressCheckCallback] chromium.skipbeginmainframe=[] enable=[0]
04-26 10:52:05.067 14965 14965 I KEY-PinyinIME-180817-b: --->onKeyDown.keyCode=[20],event=[KeyEvent { action=ACTION_DOWN, keyCode=KEYCODE_DPAD_DOWN, scanCode=0, metaState=0, flags=0x400, repeatCount=0, eventTime=2593985656, downTime=2593985656, deviceId=-1, source=0x101 }]
04-26 10:52:05.067 14965 14965 I KEY-PinyinIME-180817-b: --->onKeyUp.keyCode=[20],event=[KeyEvent { action=ACTION_UP, keyCode=KEYCODE_DPAD_DOWN, scanCode=0, metaState=0, flags=0x400, repeatCount=0, eventTime=2593985656, downTime=2593985656, deviceId=-1, source=0x101 }]
04-26 10:52:05.067 14965 14965 I KEY-PinyinIME-180817-b: --->onKeyDown.keyCode=[20],event=[KeyEvent { action=ACTION_DOWN, keyCode=KEYCODE_DPAD_DOWN, scanCode=0, metaState=0, flags=0x400, repeatCount=0, eventTime=2593985656, downTime=2593985656, deviceId=-1, source=0x101 }]
04-26 10:52:05.068 14965 14965 I KEY-PinyinIME-180817-b: --->onKeyUp.keyCode=[20],event=[KeyEvent { action=ACTION_UP, keyCode=KEYCODE_DPAD_DOWN, scanCode=0, metaState=0, flags=0x400, repeatCount=0, eventTime=2593985656, downTime=2593985656, deviceId=-1, source=0x101 }]
04-26 10:52:05.085 14965 14965 I KEY-PinyinIME-180817-b: --->onKeyDown.keyCode=[21],event=[KeyEvent { action=ACTION_DOWN, keyCode=KEYCODE_DPAD_LEFT, scanCode=0, metaState=0, flags=0x400, repeatCount=0, eventTime=2593985675, downTime=2593985675, deviceId=-1, source=0x101 }]
04-26 10:52:05.086 14965 14965 I KEY-PinyinIME-180817-b: --->onKeyDown.keyCode=[21],event=[KeyEvent { action=ACTION_DOWN, keyCode=KEYCODE_DPAD_LEFT, scanCode=0, metaState=0, flags=0x400, repeatCount=0, eventTime=2593985675, downTime=2593985675, deviceId=-1, source=0x101 }]
04-26 10:52:05.086 14965 14965 I KEY-PinyinIME-180817-b: --->onKeyUp.keyCode=[21],event=[KeyEvent { action=ACTION_UP, keyCode=KEYCODE_DPAD_LEFT, scanCode=0, metaState=0, flags=0x400, repeatCount=0, eventTime=2593985675, downTime=2593985675, deviceId=-1, source=0x101 }]
04-26 10:52:05.086 14965 14965 I KEY-PinyinIME-180817-b: --->onKeyDown.keyCode=[21],event=[KeyEvent { action=ACTION_DOWN, keyCode=KEYCODE_DPAD_LEFT, scanCode=0, metaState=0, flags=0x400, repeatCount=0, eventTime=2593985675, downTime=2593985675, deviceId=-1, source=0x101 }]
04-26 10:52:05.086 14965 14965 I KEY-PinyinIME-180817-b: --->onKeyUp.keyCode=[21],event=[KeyEvent { action=ACTION_UP, keyCode=KEYCODE_DPAD_LEFT, scanCode=0, metaState=0, flags=0x400, repeatCount=0, eventTime=2593985675, downTime=2593985675, deviceId=-1, source=0x101 }]
04-26 10:52:05.086 14965 14965 I KEY-PinyinIME-180817-b: --->onKeyDown.keyCode=[21],event=[KeyEvent { action=ACTION_DOWN, keyCode=KEYCODE_DPAD_LEFT, scanCode=0, metaState=0, flags=0x400, repeatCount=0, eventTime=2593985675, downTime=2593985675, deviceId=-1, source=0x101 }]
04-26 10:52:05.087 14965 14965 I KEY-PinyinIME-180817-b: --->onKeyUp.keyCode=[21],event=[KeyEvent { action=ACTION_UP, keyCode=KEYCODE_DPAD_LEFT, scanCode=0, metaState=0, flags=0x400, repeatCount=0, eventTime=2593985675, downTime=2593985675, deviceId=-1, source=0x101 }]
04-26 10:52:05.601 16100 16170 I chromium: [INFO:mime_util.cc(161)] calling IsSupportedNonImageMimeType
04-26 10:52:05.607 16100 16344 I chromium: [INFO:mime_util.cc(161)] calling IsSupportedNonImageMimeType
04-26 10:52:05.614 16100 16100 W BindingManager: Cannot call determinedVisibility() - never saw a connection for the pid: 16100
04-26 10:52:05.792  2997  3585 E SensorHAL: SensorBase::FlushData name: Accelerometer Sensor, meta_data.sensor: 1
04-26 10:52:05.792  2997  3585 I SensorHAL: Dev Flush, handle: 1, name: Accelerometer Sensor, ret: 0
04-26 10:52:05.792  2997  3143 I SensorHAL: push flush event, handle: 1
04-26 10:52:05.796  2997  3527 I SensorHAL: Dev Batch, handle: 2, name: Gyroscope Sensor
04-26 10:52:05.796  2997  3527 I SensorHAL: Dev Active, handle: 2, name: Gyroscope Sensor, enable: 1.
04-26 10:52:05.796  2997  3527 I SensorHAL: SensorBase::Enable. name: Gyroscope Sensor, enable: 1
04-26 10:52:05.796  2997  3527 I SensorHAL: SensorBase::Enable. name: Accelerometer Sensor, enable: 1
04-26 10:52:05.796  2997  3527 I SensorHAL: HWSensorBase::Enable, handle: 2, name: lsm6ds3_accel, enable: 1
04-26 10:52:05.800  2997  3527 I SensorHAL: HWSensorBase::Enable, handle: 2, name: lsm6ds3_gyro, enable: 1
04-26 10:52:05.829  2997  3169 E WifiStateMachine: calculateWifiScore not update currentConfiguration visibility
04-26 10:52:05.853  2997  3612 I SensorHAL: Dev Batch, handle: 1, name: Accelerometer Sensor
04-26 10:52:05.891 16100 16235 E ActivityThread: Failed to find provider info for com.facebook.katana.provider.AttributionIdProvider
04-26 10:52:05.894 16100 16235 W GooglePlayServicesUtil: Google Play Store is missing.
04-26 10:52:05.898  2997  3230 W ActivityManager: Unable to start service Intent { act=com.google.android.gms.ads.identifier.service.START pkg=com.google.android.gms } U=0: not found
04-26 10:52:05.918  2997  3528 E SensorHAL: SensorBase::FlushData name: Accelerometer Sensor, meta_data.sensor: 1
04-26 10:52:05.918  2997  3143 I SensorHAL: push flush event, handle: 1
04-26 10:52:05.918  2997  3528 I SensorHAL: Dev Flush, handle: 1, name: Accelerometer Sensor, ret: 0
04-26 10:52:05.927  2997  3550 I SensorHAL: Dev Batch, handle: 1, name: Accelerometer Sensor
04-26 10:52:05.941  2997  3550 E SensorHAL: SensorBase::FlushData name: Accelerometer Sensor, meta_data.sensor: 1
04-26 10:52:05.941  2997  3550 I SensorHAL: Dev Flush, handle: 1, name: Accelerometer Sensor, ret: 0
04-26 10:52:05.942  2997  3143 I SensorHAL: push flush event, handle: 1
04-26 10:52:05.943 16100 16359 E ActivityThread: Failed to find provider info for com.facebook.katana.provider.AttributionIdProvider
04-26 10:52:05.945 16100 16359 W GooglePlayServicesUtil: Google Play Store is missing.
04-26 10:52:05.946  2997  3520 W ActivityManager: Unable to start service Intent { act=com.google.android.gms.ads.identifier.service.START pkg=com.google.android.gms } U=0: not found
04-26 10:52:05.970  2997  3015 I SensorHAL: Dev Batch, handle: 1, name: Accelerometer Sensor
04-26 10:52:05.974 16100 16359 E ActivityThread: Failed to find provider info for com.facebook.katana.provider.AttributionIdProvider
04-26 10:52:05.992 16100 16359 W GooglePlayServicesUtil: Google Play Store is missing.
04-26 10:52:05.994  2997  3014 W ActivityManager: Unable to start service Intent { act=com.google.android.gms.ads.identifier.service.START pkg=com.google.android.gms } U=0: not found
04-26 10:52:06.019  2997  3028 I SensorHAL: Dev Batch, handle: 1, name: Accelerometer Sensor
04-26 10:52:06.020  2997  3028 E SensorHAL: SensorBase::FlushData name: Accelerometer Sensor, meta_data.sensor: 1
04-26 10:52:06.020  2997  3143 I SensorHAL: push flush event, handle: 1
04-26 10:52:06.020  2997  3028 I SensorHAL: Dev Flush, handle: 1, name: Accelerometer Sensor, ret: 0
04-26 10:52:06.043 16085 16085 I art     : System.exit called, status: 0
04-26 10:52:06.043 16085 16085 I AndroidRuntime: VM exiting with result code 0.
04-26 10:52:06.079  2997  3015 I SensorHAL: Dev Active, handle: 2, name: Gyroscope Sensor, enable: 0.
04-26 10:52:06.079  2997  3015 I SensorHAL: SensorBase::Enable. name: Gyroscope Sensor, enable: 0
04-26 10:52:06.079  2997  3015 I SensorHAL: SensorBase::Enable. name: Accelerometer Sensor, enable: 0
04-26 10:52:06.080  2997  3015 I SensorHAL: HWSensorBase::Enable, handle: 2, name: lsm6ds3_accel, enable: 0
04-26 10:52:06.087  2997  3015 I SensorHAL: HWSensorBase::Enable, handle: 2, name: lsm6ds3_gyro, enable: 0
04-26 10:52:06.344  2997  3014 W ActivityManager: Unable to start service Intent { act=com.google.android.gms.ads.identifier.service.START pkg=com.google.android.gms } U=0: not found
04-26 10:52:06.345  2997  3550 W ActivityManager: Unbind failed: could not find connection for android.os.BinderProxy@c354dc2
04-26 10:52:07.103 16100 16361 W System.err: java.net.ConnectException: failed to connect to graph.facebook.com/69.63.176.143 (port 443): connect failed: ECONNREFUSED (Connection refused)
04-26 10:52:07.104 16100 16361 W System.err: 	at libcore.io.IoBridge.connect(IoBridge.java:130)
04-26 10:52:07.104 16100 16361 W System.err: 	at java.net.PlainSocketImpl.connect(PlainSocketImpl.java:183)
04-26 10:52:07.104 16100 16361 W System.err: 	at java.net.PlainSocketImpl.connect(PlainSocketImpl.java:452)
04-26 10:52:07.104 16100 16361 W System.err: 	at java.net.Socket.connect(Socket.java:902)
04-26 10:52:07.104 16100 16361 W System.err: 	at com.android.okhttp.internal.Platform.connectSocket(Platform.java:117)
04-26 10:52:07.104 16100 16361 W System.err: 	at com.android.okhttp.internal.http.SocketConnector.connectRawSocket(SocketConnector.java:160)
04-26 10:52:07.104 16100 16361 W System.err: 	at com.android.okhttp.internal.http.SocketConnector.connectTls(SocketConnector.java:79)
04-26 10:52:07.104 16100 16361 W System.err: 	at com.android.okhttp.Connection.connect(Connection.java:143)
04-26 10:52:07.104 16100 16361 W System.err: 	at com.android.okhttp.Connection.connectAndSetOwner(Connection.java:185)
04-26 10:52:07.104 16100 16361 W System.err: 	at com.android.okhttp.OkHttpClient$1.connectAndSetOwner(OkHttpClient.java:128)
04-26 10:52:07.104 16100 16361 W System.err: 	at com.android.okhttp.internal.http.HttpEngine.nextConnection(HttpEngine.java:341)
04-26 10:52:07.104 16100 16361 W System.err: 	at com.android.okhttp.internal.http.HttpEngine.connect(HttpEngine.java:330)
04-26 10:52:07.104 16100 16361 W System.err: 	at com.android.okhttp.internal.http.HttpEngine.sendRequest(HttpEngine.java:248)
04-26 10:52:07.104 16100 16361 W System.err: 	at com.android.okhttp.internal.huc.HttpURLConnectionImpl.execute(HttpURLConnectionImpl.java:437)
04-26 10:52:07.104 16100 16361 W System.err: 	at com.android.okhttp.internal.huc.HttpURLConnectionImpl.connect(HttpURLConnectionImpl.java:114)
04-26 10:52:07.104 16100 16361 W System.err: 	at com.android.okhttp.internal.huc.DelegatingHttpsURLConnection.connect(DelegatingHttpsURLConnection.java:89)
04-26 10:52:07.104 16100 16361 W System.err: 	at com.android.okhttp.internal.huc.HttpsURLConnectionImpl.connect(HttpsURLConnectionImpl.java)
04-26 10:52:07.104 16100 16361 W System.err: 	at com.facebook.ads.internal.p.a.a.a(Unknown Source)
04-26 10:52:07.104 16100 16361 W System.err: 	at com.facebook.ads.internal.p.a.a.a(Unknown Source)
04-26 10:52:07.104 16100 16361 W System.err: 	at com.facebook.ads.internal.p.a.h.a(Unknown Source)
04-26 10:52:07.104 16100 16361 W System.err: 	at com.facebook.ads.internal.p.a.h.doInBackground(Unknown Source)
04-26 10:52:07.104 16100 16361 W System.err: 	at android.os.AsyncTask$2.call(AsyncTask.java:295)
04-26 10:52:07.104 16100 16361 W System.err: 	at java.util.concurrent.FutureTask.run(FutureTask.java:237)
04-26 10:52:07.104 16100 16361 W System.err: 	at java.util.concurrent.ThreadPoolExecutor.runWorker(ThreadPoolExecutor.java:1113)
04-26 10:52:07.104 16100 16361 W System.err: 	at java.util.concurrent.ThreadPoolExecutor$Worker.run(ThreadPoolExecutor.java:588)
04-26 10:52:07.104 16100 16361 W System.err: 	at java.lang.Thread.run(Thread.java:818)
04-26 10:52:07.104 16100 16361 W System.err: Caused by: android.system.ErrnoException: connect failed: ECONNREFUSED (Connection refused)
04-26 10:52:07.104 16100 16361 W System.err: 	at libcore.io.Posix.connect(Native Method)
04-26 10:52:07.104 16100 16361 W System.err: 	at libcore.io.BlockGuardOs.connect(BlockGuardOs.java:111)
04-26 10:52:07.104 16100 16361 W System.err: 	at libcore.io.IoBridge.connectErrno(IoBridge.java:143)
04