04-26 10:50:45.014 17910 15641 W System.err: 	at rx.Observable$2.call(Observable.java:154)
04-26 10:50:45.014 17910 15641 W System.err: 	at rx.Observable$2.call(Observable.java:162)
04-26 10:50:45.014 17910 15641 W System.err: 	at rx.Observable$2.call(Observable.java:154)
04-26 10:50:45.014 17910 15641 W System.err: 	at rx.Observable$2.call(Observable.java:162)
04-26 10:50:45.014 17910 15641 W System.err: 	at rx.Observable$2.call(Observable.java:154)
04-26 10:50:45.014 17910 15641 W System.err: 	at rx.Observable$2.call(Observable.java:162)
04-26 10:50:45.014 17910 15641 W System.err: 	at rx.Observable$2.call(Observable.java:154)
04-26 10:50:45.014 17910 15641 W System.err: 	at rx.Observable$2.call(Observable.java:162)
04-26 10:50:45.014 17910 15641 W System.err: 	at rx.Observable$2.call(Observable.java:154)
04-26 10:50:45.014 17910 15641 W System.err: 	at rx.Observable$2.call(Observable.java:162)
04-26 10:50:45.014 17910 15641 W System.err: 	at rx.Observable$2.call(Observable.java:154)
04-26 10:50:45.014 17910 15641 W System.err: 	at rx.Observable$2.call(Observable.java:162)
04-26 10:50:45.014 17910 15641 W System.err: 	at rx.Observable$2.call(Observable.java:154)
04-26 10:50:45.014 17910 15641 W System.err: 	at rx.Observable$2.call(Observable.java:162)
04-26 10:50:45.014 17910 15641 W System.err: 	at rx.Observable$2.call(Observable.java:154)
04-26 10:50:45.014 17910 15641 W System.err: 	at rx.Observable$2.call(Observable.java:162)
04-26 10:50:45.014 17910 15641 W System.err: 	at rx.Observable$2.call(Observable.java:154)
04-26 10:50:45.014 17910 15641 W System.err: 	at rx.Observable$2.call(Observable.java:162)
04-26 10:50:45.014 17910 15641 W System.err: 	at rx.Observable$2.call(Observable.java:154)
04-26 10:50:45.014 17910 15641 W System.err: 	at rx.Observable$2.call(Observable.java:162)
04-26 10:50:45.014 17910 15641 W System.err: 	at rx.Observable$2.call(Observable.java:154)
04-26 10:50:45.014 17910 15641 W System.err: 	at rx.Observable.unsafeSubscribe(Observable.java:8098)
04-26 10:50:45.014 17910 15641 W System.err: 	at rx.internal.operators.OnSubscribeRedo$2.call(OnSubscribeRedo.java:278)
04-26 10:50:45.014 17910 15641 W System.err: 	at rx.schedulers.TrampolineScheduler$InnerCurrentThreadScheduler.enqueue(TrampolineScheduler.java:77)
04-26 10:50:45.014 17910 15641 W System.err: 	at rx.schedulers.TrampolineScheduler$InnerCurrentThreadScheduler.schedule(TrampolineScheduler.java:56)
04-26 10:50:45.014 17910 15641 W System.err: 	at rx.internal.operators.OnSubscribeRedo$4$1.onNext(OnSubscribeRedo.java:341)
04-26 10:50:45.014 17910 15641 W System.err: 	at rx.internal.operators.OperatorMerge$MergeSubscriber.emitScalar(OperatorMerge.java:365)
04-26 10:50:45.014 17910 15641 W System.err: 	at rx.internal.operators.OperatorMerge$MergeSubscriber.tryEmit(OperatorMerge.java:327)
04-26 10:50:45.015 17910 15641 W System.err: 	at rx.internal.operators.OperatorMerge$InnerSubscriber.onNext(OperatorMerge.java:804)
04-26 10:50:45.015 17910 15641 W System.err: 	at rx.internal.operators.OnSubscribeTimerOnce$1.call(OnSubscribeTimerOnce.java:49)
04-26 10:50:45.015 17910 15641 W System.err: 	at rx.internal.schedulers.ScheduledAction.run(ScheduledAction.java:55)
04-26 10:50:45.015 17910 15641 W System.err: 	at java.util.concurrent.Executors$RunnableAdapter.call(Executors.java:423)
04-26 10:50:45.015 17910 15641 W System.err: 	at java.util.concurrent.FutureTask.run(FutureTask.java:237)
04-26 10:50:45.015 17910 15641 W System.err: 	at java.util.concurrent.ScheduledThreadPoolExecutor$ScheduledFutureTask.run(ScheduledThreadPoolExecutor.java:269)
04-26 10:50:45.015 17910 15641 W System.err: 	at java.util.concurrent.ThreadPoolExecutor.runWorker(ThreadPoolExecutor.java:1113)
04-26 10:50:45.015 17910 15641 W System.err: 	at java.util.concurrent.ThreadPoolExecutor$Worker.run(ThreadPoolExecutor.java:588)
04-26 10:50:45.015 17910 15641 W System.err: 	at java.lang.Thread.run(Thread.java:818)
04-26 10:50:45.015 17910 15641 W System.err: Caused by: android.system.GaiException: android_getaddrinfo failed: EAI_NODATA (No address associated with hostname)
04-26 10:50:45.015 17910 15641 W System.err: 	at libcore.io.Posix.android_getaddrinfo(Native Method)
04-26 10:50:45.015 17910 15641 W System.err: 	at libcore.io.ForwardingOs.android_getaddrinfo(ForwardingOs.java:55)
04-26 10:50:45.015 17910 15641 W System.err: 	at java.net.InetAddress.lookupHostByName(InetAddress.java:458)
04-26 10:50:45.015 17910 15641 W System.err: 	... 75 more
04-26 10:50:46.935  2997  2997 W SchedPolicy: add_tid_to_cgroup failed to write '27156' (Permission denied); fd=17
04-26 10:50:46.936  2997  2997 W ActivityManager: Failed setting process group of 27156 to -1
04-26 10:50:46.940  2997  3014 W SchedPolicy: add_tid_to_cgroup failed to write '27156' (Permission denied); fd=18
04-26 10:50:46.940  2997  3014 W ActivityManager: Failed setting process group of 27156 to 0
04-26 10:50:46.941  2997  3520 W JobServiceContext: verifyCallingUid. END
04-26 10:50:46.943  2997  2997 W JobServiceContext: closeAndCleanupJobH.com.meizu.flyme.wallet/com.eguan.monitor.fangzhou.service.MonitorJobService jId=2071111, u0
04-26 10:50:47.645  2997  3169 E WifiStateMachine: calculateWifiScore not update currentConfiguration visibility
04-26 10:50:49.181  2652  2652 W Zygote  : Unable to set zygote scheduler boost
04-26 10:50:49.187  2652  2652 W Zygote  : Unable to set zygote scheduler boost
04-26 10:50:49.191  2997  3015 I ActivityManager: Start proc 15884:com.meizu.account/u0a62 for content provider com.meizu.account/.database.AccountContentProvider
04-26 10:50:49.191 15884 15884 W Zygote  : mz_is_rooted true
04-26 10:50:49.205  2997  3612 W SchedPolicy: add_tid_to_cgroup failed to write '15884' (Permission denied); fd=18
04-26 10:50:49.205  2997  3612 W ActivityManager: Failed setting process group of 15884 to 0
04-26 10:50:49.231 15884 15884 I MultiDex: VM with version 2.1.0 has multidex support
04-26 10:50:49.231 15884 15884 I MultiDex: install
04-26 10:50:49.231 15884 15884 I MultiDex: VM has multidex support, MultiDex support library is disabled.
04-26 10:50:49.693  5782 15661 E SubmitUtil: submit onError:HTTP 401 Unauthorized
04-26 10:50:50.651  2997  3169 E WifiStateMachine: calculateWifiScore not update currentConfiguration visibility
04-26 10:50:51.951  2997  2997 W SchedPolicy: add_tid_to_cgroup failed to write '27156' (Permission denied); fd=17
04-26 10:50:51.952  2997  2997 W ActivityManager: Failed setting process group of 27156 to -1
04-26 10:50:51.957  2997  3527 W SchedPolicy: add_tid_to_cgroup failed to write '27156' (Permission denied); fd=18
04-26 10:50:51.957  2997  3527 W ActivityManager: Failed setting process group of 27156 to 0
04-26 10:50:51.958  2997  3616 W JobServiceContext: verifyCallingUid. END
04-26 10:50:51.959  2997  2997 W JobServiceContext: closeAndCleanupJobH.com.meizu.flyme.wallet/com.eguan.monitor.fangzhou.service.MonitorJobService jId=2071111, u0
04-26 10:50:53.658  2997  3169 E WifiStateMachine: calculateWifiScore not update currentConfiguration visibility
04-26 10:50:54.807 15919 15919 I kd      : type=1400 audit(0.0:136973): avc: denied { connectto } for path=00636F6D2E6B696E67726F6F742E6B696E67757365722E scontext=u:r:untrusted_app:s0:c512,c768 tcontext=u:r:init:s0 tclass=unix_stream_socket permissive=1
04-26 10:50:54.807 15923 15923 I kd      : type=1400 audit(0.0:136974): avc: denied { read } for dev="pipefs" ino=11359139 scontext=u:r:init:s0 tcontext=u:r:untrusted_app:s0:c512,c768 tclass=fifo_file permissive=1
04-26 10:50:54.807 15923 15923 I kd      : type=1400 audit(0.0:136975): avc: denied { open } for path="pipe:[11359139]" dev="pipefs" ino=11359139 scontext=u:r:init:s0 tcontext=u:r:untrusted_app:s0:c512,c768 tclass=fifo_file permissive=1
04-26 10:50:54.807 15923 15923 I kd      : type=1400 audit(0.0:136976): avc: denied { write } for dev="pipefs" ino=11359140 scontext=u:r:init:s0 tcontext=u:r:untrusted_app:s0:c512,c768 tclass=fifo_file permissive=1
04-26 10:50:54.817 15923 15923 I kd      : type=1400 audit(0.0:136977): avc: denied { execute } for name="rt.sh" dev="tmpfs" ino=12327 scontext=u:r:init:s0 tcontext=u:object_r:device:s0 tclass=file permissive=1
04-26 10:50:54.817 15923 15923 I kd      : type=1400 audit(0.0:136978): avc: denied { execute_no_trans } for path="/dev/rt.sh" dev="tmpfs" ino=12327 scontext=u:r:init:s0 tcontext=u:object_r:device:s0 tclass=file permissive=1
04-26 10:50:54.817 15923 15923 I rt.sh   : type=1400 audit(0.0:136979): avc: denied { getattr } for path="pipe:[11359139]" dev="pipefs" ino=11359139 scontext=u:r:init:s0 tcontext=u:r:untrusted_app:s0:c512,c768 tclass=fifo_file permissive=1
04-26 10:50:54.817 15923 15923 I rt.sh   : type=1400 audit(0.0:136980): avc: denied { ioctl } for path="pipe:[11359139]" dev="pipefs" ino=11359139 ioctlcmd=5401 scontext=u:r:init:s0 tcontext=u:r:untrusted_app:s0:c512,c768 tclass=fifo_file permissive=1
04-26 10:50:54.887 15927 15927 I rm      : type=1400 audit(0.0:136981): avc: denied { search } for name="com.kingroot.kinguser" dev="dm-0" ino=213164 scontext=u:r:toolbox:s0 tcontext=u:object_r:app_data_file:s0:c512,c768 tclass=dir permissive=1
04-26 10:50:54.887 15927 15927 I rm      : type=1400 audit(0.0:136982): avc: denied { search } for name="cache" dev="dm-0" ino=213179 scontext=u:r:toolbox:s0 tcontext=u:object_r:app_data_file:s0 tclass=dir permissive=1
04-26 10:50:54.971 30780  8165 I audio_hw_primary: adev_set_parameters(): kvpairs: mediaserver_monitor=1
04-26 10:50:54.971 30780  8165 I audio_hw_hwvolume: parse_hw_volume_parameters(): kvpairs: mediaserver_monitor=1
04-26 10:50:55.345  5782  5821 I update_UpdateChecker: organizeCheckAppsData:[{"package_name":"com.dc.hwsj","version_code":180101,"version_md5":"669ac4a565fc40fffb679418a33f2077"}]
04-26 10:50:56.663  2997  3169 E WifiStateMachine: calculateWifiScore not update currentConfiguration visibility
04-26 10:50:56.964  2997  2997 W SchedPolicy: add_tid_to_cgroup failed to write '27156' (Permission denied); fd=17
04-26 10:50:56.964  2997  2997 W ActivityManager: Failed setting process group of 27156 to -1
04-26 10:50:56.969  2997  3520 W SchedPolicy: add_tid_to_cgroup failed to write '27156' (Permission denied); fd=18
04-26 10:50:56.969  2997  3520 W ActivityManager: Failed setting process group of 27156 to 0
04-26 10:50:56.970  2997  3550 W JobServiceContext: verifyCallingUid. END
04-26 10:50:56.972  2997  2997 W JobServiceContext: closeAndCleanupJobH.com.meizu.flyme.wallet/com.eguan.monitor.fangzhou.service.MonitorJobService jId=2071111, u0
04-26 10:50:59.671  2997  3169 E WifiStateMachine: calculateWifiScore not update currentConfiguration visibility
04-26 10:51:01.978  2997  2997 W SchedPolicy: add_tid_to_cgroup failed to write '27156' (Permission denied); fd=17
04-26 10:51:01.978  2997  2997 W ActivityManager: Failed setting process group of 27156 to -1
04-26 10:51:01.983  2997  3230 W SchedPolicy: add_tid_to_cgroup failed to write '27156' (Permission denied); fd=18
04-26 10:51:01.984  2997  3230 W ActivityManager: Failed setting process group of 27156 to 0
04-26 10:51:01.984  2997  3520 W JobServiceContext: verifyCallingUid. END
04-26 10:51:01.986  2997  2997 W JobServiceContext: closeAndCleanupJobH.com.meizu.flyme.wallet/com.eguan.monitor.fangzhou.service.MonitorJobService jId=2071111, u0
04-26 10:51:02.678  2997  3169 E WifiStateMachine: calculateWifiScore not update currentConfiguration visibility
04-26 10:51:04.973 30780 30950 I audio_hw_primary: adev_set_parameters(): kvpairs: mediaserver_monitor=1
04-26 10:51:04.973 30780 30950 I audio_hw_hwvolume: parse_hw_volume_parameters(): kvpairs: mediaserver_monitor=1
04-26 10:51:05.685  2997  3169 E WifiStateMachine: calculateWifiScore not update currentConfiguration visibility
04-26 10:51:06.994  2997  2997 W SchedPolicy: add_tid_to_cgroup failed to write '27156' (Permission denied); fd=17
04-26 10:51:06.994  2997  2997 W ActivityManager: Failed setting process group of 27156 to -1
04-26 10:51:07.003  2997  3014 W SchedPolicy: add_tid_to_cgroup failed to write '27156' (Permission denied); fd=18
04-26 10:51:07.003  2997  3014 W ActivityManager: Failed setting process group of 27156 to 0
04-26 10:51:07.004  2997  3527 W JobServiceContext: verifyCallingUid. END
04-26 10:51:07.007  2997  2997 W JobServiceContext: closeAndCleanupJobH.com.meizu.flyme.wallet/com.eguan.monitor.fangzhou.service.MonitorJobService jId=2071111, u0
04-26 10:51:08.693  2997  3169 E WifiStateMachine: calculateWifiScore not update currentConfiguration visibility
04-26 10:51:09.947 15971 15971 I ku.sud  : type=1400 audit(0.0:136983): avc: denied { getattr } for path="/data/data/com.kingroot.kinguser" dev="dm-0" ino=213164 scontext=u:r:init:s0 tcontext=u:object_r:app_data_file:s0:c512,c768 tclass=dir permissive=1
04-26 10:51:11.700  2997  3169 E WifiStateMachine: calculateWifiScore not update currentConfiguration visibility
04-26 10:51:12.017  2997  2997 W SchedPolicy: add_tid_to_cgroup failed to write '27156' (Permission denied); fd=17
04-26 10:51:12.018  2997  2997 W ActivityManager: Failed setting process group of 27156 to -1
04-26 10:51:12.026  2997  3528 W SchedPolicy: add_tid_to_cgroup failed to write '27156' (Permission denied); fd=18
04-26 10:51:12.026  2997  3528 W ActivityManager: Failed setting process group of 27156 to 0
04-26 10:51:12.031  2997  3473 W JobServiceContext: verifyCallingUid. END
04-26 10:51:12.036  2997  2997 W JobServiceContext: closeAndCleanupJobH.com.meizu.flyme.wallet/com.eguan.monitor.fangzhou.service.MonitorJobService jId=2071111, u0
04-26 10:51:14.709  2997  3169 E WifiStateMachine: calculateWifiScore not update currentConfiguration visibility
04-26 10:51:14.974 30780  8165 I audio_hw_primary: adev_set_parameters(): kvpairs: mediaserver_monitor=1
04-26 10:51:14.975 30780  8165 I audio_hw_hwvolume: parse_hw_volume_parameters(): kvpairs: mediaserver_monitor=1
04-26 10:51:17.044  2997  2997 W SchedPolicy: add_tid_to_cgroup failed to write '27156' (Permission denied); fd=17
04-26 10:51:17.044  2997  2997 W ActivityManager: Failed setting process group of 27156 to -1
04-26 10:51:17.052  2997  3585 W SchedPolicy: add_tid_to_cgroup failed to write '27156' (Permission denied); fd=18
04-26 10:51:17.052  2997  3585 W ActivityManager: Failed setting process group of 27156 to 0
04-26 10:51:17.053  2997  3612 W JobServiceContext: verifyCallingUid. END
04-26 10:51:17.056  2997  2997 W JobServiceContext: closeAndCleanupJobH.com.meizu.flyme.wallet/com.eguan.monitor.fangzhou.service.MonitorJobService jId=2071111, u0
04-26 10:51:17.717  2997  3169 E WifiStateMachine: calculateWifiScore not update currentConfiguration visibility
04-26 10:51:19.605 15884 15903 W System.err: java.lang.NoSuchMethodException: getAvailableIp []
04-26 10:51:19.606 15884 15903 W System.err: 	at java.lang.Class.getMethod(Class.java:624)
04-26 10:51:19.606 15884 15903 W System.err: 	at java.lang.Class.getDeclaredMethod(Class.java:586)
04-26 10:51:19.606 15884 15903 W System.err: 	at com.meizu.statsapp.v3.lib.plugin.e.c.b(SourceFile:100)
04-26 10:51:19.606 15884 15903 W System.err: 	at com.meizu.statsapp.v3.lib.plugin.e.b.a(SourceFile:82)
04-26 10:51:19.606 15884 15903 W System.err: 	at com.meizu.statsapp.v3.lib.plugin.e.b.a(SourceFile:77)
04-26 10:51:19.606 15884 15903 W System.err: 	at com.meizu.statsapp.v3.lib.plugin.net.a.a(SourceFile:48)
04-26 10:51:19.606 15884 15903 W System.err: 	at com.meizu.statsapp.v3.lib.plugin.net.b.c(SourceFile:371)
04-26 10:51:19.606 15884 15903 W System.err: 	at com.meizu.statsapp.v3.lib.plugin.net.b.a(SourceFile:82)
04-26 10:51:19.606 15884 15903 W System.err: 	at com.meizu.statsapp.v3.lib.plugin.emitter.a.b.b(SourceFile:311)
04-26 10:51:19.606 15884 15903 W System.err: 	at com.meizu.statsapp.v3.lib.plugin.emitter.a.b.a(SourceFile:260)
04-26 10:51:19.606 15884 15903 W System.err: 	at com.meizu.statsapp.v3.lib.plugin.emitter.a.b.a(SourceFile:49)
04-26 10:51:19.606 15884 15903 W System.err: 	at com.meizu.statsapp.v3.lib.plugin.emitter.a.b$1.handleMessage(SourceFile:101)
04-26 10:51:19.606 15884 15903 W System.err: 	at android.os.Handler.dispatchMessage(Handler.java:102)
04-26 10:51:19.606 15884 15903 W System.err: 	at android.os.Looper.loop(Looper.java:148)
04-26 10:51:19.606 15884 15903 W System.err: 	at android.os.HandlerThread.run(HandlerThread.java:61)
04-26 10:51:19.739  3249  3249 I KeyguardUpdateMonitor: handleBatteryUpdate
04-26 10:51:19.741 17984 18130 I BatteryConsumeMonitor: init var lastPlugType : 2 lastBatteryChangedLevel : 100
04-26 10:51:19.742 17910 17910 I AODModelImpl: handleBatteryUpdatestatus = 5, level = 100, plugged = 2, health = 2, size = 0
04-26 10:51:20.528  2997  3209 E lights  : write_int: path /sys/class/backlight/pwm-backlight.0/brightness, value 2
04-26 10:51:20.724  2997  3169 E WifiStateMachine: calculateWifiScore not update currentConfiguration visibility
04-26 10:51:22.064  2997  2997 W SchedPolicy: add_tid_to_cgroup failed to write '27156' (Permission denied); fd=17
04-26 10:51:22.064  2997  2997 W ActivityManager: Failed setting process group of 27156 to -1
04-26 10:51:22.069  2997  3550 W SchedPolicy: add_tid_to_cgroup failed to write '27156' (Permission denied); fd=18
04-26 10:51:22.069  2997  3550 W ActivityManager: Failed setting process group of 27156 to 0
04-26 10:51:22.070  2997  3230 W JobServiceContext: verifyCallingUid. END
04-26 10:51:22.072  2997  2997 W JobServiceContext: closeAndCleanupJobH.com.meizu.flyme.wallet/com.eguan.monitor.fangzhou.service.MonitorJobService jId=2071111, u0
04-26 10:51:23.732  2997  3169 E WifiStateMachine: calculateWifiScore not update currentConfiguration visibility
04-26 10:51:24.857 16012 16012 I kd      : type=1400 audit(0.0:136984): avc: denied { execute } for name="rt.sh" dev="tmpfs" ino=12327 scontext=u:r:init:s0 tcontext=u:object_r:device:s0 tclass=file permissive=1
04-26 10:51:24.857 16012 16012 I kd      : type=1400 audit(0.0:136985): avc: denied { execute_no_trans } for path="/dev/rt.sh" dev="tmpfs" ino=12327 scontext=u:r:init:s0 tcontext=u:object_r:device:s0 tclass=file permissive=1
04-26 10:51:24.974 30780 30950 I audio_hw_primary: adev_set_parameters(): kvpairs: mediaserver_monitor=1
04-26 10:51:24.975 30780 30950 I audio_hw_hwvolume: parse_hw_volume_parameters(): kvpairs: mediaserver_monitor=1
04-26 10:51:26.741  2997  3169 E WifiStateMachine: calculateWifiScore not update currentConfiguration visibility
04-26 10:51:26.837 16011 16011 I kd      : type=1400 audit(0.0:136986): avc: denied { signal } for scontext=u:r:init:s0 tcontext=u:r:untrusted_app:s0:c512,c768 tclass=process permissive=1
04-26 10:51:27.083  2997  2997 W SchedPolicy: add_tid_to_cgroup failed to write '27156' (Permission denied); fd=17
04-26 10:51:27.084  2997  2997 W ActivityManager: Failed setting process group of 27156 to -1
04-26 10:51:27.091  2997  3520 W SchedPolicy: add_tid_to_cgroup failed to write '27156' (Permission denied); fd=18
04-26 10:51:27.092  2997  3520 W ActivityManager: Failed setting process group of 27156 to 0
04-26 10:51:27.093  2997  3612 W JobServiceContext: verifyCallingUid. END
04-26 10:51:27.095  2997  2997 W JobServiceContext: closeAndCleanupJobH.com.meizu.flyme.wallet/com.eguan.monitor.fangzhou.service.MonitorJobService jId=2071111, u0
04-26 10:51:29.747  2997  3169 E WifiStateMachine: calculateWifiScore not update currentConfiguration visibility
04-26 10:51:32.112  2997  2997 W SchedPolicy: add_tid_to_cgroup failed to write '27156' (Permission denied); fd=17
04-26 10:51:32.112  2997  2997 W ActivityManager: Failed setting process group of 27156 to -1
04-26 10:51:32.122  2997  3015 W SchedPolicy: add_tid_to_cgroup failed to write '27156' (Permission denied); fd=18
04-26 10:51:32.124  2997  3015 W ActivityManager: Failed setting process group of 27156 to 0
04-26 10:51:32.125  2997  3539 W JobServiceContext: verifyCallingUid. END
04-26 10:51:32.128  2997  2997 W JobServiceContext: closeAndCleanupJobH.com.meizu.flyme.wallet/com.eguan.monitor.fangzhou.service.MonitorJobService jId=2071111, u0
04-26 10:51:32.754  2997  3169 E WifiStateMachine: calculateWifiScore not update currentConfiguration visibility
04-26 10:51:34.975 30780  8165 I audio_hw_primary: adev_set_parameters(): kvpairs: mediaserver_monitor=1
04-26 10:51:34.975 30780  8165 I audio_hw_hwvolume: parse_hw_volume_parameters(): kvpairs: mediaserver_monitor=1
04-26 10:51:35.761  2997  3169 E WifiStateMachine: calculateWifiScore not update currentConfiguration visibility
04-26 10:51:37.135  2997  2997 W SchedPolicy: add_tid_to_cgroup failed to write '27156' (Permission denied); fd=17
04-26 10:51:37.136  2997  2997 W ActivityManager: Failed setting process group of 27156 to -1
04-26 10:51:37.141  2997  3537 W SchedPolicy: add_tid_to_cgroup failed to write '27156' (Permission denied); fd=18
04-26 10:51:37.141  2997  3537 W ActivityManager: Failed setting process group of 27156 to 0
04-26 10:51:37.142  2997  3014 W JobServiceContext: verifyCallingUid. END
04-26 10:51:37.144  2997  2997 W JobServiceContext: closeAndCleanupJobH.com.meizu.flyme.wallet/com.eguan.monitor.fangzhou.service.MonitorJobService jId=2071111, u0
04-26 10:51:38.768  2997  3169 E WifiStateMachine: calculateWifiScore not update currentConfiguration visibility
04-26 10:51:41.773  2997  3169 E WifiStateMachine: calculateWifiScore not update currentConfiguration visibility
04-26 10:51:42.153  2997  2997 W SchedPolicy: add_tid_to_cgroup failed to write '27156' (Permission denied); fd=17
04-26 10:51:42.153  2997  2997 W ActivityManager: Failed setting process group of 27156 to -1
04-26 10:51:42.159  2997  3550 W SchedPolicy: add_tid_to_cgroup failed to write '27156' (Permission denied); fd=18
04-26 10:51:42.159  2997  3550 W ActivityManager: Failed setting process group of 27156 to 0
04-26 10:51:42.160  2997  3528 W JobServiceContext: verifyCallingUid. END
04-26 10:51:42.162  2997  2997 W JobServiceContext: closeAndCleanupJobH.com.meizu.flyme.wallet/com.eguan.monitor.fangzhou.service.MonitorJobService jId=2071111, u0
04-26 10:51:44.783  2997  3169 E WifiStateMachine: calculateWifiScore not update currentConfiguration visibility
04-26 10:51:44.976 30780 30950 I audio_hw_primary: adev_set_parameters(): kvpairs: mediaserver_monitor=1
04-26 10:51:44.976 30780 30950 I audio_hw_hwvolume: parse_hw_volume_parameters(): kvpairs: mediaserver_monitor=1
04-26 10:51:47.170  2997  2997 W SchedPolicy: add_tid_to_cgroup failed to write '27156' (Permission denied); fd=17
04-26 10:51:47.170  2997  2997 W ActivityManager: Failed setting process group of 27156 to -1
04-26 10:51:47.177  2997  3539 W SchedPolicy: add_tid_to_cgroup failed to write '27156' (Permission denied); fd=18
04-26 10:51:47.178  2997  3539 W ActivityManager: Failed setting process group of 27156 to 0
04-26 10:51:47.179  2997  3528 W JobServiceContext: verifyCallingUid. END
04-26 10:51:47.181  2997  2997 W JobServiceContext: closeAndCleanupJobH.com.meizu.flyme.wallet/com.eguan.monitor.fangzhou.service.MonitorJobService jId=2071111, u0
04-26 10:51:47.791  2997  3169 E WifiStateMachine: calculateWifiScore not update currentConfiguration visibility
04-26 10:51:50.798  2997  3169 E WifiStateMachine: calculateWifiScore not update currentConfiguration visibility
04-26 10:51:52.188  2997  2997 W SchedPolicy: add_tid_to_cgroup failed to write '27156' (Permission denied); fd=17
04-26 10:51:52.188  2997  2997 W ActivityManager: Failed setting process group of 27156 to -1
04-26 10:51:52.194  2997  3537 W SchedPolicy: add_tid_to_cgroup failed to write '27156' (Permission denied); fd=18
04-26 10:51:52.194  2997  3537 W ActivityManager: Failed setting process group of 27156 to 0
04-26 10:51:52.196  2997  3528 W JobServiceContext: verifyCallingUid. END
04-26 10:51:52.198  2997  2997 W JobServiceContext: closeAndCleanupJobH.com.meizu.flyme.wallet/com.eguan.monitor.fangzhou.service.MonitorJobService jId=2071111, u0
04-26 10:51:53.804  2997  3169 E WifiStateMachine: calculateWifiScore not update currentConfiguration visibility
04-26 10:51:54.475 16062 16062 E memtrack: Couldn't load memtrack module (No such file or directory)
04-26 10:51:54.476 16062 16062 E android.os.Debug: failed to load memtrack module: -2
04-26 10:51:54.484 16062 16062 I Radio-JNI: register_android_hardware_Radio DONE
04-26 10:51:54.976 30780  8165 I audio_hw_primary: adev_set_parameters(): kvpairs: mediaserver_monitor=1
04-26 10:51:54.976 30780  8165 I audio_hw_hwvolume: parse_hw_volume_parameters(): kvpairs: mediaserver_monitor=1
04-26 10:51:55.271 16085 16085 E memtrack: Couldn't load memtrack module (No such file or directory)
04-26 10:51:55.271 16085 16085 E android.os.Debug: failed to load memtrack module: -2
04-26 10:51:55.273 16085 16085 I Radio-JNI: register_android_hardware_Radio DONE
04-26 10:51:55.317  2997  3027 W BroadcastQueue: Skipping deliver [background] BroadcastRecord{5a21ca7 u-1 android.net.conn.CONNECTIVITY_CHANGE} to ReceiverList{aeb4554 16085 (unknown name)/2000/u-1 remote:7bd15c1}: process crashing
04-26 10:51:55.338  2997  3568 I ActivityManager: START u0 {act=android.intent.action.MAIN cat=[android.intent.category.LAUNCHER] flg=0x10200000 cmp=com.dc.hwsj/.LuaActivity} from uid 2000 on display 0 from pid 16085 cloneId 0
04-26 10:51:55.355  4885  4897 I testin-agent: client ready>:59c3b57d16a53b0f08540d6360aSc,true
04-26 10:51:55.355  4885  4897 I testin-agent: mq:{"op":"activity.change","code":0,"message":"","data":{"topActivity":"com.dc.hwsj\/com.dc.hwsj.LuaActivity"}}
04-26 10:51:55.364  2653  2653 W Zygote  : Unable to set zygote scheduler boost
04-26 10:51:55.370  2653  2653 W Zygote  : Unable to set zygote scheduler boost
04-26 10:51:55.373  2997  3585 I ActivityManager: Start proc 16100:com.dc.hwsj/u0a2355 for activity com.dc.hwsj/.LuaActivity
04-26 10:51:55.374 16100 16100 W Zygote  : mz_is_rooted true
04-26 10:51:55.374  2997  3027 I ActivityManager: Killing 31701:com.meizu.flyme.weather/u0a83 (adj 15): empty for 1800s
04-26 10:51:55.382  5782 16106 I install_AppStatusReceiverService: meizu.intent.action.PACKAGE_FIRST_LAUNCH:com.dc.hwsj
04-26 10:51:55.434 16100 16100 I MultiDex: VM with version 2.1.0 has multidex support
04-26 10:51:55.434 16100 16100 I MultiDex: install
04-26 10:51:55.434 16100 16100 I MultiDex: VM has multidex support, MultiDex support library is disabled.
04-26 10:51:55.454 16100 16114 E FirebaseInstanceId: Google Play services missing or without correct permission.
04-26 10:51:55.483 16100 16100 I FirebaseInitProvider: FirebaseApp initialization successful
04-26 10:51:55.502 16100 16115 I FA      : App measurement is starting up, version: 11910
04-26 10:51:55.505 16100 16115 I FA      : To enable debug logging run: adb shell setprop log.tag.FA VERBOSE
04-26 10:51:55.505 16100 16115 I FA      : To enable faster debug mode event logging run:
04-26 10:51:55.505 16100 16115 I FA      :   adb shell setprop debug.firebase.analytics.app com.dc.hwsj
04-26 10:51:55.521 16100 16118 W GooglePlayServicesUtil: Google Play Store is missing.
04-26 10:51:55.523  2997  3537 W ActivityManager: Unable to start service Intent { act=com.google.android.gms.ads.identifier.service.START pkg=com.google.android.gms } U=0: not found
04-26 10:51:55.523 16100 16124 W GooglePlayServicesUtil: Google Play Store is missing.
04-26 10:51:55.525  2997  3568 W ActivityManager: Unable to start service Intent { act=com.google.android.gms.ads.identifier.service.START pkg=com.google.android.gms } U=0: not found
04-26 10:51:55.539 16100 16100 I art     : Thread[1,tid=16100,Native,Thread*=0xf5436500,peer=0x74e6fe48,"main"] recursive attempt to load library "/data/app/com.dc.hwsj-1/lib/arm/libjnlua5.1.so"
04-26 10:51:55.547 16100 16100 I OpenAL_SLES: alc_opensles_init
04-26 10:51:55.592 16100 16100 W ResourceType: No package identifier when getting value for resource number 0x00000000
04-26 10:51:55.663  2997  3150 I InputDispatcher: Dropping event because there is no touchable window at (203, 2348).
04-26 10:51:55.667  2997  3568 W InputManager: Input event injection from pid 16085 failed.
04-26 10:51:55.668  2997  3539 W InputManager: Input event injection from pid 16085 failed.
04-26 10:51:55.686  2997  3209 E lights  : write_int: path /sys/class/backlight/pwm-backlight.0/brightness, value 3
04-26 10:51:55.720  2997  3209 E lights  : write_int: path /sys/class/backlight/pwm-backlight.0/brightness, value 4
04-26 10:51:55.752 16100 16100 I WebViewFactory: Loading com.android.webview version Developer Build (code 1)
04-26 10:51:55.778 16100 16100 W System  : ClassLoader referenced unknown path: /system/app/webview/lib/arm
04-26 10:51:55.785 16100 16100 I LibraryLoader: Time to load native libraries: 1 ms (timestamps 6373-6374)
04-26 10:51:55.785 16100 16100 I LibraryLoader: Expected native library version number "",actual native library version number ""
04-26 10:51:55.792 16100 16100 I LibraryLoader: Expected native library version number "",actual native library version number ""
04-26 10:51:55.792 16100 16100 I chromium: [INFO:library_loader_hooks.cc(120)] Chromium logging enabled: level = 0, default verbosity = 0
04-26 10:51:55.796 16100 16100 I BrowserStartupController: Initializing chromium process, singleProcess=true
04-26 10:51:55.796 16100 16100 E SysUtils: ApplicationContext is null in ApplicationStatus
04-26 10:51:55.807 16100 16100 W chromium: [WARNING:resource_bundle.cc(285)] locale_file_path.empty()
04-26 10:51:55.810 16100 16100 E libEGL  : validate_display:255 error 3008 (EGL_BAD_DISPLAY)
04-26 10:51:55.810 16100 16100 E libEGL  : validate_display:255 error 3008 (EGL_BAD_DISPLAY)
04-26 10:51:55.817 16100 16100 I chromium: [INFO:sys_info_android.cc(255)] BoardModel=[m96]
04-26 10:51:55.817 16100 16100 I chromium: [INFO:build_info.cc(95)] [ParseDeviceModel] model=[m96]
04-26 10:51:55.836 16100 16172 W AudioManagerAndroid: Requires BLUETOOTH permission
04-26 10:51:55.837 16100 16100 E DataReductionProxySettingListener: No DRP key due to exception:java.lang.ClassNotFoundException: com.android.webview.chromium.Drp
04-26 10:51:55.853 16100 16100 I chromium: [INFO:synchronous_compositor_impl.cc(111)] [SynchronousCompositorImpl::SetClient] [0xe8d6a220]
04-26 10:51:55.862 16100 16100 W chromium: [WARNING:password_handler.cc(33)] create-->contents = 0xd9b8a800, delegate = 0xe8f869f0
04-26 10:51:55.862 16100 16100 W chromium: [WARNING:password_handler.cc(41)] attaching to web_contents 
04-26 10:51:55.863 16100 16100 W AwContents: onDetachedFromWindow called when already detached. Ignoring
04-26 10:51:55.866 16100 16100 W Settings: Setting android_id has moved from android.provider.Settings.System to android.provider.Settings.Secure, returning read-only value.
04-26 10:51:55.866 16100 16100 I System.out: appIdActivity: isactivity1019  false
04-26 10:51:55.867 16100 16100 I System.out: activate url: https://hwsj.9longe.net:20888/frontend/distribute/v1/active_event
04-26 10:51:55.869 16100 16179 I System.out: admonitor data: {"version":"1.8","app_id":"1019","act_id":"ad_trace_new","data":"{\"cp_app_id\":1019,\"ad_app_key\":\"3199536a745011e8a870025a896bb440\",\"retail_id\":2,\"ad_uuid\":\"\",\"channel_id\":0,\"mac\":\"ffc834c3ae81f6e7be0e16c3b5d1888c\",\"user_agent\":\"Dalvik\\\/2.1.0 (Linux; U; Android 6.0.1; PRO 6 Plus Build\\\/MMB29T)\",\"ex_user_agent\":\"Mozilla\\\/5.0 (Linux; Android 6.0.1; PRO 6 Plus Build\\\/MMB29T; wv) AppleWebKit\\\/537.36 (KHTML, like Gecko) Version\\\/4.0 Chrome\\\/44.0.2403.146 Mobile Safari\\\/537.36\",\"device_id\":\"b271017024bee4e7\",\"os\":\"0\",\"timestamp\":1556247115,\"reserve\":\"{\\\"deviceType\\\":\\\"android_id\\\"}\"}"}
04-26 10:51:55.892  2997  3527 I SensorHAL: Dev Batch, handle: 1, name: Accelerometer Sensor
04-26 10:51:55.893  2997  3527 I SensorHAL: Dev Active, handle: 1, name: Accelerometer Sensor, enable: 1.
04-26 10:51:55.893  2997  3527 I SensorHAL: SensorBase::Enable. name: Accelerometer Sensor, enable: 1
04-26 10:51:55.895  2997  3527 I SensorHAL: HWSensorBase::Enable, handle: 1, name: lsm6ds3_accel, enable: 1
04-26 10:51:55.912  2997  3520 E DatabaseUtils: Writing exception to parcel
04-26 10:51:55.912  2997  3520 E DatabaseUtils: java.lang.SecurityException: Permission denial: writing to settings requires:android.permission.WRITE_SECURE_SETTINGS
04-26 10:51:55.912  2997  3520 E DatabaseUtils: 	at com.android.providers.settings.SettingsProvider.enforceWritePermission(SettingsProvider.java:1084)
04-26 10:51:55.912  2997  3520 E DatabaseUtils: 	at com.android.providers.settings.SettingsProvider.mutateSecureSetting(SettingsProvider.java:768)
04-26 10:51:55.912  2997  3520 E DatabaseUtils: 	at com.android.providers.settings.SettingsProvider.insertSecureSetting(SettingsProvider.java:745)
04-26 10:51:55.912  2997  3520 E DatabaseUtils: 	at com.android.providers.settings.SettingsProvider.call(SettingsProvider.java:251)
04-26 10:51:55.912  2997  3520 E DatabaseUtils: 	at android.content.ContentProvider$Transport.call(ContentProvider.java:424)
04-26 10:51:55.912  2997  3520 E DatabaseUtils: 	at android.content.ContentProviderNative.onTransact(ContentProviderNative.java:283)
04-26 10:51:55.912  2997  3520 E DatabaseUtils: 	at android.os.Binder.execTransact(Binder.java:457)
04-26 10:51:55.924 16100 16100 I System.out: Elva init------
04-26 10:51:55.925 16100 16187 W System.err: android.content.pm.PackageManager$NameNotFoundException: com.android.vending
04-26 10:51:55.925 16100 16187 W System.err: 	at android.app.ApplicationPackageManager.getPackageInfo(ApplicationPackageManager.java:143)
04-26 10:51:55.925 16100 16187 W System.err: 	at com.ljoy.chatbot.utils.AdvertisingIdClient.getAdvertisingIdInfo(AdvertisingIdClient.java:45)
04-26 10:51:55.925 16100 16187 W System.err: 	at com.ljoy.chatbot.controller.ElvaServiceController$1.run(ElvaServiceController.java:183)
04-26 10:51:55.925 16100 16187 W System.err: 	at java.lang.Thread.run(Thread.java:818)
04-26 10:51:55.930 16100 16170 W chromium: [WARNING:data_reduction_proxy_config.cc(423)] SPDY proxy OFF at startup
04-26 10:51:55.932  2997  3520 I SensorHAL: Dev Batch, handle: 1, name: Accelerometer Sensor
04-26 10:51:55.934  2997  3520 E SensorHAL: SensorBase::FlushData name: Accelerometer Sensor, meta_data.sensor: 1
04-26 10:51:55.934  2997  3520 I SensorHAL: Dev Flush, handle: 1, name: Accelerometer Sensor, ret: 0
04-26 10:51:55.934  2997  3143 I SensorHAL: push flush event, handle: 1
04-26 10:51:55.935  2997  3527 I SensorHAL: Dev Batch, handle: 2, name: Gyroscope Sensor
04-26 10:51:55.936  2997  3527 I SensorHAL: Dev Active, handle: 2, name: Gyroscope Sensor, enable: 1.
04-26 10:51:55.936  2997  3527 I SensorHAL: SensorBase::Enable. name: Gyroscope Sensor, enable: 1
04-26 10:51:55.936  2997  3527 I SensorHAL: SensorBase::Enable. name: Accelerometer Sensor, enable: 1
04-26 10:51:55.936  2997  3527 I SensorHAL: HWSensorBase::Enable, handle: 2, name: lsm6ds3_accel, enable: 1
04-26 10:51:55.938  2997  3527 I SensorHAL: HWSensorBase::Enable, handle: 2, name: lsm6ds3_gyro, enable: 1
04-26 10:51:55.939  2997  3568 I SensorHAL: Dev Batch, handle: 7, name: Magnetometer Sensor
04-26 10:51:55.939  2997  3568 I SensorHAL: Dev Active, handle: 7, name: Magnetometer Sensor, enable: 1.
04-26 10:51:55.939  2997  3568 E SensorHAL: Magnetometer::Enable 1
04-26 10:51:55.939  2997  3568 I SensorHAL: SensorBase::Enable. name: Magnetometer Sensor, enable: 1
04-26 10:51:55.939  2997  3568 I SensorHAL: SensorBase::Enable. name: Accelerometer Sensor, enable: 1
04-26 10:51:55.939  2997  3568 I SensorHAL: HWSensorBase::Enable, handle: 7, name: lsm6ds3_accel, enable: 1
04-26 10:51:55.939  2997  3568 I SensorHAL: SensorBase::Enable. name: Gyroscope Sensor, enable: 1
04-26 10:51:55.940  2997  3568 I SensorHAL: HWSensorBase::Enable, handle: 7, name: lsm6ds3_gyro, enable: 1
04-26 10:51:55.940  2997  3568 I SensorHAL: HWSensorBase::Enable, handle: 7, name: lsm6ds3_magn, enable: 1
04-26 10:51:55.940  2997  3568 E SensorHAL: AKMD_Start .
04-26 10:51:55.943  2997  3135 E SensorHAL: akm_log OCEAN  BBBBBBBBBBB  AKSC_Direction9D gyro_mode = 0 m_flag9d 0 0 0
04-26 10:51:55.952  2997  3135 E SensorHAL: akm_log OCEAN  BBBBBBBBBBB  AKSC_Direction9D gyro_mode = 0 m_flag9d 1 0 0
04-26 10:51:55.959 16100 16183 I OpenGLRenderer: Initialized EGL, version 1.4
04-26 10:51:55.961 16100 16183 E OpenGLRenderer: PerfServiceNative_notifyRenderTime init fail!
04-26 10:51:55.961 16100 16183 E OpenGLRenderer: PerfServiceNative_notifyFrameUpdate init fail!
04-26 10:51:56.026  2997  3035 I ActivityManager: Displayed com.dc.hwsj/.LuaActivity: +671ms (total +2h3m3s852ms)
04-26 10:51:56.044 14965 14965 I KEY-PinyinIME-180817-b: onFinishInput.
04-26 10:51:56.045 14965 14965 I KEY-PinyinIME-180817-b: onStartInput  ccontentType: 0 Restarting:false
04-26 10:51:56.052 16100 16182 W GooglePlayServicesUtil: Google Play Store is missing.
04-26 10:51:56.058 16100 16100 W chromium: [WARNING:aw_contents.cc(315)] SP>>> Destroy
04-26 10:51:56.058 16100 16100 I chromium: [INFO:synchronous_compositor_impl.cc(111)] [SynchronousCompositorImpl::SetClient] [0xe8d6a220]
04-26 10:51:56.064 14965 14965 I KEY-PinyinIME-180817-b: --->onKeyDown.keyCode=[19],event=[KeyEvent { action=ACTION_DOWN, keyCode=KEYCODE_DPAD_UP, scanCode=0, metaState=0, flags=0x400, repeatCount=0, eventTime=2593976648, downTime=2593976648, deviceId=-1, source=0x101 }]
04-26 10:51:56.065 14965 14965 I KEY-PinyinIME-180817-b: --->onKeyUp.keyCode=[19],event=[KeyEvent { action=ACTION_UP, keyCode=KEYCODE_DPAD_UP, scanCode=0, metaState=0, flags=0x400, repeatCount=0, eventTime=2593976648, downTime=2593976648, deviceId=-1, source=0x101 }]
04-26 10:51:56.065  2997  3550 W SchedPolicy: add_tid_to_cgroup failed to write '31669' (Permission denied); fd=18
04-26 10:51:56.065  2997  3550 W ActivityManager: Failed setting process group of 31669 to 0
04-26 10:51:56.065 14965 14965 I KEY-PinyinIME-180817-b: --->onKeyDown.keyCode=[19],event=[KeyEvent { action=ACTION_DOWN, keyCode=KEYCODE_DPAD_UP, scanCode=0, metaState=0, flags=0x400, repeatCount=0, eventTime=2593976648, downTime=2593976648, deviceId=-1, source=0x101 }]
04-26 10:51:56.065 14965 14965 I KEY-PinyinIME-180817-b: --->onKeyUp.keyCode=[19],event=[KeyEvent { action=ACTION_UP, keyCode=KEYCODE_DPAD_UP, scanCode=0, metaState=0, flags=0x400, repeatCount=0, eventTime=2593976648, downTime=2593976648, deviceId=-1, source=0x101 }]
04-26 10:51:56.066 14965 14965 I KEY-PinyinIME-180817-b: --->onKeyDown.keyCode=[19],event=[KeyEvent { action=ACTION_DOWN, keyCode=KEYCODE_DPAD_UP, scanCode=0, metaState=0, flags=0x400, repeatCount=0, eventTime=2593976648, downTime=2593976648, deviceId=-1, source=0x101 }]
04-26 10:51:56.066 14965 14965 I KEY-PinyinIME-180817-b: --->onKeyUp.keyCode=[19],event=[KeyEvent { action=ACTION_UP, keyCode=KEYCODE_DPAD_UP, scanCode=0, metaState=0, flags=0x400, repeatCount=0, eventTime=2593976648, downTime=2593976648, deviceId=-1, source=0x101 }]
04-26 10:51:56.106  2629  2629 W keystore: keystore::generateKey() SOTER
04-26 10:51:56.251  2488  2488 E display : WIN_CONFIG is skipped, but mLastRetireFenceFd is not valid
04-26 10:51:56.369 30780 30924 I AudioFlinger: thread 0xf2800000 type 0 TID 30924 waking up
04-26 10:51:56.369 30780 30924 I AudioFlinger: [DEBUG_VOL] threadLoop: device = 0x0002, stream_0, volume = 1.000000
04-26 10:51:56.370 30780 30924 I AudioFlinger: [DEBUG_VOL] threadLoop: device = 0x0002, stream_1, volume = 0.000000
04-26 10:51:56.370 30780 30924 I AudioFlinger: [DEBUG_VOL] threadLoop: device = 0x0002, stream_2, volume = 0.000000
04-26 10:51:56.370 30780 30924 I AudioFlinger: [DEBUG_VOL] threadLoop: device = 0x0002, stream_3, volume = 0.000000
04-26 10:51:56.370 30780 30924 I AudioFlinger: [DEBUG_VOL] threadLoop: device = 0x0002, stream_4, volume = 0.309030
04-26 10:51:56.370 30780 30924 I AudioFlinger: [DEBUG_VOL] threadLoop: device = 0x0002, stream_5, volume = 0.000000
04-26 10:51:56.370 30780 30924 I AudioFlinger: [DEBUG_VOL] threadLoop: device = 0x0002, stream_6, volume = 1.000000
04-26 10:51:56.370 30780 30924 I AudioFlinger: [DEBUG_VOL] threadLoop: device = 0x0002, stream_7, volume = 0.000000
04-26 10:51:56.370 30780 30924 I AudioFlinger: [DEBUG_VOL] threadLoop: device = 0x0002, stream_8, volume = 0.000000
04-26 10:51:56.370 30780 30924 I AudioFlinger: [DEBUG_VOL] threadLoop: device = 0x0002, stream_9, volume = 1.000000
04-26 10:51:56.370 30780 30924 I AudioFlinger: [DEBUG_VOL] threadLoop: device = 0x0002, stream_10, volume = 0.000000
04-26 10:51:56.370 30780 30924 I AudioFlinger: [DEBUG_VOL] threadLoop: device = 0x0002, stream_11, volume = 1.000000
04-26 10:51:56.370 30780 30924 I AudioFlinger: [DEBUG_VOL] threadLoop: device = 0x0002, stream_12, volume = 1.000000
04-26 10:51:56.374  3249  3249 W recents.Component: create a new LoadPlan to load thumbnail -- background
04-26 10:51:56.376 16100 16139 W libOpenSLES: class OutputMix interface 0 requested but unavailable MPH=43
04-26 10:51:56.384  3249  3249 W recents.Performance: preload while task Change spend : 10
04-26 10:51:56.392 16100 16139 I Corona  : Platform: PRO 6 Plus / ARM Neon / 6.0.1 / Mali-T880 / OpenGL ES 3.1 v1.r9p0-06dev0.d9f21c54795405e943e6357305e280eb / 2018.3326 /  | CN | zh_CN | zh
04-26 10:51:56.442  2997  3589 I SensorHAL: Dev Active, handle: 2, name: Gyroscope Sensor, enable: 0.
04-26 10:51:56.442  2997  3589 I SensorHAL: SensorBase::Enable. name: Gyroscope Sensor, enable: 0
04-26 10:51:56.442  2997  3589 I SensorHAL: HWSensorBase::Enable, handle: 2, name: lsm6ds3_gyro, enable: 0
04-26 10:51:56.444  2997  3585 I SensorHAL: Dev Active, handle: 7, name: Magnetometer Sensor, enable: 0.
04-26 10:51:56.444  2997  3585 E SensorHAL: Magnetometer::Enable 0
04-26 10:51:56.444  2997  3585 I SensorHAL: SensorBase::Enable. name: Magnetometer Sensor, enable: 0
04-26 10:51:56.444  2997  3585 I SensorHAL: SensorBase::Enable. name: Accelerometer Sensor, enable: 0
04-26 10:51:56.444  2997  3585 I SensorHAL: HWSensorBase::Enable, handle: 7, name: lsm6ds3_accel, enable: 0
04-26 10:51:56.444  2997  3585 I SensorHAL: SensorBase::Enable. name: Gyroscope Sensor, enable: 0
04-26 10:51:56.444  2997  3585 I SensorHAL: SensorBase::Enable. name: Accelerometer Sensor, enable: 0
04-26 10:51:56.444  2997  3585 I SensorHAL: HWSensorBase::Enable, handle: 2, name: lsm6ds3_accel, enable: 0
04-26 10:51:56.449  2997  3585 I SensorHAL: HWSensorBase::Enable, handle: 7, name: lsm6ds3_gyro, enable: 0
04-26 10:51:56.450  2997  3585 I SensorHAL: HWSensorBase::Enable, handle: 7, name: lsm6ds3_magn, enable: 0
04-26 10:51:56.450  2997  3585 E SensorHAL: AKMD_Stop .
04-26 10:51:56.451  2997  3015 I SensorHAL: Dev Batch, handle: 1, name: Accelerometer Sensor
04-26 10:51:56.590  2997  3527 I WindowManager: interceptKeyTq keycode=25 interactive=true keyguardActive=false policyFlags=2b000000 down =true canceled = false isWakeKey=false mVolumeDownKeyTriggered =false mVolumeUpKeyTriggered =false result = 1 useHapticFeedback = false isInjected = true result = 1
04-26 10:51:56.671 16100 16139 I Corona  : sssssssssssssss:	750	1334
04-26 10:51:56.674 16100 16139 I Corona  : ERROR: Unsupported key: supportsSessionProperty in audio library
04-26 10:51:56.678 16100 16139 I Corona  : createHashFile = 	e98352716fb5d3ebdd7ad2cd5dee9b63e5afae86
04-26 10:51:56.688  2997  3528 I PowerManagerService: acquireWakeLockInternal: lock=260660778, packageName=android, wakeLock={SCREEN_BRIGHT_WAKE_LOCK        'WindowManager' ON_AFTER_RELEASE (uid=1000, pid=2997, ws=WorkSource{12355})}, sleepTimeout=-1ms, screenOffTimeout=60000ms,screenDimDuration=7000ms
04-26 10:51:56.693 16100 16139 I Corona  : testAllRegions
04-26 10:51:56.693 16100 16100 I System.out: eventId: event_38
04-26 10:51:56.693 16100 16100 I System.out: timeStamp: 1556247116
04-26 10:51:56.693 16100 16100 I System.out: ad_monitor_url: https://hwsj-eu-test.clktec.com:20888/frontend/distribute
04-26 10:51:56.693 16100 16100 I System.out: custom url: https://hwsj-eu-test.clktec.com:20888/frontend/distribute/v1/custom_event
04-26 10:51:56.695 16100 16195 I System.out: admonitor data: {"version":"1.8","app_id":"1019","act_id":"ad_trace_new","data":"{\"cp_app_id\":1019,\"ad_app_key\":\"3199536a745011e8a870025a896bb440\",\"retail_id\":2,\"event_id\":\"event_38\",\"event_name\":\"\",\"mac\":\"ffc834c3ae81f6e7be0e16c3b5d1888c\",\"user_agent\":\"Dalvik\\\/2.1.0 (Linux; U; Android 6.0.1; PRO 6 Plus Build\\\/MMB29T)\",\"ex_user_agent\":\"Mozilla\\\/5.0 (Linux; Android 6.0.1; PRO 6 Plus Build\\\/MMB29T; wv) AppleWebKit\\\/537.36 (KHTML, like Gecko) Version\\\/4.0 Chrome\\\/44.0.2403.146 Mobile Safari\\\/537.36\",\"device_id\":\"b271017024bee4e7\",\"os\":\"0\",\"timestamp\":1556247116,\"reserve1\":\"\",\"reserve2\":\"{\\\"deviceType\\\":\\\"android_id\\\"}\"}"}
04-26 10:51:56.742 16100 16100 I ViewRootImpl: WindowInputEventReceiver onInputEvent!! KeyCode is 25, action is 0
04-26 10:51:56.742  2997  3473 I WindowManager: interceptKeyTq keycode=25 interactive=true keyguardActive=false policyFlags=2b000000 down =false canceled = false isWakeKey=false mVolumeDownKeyTriggered =true mVolumeUpKeyTriggered =false result = 1 useHapticFeedback = false isInjected = true result = 1
04-26 10:51:56.742 14965 14965 I KEY-PinyinIME-180817-b: --->onKeyDown.keyCode=[25],event=[KeyEvent { action=ACTION_DOWN, keyCode=KEYCODE_VOLUME_DOWN, scanCode=0, metaState=0, flags=0x8, repeatCount=0, eventTime=2593977180, downTime=2593977180, deviceId=-1, source=0x101 }]
04-26 10:51:56.753 16100 16100 I ViewRootImpl: WindowInputEventReceiver onInputEvent!! KeyCode is 25, action is 1
04-26 10:51:56.753 14965 14965 I KEY-PinyinIME-180817-b: --->onKeyUp.keyCode=[25],event=[KeyEvent { action=ACTION_UP, keyCode=KEYCODE_VOLUME_DOWN, scanCode=0, metaState=0, flags=0x8, repeatCount=0, eventTime=2593977332, downTime=2593977332, deviceId=-1, source=0x101 }]
04-26 10:51:56.766 16100 16110 I art     : Background partial concurrent mark sweep GC freed 7214(343KB) AllocSpace objects, 2(23MB) LOS objects, 10% free, 32MB/36MB, paused 6.024ms total 35.390ms
04-26 10:51:56.786 16100 16100 I AudioManager: adjustSuggestedStreamVolume: direction = -1, suggestedStreamType = -2147483648, flags = 21; packageName = com.dc.hwsj
04-26 10:51:56.804  2997 16215 I AudioService: [GJ_DEBUG] isInCommunication: isInCall = false
04-26 10:51:56.804  2997 16215 I AudioService: getMode mMode = 0
04-26 10:51:56.806  2997 16215 I AudioService: [GJ_VOLUME_1] adjustStreamVolume: streamType = 3, oldIndex = 0, device = 2
04-26 10:51:56.806  2997 16215 I AudioService: [GJ_DEBUG] adjustStreamVolume: streamType = 3, oldIndex = 0, index = 0, flags = 17
04-26 10:51:56.810  2997  3169 E WifiStateMachine: calculateWifiScore not update currentConfiguration visibility
04-26 10:51:56.871  3249  3249 I VolumePanel: [DEBUG_VP] updateSliderProgress: streamType = 3; index = 0
04-26 10:51:56.873  3249  3249 I VolumePanel: [DEBUG_VP] onShowVolumeChanged: streamType = 3; index = 0
04-26 10:51:56.873  3249  3249 I VolumePanel: [DEBUG_VP] updateSliderProgress: streamType = 3; index = 0
04-26 10:51:57.071  2997  3539 I AudioService: [GJ_DEBUG] forceVolumeControlStream: streamType = -1
04-26 10:51:57.178 16100 16189 I System.out: Elva SendRequestNewTask result:{"showfaq":"https://cs30.net/elva/FAQ/ShowFAQ.aspx","faqdataForm":"https://cs30.net/elva/api/faqs2","point":"https://cs30.net/elva/api/point","cdnUrl":"https://cdn.aihelp.net/Elva","apiDomain":"cs30.net","time":1555915683656,"OperFileName":"6537f6715f669c09e5fa820639d4ae4b.json","kcpServer":"wss26.aihelp.net","botEnable":"false","ip":"121.78.55.92","upload":"https://cs30.net/FileService/api/upload","storyAimlFileName":"78f49b873cde57eca447a62be925fd47.aiml","initPeriod":0,"topic":"topic","faqYYdata":"https://cs30.net/elva/api/faqs1","showfaqlist":"https://cs30.net/elva/mFAQ/Naval.aspx","forumBestUrl":"https://aihelp.net/forum/home/index/bestlist","svrip":"wss26.aihelp.net","show_url":"https://cs30.net/elva/mFAQ/show.aspx","faqAimlFileName":"","vipChatDomain":"aihelp.net","faqdata":"https://cs30.net/elva/api/faqs","svrport":"1883","forumUrl":"https://aihelp.net/forum","isReward":false,"faqFileName":"ca742f67e507cc995b7d5e54195430f0.json"}
04-26 10:51:57.182 16100 16224 E elvaLog : .netsdkVersion=1.4.3&l=zh_CN&appid=MechanistGames_platform_3317042a-af81-49df-bd59-e2ffcc197c06&faqkey=0
04-26 10:51:57.189 16100 16189 E elvaLog : aiml=true
04-26 10:51:57.192 16100 16179 I System.out: dopost resutl: {"data":"{\"info\":\"ok\",\"status\":1}","info":"","stat":1}
04-26 10:51:57.192 16100 16179 I System.out: appid: 1019  activate sendTime: 0 status: 1  info: ok
04-26 10:51:57.200  2997  2997 W SchedPolicy: add_tid_to_cgroup failed to write '27156' (Permission denied); fd=17
04-26 10:51:57.200  2997  2997 W ActivityManager: Failed setting process group of 27156 to -1
04-26 10:51:57.202  2997  3589 W SchedPolicy: add_tid_to_cgroup failed to write '27156' (Permission denied); fd=18
04-26 10:51:57.202  2997  3589 W ActivityManager: Failed setting process group of 27156 to 0
04-26 10:51:57.203  2997  3612 W JobServiceContext: verifyCallingUid. END
04-26 10:51:57.204  2997  2997 W JobServiceContext: closeAndCleanupJobH.com.meizu.flyme.wallet/com.eguan.monitor.fangzhou.service.MonitorJobService jId=2071111, u0
04-26 10:51:57.447 16100 16225 E elvaLog : 
04-26 10:51:57.556 16100 16227 E elvaLog : 
04-26 10:51:57.571 16100 16229 I System.out: Elva SendRequestNewDAUTask req:https://cs30.net/elva/api/initset_{"appId":"MechanistGames_platform_3317042a-af81-49df-bd59-e2ffcc197c06","deviceid":"886890b1b6df49308797711191838463","lan":"zh_CN"}
04-26 10:51:57.718 16100 16228 E elvaLog : 20
04-26 10:51:57.718 16100 16228 E elvaLog : 35
04-26 10:51:57.718 16100 16228 E elvaLog : 55
04-26 10:51:57.718 16100 16228 E elvaLog : 76
