W/System.err(19620): 	at java.io.FileOutputStream.<init>(FileOutputStream.java:127)
W/System.err(19620): 	at java.io.FileOutputStream.<init>(FileOutputStream.java:116)
W/System.err(19620): 	at com.ljoy.chatbot.bot.AIBotConfigUtil.createAIBotSupportXMLFile(AIBotConfigUtil.java:434)
W/System.err(19620): 	at com.ljoy.chatbot.bot.AIBotConfigUtil.initAIBotSupportXMLFile(AIBotConfigUtil.java:420)
W/System.err(19620): 	at com.ljoy.chatbot.controller.ElvaServiceController.sendInitRequest(ElvaServiceController.java:261)
W/System.err(19620): 	at com.ljoy.chatbot.sdk.ELvaChatServiceSdk$2.run(ELvaChatServiceSdk.java:210)
W/System.err(19620): 	at android.os.Handler.handleCallback(Handler.java:739)
W/System.err(19620): 	at android.os.Handler.dispatchMessage(Handler.java:95)
W/System.err(19620): 	at android.os.Looper.loop(Looper.java:145)
W/System.err(19620): 	at android.app.ActivityThread.main(ActivityThread.java:6917)
W/System.err(19620): 	at java.lang.reflect.Method.invoke(Native Method)
W/System.err(19620): 	at java.lang.reflect.Method.invoke(Method.java:372)
W/System.err(19620): 	at com.android.internal.os.ZygoteInit$MethodAndArgsCaller.run(ZygoteInit.java:1404)
W/System.err(19620): 	at com.android.internal.os.ZygoteInit.main(ZygoteInit.java:1199)
W/System.err(19620): Caused by: android.system.ErrnoException: open failed: ENOENT (No such file or directory)
W/System.err(19620): 	at libcore.io.Posix.open(Native Method)
W/System.err(19620): 	at libcore.io.BlockGuardOs.open(BlockGuardOs.java:186)
W/System.err(19620): 	at libcore.io.IoBridge.open(IoBridge.java:442)
W/System.err(19620): 	... 15 more
W/System.err(19620): java.io.FileNotFoundException: /storage/emulated/0/Android/data/com.dc.hwsj/files/AIHlepSDK/DownloadFiles/MechanistGames_platform_3317042a-af81-49df-bd59-e2ffcc197c06/bot/splitters.xml: open failed: ENOENT (No such file or directory)
W/System.err(19620): 	at libcore.io.IoBridge.open(IoBridge.java:456)
W/System.err(19620): 	at java.io.FileOutputStream.<init>(FileOutputStream.java:87)
W/System.err(19620): 	at java.io.FileOutputStream.<init>(FileOutputStream.java:127)
W/System.err(19620): 	at java.io.FileOutputStream.<init>(FileOutputStream.java:116)
E/Vold    (  257): Failed to find mounted volume for /storage/extSdCard/Android/data/com.dc.hwsj/files/
W/Vold    (  257): Returning OperationFailed - no handler for errno 0
W/System.err(19620): 	at com.ljoy.chatbot.bot.AIBotConfigUtil.createAIBotSupportXMLFile(AIBotConfigUtil.java:434)
W/System.err(19620): 	at com.ljoy.chatbot.bot.AIBotConfigUtil.initAIBotSupportXMLFile(AIBotConfigUtil.java:421)
W/System.err(19620): 	at com.ljoy.chatbot.controller.ElvaServiceController.sendInitRequest(ElvaServiceController.java:261)
W/System.err(19620): 	at com.ljoy.chatbot.sdk.ELvaChatServiceSdk$2.run(ELvaChatServiceSdk.java:210)
W/System.err(19620): 	at android.os.Handler.handleCallback(Handler.java:739)
W/System.err(19620): 	at android.os.Handler.dispatchMessage(Handler.java:95)
W/System.err(19620): 	at android.os.Looper.loop(Looper.java:145)
W/System.err(19620): 	at android.app.ActivityThread.main(ActivityThread.java:6917)
W/System.err(19620): 	at java.lang.reflect.Method.invoke(Native Method)
W/System.err(19620): 	at java.lang.reflect.Method.invoke(Method.java:372)
W/System.err(19620): 	at com.android.internal.os.ZygoteInit$MethodAndArgsCaller.run(ZygoteInit.java:1404)
W/System.err(19620): 	at com.android.internal.os.ZygoteInit.main(ZygoteInit.java:1199)
W/System.err(19620): Caused by: android.system.ErrnoException: open failed: ENOENT (No such file or directory)
W/System.err(19620): 	at libcore.io.Posix.open(Native Method)
W/System.err(19620): 	at libcore.io.BlockGuardOs.open(BlockGuardOs.java:186)
W/System.err(19620): 	at libcore.io.IoBridge.open(IoBridge.java:442)
W/System.err(19620): 	... 15 more
W/System.err(19620): java.io.FileNotFoundException: /storage/emulated/0/Android/data/com.dc.hwsj/files/AIHlepSDK/DownloadFiles/MechanistGames_platform_3317042a-af81-49df-bd59-e2ffcc197c06/bot/substitutions.xml: open failed: ENOENT (No such file or directory)
W/System.err(19620): 	at libcore.io.IoBridge.open(IoBridge.java:456)
W/System.err(19620): 	at java.io.FileOutputStream.<init>(FileOutputStream.java:87)
W/System.err(19620): 	at java.io.FileOutputStream.<init>(FileOutputStream.java:127)
W/System.err(19620): 	at java.io.FileOutputStream.<init>(FileOutputStream.java:116)
W/System.err(19620): 	at com.ljoy.chatbot.bot.AIBotConfigUtil.createAIBotSupportXMLFile(AIBotConfigUtil.java:434)
W/System.err(19620): 	at com.ljoy.chatbot.bot.AIBotConfigUtil.initAIBotSupportXMLFile(AIBotConfigUtil.java:422)
W/System.err(19620): 	at com.ljoy.chatbot.controller.ElvaServiceController.sendInitRequest(ElvaServiceController.java:261)
W/System.err(19620): 	at com.ljoy.chatbot.sdk.ELvaChatServiceSdk$2.run(ELvaChatServiceSdk.java:210)
W/System.err(19620): 	at android.os.Handler.handleCallback(Handler.java:739)
W/System.err(19620): 	at android.os.Handler.dispatchMessage(Handler.java:95)
W/System.err(19620): 	at android.os.Looper.loop(Looper.java:145)
W/System.err(19620): 	at android.app.ActivityThread.main(ActivityThread.java:6917)
W/System.err(19620): 	at java.lang.reflect.Method.invoke(Native Method)
W/System.err(19620): 	at java.lang.reflect.Method.invoke(Method.java:372)
W/System.err(19620): 	at com.android.internal.os.ZygoteInit$MethodAndArgsCaller.run(ZygoteInit.java:1404)
W/System.err(19620): 	at com.android.internal.os.ZygoteInit.main(ZygoteInit.java:1199)
W/System.err(19620): Caused by: android.system.ErrnoException: open failed: ENOENT (No such file or directory)
W/System.err(19620): 	at libcore.io.Posix.open(Native Method)
W/System.err(19620): 	at libcore.io.BlockGuardOs.open(BlockGuardOs.java:186)
W/System.err(19620): 	at libcore.io.IoBridge.open(IoBridge.java:442)
W/System.err(19620): 	... 15 more
D/ConnectivityManager(19620): CallingUid : 11786, CallingPid : 19620
D/ConnectivityManager.CallbackHandler(19620): CM callback handler got msg 524290
D/ConnectivityService( 1120): listenForNetwork for NetworkRequest [ id=1082, legacyType=-1, [ Capabilities: INTERNET&NOT_RESTRICTED&TRUSTED&NOT_VPN] ]
D/ConnectivityService( 1120): handleRegisterNetworkRequest checking NetworkAgentInfo [WIFI () - 502]
D/ConnectivityService( 1120): apparently satisfied.  currentScore=60
D/ConnectivityService( 1120): handleRegisterNetworkRequest checking NetworkAgentInfo [WIFI_P2P () - 501]
I/Sensors ( 1120): AccelerometerSensor(0) setDelay : 10000000(ns)
I/Sensors ( 1120): SensorBase::flush handle(0)
D/SensorManager(19620): registerListener :: 0, K2HH Acceleration , 0, 0,  
D/PhoneWindow(19620): *FMB* isFloatingMenuEnabled mFloatingMenuBtn : null
D/PhoneWindow(19620): *FMB* isFloatingMenuEnabled return false
I/SurfaceFlinger(  258): id=7791 createSurf (1x1),1 flag=4, MuaActivity
D/StatusBarManagerService( 1120): manageDisableList userId=0 what=0x0 pkg=Window{3dacb29e u0 d0 com.dc.hwsj/com.dc.hwsj.LuaActivity}
W/GooglePlayServicesUtil(19620): Google Play Store is missing.
E/PackageManager( 1120): Failed to generatePackageInfoFromSettingsLPw, There isn't package setting object for 
D/InputDispatcher( 1120): Focus entered window: 19620
I/System.out(19620): (HTTPLog)-Static: isSBSettingEnabled false
I/System.out(19620): KnoxVpnUidStorageknoxVpnSupported API value returned is false
D/EnterpriseController(  275): netId is 0
D/Netd    (  275): getNetworkForDns: using netid 502 for uid 11786
D/PointerIcon( 1120): setMouseIconStyle1 pointerType: 1001 iconType:101 flag:0 pid:1120 uid:1000
D/PointerIcon( 1120): setMouseCustomIcon IconType is same.101
I/OpenGLRenderer(19620): Initialized EGL, version 1.4
D/OpenGLRenderer(19620): Get maximum texture size. GL_MAX_TEXTURE_SIZE is 4096
D/OpenGLRenderer(19620): Enabling debug mode 0
E/Watchdog( 1120): !@Sync 63771 [04-26 15:37:34.075]
I/System.out(19620): KnoxVpnUidStorageknoxVpnSupported API value returned is false
I/SurfaceFlinger(  258): id=7792 createSurf (720x1280),1 flag=4, TurfaceView
V/WindowManager( 1120): Adding window Window{316b969b u0 d0 SurfaceView} at 2 of 8 (before Window{3dacb29e u0 d0 com.dc.hwsj/com.dc.hwsj.LuaActivity})
I/FA      (19620): This instance being marked as an uploader
V/GLSurfaceView(19620): glGetString(7937) returns Adreno (TM) 306;
W/ActivityManager( 1120): getRunningAppProcesses: caller 11786 does not hold REAL_GET_TASKS; limiting output
D/InputMethodManagerService( 1120): windowGainedFocus mCurrentFocusedUserId - 0 and mSecureKeypadEnabled-false
E/keystore(  452): mKeyStore->get() error: 7; exiting
W/ActivityManager( 1120): getRunningAppProcesses: caller 11786 does not hold REAL_GET_TASKS; limiting output
E/keystore(  452): mKeyStore->get() error: 7; exiting
E/keystore(  452): mKeyStore->get() error: 7; exiting
W/ActivityManager( 1120): getRunningAppProcesses: caller 11786 does not hold REAL_GET_TASKS; limiting output
I/Timeline( 1120): Timeline: Activity_windows_visible id: ActivityRecord{143af0bc u0 com.dc.hwsj/.LuaActivity t55850} time:1913191554
D/MultiSimUtils( 1429): getPINPUKRequest airPlaneEnabled = 0
D/MultiSimUtils( 1429): getDualModePINPUKRequest : false
D/MultiSimUtils( 1429): getPINPUKRequest airPlaneEnabled = 0
D/MultiSimUtils( 1429): getDualModePINPUKRequest : false
D/CustomFrequencyManagerService( 1120): releaseDVFSLockLocked : Getting Lock type frm List : DVFS_MIN_LIMIT  frequency : 1190400  uid : 1000  pid : 1120  tag : ACTIVITY_RESUME_BOOSTER@6
D/ActivityManager( 1120): mDVFSHelper.release()
D/CustomFrequencyManagerService( 1120): acquireDVFSLockLocked : type : DVFS_MIN_LIMIT  frequency : 1190400  uid : 1000  pid : 1120  pkgName : ACTIVITY_RESUME_BOOSTER@12
D/StatusBar( 1429): getNumberOfActiveSim: 1
D/MultiSimUtils( 1429): getPINPUKRequest airPlaneEnabled = 0
D/MultiSimUtils( 1429): getDualModePINPUKRequest : false
D/MultiSimUtils( 1429): getPINPUKRequest airPlaneEnabled = 0
D/MultiSimUtils( 1429): getDualModePINPUKRequest : false
I/KEY-PinyinIME-180817-b(19326): onFinishInput.
D/PowerManagerService( 1120): [api] acquire WakeLock flags=0x2000000a tag=WindowManager uid=1000 pid=1120
I/KEY-PinyinIME-180817-b(19326): onStartInput  ccontentType: 0 Restarting:false
W/art     (19620): Suspending all threads took: 15.640ms
I/art     (19620): Background sticky concurrent mark sweep GC freed 22336(1533KB) AllocSpace objects, 18(288KB) LOS objects, 0% free, 31MB/31MB, paused 26.369ms total 110.871ms
D/CustomFrequencyManagerService( 1120): releaseDVFSLockLocked : Getting Lock type frm List : DVFS_MIN_LIMIT  frequency : 1190400  uid : 1000  pid : 1120  tag : ACTIVITY_RESUME_BOOSTER@12
D/CustomFrequencyManagerService( 1120): FrequencyrequestList.getNextCStateDisableRequest, index: 0
W/libOpenSLES(19620): class OutputMix interface 0 requested but unavailable MPH=43
V/Corona  (19620): > Class.forName: network.LuaLoader
V/Corona  (19620): < Class.forName: network.LuaLoader
V/Corona  (19620): Loading via reflection: network.LuaLoader
I/Corona  (19620): Platform: SM-J3109 / ARM Neon / 5.1.1 / Adreno (TM) 306 / OpenGL ES 3.0 V@100.0 AU@  (GIT@I856e09677e) / 2018.3326 /  | CN | zh_CN | zh
I/System.out(19620): Elva SendRequestNewTask result:{"forumBestUrl":"https://aihelp.net/forum/home/index/bestlist","storyAimlFileName":"78f49b873cde57eca447a62be925fd47.aiml","topic":"topic","apiDomain":"cs30.net","svrport":"1883","initPeriod":0,"showfaq":"https://cs30.net/elva/FAQ/ShowFAQ.aspx","faqFileName":"ca742f67e507cc995b7d5e54195430f0.json","upload":"https://cs30.net/FileService/api/upload","faqYYdata":"https://cs30.net/elva/api/faqs1","faqdata":"https://cs30.net/elva/api/faqs","ip":"121.78.55.92","show_url":"https://cs30.net/elva/mFAQ/show.aspx","vipChatDomain":"aihelp.net","cdnUrl":"https://cdn.aihelp.net/Elva","botEnable":"false","time":1555915683656,"showfaqlist":"https://cs30.net/elva/mFAQ/Naval.aspx","svrip":"wss26.aihelp.net","faqAimlFileName":"","isReward":false,"faqdataForm":"https://cs30.net/elva/api/faqs2","forumUrl":"https://aihelp.net/forum","OperFileName":"6537f6715f669c09e5fa820639d4ae4b.json","point":"https://cs30.net/elva/api/point","kcpServer":"wss26.aihelp.net"}
I/System.out(19620): (HTTPLog)-Static: isSBSettingEnabled false
E/elvaLog (19620): aiml=false
I/System.out(19620): KnoxVpnUidStorageknoxVpnSupported API value returned is false
D/EnterpriseController(  275): netId is 0
D/Netd    (  275): getNetworkForDns: using netid 502 for uid 11786
E/elvaLog (19620): .netsdkVersion=1.4.3&l=zh_CN&appid=MechanistGames_platform_3317042a-af81-49df-bd59-e2ffcc197c06&faqkey=0
I/System.out(19620): (HTTPLog)-Static: isSBSettingEnabled false
I/System.out(19620): (HTTPLog)-Static: isSBSettingEnabled false
I/System.out(19620): KnoxVpnUidStorageknoxVpnSupported API value returned is false
I/System.out(19620): KnoxVpnUidStorageknoxVpnSupported API value returned is false
I/System.out(19620): KnoxVpnUidStorageknoxVpnSupported API value returned is false
V/Corona  (19620): > Class.forName: shared.google.play.services.base.LuaLoader
I/System.out(19620): (HTTPLog)-Static: isSBSettingEnabled false
I/System.out(19620): KnoxVpnUidStorageknoxVpnSupported API value returned is false
D/EnterpriseController(  275): netId is 0
D/Netd    (  275): getNetworkForDns: using netid 502 for uid 11786
V/Corona  (19620): > Class.forName: _CoronaSetup.LuaLoader
I/Corona  (19620): sssssssssssssss:	750	1334
I/Corona  (19620): ERROR: Unsupported key: supportsSessionProperty in audio library
I/Corona  (19620): createHashFile = 	e98352716fb5d3ebdd7ad2cd5dee9b63e5afae86
E/elvaLog (19620): java.io.FileNotFoundException: /storage/emulated/0/Android/data/com.dc.hwsj/files/AIHlepSDK/DownloadFiles/MechanistGames_platform_3317042a-af81-49df-bd59-e2ffcc197c06/json/faq/zh_CN/ca742f67e507cc995b7d5e54195430f0.json: open failed: ENOENT (No such file or directory)
I/System.out(19620): (HTTPLog)-Static: isSBSettingEnabled false
E/elvaLog (19620): .netsdkVersion=1.4.3&l=zh_CN&appid=MechanistGames_platform_3317042a-af81-49df-bd59-e2ffcc197c06&faqkey=0
I/System.out(19620): (HTTPLog)-Static: isSBSettingEnabled false
I/System.out(19620): KnoxVpnUidStorageknoxVpnSupported API value returned is false
I/Corona  (19620): testAllRegions
E/elvaLog (19620): java.io.FileNotFoundException: /storage/emulated/0/Android/data/com.dc.hwsj/files/AIHlepSDK/DownloadFiles/MechanistGames_platform_3317042a-af81-49df-bd59-e2ffcc197c06/json/faqop/zh_CN/6537f6715f669c09e5fa820639d4ae4b.json: open failed: ENOENT (No such file or directory)
I/System.out(19620): (HTTPLog)-Static: isSBSettingEnabled false
E/elvaLog (19620): .netsdkVersion=1.4.3&l=zh_CN&appid=MechanistGames_platform_3317042a-af81-49df-bd59-e2ffcc197c06&faqkey=0
I/System.out(19620): (HTTPLog)-Static: isSBSettingEnabled false
I/System.out(19620): KnoxVpnUidStorageknoxVpnSupported API value returned is false
I/System.out(19620): KnoxVpnUidStorageknoxVpnSupported API value returned is false
I/System.out(19620): (HTTPLog)-Static: isSBSettingEnabled false
I/System.out(19620): KnoxVpnUidStorageknoxVpnSupported API value returned is false
D/EnterpriseController(  275): netId is 0
D/Netd    (  275): getNetworkForDns: using netid 502 for uid 11786
I/System.out(19620): (HTTPLog)-Static: isSBSettingEnabled false
I/System.out(19620): KnoxVpnUidStorageknoxVpnSupported API value returned is false
I/System.out(19620): (HTTPLog)-Static: isSBSettingEnabled false
I/System.out(19620): KnoxVpnUidStorageknoxVpnSupported API value returned is false
E/elvaLog (19620): java.io.FileNotFoundException: /storage/emulated/0/Android/data/com.dc.hwsj/files/AIHlepSDK/DownloadFiles/MechanistGames_platform_3317042a-af81-49df-bd59-e2ffcc197c06/aiml/zh_CN/78f49b873cde57eca447a62be925fd47_story.aiml: open failed: ENOENT (No such file or directory)
E/elvaLog (19620): AIBOT sendthrowablenull
D/EnterpriseController(  275): netId is 0
D/Netd    (  275): getNetworkForDns: using netid 502 for uid 11786
D/EnterpriseController(  275): netId is 0
D/Netd    (  275): getNetworkForDns: using netid 502 for uid 11786
I/System.out(19620): KnoxVpnUidStorageknoxVpnSupported API value returned is false
I/System.out(19620): KnoxVpnUidStorageknoxVpnSupported API value returned is false
I/System.out(19620): KnoxVpnUidStorageknoxVpnSupported API value returned is false
I/System.out(19620): (HTTPLog)-Static: isSBSettingEnabled false
I/System.out(19620): (HTTPLog)-Static: isSBSettingEnabled false
I/System.out(19620): KnoxVpnUidStorageknoxVpnSupported API value returned is false
I/System.out(19620): KnoxVpnUidStorageknoxVpnSupported API value returned is false
I/System.out(19620): KnoxVpnUidStorageknoxVpnSupported API value returned is false
I/System.out(19620): KnoxVpnUidStorageknoxVpnSupported API value returned is false
I/System.out(19620): (HTTPLog)-Static: isSBSettingEnabled false
I/System.out(19620): KnoxVpnUidStorageknoxVpnSupported API value returned is false
I/System.out(19620): KnoxVpnUidStorageknoxVpnSupported API value returned is false
I/System.out(19620): (HTTPLog)-Static: isSBSettingEnabled false
I/System.out(19620): KnoxVpnUidStorageknoxVpnSupported API value returned is false
I/System.out(19620): (HTTPLog)-Static: isSBSettingEnabled false
I/System.out(19620): KnoxVpnUidStorageknoxVpnSupported API value returned is false
I/System.out(19620): KnoxVpnUidStorageknoxVpnSupported API value returned is false
I/System.out(19620): KnoxVpnUidStorageknoxVpnSupported API value returned is false
I/System.out(19620): (HTTPLog)-Static: isSBSettingEnabled false
I/System.out(19620): KnoxVpnUidStorageknoxVpnSupported API value returned is false
I/System.out(19620): KnoxVpnUidStorageknoxVpnSupported API value returned is false
I/System.out(19620): Elva SendRequestNewDAUTask req:https://cs30.net/elva/api/initset_{"appId":"MechanistGames_platform_3317042a-af81-49df-bd59-e2ffcc197c06","deviceid":"67bdee5c9df248588d986b78984a0741","lan":"zh_CN"}
W/art     ( 8490): Suspending all threads took: 5.078ms
I/art     ( 8490): Background sticky concurrent mark sweep GC freed 163111(3MB) AllocSpace objects, 0(0B) LOS objects, 57% free, 2MB/6MB, paused 6.843ms total 42.188ms
E/SatsServiceData( 1120): Failed to connect daemon - java.io.IOException: Permission denied
D/SSRM:n  ( 1120): SIOP:: AP = 440, CUR = -10, LCD = 0
D/StatusBar.MSimNetworkController( 1429): refreshViews connected={ wifi } phoneId = 0 level=0 mMSimcombinedSignalIconId=0x7f0204fc/com.android.systemui:drawable/stat_sys_wifi_signal_4 mMSimcombinedActivityIconId=0x7f0204ae mAirplaneMode=false mMSimDataActivity=0 mMSimPhoneSignalIconId=0x7f020347/com.android.systemui:drawable/stat_sys_no_sim_ctc mMSimDataDirectionIconId=0x0 mMSimDataSignalIconId=0x7f020347 mMSimDataTypeIconId=0x0/(null) mNoMSimIconId=0x7f0200e1/com.android.systemui:drawable/ic_qs_no_sim mMSimMobileActivityIconId=0x0/(null) mWifiIconId=0x7f0204fc mBluetoothTetherIconId=0x7f0204d4 mRoamingIconId=0x 0/(null)
D/StatusBar.MSimNetworkController( 1429): refreshSignalCluster : called
D/StatusBar.MSimNetworkController( 1429): isSIMOFFOfSlot simDBvalue0 = 1, simDBvalue1 =1
D/StatusBar.MSimNetworkController( 1429): isSIMOFFOfSlot simDBvalue0 = 1, simDBvalue1 =1
D/StatusBar.MSimNetworkController( 1429): isSIMOFFOfSlot simDBvalue0 = 1, simDBvalue1 =1
D/StatusBar.MSimNetworkController( 1429): refreshSignalCluster - sim1 Off
D/StatusBar.MSimNetworkController( 1429): isSIMOFFOfSlot simDBvalue0 = 1, simDBvalue1 =1
D/StatusBar.MSimNetworkController( 1429): refreshSignalCluster - sim2 Off
D/StatusBar.MSimNetworkController( 1429): isSIMOFFOfSlot simDBvalue0 = 1, simDBvalue1 =1
D/StatusBar.MSimNetworkController( 1429): isSIMOFFOfSlot simDBvalue0 = 1, simDBvalue1 =1
D/StatusBar.MSimNetworkController( 1429): isSIMOFFOfSlot simDBvalue0 = 1, simDBvalue1 =1
D/StatusBar.MSimNetworkController( 1429): refreshSignalCluster - sim1 Off
D/StatusBar.MSimNetworkController( 1429): isSIMOFFOfSlot simDBvalue0 = 1, simDBvalue1 =1
D/StatusBar.MSimNetworkController( 1429): refreshSignalCluster - sim2 Off
W/SurfaceFlinger(  258): setTransactionState timed out waiting for previous animation frame
I/SurfaceFlinger(  258): id=7790 Removed iwsj (6/9)
I/SurfaceFlinger(  258): id=7790 Removed iwsj (-2/9)
D/StatusBar.MSimNetworkController( 1429): refreshViews connected={ wifi } phoneId = 0 level=0 mMSimcombinedSignalIconId=0x7f0204fc/com.android.systemui:drawable/stat_sys_wifi_signal_4 mMSimcombinedActivityIconId=0x7f0204b9 mAirplaneMode=false mMSimDataActivity=0 mMSimPhoneSignalIconId=0x7f020347/com.android.systemui:drawable/stat_sys_no_sim_ctc mMSimDataDirectionIconId=0x0 mMSimDataSignalIconId=0x7f020347 mMSimDataTypeIconId=0x0/(null) mNoMSimIconId=0x7f0200e1/com.android.systemui:drawable/ic_qs_no_sim mMSimMobileActivityIconId=0x0/(null) mWifiIconId=0x7f0204fc mBluetoothTetherIconId=0x7f0204d4 mRoamingIconId=0x 0/(null)
D/StatusBar.MSimNetworkController( 1429): refreshSignalCluster : called
D/StatusBar.MSimNetworkController( 1429): isSIMOFFOfSlot simDBvalue0 = 1, simDBvalue1 =1
D/StatusBar.MSimNetworkController( 1429): isSIMOFFOfSlot simDBvalue0 = 1, simDBvalue1 =1
D/StatusBar.MSimNetworkController( 1429): isSIMOFFOfSlot simDBvalue0 = 1, simDBvalue1 =1
D/StatusBar.MSimNetworkController( 1429): refreshSignalCluster - sim1 Off
D/StatusBar.MSimNetworkController( 1429): isSIMOFFOfSlot simDBvalue0 = 1, simDBvalue1 =1
D/StatusBar.MSimNetworkController( 1429): refreshSignalCluster - sim2 Off
I/System.out(19620): dopost resutl: {"data":"{\"info\":\"ok\",\"status\":1}","info":"","stat":1}
D/StatusBar.MSimNetworkController( 1429): isSIMOFFOfSlot simDBvalue0 = 1, simDBvalue1 =1
D/StatusBar.MSimNetworkController( 1429): isSIMOFFOfSlot simDBvalue0 = 1, simDBvalue1 =1
D/StatusBar.MSimNetworkController( 1429): isSIMOFFOfSlot simDBvalue0 = 1, simDBvalue1 =1
D/StatusBar.MSimNetworkController( 1429): refreshSignalCluster - sim1 Off
D/StatusBar.MSimNetworkController( 1429): isSIMOFFOfSlot simDBvalue0 = 1, simDBvalue1 =1
D/StatusBar.MSimNetworkController( 1429): refreshSignalCluster - sim2 Off
I/System.out(19620): appid: 1019  activate sendTime: 0 status: 1  info: ok
I/System.out(19620): Elva SendRequestNewDAUTask result:{"status":false,"code":0,"message":"","time":1556264257375,"data":false}
D/ConnectivityService( 1120): releasing NetworkRequest NetworkRequest [ id=1081, legacyType=-1, [ Capabilities: INTERNET&NOT_RESTRICTED&TRUSTED&NOT_VPN] ]
D/ConnectivityManager.CallbackHandler(19620): CM callback handler got msg 524296
D/SensorService( 1120): cleanupWithoutDisableLocked - size : 1, ref : 3
I/Sensors ( 1120): AccelerometerSensor(0) setDelay : 200000000(ns)
D/SensorManager(19620): unregisterListener ::   
D/SensorService( 1120): cleanupConnection - size : 1, ref : 0
I/System.out(19620): eventId: event_38
I/System.out(19620): timeStamp: 1556264259
I/System.out(19620): ad_monitor_url: https://hwsj-eu-test.clktec.com:20888/frontend/distribute
I/System.out(19620): custom url: https://hwsj-eu-test.clktec.com:20888/frontend/distribute/v1/custom_event
I/System.out(19620): admonitor data: {"version":"1.8","app_id":"1019","act_id":"ad_trace_new","data":"{\"cp_app_id\":1019,\"ad_app_key\":\"3199536a745011e8a870025a896bb440\",\"retail_id\":2,\"event_id\":\"event_38\",\"event_name\":\"\",\"mac\":\"4a40a0b7faffa52e05eef738b87552dd\",\"user_agent\":\"Dalvik\\\/2.1.0 (Linux; U; Android 5.1.1; SM-J3109 Build\\\/LMY47X)\",\"ex_user_agent\":\"Mozilla\\\/5.0 (Linux; Android 5.1.1; SM-J3109 Build\\\/LMY47X; wv) AppleWebKit\\\/537.36 (KHTML, like Gecko) Version\\\/4.0 Chrome\\\/51.0.2704.81 Mobile Safari\\\/537.36\",\"device_id\":\"ccbeb90c9d08c109\",\"os\":\"0\",\"timestamp\":1556264259,\"reserve1\":\"\",\"reserve2\":\"{\\\"deviceType\\\":\\\"android_id\\\"}\"}"}
I/System.out(19620): (HTTPLog)-Static: isSBSettingEnabled false
I/System.out(19620): KnoxVpnUidStorageknoxVpnSupported API value returned is false
D/EnterpriseController(  275): netId is 0
D/Netd    (  275): getNetworkForDns: using netid 502 for uid 11786
I/Timeline(19620): Timeline: Activity_idle id: android.os.BinderProxy@225728b0 time:1913197239
D/Launcher(17224): onStop, Launcher: 25910254
D/Launcher.HomeView(17224): onStop
D/Launcher(17224): onTrimMemory. Level: 20
I/System.out(19620): KnoxVpnUidStorageknoxVpnSupported API value returned is false
V/ActivityThread(17224): updateVisibility : ActivityRecord{59fdd8b token=android.os.BinderProxy@1b29d0cc {com.sec.android.app.launcher/com.android.launcher2.Launcher}} show : false
D/MenuAppsGridFragment(17224): onDestroyView
D/Launcher.HomeView(17224): onDestroyView
I/AppWidgetServiceImpl( 1120): stopListening callbacks : null
D/capture (17224): ----destroy
D/Launcher(17224): onDestroy, Launcher: 25910254
E/Launcher(17224): java.lang.IllegalArgumentException: Receiver not registered: com.android.launcher2.generic.CloseSystemDialogs$CloseSystemDialogsIntentReceiver@302c62a5
D/Launcher(17224): onDetachedFromWindow
E/Launcher(17224): Please Call me after onCreate
W/System.err(17224): java.lang.NullPointerException
W/System.err(17224): 	at com.android.launcher2.Launcher.getInstance(Launcher.java:270)
W/System.err(17224): 	at com.android.launcher2.utilies.LauncherHotwordService.onDetachedFromWindow(LauncherHotwordService.java:48)
W/System.err(17224): 	at com.android.launcher2.Launcher.onDetachedFromWindow(Launcher.java:2263)
W/System.err(17224): 	at com.android.internal.policy.impl.PhoneWindow$DecorView.onDetachedFromWindow(PhoneWindow.java:3731)
W/System.err(17224): 	at android.view.View.dispatchDetachedFromWindow(View.java:14859)
W/System.err(17224): 	at android.view.ViewGroup.dispatchDetachedFromWindow(ViewGroup.java:3142)
W/System.err(17224): 	at android.view.ViewRootImpl.dispatchDetachedFromWindow(ViewRootImpl.java:3501)
W/System.err(17224): 	at android.view.ViewRootImpl.doDie(ViewRootImpl.java:6534)
W/System.err(17224): 	at android.view.ViewRootImpl.die(ViewRootImpl.java:6512)
W/System.err(17224): 	at android.view.WindowManagerGlobal.removeViewLocked(WindowManagerGlobal.java:385)
W/System.err(17224): 	at android.view.WindowManagerGlobal.removeView(WindowManagerGlobal.java:340)
W/System.err(17224): 	at android.view.WindowManagerImpl.removeViewImmediate(WindowManagerImpl.java:122)
W/System.err(17224): 	at android.app.ActivityThread.handleDestroyActivity(ActivityThread.java:4910)
W/System.err(17224): 	at android.app.ActivityThread.access$1600(ActivityThread.java:218)
W/System.err(17224): 	at android.app.ActivityThread$H.handleMessage(ActivityThread.java:1772)
W/System.err(17224): 	at android.os.Handler.dispatchMessage(Handler.java:102)
W/System.err(17224): 	at android.os.Looper.loop(Looper.java:145)
W/System.err(17224): 	at android.app.ActivityThread.main(ActivityThread.java:6917)
W/System.err(17224): 	at java.lang.reflect.Method.invoke(Native Method)
W/System.err(17224): 	at java.lang.reflect.Method.invoke(Method.java:372)
W/System.err(17224): 	at com.android.internal.os.ZygoteInit$MethodAndArgsCaller.run(ZygoteInit.java:1404)
W/System.err(17224): 	at com.android.internal.os.ZygoteInit.main(ZygoteInit.java:1199)
W/GooglePlayServicesUtil(19620): Google Play Store is missing.
E/PackageManager( 1120): Failed to generatePackageInfoFromSettingsLPw, There isn't package setting object for 
E/ActivityThread(17224): Activity com.android.launcher2.Launcher has leaked ServiceConnection com.google.android.hotword.client.HotwordServiceClient$HotwordServiceConnection@2f892db8 that was originally bound here
E/ActivityThread(17224): android.app.ServiceConnectionLeaked: Activity com.android.launcher2.Launcher has leaked ServiceConnection com.google.android.hotword.client.HotwordServiceClient$HotwordServiceConnection@2f892db8 that was originally bound here
E/ActivityThread(17224): 	at android.app.LoadedApk$ServiceDispatcher.<init>(LoadedApk.java:1189)
E/ActivityThread(17224): 	at android.app.LoadedApk.getServiceDispatcher(LoadedApk.java:1083)
E/ActivityThread(17224): 	at android.app.ContextImpl.bindServiceCommon(ContextImpl.java:2220)
E/ActivityThread(17224): 	at android.app.ContextImpl.bindService(ContextImpl.java:2203)
E/ActivityThread(17224): 	at android.content.ContextWrapper.bindService(ContextWrapper.java:560)
E/ActivityThread(17224): 	at com.google.android.hotword.client.HotwordServiceClient.internalBind(HotwordServiceClient.java:117)
E/ActivityThread(17224): 	at com.google.android.hotword.client.HotwordServiceClient.onAttachedToWindow(HotwordServiceClient.java:65)
E/ActivityThread(17224): 	at com.android.launcher2.utilies.LauncherHotwordService.onAttachedToWindow(LauncherHotwordService.java:31)
E/ActivityThread(17224): 	at com.android.launcher2.Launcher.onAttachedToWindow(Launcher.java:2230)
E/ActivityThread(17224): 	at com.android.internal.policy.impl.PhoneWindow$DecorView.onAttachedToWindow(PhoneWindow.java:3687)
E/ActivityThread(17224): 	at android.view.View.dispatchAttachedToWindow(View.java:14824)
E/ActivityThread(17224): 	at android.view.ViewGroup.dispatchAttachedToWindow(ViewGroup.java:2989)
E/ActivityThread(17224): 	at android.view.ViewRootImpl.performTraversals(ViewRootImpl.java:1564)
E/ActivityThread(17224): 	at android.view.ViewRootImpl.doTraversal(ViewRootImpl.java:1305)
E/ActivityThread(17224): 	at android.view.ViewRootImpl$TraversalRunnable.run(ViewRootImpl.java:7027)
E/ActivityThread(17224): 	at android.view.Choreographer$CallbackRecord.run(Choreographer.java:829)
E/ActivityThread(17224): 	at android.view.Choreographer.doCallbacks(Choreographer.java:606)
E/ActivityThread(17224): 	at android.view.Choreographer.doFrame(Choreographer.java:576)
E/ActivityThread(17224): 	at android.view.Choreographer$FrameDisplayEventReceiver.run(Choreographer.java:815)
E/ActivityThread(17224): 	at android.os.Handler.handleCallback(Handler.java:739)
E/ActivityThread(17224): 	at android.os.Handler.dispatchMessage(Handler.java:95)
E/ActivityThread(17224): 	at android.os.Looper.loop(Looper.java:145)
E/ActivityThread(17224): 	at android.app.ActivityThread.main(ActivityThread.java:6917)
E/ActivityThread(17224): 	at java.lang.reflect.Method.invoke(Native Method)
E/ActivityThread(17224): 	at java.lang.reflect.Method.invoke(Method.java:372)
E/ActivityThread(17224): 	at com.android.internal.os.ZygoteInit$MethodAndArgsCaller.run(ZygoteInit.java:1404)
E/ActivityThread(17224): 	at com.android.internal.os.ZygoteInit.main(ZygoteInit.java:1199)
W/ActivityManager( 1120): Unbind failed: could not find connection for android.os.BinderProxy@172411e4
W/GooglePlayServicesUtil(19620): Google Play Store is missing.
E/PackageManager( 1120): Failed to generatePackageInfoFromSettingsLPw, There isn't package setting object for 
W/GooglePlayServicesUtil(19620): Google Play Store is missing.
E/PackageManager( 1120): Failed to generatePackageInfoFromSettingsLPw, There isn't package setting object for 
I/System.out(19620): (HTTPLog)-Static: isSBSettingEnabled false
I/System.out(19620): KnoxVpnUidStorageknoxVpnSupported API value returned is false
D/EnterpriseController(  275): netId is 0
D/Netd    (  275): getNetworkForDns: using netid 502 for uid 11786
I/System.out(19620): KnoxVpnUidStorageknoxVpnSupported API value returned is false
W/FA      (19620): Callable skipped the worker queue.
I/Corona  (19620): endRequest	https://hwsj-eu-test.clktec.com:20888/frontend/distribute	4001.005
I/Corona  (19620): endRequest	https://hwsj-eu-test.clktec.com:20888/frontend/distribute	4001.005
I/Corona  (19620): endRequest	https://hwsj-eu-test.clktec.com:20888/frontend/distribute	4001.005
I/Corona  (19620): endRequest	https://hwsj-eu-test.clktec.com:20888/frontend/distribute	4001.005
I/Corona  (19620): endRequest	https://hwsj-eu-test.clktec.com:20888/frontend/distribute	4001.005
I/Corona  (19620): endRequest	https://hwsj-eu-test.clktec.com:20888/frontend/distribute	4001.005
I/Corona  (19620): endRequest	https://hwsj-eu-test.clktec.com:20888/frontend/distribute	4001.005
I/Corona  (19620): endRequest	https://hwsj-eu-test.clktec.com:20888/frontend/distribute	4001.005
I/Corona  (19620): endRequest	https://hwsj-eu-test.clktec.com:20888/frontend/distribute	4001.005
D/StatusBar.MSimNetworkController( 1429): refreshViews connected={ wifi } phoneId = 0 level=0 mMSimcombinedSignalIconId=0x7f0204fc/com.android.systemui:drawable/stat_sys_wifi_signal_4 mMSimcombinedActivityIconId=0x7f0204ab mAirplaneMode=false mMSimDataActivity=0 mMSimPhoneSignalIconId=0x7f020347/com.android.systemui:drawable/stat_sys_no_sim_ctc mMSimDataDirectionIconId=0x0 mMSimDataSignalIconId=0x7f020347 mMSimDataTypeIconId=0x0/(null) mNoMSimIconId=0x7f0200e1/com.android.systemui:drawable/ic_qs_no_sim mMSimMobileActivityIconId=0x0/(null) mWifiIconId=0x7f0204fc mBluetoothTetherIconId=0x7f0204d4 mRoamingIconId=0x 0/(null)
D/StatusBar.MSimNetworkController( 1429): refreshSignalCluster : called
D/StatusBar.MSimNetworkController( 1429): isSIMOFFOfSlot simDBvalue0 = 1, simDBvalue1 =1
D/StatusBar.MSimNetworkController( 1429): isSIMOFFOfSlot simDBvalue0 = 1, simDBvalue1 =1
D/StatusBar.MSimNetworkController( 1429): isSIMOFFOfSlot simDBvalue0 = 1, simDBvalue1 =1
D/StatusBar.MSimNetworkController( 1429): refreshSignalCluster - sim1 Off
D/StatusBar.MSimNetworkController( 1429): isSIMOFFOfSlot simDBvalue0 = 1, simDBvalue1 =1
D/StatusBar.MSimNetworkController( 1429): refreshSignalCluster - sim2 Off
D/StatusBar.MSimNetworkController( 1429): isSIMOFFOfSlot simDBvalue0 = 1, simDBvalue1 =1
D/StatusBar.MSimNetworkController( 1429): isSIMOFFOfSlot simDBvalue0 = 1, simDBvalue1 =1
D/StatusBar.MSimNetworkController( 1429): isSIMOFFOfSlot simDBvalue0 = 1, simDBvalue1 =1
D/StatusBar.MSimNetworkController( 1429): refreshSignalCluster - sim1 Off
D/StatusBar.MSimNetworkController( 1429): isSIMOFFOfSlot simDBvalue0 = 1, simDBvalue1 =1
D/StatusBar.MSimNetworkController( 1429): refreshSignalCluster - sim2 Off
E/SatsServiceData( 1120): Failed to connect daemon - java.io.IOException: Permission denied
D/KeyguardUpdateMonitor( 1429): received broadcast android.intent.action.BATTERY_CHANGED
I/PERF    ( 1429): received broadcast android.intent.action.BATTERY_CHANGED
D/KeyguardUpdateMonitor( 1429): handleBatteryUpdate
D/BatteryService( 1120): !@BatteryListener : batteryPropertiesChanged!
D/BatteryService( 1120): level:92, scale:100, status:2, health:2, present:true, voltage: 4335, temperature: 314, technology: Li-ion, AC powered:false, USB powered:true, POGO powered:false, Wireless powered:false, icon:17303416, invalid charger:0
D/BatteryService( 1120): online:6, current avg:-10, charge type:1, power sharing:false, high voltage charger:false, capacity:280000, batterySWSelfDischarging:false, current_now:-11
D/BatteryService( 1120): Sending ACTION_BATTERY_CHANGED.
I/MotionRecognitionService( 1120): Plugged
D/MotionRecognitionService( 1120):   cableConnection= 1
D/MotionRecognitionService( 1120): setPowerConnected | current backoffstate  = 0 , state =0
D/MotionRecognitionService( 1120): skip setTransmitPower. 
V/HeadsetService( 3484): HeadsetService - Received Intent.ACTION_BATTERY_CHANGED
D/HeadsetStateMachine( 3484): Disconnected process message: 10
D/QSTile.TorchLightTile( 1429): ACTION_BATTERY_CHANGED - Level :: 92, Status :: 2
D/BatteryMeterView( 1429): ACTION_BATTERY_CHANGED : level:92 status:2 health:2
D/BatteryMeterView( 1429): ACTION_BATTERY_CHANGED : level:92 status:2 health:2
D/BatteryMeterView( 1429): ACTION_BATTERY_CHANGED : level:92 status:2 health:2
E/Corona  (19620): ERROR: network: unexpected end of stream: https://hwsj-eu-test.clktec.com:20888/frontend/distribute (java.net.ProtocolException)
D/InputReader( 1120): Input event(3): value=1 when=1913198780801000
I/InputReader( 1120): Touch event's action is 0x0 (deviceType=0) [pCnt=1, s=0.5 ] when=1913198780801000
D/InputReader( 1120): lastThreadEndTime = 1913191427952413, currentThreadStartTime = 1913191427956371, diff = 0
I/InputDispatcher( 1120): Delivering touch to (19620): action: 0x0, toolType: 1
D/ViewRootImpl(19620): ViewPostImeInputStage ACTION_DOWN
D/InputReader( 1120): Input event(3): value=0 when=1913198892742000
I/InputReader( 1120): Touch event's action is 0x1 (deviceType=0) [pCnt=1, s=] when=1913198892742000
I/InputDispatcher( 1120): Delivering touch to (19620): action: 0x1, toolType: 1
I/Corona  (19620): testAllRegions
I/System.out(19620): (HTTPLog)-Static: isSBSettingEnabled false
I/System.out(19620): (HTTPLog)-Static: isSBSettingEnabled false
I/System.out(19620): (HTTPLog)-Static: isSBSettingEnabled false
I/System.out(19620): (HTTPLog)-Static: isSBSettingEnabled false
I/System.out(19620): (HTTPLog)-Static: isSBSettingEnabled false
I/System.out(19620): (HTTPLog)-Static: isSBSettingEnabled false
I/System.out(19620): KnoxVpnUidStorageknoxVpnSupported API value returned is false
I/System.out(19620): KnoxVpnUidStorageknoxVpnSupported API value returned is false
I/System.out(19620): KnoxVpnUidStorageknoxVpnSupported API value returned is false
I/System.out(19620): KnoxVpnUidStorageknoxVpnSupported API value returned is false
I/System.out(19620): KnoxVpnUidStorageknoxVpnSupported API value returned is false
I/System.out(19620): KnoxVpnUidStorageknoxVpnSupported API value returned is false
I/System.out(19620): (HTTPLog)-Static: isSBSettingEnabled false
I/System.out(19620): KnoxVpnUidStorageknoxVpnSupported API value returned is false
I/System.out(19620): KnoxVpnUidStorageknoxVpnSupported API value returned is false
I/System.out(19620): (HTTPLog)-Static: isSBSettingEnabled false
I/System.out(19620): (HTTPLog)-Static: isSBSettingEnabled false
I/System.out(19620): KnoxVpnUidStorageknoxVpnSupported API value returned is false
I/System.out(19620): KnoxVpnUidStorageknoxVpnSupported API value returned is false
I/System.out(19620): KnoxVpnUidStorageknoxVpnSupported API value returned is false
I/System.out(19620): KnoxVpnUidStorageknoxVpnSupported API value returned is false
D/PackageManager( 1120): [MSG] WRITE_PACKAGE_RESTRICTIONS
D/ActivityManager( 1120): isDeviceAdminActiveApp false :com.dc.hwsj
E/ActivityManager( 1120): isAutoRunBlockedApp:: com.dc.hwsj, Auto Run OFF
V/BroadcastQueue( 1120): [background] Process cur broadcast BroadcastRecord{1227464d u0 com.google.android.gms.measurement.UPLOAD qIdx=4} DELIVERED for app ProcessRecord{32618184 19620:com.dc.hwsj/u0a1786}
D/ActivityManager( 1120): startService callerProcessName:com.dc.hwsj, calleePkgName: com.dc.hwsj
D/ActivityManager( 1120): caller:android.app.ApplicationThreadProxy@1eb29502, r.packageName :com.dc.hwsj
I/System.out(19620): (HTTPLog)-Static: isSBSettingEnabled false
I/System.out(19620): KnoxVpnUidStorageknoxVpnSupported API value returned is false
D/EnterpriseController(  275): netId is 0
D/Netd    (  275): getNetworkForDns: using netid 502 for uid 11786
I/System.out(19620): (HTTPLog)-Static: isSBSettingEnabled false
I/System.out(19620): KnoxVpnUidStorageknoxVpnSupported API value returned is false
D/EnterpriseController(  275): netId is 0
D/Netd    (  275): getNetworkForDns: using netid 502 for uid 11786
I/Corona  (19620): event.response:	https://hwsj-eu-test.clktec.com:20888/frontend/distribute	{"data":"{\"Data\":{\"IsOpen\":1,\"CurrentRegionId\":1,\"CurrentRegionAppId\":1020,\"CurrentRegionTimeZone\":3,\"IsWarnPrivacy\":0,\"RecommendRegionId\":2,\"RecommendRegionAppId\":1022,\"RecommendRegionTimeZone\":8},\"Info\":\"\",\"Code\":0,\"Sess\":\"\"}","info":"","stat":1}
I/Corona  (19620): https://hwsj-eu-test.clktec.com:20888/frontend/distribute	1528.003
I/Corona  (19620): event.response:	https://hwsj-eu-test.clktec.com:20888/frontend/distribute	{"data":"{\"Info\":\"\",\"Code\":0,\"Sess\":\"\",\"Data\":{\"CurrentRegionAppId\":1020,\"CurrentRegionTimeZone\":3,\"IsWarnPrivacy\":0,\"RecommendRegionId\":2,\"RecommendRegionAppId\":1022,\"RecommendRegionTimeZone\":8,\"IsOpen\":1,\"CurrentRegionId\":1}}","info":"","stat":1}
I/Corona  (19620): https://hwsj-eu-test.clktec.com:20888/frontend/distribute	1543.851
I/Corona  (19620): event.response:	https://hwsj-eu-test.clktec.com:20888/frontend/distribute	{"data":"{\"Data\":{\"RecommendRegionTimeZone\":8,\"IsOpen\":1,\"CurrentRegionId\":1,\"CurrentRegionAppId\":1020,\"CurrentRegionTimeZone\":3,\"IsWarnPrivacy\":0,\"RecommendRegionId\":2,\"RecommendRegionAppId\":1022},\"Info\":\"\",\"Code\":0,\"Sess\":\"\"}","info":"","stat":1}
I/Corona  (19620): https://hwsj-eu-test.clktec.com:20888/frontend/distribute	1610.916
I/System.out(19620): dopost resutl: {"data":"{\"info\":\"ok\",\"status\":1}","info":"","stat":1}
I/System.out(19620): eventId: event_38  custom status: 1  info: ok
I/System.out(19620): KnoxVpnUidStorageknoxVpnSupported API value returned is false
D/InputReader( 1120): Input event(3): value=1 when=1913200845852000
I/InputReader( 1120): Touch event's action is 0x0 (deviceType=0) [pCnt=1, s=0.6 ] when=1913200845852000
D/InputReader( 1120): lastThreadEndTime = 1913198892999076, currentThreadStartTime = 1913198893002514, diff = 0
I/InputDispatcher( 1120): Delivering touch to (19620): action: 0x0, toolType: 1
D/ViewRootImpl(19620): ViewPostImeInputStage ACTION_DOWN
D/InputReader( 1120): Input event(3): value=0 when=1913200995830000
I/InputReader( 1120): Touch event's action is 0x1 (deviceType=0) [pCnt=1, s=] when=1913200995830000
I/InputDispatcher( 1120): Delivering touch to (19620): action: 0x1, toolType: 1
D/ActivityManager( 1120): bindService callerProcessName:com.dc.hwsj, calleePkgName: com.dc.hwsj, action: com.google.android.gms.measurement.START
D/ActivityManager( 1120): caller:android.app.ApplicationThreadProxy@28026850, r.packageName :com.dc.hwsj
D/ActivityManager( 1120): isDeviceAdminActiveApp false :com.dc.hwsj
E/ActivityManager( 1120): isAutoRunBlockedApp:: com.dc.hwsj, Auto Run OFF
V/BroadcastQueue( 1120): [background] Process cur broadcast BroadcastRecord{2462a86f u0 com.google.android.gms.measurement.UPLOAD qIdx=4} DELIVERED for app ProcessRecord{32618184 19620:com.dc.hwsj/u0a1786}
D/ActivityManager( 1120): startService callerProcessName:com.dc.hwsj, calleePkgName: com.dc.hwsj
D/ActivityManager( 1120): caller:android.app.ApplicationThreadProxy@22db97c, r.packageName :com.dc.hwsj
I/System.out(19620): KnoxVpnUidStorageknoxVpnSupported API value returned is false
I/Corona  (19620): endRequest	https://hwsj-eu-test.clktec.com:20888/frontend/distribute	1610.916
I/Corona  (19620): endRequest	https://hwsj-eu-test.clktec.com:20888/frontend/distribute	1610.916
I/Corona  (19620): endRequest	https://hwsj-eu-test.clktec.com:20888/frontend/distribute	1610.916
I/Corona  (19620): endRequest	https://hwsj-eu-test.clktec.com:20888/frontend/distribute	1610.916
I/Corona  (19620): endRequest	https://hwsj-eu-test.clktec.com:20888/frontend/distribute	1610.916
I/Corona  (19620): endRequest	https://hwsj-eu-test.clktec.com:20888/frontend/distribute	1610.916
I/Corona  (19620): endRequest	https://hwsj-eu-test.clktec.com:20888/frontend/distribute	1610.916
I/Corona  (19620): endRequest	https://hwsj-eu-test.clktec.com:20888/frontend/distribute	1610.916
I/Corona  (19620): endRequest	https://hwsj-eu-test.clktec.com:20888/frontend/distribute	1610.916
I/Corona  (19620): verifyFile > try to read file = gLocalConfig.datahash
I/Corona  (19620): hashStr = 	e98352716fb5d3ebdd7ad2cd5dee9b63e5afae86
I/Corona  (19620): realHash = 	e98352716fb5d3ebdd7ad2cd5dee9b63e5afae86
I/Corona  (19620): gLocalConfig.data==verifyFile true!
I/System.out(19620): appIdActivity: isactivity1021  false
I/System.out(19620): activate url: https://hwsj-eu-test.clktec.com:20888/frontend/distribute/v1/active_event
I/System.out(19620): admonitor data: {"version":"1.8","app_id":"1021","act_id":"ad_trace_new","data":"{\"cp_app_id\":1021,\"ad_app_key\":\"3199536a745011e8a870025a896bb440\",\"retail_id\":2,\"ad_uuid\":\"\",\"channel_id\":0,\"mac\":\"4a40a0b7faffa52e05eef738b87552dd\",\"user_agent\":\"Dalvik\\\/2.1.0 (Linux; U; Android 5.1.1; SM-J3109 Build\\\/LMY47X)\",\"ex_user_agent\":\"Mozilla\\\/5.0 (Linux; Android 5.1.1; SM-J3109 Build\\\/LMY47X; wv) AppleWebKit\\\/537.36 (KHTML, like Gecko) Version\\\/4.0 Chrome\\\/51.0.2704.81 Mobile Safari\\\/537.36\",\"device_id\":\"ccbeb90c9d08c109\",\"os\":\"0\",\"timestamp\":1556264265,\"reserve\":\"{\\\"deviceType\\\":\\\"android_id\\\"}\"}"}
I/System.out(19620): (HTTPLog)-Static: isSBSettingEnabled false
I/Corona  (19620): isDirExist:	log not exist:	cannot obtain information from file `/data/data/com.dc.hwsj/app_data/log'
I/System.out(19620): eventId: event_1
I/System.out(19620): timeStamp: 1556264265
I/System.out(19620): ad_monitor_url: https://hwsj-eu-test.clktec.com:20888/frontend/distribute
I/System.out(19620): custom url: https://hwsj-eu-test.clktec.com:20888/frontend/distribute/v1/custom_event
I/System.out(19620): admonitor data: {"version":"1.8","app_id":"1021","act_id":"ad_trace_new","data":"{\"cp_app_id\":1021,\"ad_app_key\":\"3199536a745011e8a870025a896bb440\",\"retail_id\":2,\"event_id\":\"event_1\",\"event_name\":\"\",\"mac\":\"4a40a0b7faffa52e05eef738b87552dd\",\"user_agent\":\"Dalvik\\\/2.1.0 (Linux; U; Android 5.1.1; SM-J3109 Build\\\/LMY47X)\",\"ex_user_agent\":\"Mozilla\\\/5.0 (Linux; Android 5.1.1; SM-J3109 Bu