D/ActivityManager( 1120): isAutoRunBlockedApp:: com.samsung.android.SettingsReceiver, Auto Run ON
D/ActivityManager( 1120): isDeviceAdminActiveApp false :com.android.stk
D/ActivityManager( 1120): isAutoRunBlockedApp:: com.android.stk, Auto Run ON
D/ActivityManager( 1120): isDeviceAdminActiveApp false :com.android.stk2
D/ActivityManager( 1120): isAutoRunBlockedApp:: com.android.stk2, Auto Run ON
D/ActivityManager( 1120): isDeviceAdminActiveApp false :com.sec.enterprise.mdm.services.simpin
D/ActivityManager( 1120): isAutoRunBlockedApp:: com.sec.enterprise.mdm.services.simpin, Auto Run ON
D/ActivityManager( 1120): isDeviceAdminActiveApp false :com.android.settings
D/ActivityManager( 1120): isAutoRunBlockedApp:: com.android.settings, Auto Run ON
D/ActivityManager( 1120): isDeviceAdminActiveApp false :com.sec.android.app.bluetoothtest
D/ActivityManager( 1120): isAutoRunBlockedApp:: com.sec.android.app.bluetoothtest, Auto Run ON
D/ActivityManager( 1120): isDeviceAdminActiveApp false :com.android.phone
D/ActivityManager( 1120): isAutoRunBlockedApp:: com.android.phone, Auto Run ON
D/ActivityManager( 1120): isDeviceAdminActiveApp false :com.sec.android.app.irsettings
D/ActivityManager( 1120): isAutoRunBlockedApp:: com.sec.android.app.irsettings, Auto Run ON
D/ActivityManager( 1120): isDeviceAdminActiveApp false :com.samsung.sec.android.application.csc
D/ActivityManager( 1120): isAutoRunBlockedApp:: com.samsung.sec.android.application.csc, Auto Run ON
D/ActivityManager( 1120): isDeviceAdminActiveApp false :com.android.nfc
D/ActivityManager( 1120): isAutoRunBlockedApp:: com.android.nfc, Auto Run ON
D/ActivityManager( 1120): isDeviceAdminActiveApp false :com.android.systemui
D/ActivityManager( 1120): isAutoRunBlockedApp:: com.android.systemui, Auto Run ON
D/ActivityManager( 1120): isDeviceAdminActiveApp false :com.sec.android.providers.security
D/ActivityManager( 1120): isAutoRunBlockedApp:: com.sec.android.providers.security, Auto Run ON
D/ActivityManager( 1120): isDeviceAdminActiveApp false :android
D/ActivityManager( 1120): isAutoRunBlockedApp:: android, Auto Run ON
D/ActivityManager( 1120): isDeviceAdminActiveApp false :com.android.providers.settings
D/ActivityManager( 1120): isAutoRunBlockedApp:: com.android.providers.settings, Auto Run ON
D/ActivityManager( 1120): isDeviceAdminActiveApp false :com.android.server.telecom
D/ActivityManager( 1120): isAutoRunBlockedApp:: com.android.server.telecom, Auto Run ON
I/PackageManager( 1120): Posting MCS_BOUND for next work in MCS_BOUND 
D/PackageManager( 1120): remove MCS_UNBIND message and Posting MCS_UNBIND 10 secs later
V/AlarmManager( 1120): waitForAlarm result :4
D/ActivityManager( 1120): isDeviceAdminActiveApp false :com.tencent.mobileqq
D/ActivityManager( 1120): isAutoRunBlockedApp:: com.tencent.mobileqq, Auto Run ON
D/ActivityManager( 1120): isDeviceAdminActiveApp false :com.tencent.mobileqq
D/ActivityManager( 1120): isDeviceAdminActiveApp false :com.tencent.mobileqq
D/ActivityManager( 1120): isAutoRunBlockedApp:: com.tencent.mobileqq, Auto Run ON
D/ActivityManager( 1120): isDeviceAdminActiveApp false :com.tencent.mobileqq
D/ActivityManager( 1120): isDeviceAdminActiveApp false :com.qualcomm.atfwd
D/ActivityManager( 1120): isAutoRunBlockedApp:: com.qualcomm.atfwd, Auto Run ON
D/ActivityManager( 1120): isDeviceAdminActiveApp false :com.android.systemui
D/ActivityManager( 1120): isAutoRunBlockedApp:: com.android.systemui, Auto Run ON
D/ActivityManager( 1120): isDeviceAdminActiveApp false :com.android.systemui
D/ActivityManager( 1120): isAutoRunBlockedApp:: com.android.systemui, Auto Run ON
D/ActivityManager( 1120): isDeviceAdminActiveApp false :com.android.providers.media
D/ActivityManager( 1120): isAutoRunBlockedApp:: com.android.providers.media, Auto Run ON
D/ActivityManager( 1120): isDeviceAdminActiveApp false :com.android.providers.downloads
D/ActivityManager( 1120): isAutoRunBlockedApp:: com.android.providers.downloads, Auto Run ON
D/ActivityManager( 1120): isDeviceAdminActiveApp false :com.android.providers.userdictionary
D/ActivityManager( 1120): isAutoRunBlockedApp:: com.android.providers.userdictionary, Auto Run ON
D/ActivityManager( 1120): isDeviceAdminActiveApp false :com.android.providers.contacts
D/ActivityManager( 1120): isAutoRunBlockedApp:: com.android.providers.contacts, Auto Run ON
D/ActivityManager( 1120): isDeviceAdminActiveApp false :cn.testin.itestin
E/ActivityManager( 1120): isAutoRunBlockedApp:: cn.testin.itestin, Auto Run OFF
D/ActivityManager( 1120): isDeviceAdminActiveApp false :cn.testin.itestin
D/ActivityManager( 1120): isDeviceAdminActiveApp false :cn.testin.itestin
E/ActivityManager( 1120): isAutoRunBlockedApp:: cn.testin.itestin, Auto Run OFF
D/ActivityManager( 1120): isDeviceAdminActiveApp false :cn.testin.itestin
D/ActivityManager( 1120): isDeviceAdminActiveApp false :cn.testin.itestin
E/ActivityManager( 1120): isAutoRunBlockedApp:: cn.testin.itestin, Auto Run OFF
D/ActivityManager( 1120): isDeviceAdminActiveApp false :cn.testin.itestin
D/ActivityManager( 1120): isDeviceAdminActiveApp false :cn.testin.itestin
E/ActivityManager( 1120): isAutoRunBlockedApp:: cn.testin.itestin, Auto Run OFF
D/ActivityManager( 1120): isDeviceAdminActiveApp false :cn.testin.itestin
D/ActivityManager( 1120): isDeviceAdminActiveApp false :com.tencent.mobileqq
I/ActivityManager( 1120): Force stopping com.tencent.mobileqq appid=11574 user=0: from pid 1120
I/ActivityManager( 1120): Killing 18859:com.tencent.mobileqq/u0a1574 (adj 9): stop com.tencent.mobileqq cause from pid 1120
D/ActivityManager( 1120): cleanUpApplicationRecord -- 18859
D/ActivityManager( 1120): isDeviceAdminActiveApp false :com.tencent.mobileqq
D/ActivityManager( 1120): isAutoRunBlockedApp:: com.tencent.mobileqq, Auto Run ON
I/ActivityManager( 1120): Killing 18841:com.tencent.mobileqq:MSF/u0a1574 (adj 5): stop com.tencent.mobileqq cause from pid 1120
D/ActivityManager( 1120): cleanUpApplicationRecord -- 18841
D/ActivityManager( 1120): isDeviceAdminActiveApp false :com.tencent.mobileqq
D/ActivityManager( 1120): isAutoRunBlockedApp:: com.tencent.mobileqq, Auto Run ON
I/ActivityManager( 1120): isWidgetUsingPkg : com.tencent.mobileqq no widget is using.
W/ActivityManager( 1120): Scheduling restart of crashed service com.tencent.mobileqq/.msf.service.MsfService in 1000ms
I/ActivityManager( 1120):   Force stopping service ServiceRecord{20458cde u0 com.tencent.mobileqq/.msf.service.MsfService}
D/ActivityManager( 1120): isDeviceAdminActiveApp false :android
D/ActivityManager( 1120): isAutoRunBlockedApp:: android, Auto Run ON
V/BroadcastQueue( 1120): [background] Process cur broadcast BroadcastRecord{3d7eeb16 u0 android.intent.action.PACKAGE_RESTARTED qIdx=4} DELIVERED for app ProcessRecord{6245eab 1120:system/1000}
D/ActivityManager( 1120): isDeviceAdminActiveApp false :com.sec.android.app.soundalive
D/ActivityManager( 1120): isAutoRunBlockedApp:: com.sec.android.app.soundalive, Auto Run ON
V/BroadcastQueue( 1120): [background] Process cur broadcast BroadcastRecord{3d7eeb16 u0 android.intent.action.PACKAGE_RESTARTED qIdx=4} DELIVERED for app ProcessRecord{21a7fc3c 18122:com.sec.android.app.soundalive/u0a34}
D/ActivityManager( 1120): isDeviceAdminActiveApp false :com.sec.android.daemonapp
D/ActivityManager( 1120): isAutoRunBlockedApp:: com.sec.android.daemonapp, Auto Run ON
V/BroadcastQueue( 1120): [background] Process cur broadcast BroadcastRecord{3d7eeb16 u0 android.intent.action.PACKAGE_RESTARTED qIdx=4} DELIVERED for app ProcessRecord{2a1945c8 29396:com.sec.android.daemonapp/u0a98}
E/Watchdog( 1120): !@Sync 63759 [04-26 15:31:34.066]
E/SatsServiceData( 1120): Failed to connect daemon - java.io.IOException: Permission denied
D/SSRM:n  ( 1120): SIOP:: AP = 360, CUR = -10, LCD = 0
D/BatteryService( 1120): !@BatteryListener : batteryPropertiesChanged!
D/BatteryService( 1120): level:92, scale:100, status:2, health:2, present:true, voltage: 4332, temperature: 307, technology: Li-ion, AC powered:false, USB powered:true, POGO powered:false, Wireless powered:false, icon:17303416, invalid charger:0
D/BatteryService( 1120): online:6, current avg:-10, charge type:1, power sharing:false, high voltage charger:false, capacity:280000, batterySWSelfDischarging:false, current_now:-11
D/BatteryService( 1120): stay LED for charging
D/BatteryService( 1120): Sending ACTION_BATTERY_CHANGED.
I/MotionRecognitionService( 1120): Plugged
D/MotionRecognitionService( 1120):   cableConnection= 1
D/MotionRecognitionService( 1120): setPowerConnected | current backoffstate  = 0 , state =0
D/MotionRecognitionService( 1120): skip setTransmitPower. 
D/BatteryMeterView( 1429): ACTION_BATTERY_CHANGED : level:92 status:2 health:2
D/BatteryMeterView( 1429): ACTION_BATTERY_CHANGED : level:92 status:2 health:2
D/BatteryMeterView( 1429): ACTION_BATTERY_CHANGED : level:92 status:2 health:2
E/SatsServiceData( 1120): Failed to connect daemon - java.io.IOException: Permission denied
D/PackageManager( 1120): [MSG] MCS_UNBIND
D/PackageManager( 1120): [MSG] WRITE_PACKAGE_RESTRICTIONS
E/SatsServiceData( 1120): Failed to connect daemon - java.io.IOException: Permission denied
D/SSRM:n  ( 1120): SIOP:: AP = 350, CUR = -10, LCD = 0
D/BatteryService( 1120): !@BatteryListener : batteryPropertiesChanged!
E/SatsServiceData( 1120): Failed to connect daemon - java.io.IOException: Permission denied
E/SatsServiceData( 1120): Failed to connect daemon - java.io.IOException: Permission denied
D/SSRM:n  ( 1120): SIOP:: AP = 350, CUR = -10, LCD = 0
D/BatteryService( 1120): !@BatteryListener : batteryPropertiesChanged!
V/AlarmManager( 1120): waitForAlarm result :8
E/SatsServiceData( 1120): Failed to connect daemon - java.io.IOException: Permission denied
E/Watchdog( 1120): !@Sync 63760 [04-26 15:32:04.066]
E/SatsServiceData( 1120): Failed to connect daemon - java.io.IOException: Permission denied
D/SSRM:n  ( 1120): SIOP:: AP = 350, CUR = -10, LCD = 0
D/BatteryService( 1120): !@BatteryListener : batteryPropertiesChanged!
E/SatsServiceData( 1120): Failed to connect daemon - java.io.IOException: Permission denied
E/SatsServiceData( 1120): Failed to connect daemon - java.io.IOException: Permission denied
D/SSRM:n  ( 1120): SIOP:: AP = 350, CUR = -10, LCD = 0
D/BatteryService( 1120): !@BatteryListener : batteryPropertiesChanged!
D/BatteryService( 1120): level:92, scale:100, status:2, health:2, present:true, voltage: 4335, temperature: 307, technology: Li-ion, AC powered:false, USB powered:true, POGO powered:false, Wireless powered:false, icon:17303416, invalid charger:0
D/BatteryService( 1120): online:6, current avg:-10, charge type:1, power sharing:false, high voltage charger:false, capacity:280000, batterySWSelfDischarging:false, current_now:-11
D/BatteryService( 1120): stay LED for charging
D/BatteryService( 1120): Sending ACTION_BATTERY_CHANGED.
I/MotionRecognitionService( 1120): Plugged
D/MotionRecognitionService( 1120):   cableConnection= 1
D/MotionRecognitionService( 1120): setPowerConnected | current backoffstate  = 0 , state =0
D/MotionRecognitionService( 1120): skip setTransmitPower. 
D/BatteryMeterView( 1429): ACTION_BATTERY_CHANGED : level:92 status:2 health:2
D/BatteryMeterView( 1429): ACTION_BATTERY_CHANGED : level:92 status:2 health:2
D/BatteryMeterView( 1429): ACTION_BATTERY_CHANGED : level:92 status:2 health:2
I/PowerManagerService( 1120): [PWL] Off : 2176s ago
E/SatsServiceData( 1120): Failed to connect daemon - java.io.IOException: Permission denied
E/SatsServiceData( 1120): Failed to connect daemon - java.io.IOException: Permission denied
D/SSRM:n  ( 1120): SIOP:: AP = 350, CUR = -10, LCD = 0
D/BatteryService( 1120): !@BatteryListener : batteryPropertiesChanged!
E/SatsServiceData( 1120): Failed to connect daemon - java.io.IOException: Permission denied
E/Watchdog( 1120): !@Sync 63761 [04-26 15:32:34.067]
E/SatsServiceData( 1120): Failed to connect daemon - java.io.IOException: Permission denied
D/SSRM:n  ( 1120): SIOP:: AP = 350, CUR = -10, LCD = 0
D/BatteryService( 1120): !@BatteryListener : batteryPropertiesChanged!
E/SatsServiceData( 1120): Failed to connect daemon - java.io.IOException: Permission denied
E/SatsServiceData( 1120): Failed to connect daemon - java.io.IOException: Permission denied
D/SSRM:n  ( 1120): SIOP:: AP = 350, CUR = -10, LCD = 0
D/BatteryService( 1120): !@BatteryListener : batteryPropertiesChanged!
E/SatsServiceData( 1120): Failed to connect daemon - java.io.IOException: Permission denied
E/SatsServiceData( 1120): Failed to connect daemon - java.io.IOException: Permission denied
D/SSRM:n  ( 1120): SIOP:: AP = 350, CUR = -10, LCD = 0
D/BatteryService( 1120): !@BatteryListener : batteryPropertiesChanged!
E/SatsServiceData( 1120): Failed to connect daemon - java.io.IOException: Permission denied
E/Watchdog( 1120): !@Sync 63762 [04-26 15:33:04.068]
E/SatsServiceData( 1120): Failed to connect daemon - java.io.IOException: Permission denied
D/SSRM:n  ( 1120): SIOP:: AP = 350, CUR = -10, LCD = 0
D/BatteryService( 1120): !@BatteryListener : batteryPropertiesChanged!
E/SatsServiceData( 1120): Failed to connect daemon - java.io.IOException: Permission denied
E/SatsServiceData( 1120): Failed to connect daemon - java.io.IOException: Permission denied
D/SSRM:n  ( 1120): SIOP:: AP = 360, CUR = -10, LCD = 0
D/BatteryService( 1120): !@BatteryListener : batteryPropertiesChanged!
E/SatsServiceData( 1120): Failed to connect daemon - java.io.IOException: Permission denied
E/SatsServiceData( 1120): Failed to connect daemon - java.io.IOException: Permission denied
D/SSRM:n  ( 1120): SIOP:: AP = 350, CUR = -10, LCD = 0
D/BatteryService( 1120): !@BatteryListener : batteryPropertiesChanged!
E/SatsServiceData( 1120): Failed to connect daemon - java.io.IOException: Permission denied
V/AlarmManager( 1120): waitForAlarm result :4
E/Watchdog( 1120): !@Sync 63763 [04-26 15:33:34.069]
E/SatsServiceData( 1120): Failed to connect daemon - java.io.IOException: Permission denied
D/SSRM:n  ( 1120): SIOP:: AP = 350, CUR = -10, LCD = 0
D/BatteryService( 1120): !@BatteryListener : batteryPropertiesChanged!
E/SatsServiceData( 1120): Failed to connect daemon - java.io.IOException: Permission denied
E/SatsServiceData( 1120): Failed to connect daemon - java.io.IOException: Permission denied
D/SSRM:n  ( 1120): SIOP:: AP = 350, CUR = -10, LCD = 0
D/BatteryService( 1120): !@BatteryListener : batteryPropertiesChanged!
E/SatsServiceData( 1120): Failed to connect daemon - java.io.IOException: Permission denied
E/SatsServiceData( 1120): Failed to connect daemon - java.io.IOException: Permission denied
D/SSRM:n  ( 1120): SIOP:: AP = 350, CUR = -10, LCD = 0
D/BatteryService( 1120): !@BatteryListener : batteryPropertiesChanged!
V/AlarmManager( 1120): waitForAlarm result :8
E/SatsServiceData( 1120): Failed to connect daemon - java.io.IOException: Permission denied
E/Watchdog( 1120): !@Sync 63764 [04-26 15:34:04.069]
E/SatsServiceData( 1120): Failed to connect daemon - java.io.IOException: Permission denied
D/SSRM:n  ( 1120): SIOP:: AP = 350, CUR = -10, LCD = 0
D/BatteryService( 1120): !@BatteryListener : batteryPropertiesChanged!
D/BatteryService( 1120): level:92, scale:100, status:2, health:2, present:true, voltage: 4332, temperature: 307, technology: Li-ion, AC powered:false, USB powered:true, POGO powered:false, Wireless powered:false, icon:17303416, invalid charger:0
D/BatteryService( 1120): online:6, current avg:-10, charge type:1, power sharing:false, high voltage charger:false, capacity:280000, batterySWSelfDischarging:false, current_now:-11
D/BatteryService( 1120): stay LED for charging
D/BatteryService( 1120): Sending ACTION_BATTERY_CHANGED.
I/MotionRecognitionService( 1120): Plugged
D/MotionRecognitionService( 1120):   cableConnection= 1
D/MotionRecognitionService( 1120): setPowerConnected | current backoffstate  = 0 , state =0
D/MotionRecognitionService( 1120): skip setTransmitPower. 
D/BatteryMeterView( 1429): ACTION_BATTERY_CHANGED : level:92 status:2 health:2
D/BatteryMeterView( 1429): ACTION_BATTERY_CHANGED : level:92 status:2 health:2
D/BatteryMeterView( 1429): ACTION_BATTERY_CHANGED : level:92 status:2 health:2
E/SatsServiceData( 1120): Failed to connect daemon - java.io.IOException: Permission denied
E/SatsServiceData( 1120): Failed to connect daemon - java.io.IOException: Permission denied
D/SSRM:n  ( 1120): SIOP:: AP = 360, CUR = -10, LCD = 0
D/BatteryService( 1120): !@BatteryListener : batteryPropertiesChanged!
D/BatteryService( 1120): level:92, scale:100, status:2, health:2, present:true, voltage: 4335, temperature: 307, technology: Li-ion, AC powered:false, USB powered:true, POGO powered:false, Wireless powered:false, icon:17303416, invalid charger:0
D/BatteryService( 1120): online:6, current avg:-10, charge type:1, power sharing:false, high voltage charger:false, capacity:280000, batterySWSelfDischarging:false, current_now:-11
D/BatteryService( 1120): stay LED for charging
D/BatteryService( 1120): Sending ACTION_BATTERY_CHANGED.
I/MotionRecognitionService( 1120): Plugged
D/MotionRecognitionService( 1120):   cableConnection= 1
D/MotionRecognitionService( 1120): setPowerConnected | current backoffstate  = 0 , state =0
D/MotionRecognitionService( 1120): skip setTransmitPower. 
D/BatteryMeterView( 1429): ACTION_BATTERY_CHANGED : level:92 status:2 health:2
D/BatteryMeterView( 1429): ACTION_BATTERY_CHANGED : level:92 status:2 health:2
D/BatteryMeterView( 1429): ACTION_BATTERY_CHANGED : level:92 status:2 health:2
E/SatsServiceData( 1120): Failed to connect daemon - java.io.IOException: Permission denied
E/SatsServiceData( 1120): Failed to connect daemon - java.io.IOException: Permission denied
D/SSRM:n  ( 1120): SIOP:: AP = 350, CUR = -10, LCD = 0
D/BatteryService( 1120): !@BatteryListener : batteryPropertiesChanged!
E/SatsServiceData( 1120): Failed to connect daemon - java.io.IOException: Permission denied
E/Watchdog( 1120): !@Sync 63765 [04-26 15:34:34.070]
E/SatsServiceData( 1120): Failed to connect daemon - java.io.IOException: Permission denied
D/SSRM:n  ( 1120): SIOP:: AP = 350, CUR = -10, LCD = 0
D/BatteryService( 1120): !@BatteryListener : batteryPropertiesChanged!
E/SatsServiceData( 1120): Failed to connect daemon - java.io.IOException: Permission denied
E/SatsServiceData( 1120): Failed to connect daemon - java.io.IOException: Permission denied
D/SSRM:n  ( 1120): SIOP:: AP = 350, CUR = -10, LCD = 0
I/PowerManagerService( 1120): [PWL] Off : 2326s ago
D/BatteryService( 1120): !@BatteryListener : batteryPropertiesChanged!
E/SatsServiceData( 1120): Failed to connect daemon - java.io.IOException: Permission denied
E/SatsServiceData( 1120): Failed to connect daemon - java.io.IOException: Permission denied
D/SSRM:n  ( 1120): SIOP:: AP = 350, CUR = -10, LCD = 0
D/BatteryService( 1120): !@BatteryListener : batteryPropertiesChanged!
E/SatsServiceData( 1120): Failed to connect daemon - java.io.IOException: Permission denied
E/Watchdog( 1120): !@Sync 63766 [04-26 15:35:04.071]
E/SatsServiceData( 1120): Failed to connect daemon - java.io.IOException: Permission denied
D/SSRM:n  ( 1120): SIOP:: AP = 350, CUR = -10, LCD = 0
D/BatteryService( 1120): !@BatteryListener : batteryPropertiesChanged!
E/SatsServiceData( 1120): Failed to connect daemon - java.io.IOException: Permission denied
E/SatsServiceData( 1120): Failed to connect daemon - java.io.IOException: Permission denied
D/SSRM:n  ( 1120): SIOP:: AP = 350, CUR = -10, LCD = 0
D/BatteryService( 1120): !@BatteryListener : batteryPropertiesChanged!
D/BatteryService( 1120): level:92, scale:100, status:2, health:2, present:true, voltage: 4332, temperature: 307, technology: Li-ion, AC powered:false, USB powered:true, POGO powered:false, Wireless powered:false, icon:17303416, invalid charger:0
D/BatteryService( 1120): online:6, current avg:-10, charge type:1, power sharing:false, high voltage charger:false, capacity:280000, batterySWSelfDischarging:false, current_now:-11
D/BatteryService( 1120): stay LED for charging
D/BatteryService( 1120): Sending ACTION_BATTERY_CHANGED.
I/MotionRecognitionService( 1120): Plugged
D/MotionRecognitionService( 1120):   cableConnection= 1
D/MotionRecognitionService( 1120): setPowerConnected | current backoffstate  = 0 , state =0
D/MotionRecognitionService( 1120): skip setTransmitPower. 
D/BatteryMeterView( 1429): ACTION_BATTERY_CHANGED : level:92 status:2 health:2
D/BatteryMeterView( 1429): ACTION_BATTERY_CHANGED : level:92 status:2 health:2
D/BatteryMeterView( 1429): ACTION_BATTERY_CHANGED : level:92 status:2 health:2
E/SatsServiceData( 1120): Failed to connect daemon - java.io.IOException: Permission denied
E/SatsServiceData( 1120): Failed to connect daemon - java.io.IOException: Permission denied
D/SSRM:n  ( 1120): SIOP:: AP = 350, CUR = -10, LCD = 0
D/BatteryService( 1120): !@BatteryListener : batteryPropertiesChanged!
D/BatteryService( 1120): level:92, scale:100, status:2, health:2, present:true, voltage: 4335, temperature: 307, technology: Li-ion, AC powered:false, USB powered:true, POGO powered:false, Wireless powered:false, icon:17303416, invalid charger:0
D/BatteryService( 1120): online:6, current avg:-10, charge type:1, power sharing:false, high voltage charger:false, capacity:280000, batterySWSelfDischarging:false, current_now:-11
D/BatteryService( 1120): stay LED for charging
D/BatteryService( 1120): Sending ACTION_BATTERY_CHANGED.
I/MotionRecognitionService( 1120): Plugged
D/MotionRecognitionService( 1120):   cableConnection= 1
D/MotionRecognitionService( 1120): setPowerConnected | current backoffstate  = 0 , state =0
D/MotionRecognitionService( 1120): skip setTransmitPower. 
D/BatteryMeterView( 1429): ACTION_BATTERY_CHANGED : level:92 status:2 health:2
D/BatteryMeterView( 1429): ACTION_BATTERY_CHANGED : level:92 status:2 health:2
D/BatteryMeterView( 1429): ACTION_BATTERY_CHANGED : level:92 status:2 health:2
E/SatsServiceData( 1120): Failed to connect daemon - java.io.IOException: Permission denied
E/Watchdog( 1120): !@Sync 63767 [04-26 15:35:34.071]
E/SatsServiceData( 1120): Failed to connect daemon - java.io.IOException: Permission denied
D/SSRM:n  ( 1120): SIOP:: AP = 350, CUR = -10, LCD = 0
D/BatteryService( 1120): !@BatteryListener : batteryPropertiesChanged!
D/BatteryService( 1120): level:92, scale:100, status:2, health:2, present:true, voltage: 4332, temperature: 307, technology: Li-ion, AC powered:false, USB powered:true, POGO powered:false, Wireless powered:false, icon:17303416, invalid charger:0
D/BatteryService( 1120): online:6, current avg:-10, charge type:1, power sharing:false, high voltage charger:false, capacity:280000, batterySWSelfDischarging:false, current_now:-11
D/BatteryService( 1120): stay LED for charging
D/BatteryService( 1120): Sending ACTION_BATTERY_CHANGED.
I/MotionRecognitionService( 1120): Plugged
D/MotionRecognitionService( 1120):   cableConnection= 1
D/MotionRecognitionService( 1120): setPowerConnected | current backoffstate  = 0 , state =0
D/MotionRecognitionService( 1120): skip setTransmitPower. 
D/BatteryMeterView( 1429): ACTION_BATTERY_CHANGED : level:92 status:2 health:2
D/BatteryMeterView( 1429): ACTION_BATTERY_CHANGED : level:92 status:2 health:2
D/BatteryMeterView( 1429): ACTION_BATTERY_CHANGED : level:92 status:2 health:2
E/SatsServiceData( 1120): Failed to connect daemon - java.io.IOException: Permission denied
D/ActivityManager( 1120): mDVFSHelper.acquire()
V/ActivityManager( 1120): Display changed displayId=0
D/PowerManagerService( 1120): setKeyboardVisibility: false
D/ActivityManager( 1120):  Launching cn.testin.itestin, updated priority
V/NetworkPolicy( 1120): getFirewallRuleWifi UID:11711 policy:0
D/PowerManagerService( 1120): setKeyboardVisibility: false
D/ActivityManager( 1120): startService callerProcessName:cn.testin.itestin, calleePkgName: cn.testin.itestin
D/ActivityManager( 1120): caller:android.app.ApplicationThreadProxy@15ee1c69, r.packageName :cn.testin.itestin
D/ActivityManager( 1120): startService callerProcessName:cn.testin.itestin, calleePkgName: cn.testin.itestin
D/ActivityManager( 1120): caller:android.app.ApplicationThreadProxy@54046ee, r.packageName :cn.testin.itestin
E/SatsServiceData( 1120): Failed to connect daemon - java.io.IOException: Permission denied
D/CustomFrequencyManagerService( 1120): acquireDVFSLockLocked : type : DVFS_MIN_LIMIT  frequency : 1190400  uid : 1000  pid : 1120  pkgName : WAKEUP_BOOSTER@34
D/PowerManagerService( 1120): [api] [s] wakeUpWithReason (uid: 1000 pid: 1120) eventTime = 1913083563 event = 1
I/PowerManagerService( 1120): !@[ps] Screen__On  - 63 :  wakeUpWithReason: 1 (uid: 1000 pid: 1120) (1)
I/PowerManagerService( 1120): Waking up from sleep (uid 1000)...
D/PowerManagerService( 1120): [PWL] sb acquire: PowerManagerService.Broadcasts
D/PowerManagerService( 1120): [s] getScreenOffTimeoutLocked: 1800000 -> 10000
D/PowerManagerService( 1120): [s] UserActivityState : 0 -> 1
D/PowerManagerService( 1120): [PWL] sb acquire: PowerManagerService.Display
D/DisplayPowerController( 1120): animateScreenStateChange[0]: target=2
I/DisplayPowerController( 1120): Blocking screen on until initial contents have been drawn.
D/DisplayPowerController( 1120): mWindowManagerPolicy.screenTurningOn(mPendingScreenOnUnblocker, 0)
D/DisplayPowerController( 1120): animateScreenStateChange[0]: return as screen on blocked
D/DisplayPowerController( 1120): [Dual Screen Compatible] state[0] :2
D/AutomaticBrightnessController( 1120): [DAB] mLightSensor is null.
D/DisplayPowerController( 1120): getFinalBrightness : Summary is 154 -> 154
D/DisplayPowerController( 1120): Animating brightness: target=154, rate=2000 (PSM:false, AB limit:(-1 ~ -1) MB Limit:(-1 ~ -1) MAdj:(0, (0, 255)))
D/DisplayPowerController( 1120): animateScreenStateChange[0]: target=2
D/DisplayPowerController( 1120): animateScreenStateChange[0]: return as screen on blocked
D/DisplayPowerController( 1120): [Dual Screen Compatible] state[0] :2
D/AutomaticBrightnessController( 1120): [DAB] mLightSensor is null.
D/DisplayPowerController( 1120): getFinalBrightness : Summary is 154 -> 154
D/DisplayPowerController( 1120): Animating brightness: target=154, rate=2000 (PSM:false, AB limit:(-1 ~ -1) MB Limit:(-1 ~ -1) MAdj:(0, (0, 255)))
D/DisplayManagerService( 1120): getDesiredDisplayIdBitAndRequestingState : ID=0| IdBit= 1
D/DisplayManagerService( 1120): !@display_state: OFF -> ON
D/StatusBarKeyguardViewManager( 1429): onScreenTurnedOn()
D/VoIPInterfaceManager( 1120): isVoIPRinging()...
D/VoIPInterfaceManager( 1120): isVoIPRunningAndDeregi()...
D/VoIPInterfaceManager( 1120): Not exist call session
I/DisplayManagerService( 1120): Display device changed: DisplayDeviceInfo{"": uniqueId="local:0", 720 x 1280, 60.0 fps, supportedRefreshRates [60.0], density 320, 294.967 x 306.716 dpi, appVsyncOff 0, presDeadline 17666667, touch INTERNAL, rotation 0, type BUILT_IN, state ON, FLAG_DEFAULT_DISPLAY, FLAG_ROTATES_WITH_CONTENT, FLAG_SECURE, FLAG_SUPPORTS_PROTECTED_BUFFERS}
V/ActivityManager( 1120): Display changed displayId=0
D/StatusBarKeyguardViewManager( 1429): callback.onShown()
D/LightsService( 1120): [api] [SvcLED] turnOff:: id = 4 (uid: 1000 pid: 1120) 
D/LightsService( 1120): [api] [SvcLED] LED indicator : Not supported.
D/BatteryService( 1120): turn off LED
W/ContextImpl( 1120): Calling a method in the system process without a qualified user: android.app.ContextImpl.sendBroadcast:1762 com.android.server.am.ActivityManagerService.requestKnoxVpnToSendProxyBroadcast:28451 com.android.server.am.ActivityManagerService.registerReceiver:21674 android.app.ActivityManagerNative.onTransact:405 com.android.server.am.ActivityManagerService.onTransact:3641 
E/ActivityThread(16941): Failed to find provider info for com.google.settings
D/InputMethodManagerService( 1120): [HARDWARE_KEYBOARD] (refreshImeWindowVisibilityLocked) isChineseRegion = true, isFolderPhone= false isFolderOpen = false hardKeyShown = false
D/InputMethodManagerService( 1120): [HARDWARE_KEYBOARD] (refreshImeWindowVisibilityLocked) mImeWindowVis= 0 inputVisible = falsehaveHardKeyboard = false hardKeyShown = false
D/MotionRecognitionService( 1120):   mReceiver.onReceive : ACTION_SCREEN_ON
E/MotionRecognitionService( 1120):  handler : SCREEN_ON end
D/NotificationService( 1120): ACTION_SCREEN_ON
D/LightsService( 1120): [api] [SvcLED] turnOff:: id = 5 (uid: 1000 pid: 1120) 
D/LightsService( 1120): [api] [SvcLED] LED indicator : Not supported.
D/StatusBar.MSimNetworkController( 1429): onSignalStrengthsChanged received on getPhoneId :0signalStrength=SignalStrength: 99 99 -120 -160 -120 -1 -1 99 2147483647 2147483647 2147483647 -1 2147483647 0x0 cdma level=0
D/StatusBar.MSimNetworkController( 1429):  No service
D/DisplayPowerController( 1120): [api] WindowManagerPolicy.ScreenOnListener : Received onScreenOn().
D/StatusBar.MSimNetworkController( 1429): getRssiTypeIconCTC( 0) : 2g(1x) cdmalevel 0
D/StatusBar.MSimNetworkController( 1429): getRssiTypeIconCTC : mRoamingIconId =0 mRssiIconId = 0
I/DisplayPowerController( 1120): Unblocked screen on after 171 ms
D/DisplayPowerController( 1120): animateScreenStateChange[0]: target=2
D/DisplayPowerState( 1120): !@ [0] ColorFade exit
D/PowerManagerService( 1120): [input device light] onColorFadeExit(true)
D/StatusBar.MSimNetworkController( 1429): refreshViews connected={ wifi } phoneId = 0 level=0 mMSimcombinedSignalIconId=0x7f0204fc/com.android.systemui:drawable/stat_sys_wifi_signal_4 mMSimcombinedActivityIconId=0x7f0204ae mAirplaneMode=false mMSimDataActivity=0 mMSimPhoneSignalIconId=0x7f020631/com.android.systemui:drawable/tw_stat_sys_signal_null mMSimDataDirectionIconId=0x0 mMSimDataSignalIconId=0x7f020631 mMSimDataTypeIconId=0x0/(null) mNoMSimIconId=0x7f0200e1/com.android.systemui:drawable/ic_qs_no_sim mMSimMobileActivityIconId=0x0/(null) mWifiIconId=0x7f0204fc mBluetoothTetherIconId=0x7f0204d4 mRoamingIconId=0x 0/(null)
D/StatusBar.MSimNetworkController( 1429): refreshSignalCluster : called
D/ConnectivityService( 1120): listenForNetwork for NetworkRequest [ id=1079, legacyType=-1, [ Capabilities: INTERNET&NOT_RESTRICTED&TRUSTED&NOT_VPN] ]
D/ConnectivityService( 1120): handleRegisterNetworkRequest checking NetworkAgentInfo [WIFI () - 502]
D/ConnectivityService( 1120): apparently satisfied.  currentScore=60
D/ConnectivityService( 1120): handleRegisterNetworkRequest checking NetworkAgentInfo [WIFI_P2P () - 501]
D/DisplayPowerController( 1120): [Dual Screen Compatible] state[0] :2
D/AutomaticBrightnessController( 1120): [DAB] mLightSensor is null.
D/DisplayPowerController( 1120): getFinalBrightness : Summary is 154 -> 154
D/DisplayPowerController( 1120): Animating brightness: target=154, rate=2000 (PSM:false, AB limit:(-1 ~ -1) MB Limit:(-1 ~ -1) MAdj:(0, (0, 255)))
D/DisplayPowerController( 1120): animateScreenStateChange[0]: target=2
D/DisplayPowerController( 1120): [Dual Screen Compatible] state[0] :2
D/AutomaticBrightnessController( 1120): [DAB] mLightSensor is null.
D/DisplayPowerController( 1120): getFinalBrightness : Summary is 154 -> 154
D/DisplayPowerController( 1120): Animating brightness: target=154, rate=2000 (PSM:false, AB limit:(-1 ~ -1) MB Limit:(-1 ~ -1) MAdj:(0, (0, 255)))
D/PowerManagerService( 1120): [s] DisplayPowerCallbacks : onStateChanged()
D/PowerManagerService( 1120): SecHardwareInterface.setBatteryADC : true
D/StatusBar.MSimNetworkController( 1429): isSIMOFFOfSlot simDBvalue0 = 1, simDBvalue1 =1
D/StatusBar.MSimNetworkController( 1429): isSIMOFFOfSlot simDBvalue0 = 1, simDBvalue1 =1
D/StatusBar.MSimNetworkController( 1429): isSIMOFFOfSlot simDBvalue0 = 1, simDBvalue1 =1
D/StatusBar.MSimNetworkController( 1429): refreshSignalCluster - sim1 Off
D/StatusBar.MSimNetworkController( 1429): isSIMOFFOfSlot simDBvalue0 = 1, simDBvalue1 =1
D/StatusBar.MSimNetworkController( 1429): refreshSignalCluster - sim2 Off
D/StatusBar.MSimNetworkController( 1429): isSIMOFFOfSlot simDBvalue0 = 1, simDBvalue1 =1
D/StatusBar.MSimNetworkController( 1429): isSIMOFFOfSlot simDBvalue0 = 1, simDBvalue1 =1
D/StatusBar.MSimNetworkController( 1429): isSIMOFFOfSlot simDBvalue0 = 1, simDBvalue1 =1
D/StatusBar.MSimNetworkController( 1429): refreshSignalCluster - sim1 Off
D/StatusBar.MSimNetworkController( 1429): isSIMOFFOfSlot simDBvalue0 = 1, simDBvalue1 =1
D/StatusBar.MSimNetworkController( 1429): refreshSignalCluster - sim2 Off
D/PowerManagerService( 1120): Excessive delay in !@display_state: ON: 218ms
D/DisplayManagerService( 1120): !@display_state: ON -> ON
D/PowerManagerService( 1120): Excessive delay in !@display_state: ON: 0ms
D/DisplayPowerController( 1120): animateScreenStateChange[0]: target=2
D/DisplayPowerController( 1120): [Dual Screen Compatible] state[0] :2
D/AutomaticBrightnessController( 1120): [DAB] mLightSensor is null.
D/DisplayPowerController( 1120): getFinalBrightness : Summary is 154 -> 154
D/DisplayPowerController( 1120): Animating brightness: target=154, rate=2000 (PSM:false, AB limit:(-1 ~ -1) MB Limit:(-1 ~ -1) MAdj:(0, (0, 255)))
D/StatusBar.MSimNetworkController( 1429): onSignalStrengthsChanged received on getPhoneId :0signalStrength=SignalStrength: 99 99 -120 -160 -120 -1 -1 99 2147483647 2147483647 2147483647 -1 2147483647 0x0 cdma level=0
D/StatusBar.MSimNetworkController( 1429):  No service
D/StatusBar.MSimNetworkController( 1429): getRssiTypeIconCTC( 0) : 2g(1x) cdmalevel 0
D/StatusBar.MSimNetworkController( 1429): getRssiTypeIconCTC : mRoamingIconId =0 mRssiIconId = 0
W/ActivityManager( 1120): Activity pause timeout for ActivityRecord{3e985c45 u0 cn.testin.itestin/com.testin.itestin.ui.MainActivity t55846}
D/StatusBar.MSimNetworkController( 1429): refreshViews connected={ wifi } phoneId = 0 level=0 mMSimcombinedSignalIconId=0x7f0204fc/com.android.systemui:drawable/stat_sys_wifi_signal_4 mMSimcombinedActivityIconId=0x7f0204ae mAirplaneMode=false mMSimDataActivity=0 mMSimPhoneSignalIconId=0x7f020631/com.android.systemui:drawable/tw_stat_sys_signal_null mMSimDataDirectionIconId=0x0 mMSimDataSignalIconId=0x7f020631 mMSimDataTypeIconId=0x0/(null) mNoMSimIconId=0x7f0200e1/com.android.systemui:drawable/ic_qs_no_sim mMSimMobileActivityIconId=0x0/(null) mWifiIconId=0x7f0204fc mBluetoothTetherIconId=0x7f0204d4 mRoamingIconId=0x 0/(null)
D/StatusBar.MSimNetworkController( 1429): refreshSignalCluster : called
D/StatusBar.MSimNetworkController( 1429): isSIMOFFOfSlot simDBvalue0 = 1, simDBvalue1 =1
D/StatusBar.MSimNetworkController( 1429): isSIMOFFOfSlot simDBvalue0 = 1, simDBvalue1 =1
D/StatusBar.MSimNetworkController( 1429): isSIMOFFOfSlot simDBvalue0 = 1, simDBvalue1 =1
D/StatusBar.MSimNetworkController( 1429): refreshSignalCluster - sim1 Off
D/StatusBar.MSimNetworkController( 1429): isSIMOFFOfSlot simDBvalue0 = 1, simDBvalue1 =1
D/StatusBar.MSimNetworkController( 1429): refreshSignalCluster - sim2 Off
D/StatusBar.MSimNetworkController( 1429): isSIMOFFOfSlot simDBvalue0 = 1, simDBvalue1 =1
D/StatusBar.MSimNetworkController( 1429): isSIMOFFOfSlot simDBvalue0 = 1, simDBvalue1 =1
D/StatusBar.MSimNetworkController( 1429): isSIMOFFOfSlot simDBvalue0 = 1, simDBvalue1 =1
D/StatusBar.MSimNetworkController( 1429): refreshSignalCluster - sim1 Off
D/StatusBar.MSimNetworkController( 1429): isSIMOFFOfSlot simDBvalue0 = 1, simDBvalue1 =1
D/StatusBar.MSimNetworkController( 1429): refreshSignalCluster - sim2 Off
D/StatusBar.MSimNetworkController( 1429): onSignalStrengthsChanged received on getPhoneId :1signalStrength=SignalStrength: 99 99 -120 -160 -120 -1 -1 99 2147483647 2147483647 2147483647 -1 2147483647 0x0 gsm|lte level=0
D/StatusBar.MSimNetworkController( 1429):  No service
D/StatusBar.MSimNetworkController( 1429): getRssiTypeIconCTC( 1) : 2g(1x) 
D/StatusBar.MSimNetworkController( 1429): getRssiTypeIconCTC : mRoamingIconId =0 mRssiIconId = 0
D/StatusBar.MSimNetworkController( 1429): refreshViews connected={ wifi } phoneId = 1 level=0 mMSimcombinedSignalIconId=0x7f0204fc/com.android.systemui:drawable/stat_sys_wifi_signal_4 mMSimcombinedActivityIconId=0x7f0204ae mAirplaneMode=false mMSimDataActivity=0 mMSimPhoneSignalIconId=0x7f020631/com.android.systemui:drawable/tw_stat_sys_signal_null mMSimDataDirectionIconId=0x0 mMSimDataSignalIconId=0x7f020631 mMSimDataTypeIconId=0x0/(null) mNoMSimIconId=0x7f0200e1/com.android.systemui:drawable/ic_qs_no_sim mMSimMobileActivityIconId=0x0/(null) mWifiIconId=0x7f0204fc mBluetoothTetherIconId=0x7f0204d4 mRoamingIconId=0x 0/(null)
D/StatusBar.MSimNetworkController( 1429): refreshSignalCluster : called
D/StatusBar.MSimNetworkController( 1429): isSIMOFFOfSlot simDBvalue0 = 1, simDBvalue1 =1
D/StatusBar.MSimNetworkController( 1429): isSIMOFFOfSlot simDBvalue0 = 1, simDBvalue1 =1
D/StatusBar.MSimNetworkController( 1429): isSIMOFFOfSlot simDBvalue0 = 1, simDBvalue1 =1
D/StatusBar.MSimNetworkController( 1429): refreshSignalCluster - sim1 Off
D/StatusBar.MSimNetworkController( 1429): isSIMOFFOfSlot simDBvalue0 = 1, simDBvalue1 =1
D/StatusBar.MSimNetworkController( 1429): refreshSignalCluster - sim2 Off
D/SSRM:a  ( 1120): DeviceInfo:: 00110000000
D/SSRM:a  ( 1120): SettingsAirViewInfo:: 000000000
D/StatusBar.MSimNetworkController( 1429): isSIMOFFOfSlot simDBvalue0 = 1, simDBvalue1 =1
D/StatusBar.MSimNetworkController( 1429): isSIMOFFOfSlot simDBvalue0 = 1, simDBvalue1 =1
D/StatusBar.MSimNetworkController( 1429): isSIMOFFOfSlot simDBvalue0 = 1, simDBvalue1 =1
D/StatusBar.MSimNetworkController( 1429): refreshSignalCluster - sim1 Off
D/StatusBar.MSimNetworkController( 1429): isSIMOFFOfSlot simDBvalue0 = 1, simDBvalue1 =1
D/StatusBar.MSimNetworkController( 1429): refreshSignalCluster - sim2 Off
D/StatusBar.MSimNetworkController( 1429): onSignalStrengthsChanged received on getPhoneId :1signalStrength=SignalStrength: 99 99 -120 -160 -120 -1 -1 99 2147483647 2147483647 2147483647 -1 2147483647 0x0 gsm|lte level=0
V/WindowManager( 1120): Based on layer: Adding window Window{1ea7bf4d u0 d0 cn.testin.itestin/com.testin.itestin.ui.MainActivity} at 2 of 8
D/StatusBar.MSimNetworkController( 1429):  No service
D/StatusBar.MSimNetworkController( 1429): getRssiTypeIconCTC( 1) : 2g(1x) 
D/PersonaManagerService( 1120): getPersonasForUser(): returning null!
D/SSRM:n  ( 1120): SIOP:: AP = 370, CUR = -10, LCD = 0
D/StatusBar.MSimNetworkController( 1429): getRssiTypeIconCTC : mRoamingIconId =0 mRssiIconId = 0
D/StatusBar.MSimNetworkController( 1429): refreshViews connected={ wifi } phoneId = 1 level=0 mMSimcombinedSignalIconId=0x7f0204fc/com.android.systemui:drawable/stat_sys_wifi_signal_4 mMSimcombinedActivityIconId=0x7f0204ae mAirplaneMode=false mMSimDataActivity=0 mMSimPhoneSignalIconId=0x7f020631/com.android.systemui:drawable/tw_stat_sys_signal_null mMSimDataDirectionIconId=0x0 mMSimDataSignalIconId=0x7f020631 mMSimDataTypeIconId=0x0/(null) mNoMSimIconId=0x7f0200e1/com.android.systemui:drawable/ic_qs_no_sim mMSimMobileActivityIconId=0x0/(null) mWifiIconId=0x7f0204fc mBluetoothTetherIconId=0x7f0204d4 mRoamingIconId=0x 0/(null)
D/StatusBar.MSimNetworkController( 1429): refreshSignalCluster : called
D/StatusBar.MSimNetworkController( 1429): isSIMOFFOfSlot simDBvalue0 = 1, simDBvalue1 =1
D/StatusBar.MSimNetworkController( 1429): isSIMOFFOfSlot simDBvalue0 = 1, simDBvalue1 =1
D/StatusBar.MSimNetworkController( 1429): isSIMOFFOfSlot simDBvalue0 = 1, simDBvalue1 =1
D/StatusBar.MSimNetworkController( 1429): refreshSignalCluster - sim1 Off
D/StatusBar.MSimNetworkController( 1429): isSIMOFFOfSlot simDBvalue0 = 1, simDBvalue1 =1
D/StatusBar.MSimNetworkController( 1429): refreshSignalCluster - sim2 Off
D/ConnectivityService( 1120): listenForNetwork for NetworkRequest [ id=1080, legacyType=-1, [ Capabilities: INTERNET&NOT_RESTRICTED&TRUSTED&NOT_VPN] ]
D/ConnectivityService( 1120): handleRegisterNetworkRequest checking NetworkAgentInfo [WIFI () - 502]
D/ConnectivityService( 1120): apparently satisfied.  currentScore=60
D/ConnectivityService( 1120): handleRegisterNetworkRequest checking NetworkAgentInfo [WIFI_P2P () - 501]
D/ActivityManager( 1120): isDeviceAdminActiveApp false :com.sec.android.daemonapp
D/ActivityManager( 1120): isAutoRunBlockedApp:: com.sec.android.daemonapp, Auto Run ON
V/BroadcastQueue( 1120): [background] Process cur broadcast BroadcastRecord{293e0349 u-1 com.samsung.ssrm.SCREEN_ON qIdx=4} DELIVERED for app ProcessRecord{2a1945c8 29396:com.sec.android.daemonapp/u0a98}
D/StatusBar.MSimNetworkController( 1429): isSIMOFFOfSlot simDBvalue0 = 1, simDBvalue1 =1
D/StatusBar.MSimNetworkController( 1429): isSIMOFFOfSlot simDBvalue0 = 1, simDBvalue1 =1
D/StatusBar.MSimNetworkController( 1429): isSIMOFFOfSlot simDBvalue0 = 1, simDBvalue1 =1
D/StatusBar.MSimNetworkController( 1429): refreshSignalCluster - sim1 Off
D/StatusBar.MSimNetworkController( 1429): isSIMOFFOfSlot simDBvalue0 = 1, simDBvalue1 =1
D/StatusBar.MSimNetworkController( 1429): refreshSignalCluster - sim2 Off
V/ActivityThread(16941): updateVisibility : ActivityRecord{24735426 token=android.os.BinderProxy@1244cc5a {cn.testin.itestin/com.testin.itestin.ui.MainActivity}} show : true
D/StatusBar.MSimNetworkController( 1429): onSignalStrengthsChanged received on getPhoneId :1signalStrength=SignalStrength: 99 99 -120 -160 -120 -1 -1 99 2147483647 2147483647 2147483647 -1 2147483647 0x0 gsm|lte level=0
D/StatusBar.MSimNetworkController( 1429):  No service
D/StatusBar.MSimNetworkController( 1429): getRssiTypeIconCTC( 1) : 2g(1x) 
D/StatusBar.MSimNetworkController( 1429): getRssiTypeIconCTC : mRoamingIconId =0 mRssiIconId = 0
D/StatusBar.MSimNetworkController( 1429): refreshViews connected={ wifi } phoneId = 1 level=0 mMSimcombinedSignalIconId=0x7f0204fc/com.android.systemui:drawable/stat_sys_wifi_signal_4 mMSimcombinedActivityIconId=0x7f0204ae mAirplaneMode=false mMSimDataActivity=0 mMSimPhoneSignalIconId=0x7f020631/com.android.systemui:drawable/tw_stat_sys_signal_null mMSimDataDirectionIconId=0x0 mMSimDataSignalIconId=0x7f020631 mMSimDataTypeIconId=0x0/(null) mNoMSimIconId=0x7f0200e1/com.android.systemui:drawable/ic_qs_no_sim mMSimMobileActivityIconId=0x0/(null) mWifiIconId=0x7f0204fc mBluetoothTetherIconId=0x7f0204d4 mRoamingIconId=0x 0/(null)
D/StatusBar.MSimNetworkController( 1429): refreshSignalCluster : called
D/PowerManagerService( 1120): Excessive delay in nativeSetInteractive(true): 236ms
D/PowerManagerService( 1120): Excessive delay in DisplayManagerInternal.requestDesiredDisplayState: 454ms
D/BatteryStatsImpl( 1120): poolsize= 1, curBatteryRealtime= 0, mUpdateTime= 0, mTimeout= 0, mNesting= 0, mTotalTime= 0
D/StatusBar.MSimNetworkController( 1429): isSIMOFFOfSlot simDBvalue0 = 1, simDBvalue1 =1
D/StatusBar.MSimNetworkController( 1429): isSIMOFFOfSlot simDBvalue0 = 1, simDBvalue1 =1
D/StatusBar.MSimNetworkController( 1429): isSIMOFFOfSlot simDBvalue0 = 1, simDBvalue1 =1
D/StatusBar.MSimNetworkController( 1429): refreshSignalCluster - sim1 Off
D/StatusBar.MSimNetworkController( 1429): isSIMOFFOfSlot simDBvalue0 = 1, simDBvalue1 =1
D/StatusBar.MSimNetworkController( 1429): refreshSignalCluster - sim2 Off
D/StatusBarManagerService( 1120): manageDisableList userId=0 what=0x600000 pkg=Window{34dbb147 u0 d0 StatusBar}
D/StatusBar.MSimNetworkController( 1429): isSIMOFFOfSlot simDBvalue0 = 1, simDBvalue1 =1
D/StatusBar.MSimNetworkController( 1429): isSIMOFFOfSlot simDBvalue0 = 1, simDBvalue1 =1
D/StatusBar.MSimNetworkController( 1429): isSIMOFFOfSlot simDBvalue0 = 1, simDBvalue1 =1
D/StatusBar.MSimNetworkController( 1429): refreshSignalCluster - sim1 Off
D/StatusBar.MSimNetworkController( 1429): isSIMOFFOfSlot simDBvalue0 = 1, simDBvalue1 =1
D/StatusBar.MSimNetworkController( 1429): refreshSignalCluster - sim2 Off
W/ContextImpl( 1120): Calling a method in the system process without a qualified user: android.app.ContextImpl.sendBroadcast:1748 com.android.internal.policy.impl.PhoneWindowManager.notifyToSSRM:7693 com.android.internal.policy.impl.PhoneWindowManager.access$1300:259 com.android.internal.policy.impl.PhoneWindowManager$PolicyHandler.handleMessage:1085 android.os.Handler.dispatchMessage:102 
D/SSRM:a  ( 1120): DeviceInfo:: 00110000000
D/SSRM:a  ( 1120): SettingsAirViewInfo:: 000000000
D/BatteryStatsImpl( 1120): poolsize= 1, curBatteryRealtime= 0, mUpdateTime= 0, mTimeout= 0, mNesting= 0, mTotalTime= 0
D/BatteryStatsImpl( 1120): poolsize= 1, curBatteryRealtime= 0, mUpdateTime= 0, mTimeout= 0, mNesting= 0, mTotalTime= 0
D/StatusBar.MSimNetworkController( 1429): onSignalStrengthsChanged received on getPhoneId :1signalStrength=SignalStrength: 99 99 -120 -160 -120 -1 -1 99 2147483647 2147483647 2147483647 -1 2147483647 0x0 gsm|lte level=0
D/StatusBar.MSimNetworkController( 1429):  No service
D/StatusBar.MSimNetworkController( 1429): getRssiTypeIconCTC( 1) : 2g(1x) 
D/StatusBarManagerService( 1120): manageDisableList userId=0 what=0x0 pkg=Window{1ea7bf4d u0 d0 cn.testin.itestin/com.testin.itestin.ui.MainActivity}
D/PowerManagerService( 1120): [api] acquire WakeLock flags=0x2000000a tag=WindowManager uid=1000 pid=1120
D/StatusBar.MSimNetworkController( 1429): getRssiTypeIconCTC : mRoamingIconId =0 mRssiIconId = 0
W/ActivityManager( 1120): getRunningAppProcesses: caller 10098 does not hold REAL_GET_TASKS; limiting output
D/StatusBar.MSimNetworkController( 1429): refreshViews connected={ wifi } phoneId = 1 level=0 mMSimcombinedSignalIconId=0x7f0204fc/com.android.systemui:drawable/stat_sys_wifi_signal_4 mMSimcombinedActivityIconId=0x7f0204ae mAirplaneMode=false mMSimDataActivity=0 mMSimPhoneSignalIconId=0x7f020631/com.android.systemui:drawable/tw_stat_sys_signal_null mMSimDataDirectionIconId=0x0 mMSimDataSignalIconId=0x7f020631 mMSimDataTypeIconId=0x0/(null) mNoMSimIconId=0x7f0200e1/com.android.systemui:drawable/ic_qs_no_sim mMSimMobileActivityIconId=0x0/(null) mWifiIconId=0x7f0204fc mBluetoothTetherIconId=0x7f0204d4 mRoamingIconId=0x 0/(null)
D/StatusBar.MSimNetworkController( 1429): refreshSignalCluster : called
D/ActivityManager( 1120): startService callerProcessName:com.sec.android.widgetapp.ap.hero.cmaweather, calleePkgName: com.sec.android.widgetapp.ap.hero.cmaweather
D/StatusBar.MSimNetworkController( 1429): isSIMOFFOfSlot simDBvalue0 = 1, simDBvalue1 =1
D/StatusBar.MSimNetworkController( 1429): isSIMOFFOfSlot simDBvalue0 = 1, simDBvalue1 =1
D/ActivityManager( 1120): caller:android.app.ApplicationThreadProxy@34eb167c, r.packageName :com.sec.android.widgetapp.ap.hero.cmaweather
D/StatusBar.MSimNetworkController( 1429): isSIMOFFOfSlot simDBvalue0 = 1, simDBvalue1 =1
D/StatusBar.MSimNetworkController( 1429): refreshSignalCluster - sim1 Off
D/StatusBar.MSimNetworkController( 1429): isSIMOFFOfSlot simDBvalue0 = 1, simDBvalue1 =1
D/StatusBar.MSimNetworkController( 1429): refreshSignalCluster - sim2 Off
D/PowerManagerService( 1120): [PWL] sb release: PowerManagerService.Broadcasts
D/StatusBar.MSimNetworkController( 1429): isSIMOFFOfSlot simDBvalue0 = 1, simDBvalue1 =1
D/StatusBar.MSimNetworkController( 1429): isSIMOFFOfSlot simDBvalue0 = 1, simDBvalue1 =1
D/StatusBar.MSimNetworkController( 1429): isSIMOFFOfSlot simDBvalue0 = 1, simDBvalue1 =1
D/StatusBar.MSimNetworkController( 1429): refreshSignalCluster - sim1 Off
D/StatusBar.MSimNetworkController( 1429): isSIMOFFOfSlot simDBvalue0 = 1, simDBvalue1 =1
D/StatusBar.MSimNetworkController( 1429): refreshSignalCluster - sim2 Off
D/StatusBarKeyguardViewManager( 1429): reset() mShowing = true
D/StatusBarKeyguardViewManager( 1429): reset() mOccluded = true
D/SSRM:a  ( 1120): DeviceInfo:: 00010000000
D/SSRM:a  ( 1120): SettingsAirViewInfo:: 000000000
D/STATUSBAR-PhoneStatusBar( 1429):  mBrightnessEnablebySettings = true mBrightnessEnablebyBattery = true mBrightnessEnablebyDisableFlag = true mPmsBrightnessEnablebySettings = true
D/ActivityManager( 1120): mDVFSHelper.release()
D/CustomFrequencyManagerService( 1120): acquireDVFSLockLocked : type : DVFS_MIN_LIMIT  frequency : 1190400  uid : 1000  pid : 1120  pkgName : ACTIVITY_RESUME_BOOSTER@12
D/PowerManagerService( 1120): [api] [s] wakeUpWithReason (uid: 1000 pid: 1120) eventTime = 1913084240 event = 17
D/PowerManagerService( 1120): setKeyboardVisibility: false
V/ActivityManager( 1120): Display changed displayId=0
D/StatusBarManagerService( 1120): manageDisableList userId=0 what=0x3000000 pkg=com.android.systemui
D/PersonaManagerService( 1120): getPersonasForUser(): returning null!
D/PowerManagerService( 1120): [api] setUserActivityTimeoutOverrideFromWindowManagerInternal: timeoutMillis: -1
D/PowerManagerService( 1120): [s] getScreenOffTimeoutLocked: 10000 -> 1800000
D/PowerManagerService( 1120): [api] setScreenDimDurationOverrideFromWindowManagerInternal: timeoutMillis: -1
D/StatusBarManagerService( 1120): manageDisableList userId=0 what=0x0 pkg=com.android.systemui
D/Recents_AlternateRecentsComponent( 1429): onHideRecents is getting called
D/Recents_AlternateRecentsComponent(27834): hideRecents
D/CustomFrequencyManagerService( 1120): releaseDVFSLockLocked : Getting Lock type frm List : DVFS_MIN_LIMIT  frequency : 1190400  uid : 1000  pid : 1120  tag : WAKEUP_BOOSTER@34
E/MotionRecognitionService( 1120):   mReceiver.onReceive : ACTION_USER_PRESENT  :: UNLOCK SCREEN
D/LightsService( 1120): [api] [SvcLED] turnOff:: id = 5 (uid: 1000 pid: 1120) 
D/LightsService( 1120): [api] [SvcLED] LED indicator : Not supported.
D/UsbDeviceManager( 1120): Keyguard Lock/Unlock
D/UsbDeviceManager( 1120): updateUsbNotification : mConnected = true, mConfigured = true, mCurrentFunctions = mtp,adb
D/UsbDeviceManager( 1120): updateUsbNotification : cancel id = 17040655, title = 
D/UsbDeviceManager( 1120): updateUsbNotification : isKeyguardLocked = false, isKeyguardSecure = false, mBootCompleted = true
D/ActivityManager( 1120): isDeviceAdminActiveApp false :com.samsung.android.sm
