D/audio_route(  280): Setting mixer control: RX3 MIX1 INP2, value: 0
D/audio_route(  280): Setting mixer control: RX3 MIX1 INP1, value: 0
D/audio_route(  280): Setting mixer control: MI2S_RX Channels, value: 0
D/audio_route(  280): ---- audio_route_update_path ==============
V/audio_hw_primary(  280): stop_output_stream: exit: status(0)
V/audio_hw_primary(  280): out_standby: exit
D/CustomFrequencyManagerService( 1120): releaseDVFSLockLocked : Getting Lock type frm List : DVFS_MIN_LIMIT  frequency : 1190400  uid : 1000  pid : 1120  tag : com.sec.android.app.launcher@1
E/SatsServiceData( 1120): Failed to connect daemon - java.io.IOException: Permission denied
I/art     ( 1120): Background sticky concurrent mark sweep GC freed 149155(7MB) AllocSpace objects, 6(96KB) LOS objects, 5% free, 118MB/125MB, paused 3.993ms total 115.760ms
D/InputReader( 1120): Input event(3): value=1 when=1913153766167000
I/InputReader( 1120): Touch event's action is 0x0 (deviceType=0) [pCnt=1, s=0.4 ] when=1913153766167000
D/InputReader( 1120): lastThreadEndTime = 1913152697146490, currentThreadStartTime = 1913152697151802, diff = 0
I/InputDispatcher( 1120): Delivering touch to (1429): action: 0x4, toolType: 1
I/InputDispatcher( 1120): Delivering touch to (17224): action: 0x0, toolType: 1
I/InputDispatcher( 1120): Delivering touch to (27834): action: 0x0, toolType: 1
D/ViewRootImpl(17224): ViewPostImeInputStage ACTION_DOWN
D/CustomFrequencyManagerService( 1120): acquireDVFSLockLocked : type : DVFS_MIN_LIMIT  frequency : 1190400  uid : 1000  pid : 1120  pkgName : com.sec.android.app.launcher@1
D/SSRM:n  ( 1120): SIOP:: AP = 410, CUR = -10, LCD = 0
D/P       ( 1120): broadcastSiopLevelIntent:: currentSiopLevel = 0
D/ContentApp(30042):  LEVEL : 0
D/InputReader( 1120): Input event(3): value=0 when=1913154159694000
I/InputReader( 1120): Touch event's action is 0x1 (deviceType=0) [pCnt=1, s=] when=1913154159694000
I/InputDispatcher( 1120): Delivering touch to (17224): action: 0x1, toolType: 1
I/InputDispatcher( 1120): Delivering touch to (27834): action: 0x1, toolType: 1
W/art     ( 8490): Suspending all threads took: 7.787ms
I/art     ( 8490): Background sticky concurrent mark sweep GC freed 167338(3MB) AllocSpace objects, 0(0B) LOS objects, 59% free, 2MB/6MB, paused 8.881ms total 52.717ms
D/CustomFrequencyManagerService( 1120): releaseDVFSLockLocked : Getting Lock type frm List : DVFS_MIN_LIMIT  frequency : 1190400  uid : 1000  pid : 1120  tag : com.sec.android.app.launcher@1
D/NativeLibraryHelper( 1120): Successfully fsync /data/app/vmdl1251707231.tmp/lib/arm/liblicensing.so
D/NativeLibraryHelper( 1120): Successfully fsync /data/app/vmdl1251707231.tmp/lib/arm/libplugin.utf8.so
D/NativeLibraryHelper( 1120): Successfully fsync /data/app/vmdl1251707231.tmp/lib/arm/libsm_decoder.so
D/NativeLibraryHelper( 1120): Successfully fsync /data/app/vmdl1251707231.tmp/lib/arm/libanalytics.so
D/NativeLibraryHelper( 1120): Successfully fsync /data/app/vmdl1251707231.tmp/lib/arm/libgameNetwork.so
D/NativeLibraryHelper( 1120): Successfully fsync /data/app/vmdl1251707231.tmp/lib/arm/libplayad_ext_support.so
D/NativeLibraryHelper( 1120): Successfully fsync /data/app/vmdl1251707231.tmp/lib/arm/libjnlua5.1.so
D/NativeLibraryHelper( 1120): Successfully fsync /data/app/vmdl1251707231.tmp/lib/arm/liblua.so
D/NativeLibraryHelper( 1120): Successfully fsync /data/app/vmdl1251707231.tmp/lib/arm/libwebsocket.so
D/NativeLibraryHelper( 1120): Successfully fsync /data/app/vmdl1251707231.tmp/lib/arm/libalmixer.so
D/NativeLibraryHelper( 1120): Successfully fsync /data/app/vmdl1251707231.tmp/lib/arm/libopenssl.so
D/NativeLibraryHelper( 1120): Successfully fsync /data/app/vmdl1251707231.tmp/lib/arm/libopenal.so
D/NativeLibraryHelper( 1120): Successfully fsync /data/app/vmdl1251707231.tmp/lib/arm/libmpg123.so
D/NativeLibraryHelper( 1120): Successfully fsync /data/app/vmdl1251707231.tmp/lib/arm/libplugin.openssl.so
D/NativeLibraryHelper( 1120): Successfully fsync /data/app/vmdl1251707231.tmp/lib/arm/libplugins.so
D/NativeLibraryHelper( 1120): Successfully fsync /data/app/vmdl1251707231.tmp/lib/arm/libads.so
D/NativeLibraryHelper( 1120): Successfully fsync /data/app/vmdl1251707231.tmp/lib/arm/libjs.so
D/NativeLibraryHelper( 1120): Successfully fsync /data/app/vmdl1251707231.tmp/lib/arm/libcorona.so
D/NativeLibraryHelper( 1120): Successfully fsync /data/app/vmdl1251707231.tmp/lib/arm/libadcolony.so
D/PackageManager( 1120): remove MCS_UNBIND and Posting MCS_UNBIND
D/PackageManager( 1120): [MSG] PROCESS_PENDING_INSTALL: observer{249434336}
D/PackageManager( 1120): currentStatus{1}
D/PackageManager( 1120): installPackageLI: path
W/PackageParser( 1120): Unknown element under <application>: string at /data/app/vmdl1251707231.tmp/base.apk Binary XML file line #145
D/InputManager-JNI( 1120): !@interceptKeyBeforeQueueing(0), action=0, interactive=true
D/InputManager-JNI( 1120): !@handleInterceptActions(0), action=0, wmActions=1
D/InputManager-JNI( 1120): !@interceptKeyBeforeQueueing(0), action=1, interactive=true
D/InputManager-JNI( 1120): !@handleInterceptActions(0), action=1, wmActions=1
D/VoIPInterfaceManager( 1120): isVoIPRinging()...
D/VoIPInterfaceManager( 1120): isVoIPRunningAndDeregi()...
D/VoIPInterfaceManager( 1120): Not exist call session
D/MultiSimUtils( 1429): getPINPUKRequest airPlaneEnabled = 0
D/MultiSimUtils( 1429): getDualModePINPUKRequest : false
D/MultiSimUtils( 1429): getPINPUKRequest airPlaneEnabled = 0
D/MultiSimUtils( 1429): getDualModePINPUKRequest : false
I/WindowManager( 1120): startDockOrHome
D/PowerManagerService( 1120): [api] [s] userActivity : event: 0 flags: 0 (uid: 1000 pid: 1120) eventTime = 1913157312
D/StatusBar( 1429): getNumberOfActiveSim: 1
D/MultiSimUtils( 1429): getPINPUKRequest airPlaneEnabled = 0
D/MultiSimUtils( 1429): getDualModePINPUKRequest : false
D/MultiSimUtils( 1429): getPINPUKRequest airPlaneEnabled = 0
D/MultiSimUtils( 1429): getDualModePINPUKRequest : false
D/PhoneStatusBar( 1429): animateCollapse(): mExpandedVisible=false flags=0
D/StatusBar-Window( 1429): fnf=true sanc=false, kni=false, sbf=false
D/CoverUI ( 1429): applyFocusableFlag() : Remove SAMSUNG_FLAG_SVIEW_COVER
D/CoverUI ( 1429): applyHeight h = 50, oc = false, ex = false, fa = false, ac = false, sc = false
D/DefaultDataTile( 1429): intentAction:android.intent.action.CLOSE_SYSTEM_DIALOGS
D/AirplaneModeTile( 1429): onReceive : android.intent.action.CLOSE_SYSTEM_DIALOGS
D/HotspotTile( 1429): onReceive : android.intent.action.CLOSE_SYSTEM_DIALOGS
D/ActivityManager( 1120): isDeviceAdminActiveApp false :com.samsung.android.SettingsReceiver
D/ActivityManager( 1120): isAutoRunBlockedApp:: com.samsung.android.SettingsReceiver, Auto Run ON
D/ActivityManager( 1120): startProcessLocked calleePkgName: com.samsung.android.SettingsReceiver, hostingType: broadcast-3
D/ActivityManager( 1120): isDeviceAdminActiveApp false :com.samsung.android.SettingsReceiver
D/ActivityManager( 1120): isAutoRunBlockedApp:: com.samsung.android.SettingsReceiver, Auto Run ON
D/LocationTile( 1429): onReceive : android.intent.action.CLOSE_SYSTEM_DIALOGS
D/Recents_AlternateRecentsComponent( 1429): onHideRecents is getting called
D/Recents_AlternateRecentsComponent(27834): hideRecents
V/AlarmManager( 1120): waitForAlarm result :8
I/ActivityManager( 1120): Start proc 19375:com.samsung.android.SettingsReceiver/1000 for broadcast-3 com.samsung.android.SettingsReceiver/.AccessibilityReceiver
E/Zygote  (19375): MountEmulatedStorage()
E/Zygote  (19375): v2
I/SELinux (19375): Function: selinux_compare_spd_ram , priority [2] , priority version is VE=SEPF_SM-J3109_5.1.1_0070
D/CustomFrequencyManagerService( 1120): acquireDVFSLockLocked : type : DVFS_MIN_LIMIT  frequency : 1190400  uid : 1000  pid : 1120  pkgName : ACTIVITY_RESUME_BOOSTER@6
D/ActivityManager( 1120): mDVFSHelper.acquire()
I/libpersona(19375): KNOX_SDCARD checking this for 1000
I/libpersona(19375): KNOX_SDCARD not a persona
E/Zygote  (19375): accessInfo : 0
E/SELinux (19375): [DEBUG] get_category: variable seinfo: platform sensitivity: NULL, cateogry: NULL
D/Launcher(17224): onPause, Launcher: 25910254
D/Launcher.HomeView(17224): onPause
D/Launcher.Workspace(17224): exitWidgetResizeMode mState: 0, newDragStarted: false
D/KeyguardUpdateMonitor( 1429): received broadcast android.intent.action.TIME_TICK
I/PERF    ( 1429): received broadcast android.intent.action.TIME_TICK
D/KeyguardUpdateMonitor( 1429): handleTimeUpdate
D/Launcher(17224): onNewIntent exitAllApps
D/SecKeyguardClockView( 1429): onTimeChanged() : mShouldShowDualClock - false, isDualClockSet() -false
D/SecKeyguardClockView( 1429): HomeTimezone(): 0
I/Launcher(17224): Animation prob: ExitAnimation : Start 
D/Launcher.Workspace(17224): exitWidgetResizeMode mState: 0, newDragStarted: false
D/Launcher(17224): onResume, Launcher: 25910254
D/Launcher.HomeView(17224): onResume
E/Vold    (  257): Failed to find mounted volume for /storage/extSdCard/Android/data/com.sec.android.app.launcher/cache/
W/Vold    (  257): Returning OperationFailed - no handler for errno 0
W/ContextImpl(17224): Failed to ensure directory: /storage/extSdCard/Android/data/com.sec.android.app.launcher/cache
W/ContextImpl(17224): Failed to ensure directory: /storage/extSdCard/Android/data/com.sec.android.app.launcher/cache
D/SecKeyguardClockView( 1429): mTimeZone:null, hour:3,   is4DigitClock:true
W/ContextImpl(17224): Failed to ensure directory: /storage/extSdCard/Android/data/com.sec.android.app.launcher/cache
D/capture (17224): ---------checkFileExist land
D/capture (17224): currentOrientation: 1 mMainHomeScreenshot: false mMainHomeScreenshotLand: true
E/Vold    (  257): Failed to find mounted volume for /storage/extSdCard/Android/data/com.sec.android.app.launcher/cache/
W/Vold    (  257): Returning OperationFailed - no handler for errno 0
E/Vold    (  257): Failed to find mounted volume for /storage/extSdCard/Android/data/com.sec.android.app.launcher/cache/
W/Vold    (  257): Returning OperationFailed - no handler for errno 0
D/MenuAppsGridFragment(17224): onResume
D/TimaKeyStoreProvider(19375): TimaSignature is unavailable
D/ActivityThread(19375): Added TimaKeyStore provider
V/BroadcastQueue( 1120): [background] Process cur broadcast BroadcastRecord{295b8d2f u-1 com.samsung.settings.action.directaccess.CLOSE_DIALOG qIdx=4} DELIVERED for app ProcessRecord{22599f3c 19375:com.samsung.android.SettingsReceiver/1000}
I/InjectionManager(19375): Inside getClassLibPath + mLibMap{0=, 1=}
I/InjectionManagerService -AppFeature( 1120): getCoreFeaturePkgList :[]
I/InjectionManager(19375): Inside getClassLibPath caller 
D/SecKeyguardStatusUtils( 1429): regionalDateFormat = 3333/11/22 isRTLlanguage = false returnDateFormat = MMMM d, E
D/InjectionManager(19375): InjectionManager
D/InjectionManager(19375): fillFeatureStoreMap com.samsung.android.SettingsReceiver
I/InjectionManager(19375): Constructor com.samsung.android.SettingsReceiver, Feature store :{}
I/InjectionManager(19375): featureStore :{}
D/[CMAPhone] (18743): {[37E8081D3DB3FFF514970EF86600A9BC8DDD3D383635AEC580F7B7E08F2C933E5C7E650FEBD075F62852781784741B015C0BD315E4B613183B28FE27EED3FBDB]}
D/[CMAPhone] (18743): {[4C271EC3FCF6E18134EF774F0D215604D4DEF7F74C7A7AE0F1BF9A1D7E87A344]}
D/[CMAPhone] (18743): {[AB4FD4C0CC1FD31C1D22079383989F3BD9C688233399F293CA834CB9A0CCC1ECB1A18868029CB934D2A208333D1A654B]}
D/[CMAPhone] (18743): {[24F850041F6838F6A0C64DFF3686350B0386773626EB7DB8FF8104BBC48639ADC3CBB37F9680EB5042F4E2EE35651EA0]}
D/[CMAPhone] (18743): {[E81E5186C49F612903ABCCC3E457C007A9E2C0B1C4EC473E9FB7114661A8F06F14AA8605A835C8E66955749046EB0FF6EE76E4AE5A1030F8EFD91BFE92231FDA9A71C8116EC006EE54EA237C89DC1E47]}
D/[CMAPhone] (18743): {[9B0752541E7370F7217BD4B7D451DF7DAF6F8384A13B274B3D9331DC044C93D2]}
D/ActivityManager( 1120): isDeviceAdminActiveApp false :com.android.contacts
D/ActivityManager( 1120): isAutoRunBlockedApp:: com.android.contacts, Auto Run ON
D/[CMAPhone] (18743): {[E81E5186C49F612903ABCCC3E457C007A9E2C0B1C4EC473E9FB7114661A8F06F14AA8605A835C8E66955749046EB0FF6EE76E4AE5A1030F8EFD91BFE92231FDA9A71C8116EC006EE54EA237C89DC1E47]}
D/[CMAPhone] (18743): {[C3FA72CE1A870787FEAFD4C9945BD9D9AA49ABA5A17472E62032EF6CF7EBCB72DB5EB475887FCBC59F7143A6EAFC2897A840275B33B01E71B43A64FBCE864727]}
V/BroadcastQueue( 1120): [background] Process cur broadcast BroadcastRecord{131544c5 u0 com.sec.android.intent.action.HOME_RESUME qIdx=4} DELIVERED for app ProcessRecord{10edfa88 29828:com.android.contacts/u0a9}
D/[zero daemon] (29396): {[C6B53529A4E9A61B6E9DFAC2EC352F35413B8423020D39F21C4F88CE3B9B87CFDCC0B81B0A5ED41F6DFA9549B8ADE1F4BACF4D40B7B8E99052DE9FA88E767D1DEF99F3B50EBB0BE2EA7D97147503802808B0F46342E4D32B53ACCA63815BEAA3ED276C39FA95340FD01BAF963F21FFFB]}
I/[zero daemon] (29396): {[A32E1AC369E42B6168CFC8ECFBFA9951C42133C77ADF9B218D854990F6269E3980B40DD12EA95BC725B2033E0FB5F542]}
D/ActivityManager( 1120): isDeviceAdminActiveApp false :com.android.mms
D/ActivityManager( 1120): isAutoRunBlockedApp:: com.android.mms, Auto Run ON
D/Mms/UIEventReceiver(19213): ui event
V/BroadcastQueue( 1120): [background] Process cur broadcast BroadcastRecord{131544c5 u0 com.sec.android.intent.action.HOME_RESUME qIdx=4} DELIVERED for app ProcessRecord{2f9150b9 19213:com.android.mms/u0a29}
D/ActivityManager( 1120): isDeviceAdminActiveApp false :com.sec.android.widgetapp.ap.hero.cmaweather
D/ActivityManager( 1120): isAutoRunBlockedApp:: com.sec.android.widgetapp.ap.hero.cmaweather, Auto Run ON
V/BroadcastQueue( 1120): [background] Process cur broadcast BroadcastRecord{131544c5 u0 com.sec.android.intent.action.HOME_RESUME qIdx=4} DELIVERED for app ProcessRecord{3c5c3794 18743:com.sec.android.widgetapp.ap.hero.cmaweather/u0a53}
D/[CMAPhone] (18743): {[E19959AA5084134784FFF883CA3E1BE52421F7F1873A8BE9D85796BB88D02F581EFC955F6EB151DB76D9F686C23581AD]}
D/[CMAPhone] (18743): {[F500478ED94886505C5185F1FFE2017C0481122D5AD3AB12E74CFB8B17CF4292C8998FFF51BE2F83941046106A9665B7]}
D/[CMAPhone] (18743): {[25ED9A6ED196130293FE49F2231BD177F807195A55A246C55F4CFEA6B2329B95244BF5DAC4F124D51362FA749949781E]}
D/[CMAPhone] (18743): {[21761FC86FC1C38131F0BA66972C946C1D9E98F90A1A796B43F646EA266528620482B18866614A3B09244D6CAAC6D0D2C6E614E157F7DB4BB91847693C93B554021D00F8A6832B0543E5740D5148D8F0]}
E/[CMAPhone] (18743): {[5C7BCE0AD5D3DFE255D70BB39FCED367AEBAB15D61D418B6736BE65A653FD0BB]}
D/[CMAPhone] (18743): {[EA8E874B4F23C251C149ED917B03EB24479CE7E7C3DA48A0CC2753A37FAC9DD908FC3D336CFC2A2EA13155FAB54DD2F2]}
D/[CMAPhone] (18743): {[EA8E874B4F23C251C149ED917B03EB24479CE7E7C3DA48A0CC2753A37FAC9DD908FC3D336CFC2A2EA13155FAB54DD2F2]}
D/[CMAPhone] (18743): {[EA8E874B4F23C251C149ED917B03EB24479CE7E7C3DA48A0CC2753A37FAC9DD908FC3D336CFC2A2EA13155FAB54DD2F2]}
D/[CMAPhone] (18743): {[E81E5186C49F612903ABCCC3E457C00791551B4DFBBFE5BD30312A8EF860C9DFFD840287072BE12162D2859E2464B8FD29BDBCE85BC18E0B0B2DE233A392AC4D]}
D/[CMAPhone] (18743): {[9B0752541E7370F7217BD4B7D451DF7DAF6F8384A13B274B3D9331DC044C93D2]}
D/[CMAPhone] (18743): {[E81E5186C49F612903ABCCC3E457C00791551B4DFBBFE5BD30312A8EF860C9DFFD840287072BE12162D2859E2464B8FD29BDBCE85BC18E0B0B2DE233A392AC4D]}
D/[CMAPhone] (18743): {[C3FA72CE1A870787FEAFD4C9945BD9D9AA49ABA5A17472E62032EF6CF7EBCB72DB5EB475887FCBC59F7143A6EAFC28973A04DAF1F6E79E11EA0B1D979D50D457]}
D/[zero daemon] (29396): {[C6B53529A4E9A61B6E9DFAC2EC352F35413B8423020D39F21C4F88CE3B9B87CFDCC0B81B0A5ED41F6DFA9549B8ADE1F4BACF4D40B7B8E99052DE9FA88E767D1DEF99F3B50EBB0BE2EA7D97147503802808B0F46342E4D32B53ACCA63815BEAA3ED276C39FA95340FD01BAF963F21FFFB]}
I/[zero daemon] (29396): {[A32E1AC369E42B6168CFC8ECFBFA9951C42133C77ADF9B218D854990F6269E39BC1155DCD9B5A013FC19C7A1070B9B42]}
D/[CMAPhone] (18743): {[E19959AA5084134784FFF883CA3E1BE52421F7F1873A8BE9D85796BB88D02F581EFC955F6EB151DB76D9F686C23581AD]}
D/[CMAPhone] (18743): {[F500478ED94886505C5185F1FFE2017C0481122D5AD3AB12E74CFB8B17CF4292C8998FFF51BE2F83941046106A9665B7]}
D/[CMAPhone] (18743): {[25ED9A6ED196130293FE49F2231BD177F807195A55A246C55F4CFEA6B2329B95244BF5DAC4F124D51362FA749949781E]}
D/[CMAPhone] (18743): {[21761FC86FC1C38131F0BA66972C946C1D9E98F90A1A796B43F646EA266528620482B18866614A3B09244D6CAAC6D0D2C6E614E157F7DB4BB91847693C93B554021D00F8A6832B0543E5740D5148D8F0]}
E/[CMAPhone] (18743): {[5C7BCE0AD5D3DFE255D70BB39FCED367AEBAB15D61D418B6736BE65A653FD0BB]}
D/[CMAPhone] (18743): {[EA8E874B4F23C251C149ED917B03EB24479CE7E7C3DA48A0CC2753A37FAC9DD908FC3D336CFC2A2EA13155FAB54DD2F2]}
D/[CMAPhone] (18743): {[EA8E874B4F23C251C149ED917B03EB24479CE7E7C3DA48A0CC2753A37FAC9DD908FC3D336CFC2A2EA13155FAB54DD2F2]}
D/[CMAPhone] (18743): {[EA8E874B4F23C251C149ED917B03EB24479CE7E7C3DA48A0CC2753A37FAC9DD908FC3D336CFC2A2EA13155FAB54DD2F2]}
I/Launcher(17224): Animation prob: ExitAnimation : End 
D/capture (17224): currentOrientation: 1 mMainHomeScreenshot: false mMainHomeScreenshotLand: true
D/[CMAPhone] (18743): {[3E290698225F98AF18FBBA1CC1F14340B81767864E0DF0EC79BC78AA34797068FEBA11489F0A74087CD45B2A90966BF41E0979D5B07C151C55213D3B9B4F851DF8E9B0C9CECE55482A14A94D3A9E430A]}
I/Launcher(17224): Animation prob:ExitAnimation : End by cancel
D/[CMAPhone] (18743): {[655A0EE3FE7C1AF88209CFB9820DD77CB2997907C2CECD5ED53A9F3D82E5B91E91CFB21EC210279064F27D0BE2F2E1BC2A29DF608A8FCAB410127262E1696B6DCC6EF17A7ADB9140695024D9AA5D498E]}
D/[CMAPhone] (18743): {[755A17E2A58BF82E5E4FB39CAFA1DD756138DF3A68042C3FD5E5785CD1FC15437F3AF2E4AEA4F5B85C4F1F6AAE949E2F710397B9380F6CC86EF55964B4CF6F35]}
D/SettingsProvider( 1120): isChangeAllowed() : name = aw_daemon_service_key_remote_widget_count
D/SettingsProvider( 1120): edmUri: content://com.sec.knox.provider/RestrictionPolicy3
D/SettingsProvider( 1120): projectionArgs: isSettingsChangesAllowed
D/SettingsProvider( 1120): selectionArgs: false
D/SettingsProvider( 1120): selectionArgs: 10053
D/SecContentProvider( 1120): query(), uri = 17 selection = isSettingsChangesAllowed
D/SettingsProvider( 1120): ret = -1
D/SettingsProvider( 1120): isChangeAllowed() : name = aw_daemon_service_key_surface_widget_count
D/SettingsProvider( 1120): edmUri: content://com.sec.knox.provider/RestrictionPolicy3
D/SettingsProvider( 1120): projectionArgs: isSettingsChangesAllowed
D/SettingsProvider( 1120): selectionArgs: false
D/SettingsProvider( 1120): selectionArgs: 10053
D/SecContentProvider( 1120): query(), uri = 17 selection = isSettingsChangesAllowed
D/SettingsProvider( 1120): ret = -1
D/[CMAPhone] (18743): {[F0D6978D4A84C2519BF6E676104250E72888BDF4A167C42CC28F974CEBE54A599E33BA02F6B35CE2F51CC5F700A7AC07]}
D/[zero daemon] (29396): {[766537EA174E2A9CC11602F9D03A60A14578FBB431652311C06360AF40C582B97E3D2F90B1974ECAF9139F49EF7A4BF4C0C267F0821A4E39C17D50909A58B054]}
D/[CMAPhone] (18743): {[8787B9337D2EE7B42B4130A5E4B1C523F3BB8883B0225B2B56790E40C224CFB3B965115B66E1BF7708B64C436CD8BD7F]}
D/[CMAPhone] (18743): {[4C271EC3FCF6E18134EF774F0D215604D4DEF7F74C7A7AE0F1BF9A1D7E87A344]}
D/[CMAPhone] (18743): {[8554FAEAC59F5136B7519AB39FCD517501D467805DA9E354D9763F9C84069FE40E11238D5C7D62979C04C12FFE9F71A114AB6E49F9A578375A531D9D8BAEFCD4C0F56E5D2758A3826C4346DC21BAAC16]}
D/ActivityManager( 1120): isDeviceAdminActiveApp false :com.sec.android.app.camera
D/ActivityManager( 1120): isAutoRunBlockedApp:: com.sec.android.app.camera, Auto Run ON
V/BroadcastQueue( 1120): [background] Process cur broadcast BroadcastRecord{131544c5 u0 com.sec.android.intent.action.HOME_RESUME qIdx=4} DELIVERED for app ProcessRecord{3e9b8f44 19241:com.sec.android.app.camera/u0a90}
D/ActivityManager( 1120): isDeviceAdminActiveApp false :com.android.stk
D/ActivityManager( 1120): isAutoRunBlockedApp:: com.android.stk, Auto Run ON
V/BroadcastQueue( 1120): [background] Process cur broadcast BroadcastRecord{131544c5 u0 com.sec.android.intent.action.HOME_RESUME qIdx=4} DELIVERED for app ProcessRecord{2751cebe 1778:com.android.phone/1001}
D/ActivityManager( 1120): isDeviceAdminActiveApp false :com.android.stk2
D/ActivityManager( 1120): isAutoRunBlockedApp:: com.android.stk2, Auto Run ON
V/BroadcastQueue( 1120): [background] Process cur broadcast BroadcastRecord{131544c5 u0 com.sec.android.intent.action.HOME_RESUME qIdx=4} DELIVERED for app ProcessRecord{2751cebe 1778:com.android.phone/1001}
D/CustomFrequencyManagerService( 1120): releaseDVFSLockLocked : Getting Lock type frm List : DVFS_MIN_LIMIT  frequency : 1190400  uid : 1000  pid : 1120  tag : ACTIVITY_RESUME_BOOSTER@6
D/ActivityManager( 1120): mDVFSHelper.release()
D/CustomFrequencyManagerService( 1120): acquireDVFSLockLocked : type : DVFS_MIN_LIMIT  frequency : 1190400  uid : 1000  pid : 1120  pkgName : ACTIVITY_RESUME_BOOSTER@12
D/BatteryService( 1120): !@BatteryListener : batteryPropertiesChanged!
D/BatteryService( 1120): level:92, scale:100, status:2, health:2, present:true, voltage: 4335, temperature: 312, technology: Li-ion, AC powered:false, USB powered:true, POGO powered:false, Wireless powered:false, icon:17303416, invalid charger:0
D/BatteryService( 1120): online:6, current avg:-10, charge type:1, power sharing:false, high voltage charger:false, capacity:280000, batterySWSelfDischarging:false, current_now:-11
D/BatteryService( 1120): Sending ACTION_BATTERY_CHANGED.
D/KeyguardUpdateMonitor( 1429): received broadcast android.intent.action.BATTERY_CHANGED
I/PERF    ( 1429): received broadcast android.intent.action.BATTERY_CHANGED
D/KeyguardUpdateMonitor( 1429): handleBatteryUpdate
I/MotionRecognitionService( 1120): Plugged
D/MotionRecognitionService( 1120):   cableConnection= 1
D/MotionRecognitionService( 1120): setPowerConnected | current backoffstate  = 0 , state =0
D/MotionRecognitionService( 1120): skip setTransmitPower. 
D/QSTile.TorchLightTile( 1429): ACTION_BATTERY_CHANGED - Level :: 92, Status :: 2
V/HeadsetService( 3484): HeadsetService - Received Intent.ACTION_BATTERY_CHANGED
D/HeadsetStateMachine( 3484): Disconnected process message: 10
D/BatteryMeterView( 1429): ACTION_BATTERY_CHANGED : level:92 status:2 health:2
D/BatteryMeterView( 1429): ACTION_BATTERY_CHANGED : level:92 status:2 health:2
D/BatteryMeterView( 1429): ACTION_BATTERY_CHANGED : level:92 status:2 health:2
D/CustomFrequencyManagerService( 1120): releaseDVFSLockLocked : Getting Lock type frm List : DVFS_MIN_LIMIT  frequency : 1190400  uid : 1000  pid : 1120  tag : ACTIVITY_RESUME_BOOSTER@12
E/SatsServiceData( 1120): Failed to connect daemon - java.io.IOException: Permission denied
I/art     ( 1120): Background partial concurrent mark sweep GC freed 58805(3MB) AllocSpace objects, 3(747KB) LOS objects, 11% free, 121MB/137MB, paused 4.675ms total 516.044ms
I/art     ( 1120): WaitForGcToComplete blocked for 345.678ms for cause HeapTrim
E/Watchdog( 1120): !@Sync 63770 [04-26 15:37:04.073]
E/SatsServiceData( 1120): Failed to connect daemon - java.io.IOException: Permission denied
D/ApplicationPolicy( 1120): isApplicationInstallationEnabled
D/ApplicationPolicy( 1120): isApplicationInstallationEnabled :  Checking PKG WL - false
D/ApplicationPolicy( 1120): isApplicationInstallationEnabled :  Checking PKG BL - true
D/ApplicationPolicy( 1120): isApplicationInstallationEnabled :  Checking PERM BL - true
D/ApplicationPolicy( 1120): isApplicationInstallationEnabled :  Checking SIG BL - true
D/ApplicationPolicy( 1120): isApplicationInstallationEnabled :  enabled true
E/PackageParser( 1120): AutoRunDefault Off This apk has receiver :com.dc.hwsj
I/AASAInstall( 1120): ship device
W/PackageManager( 1120): verifying app can be installed or not
I/art     ( 1120): Background sticky concurrent mark sweep GC freed 269705(9MB) AllocSpace objects, 14(2MB) LOS objects, 5% free, 127MB/135MB, paused 5.101ms total 140.130ms
D/PackageManager( 1120): Renaming /data/app/vmdl1251707231.tmp to /data/app/com.dc.hwsj-1
D/PackageManager( 1120): installNewPackageLI: Package{19d8b672 com.dc.hwsj}
I/PackageManager( 1120): scanFileNewer : com.dc.hwsj
I/SELinux (  281): Function: selinux_compare_spd_ram , priority [2] , priority version is VE=SEPF_SM-J3109_5.1.1_0070
E/SELinux (  281): [DEBUG] get_category: variable seinfo: default sensitivity: NULL, cateogry: NULL
E/SELinux (  281): [DEBUG] get_category: variable seinfo: app_data_file sensitivity: NULL, cateogry: NULL
W/PackageManager( 1120): Package com.dc.hwsj desires unavailable shared library org.apache.http.legacy; ignoring!
I/SELinux (  281): Function: selinux_compare_spd_ram , priority [2] , priority version is VE=SEPF_SM-J3109_5.1.1_0070
E/SELinux (  281): [DEBUG] get_category: variable seinfo: default sensitivity: NULL, cateogry: NULL
E/SELinux (  281): [DEBUG] get_category: variable seinfo: app_data_file sensitivity: NULL, cateogry: NULL
I/PackageManager( 1120): Rm dex because force dex
D/PackageManager( 1120): Running dexopt on: /data/app/com.dc.hwsj-1/base.apk pkg=com.dc.hwsj isa=arm vmSafeMode=false interpret_only=false
I/dex2oat (19393): ----------------------------------------------------
I/dex2oat (19393): <SS>: S T A R T I N G . . .
I/dex2oat (19393): <SS>: going to process manifest for 32-bit...
I/        (19393): SS_ART_lib [I]: Memory allocation: ctx
I/        (19393): SS_ART_lib [I]: Memory allocation: manifest_buf
I/        (19393): SS_ART_lib [I]: Parsing Manifest for SS stuff
I/        (19393): SS_ART_lib [I]: Memory allocation: ctx->libs
I/        (19393): SS_ART_lib [I]: Memory allocation: ctx->package_name
I/        (19393): SS_ART_lib [I]: Parsing completed
I/        (19393): SS_ART_lib [I]: permission is absent: /data/app/com.dc.hwsj-1/base.apk
I/        (19393): SS_ART_lib [I]: Closing zip file: /data/app/com.dc.hwsj-1/base.apk
I/        (19393): SS_ART_lib [I]: access to SS denied
I/        (19393): SS_ART_lib [I]: ctx will be cleaned
I/        (19393): SS_ART_lib [I]: ctx component will be cleaned: ctx->libs
I/        (19393): SS_ART_lib [I]: ctx component is cleaned: ctx->libs
I/        (19393): SS_ART_lib [I]: ctx component will be cleaned: ctx->package_name
I/        (19393): SS_ART_lib [I]: ctx component is cleaned: ctx->package_name
I/        (19393): SS_ART_lib [I]: ctx is cleaned
I/dex2oat (19393): /system/bin/dex2oat --zip-fd=11 --zip-location=/data/app/com.dc.hwsj-1/base.apk --oat-fd=12 --art-fd=-1 --compress-image --oat-location=/data/dalvik-cache/arm/data@app@com.dc.hwsj-1@base.apk@classes.dex --instruction-set=arm --instruction-set-features=div,needfix_835769 --runtime-arg -Xms64m --runtime-arg -Xmx512m --swap-fd=15
D/ContentApp(30042):  LEVEL : 1
D/SSRM:n  ( 1120): SIOP:: AP = 420, CUR = -10, LCD = 0
D/P       ( 1120): broadcastSiopLevelIntent:: currentSiopLevel = 1
I/art     ( 1120): Background sticky concurrent mark sweep GC freed 55137(2MB) AllocSpace objects, 19(2MB) LOS objects, 3% free, 130MB/135MB, paused 5.713ms total 107.403ms
I/dex2oat (19393): Decided to run without swap.
W/dex2oat (19393): Before Android 4.1, method android.graphics.PorterDuffColorFilter android.support.graphics.drawable.VectorDrawableCompat.updateTintFilter(android.graphics.PorterDuffColorFilter, android.content.res.ColorStateList, android.graphics.PorterDuff$Mode) would have incorrectly overridden the package-private method in android.graphics.drawable.Drawable
W/dex2oat (19393): Before Android 4.1, method int android.support.v7.widget.ListViewCompat.lookForSelectablePosition(int, boolean) would have incorrectly overridden the package-private method in android.widget.ListView
D/KeyguardUpdateMonitor( 1429): received broadcast android.intent.action.BATTERY_CHANGED
I/PERF    ( 1429): received broadcast android.intent.action.BATTERY_CHANGED
D/KeyguardUpdateMonitor( 1429): handleBatteryUpdate
D/BatteryService( 1120): !@BatteryListener : batteryPropertiesChanged!
D/BatteryService( 1120): level:92, scale:100, status:2, health:2, present:true, voltage: 4332, temperature: 312, technology: Li-ion, AC powered:false, USB powered:true, POGO powered:false, Wireless powered:false, icon:17303416, invalid charger:0
D/BatteryService( 1120): online:6, current avg:-10, charge type:1, power sharing:false, high voltage charger:false, capacity:280000, batterySWSelfDischarging:false, current_now:-11
D/BatteryService( 1120): Sending ACTION_BATTERY_CHANGED.
I/MotionRecognitionService( 1120): Plugged
D/MotionRecognitionService( 1120):   cableConnection= 1
D/MotionRecognitionService( 1120): setPowerConnected | current backoffstate  = 0 , state =0
D/MotionRecognitionService( 1120): skip setTransmitPower. 
V/HeadsetService( 3484): HeadsetService - Received Intent.ACTION_BATTERY_CHANGED
D/HeadsetStateMachine( 3484): Disconnected process message: 10
D/QSTile.TorchLightTile( 1429): ACTION_BATTERY_CHANGED - Level :: 92, Status :: 2
D/BatteryMeterView( 1429): ACTION_BATTERY_CHANGED : level:92 status:2 health:2
D/BatteryMeterView( 1429): ACTION_BATTERY_CHANGED : level:92 status:2 health:2
D/BatteryMeterView( 1429): ACTION_BATTERY_CHANGED : level:92 status:2 health:2
E/SatsServiceData( 1120): Failed to connect daemon - java.io.IOException: Permission denied
E/SatsServiceData( 1120): Failed to connect daemon - java.io.IOException: Permission denied
D/SSRM:n  ( 1120): SIOP:: AP = 430, CUR = -10, LCD = 0
D/P       ( 1120): broadcastSiopLevelIntent:: currentSiopLevel = 2
D/ContentApp(30042):  LEVEL : 2
D/ContentApp(30042): stopScan() is called.
D/BatteryService( 1120): !@BatteryListener : batteryPropertiesChanged!
D/BatteryService( 1120): level:92, scale:100, status:2, health:2, present:true, voltage: 4332, temperature: 314, technology: Li-ion, AC powered:false, USB powered:true, POGO powered:false, Wireless powered:false, icon:17303416, invalid charger:0
D/BatteryService( 1120): online:6, current avg:-10, charge type:1, power sharing:false, high voltage charger:false, capacity:280000, batterySWSelfDischarging:false, current_now:-11
D/BatteryService( 1120): Sending ACTION_BATTERY_CHANGED.
D/KeyguardUpdateMonitor( 1429): received broadcast android.intent.action.BATTERY_CHANGED
I/PERF    ( 1429): received broadcast android.intent.action.BATTERY_CHANGED
D/KeyguardUpdateMonitor( 1429): handleBatteryUpdate
I/MotionRecognitionService( 1120): Plugged
D/MotionRecognitionService( 1120):   cableConnection= 1
D/MotionRecognitionService( 1120): setPowerConnected | current backoffstate  = 0 , state =0
D/MotionRecognitionService( 1120): skip setTransmitPower. 
V/HeadsetService( 3484): HeadsetService - Received Intent.ACTION_BATTERY_CHANGED
D/HeadsetStateMachine( 3484): Disconnected process message: 10
D/QSTile.TorchLightTile( 1429): ACTION_BATTERY_CHANGED - Level :: 92, Status :: 2
D/BatteryMeterView( 1429): ACTION_BATTERY_CHANGED : level:92 status:2 health:2
D/BatteryMeterView( 1429): ACTION_BATTERY_CHANGED : level:92 status:2 health:2
D/BatteryMeterView( 1429): ACTION_BATTERY_CHANGED : level:92 status:2 health:2
E/SatsServiceData( 1120): Failed to connect daemon - java.io.IOException: Permission denied
I/190225  (12216): BMP samsung | SM-J3109 | 5.1.1 | 8.8.8.8
W/ProcessCpuTracker( 1120): Skipping unknown process pid 19406
E/SatsServiceData( 1120): Failed to connect daemon - java.io.IOException: Permission denied
D/SSRM:n  ( 1120): SIOP:: AP = 440, CUR = -10, LCD = 0
I/dex2oat (19393): dex2oat took 20.136s (threads: 4) arena alloc=1887KB java alloc=23MB native alloc=45MB free=6MB
I/PackageManager( 1120): do mInstaller.dexopt : 0
D/PackageManager( 1120): Time to dexopt: 20.295 seconds
D/PackageManager( 1120): EAS IT Policy destCodeFile /data/app/com.dc.hwsj-1
D/AASAinstall( 1120): there is not AASApackages.xml file
D/PackageManager( 1120): New package installed
D/EnterpriseDeviceManagerService( 1120): updateAdminPermissions
W/PackageManager( 1120): Unknown permission com.android.vending.BILLING in package com.dc.hwsj
W/PackageManager( 1120): Unknown permission com.android.vending.CHECK_LICENSE in package com.dc.hwsj
W/PackageManager( 1120): Unknown permission com.google.android.c2dm.permission.RECEIVE in package com.dc.hwsj
W/PackageManager( 1120): Unknown permission com.google.android.finsky.permission.BIND_GET_INSTALL_REFERRER_SERVICE in package com.dc.hwsj
I/autorun ( 1120):  com.dc.hwsj is targetApp of AutoRun by Manifest
I/MSTG    ( 1120): com.dc.hwsj is installing..
D/PackageManager( 1120): doPostInstall for uid{11786}
D/PackageManager( 1120): token 243 to BM for possible restore
V/BackupManagerService( 1120): restoreAtInstall pkg=com.dc.hwsj token=f3 restoreSet=0
W/BackupManagerService( 1120): Requested unavailable transport: com.google.android.backup/.BackupTransportService
W/BackupManagerService( 1120): No transport
V/BackupManagerService( 1120): Finishing install immediately
D/PackageManager( 1120): BM finishing package install for 243
D/PackageManager( 1120): [MSG] MCS_UNBIND
D/PackageManager( 1120): [MSG] POST_INSTALL: observer{249434336}
D/PackageManager( 1120):           Handling post-install for 243
W/Settings( 1120): Setting install_non_market_apps has moved from android.provider.Settings.Global to android.provider.Settings.Secure, returning read-only value.
I/InputReader( 1120): Reconfiguring input devices.  changes=0x00000010
D/ActivityManager( 1120): isDeviceAdminActiveApp false :com.samsung.aasaservice
D/ActivityManager( 1120): isAutoRunBlockedApp:: com.samsung.aasaservice, Auto Run ON
D/ActivityManager( 1120): startProcessLocked calleePkgName: com.samsung.aasaservice, hostingType: broadcast-3
D/ActivityManager( 1120): isDeviceAdminActiveApp false :com.samsung.aasaservice
D/ActivityManager( 1120): isAutoRunBlockedApp:: com.samsung.aasaservice, Auto Run ON
E/Zygote  (19411): MountEmulatedStorage()
E/Zygote  (19411): v2
I/libpersona(19411): KNOX_SDCARD checking this for 1000
I/libpersona(19411): KNOX_SDCARD not a persona
I/ActivityManager( 1120): Start proc 19411:com.samsung.aasaservice/1000 for broadcast-3 com.samsung.aasaservice/.AASAUpdateReceiver
I/SELinux (19411): Function: selinux_compare_spd_ram , priority [2] , priority version is VE=SEPF_SM-J3109_5.1.1_0070
E/Zygote  (19411): accessInfo : 0
E/SELinux (19411): [DEBUG] get_category: variable seinfo: platform sensitivity: NULL, cateogry: NULL
W/ResourceType(29828): For resource 0x7f0216a2, entry index(5794) is beyond type entryCount(616)
W/ResourceType(29828): Failure getting entry for 0x7f0216a2 (t=1 e=5794) (error -75)
W/ResourceType(29828): For resource 0x7f0216a1, entry index(5793) is beyond type entryCount(616)
W/ResourceType(29828): Failure getting entry for 0x7f0216a1 (t=1 e=5793) (error -75)
D/TimaKeyStoreProvider(19411): TimaSignature is unavailable
D/ActivityThread(19411): Added TimaKeyStore provider
W/ResourceType( 1120): Failure getting entry for 0x7f090000 (t=8 e=0) (error -75)
V/BroadcastQueue( 1120): [background] Process cur broadcast BroadcastRecord{3dc19234 u0 android.intent.action.PACKAGE_ADDED qIdx=4} DELIVERED for app ProcessRecord{e2f485d 19411:com.samsung.aasaservice/1000}
D/ApduServiceInfo( 1766): seId: 0
D/ApduServiceInfo( 1766): seId: 0
D/RegisteredServicesCache( 1766): empty dynamic service
I/InjectionManager(19411): Inside getClassLibPath + mLibMap{0=, 1=}
I/InjectionManagerService -AppFeature( 1120): getCoreFeaturePkgList :[]
I/InjectionManager(19411): Inside getClassLibPath caller 
D/InjectionManager(19411): InjectionManager
D/InjectionManager(19411): fillFeatureStoreMap com.samsung.aasaservice
I/InjectionManager(19411): Constructor com.samsung.aasaservice, Feature store :{}
I/InjectionManager(19411): featureStore :{}
D/AASAservice-UpdateReceiver(19411): onReceive() : android.intent.action.PACKAGE_ADDED
E/AASAservice-TokenRule(19411): parseToken() : TokenFile is null
D/AASAservice-UpdateReceiver(19411): onReceive() : package = com.dc.hwsj, uid = -1
D/AASAinstall( 1120): there is not AASApackages.xml file
I/AASAdebug( 1120):  readUids-end
D/AASAservice-AASABinder(19411): getManagedSharedPkgList() : packageName - com.dc.hwsj, uid - -1
D/AASAservice-UpdateReceiver(19411): AASAUpdateReceiver : check SharedUID package.
I/AASAservice-UpdateReceiver(19411): AASAUpdateReceiver() : BLOCK BY PACKAGE
E/AASAservice-UpdateReceiver(19411): AASAUpdateReceiver : myrule is null.
I/art     (19411): System.exit called, status: 0
I/AndroidRuntime(19411): VM exiting with result code 0, cleanup skipped.
D/RCPManagerService( 1120): PackageReceiver onReceive()
D/RCPManagerService( 1120): App Installed with packageNAme = com.dc.hwsj
D/RCPManagerService( 1120):  PackageReceiver onReceive() bundle Bundle[{android.support.VERSION=26.1.0, retail_id=2, app_id=1020, com.facebook.sdk.ApplicationId=1914711638746178, com.facebook.sdk.ApplicationName=Game of Sultans, android.max_aspect=2.1, applovin.sdk.key=BLZ3nWD4mwe_7TFhC7kqaUqZMz32l9nxVL-GtCKc6-cEWsxizeXT8L7UJAX2KJ-qey4W9P7FNkUvaPcT295AUD, com.google.android.gms.version=11910000}]
D/RCPManagerService( 1120):  PackageReceiver onReceive() proxyName null proxyService null
D/AidRoutingManager( 1766): AidSize  - 0(322)--
D/AidRoutingManager( 1766): AidSize  - 2(0)--
D/AidRoutingManager( 1766): Default Route  - 0 / expected aid table size (0)
D/AidRoutingManager( 1766): Default Route  - 2 / expected aid table size (322)
D/RegisteredComponentCache( 1766): Collect Tech packages for Knox
D/KnoxMUMContainerPolicy( 1120): mPackageReceiver : action - android.intent.action.PACKAGE_ADDED
E/SDAgentPackageStateReceiver( 1120): Not going to handle 'com.dc.hwsj'!
D/BackupManagerService( 1120): Received broadcast Intent { act=android.intent.action.PACKAGE_ADDED dat=package:com.dc.hwsj flg=0x4000010 bqHint=4 (has extras) }
W/BackupManagerService( 1120): Removing schedule queue dupe of com.dc.hwsj
V/EnterpriseBillingPolicy( 1120): packageModificationReceiver - onreceive - start - android.intent.action.PACKAGE_ADDED
V/EnterpriseBillingPolicy( 1120): uID is 11786
V/EnterpriseBillingPolicy( 1120): Removed Packageuid is0
V/EnterpriseBillingPolicyStorage( 1120): getProfileForApplication - enter
V/EnterpriseBillingPolicyStorage( 1120): getProfileForApplication - exit null : containerId = 0
V/EnterpriseBillingPolicy( 1120): packageModificationReceiver - onreceive - personal application - profile null
V/EnterpriseBillingPolicy( 1120): packageModificationReceiver - onreceive - might be a vpn vendor package 
V/EnterpriseBillingPolicyStorage( 1120): getBillingProfileForVpnEngine - start - com.dc.hwsj
V/EnterpriseBillingPolicyStorage( 1120): getBillingProfileForVpnEngine - end - null
D/PersonaPolicyManagerService( 1120): PersonaPolicyReceiver Receiver : android.intent.action.PACKAGE_ADDED
D/KnoxMUMContainerPolicy( 1120): packageInstalledForExternalStorage com.dc.hwsj
D/EnterpriseDeviceManagerService( 1120): Package has changed for user 0
V/AlarmManagerEXT( 1120): com.dc.hwsj(11786) is added to mUserAppList
I/ActivityManager( 1120): Process com.samsung.aasaservice (pid 19411)(adj 0) has died(100,578)
D/ActivityManager( 1120): cleanUpApplicationRecord -- 19411
D/ActivityManager( 1120): isDeviceAdminActiveApp false :com.samsung.aasaservice
D/ActivityManager( 1120): isAutoRunBlockedApp:: com.samsung.aasaservice, Auto Run ON
D/Launcher(17224): onTrimMemory. Level: 5
D/ActivityManager( 1120): isDeviceAdminActiveApp false :com.android.nfc
D/ActivityManager( 1120): isAutoRunBlockedApp:: com.android.nfc, Auto Run ON
I/HomeSyncInstallReceiver( 1766): This pkg do not need BT addr. Do nothing
V/BroadcastQueue( 1120): [background] Process cur broadcast BroadcastRecord{3dc19234 u0 android.intent.action.PACKAGE_ADDED qIdx=4} DELIVERED for app ProcessRecord{375588c1 1766:com.android.nfc/1027}
I/splitIntent( 1120): Split this intent : android.intent.action.PACKAGE_ADDED, mSplitNum[0]=6, mSplitNum[1]=10, mSplitNum[2]=14, mBgSplitQueueNum=3 divideNum= 3 r.nextReceiver= 2 receivers.size=17
I/splitIntent( 1120): finish to split intent : android.intent.action.PACKAGE_ADDED !! Enqueue -> schedule it!!
D/ActivityManager( 1120): isDeviceAdminActiveApp false :com.samsung.android.asksmanager
D/ActivityManager( 1120): isAutoRunBlockedApp:: com.samsung.android.asksmanager, Auto Run ON
D/ActivityManager( 1120): startProcessLocked calleePkgName: com.samsung.android.asksmanager, hostingType: broadcast-3
D/ActivityManager( 1120): isDeviceAdminActiveApp false :com.samsung.android.asksmanager
D/ActivityManager( 1120): isAutoRunBlockedApp:: com.samsung.android.asksmanager, Auto Run ON
I/ActivityManager( 1120): Start proc 19428:com.samsung.android.asksmanager/u0a5 for broadcast-3 com.samsung.android.asksmanager/.PackageReceiver
D/ActivityManager( 1120): isDeviceAdminActiveApp false :com.android.mms
D/ActivityManager( 1120): isAutoRunBlockedApp:: com.android.mms, Auto Run ON
V/BroadcastQueue( 1120): [backgroundsplit_0] Process cur broadcast BroadcastRecord{1179e9ce u0 android.intent.action.PACKAGE_ADDED qIdx=5} DELIVERED for app ProcessRecord{2f9150b9 19213:com.android.mms/u0a29}
D/ActivityManager( 1120): isDeviceAdminActiveApp false :com.samsung.android.sm
D/ActivityManager( 1120): isAutoRunBlockedApp:: com.samsung.android.sm, Auto Run ON
E/Zygote  (19428): MountEmulatedStorage()
E/Zygote  (19428): v2
I/SELinux (19428): Function: selinux_compare_spd_ram , priority [2] , priority version is VE=SEPF_SM-J3109_5.1.1_0070
E/Zygote  (19428): accessInfo : 0
E/SELinux (19428): [DEBUG] get_category: variable seinfo: platform sensitivity: NULL, cateogry: NULL
V/BroadcastQueue( 1120): [backgroundsplit_1] Process cur broadcast BroadcastRecord{397980ef u0 android.intent.action.PACKAGE_ADDED qIdx=6} DELIVERED for app ProcessRecord{25fc1f26 18054:com.samsung.android.sm/1000}
D/ActivityManager( 1120): isDeviceAdminActiveApp false :com.samsung.android.bbc.bbcagent
D/ActivityManager( 1120): isAutoRunBlockedApp:: com.samsung.android.bbc.bbcagent, Auto Run ON
D/ActivityManager( 1120): startProcessLocked calleePkgName: com.samsung.android.bbc.bbcagent, hostingType: broadcast-4
D/ActivityManager( 1120): isDeviceAdminActiveApp false :com.samsung.android.bbc.bbcagent
D/ActivityManager( 1120): isAutoRunBlockedApp:: com.samsung.android.bbc.bbcagent, Auto Run ON
I/libpersona(19428): KNOX_SDCARD checking this for 10005
I/libpersona(19428): KNOX_SDCARD not a persona
I/art     (  303): Explicit concurrent mark sweep GC freed 8730(371KB) AllocSpace objects, 0(0B) LOS objects, 50% free, 3MB/7MB, paused 579us total 33.081ms
D/TimaKeyStoreProvider(19428): TimaSignature is unavailable
D/ActivityThread(19428): Added TimaKeyStore provider
D/Mms/FreeMessageStatusReceiver(19213): onReceive, action : android.intent.action.PACKAGE_ADDED
I/art     (  303): Explicit concurrent mark sweep GC freed 5(160B) AllocSpace objects, 0(0B) LOS objects, 50% free, 3MB/7MB, paused 554us total 17.678ms
I/art     (  303): Explicit concurrent mark sweep GC freed 5(160B) AllocSpace objects, 0(0B) LOS objects, 50% free, 3MB/7MB, paused 581us total 14.826ms
E/Zygote  (19443): MountEmulatedStorage()
E/Zygote  (19443): v2
I/SELinux (19443): Function: selinux_compare_spd_ram , priority [2] , priority version is VE=SEPF_SM-J3109_5.1.1_0070
E/Zygote  (19443): accessInfo : 0
E/SELinux (19443): [DEBUG] get_category: variable seinfo: platform sensitivity: NULL, cateogry: NULL
I/libpersona(19443): KNOX_SDCARD checking this for 1000
I/libpersona(19443): KNOX_SDCARD not a persona
I/ActivityManager( 1120): Start proc 19443:com.samsung.android.bbc.bbcagent/1000 for broadcast-4 com.samsung.android.bbc.bbcagent/.bbccontroller.receiver.PackageEventReceiver
D/ActivityManager( 1120): startService callerProcessName:com.android.mms, calleePkgName: com.android.mms
D/ActivityManager( 1120): caller:android.app.ApplicationThreadProxy@26073d0b, r.packageName :com.android.mms
V/BroadcastQueue( 1120): [background] Process cur broadcast BroadcastRecord{3dc19234 u0 android.intent.action.PACKAGE_ADDED qIdx=4} DELIVERED for app ProcessRecord{3e82be01 19428:com.samsung.android.asksmanager/u0a5}
D/ActivityManager( 1120): isDeviceAdminActiveApp false :com.samsung.android.sm
D/ActivityManager( 1120): isAutoRunBlockedApp:: com.samsung.android.sm, Auto Run ON
V/BroadcastQueue( 1120): [backgroundsplit_1] Process cur broadcast BroadcastRecord{397980ef u0 android.intent.action.PACKAGE_ADDED qIdx=6} DELIVERED for app ProcessRecord{25fc1f26 18054:com.samsung.android.sm/1000}
D/ActivityManager( 1120): isDeviceAdminActiveApp false :com.android.settings
D/ActivityManager( 1120): isAutoRunBlockedApp:: com.android.settings, Auto Run ON
D/ActivityManager( 1120): startProcessLocked calleePkgName: com.android.settings, hostingType: broadcast-4
D/ActivityManager( 1120): isDeviceAdminActiveApp false :com.android.settings
D/ActivityManager( 1120): isAutoRunBlockedApp:: com.android.settings, Auto Run ON
D/Mms/FreeMessageReceiverService(19213): onHandleIntent, action : android.intent.action.PACKAGE_ADDED
E/Zygote  (19459): MountEmulatedStorage()
E/Zygote  (19459): v2
D/Mms/FreeMessageReceiverService(19213): onHandleIntent: ACTION_PACKAGE_ADDED
I/libpersona(19459): KNOX_SDCARD checking this for 1000
I/libpersona(19459): KNOX_SDCARD not a persona
I/ActivityManager( 1120): Start proc 19459:com.android.settings/1000 for broadcast-4 com.android.settings/.applock.PackageActionReceiver
I/SELinux (19459): Function: selinux_compare_spd_ram , priority [2] , priority version is VE=SEPF_SM-J3109_5.1.1_0070
D/TimaKeyStoreProvider(19443): TimaSignature is unavailable
E/Zygote  (19459): accessInfo : 0
D/ActivityThread(19443): Added TimaKeyStore provider
E/SELinux (19459): [DEBUG] get_category: variable seinfo: platform sensitivity: NULL, cateogry: NULL
V/BroadcastQueue( 1120): [backgroundsplit_2] Process cur broadcast BroadcastRecord{295564a6 u0 android.intent.action.PACKAGE_ADDED qIdx=7} DELIVERED for app ProcessRecord{1c6a9ee7 19443:com.samsung.android.bbc.bbcagent/1000}
D/ActivityManager( 1120): isDeviceAdminActiveApp false :com.sec.android.app.capabilitymanager
D/ActivityManager( 1120): isAutoRunBlockedApp:: com.sec.android.app.capabilitymanager, Auto Run ON
D/ActivityManager( 1120): startProcessLocked calleePkgName: com.sec.android.app.capabilitymanager, hostingType: broadcast-4
D/ActivityManager( 1120): isDeviceAdminActiveApp false :com.sec.android.app.capabilitymanager
D/ActivityManager( 1120): isAutoRunBlockedApp:: com.sec.android.app.capabilitymanager, Auto Run ON
I/InjectionManagerService -AppFeature( 1120): getCoreFeaturePkgList :[]
I/InjectionManager(19428): Inside getClassLibPath + mLibMap{0=, 1=}
I/InjectionManager(19443): Inside getClassLibPath + mLibMap{0=, 1=}
D/TimaKeyStoreProvider(19459): TimaSignature is unavailable
I/InjectionManagerService -AppFeature( 1120): getCoreFeaturePkgList :[]
I/ActivityManager( 1120): Start proc 19469:com.sec.android.app.capabilitymanager/u0a49 for broadcast-4 com.sec.android.app.capabilitymanager/com.sec.android.app.cm.ui.Receiver
D/ActivityThread(19459): Added TimaKeyStore provider
E/Zygote  (19469): MountEmulatedStorage()
E/Zygote  (19469): v2
I/SELinux (19469): Function: selinux_compare_spd_ram , priority [2] , priority version is VE=SEPF_SM-J3109_5.1.1_0070
E/Zygote  (19469): accessInfo : 0
E/SELinux (19469): [DEBUG] get_category: variable seinfo: platform sensitivity: NULL, cateogry: NULL
I/libpersona(19469): KNOX_SDCARD checking this for 10049
I/libpersona(19469): KNOX_SDCARD not a persona
V/BroadcastQueue( 1120): [backgroundsplit_0] Process cur broadcast BroadcastRecord{1179e9ce u0 android.intent.action.PACKAGE_ADDED qIdx=5} DELIVERED for app ProcessRecord{237a3a94 19459:com.android.settings/1000}
I/InjectionManager(19428): Inside getClassLibPath caller 
D/TimaKeyStoreProvider(19469): TimaSignature is unavailable
W/ResourcesManager(19428): Asset path '/system/framework/twframework.jar' does not exist or contains no resources.
D/ActivityThread(19469): Added TimaKeyStore provider
I/InjectionManager(19459): Inside getClassLibPath + mLibMap{0=, 1=}
I/InjectionManagerService -AppFeature( 1120): getCoreFeaturePkgList :[]
W/ResourcesManager(19443): Asset path '/system/framework/com.samsung.bbccommon.jar' does not exist or contains no resources.
V/BroadcastQueue( 1120): [backgroundsplit_1] Process cur broadcast BroadcastRecord{397980ef u0 android.intent.action.PACKAGE_ADDED qIdx=6} DELIVERED for app ProcessRecord{3b5c393d 19469:com.sec.android.app.capabilitymanager/u0a49}
I/InjectionManager(19443): Inside getClassLibPath caller 
I/InjectionManager(19469): Inside getClassLibPath + mLibMap{0=, 1=}
I/InjectionManagerService -AppFeature( 1120): getCoreFeaturePkgList :[]
W/ContextImpl(18054): Calling a method in the system process without a qualified user: android.app.ContextImpl.startService:2113 android.content.ContextWrapper.startService:534 android.content.ContextWrapper.startService:534 com.samsung.android.sm.database.lowpowercontext.AasaAutoRunService.a:30 com.samsung.android.sm.database.lowpowercontext.LowpowerContextReceiver$SystemBroadcastReceiver.a:87 
W/ResourcesManager(19459): Asset path '/system/framework/sec_platform_library.jar' does not exist or contains no resources.
W/ResourcesManager(19459): Asset path '/system/framework/secvisualeffect.jar' does not exist or contains no resources.
W/ResourcesManager(19459): Asset path '/system/framework/sechardware.jar' does not exist or contains no resources.
W/ResourcesManager(19459): Asset path '/system/framework/twframework.jar' does not exist or contains no resources.
W/ResourcesManager(19459): Asset path '/system/framework/com.broadcom.bt.jar' does not exist or contains no resources.
D/ActivityManager( 1120): startService callerProcessName:com.samsung.android.sm, calleePkgName: com.samsung.android.sm
D/ActivityManager( 1120): caller:android.app.ApplicationThreadProxy@19b84283, r.packageName :com.samsung.android.sm
I/InjectionManager(19459): Inside getClassLibPath caller 
D/InjectionManager(19443): InjectionManager
D/InjectionManager(19443): fillFeatureStoreMap com.samsung.android.bbc.bbcagent
