D/BatteryService( 1120): level:92, scale:100, status:2, health:2, present:true, voltage: 4332, temperature: 309, technology: Li-ion, AC powered:false, USB powered:true, POGO powered:false, Wireless powered:false, icon:17303416, invalid charger:0
D/BatteryService( 1120): online:6, current avg:-10, charge type:1, power sharing:false, high voltage charger:false, capacity:280000, batterySWSelfDischarging:false, current_now:-11
D/BatteryService( 1120): stay LED for charging
D/BatteryService( 1120): Sending ACTION_BATTERY_CHANGED.
I/MotionRecognitionService( 1120): Plugged
D/MotionRecognitionService( 1120):   cableConnection= 1
D/MotionRecognitionService( 1120): setPowerConnected | current backoffstate  = 0 , state =0
D/MotionRecognitionService( 1120): skip setTransmitPower. 
D/BatteryMeterView( 1429): ACTION_BATTERY_CHANGED : level:92 status:2 health:2
D/BatteryMeterView( 1429): ACTION_BATTERY_CHANGED : level:92 status:2 health:2
D/BatteryMeterView( 1429): ACTION_BATTERY_CHANGED : level:92 status:2 health:2
E/SatsServiceData( 1120): Failed to connect daemon - java.io.IOException: Permission denied
E/Watchdog( 1120): !@Sync 63718 [04-26 15:11:04.036]
D/SSRM:n  ( 1120): SIOP:: AP = 360, CUR = -10, LCD = 0
E/SatsServiceData( 1120): Failed to connect daemon - java.io.IOException: Permission denied
D/BatteryService( 1120): !@BatteryListener : batteryPropertiesChanged!
D/BatteryService( 1120): level:92, scale:100, status:2, health:2, present:true, voltage: 4335, temperature: 309, technology: Li-ion, AC powered:false, USB powered:true, POGO powered:false, Wireless powered:false, icon:17303416, invalid charger:0
D/BatteryService( 1120): online:6, current avg:-10, charge type:1, power sharing:false, high voltage charger:false, capacity:280000, batterySWSelfDischarging:false, current_now:-11
D/BatteryService( 1120): stay LED for charging
D/BatteryService( 1120): Sending ACTION_BATTERY_CHANGED.
I/MotionRecognitionService( 1120): Plugged
D/MotionRecognitionService( 1120):   cableConnection= 1
D/MotionRecognitionService( 1120): setPowerConnected | current backoffstate  = 0 , state =0
D/MotionRecognitionService( 1120): skip setTransmitPower. 
D/BatteryMeterView( 1429): ACTION_BATTERY_CHANGED : level:92 status:2 health:2
D/BatteryMeterView( 1429): ACTION_BATTERY_CHANGED : level:92 status:2 health:2
D/BatteryMeterView( 1429): ACTION_BATTERY_CHANGED : level:92 status:2 health:2
E/SatsServiceData( 1120): Failed to connect daemon - java.io.IOException: Permission denied
D/SSRM:n  ( 1120): SIOP:: AP = 360, CUR = -10, LCD = 0
E/SatsServiceData( 1120): Failed to connect daemon - java.io.IOException: Permission denied
D/TimaService( 1120): TIMA: TimaService scheduler is intialized. 
D/TimaService( 1120): TIMA: checkEvent, operation: 50000 subject: 10000
D/TimaService( 1120): TimaServiceHandler.handleMessage what =1
D/BatteryService( 1120): !@BatteryListener : batteryPropertiesChanged!
I/EntropyMixer( 1120): Writing entropy...
D/TimaService( 1120): TIMA MEASUREMENT Result: TIMA_STATUS=0;MSG=Kernel Verification Success;
D/TimaService( 1120): TIMA MEASUREMENT success status: TIMA_STATUS=0;MSG=Kernel Verification Success;
V/AlarmManager( 1120): waitForAlarm result :8
E/SatsServiceData( 1120): Failed to connect daemon - java.io.IOException: Permission denied
D/BatteryStatsImpl( 1120): poolsize= 1, curBatteryRealtime= 0, mUpdateTime= 0, mTimeout= 0, mNesting= 0, mTotalTime= 0
D/SSRM:n  ( 1120): SIOP:: AP = 360, CUR = -10, LCD = 0
E/SatsServiceData( 1120): Failed to connect daemon - java.io.IOException: Permission denied
D/BatteryService( 1120): !@BatteryListener : batteryPropertiesChanged!
D/BatteryService( 1120): level:92, scale:100, status:2, health:2, present:true, voltage: 4332, temperature: 309, technology: Li-ion, AC powered:false, USB powered:true, POGO powered:false, Wireless powered:false, icon:17303416, invalid charger:0
D/BatteryService( 1120): online:6, current avg:-10, charge type:1, power sharing:false, high voltage charger:false, capacity:280000, batterySWSelfDischarging:false, current_now:-11
D/BatteryService( 1120): stay LED for charging
D/BatteryService( 1120): Sending ACTION_BATTERY_CHANGED.
I/MotionRecognitionService( 1120): Plugged
D/MotionRecognitionService( 1120):   cableConnection= 1
D/MotionRecognitionService( 1120): setPowerConnected | current backoffstate  = 0 , state =0
D/MotionRecognitionService( 1120): skip setTransmitPower. 
D/BatteryMeterView( 1429): ACTION_BATTERY_CHANGED : level:92 status:2 health:2
D/BatteryMeterView( 1429): ACTION_BATTERY_CHANGED : level:92 status:2 health:2
D/BatteryMeterView( 1429): ACTION_BATTERY_CHANGED : level:92 status:2 health:2
E/SatsServiceData( 1120): Failed to connect daemon - java.io.IOException: Permission denied
E/Watchdog( 1120): !@Sync 63719 [04-26 15:11:34.037]
D/SSRM:n  ( 1120): SIOP:: AP = 360, CUR = -10, LCD = 0
E/SatsServiceData( 1120): Failed to connect daemon - java.io.IOException: Permission denied
D/BatteryService( 1120): !@BatteryListener : batteryPropertiesChanged!
D/BatteryService( 1120): level:92, scale:100, status:2, health:2, present:true, voltage: 4335, temperature: 309, technology: Li-ion, AC powered:false, USB powered:true, POGO powered:false, Wireless powered:false, icon:17303416, invalid charger:0
D/BatteryService( 1120): online:6, current avg:-10, charge type:1, power sharing:false, high voltage charger:false, capacity:280000, batterySWSelfDischarging:false, current_now:-11
D/BatteryService( 1120): stay LED for charging
D/BatteryService( 1120): Sending ACTION_BATTERY_CHANGED.
I/MotionRecognitionService( 1120): Plugged
D/MotionRecognitionService( 1120):   cableConnection= 1
D/MotionRecognitionService( 1120): setPowerConnected | current backoffstate  = 0 , state =0
D/MotionRecognitionService( 1120): skip setTransmitPower. 
D/BatteryMeterView( 1429): ACTION_BATTERY_CHANGED : level:92 status:2 health:2
D/BatteryMeterView( 1429): ACTION_BATTERY_CHANGED : level:92 status:2 health:2
D/BatteryMeterView( 1429): ACTION_BATTERY_CHANGED : level:92 status:2 health:2
E/SatsServiceData( 1120): Failed to connect daemon - java.io.IOException: Permission denied
D/SSRM:n  ( 1120): SIOP:: AP = 360, CUR = -10, LCD = 0
E/SatsServiceData( 1120): Failed to connect daemon - java.io.IOException: Permission denied
D/BatteryService( 1120): !@BatteryListener : batteryPropertiesChanged!
D/BatteryService( 1120): level:92, scale:100, status:2, health:2, present:true, voltage: 4332, temperature: 309, technology: Li-ion, AC powered:false, USB powered:true, POGO powered:false, Wireless powered:false, icon:17303416, invalid charger:0
D/BatteryService( 1120): online:6, current avg:-10, charge type:1, power sharing:false, high voltage charger:false, capacity:280000, batterySWSelfDischarging:false, current_now:-11
D/BatteryService( 1120): stay LED for charging
D/BatteryService( 1120): Sending ACTION_BATTERY_CHANGED.
I/MotionRecognitionService( 1120): Plugged
D/MotionRecognitionService( 1120):   cableConnection= 1
D/MotionRecognitionService( 1120): setPowerConnected | current backoffstate  = 0 , state =0
D/MotionRecognitionService( 1120): skip setTransmitPower. 
D/BatteryMeterView( 1429): ACTION_BATTERY_CHANGED : level:92 status:2 health:2
D/BatteryMeterView( 1429): ACTION_BATTERY_CHANGED : level:92 status:2 health:2
D/BatteryMeterView( 1429): ACTION_BATTERY_CHANGED : level:92 status:2 health:2
E/SatsServiceData( 1120): Failed to connect daemon - java.io.IOException: Permission denied
I/PowerManagerService( 1120): [PWL] Off : 951s ago
D/SSRM:n  ( 1120): SIOP:: AP = 360, CUR = -10, LCD = 0
E/SatsServiceData( 1120): Failed to connect daemon - java.io.IOException: Permission denied
D/BatteryService( 1120): !@BatteryListener : batteryPropertiesChanged!
E/SatsServiceData( 1120): Failed to connect daemon - java.io.IOException: Permission denied
E/Watchdog( 1120): !@Sync 63720 [04-26 15:12:04.038]
D/SSRM:n  ( 1120): SIOP:: AP = 370, CUR = -10, LCD = 0
E/SatsServiceData( 1120): Failed to connect daemon - java.io.IOException: Permission denied
D/BatteryService( 1120): !@BatteryListener : batteryPropertiesChanged!
D/BatteryService( 1120): level:92, scale:100, status:2, health:2, present:true, voltage: 4335, temperature: 309, technology: Li-ion, AC powered:false, USB powered:true, POGO powered:false, Wireless powered:false, icon:17303416, invalid charger:0
D/BatteryService( 1120): online:6, current avg:-10, charge type:1, power sharing:false, high voltage charger:false, capacity:280000, batterySWSelfDischarging:false, current_now:-11
D/BatteryService( 1120): stay LED for charging
D/BatteryService( 1120): Sending ACTION_BATTERY_CHANGED.
I/MotionRecognitionService( 1120): Plugged
D/MotionRecognitionService( 1120):   cableConnection= 1
D/MotionRecognitionService( 1120): setPowerConnected | current backoffstate  = 0 , state =0
D/MotionRecognitionService( 1120): skip setTransmitPower. 
D/BatteryMeterView( 1429): ACTION_BATTERY_CHANGED : level:92 status:2 health:2
D/BatteryMeterView( 1429): ACTION_BATTERY_CHANGED : level:92 status:2 health:2
D/BatteryMeterView( 1429): ACTION_BATTERY_CHANGED : level:92 status:2 health:2
E/SatsServiceData( 1120): Failed to connect daemon - java.io.IOException: Permission denied
D/SSRM:n  ( 1120): SIOP:: AP = 360, CUR = -10, LCD = 0
E/SatsServiceData( 1120): Failed to connect daemon - java.io.IOException: Permission denied
D/BatteryService( 1120): !@BatteryListener : batteryPropertiesChanged!
D/BatteryService( 1120): level:92, scale:100, status:2, health:2, present:true, voltage: 4332, temperature: 309, technology: Li-ion, AC powered:false, USB powered:true, POGO powered:false, Wireless powered:false, icon:17303416, invalid charger:0
D/BatteryService( 1120): online:6, current avg:-10, charge type:1, power sharing:false, high voltage charger:false, capacity:280000, batterySWSelfDischarging:false, current_now:-11
D/BatteryService( 1120): stay LED for charging
D/BatteryService( 1120): Sending ACTION_BATTERY_CHANGED.
I/MotionRecognitionService( 1120): Plugged
D/MotionRecognitionService( 1120):   cableConnection= 1
D/MotionRecognitionService( 1120): setPowerConnected | current backoffstate  = 0 , state =0
D/MotionRecognitionService( 1120): skip setTransmitPower. 
D/BatteryMeterView( 1429): ACTION_BATTERY_CHANGED : level:92 status:2 health:2
D/BatteryMeterView( 1429): ACTION_BATTERY_CHANGED : level:92 status:2 health:2
D/BatteryMeterView( 1429): ACTION_BATTERY_CHANGED : level:92 status:2 health:2
E/SatsServiceData( 1120): Failed to connect daemon - java.io.IOException: Permission denied
D/SSRM:n  ( 1120): SIOP:: AP = 360, CUR = -10, LCD = 0
E/SatsServiceData( 1120): Failed to connect daemon - java.io.IOException: Permission denied
D/BatteryService( 1120): !@BatteryListener : batteryPropertiesChanged!
D/BatteryService( 1120): level:92, scale:100, status:2, health:2, present:true, voltage: 4335, temperature: 309, technology: Li-ion, AC powered:false, USB powered:true, POGO powered:false, Wireless powered:false, icon:17303416, invalid charger:0
D/BatteryService( 1120): online:6, current avg:-10, charge type:1, power sharing:false, high voltage charger:false, capacity:280000, batterySWSelfDischarging:false, current_now:-11
D/BatteryService( 1120): stay LED for charging
D/BatteryService( 1120): Sending ACTION_BATTERY_CHANGED.
I/MotionRecognitionService( 1120): Plugged
D/MotionRecognitionService( 1120):   cableConnection= 1
D/MotionRecognitionService( 1120): setPowerConnected | current backoffstate  = 0 , state =0
D/MotionRecognitionService( 1120): skip setTransmitPower. 
D/BatteryMeterView( 1429): ACTION_BATTERY_CHANGED : level:92 status:2 health:2
D/BatteryMeterView( 1429): ACTION_BATTERY_CHANGED : level:92 status:2 health:2
D/BatteryMeterView( 1429): ACTION_BATTERY_CHANGED : level:92 status:2 health:2
E/SatsServiceData( 1120): Failed to connect daemon - java.io.IOException: Permission denied
E/Watchdog( 1120): !@Sync 63721 [04-26 15:12:34.038]
D/SSRM:n  ( 1120): SIOP:: AP = 360, CUR = -10, LCD = 0
E/SatsServiceData( 1120): Failed to connect daemon - java.io.IOException: Permission denied
D/BatteryService( 1120): !@BatteryListener : batteryPropertiesChanged!
E/SatsServiceData( 1120): Failed to connect daemon - java.io.IOException: Permission denied
D/SSRM:n  ( 1120): SIOP:: AP = 360, CUR = -10, LCD = 0
E/SatsServiceData( 1120): Failed to connect daemon - java.io.IOException: Permission denied
D/BatteryService( 1120): !@BatteryListener : batteryPropertiesChanged!
E/SatsServiceData( 1120): Failed to connect daemon - java.io.IOException: Permission denied
D/SSRM:n  ( 1120): SIOP:: AP = 360, CUR = -10, LCD = 0
E/SatsServiceData( 1120): Failed to connect daemon - java.io.IOException: Permission denied
D/BatteryService( 1120): !@BatteryListener : batteryPropertiesChanged!
E/SatsServiceData( 1120): Failed to connect daemon - java.io.IOException: Permission denied
E/Watchdog( 1120): !@Sync 63722 [04-26 15:13:04.039]
D/SSRM:n  ( 1120): SIOP:: AP = 360, CUR = -10, LCD = 0
E/SatsServiceData( 1120): Failed to connect daemon - java.io.IOException: Permission denied
D/BatteryService( 1120): !@BatteryListener : batteryPropertiesChanged!
E/SatsServiceData( 1120): Failed to connect daemon - java.io.IOException: Permission denied
D/SSRM:n  ( 1120): SIOP:: AP = 350, CUR = -10, LCD = 0
E/SatsServiceData( 1120): Failed to connect daemon - java.io.IOException: Permission denied
D/BatteryService( 1120): !@BatteryListener : batteryPropertiesChanged!
E/SatsServiceData( 1120): Failed to connect daemon - java.io.IOException: Permission denied
D/SSRM:n  ( 1120): SIOP:: AP = 360, CUR = -10, LCD = 0
E/SatsServiceData( 1120): Failed to connect daemon - java.io.IOException: Permission denied
D/BatteryService( 1120): !@BatteryListener : batteryPropertiesChanged!
D/BatteryService( 1120): level:92, scale:100, status:2, health:2, present:true, voltage: 4332, temperature: 309, technology: Li-ion, AC powered:false, USB powered:true, POGO powered:false, Wireless powered:false, icon:17303416, invalid charger:0
D/BatteryService( 1120): online:6, current avg:-10, charge type:1, power sharing:false, high voltage charger:false, capacity:280000, batterySWSelfDischarging:false, current_now:-11
D/BatteryService( 1120): stay LED for charging
D/BatteryService( 1120): Sending ACTION_BATTERY_CHANGED.
I/MotionRecognitionService( 1120): Plugged
D/MotionRecognitionService( 1120):   cableConnection= 1
D/MotionRecognitionService( 1120): setPowerConnected | current backoffstate  = 0 , state =0
D/MotionRecognitionService( 1120): skip setTransmitPower. 
D/BatteryMeterView( 1429): ACTION_BATTERY_CHANGED : level:92 status:2 health:2
D/BatteryMeterView( 1429): ACTION_BATTERY_CHANGED : level:92 status:2 health:2
D/BatteryMeterView( 1429): ACTION_BATTERY_CHANGED : level:92 status:2 health:2
E/SatsServiceData( 1120): Failed to connect daemon - java.io.IOException: Permission denied
I/PowerManagerService( 1120): [PWL] Off : 1051s ago
E/Watchdog( 1120): !@Sync 63723 [04-26 15:13:34.040]
D/SSRM:n  ( 1120): SIOP:: AP = 360, CUR = -10, LCD = 0
E/SatsServiceData( 1120): Failed to connect daemon - java.io.IOException: Permission denied
D/BatteryService( 1120): !@BatteryListener : batteryPropertiesChanged!
E/SatsServiceData( 1120): Failed to connect daemon - java.io.IOException: Permission denied
D/SSRM:n  ( 1120): SIOP:: AP = 360, CUR = -10, LCD = 0
E/SatsServiceData( 1120): Failed to connect daemon - java.io.IOException: Permission denied
D/BatteryService( 1120): !@BatteryListener : batteryPropertiesChanged!
E/SatsServiceData( 1120): Failed to connect daemon - java.io.IOException: Permission denied
D/SSRM:n  ( 1120): SIOP:: AP = 360, CUR = -10, LCD = 0
E/SatsServiceData( 1120): Failed to connect daemon - java.io.IOException: Permission denied
D/BatteryService( 1120): !@BatteryListener : batteryPropertiesChanged!
E/SatsServiceData( 1120): Failed to connect daemon - java.io.IOException: Permission denied
E/Watchdog( 1120): !@Sync 63724 [04-26 15:14:04.040]
D/SSRM:n  ( 1120): SIOP:: AP = 350, CUR = -10, LCD = 0
E/SatsServiceData( 1120): Failed to connect daemon - java.io.IOException: Permission denied
D/BatteryService( 1120): !@BatteryListener : batteryPropertiesChanged!
E/SatsServiceData( 1120): Failed to connect daemon - java.io.IOException: Permission denied
D/SSRM:n  ( 1120): SIOP:: AP = 350, CUR = -10, LCD = 0
E/SatsServiceData( 1120): Failed to connect daemon - java.io.IOException: Permission denied
D/BatteryService( 1120): !@BatteryListener : batteryPropertiesChanged!
E/SatsServiceData( 1120): Failed to connect daemon - java.io.IOException: Permission denied
D/SSRM:n  ( 1120): SIOP:: AP = 350, CUR = -10, LCD = 0
E/SatsServiceData( 1120): Failed to connect daemon - java.io.IOException: Permission denied
D/BatteryService( 1120): !@BatteryListener : batteryPropertiesChanged!
I/ActivityManager( 1120): Killing 18248:com.qualcomm.telephony/1000 (adj 5): SSR - service for lastStateTime 689s, lastActivityTime 689s
I/ActivityManager( 1120): Killing 17865:com.sec.android.widgetapp.ap.hero.cmaweather/u0a53 (adj 8): SSR - service for lastStateTime 1646s, lastActivityTime 1107s
I/ProcessStatsService( 1120): Prepared write state in 3ms
E/SatsServiceData( 1120): Failed to connect daemon - java.io.IOException: Permission denied
D/ActivityManager( 1120): cleanUpApplicationRecord -- 18248
D/ActivityManager( 1120): isDeviceAdminActiveApp false :com.qualcomm.atfwd
D/ActivityManager( 1120): isAutoRunBlockedApp:: com.qualcomm.atfwd, Auto Run ON
I/ActivityManager( 1120): isWidgetUsingPkg : com.qualcomm.atfwd no widget is using.
W/ActivityManager( 1120): Scheduling restart of crashed service com.qualcomm.atfwd/.AtFwdService in 1000ms
E/SAMP_SPCMtest( 1120): setPackageLockingTimeBySPCM() :168
I/SAMP    ( 1120): SPCMDataBase was updated!
E/SAMP_SPCMtest( 1120): setPackageLockingTimeBySPCM() :168
D/ActivityManager( 1120): cleanUpApplicationRecord -- 17865
D/ActivityManager( 1120): isDeviceAdminActiveApp false :com.sec.android.widgetapp.ap.hero.cmaweather
D/ActivityManager( 1120): isAutoRunBlockedApp:: com.sec.android.widgetapp.ap.hero.cmaweather, Auto Run ON
I/ActivityManager( 1120): isWidgetUsingPkg : com.sec.android.widgetapp.ap.hero.cmaweather widget is using.
W/ActivityManager( 1120): Scheduling restart of crashed service com.sec.android.widgetapp.ap.hero.cmaweather/com.sec.android.widgetapp.ap.weather.common.appservice.WeatherScreenService in 10955ms
I/ActivityManager( 1120): Start proc 18443:com.qualcomm.telephony/1000 for service com.qualcomm.atfwd/.AtFwdService
I/libpersona(18443): KNOX_SDCARD checking this for 1000
I/libpersona(18443): KNOX_SDCARD not a persona
I/InjectionManagerService -AppFeature( 1120): getCoreFeaturePkgList :[]
E/Watchdog( 1120): !@Sync 63725 [04-26 15:14:34.041]
D/SSRM:n  ( 1120): SIOP:: AP = 360, CUR = -10, LCD = 0
E/SatsServiceData( 1120): Failed to connect daemon - java.io.IOException: Permission denied
D/BatteryService( 1120): !@BatteryListener : batteryPropertiesChanged!
E/SatsServiceData( 1120): Failed to connect daemon - java.io.IOException: Permission denied
I/libpersona(18463): KNOX_SDCARD checking this for 10053
I/libpersona(18463): KNOX_SDCARD not a persona
I/ActivityManager( 1120): Start proc 18463:com.sec.android.widgetapp.ap.hero.cmaweather/u0a53 for service com.sec.android.widgetapp.ap.hero.cmaweather/com.sec.android.widgetapp.ap.weather.common.appservice.WeatherScreenService
I/InjectionManagerService -AppFeature( 1120): getCoreFeaturePkgList :[]
W/ResourcesManager(18463): Asset path '/system/framework/sws.jar' does not exist or contains no resources.
D/ActivityManager( 1120): isDeviceAdminActiveApp false :com.sec.android.widgetapp.ap.hero.cmaweather
D/ActivityManager( 1120): isAutoRunBlockedApp:: com.sec.android.widgetapp.ap.hero.cmaweather, Auto Run ON
V/BroadcastQueue( 1120): [background] Process cur broadcast BroadcastRecord{5f5c235 u0 com.sec.android.widgetapp.ap.hero.accuweather.widget.action.APPWIDGET_UPDATE qIdx=4} DELIVERED for app ProcessRecord{14ce06ca 18463:com.sec.android.widgetapp.ap.hero.cmaweather/u0a53}
D/ActivityManager( 1120): startService callerProcessName:com.sec.android.widgetapp.ap.hero.cmaweather, calleePkgName: com.sec.android.widgetapp.ap.hero.cmaweather
D/ActivityManager( 1120): caller:android.app.ApplicationThreadProxy@222dc596, r.packageName :com.sec.android.widgetapp.ap.hero.cmaweather
D/ActivityManager( 1120): startService callerProcessName:com.sec.android.widgetapp.ap.hero.cmaweather, calleePkgName: com.sec.android.widgetapp.ap.hero.cmaweather
D/ActivityManager( 1120): caller:android.app.ApplicationThreadProxy@166a5d04, r.packageName :com.sec.android.widgetapp.ap.hero.cmaweather
D/ActivityManager( 1120): isDeviceAdminActiveApp false :com.sec.android.widgetapp.ap.hero.cmaweather
D/ActivityManager( 1120): isAutoRunBlockedApp:: com.sec.android.widgetapp.ap.hero.cmaweather, Auto Run ON
V/BroadcastQueue( 1120): [background] Process cur broadcast BroadcastRecord{5f5c235 u0 com.sec.android.widgetapp.ap.hero.accuweather.widget.action.APPWIDGET_UPDATE qIdx=4} DELIVERED for app ProcessRecord{14ce06ca 18463:com.sec.android.widgetapp.ap.hero.cmaweather/u0a53}
D/ActivityManager( 1120): startService callerProcessName:com.sec.android.widgetapp.ap.hero.cmaweather, calleePkgName: com.sec.android.widgetapp.ap.hero.cmaweather
D/ActivityManager( 1120): caller:android.app.ApplicationThreadProxy@3db24570, r.packageName :com.sec.android.widgetapp.ap.hero.cmaweather
D/ActivityManager( 1120): startService callerProcessName:com.sec.android.widgetapp.ap.hero.cmaweather, calleePkgName: com.sec.android.widgetapp.ap.hero.cmaweather
D/ActivityManager( 1120): caller:android.app.ApplicationThreadProxy@3aafe0e9, r.packageName :com.sec.android.widgetapp.ap.hero.cmaweather
D/ActivityManager( 1120): isDeviceAdminActiveApp false :com.sec.android.widgetapp.ap.hero.cmaweather
D/ActivityManager( 1120): isAutoRunBlockedApp:: com.sec.android.widgetapp.ap.hero.cmaweather, Auto Run ON
V/BroadcastQueue( 1120): [background] Process cur broadcast BroadcastRecord{309ff16e u0 com.sec.android.widgetapp.ap.hero.accuweather.widget.action.PROCESS_RESTART qIdx=4} DELIVERED for app ProcessRecord{14ce06ca 18463:com.sec.android.widgetapp.ap.hero.cmaweather/u0a53}
D/ActivityManager( 1120): isDeviceAdminActiveApp false :com.sec.android.widgetapp.ap.hero.cmaweather
D/ActivityManager( 1120): isAutoRunBlockedApp:: com.sec.android.widgetapp.ap.hero.cmaweather, Auto Run ON
V/BroadcastQueue( 1120): [background] Process cur broadcast BroadcastRecord{309ff16e u0 com.sec.android.widgetapp.ap.hero.accuweather.widget.action.PROCESS_RESTART qIdx=4} DELIVERED for app ProcessRecord{14ce06ca 18463:com.sec.android.widgetapp.ap.hero.cmaweather/u0a53}
D/ActivityManager( 1120): isDeviceAdminActiveApp false :com.sec.android.widgetapp.ap.hero.cmaweather
D/ActivityManager( 1120): isAutoRunBlockedApp:: com.sec.android.widgetapp.ap.hero.cmaweather, Auto Run ON
V/BroadcastQueue( 1120): [background] Process cur broadcast BroadcastRecord{18bd800f u0 com.sec.android.widgetapp.ap.hero.accuweather.widget.action.APPWIDGET_UPDATE qIdx=4} DELIVERED for app ProcessRecord{14ce06ca 18463:com.sec.android.widgetapp.ap.hero.cmaweather/u0a53}
D/ActivityManager( 1120): isDeviceAdminActiveApp false :com.sec.android.widgetapp.ap.hero.cmaweather
D/ActivityManager( 1120): isAutoRunBlockedApp:: com.sec.android.widgetapp.ap.hero.cmaweather, Auto Run ON
V/BroadcastQueue( 1120): [background] Process cur broadcast BroadcastRecord{18bd800f u0 com.sec.android.widgetapp.ap.hero.accuweather.widget.action.APPWIDGET_UPDATE qIdx=4} DELIVERED for app ProcessRecord{14ce06ca 18463:com.sec.android.widgetapp.ap.hero.cmaweather/u0a53}
D/ActivityManager( 1120): isDeviceAdminActiveApp false :com.sec.android.widgetapp.ap.hero.cmaweather
D/ActivityManager( 1120): isAutoRunBlockedApp:: com.sec.android.widgetapp.ap.hero.cmaweather, Auto Run ON
V/BroadcastQueue( 1120): [background] Process cur broadcast BroadcastRecord{204e489c u0 com.sec.android.widgetapp.ap.hero.accuweather.widget.action.APPWIDGET_UPDATE qIdx=4} DELIVERED for app ProcessRecord{14ce06ca 18463:com.sec.android.widgetapp.ap.hero.cmaweather/u0a53}
D/ActivityManager( 1120): isDeviceAdminActiveApp false :com.sec.android.widgetapp.ap.hero.cmaweather
D/ActivityManager( 1120): isAutoRunBlockedApp:: com.sec.android.widgetapp.ap.hero.cmaweather, Auto Run ON
V/BroadcastQueue( 1120): [background] Process cur broadcast BroadcastRecord{204e489c u0 com.sec.android.widgetapp.ap.hero.accuweather.widget.action.APPWIDGET_UPDATE qIdx=4} DELIVERED for app ProcessRecord{14ce06ca 18463:com.sec.android.widgetapp.ap.hero.cmaweather/u0a53}
D/SSRM:n  ( 1120): SIOP:: AP = 360, CUR = -10, LCD = 0
E/SatsServiceData( 1120): Failed to connect daemon - java.io.IOException: Permission denied
D/BatteryService( 1120): !@BatteryListener : batteryPropertiesChanged!
E/SatsServiceData( 1120): Failed to connect daemon - java.io.IOException: Permission denied
D/SSRM:n  ( 1120): SIOP:: AP = 360, CUR = -10, LCD = 0
E/SatsServiceData( 1120): Failed to connect daemon - java.io.IOException: Permission denied
I/ActivityManager( 1120): Waited long enough for: ServiceRecord{27b50517 u0 com.sec.android.widgetapp.ap.hero.cmaweather/com.sec.android.widgetapp.ap.weather.common.appservice.WeatherService}
D/BatteryService( 1120): !@BatteryListener : batteryPropertiesChanged!
E/SatsServiceData( 1120): Failed to connect daemon - java.io.IOException: Permission denied
E/Watchdog( 1120): !@Sync 63726 [04-26 15:15:04.042]
D/SSRM:n  ( 1120): SIOP:: AP = 370, CUR = -10, LCD = 0
E/SatsServiceData( 1120): Failed to connect daemon - java.io.IOException: Permission denied
D/BatteryService( 1120): !@BatteryListener : batteryPropertiesChanged!
D/BatteryService( 1120): level:92, scale:100, status:2, health:2, present:true, voltage: 4332, temperature: 308, technology: Li-ion, AC powered:false, USB powered:true, POGO powered:false, Wireless powered:false, icon:17303416, invalid charger:0
D/BatteryService( 1120): online:6, current avg:-10, charge type:1, power sharing:false, high voltage charger:false, capacity:280000, batterySWSelfDischarging:false, current_now:-11
D/BatteryService( 1120): stay LED for charging
D/BatteryService( 1120): Sending ACTION_BATTERY_CHANGED.
I/MotionRecognitionService( 1120): Plugged
D/MotionRecognitionService( 1120):   cableConnection= 1
D/MotionRecognitionService( 1120): setPowerConnected | current backoffstate  = 0 , state =0
D/MotionRecognitionService( 1120): skip setTransmitPower. 
D/BatteryMeterView( 1429): ACTION_BATTERY_CHANGED : level:92 status:2 health:2
D/BatteryMeterView( 1429): ACTION_BATTERY_CHANGED : level:92 status:2 health:2
D/BatteryMeterView( 1429): ACTION_BATTERY_CHANGED : level:92 status:2 health:2
E/SatsServiceData( 1120): Failed to connect daemon - java.io.IOException: Permission denied
D/SSRM:n  ( 1120): SIOP:: AP = 360, CUR = -10, LCD = 0
E/SatsServiceData( 1120): Failed to connect daemon - java.io.IOException: Permission denied
I/PowerManagerService( 1120): [PWL] Off : 1156s ago
D/BatteryService( 1120): !@BatteryListener : batteryPropertiesChanged!
D/BatteryService( 1120): level:92, scale:100, status:2, health:2, present:true, voltage: 4332, temperature: 309, technology: Li-ion, AC powered:false, USB powered:true, POGO powered:false, Wireless powered:false, icon:17303416, invalid charger:0
D/BatteryService( 1120): online:6, current avg:-10, charge type:1, power sharing:false, high voltage charger:false, capacity:280000, batterySWSelfDischarging:false, current_now:-11
D/BatteryService( 1120): stay LED for charging
D/BatteryService( 1120): Sending ACTION_BATTERY_CHANGED.
I/MotionRecognitionService( 1120): Plugged
D/MotionRecognitionService( 1120):   cableConnection= 1
D/MotionRecognitionService( 1120): setPowerConnected | current backoffstate  = 0 , state =0
D/MotionRecognitionService( 1120): skip setTransmitPower. 
D/BatteryMeterView( 1429): ACTION_BATTERY_CHANGED : level:92 status:2 health:2
D/BatteryMeterView( 1429): ACTION_BATTERY_CHANGED : level:92 status:2 health:2
D/BatteryMeterView( 1429): ACTION_BATTERY_CHANGED : level:92 status:2 health:2
E/SatsServiceData( 1120): Failed to connect daemon - java.io.IOException: Permission denied
D/SSRM:n  ( 1120): SIOP:: AP = 360, CUR = -10, LCD = 0
E/SatsServiceData( 1120): Failed to connect daemon - java.io.IOException: Permission denied
D/BatteryService( 1120): !@BatteryListener : batteryPropertiesChanged!
D/BatteryService( 1120): level:92, scale:100, status:2, health:2, present:true, voltage: 4332, temperature: 308, technology: Li-ion, AC powered:false, USB powered:true, POGO powered:false, Wireless powered:false, icon:17303416, invalid charger:0
D/BatteryService( 1120): online:6, current avg:-10, charge type:1, power sharing:false, high voltage charger:false, capacity:280000, batterySWSelfDischarging:false, current_now:-11
D/BatteryService( 1120): stay LED for charging
D/BatteryService( 1120): Sending ACTION_BATTERY_CHANGED.
I/MotionRecognitionService( 1120): Plugged
D/MotionRecognitionService( 1120):   cableConnection= 1
D/MotionRecognitionService( 1120): setPowerConnected | current backoffstate  = 0 , state =0
D/MotionRecognitionService( 1120): skip setTransmitPower. 
D/BatteryMeterView( 1429): ACTION_BATTERY_CHANGED : level:92 status:2 health:2
D/BatteryMeterView( 1429): ACTION_BATTERY_CHANGED : level:92 status:2 health:2
D/BatteryMeterView( 1429): ACTION_BATTERY_CHANGED : level:92 status:2 health:2
E/SatsServiceData( 1120): Failed to connect daemon - java.io.IOException: Permission denied
E/Watchdog( 1120): !@Sync 63727 [04-26 15:15:34.042]
D/SSRM:n  ( 1120): SIOP:: AP = 360, CUR = -10, LCD = 0
E/SatsServiceData( 1120): Failed to connect daemon - java.io.IOException: Permission denied
D/BatteryService( 1120): !@BatteryListener : batteryPropertiesChanged!
E/SatsServiceData( 1120): Failed to connect daemon - java.io.IOException: Permission denied
D/SSRM:n  ( 1120): SIOP:: AP = 360, CUR = -10, LCD = 0
E/SatsServiceData( 1120): Failed to connect daemon - java.io.IOException: Permission denied
D/BatteryService( 1120): !@BatteryListener : batteryPropertiesChanged!
E/SatsServiceData( 1120): Failed to connect daemon - java.io.IOException: Permission denied
D/SSRM:n  ( 1120): SIOP:: AP = 350, CUR = -10, LCD = 0
E/SatsServiceData( 1120): Failed to connect daemon - java.io.IOException: Permission denied
D/BatteryService( 1120): !@BatteryListener : batteryPropertiesChanged!
E/SatsServiceData( 1120): Failed to connect daemon - java.io.IOException: Permission denied
I/UsageStatsService( 1120): User[0] Flushing usage stats to disk
E/Watchdog( 1120): !@Sync 63728 [04-26 15:16:04.043]
D/SSRM:n  ( 1120): SIOP:: AP = 350, CUR = -10, LCD = 0
E/SatsServiceData( 1120): Failed to connect daemon - java.io.IOException: Permission denied
E/SatsServiceData( 1120): Failed to connect daemon - java.io.IOException: Permission denied
D/BatteryService( 1120): !@BatteryListener : batteryPropertiesChanged!
D/BatteryService( 1120): level:92, scale:100, status:2, health:2, present:true, voltage: 4335, temperature: 308, technology: Li-ion, AC powered:false, USB powered:true, POGO powered:false, Wireless powered:false, icon:17303416, invalid charger:0
D/BatteryService( 1120): online:6, current avg:-10, charge type:1, power sharing:false, high voltage charger:false, capacity:280000, batterySWSelfDischarging:false, current_now:-11
D/BatteryService( 1120): stay LED for charging
D/BatteryService( 1120): Sending ACTION_BATTERY_CHANGED.
I/MotionRecognitionService( 1120): Plugged
D/MotionRecognitionService( 1120):   cableConnection= 1
D/MotionRecognitionService( 1120): setPowerConnected | current backoffstate  = 0 , state =0
D/MotionRecognitionService( 1120): skip setTransmitPower. 
D/BatteryMeterView( 1429): ACTION_BATTERY_CHANGED : level:92 status:2 health:2
D/BatteryMeterView( 1429): ACTION_BATTERY_CHANGED : level:92 status:2 health:2
D/BatteryMeterView( 1429): ACTION_BATTERY_CHANGED : level:92 status:2 health:2
D/SSRM:n  ( 1120): SIOP:: AP = 350, CUR = -10, LCD = 0
E/SatsServiceData( 1120): Failed to connect daemon - java.io.IOException: Permission denied
D/TimaService( 1120): TIMA: TimaService scheduler is intialized. 
D/TimaService( 1120): TIMA: checkEvent, operation: 50000 subject: 10000
D/TimaService( 1120): TimaServiceHandler.handleMessage what =1
D/TimaService( 1120): TIMA MEASUREMENT Result: TIMA_STATUS=0;MSG=Kernel Verification Success;
D/TimaService( 1120): TIMA MEASUREMENT success status: TIMA_STATUS=0;MSG=Kernel Verification Success;
E/SatsServiceData( 1120): Failed to connect daemon - java.io.IOException: Permission denied
D/BatteryService( 1120): !@BatteryListener : batteryPropertiesChanged!
D/SSRM:n  ( 1120): SIOP:: AP = 360, CUR = -10, LCD = 0
E/SatsServiceData( 1120): Failed to connect daemon - java.io.IOException: Permission denied
E/SatsServiceData( 1120): Failed to connect daemon - java.io.IOException: Permission denied
D/BatteryService( 1120): !@BatteryListener : batteryPropertiesChanged!
D/BatteryService( 1120): level:92, scale:100, status:2, health:2, present:true, voltage: 4332, temperature: 308, technology: Li-ion, AC powered:false, USB powered:true, POGO powered:false, Wireless powered:false, icon:17303416, invalid charger:0
D/BatteryService( 1120): online:6, current avg:-10, charge type:1, power sharing:false, high voltage charger:false, capacity:280000, batterySWSelfDischarging:false, current_now:-11
D/BatteryService( 1120): stay LED for charging
D/BatteryService( 1120): Sending ACTION_BATTERY_CHANGED.
I/MotionRecognitionService( 1120): Plugged
D/MotionRecognitionService( 1120):   cableConnection= 1
D/MotionRecognitionService( 1120): setPowerConnected | current backoffstate  = 0 , state =0
D/MotionRecognitionService( 1120): skip setTransmitPower. 
D/BatteryMeterView( 1429): ACTION_BATTERY_CHANGED : level:92 status:2 health:2
D/BatteryMeterView( 1429): ACTION_BATTERY_CHANGED : level:92 status:2 health:2
D/BatteryMeterView( 1429): ACTION_BATTERY_CHANGED : level:92 status:2 health:2
E/Watchdog( 1120): !@Sync 63729 [04-26 15:16:34.044]
D/SSRM:n  ( 1120): SIOP:: AP = 350, CUR = -10, LCD = 0
E/SatsServiceData( 1120): Failed to connect daemon - java.io.IOException: Permission denied
E/SatsServiceData( 1120): Failed to connect daemon - java.io.IOException: Permission denied
D/BatteryService( 1120): !@BatteryListener : batteryPropertiesChanged!
D/BatteryService( 1120): level:92, scale:100, status:2, health:2, present:true, voltage: 4335, temperature: 308, technology: Li-ion, AC powered:false, USB powered:true, POGO powered:false, Wireless powered:false, icon:17303416, invalid charger:0
D/BatteryService( 1120): online:6, current avg:-10, charge type:1, power sharing:false, high voltage charger:false, capacity:280000, batterySWSelfDischarging:false, current_now:-11
D/BatteryService( 1120): stay LED for charging
D/BatteryService( 1120): Sending ACTION_BATTERY_CHANGED.
I/MotionRecognitionService( 1120): Plugged
D/MotionRecognitionService( 1120):   cableConnection= 1
D/MotionRecognitionService( 1120): setPowerConnected | current backoffstate  = 0 , state =0
D/MotionRecognitionService( 1120): skip setTransmitPower. 
D/BatteryMeterView( 1429): ACTION_BATTERY_CHANGED : level:92 status:2 health:2
D/BatteryMeterView( 1429): ACTION_BATTERY_CHANGED : level:92 status:2 health:2
D/BatteryMeterView( 1429): ACTION_BATTERY_CHANGED : level:92 status:2 health:2
D/SSRM:n  ( 1120): SIOP:: AP = 350, CUR = -10, LCD = 0
E/SatsServiceData( 1120): Failed to connect daemon - java.io.IOException: Permission denied
E/SatsServiceData( 1120): Failed to connect daemon - java.io.IOException: Permission denied
D/BatteryService( 1120): !@BatteryListener : batteryPropertiesChanged!
D/SSRM:n  ( 1120): SIOP:: AP = 350, CUR = -10, LCD = 0
E/SatsServiceData( 1120): Failed to connect daemon - java.io.IOException: Permission denied
E/SatsServiceData( 1120): Failed to connect daemon - java.io.IOException: Permission denied
D/BatteryService( 1120): !@BatteryListener : batteryPropertiesChanged!
D/BatteryService( 1120): level:92, scale:100, status:2, health:2, present:true, voltage: 4332, temperature: 308, technology: Li-ion, AC powered:false, USB powered:true, POGO powered:false, Wireless powered:false, icon:17303416, invalid charger:0
D/BatteryService( 1120): online:6, current avg:-10, charge type:1, power sharing:false, high voltage charger:false, capacity:280000, batterySWSelfDischarging:false, current_now:-11
D/BatteryService( 1120): stay LED for charging
D/BatteryService( 1120): Sending ACTION_BATTERY_CHANGED.
I/MotionRecognitionService( 1120): Plugged
D/MotionRecognitionService( 1120):   cableConnection= 1
D/MotionRecognitionService( 1120): setPowerConnected | current backoffstate  = 0 , state =0
D/MotionRecognitionService( 1120): skip setTransmitPower. 
D/BatteryMeterView( 1429): ACTION_BATTERY_CHANGED : level:92 status:2 health:2
D/BatteryMeterView( 1429): ACTION_BATTERY_CHANGED : level:92 status:2 health:2
D/BatteryMeterView( 1429): ACTION_BATTERY_CHANGED : level:92 status:2 health:2
E/Watchdog( 1120): !@Sync 63730 [04-26 15:17:04.045]
D/SSRM:n  ( 1120): SIOP:: AP = 350, CUR = -10, LCD = 0
E/SatsServiceData( 1120): Failed to connect daemon - java.io.IOException: Permission denied
I/PowerManagerService( 1120): [PWL] Off : 1266s ago
E/SatsServiceData( 1120): Failed to connect daemon - java.io.IOException: Permission denied
D/BatteryService( 1120): !@BatteryListener : batteryPropertiesChanged!
D/SSRM:n  ( 1120): SIOP:: AP = 350, CUR = -10, LCD = 0
E/SatsServiceData( 1120): Failed to connect daemon - java.io.IOException: Permission denied
E/SatsServiceData( 1120): Failed to connect daemon - java.io.IOException: Permission denied
D/BatteryService( 1120): !@BatteryListener : batteryPropertiesChanged!
D/SSRM:n  ( 1120): SIOP:: AP = 350, CUR = -10, LCD = 0
E/SatsServiceData( 1120): Failed to connect daemon - java.io.IOException: Permission denied
E/SatsServiceData( 1120): Failed to connect daemon - java.io.IOException: Permission denied
D/BatteryService( 1120): !@BatteryListener : batteryPropertiesChanged!
E/Watchdog( 1120): !@Sync 63731 [04-26 15:17:34.045]
D/SSRM:n  ( 1120): SIOP:: AP = 350, CUR = -10, LCD = 0
E/SatsServiceData( 1120): Failed to connect daemon - java.io.IOException: Permission denied
E/SatsServiceData( 1120): Failed to connect daemon - java.io.IOException: Permission denied
D/BatteryService( 1120): !@BatteryListener : batteryPropertiesChanged!
D/SSRM:n  ( 1120): SIOP:: AP = 360, CUR = -10, LCD = 0
E/SatsServiceData( 1120): Failed to connect daemon - java.io.IOException: Permission denied
E/SatsServiceData( 1120): Failed to connect daemon - java.io.IOException: Permission denied
D/BatteryService( 1120): !@BatteryListener : batteryPropertiesChanged!
D/SSRM:n  ( 1120): SIOP:: AP = 350, CUR = -10, LCD = 0
E/SatsServiceData( 1120): Failed to connect daemon - java.io.IOException: Permission denied
E/SatsServiceData( 1120): Failed to connect daemon - java.io.IOException: Permission denied
D/BatteryService( 1120): !@BatteryListener : batteryPropertiesChanged!
E/Watchdog( 1120): !@Sync 63732 [04-26 15:18:04.046]
D/SSRM:n  ( 1120): SIOP:: AP = 350, CUR = -10, LCD = 0
E/SatsServiceData( 1120): Failed to connect daemon - java.io.IOException: Permission denied
E/SatsServiceData( 1120): Failed to connect daemon - java.io.IOException: Permission denied
D/BatteryService( 1120): !@BatteryListener : batteryPropertiesChanged!
D/BatteryService( 1120): level:92, scale:100, status:2, health:2, present:true, voltage: 4335, temperature: 308, technology: Li-ion, AC powered:false, USB powered:true, POGO powered:false, Wireless powered:false, icon:17303416, invalid charger:0
D/BatteryService( 1120): online:6, current avg:-10, charge type:1, power sharing:false, high voltage charger:false, capacity:280000, batterySWSelfDischarging:false, current_now:-11
D/BatteryService( 1120): stay LED for charging
D/BatteryService( 1120): Sending ACTION_BATTERY_CHANGED.
I/MotionRecognitionService( 1120): Plugged
D/MotionRecognitionService( 1120):   cableConnection= 1
D/MotionRecognitionService( 1120): setPowerConnected | current backoffstate  = 0 , state =0
D/MotionRecognitionService( 1120): skip setTransmitPower. 
D/BatteryMeterView( 1429): ACTION_BATTERY_CHANGED : level:92 status:2 health:2
D/BatteryMeterView( 1429): ACTION_BATTERY_CHANGED : level:92 status:2 health:2
D/BatteryMeterView( 1429): ACTION_BATTERY_CHANGED : level:92 status:2 health:2
D/SSRM:n  ( 1120): SIOP:: AP = 350, CUR = -10, LCD = 0
E/SatsServiceData( 1120): Failed to connect daemon - java.io.IOException: Permission denied
E/SatsServiceData( 1120): Failed to connect daemon - java.io.IOException: Permission denied
D/BatteryService( 1120): !@BatteryListener : batteryPropertiesChanged!
D/BatteryService( 1120): level:92, scale:100, status:2, health:2, present:true, voltage: 4332, temperature: 308, technology: Li-ion, AC powered:false, USB powered:true, POGO powered:false, Wireless powered:false, icon:17303416, invalid charger:0
D/BatteryService( 1120): online:6, current avg:-10, charge type:1, power sharing:false, high voltage charger:false, capacity:280000, batterySWSelfDischarging:false, current_now:-11
D/BatteryService( 1120): stay LED for charging
D/BatteryService( 1120): Sending ACTION_BATTERY_CHANGED.
I/MotionRecognitionService( 1120): Plugged
D/MotionRecognitionService( 1120):   cableConnection= 1
D/MotionRecognitionService( 1120): setPowerConnected | current backoffstate  = 0 , state =0
D/MotionRecognitionService( 1120): skip setTransmitPower. 
D/BatteryMeterView( 1429): ACTION_BATTERY_CHANGED : level:92 status:2 health:2
D/BatteryMeterView( 1429): ACTION_BATTERY_CHANGED : level:92 status:2 health:2
D/BatteryMeterView( 1429): ACTION_BATTERY_CHANGED : level:92 status:2 health:2
D/SSRM:n  ( 1120): SIOP:: AP = 350, CUR = -10, LCD = 0
E/SatsServiceData( 1120): Failed to connect daemon - java.io.IOException: Permission denied
E/SatsServiceData( 1120): Failed to connect daemon - java.io.IOException: Permission denied
D/BatteryService( 1120): !@BatteryListener : batteryPropertiesChanged!
E/Watchdog( 1120): !@Sync 63733 [04-26 15:18:34.047]
D/SSRM:n  ( 1120): SIOP:: AP = 350, CUR = -10, LCD = 0
E/SatsServiceData( 1120): Failed to connect daemon - java.io.IOException: Permission denied
E/SatsServiceData( 1120): Failed to connect daemon - java.io.IOException: Permission denied
D/BatteryService( 1120): !@BatteryListener : batteryPropertiesChanged!
D/SSRM:n  ( 1120): SIOP:: AP = 350, CUR = -10, LCD = 0
E/SatsServiceData( 1120): Failed to connect daemon - java.io.IOException: Permission denied
E/SatsServiceData( 1120): Failed to connect daemon - java.io.IOException: Permission denied
D/BatteryService( 1120): !@BatteryListener : batteryPropertiesChanged!
D/BatteryService( 1120): level:92, scale:100, status:2, health:2, present:true, voltage: 4335, temperature: 308, technology: Li-ion, AC powered:false, USB powered:true, POGO powered:false, Wireless powered:false, icon:17303416, invalid charger:0
D/BatteryService( 1120): online:6, current avg:-10, charge type:1, power sharing:false, high voltage charger:false, capacity:280000, batterySWSelfDischarging:false, current_now:-11
D/BatteryService( 1120): stay LED for charging
D/BatteryService( 1120): Sending ACTION_BATTERY_CHANGED.
I/MotionRecognitionService( 1120): Plugged
D/MotionRecognitionService( 1120):   cableConnection= 1
D/MotionRecognitionService( 1120): setPowerConnected | current backoffstate  = 0 , state =0
D/MotionRecognitionService( 1120): skip setTransmitPower. 
D/BatteryMeterView( 1429): ACTION_BATTERY_CHANGED : level:92 status:2 health:2
D/BatteryMeterView( 1429): ACTION_BATTERY_CHANGED : level:92 status:2 health:2
D/BatteryMeterView( 1429): ACTION_BATTERY_CHANGED : level:92 status:2 health:2
D/SSRM:n  ( 1120): SIOP:: AP = 350, CUR = -10, LCD = 0
E/SatsServiceData( 1120): Failed to connect daemon - java.io.IOException: Permission denied
E/SatsServiceData( 1120): Failed to connect daemon - java.io.IOException: Permission denied
D/BatteryService( 1120): !@BatteryListener : batteryPropertiesChanged!
D/BatteryService( 1120): level:92, scale:100, status:2, health:2, present:true, voltage: 4332, temperature: 308, technology: Li-ion, AC powered:false, USB powered:true, POGO powered:false, Wireless powered:false, icon:17303416, invalid charger:0
D/BatteryService( 1120): online:6, current avg:-10, charge type:1, power sharing:false, high voltage charger:false, capacity:280000, batterySWSelfDischarging:false, current_now:-11
D/BatteryService( 1120): stay LED for charging
D/BatteryService( 1120): Sending ACTION_BATTERY_CHANGED.
I/MotionRecognitionService( 1120): Plugged
D/MotionRecognitionService( 1120):   cableConnection= 1
D/MotionRecognitionService( 1120): setPowerConnected | current backoffstate  = 0 , state =0
D/MotionRecognitionService( 1120): skip setTransmitPower. 
D/BatteryMeterView( 1429): ACTION_BATTERY_CHANGED : level:92 status:2 health:2
D/BatteryMeterView( 1429): ACTION_BATTERY_CHANGED : level:92 status:2 health:2
D/BatteryMeterView( 1429): ACTION_BATTERY_CHANGED : level:92 status:2 health:2
I/PowerManagerService( 1120): [PWL] Off : 1381s ago
E/Watchdog( 1120): !@Sync 63734 [04-26 15:19:04.047]
D/SSRM:n  ( 1120): SIOP:: AP = 350, CUR = -10, LCD = 0
E/SatsServiceData( 1120): Failed to connect daemon - java.io.IOException: Permission denied
E/SatsServiceData( 1120): Failed to connect daemon - java.io.IOException: Permission denied
D/BatteryService( 1120): !@BatteryListener : batteryPropertiesChanged!
D/SSRM:n  ( 1120): SIOP:: AP = 350, CUR = -10, LCD = 0
E/SatsServiceData( 1120): Failed to connect daemon - java.io.IOException: Permission denied
E/SatsServiceData( 1120): Failed to connect daemon - java.io.IOException: Permission denied
D/BatteryService( 1120): !@BatteryListener : batteryPropertiesChanged!
D/SSRM:n  ( 1120): SIOP:: AP = 350, CUR = -10, LCD = 0
E/SatsServiceData( 1120): Failed to connect daemon - java.io.IOException: Permission denied
E/SatsServiceData( 1120): Failed to connect daemon - java.io.IOException: Permission denied
D/BatteryService( 1120): !@BatteryListener : batteryPropertiesChanged!
E/Watchdog( 1120): !@Sync 63735 [04-26 15:19:34.048]
D/SSRM:n  ( 1120): SIOP:: AP = 350, CUR = -10, LCD = 0
E/SatsServiceData( 1120): Failed to connect daemon - java.io.IOException: Permission denied
E/SatsServiceData( 1120): Failed to connect daemon - java.io.IOException: Permission denied
D/BatteryService( 1120): !@BatteryListener : batteryPropertiesChanged!
D/BatteryService( 1120): level:92, scale:100, status:2, health:2, present:true, voltage: 4335, temperature: 308, technology: Li-ion, AC powered:false, USB powered:true, POGO powered:false, Wireless powered:false, icon:17303416, invalid charger:0
D/BatteryService( 1120): online:6, current avg:-10, charge type:1, power sharing:false, high voltage charger:false, capacity:280000, batterySWSelfDischarging:false, current_now:-11
D/BatteryService( 1120): stay LED for charging
D/BatteryService( 1120): Sending ACTION_BATTERY_CHANGED.
I/MotionRecognitionService( 1120): Plugged
D/MotionRecognitionService( 1120):   cableConnection= 1
D/MotionRecognitionService( 1120): setPowerConnected | current backoffstate  = 0 , state =0
D/MotionRecognitionService( 1120): skip setTransmitPower. 
D/BatteryMeterView( 1429): ACTION_BATTERY_CHANGED : level:92 status:2 health:2
D/BatteryMeterView( 1429): ACTION_BATTERY_CHANGED : level:92 status:2 health:2
D/BatteryMeterView( 1429): ACTION_BATTERY_CHANGED : level:92 status:2 health:2
D/SSRM:n  ( 1120): SIOP:: AP = 350, CUR = -10, LCD = 0
E/SatsServiceData( 1120): Failed to connect daemon - java.io.IOException: Permission denied
E/SatsServiceData( 1120): Failed to connect daemon - java.io.IOException: Permission denied
D/BatteryService( 1120): !@BatteryListener : batteryPropertiesChanged!
D/SSRM:n  ( 1120): SIOP:: AP = 350, CUR = -10, LCD = 0
E/SatsServiceData( 1120): Failed to connect daemon - java.io.IOException: Permission denied
E/SatsServiceData( 1120): Failed to connect daemon - java.io.IOException: Permission denied
D/BatteryService( 1120): !@BatteryListener : batteryPropertiesChanged!
D/BatteryService( 1120): level:92, scale:100, status:2, health:2, present:true, voltage: 4332, temperature: 308, technology: Li-ion, AC powered:false, USB powered:true, POGO powered:false, Wireless powered:false, icon:17303416, invalid charger:0
D/BatteryService( 1120): online:6, current avg:-10, charge type:1, power sharing:false, high voltage charger:false, capacity:280000, batterySWSelfDischarging:false, current_now:-11
D/BatteryService( 1120): stay LED for charging
D/BatteryService( 1120): Sending ACTION_BATTERY_CHANGED.
I/MotionRecognitionService( 1120): Plugged
D/MotionRecognitionService( 1120):   cableConnection= 1
D/MotionRecognitionService( 1120): setPowerConnected | current backoffstate  = 0 , state =0
D/MotionRecognitionService( 1120): skip setTransmitPower. 
D/BatteryMeterView( 1429): ACTION_BATTERY_CHANGED : level:92 status:2 health:2
D/BatteryMeterView( 1429): ACTION_BATTERY_CHANGED : level:92 status:2 health:2
D/BatteryMeterView( 1429): ACTION_BATTERY_CHANGED : level:92 status:2 health:2
E/Watchdog( 1120): !@Sync 63736 [04-26 15:20:04.049]
D/SSRM:n  ( 1120): SIOP:: AP = 350, CUR = -10, LCD = 0
E/SatsServiceData( 1120): Failed to connect daemon - java.io.IOException: Permission denied
E/SatsServiceData( 1120): Failed to connect daemon - java.io.IOException: Permission denied
D/BatteryService( 1120): !@BatteryListener : batteryPropertiesChanged!
