04-26 11:11:41.830  3455  5097 I libgps  : Uknown message 0 in ../../../../tmp/14533598_251844/customers/huawei/k3v3android/delivery/libgps/libgps.cpp:326
04-26 11:11:41.837  8754  8794 I Corona  : downloadMusic succeeded!	other_npc	story_2_1
04-26 11:11:42.036  8754  8794 I Corona  : downloadMusic succeeded!	other_npc	story_2_2
04-26 11:11:42.200  8754  8794 I Corona  : downloadMusic succeeded!	other_npc	story_2_3
04-26 11:11:42.270  8754  8794 I Corona  : =============================================
04-26 11:11:42.270  8754  8794 I Corona  : send data：	   cmd : 	10011
04-26 11:11:42.270  8754  8794 I Corona  : {"errorCallBackFunc":"<type 'function' is not supported by JSON.>","isSend":true,"callBackFunc":"<type 'function' is not supported by JSON.>","url":"https://hwsj-eu-test.clktec.com:20888/frontend/forward","data":{"Sess":"yRL50Z3hfPWxlvrdgPgs0MhO6[JCUYs=","HotVersion":1555924205,"Avatar":2,"RetailId":2,"ActId":10011,"T":1556248301,"appId":1021,"Ver":"1.801","serverId":999998,"actionid":10011,"Sex":1,"Rid":"w20ycg8orvn3","Token":"eyJhbGciOiJIUzI1NiIsInR5cCI6IkpXVCJ9.eyJleHAiOjE1NTYyNDg2NTgsImlhdCI6MTU1NjI0ODI5OCwianRpIjoidzIxN251d2VoMWo1In0.MmrBczNLIftEI8u13smHB-0ixhwq4pFcRrg6PuoRGZg","Lang":"zh-cn","Name":"奥克斯 阿尔玛"},"loginCount":1}
04-26 11:11:42.270  8754  8794 I Corona  : extra info：	https://hwsj-eu-test.clktec.com:20888/frontend/forward
04-26 11:11:42.270  8754  8794 I Corona  : =============================================
04-26 11:11:42.363  8754  8794 I Corona  : downloadMusic succeeded!	other_npc	story_2_4
04-26 11:11:42.394  3455  3455 I TrafficMonitor: update:rxPkts:421,txPkts:128,rxBytes:510479,txBytes:7636
04-26 11:11:42.394  3455  3455 I TrafficMonitor: no expired. level:5
04-26 11:11:42.394  3455  3455 I TrafficMonitor: gettimer:interval=2000
04-26 11:11:42.394  3455  3455 I TrafficMonitor: during_ms:2002,period_ms:2000
04-26 11:11:42.394  3455  3455 I TrafficMonitor: count:849,rx_sum:421,tx_sum:128,rxBytes:510479,during_ms:2002,rx_speed:254984.51548451552,tx_speed:3814.1858141858147,rto:3.2890625
04-26 11:11:42.527  8754  8794 I Corona  : downloadMusic succeeded!	other_npc	story_3_1
04-26 11:11:42.532  3455  3792 E WifiConfigStore: updateConfiguration freq=2452 BSSID=f0:3e:90:1b:92:c8 RSSI=-32 "testin-gz-04"WPA_PSK
04-26 11:11:42.633  8754  8794 I Corona  : =============================================
04-26 11:11:42.633  8754  8794 I Corona  : response data：	   cmd : 	10011
04-26 11:11:42.633  8754  8794 I Corona  : {"stat":1,"info":"请求成功","data":"{"Code":0,"Sess":"yRL50Z3hfPWxlvrdgPgs0MhO6[JCUYs=","Data":{"RedPoint":{"achievement":1},"SysTime":1556248303,"Cost":18},"Info":""}"}
04-26 11:11:42.633  8754  8794 I Corona  : extra info：	访问时间(ms) ： 357.5599193573
04-26 11:11:42.633  8754  8794 I Corona  : =============================================
04-26 11:11:42.635  8754  8754 I System.out: eventId: event_17
04-26 11:11:42.635  8754  8754 I System.out: timeStamp: 1556248302
04-26 11:11:42.635  8754  8754 I System.out: ad_monitor_url: https://hwsj-eu-test.clktec.com:20888/frontend/distribute
04-26 11:11:42.635  8754  8754 I System.out: custom url: https://hwsj-eu-test.clktec.com:20888/frontend/distribute/v1/custom_event
04-26 11:11:42.637  8754  9455 I System.out: admonitor data: {"version":"1.8","app_id":"1021","act_id":"ad_trace_new","data":"{\"cp_app_id\":1021,\"ad_app_key\":\"3199536a745011e8a870025a896bb440\",\"retail_id\":2,\"event_id\":\"event_17\",\"event_name\":\"创建角色成功\",\"mac\":\"0cb9234482060bf7d7f1be0a653647a1\",\"user_agent\":\"Dalvik\\\/2.1.0 (Linux; U; Android 6.0; HUAWEI GRA-UL00 Build\\\/HUAWEIGRA-UL00)\",\"ex_user_agent\":\"Mozilla\\\/5.0 (Linux; Android 6.0; HUAWEI GRA-UL00 Build\\\/HUAWEIGRA-UL00; wv) AppleWebKit\\\/537.36 (KHTML, like Gecko) Version\\\/4.0 Chrome\\\/49.0.2623.105 Mobile Safari\\\/537.36\",\"device_id\":\"498e54e4d0b16a77\",\"os\":\"0\",\"timestamp\":1556248302,\"reserve1\":\"\",\"reserve2\":\"{\\\"deviceType\\\":\\\"android_id\\\"}\"}"}
04-26 11:11:42.638  8754  8794 I Corona  : =============================================
04-26 11:11:42.638  8754  8794 I Corona  : send data：	cmd : 	15000
04-26 11:11:42.638  8754  8794 I Corona  : {"isSend":true,"callBackFunc":"<type 'function' is not supported by JSON.>","url":"https://hwsj-eu-test.clktec.com:20888/frontend/forward","data":{"RetailId":2,"HotVersion":1555924205,"appId":1021,"ActId":15000,"Ver":"1.801","serverId":999998,"Token":"eyJhbGciOiJIUzI1NiIsInR5cCI6IkpXVCJ9.eyJleHAiOjE1NTYyNDg2NTgsImlhdCI6MTU1NjI0ODI5OCwianRpIjoidzIxN251d2VoMWo1In0.MmrBczNLIftEI8u13smHB-0ixhwq4pFcRrg6PuoRGZg","T":1556248303,"actionid":15000,"Lang":"zh-cn","Sess":"yRL50Z3hfPWxlvrdgPgs0MhO6[JCUYs="},"loginCount":1}
04-26 11:11:42.638  8754  8794 I Corona  : extra info：	https://hwsj-eu-test.clktec.com:20888/frontend/forward
04-26 11:11:42.638  8754  8794 I Corona  : =============================================
04-26 11:11:42.665  8754  8754 I System.out: eventId: event_18
04-26 11:11:42.665  8754  8754 I System.out: timeStamp: 1556248302
04-26 11:11:42.665  8754  8754 I System.out: ad_monitor_url: https://hwsj-eu-test.clktec.com:20888/frontend/distribute
04-26 11:11:42.665  8754  8754 I System.out: custom url: https://hwsj-eu-test.clktec.com:20888/frontend/distribute/v1/custom_event
04-26 11:11:42.668  8754  9458 I System.out: admonitor data: {"version":"1.8","app_id":"1021","act_id":"ad_trace_new","data":"{\"cp_app_id\":1021,\"ad_app_key\":\"3199536a745011e8a870025a896bb440\",\"retail_id\":2,\"event_id\":\"event_18\",\"event_name\":\"登陆到主界面成功\",\"mac\":\"0cb9234482060bf7d7f1be0a653647a1\",\"user_agent\":\"Dalvik\\\/2.1.0 (Linux; U; Android 6.0; HUAWEI GRA-UL00 Build\\\/HUAWEIGRA-UL00)\",\"ex_user_agent\":\"Mozilla\\\/5.0 (Linux; Android 6.0; HUAWEI GRA-UL00 Build\\\/HUAWEIGRA-UL00; wv) AppleWebKit\\\/537.36 (KHTML, like Gecko) Version\\\/4.0 Chrome\\\/49.0.2623.105 Mobile Safari\\\/537.36\",\"device_id\":\"498e54e4d0b16a77\",\"os\":\"0\",\"timestamp\":1556248302,\"reserve1\":\"\",\"reserve2\":\"{\\\"deviceType\\\":\\\"android_id\\\"}\"}"}
04-26 11:11:42.702  8754  8794 I Corona  : =============================================
04-26 11:11:42.702  8754  8794 I Corona  : send data：	cmd : 	12311
04-26 11:11:42.702  8754  8794 I Corona  : {"isSend":true,"callBackFunc":"<type 'function' is not supported by JSON.>","url":"https://hwsj-eu-test.clktec.com:20888/frontend/forward","data":{"Sess":"yRL50Z3hfPWxlvrdgPgs0MhO6[JCUYs=","HotVersion":1555924205,"appId":1021,"ActId":12311,"Ver":"1.801","serverId":999998,"Token":"eyJhbGciOiJIUzI1NiIsInR5cCI6IkpXVCJ9.eyJleHAiOjE1NTYyNDg2NTgsImlhdCI6MTU1NjI0ODI5OCwianRpIjoidzIxN251d2VoMWo1In0.MmrBczNLIftEI8u13smHB-0ixhwq4pFcRrg6PuoRGZg","RetailId":2,"T":1556248303,"Lang":"zh-cn","IsShield":[0,0,0],"actionid":12311},"loginCount":1}
04-26 11:11:42.702  8754  8794 I Corona  : extra info：	https://hwsj-eu-test.clktec.com:20888/frontend/forward
04-26 11:11:42.702  8754  8794 I Corona  : =============================================
04-26 11:11:42.715  8754  9459 I System  : core_booster, getBoosterConfig = false
04-26 11:11:42.791  8754  9456 W GooglePlayServicesUtil: Google Play Store is missing.
04-26 11:11:42.830  3455  5097 I libgps  : Uknown message 0 in ../../../../tmp/14533598_251844/customers/huawei/k3v3android/delivery/libgps/libgps.cpp:326
04-26 11:11:42.865  8754  9456 W GooglePlayServicesUtil: Google Play Store is missing.
04-26 11:11:42.869  8754  9456 W GooglePlayServicesUtil: Google Play Store is missing.
04-26 11:11:42.892  8754  9456 W GooglePlayServicesUtil: Google Play Store is missing.
04-26 11:11:42.947  8754  9456 I System  : core_booster, getBoosterConfig = false
04-26 11:11:42.947  8754  8764 I art     : Background sticky concurrent mark sweep GC freed 62830(3MB) AllocSpace objects, 6(260KB) LOS objects, 12% free, 26MB/30MB, paused 5.764ms total 50.980ms
04-26 11:11:42.951  8754  9455 I System.out: dopost resutl: {"data":"{\"info\":\"ok\",\"status\":1}","info":"请求成功","stat":1}
04-26 11:11:42.952  8754  9455 I System.out: eventId: event_17  custom status: 1  info: ok
04-26 11:11:42.977  8754  9458 I System.out: dopost resutl: {"data":"{\"info\":\"ok\",\"status\":1}","info":"请求成功","stat":1}
04-26 11:11:42.977  8754  9458 I System.out: eventId: event_18  custom status: 1  info: ok
04-26 11:11:43.003  8754  9459 I System  : core_booster, getBoosterConfig = false
04-26 11:11:43.117  3455  3837 E HwCHRWebMonitor: getFileResult throw exceptionjava.io.FileNotFoundException: proc/net/wifi_network_stat: open failed: ENOENT (No such file or directory)
04-26 11:11:43.348  8754  9456 I System  : core_booster, getBoosterConfig = false
04-26 11:11:43.380  8754  8794 I Corona  : =============================================
04-26 11:11:43.380  8754  8794 I Corona  : send data：	   cmd : 	18129
04-26 11:11:43.380  8754  8794 I Corona  : {"errorCallBackFunc":"<type 'function' is not supported by JSON.>","isSend":true,"callBackFunc":"<type 'function' is not supported by JSON.>","url":"https://hwsj-eu-test.clktec.com:20888/frontend/forward","data":{"Sess":"yRL50Z3hfPWxlvrdgPgs0MhO6[JCUYs=","HotVersion":1555924205,"appId":1021,"ActId":18129,"Ver":"1.801","serverId":999998,"actionid":18129,"RetailId":2,"T":1556248303,"Login":1,"Lang":"zh-cn","Token":"eyJhbGciOiJIUzI1NiIsInR5cCI6IkpXVCJ9.eyJleHAiOjE1NTYyNDg2NTgsImlhdCI6MTU1NjI0ODI5OCwianRpIjoidzIxN251d2VoMWo1In0.MmrBczNLIftEI8u13smHB-0ixhwq4pFcRrg6PuoRGZg"},"loginCount":1}
04-26 11:11:43.380  8754  8794 I Corona  : extra info：	https://hwsj-eu-test.clktec.com:20888/frontend/forward
04-26 11:11:43.380  8754  8794 I Corona  : =============================================
04-26 11:11:43.398  8754  8754 I System.out: eventId: event_25
04-26 11:11:43.398  8754  8754 I System.out: timeStamp: 1556248303
04-26 11:11:43.399  8754  8754 I System.out: ad_monitor_url: https://hwsj-eu-test.clktec.com:20888/frontend/distribute
04-26 11:11:43.399  8754  8754 I System.out: custom url: https://hwsj-eu-test.clktec.com:20888/frontend/distribute/v1/custom_event
04-26 11:11:43.401  8754  9464 I System.out: admonitor data: {"version":"1.8","app_id":"1021","act_id":"ad_trace_new","data":"{\"cp_app_id\":1021,\"ad_app_key\":\"3199536a745011e8a870025a896bb440\",\"retail_id\":2,\"event_id\":\"event_25\",\"event_name\":\"UP聚合广告\",\"mac\":\"0cb9234482060bf7d7f1be0a653647a1\",\"user_agent\":\"Dalvik\\\/2.1.0 (Linux; U; Android 6.0; HUAWEI GRA-UL00 Build\\\/HUAWEIGRA-UL00)\",\"ex_user_agent\":\"Mozilla\\\/5.0 (Linux; Android 6.0; HUAWEI GRA-UL00 Build\\\/HUAWEIGRA-UL00; wv) AppleWebKit\\\/537.36 (KHTML, like Gecko) Version\\\/4.0 Chrome\\\/49.0.2623.105 Mobile Safari\\\/537.36\",\"device_id\":\"498e54e4d0b16a77\",\"os\":\"0\",\"timestamp\":1556248303,\"reserve1\":\"加载开始\",\"reserve2\":\"{\\\"deviceType\\\":\\\"android_id\\\"}\"}"}
04-26 11:11:43.404  8754  8754 I System.out: eventId: event_25
04-26 11:11:43.404  8754  8754 I System.out: timeStamp: 1556248303
04-26 11:11:43.404  8754  8754 I System.out: ad_monitor_url: https://hwsj-eu-test.clktec.com:20888/frontend/distribute
04-26 11:11:43.404  8754  8754 I System.out: custom url: https://hwsj-eu-test.clktec.com:20888/frontend/distribute/v1/custom_event
04-26 11:11:43.405  8754  8754 I TAG     : onLoadSuccessed
04-26 11:11:43.407  8754  9465 I System.out: admonitor data: {"version":"1.8","app_id":"1021","act_id":"ad_trace_new","data":"{\"cp_app_id\":1021,\"ad_app_key\":\"3199536a745011e8a870025a896bb440\",\"retail_id\":2,\"event_id\":\"event_25\",\"event_name\":\"UP聚合广告\",\"mac\":\"0cb9234482060bf7d7f1be0a653647a1\",\"user_agent\":\"Dalvik\\\/2.1.0 (Linux; U; Android 6.0; HUAWEI GRA-UL00 Build\\\/HUAWEIGRA-UL00)\",\"ex_user_agent\":\"Mozilla\\\/5.0 (Linux; Android 6.0; HUAWEI GRA-UL00 Build\\\/HUAWEIGRA-UL00; wv) AppleWebKit\\\/537.36 (KHTML, like Gecko) Version\\\/4.0 Chrome\\\/49.0.2623.105 Mobile Safari\\\/537.36\",\"device_id\":\"498e54e4d0b16a77\",\"os\":\"0\",\"timestamp\":1556248303,\"reserve1\":\"加载成功\",\"reserve2\":\"{\\\"deviceType\\\":\\\"android_id\\\"}\"}"}
04-26 11:11:43.435  8754  8754 I Ads     : Starting ad request.
04-26 11:11:43.436  8754  8754 I Ads     : Use AdRequest.Builder.addTestDevice("0B181AE5DAE250EAF60A49058D12B251") to get test ads on this device.
04-26 11:11:43.460  8754  9470 W GooglePlayServicesUtil: Google Play Store is missing.
04-26 11:11:43.461  8754  9470 W GooglePlayServicesUtil: Google Play Store is missing.
04-26 11:11:43.487  8754  9472 W GooglePlayServicesUtil: Google Play Store is missing.
04-26 11:11:43.511  4510  5332 W PhoneStateManager: 15278 disable sensor:0 so fast, diff:4, drop it
04-26 11:11:43.512  4510  5332 W PhoneStateManager: 15278 disable sensor:0 so fast, diff:5, drop it
04-26 11:11:43.540  3455  3792 E WifiConfigStore: updateConfiguration freq=2452 BSSID=f0:3e:90:1b:92:c8 RSSI=-32 "testin-gz-04"WPA_PSK
04-26 11:11:43.560  8754  9472 W GooglePlayServicesUtil: Google Play Store is missing.
04-26 11:11:43.599  8754  9473 I System  : core_booster, getBoosterConfig = false
04-26 11:11:43.674  8754  9473 I System  : core_booster, getBoosterConfig = false
04-26 11:11:43.722  8754  9465 I System.out: dopost resutl: {"data":"{\"info\":\"ok\",\"status\":1}","info":"请求成功","stat":1}
04-26 11:11:43.723  8754  9465 I System.out: eventId: event_25  custom status: 1  info: ok
04-26 11:11:43.833  3455  5097 I libgps  : Uknown message 0 in ../../../../tmp/14533598_251844/customers/huawei/k3v3android/delivery/libgps/libgps.cpp:326
04-26 11:11:43.884  8754  8764 I art     : Background partial concurrent mark sweep GC freed 35464(2MB) AllocSpace objects, 8(4MB) LOS objects, 14% free, 23MB/27MB, paused 5.738ms total 79.160ms
04-26 11:11:44.258  8754  8794 I SoundDecoder: MPG123: Accepting data stream.
04-26 11:11:44.271  8754  8794 I SoundDecoder: MPG123: Accepting data stream.
04-26 11:11:44.397  3455  3455 I TrafficMonitor: update:rxPkts:155,txPkts:68,rxBytes:151937,txBytes:19321
04-26 11:11:44.397  3455  3455 I TrafficMonitor: start expired. level:5
04-26 11:11:44.397  3455  3455 I TrafficMonitor: gettimer:interval=2000
04-26 11:11:44.443  8754  9473 I Ads     : No fill from ad server.
04-26 11:11:44.444  8754  8754 W Ads     : Failed to load ad: 3
04-26 11:11:44.538  3455  3792 E WifiConfigStore: updateConfiguration freq=2452 BSSID=f0:3e:90:1b:92:c8 RSSI=-32 "testin-gz-04"WPA_PSK
04-26 11:11:44.572  8754  9464 I System.out: dopost resutl: {"data":"{\"info\":\"ok\",\"status\":1}","info":"请求成功","stat":1}
04-26 11:11:44.573  8754  9464 I System.out: eventId: event_25  custom status: 1  info: ok
04-26 11:11:44.710  3455  3792 E WifiConfigStore: updateConfiguration freq=2452 BSSID=f0:3e:90:1b:92:c8 RSSI=-33 "testin-gz-04"WPA_PSK
04-26 11:11:44.831  3455  5097 I libgps  : Uknown message 0 in ../../../../tmp/14533598_251844/customers/huawei/k3v3android/delivery/libgps/libgps.cpp:326
04-26 11:11:45.547  3455  3792 E WifiConfigStore: updateConfiguration freq=2452 BSSID=f0:3e:90:1b:92:c8 RSSI=-34 "testin-gz-04"WPA_PSK
04-26 11:11:45.831  3455  5097 I libgps  : Uknown message 0 in ../../../../tmp/14533598_251844/customers/huawei/k3v3android/delivery/libgps/libgps.cpp:326
04-26 11:11:46.218  8754  8794 I Corona  : downloadMusic succeeded!	other_npc	story_3_2
04-26 11:11:46.232  8754  9479 I System  : core_booster, getBoosterConfig = false
04-26 11:11:46.239  8754  8794 I Corona  : =============================================
04-26 11:11:46.239  8754  8794 I Corona  : response data：	cmd : 	15000
04-26 11:11:46.239  8754  8794 I Corona  : {"stat":1,"info":"请求成功","data":"{"Data":{"AllianceAgreeApply":false,"RedPoint":{"achievement":1},"TeamInvite":{},"CityAward":false,"SeaKingFood":false,"CompetitionRank":false,"Dinner":false,"NewMailNum":0,"BarbarianKingVitalityFull":false,"CrossCompetitionRank":false,"SeaKingItemAward":false,"SysTime":1556248303,"AllianceDailyTask":false,"SeaKingInvite":false,"InfiniteBattleSpoils":false,"AllianceTrade":false,"TimeLimit":false,"Cost":30,"FbInvitation":false,"AllianceApply":false,"AllianceWar":false},"Info":"","Code":0,"Sess":"yRL50Z3hfPWxlvrdgPgs0MhO6[JCUYs="}"}
04-26 11:11:46.239  8754  8794 I Corona  : extra info：	访问时间(ms) ： 3588.7198448181
04-26 11:11:46.239  8754  8794 I Corona  : =============================================
04-26 11:11:46.266  8754  8794 I Corona  : =============================================
04-26 11:11:46.266  8754  8794 I Corona  : response data：	   cmd : 	18129
04-26 11:11:46.266  8754  8794 I Corona  : {"stat":1,"info":"请求成功","data":"{"Data":{"RedPoint":{"achievement":1},"SysTime":1556248304,"Cost":4,"Status":1,"Unread":0},"Info":"","Code":0,"Sess":"yRL50Z3hfPWxlvrdgPgs0MhO6[JCUYs="}"}
04-26 11:11:46.266  8754  8794 I Corona  : extra info：	访问时间(ms) ： 2879.9347877502
04-26 11:11:46.266  8754  8794 I Corona  : =============================================
04-26 11:11:46.281  8754  8794 I Corona  : =============================================
04-26 11:11:46.281  8754  8794 I Corona  : response data：	cmd : 	12311
04-26 11:11:46.281  8754  8794 I Corona  : {"stat":1,"info":"请求成功","data":"{"Sess":"yRL50Z3hfPWxlvrdgPgs0MhO6[JCUYs=","Data":{"SysTime":1556248304,"Cost":39,"NewestMsg":{"MsgData":{"ChatAvatar":"3","Time":"2019-04-26 04:52:38.000","Id":"5cc26466c9beba00012776bb","ext":{"Type":9,"Figure":0,"NickName":"lolita","Group":1,"Avatar":3,"Stage":2,"DressList":[],"Lv":18,"Alliance":"wyr1"},"Avatar":3,"Text":"","ShowId":999998001538,"DressList":[],"VipLv":0,"Lv":18,"AvatarList":{},"Figure":0,"ServerName":"999998","Nickname":"lolita","Rid":"w0npt0r3lv5w","ServerId":999998,"Manifesto":""},"Channel":"c"},"ShareRemainSeconds":0,"RedPoint":{"achievement":1}},"Info":"","Code":0}"}
04-26 11:11:46.281  8754  8794 I Corona  : extra info：	访问时间(ms) ： 3568.6719417572
04-26 11:11:46.281  8754  8794 I Corona  : =============================================
04-26 11:11:46.308  8754  8794 I Corona  : socket vertify success
04-26 11:11:46.308  8754  8794 I Corona  : socket begin heartBeat
04-26 11:11:46.366  8754  9479 I System  : core_booster, getBoosterConfig = false
04-26 11:11:46.399  3455  3455 I TrafficMonitor: update:rxPkts:11,txPkts:19,rxBytes:1427,txBytes:1756
04-26 11:11:46.399  3455  3455 I TrafficMonitor: start expired. level:-1
04-26 11:11:46.399  3455  3455 I TrafficMonitor: gettimer:interval=2000
04-26 11:11:46.528  8754  8794 I Corona  : socket receive data error : 	closed
04-26 11:11:46.536  3455  3792 E WifiConfigStore: updateConfiguration freq=2452 BSSID=f0:3e:90:1b:92:c8 RSSI=-35 "testin-gz-04"WPA_PSK
04-26 11:11:46.831  3455  5097 I libgps  : Uknown message 0 in ../../../../tmp/14533598_251844/customers/huawei/k3v3android/delivery/libgps/libgps.cpp:326
04-26 11:11:47.113  8754  8794 I Corona  : downloadMusic succeeded!	other_npc	story_3_3
04-26 11:11:47.395  3455  3455 I TrafficMonitor: expired arrive. level:-1
04-26 11:11:47.396  3455  3455 I TrafficMonitor: during_ms:2002,period_ms:2000
04-26 11:11:47.397  3455  3455 I TrafficMonitor: count:851,rx_sum:11,tx_sum:19,rxBytes:1427,during_ms:2002,rx_speed:712.7872127872129,tx_speed:877.1228771228772,rto:0.5789473684210527
04-26 11:11:47.547  3455  3792 E WifiConfigStore: updateConfiguration freq=2452 BSSID=f0:3e:90:1b:92:c8 RSSI=-33 "testin-gz-04"WPA_PSK
04-26 11:11:47.575  8754  8794 I Corona  : downloadMusic succeeded!	other_npc	story_3_4
04-26 11:11:47.725  3455  3792 E WifiConfigStore: updateConfiguration freq=2452 BSSID=f0:3e:90:1b:92:c8 RSSI=-33 "testin-gz-04"WPA_PSK
04-26 11:11:47.831  3455  5097 I libgps  : Uknown message 0 in ../../../../tmp/14533598_251844/customers/huawei/k3v3android/delivery/libgps/libgps.cpp:326
04-26 11:11:47.847  8754  8794 I Corona  : downloadMusic succeeded!	other_npc	story_3_5
04-26 11:11:48.043  8754  8794 I Corona  : downloadMusic succeeded!	other_npc	story_3_6
04-26 11:11:48.402  3455  3455 I TrafficMonitor: update:rxPkts:485,txPkts:161,rxBytes:585521,txBytes:10035
04-26 11:11:48.402  3455  3455 I TrafficMonitor: no expired. level:5
04-26 11:11:48.402  3455  3455 I TrafficMonitor: gettimer:interval=2000
04-26 11:11:48.406  3455  3455 I TrafficMonitor: during_ms:2003,period_ms:2000
04-26 11:11:48.406  3455  3455 I TrafficMonitor: count:852,rx_sum:485,tx_sum:161,rxBytes:585521,during_ms:2003,rx_speed:292322.01697453816,tx_speed:5009.9850224663005,rto:3.012422360248447
04-26 11:11:48.525  8754  8794 I Corona  : downloadMusic succeeded!	other_npc	story_4_1
04-26 11:11:48.541  3455  3792 E WifiConfigStore: updateConfiguration freq=2452 BSSID=f0:3e:90:1b:92:c8 RSSI=-33 "testin-gz-04"WPA_PSK
04-26 11:11:48.545  3455  3849 I HuaweiWifiWatchdogStateMachine: spd good count:0, add sc:0.0, rate:1.0
04-26 11:11:48.546  3455  3849 I HuaweiWifiWatchdogStateMachine: current mHighDataFlowRate = 0.0
04-26 11:11:48.546  3455  3849 I HuaweiWifiWatchdogStateMachine:  pkt chk not bad, ### mPktChkBadCnt and sc is 0.
04-26 11:11:48.546  3455  3849 I HuaweiWifiWatchdogStateMachine: net speed good
04-26 11:11:48.813  4510  5345 W PGApi_client: recv actoionId = 10011, action = com.huawei.pgmng.PGAction@4a6d206 actionId =10011 pkg =com.dc.hwsj extend1 =145 extend2 =100 flag =3 type =1
04-26 11:11:48.813  4510  5345 W PGMiddleWare: in handleAction method, action = 10011
04-26 11:11:48.813  4510  5345 W PGMiddleWare: in handleAction, invoke client = com.huawei.pgmng.middleware.AudioEffectLowPowerImpl@db7d344, action = com.huawei.pgmng.PGAction@4a6d206 actionId =10011 pkg =com.dc.hwsj extend1 =145 extend2 =100 flag =3 type =1
04-26 11:11:48.827  8754  8794 I Corona  : =============================================
04-26 11:11:48.828  8754  8794 I Corona  : send data：	   cmd : 	10018
04-26 11:11:48.828  8754  8794 I Corona  : {"isSend":true,"callBackFunc":"<type 'function' is not supported by JSON.>","url":"https://hwsj-eu-test.clktec.com:20888/frontend/forward","data":{"Sess":"yRL50Z3hfPWxlvrdgPgs0MhO6[JCUYs=","HotVersion":1555924205,"appId":1021,"StatusStr":"upLv-0","Ver":"1.801","serverId":999998,"Token":"eyJhbGciOiJIUzI1NiIsInR5cCI6IkpXVCJ9.eyJleHAiOjE1NTYyNDg2NTgsImlhdCI6MTU1NjI0ODI5OCwianRpIjoidzIxN251d2VoMWo1In0.MmrBczNLIftEI8u13smHB-0ixhwq4pFcRrg6PuoRGZg","RetailId":2,"T":1556248306,"actionid":10018,"Lang":"zh-cn","ActId":10018},"loginCount":1}
04-26 11:11:48.828  8754  8794 I Corona  : extra info：	https://hwsj-eu-test.clktec.com:20888/frontend/forward
04-26 11:11:48.828  8754  8794 I Corona  : =============================================
04-26 11:11:48.834  3455  5097 I libgps  : Uknown message 0 in ../../../../tmp/14533598_251844/customers/huawei/k3v3android/delivery/libgps/libgps.cpp:326
04-26 11:11:48.848  4510  4510 I powergenie_jni: guess platform type = 3
04-26 11:11:48.848  4510  4510 I powergenie_jni: guess platform type = 3
04-26 11:11:49.009  8754  8794 I Corona  : downloadMusic succeeded!	other_npc	story_5_1
04-26 11:11:49.197  3455  3837 E HwCHRWebMonitor: getFileResult throw exceptionjava.io.FileNotFoundException: proc/net/wifi_network_stat: open failed: ENOENT (No such file or directory)
04-26 11:11:49.201  8754  8794 I Corona  : downloadMusic succeeded!	other_npc	story_5_2
04-26 11:11:49.213  8754  8794 I Corona  : =============================================
04-26 11:11:49.213  8754  8794 I Corona  : response data：	   cmd : 	10018
04-26 11:11:49.213  8754  8794 I Corona  : {"stat":1,"info":"请求成功","data":"{"Data":{"RedPoint":{"achievement":1},"SysTime":1556248309,"Cost":12,"RemainList":[]},"Info":"","Code":0,"Sess":"yRL50Z3hfPWxlvrdgPgs0MhO6[JCUYs="}"}
04-26 11:11:49.213  8754  8794 I Corona  : extra info：	访问时间(ms) ： 380.68389892578
04-26 11:11:49.213  8754  8794 I Corona  : =============================================
04-26 11:11:49.252  3455  3792 I SendBroadcastPermission: action:android.net.wifi.SCAN_RESULTS, mPermissionType:0
04-26 11:11:49.265  4525  5271 W PhoneInterfaceManager: shouldBlockLocation running ...
04-26 11:11:49.265  4525  5271 I PhoneInterfaceManager: shouldBlockLocation  ret:false
04-26 11:11:49.275  4422  4622 I NLP     : result:[location successful], reason:[network location]
04-26 11:11:49.412  8754  8794 I Corona  : downloadMusic succeeded!	tutorial	1
04-26 11:11:49.542  4510  4510 I MsgPolicyThreshold: setThreshold,value:10,actionId:233
04-26 11:11:49.543  4510  4510 I MsgPolicyThreshold: write ok
04-26 11:11:49.544  3455  3792 E WifiConfigStore: updateConfiguration freq=2452 BSSID=f0:3e:90:1b:92:c8 RSSI=-35 "testin-gz-04"WPA_PSK
04-26 11:11:49.597  8754  8794 I Corona  : downloadMusic succeeded!	tutorial	2
04-26 11:11:49.661  2937  2937 E Thermal-daemon: [flash_led] temp_new :43  temp_old :42
04-26 11:11:49.661  2937  2937 E Thermal-daemon: Report temperature: [flash_led] temp :43  report_threshold:1
04-26 11:11:49.663  4510  5332 W ThermalStateManager: trigLevel = 0, mSimTrigLevel = 0, tempPolicy = 0
04-26 11:11:49.663  4510  5332 I ThermalStateManager: sensor name: flash temperature: 43 , thermal action: bcurrent policy:200
04-26 11:11:49.765  4510  5333 W SwitchManager: NoSuchMethod: IPowerManager setChargeHotLimit [int,int]
04-26 11:11:49.765  4510  5333 I powergenie_jni: set charge limit 2: 200
04-26 11:11:49.779  8754  8794 I Corona  : downloadMusic succeeded!	tutorial	3
04-26 11:11:49.830  3455  5097 I libgps  : Uknown message 0 in ../../../../tmp/14533598_251844/customers/huawei/k3v3android/delivery/libgps/libgps.cpp:326
04-26 11:11:49.954  8754  8794 I Corona  : downloadMusic succeeded!	tutorial	4
04-26 11:11:50.113  8754  8794 I Corona  : downloadMusic succeeded!	tutorial	5
04-26 11:11:50.291  8754  8794 I Corona  : downloadMusic succeeded!	tutorial	6
04-26 11:11:50.404  3455  3455 I TrafficMonitor: update:rxPkts:433,txPkts:67,rxBytes:524641,txBytes:5716
04-26 11:11:50.404  3455  3455 I TrafficMonitor: start expired. level:5
04-26 11:11:50.405  3455  3455 I TrafficMonitor: gettimer:interval=2000
04-26 11:11:50.463  8754  8794 I Corona  : downloadMusic succeeded!	tutorial	7
04-26 11:11:50.545  3455  3792 E WifiConfigStore: updateConfiguration freq=2452 BSSID=f0:3e:90:1b:92:c8 RSSI=-35 "testin-gz-04"WPA_PSK
04-26 11:11:50.650  8754  8794 I Corona  : downloadMusic succeeded!	tutorial	8
04-26 11:11:50.735  3455  3792 E WifiConfigStore: updateConfiguration freq=2452 BSSID=f0:3e:90:1b:92:c8 RSSI=-34 "testin-gz-04"WPA_PSK
04-26 11:11:50.819  8754  8794 I Corona  : downloadMusic succeeded!	tutorial	9
04-26 11:11:50.830  3455  5097 I libgps  : Uknown message 0 in ../../../../tmp/14533598_251844/customers/huawei/k3v3android/delivery/libgps/libgps.cpp:326
04-26 11:11:50.989  8754  8794 I Corona  : downloadMusic succeeded!	tutorial	10
04-26 11:11:51.156  8754  8794 I Corona  : downloadMusic succeeded!	tutorial	11
04-26 11:11:51.171  4510  4510 I MsgPolicyThreshold: setThreshold,value:-1,actionId:245
04-26 11:11:51.172  4510  4510 I MsgPolicyThreshold: write ok
04-26 11:11:51.172  4510  4510 I K3V3CpuGovernorPolicy: set scene Hmp policy : 300 , 150
04-26 11:11:51.182  2901  2962 I [Gralloc]: alloc w[360] h[642] format[1] usage[819]
04-26 11:11:51.183  2901  2962 I [Gralloc]: alloc succ handle[0x55a1158db0] stride[416]
04-26 11:11:51.210  7028  7274 I testin-agent: client ready>:59c3b57d16a538679f1567948a5S5,true
04-26 11:11:51.210  7028  7274 I testin-agent: mq:{"op":"activity.change","code":0,"message":"","data":{"topActivity":"com.huawei.android.launcher\/com.huawei.android.launcher.Launcher"}}
04-26 11:11:51.216  4510  5345 W PGApi_client: recv actoionId = 10010, action = com.huawei.pgmng.PGAction@5a970c7 actionId =10010 pkg =com.huawei.android.launcher extend1 =146 extend2 = flag =3 type =1
04-26 11:11:51.216  4510  5345 W PGMiddleWare: in handleAction method, action = 10010
04-26 11:11:51.216  4510  5345 W PGMiddleWare: in handleAction, invoke client = com.huawei.pgmng.middleware.AudioEffectLowPowerImpl@db7d344, action = com.huawei.pgmng.PGAction@5a970c7 actionId =10010 pkg =com.huawei.android.launcher extend1 =146 extend2 = flag =3 type =1
04-26 11:11:51.217  8754  8794 I Corona  : createHashFile = 	5caf075c0c136c9a2fe7e4f2defacac725cfb4b3
04-26 11:11:51.227  4245  5080 I HwSystemManager: NotificationGuideService:handle MSG_ACTIVIY_FOREGROUND, uid:10046
04-26 11:11:51.242  7334  7334 I HwLauncher: Launcher  onNewIntent mIsToUninstallApp = false,mIsLoading = false
04-26 11:11:51.243  4510  5333 I powergenie_jni: guess platform type = 3
04-26 11:11:51.243  4510  5333 I powergenie_jni: guess platform type = 3
04-26 11:11:51.245  7334  7334 I HwLauncher: Launcher  onNewIntent end
04-26 11:11:51.247  7334  7334 I HwLauncher: Launcher onStart()
04-26 11:11:51.247  7334  7334 I HwLauncher: Launcher dynamicIconsRegister
04-26 11:11:51.247  7334  7334 I HwLauncher: DynamicUpdater registerReceiver
04-26 11:11:51.249  7334  7334 I HwLauncher: DynamicUpdater call updateFolder
04-26 11:11:51.249  7334  7334 I HwLauncher: DynamicIcon onResume  isvisible = false   mAttachedToWindow:true    mWindowVisible:falsecom.android.calendar
04-26 11:11:51.249  7334  7334 I HwLauncher: DynamicUpdater registerReceiver
04-26 11:11:51.251  7334  7334 I HwLauncher: DynamicUpdater call updateFolder
04-26 11:11:51.252  7334  7334 I HwLauncher: DynamicIcon onResume  isvisible = true   mAttachedToWindow:false    mWindowVisible:falsecom.huawei.android.totemweather
04-26 11:11:51.252  7334  7415 I HwLauncher: WeatherDynamicUpdaterpositiveUpdate at WeatherDynamicUpdater
04-26 11:11:51.252  7334  7334 I HwLauncher: DynamicUpdater registerReceiver
04-26 11:11:51.270  7334  7334 I HwLauncher: DynamicUpdater call updateFolder
04-26 11:11:51.270  7334  7334 I HwLauncher: DynamicIcon onResume  isvisible = false   mAttachedToWindow:true    mWindowVisible:falsecom.android.deskclock
04-26 11:11:51.270  7334  7334 I HwLauncher: Launcher  Launcher.onStart() cost 23 ms
04-26 11:11:51.270  7334  7334 I HwLauncher: Launcher onResume()
04-26 11:11:51.271  7334  7334 I HwLauncher: Launcher doResumeWork()
04-26 11:11:51.273  7334  9522 I HwLauncher: Launcher.MotionManager startMotionAppsReco begin,flg = 402
04-26 11:11:51.278  3046  3473 I AudioFlinger: updateWakeLockUids_l() AudioOut_6 mType: 0 status 0
04-26 11:11:51.282  7334  7334 I HwLauncher: Launcher  onResume mIsToUninstallApp = false
04-26 11:11:51.282  7334  7334 I HwLauncher: Launcher  Launcher hot start cost 35 ms
04-26 11:11:51.288  3046  3442 I APM::AudioPolicyManager: stopOutput() output 6, stream 3, session 50
04-26 11:11:51.288  3046  3442 I APM::AudioPolicyManager: getNewOutputDevice() selected device 0
04-26 11:11:51.288  3046  3442 I APM::AudioPolicyManager: setOutputDevice() device 0x0000 delayMs 40
04-26 11:11:51.288  3046  3442 I APM::AudioPolicyManager: setOutputDevice() prevDevice 0x0002
04-26 11:11:51.289  3046  3442 I APM::AudioPolicyManager: setOutputDevice() setting same device 0x0000 or null device
04-26 11:11:51.317  2901 15566 I [Gralloc]: alloc w[1080] h[1920] format[1] usage[2816]
04-26 11:11:51.324  2901 15566 I [Gralloc]: alloc succ handle[0x55a1136f10] stride[1120]
04-26 11:11:51.324  2901 15566 I [Gralloc]: alloc w[1080] h[1920] format[1] usage[2816]
04-26 11:11:51.331  2901 15566 I [Gralloc]: alloc succ handle[0x55a10008e0] stride[1120]
04-26 11:11:51.331  2901 15566 I [Gralloc]: alloc w[1080] h[1920] format[1] usage[2816]
04-26 11:11:51.335  7334  9522 W MotionDetectionManager: startMotionAppsReco motionApps: 402 disabled
04-26 11:11:51.335  7334  9522 W HwLauncher: Launcher.MotionManager startMotionAppsReco service flg 402 is unavailable
04-26 11:11:51.335  7334  9522 I HwLauncher: Launcher.MotionManager , start MotionApps Reco end.
04-26 11:11:51.360  2901 15566 I [Gralloc]: alloc succ handle[0x55a11f3940] stride[1120]
04-26 11:11:51.368  2901  3493 I [Gralloc]: alloc w[16] h[16] format[1] usage[256]
04-26 11:11:51.368  2901  3493 I [Gralloc]: alloc succ handle[0x55a10d8310] stride[32]
04-26 11:11:51.374  9516  9530 E linker  : readlink('/proc/self/fd/21') failed: Permission denied [fd=21]
04-26 11:11:51.374  9516  9530 E linker  : warning: unable to get realpath for the library "/system/lib64/hw/gralloc.hi3635.so". Will use given name.
04-26 11:11:51.376  9516  9530 E linker  : readlink('/proc/self/fd/21') failed: Permission denied [fd=21]
04-26 11:11:51.376  9516  9530 E linker  : warning: unable to get realpath for the library "libion.so". Will use given name.
04-26 11:11:51.377  9516  9530 E HAL     : load: id=gralloc != hmi->id=gralloc
04-26 11:11:51.392  7334  7334 I TotemWeather: AbstractDualWeatherWidgetHomeView onWindowFocusChanged, hasWindowFocus= true
04-26 11:11:51.419  2901  2962 I [Gralloc]: alloc w[1080] h[1812] format[1] usage[2816]
04-26 11:11:51.427  2901  2962 I [Gralloc]: alloc succ handle[0x55a11e9bc0] stride[1120]
04-26 11:11:51.445  9516  9529 I TotemWeather: Log HwDebug:false HwModuleDebug:false
04-26 11:11:51.446  7334  7334 I TotemWeather: WidgetUtils cityinfo or weatherinfo is null
04-26 11:11:51.448  9516  9529 I TotemWeather: Utils launcherIntent for weather DynamicIcon
04-26 11:11:51.451  9516  9516 I HwCust  : Constructor found for class com.huawei.android.totemweather.utils.HwCustSettingsImpl
04-26 11:11:51.463  3455  3464 I art     : Background partial concurrent mark sweep GC freed 33738(2034KB) AllocSpace objects, 0(0B) LOS objects, 8% free, 45MB/49MB, paused 5.737ms total 265.345ms
04-26 11:11:51.475  9516  9516 I HwCust  : Constructor found for class android.app.HwCustAlarmManagerImpl
04-26 11:11:51.476  9516  9516 I TotemWeather: AlarmTaskManager current time is = 20190426T111151
04-26 11:11:51.476  9516  9516 I TotemWeather: AlarmTaskManager time is = 20190426T210000
04-26 11:11:51.476  9516  9516 I TotemWeather: AlarmTaskManager tregger time is = 20190426T210000
04-26 11:11:51.482  9516  9516 I TotemWeather: Utils sThemeFontDirEmpty = true
04-26 11:11:51.496  9516  9516 I HwCust  : Constructor found for class com.huawei.android.totemweather.utils.HwCustTotemLocationImpl
04-26 11:11:51.501  9516  9545 I TotemWeather: WeatherService processIntent action =com.huawei.android.action.UNFINISH_RECTIFY
04-26 11:11:51.511  4525  4958 W PhoneInterfaceManager: shouldBlockLocation running ...
04-26 11:11:51.511  4525  4958 I PhoneInterfaceManager: shouldBlockLocation  ret:false
04-26 11:11:51.521  9516  9529 E TotemWeather: WidgetUtils getWidgetShowCityInfo return myLocation
04-26 11:11:51.541  9516  9544 W TotemWeather: HwWeatherStat getCellIdFromCellInfo->unknown type cellinfo
04-26 11:11:51.541  9516  9544 I TotemWeather: SchemeTaskController checkCellIdChange begin
04-26 11:11:51.541  9516  9544 W TotemWeather: SchemeTaskController checkCellIdChange cellId is null return
04-26 11:11:51.543  9516  9544 I TotemWeather: SchemeTaskController checkCellIdChange begin
04-26 11:11:51.546  3455  3792 E WifiConfigStore: updateConfiguration freq=2452 BSSID=f0:3e:90:1b:92:c8 RSSI=-32 "testin-gz-04"WPA_PSK
04-26 11:11:51.560  9516  9544 I TotemWeather: LearnManager checkCityChange sets is null or sets do not contains the city,return true
04-26 11:11:51.560  9516  9544 I TotemWeather: SchemeTaskController checkCellIdChange city code has not math cellId
04-26 11:11:51.562  9516  9529 I SendBroadcastPermission: action:com.huawei.android.action.launcher_weather_icon_change, mPermissionType:0
04-26 11:11:51.564  7334  7334 I HwLauncher: WeatherDynamicUpdaterreceive action = com.huawei.android.action.launcher_weather_icon_change
04-26 11:11:51.566  7334  7415 E HwLauncher: SettingsEx , no such field.
04-26 11:11:51.566  7334  7415 W HwLauncher: Clock getDataFormat the getSystemString failed.
04-26 11:11:51.567  7334  7415 I HwLauncher: DynamicIconData , getDrawableForDynamic begin, pkg = com.android.deskclock, picName = deskclock_bg
04-26 11:11:51.567  7334  7415 I HwLauncher: DynamicIconData , getDrawableForDynamic end, pkg = com.android.deskclock, picName = deskclock_bg
04-26 11:11:51.569  4510  4522 I PgedBinderListener: kstate callback type:8 value1=8273 value2=KILLED
04-26 11:11:51.571  7334  7415 I HwLauncher: ClockDynamicUpdater clock update folder at ClockDynamicUpdater
04-26 11:11:51.571  7334  7415 I HwLauncher: DynamicUpdater updateBitmap end and send update message
04-26 11:11:51.571  7334  7415 I HwLauncher: WeatherDynamicUpdaterreceiver data is int[] = [0, 0, 72, 0, 96, 0, 120, 0]
04-26 11:11:51.571  7334  7415 I HwLauncher:  stringArray[] [cloudy, num2, num8, tempc]
04-26 11:11:51.572  7334  7334 I HwLauncher: DynamicUpdater call updateFolder
04-26 11:11:51.665  3455  4031 E HsmCoreServiceImpl: onTransact in code is: 102
04-26 11:11:51.666  3455  4031 I MediaProcessHandler: processOp opType: 1, uid: 10004, pid: 8273
04-26 11:11:51.666  3455  4031 W MediaProcessHandler: remove target not exist, maybe the UI process: uid: 10004, pid: 8273
04-26 11:11:51.831  3455  5097 I libgps  : Uknown message 0 in ../../../../tmp/14533598_251844/customers/huawei/k3v3android/delivery/libgps/libgps.cpp:326
04-26 11:11:51.871  7334  7498 W OpenGLRenderer: Incorrectly called buildLayer on View: ShortcutAndWidgetContainer, destroying layer...
04-26 11:11:51.871  7334  7498 W OpenGLRenderer: Incorrectly called buildLayer on View: ShortcutAndWidgetContainer, destroying layer...
04-26 11:11:51.944  4510  4510 I K3V3CpuGovernorPolicy: close previously scene Hmp policy : 300 , 150
04-26 11:11:52.407  3455  3455 I TrafficMonitor: update:rxPkts:345,txPkts:44,rxBytes:420551,txBytes:2953
04-26 11:11:52.407  3455  3455 I TrafficMonitor: start expired. level:5
04-26 11:11:52.407  3455  3455 I TrafficMonitor: gettimer:interval=2000
04-26 11:11:52.552  3455  3792 E WifiConfigStore: updateConfiguration freq=2452 BSSID=f0:3e:90:1b:92:c8 RSSI=-31 "testin-gz-04"WPA_PSK
04-26 11:11:52.833  3455  5097 I libgps  : Uknown message 0 in ../../../../tmp/14533598_251844/customers/huawei/k3v3android/delivery/libgps/libgps.cpp:326
04-26 11:11:53.404  3455  3455 I TrafficMonitor: expired arrive. level:-1
04-26 11:11:53.404  3455  3455 I TrafficMonitor: during_ms:2003,period_ms:2000
04-26 11:11:53.404  3455  3455 I TrafficMonitor: count:854,rx_sum:345,tx_sum:44,rxBytes:420551,during_ms:2003,rx_speed:209960.5591612581,tx_speed:1474.288567149276,rto:7.840909090909091
04-26 11:11:53.551  3455  3792 E WifiConfigStore: updateConfiguration freq=2452 BSSID=f0:3e:90:1b:92:c8 RSSI=-32 "testin-gz-04"WPA_PSK
04-26 11:11:53.749  3455  3792 E WifiConfigStore: updateConfiguration freq=2452 BSSID=f0:3e:90:1b:92:c8 RSSI=-33 "testin-gz-04"WPA_PSK
04-26 11:11:53.831  3455  5097 I libgps  : Uknown message 0 in ../../../../tmp/14533598_251844/customers/huawei/k3v3android/delivery/libgps/libgps.cpp:326
04-26 11:11:54.206  3455  3837 E HwCHRWebMonitor: getFileResult throw exceptionjava.io.FileNotFoundException: proc/net/wifi_network_stat: open failed: ENOENT (No such file or directory)
04-26 11:11:54.238  3046  3473 I audio_hw_primary: do_out_standby standby: 0, out_device: 2
04-26 11:11:54.254  3046  3473 I audio_hw_primary: select_devices++ mode[0]
04-26 11:11:54.254  3046  3473 I audio_hw_primary: output_device_id is 0, output_route is null;input_source_id is 0, input_route is null.
04-26 11:11:54.254  3046  3473 I MAX98925_SPK: MAX98925 SPK POWER OFF
04-26 11:11:54.254  3046  3473 I dsp_common: dsp_common_control_algo:set device = 0
04-26 11:11:54.259  3046  3473 I dsp_maxim_ctl: smartpa_control success with value:0
04-26 11:11:54.260  3046  3473 I audio_pop: pop change S4 OL SWITCH SWITCH dir 0
04-26 11:11:54.260  3046  3473 I audio_pop: pop change S4 OR SWITCH SWITCH dir 0
04-26 11:11:54.273  3046  3473 I audio_pop: pop change SP IL SWITCH SWITCH dir 0
04-26 11:11:54.273  3046  3473 I audio_pop: pop change SP IR SWITCH SWITCH dir 0
04-26 11:11:54.273  3046  3473 I audio_route: route change MIXERR S1R MUX SWITCH value[0] 0
04-26 11:11:54.273  3046  3473 I audio_route: route change MIXERL S1L MUX SWITCH value[0] 0
04-26 11:11:54.274  3046  3473 I audio_route: route change M1R MUX value 0
04-26 11:11:54.274  3046  3473 I audio_route: route change M1L MUX value 0
04-26 11:11:54.274  3046  3473 I dsp_common: dsp_common_control_algo:set device = 0
04-26 11:11:54.274  3046  3473 I audio_hw_primary: select_devices--
04-26 11:11:54.274  3046  3473 I AudioFlinger: releaseWakeLock_l() AudioOut_6 mType: 0
04-26 11:11:54.409  3455  3455 I TrafficMonitor: update:rxPkts:0,txPkts:0,rxBytes:0,txBytes:0
04-26 11:11:54.409  3455  3455 I TrafficMonitor: start expired. level:-1
04-26 11:11:54.409  3455  3455 I TrafficMonitor: gettimer:interval=2000
04-26 11:11:54.556  3455  3792 E WifiConfigStore: updateConfiguration freq=2452 BSSID=f0:3e:90:1b:92:c8 RSSI=-34 "testin-gz-04"WPA_PSK
04-26 11:11:54.665  2937  2937 E Thermal-daemon: [flash_led] temp_new :42  temp_old :43
04-26 11:11:54.665  2937  2937 E Thermal-daemon: Report temperature: [flash_led] temp :42  report_threshold:1
04-26 11:11:54.667  4510  5332 W ThermalStateManager: trigLevel = 0, mSimTrigLevel = 0, tempPolicy = 0
04-26 11:11:54.667  4510  5332 I ThermalStateManager: sensor name: flash temperature: 42 , thermal action: bcurrent policy:200
04-26 11:11:54.768  4510  5333 W SwitchManager: NoSuchMethod: IPowerManager setChargeHotLimit [int,int]
04-26 11:11:54.768  4510  5333 I powergenie_jni: set charge limit 2: 200
04-26 11:11:54.830  3455  5097 I libgps  : Uknown message 0 in ../../../../tmp/14533598_251844/customers/huawei/k3v3android/delivery/libgps/libgps.cpp:326
04-26 11:11:55.557  3455  3792 E WifiConfigStore: updateConfiguration freq=2452 BSSID=f0:3e:90:1b:92:c8 RSSI=-33 "testin-gz-04"WPA_PSK
04-26 11:11:55.831  3455  5097 I libgps  : Uknown message 0 in ../../../../tmp/14533598_251844/customers/huawei/k3v3android/delivery/libgps/libgps.cpp:326
04-26 11:11:56.411  3455  3455 I TrafficMonitor: update:rxPkts:0,txPkts:2,rxBytes:0,txBytes:142
04-26 11:11:56.411  3455  3455 I TrafficMonitor: start expired. level:-1
04-26 11:11:56.411  3455  3455 I TrafficMonitor: gettimer:interval=2000
04-26 11:11:56.554  3455  3792 E WifiConfigStore: updateConfiguration freq=2452 BSSID=f0:3e:90:1b:92:c8 RSSI=-33 "testin-gz-04"WPA_PSK
04-26 11:11:56.557  3455  3849 I HuaweiWifiWatchdogStateMachine: spd good count:0, add sc:0.0, rate:1.0
04-26 11:11:56.557  3455  3849 I HuaweiWifiWatchdogStateMachine: current mHighDataFlowRate = 0.0
04-26 11:11:56.557  3455  3849 I HuaweiWifiWatchdogStateMachine:  pkt chk not bad, ### mPktChkBadCnt and sc is 0.
04-26 11:11:56.557  3455  3849 I HuaweiWifiWatchdogStateMachine: net speed good
04-26 11:11:56.758  3455  3792 E WifiConfigStore: updateConfiguration freq=2452 BSSID=f0:3e:90:1b:92:c8 RSSI=-33 "testin-gz-04"WPA_PSK
04-26 11:11:56.830  3455  5097 I libgps  : Uknown message 0 in ../../../../tmp/14533598_251844/customers/huawei/k3v3android/delivery/libgps/libgps.cpp:326
04-26 11:11:57.559  3455  3792 E WifiConfigStore: updateConfiguration freq=2452 BSSID=f0:3e:90:1b:92:c8 RSSI=-32 "testin-gz-04"WPA_PSK
04-26 11:11:57.830  3455  5097 I libgps  : Uknown message 0 in ../../../../tmp/14533598_251844/customers/huawei/k3v3android/delivery/libgps/libgps.cpp:326
04-26 11:11:58.413  3455  3455 I TrafficMonitor: update:rxPkts:0,txPkts:1,rxBytes:0,txBytes:71
04-26 11:11:58.413  3455  3455 I TrafficMonitor: start expired. level:-1
04-26 11:11:58.413  3455  3455 I TrafficMonitor: gettimer:interval=2000
04-26 11:11:58.559  3455  3792 E WifiConfigStore: updateConfiguration freq=2452 BSSID=f0:3e:90:1b:92:c8 RSSI=-32 "testin-gz-04"WPA_PSK
04-26 11:11:58.830  3455  5097 I libgps  : Uknown message 0 in ../../../../tmp/14533598_251844/customers/huawei/k3v3android/delivery/libgps/libgps.cpp:326
04-26 11:11:59.410  3455  3455 I TrafficMonitor: expired arrive. level:-1
04-26 11:11:59.410  3455  3455 I TrafficMonitor: during_ms:2002,period_ms:2000
04-26 11:11:59.410  3455  3455 I TrafficMonitor: count:857,rx_sum:0,tx_sum:1,rxBytes:0,during_ms:2002,rx_speed:0.0,tx_speed:35.464535464535466,rto:0.0
04-26 11:11:59.561  3455  3792 E WifiConfigStore: updateConfiguration freq=2452 BSSID=f0:3e:90:1b:92:c8 RSSI=-33 "testin-gz-04"WPA_PSK
04-26 11:11:59.771  3455  3792 E WifiConfigStore: updateConfiguration freq=2452 BSSID=f0:3e:90:1b:92:c8 RSSI=-34 "testin-gz-04"WPA_PSK
04-26 11:11:59.830  3455  5097 I libgps  : Uknown message 0 in ../../../../tmp/14533598_251844/customers/huawei/k3v3android/delivery/libgps/libgps.cpp:326
04-26 11:12:00.002  3907  3907 I TimeManager: receiver action = android.intent.action.TIME_TICK
04-26 11:12:00.006  7334  7334 I HwLauncher: Model  onReceive intent=Intent { act=android.intent.action.TIME_TICK flg=0x50000014 (has extras) }
04-26 11:12:00.006  7334  7334 I HwLauncher: Model  onReceive user=UserHandle{0}
04-26 11:12:00.014  7334  7334 I TotemWeather: CityTimeView CityTimeView mCurrentViewMode = 10141
04-26 11:12:00.048  7334  7334 I TotemWeather: CityTimeFormatView CityTimeFormatView setTimeFormat is24Hour=true,timeFormat=
04-26 11:12:00.050  7334  7334 I TotemWeather: DateTimeManager send message delay millis = 60950 ms
04-26 11:12:00.055  7334  7334 I HwLauncher: CalenderDynamicUpdater date changed begin
04-26 11:12:00.055  7334  7334 I HwLauncher: CalenderDynamicUpdater date changed end
04-26 11:12:00.057  7334  7334 I HwLauncher: ClockDynamicUpdater date changed begin
04-26 11:12:00.057  7334  7334 I HwLauncher: ClockDynamicUpdater date changed end
04-26 11:12:00.059  7334  7415 E HwLauncher: SettingsEx , no such field.
04-26 11:12:00.059  7334  7415 W HwLauncher: Clock getDataFormat the getSystemString failed.
04-26 11:12:00.060  7334  7415 I HwLauncher: DynamicIconData , getDrawableForDynamic begin, pkg = com.android.deskclock, picName = deskclock_bg
04-26 11:12:00.060  7334  7415 I HwLauncher: DynamicIconData , getDrawableForDynamic end, pkg = com.android.deskclock, picName = deskclock_bg
04-26 11:12:00.064  7334  7415 I HwLauncher: ClockDynamicUpdater clock update folder at ClockDynamicUpdater
04-26 11:12:00.064  7334  7415 I HwLauncher: DynamicUpdater updateBitmap end and send update message
04-26 11:12:00.065  7334  7334 I HwLauncher: DynamicUpdater call updateFolder
04-26 11:12:00.415  3455  3455 I TrafficMonitor: update:rxPkts:0,txPkts:0,rxBytes:0,txBytes:0
04-26 11:12:00.415  3455  3455 I TrafficMonitor: start expired. level:-1
04-26 11:12:00.415  3455  3455 I TrafficMonitor: gettimer:interval=2000
04-26 11:12:00.563  3455  3792 E WifiConfigStore: updateConfiguration freq=2452 BSSID=f0:3e:90:1b:92:c8 RSSI=-35 "testin-gz-04"WPA_PSK
04-26 11:12:00.830  3455  5097 I libgps  : Uknown message 0 in ../../../../tmp/14533598_251844/customers/huawei/k3v3android/delivery/libgps/libgps.cpp:326
04-26 11:12:01.565  3455  3792 E WifiConfigStore: updateConfiguration freq=2452 BSSID=f0:3e:90:1b:92:c8 RSSI=-35 "testin-gz-04"WPA_PSK
04-26 11:12:01.830  3455  5097 I libgps  : Uknown message 0 in ../../../../tmp/14533598_251844/customers/huawei/k3v3android/delivery/libgps/libgps.cpp:326
04-26 11:12:02.417  3455  3455 I TrafficMonitor: update:rxPkts:0,txPkts:0,rxBytes:0,txBytes:0
04-26 11:12:02.417  3455  3455 I TrafficMonitor: start expired. level:-1
04-26 11:12:02.417  3455  3455 I TrafficMonitor: gettimer:interval=2000
04-26 11:12:02.565  3455  3792 E WifiConfigStore: updateConfiguration freq=2452 BSSID=f0:3e:90:1b:92:c8 RSSI=-34 "testin-gz-04"WPA_PSK
04-26 11:12:02.786  3455  3792 E WifiConfigStore: updateConfiguration freq=2452 BSSID=f0:3e:90:1b:92:c8 RSSI=-34 "testin-gz-04"WPA_PSK
04-26 11:12:02.830  3455  5097 I libgps  : Uknown message 0 in ../../../../tmp/14533598_251844/customers/huawei/k3v3android/delivery/libgps/libgps.cpp:326
04-26 11:12:03.566  3455  3792 E WifiConfigStore: updateConfiguration freq=2452 BSSID=f0:3e:90:1b:92:c8 RSSI=-34 "testin-gz-04"WPA_PSK
04-26 11:12:03.830  3455  5097 I libgps  : Uknown message 0 in ../../../../tmp/14533598_251844/customers/huawei/k3v3android/delivery/libgps/libgps.cpp:326
04-26 11:12:04.420  3455  3455 I TrafficMonitor: update:rxPkts:2,txPkts:2,rxBytes:111,txBytes:80
04-26 11:12:04.420  3455  3455 I TrafficMonitor: start expired. level:-1
04-26 11:12:04.420  3455  3455 I TrafficMonitor: gettimer:interval=2000
04-26 11:12:04.568  3455  3792 E WifiConfigStore: updateConfiguration freq=2452 BSSID=f0:3e:90:1b:92:c8 RSSI=-33 "testin-gz-04"WPA_PSK
04-26 11:12:04.572  3455  3849 I HuaweiWifiWatchdogStateMachine: spd good count:0, add sc:0.0, rate:1.0
04-26 11:12:04.572  3455  3849 I HuaweiWifiWatchdogStateMachine: current mHighDataFlowRate = 0.0
04-26 11:12:04.572  3455  3849 I HuaweiWifiWatchdogStateMachine: POta txb txg rxg:0, 3, 0. Lr =0% Totpkt=3
04-26 11:12:04.572  3455  3455 I WifiProJNI: ######### CMD_QUERY_PKTS ########
04-26 11:12:04.573  3455  3848 I QosMonitor: postEventFromNative: msg=100,arg1=0,arg2=9
04-26 11:12:04.573  3455  3848 W WifiProJNI: poll before: g_monitor_fd =160
04-26 11:12:04.573  3455  3455 I MQoS    : rtt=1590,tcp_tx_pkts=42100,tcp_rx_pkts=59413
04-26 11:12:04.575  3455  3849 I HuaweiWifiWatchdogStateMachine: PTcp RTT:0, rtt pkt=0, tcp_rx=1838, tcp_tx=475, tcp_reTran=7, rtRate=0.01
04-26 11:12:04.575  3455  3849 I HuaweiWifiWatchdogStateMachine: rt ota tcp rl bad: false, false, false, false; rsth:-75
04-26 11:12:04.575  3455  3455 I MQoS    : QOS_level:0(0),wifi-link;SIM error;use level-0
04-26 11:12:04.575  3455  3849 I HuaweiWifiWatchdogStateMachine:  pkt chk not bad, ### mPktChkBadCnt and sc is 0.
04-26 11:12:04.670  2937  2937 E Thermal-daemon: [battery] temp_new :39  temp_old :40
04-26 11:12:04.670  2937  2937 E Thermal-daemon: Report temperature: [battery] temp :39  report_threshold:1
04-26 11:12:04.672  4510  5332 W ThermalStateManager: trigLevel = -1, mSimTrigLevel = -1, tempPolicy = 0
04-26 11:12:04.672  4510  5332 I ThermalStateManager: sensor name: battery temperature: 39 , thermal action: bcurrent policy:200
04-26 11:12:04.773  4510  5333 W SwitchManager: NoSuchMethod: IPowerManager setChargeHotLimit [int,int]
04-26 11:12:04.773  4510  5333 I powergenie_jni: set charge limit 2: 200
