04-26 11:10:48.739  8754  9037 I UnityAds: com.unity3d.ads.api.Sdk.logInfo() (line:70) :: Requesting ad plan from https://auction.unityads.unity3d.com/v5/games/2752400/requests?androidId=498e54e4d0b16a77&deviceModel=HUAWEI%20GRA-UL00&platform=android&sdkVersion=2201&stores=none&deviceMake=HUAWEI&screenSize=268435794&screenDensity=480&apiLevel=23&screenWidth=1080&screenHeight=1812&connectionType=wifi&networkType=0
04-26 11:10:48.824  8754  9091 I System  : core_booster, getBoosterConfig = false
04-26 11:10:48.832  3455  5097 I libgps  : Uknown message 0 in ../../../../tmp/14533598_251844/customers/huawei/k3v3android/delivery/libgps/libgps.cpp:326
04-26 11:10:49.129  8754  9091 I System  : core_booster, getBoosterConfig = false
04-26 11:10:49.252  8754  8772 I SendBroadcastPermission: action:com.google.android.gms.measurement.UPLOAD, mPermissionType:0
04-26 11:10:49.331  8754  9107 I System  : core_booster, getBoosterConfig = false
04-26 11:10:49.443  8754  9107 I System  : core_booster, getBoosterConfig = false
04-26 11:10:49.470  3455  3792 E WifiConfigStore: updateConfiguration freq=2452 BSSID=f0:3e:90:1b:92:c8 RSSI=-30 "testin-gz-04"WPA_PSK
04-26 11:10:49.830  3455  5097 I libgps  : Uknown message 0 in ../../../../tmp/14533598_251844/customers/huawei/k3v3android/delivery/libgps/libgps.cpp:326
04-26 11:10:50.340  3455  3455 I TrafficMonitor: update:rxPkts:826,txPkts:599,rxBytes:955060,txBytes:31035
04-26 11:10:50.340  3455  3455 I TrafficMonitor: start expired. level:5
04-26 11:10:50.340  3455  3455 I TrafficMonitor: gettimer:interval=2000
04-26 11:10:50.367  9110  9110 I appproc : CLASSPATH=/system/framework/wm.jar
04-26 11:10:50.368  9110  9110 I appproc : Command=app_process /system/bin com.android.commands.wm.Wm size 
04-26 11:10:50.377  9110  9110 I AndroidRuntime: readDownloadBoosterConfig: 'false'
04-26 11:10:50.381  3455  3787 I SendBroadcastPermission: action:com.android.server.action.NETWORK_STATS_UPDATED, mPermissionType:0
04-26 11:10:50.389  4245  5092 E HwSystemManager: NatTrafficNotifyService:imsi is null, so return
04-26 11:10:50.472  3455  3792 E WifiConfigStore: updateConfiguration freq=2452 BSSID=f0:3e:90:1b:92:c8 RSSI=-31 "testin-gz-04"WPA_PSK
04-26 11:10:50.516  3455  3792 E WifiConfigStore: updateConfiguration freq=2452 BSSID=f0:3e:90:1b:92:c8 RSSI=-32 "testin-gz-04"WPA_PSK
04-26 11:10:50.521  9110  9110 I HWSERVICES: hwnative_get_component_register:libdrmbitmap,JNI
04-26 11:10:50.539  9110  9110 E HAL     : load: id=memtrack != hmi->id=memtrack
04-26 11:10:50.542  9110  9110 I         : power log dlsym ok
04-26 11:10:50.546  9110  9110 I Radio-JNI: register_android_hardware_Radio DONE
04-26 11:10:50.568  9110  9110 I android_hardware_fm.cpp: register_android_hardware_fm_fmradio
04-26 11:10:50.568  9110  9110 I android_hardware_fm.cpp: ========64bit long size = 8
04-26 11:10:50.568  9110  9110 I android_hardware_fm.cpp: FM: get chip type = bcm43xx
04-26 11:10:50.570  9110  9110 E HAL     : load: id=fm != hmi->id=fm
04-26 11:10:50.570  9110  9110 E fm_if.c : find the id:fm and begins to open the devices
04-26 11:10:50.570  9110  9110 I android_hardware_fm.cpp: register_android_hardware_fm_fmradio, ret is 0
04-26 11:10:50.830  3455  5097 I libgps  : Uknown message 0 in ../../../../tmp/14533598_251844/customers/huawei/k3v3android/delivery/libgps/libgps.cpp:326
04-26 11:10:51.015  8754  9037 I UnityAds: com.unity3d.ads.api.Sdk.logInfo() (line:70) :: AdPlan received with 1 campaigns and refreshDelay 0
04-26 11:10:51.175  8754  9132 I System  : core_booster, getBoosterConfig = false
04-26 11:10:51.412  8754  8754 I Ads     : Starting ad request.
04-26 11:10:51.413  8754  8754 I Ads     : Use AdRequest.Builder.addTestDevice("0B181AE5DAE250EAF60A49058D12B251") to get test ads on this device.
04-26 11:10:51.444  8754  8964 W GooglePlayServicesUtil: Google Play Store is missing.
04-26 11:10:51.450  8754  8964 W GooglePlayServicesUtil: Google Play Store is missing.
04-26 11:10:51.458  8754  8764 I art     : Background sticky concurrent mark sweep GC freed 27412(1573KB) AllocSpace objects, 20(2MB) LOS objects, 13% free, 22MB/26MB, paused 7.428ms total 58.345ms
04-26 11:10:51.485  3455  3792 E WifiConfigStore: updateConfiguration freq=2452 BSSID=f0:3e:90:1b:92:c8 RSSI=-32 "testin-gz-04"WPA_PSK
04-26 11:10:51.596  8754  8968 I System  : core_booster, getBoosterConfig = false
04-26 11:10:51.682  8754  8968 I System  : core_booster, getBoosterConfig = false
04-26 11:10:51.830  3455  5097 I libgps  : Uknown message 0 in ../../../../tmp/14533598_251844/customers/huawei/k3v3android/delivery/libgps/libgps.cpp:326
04-26 11:10:51.948  3455  3837 E HwCHRWebMonitor: getFileResult throw exceptionjava.io.FileNotFoundException: proc/net/wifi_network_stat: open failed: ENOENT (No such file or directory)
04-26 11:10:51.952  8754  8754 I chromium: [INFO:CONSOLE(3754)] "Uncaught (in promise) [object Array]", source: file:///storage/emulated/0/Android/data/com.dc.hwsj/cache/UnityAdsCache/UnityAdsWebApp.html?platform=android&origin=https%3A%2F%2Fwebview.unityads.unity3d.com%2Fwebview%2F2.2.1%2Face8928e537df2c6c209e9e897d77182188aa8b1%2Frelease%2Findex.html&version=ace8928e537df2c6c209e9e897d77182188aa8b1 (3754)
04-26 11:10:52.139  9138  9138 I appproc : CLASSPATH=/system/framework/monkey.jar
04-26 11:10:52.139  9138  9138 I appproc : Command=app_process /system/bin com.android.commands.monkey.Monkey -p com.dc.hwsj -s 869 --throttle 300 --ignore-crashes --ignore-timeouts --pct-touch 80 --pct-trackball 5 --pct-appswitch 5 --pct-syskeys 5 --pct-motion 5 -v -v 100 
04-26 11:10:52.148  9138  9138 I AndroidRuntime: readDownloadBoosterConfig: 'false'
04-26 11:10:52.260  9138  9138 I HWSERVICES: hwnative_get_component_register:libdrmbitmap,JNI
04-26 11:10:52.281  9138  9138 E HAL     : load: id=memtrack != hmi->id=memtrack
04-26 11:10:52.286  9138  9138 I         : power log dlsym ok
04-26 11:10:52.290  9138  9138 I Radio-JNI: register_android_hardware_Radio DONE
04-26 11:10:52.300  8754  8968 I Ads     : No fill from ad server.
04-26 11:10:52.303  8754  8754 W Ads     : Failed to load ad: 3
04-26 11:10:52.316  9138  9138 I android_hardware_fm.cpp: register_android_hardware_fm_fmradio
04-26 11:10:52.316  9138  9138 I android_hardware_fm.cpp: ========64bit long size = 8
04-26 11:10:52.316  9138  9138 I android_hardware_fm.cpp: FM: get chip type = bcm43xx
04-26 11:10:52.318  9138  9138 E HAL     : load: id=fm != hmi->id=fm
04-26 11:10:52.318  9138  9138 E fm_if.c : find the id:fm and begins to open the devices
04-26 11:10:52.319  9138  9138 I android_hardware_fm.cpp: register_android_hardware_fm_fmradio, ret is 0
04-26 11:10:52.341  3455  3455 I TrafficMonitor: update:rxPkts:859,txPkts:813,rxBytes:1008465,txBytes:45604
04-26 11:10:52.341  3455  3455 I TrafficMonitor: start expired. level:5
04-26 11:10:52.341  3455  3455 I TrafficMonitor: gettimer:interval=2000
04-26 11:10:52.479  3455  3792 E WifiConfigStore: updateConfiguration freq=2452 BSSID=f0:3e:90:1b:92:c8 RSSI=-30 "testin-gz-04"WPA_PSK
04-26 11:10:52.482  3455  3849 I HuaweiWifiWatchdogStateMachine: spd good count:0, add sc:0.0, rate:1.0
04-26 11:10:52.482  3455  3849 I HuaweiWifiWatchdogStateMachine: current mHighDataFlowRate = 1.0
04-26 11:10:52.482  3455  3849 I HuaweiWifiWatchdogStateMachine:  pkt chk not bad, ### mPktChkBadCnt and sc is 0.
04-26 11:10:52.482  3455  3849 I HuaweiWifiWatchdogStateMachine: net speed good
04-26 11:10:52.772  8754  8764 I art     : Background partial concurrent mark sweep GC freed 15227(1290KB) AllocSpace objects, 10(548KB) LOS objects, 13% free, 26MB/30MB, paused 6.305ms total 72.145ms
04-26 11:10:52.830  3455  5097 I libgps  : Uknown message 0 in ../../../../tmp/14533598_251844/customers/huawei/k3v3android/delivery/libgps/libgps.cpp:326
04-26 11:10:53.338  3455  3455 I TrafficMonitor: expired arrive. level:-1
04-26 11:10:53.338  3455  3455 I TrafficMonitor: during_ms:2001,period_ms:2000
04-26 11:10:53.338  3455  3455 I TrafficMonitor: count:824,rx_sum:859,tx_sum:813,rxBytes:1008465,during_ms:2001,rx_speed:503980.50974512746,tx_speed:22790.604697651175,rto:1.056580565805658
04-26 11:10:53.479  3455  3792 E WifiConfigStore: updateConfiguration freq=2452 BSSID=f0:3e:90:1b:92:c8 RSSI=-29 "testin-gz-04"WPA_PSK
04-26 11:10:53.529  3455  3792 E WifiConfigStore: updateConfiguration freq=2452 BSSID=f0:3e:90:1b:92:c8 RSSI=-29 "testin-gz-04"WPA_PSK
04-26 11:10:53.830  3455  5097 I libgps  : Uknown message 0 in ../../../../tmp/14533598_251844/customers/huawei/k3v3android/delivery/libgps/libgps.cpp:326
04-26 11:10:54.342  3455  3455 I TrafficMonitor: update:rxPkts:825,txPkts:734,rxBytes:978147,txBytes:40103
04-26 11:10:54.342  3455  3455 I TrafficMonitor: no expired. level:5
04-26 11:10:54.342  3455  3455 I TrafficMonitor: gettimer:interval=2000
04-26 11:10:54.342  3455  3455 I TrafficMonitor: during_ms:2001,period_ms:2000
04-26 11:10:54.342  3455  3455 I TrafficMonitor: count:825,rx_sum:825,tx_sum:734,rxBytes:978147,during_ms:2001,rx_speed:488829.0854572714,tx_speed:20041.479260369815,rto:1.1239782016348774
04-26 11:10:54.479  3455  3792 E WifiConfigStore: updateConfiguration freq=2452 BSSID=f0:3e:90:1b:92:c8 RSSI=-29 "testin-gz-04"WPA_PSK
04-26 11:10:54.614  2937  2937 E Thermal-daemon: [pa_0] temp_new :43  temp_old :44
04-26 11:10:54.614  2937  2937 E Thermal-daemon: Report temperature: [pa_0] temp :43  report_threshold:1
04-26 11:10:54.616  4510  5332 W ThermalStateManager: trigLevel = 0, mSimTrigLevel = 0, tempPolicy = 500
04-26 11:10:54.616  4510  5332 I ThermalStateManager: sensor name: pa temperature: 43 , thermal action: bcurrent policy:200
04-26 11:10:54.718  4510  5333 W SwitchManager: NoSuchMethod: IPowerManager setChargeHotLimit [int,int]
04-26 11:10:54.718  4510  5333 I powergenie_jni: set charge limit 2: 200
04-26 11:10:54.832  3455  5097 I libgps  : Uknown message 0 in ../../../../tmp/14533598_251844/customers/huawei/k3v3android/delivery/libgps/libgps.cpp:326
04-26 11:10:55.479  3455  3792 E WifiConfigStore: updateConfiguration freq=2452 BSSID=f0:3e:90:1b:92:c8 RSSI=-30 "testin-gz-04"WPA_PSK
04-26 11:10:55.830  3455  5097 I libgps  : Uknown message 0 in ../../../../tmp/14533598_251844/customers/huawei/k3v3android/delivery/libgps/libgps.cpp:326
04-26 11:10:56.345  3455  3455 I TrafficMonitor: update:rxPkts:846,txPkts:717,rxBytes:986407,txBytes:32703
04-26 11:10:56.345  3455  3455 I TrafficMonitor: start expired. level:5
04-26 11:10:56.345  3455  3455 I TrafficMonitor: gettimer:interval=2000
04-26 11:10:56.439  8754  8764 I art     : Background sticky concurrent mark sweep GC freed 31668(1550KB) AllocSpace objects, 11(1856KB) LOS objects, 11% free, 26MB/30MB, paused 6.054ms total 39.556ms
04-26 11:10:56.485  3455  3792 E WifiConfigStore: updateConfiguration freq=2452 BSSID=f0:3e:90:1b:92:c8 RSSI=-30 "testin-gz-04"WPA_PSK
04-26 11:10:56.535  3455  3792 E WifiConfigStore: updateConfiguration freq=2452 BSSID=f0:3e:90:1b:92:c8 RSSI=-29 "testin-gz-04"WPA_PSK
04-26 11:10:56.830  3455  5097 I libgps  : Uknown message 0 in ../../../../tmp/14533598_251844/customers/huawei/k3v3android/delivery/libgps/libgps.cpp:326
04-26 11:10:56.957  3455  3837 E HwCHRWebMonitor: getFileResult throw exceptionjava.io.FileNotFoundException: proc/net/wifi_network_stat: open failed: ENOENT (No such file or directory)
04-26 11:10:57.480  3455  3792 E WifiConfigStore: updateConfiguration freq=2452 BSSID=f0:3e:90:1b:92:c8 RSSI=-30 "testin-gz-04"WPA_PSK
04-26 11:10:57.645  8754  8764 I art     : Background partial concurrent mark sweep GC freed 19826(1167KB) AllocSpace objects, 21(5MB) LOS objects, 13% free, 26MB/30MB, paused 5.811ms total 74.670ms
04-26 11:10:57.831  3455  5097 I libgps  : Uknown message 0 in ../../../../tmp/14533598_251844/customers/huawei/k3v3android/delivery/libgps/libgps.cpp:326
04-26 11:10:58.347  3455  3455 I TrafficMonitor: update:rxPkts:856,txPkts:655,rxBytes:1005430,txBytes:31530
04-26 11:10:58.347  3455  3455 I TrafficMonitor: start expired. level:5
04-26 11:10:58.348  3455  3455 I TrafficMonitor: gettimer:interval=2000
04-26 11:10:58.480  3455  3792 E WifiConfigStore: updateConfiguration freq=2452 BSSID=f0:3e:90:1b:92:c8 RSSI=-31 "testin-gz-04"WPA_PSK
04-26 11:10:58.705  8754  8765 I art     : Starting a blocking GC Explicit
04-26 11:10:58.775  8754  8765 I art     : Explicit concurrent mark sweep GC freed 12859(629KB) AllocSpace objects, 13(4MB) LOS objects, 15% free, 22MB/26MB, paused 5.071ms total 69.813ms
04-26 11:10:58.813  8754  8765 I art     : Starting a blocking GC Explicit
04-26 11:10:58.830  3455  5097 I libgps  : Uknown message 0 in ../../../../tmp/14533598_251844/customers/huawei/k3v3android/delivery/libgps/libgps.cpp:326
04-26 11:10:58.875  8754  8765 I art     : Explicit concurrent mark sweep GC freed 1416(118KB) AllocSpace objects, 6(120KB) LOS objects, 15% free, 21MB/25MB, paused 4.852ms total 61.832ms
04-26 11:10:58.907  8754  8765 I art     : Starting a blocking GC Explicit
04-26 11:10:58.973  8754  8765 I art     : Explicit concurrent mark sweep GC freed 390(20KB) AllocSpace objects, 0(0B) LOS objects, 15% free, 22MB/26MB, paused 6.357ms total 64.788ms
04-26 11:10:59.009  8754  8765 I art     : Starting a blocking GC Explicit
04-26 11:10:59.069  8754  8765 I art     : Explicit concurrent mark sweep GC freed 2003(83KB) AllocSpace objects, 1(24KB) LOS objects, 15% free, 22MB/26MB, paused 4.779ms total 60.149ms
04-26 11:10:59.102  8754  8765 I art     : Starting a blocking GC Explicit
04-26 11:10:59.160  8754  8765 I art     : Explicit concurrent mark sweep GC freed 1057(70KB) AllocSpace objects, 1(20KB) LOS objects, 15% free, 22MB/26MB, paused 4.806ms total 57.258ms
04-26 11:10:59.342  3455  3455 I TrafficMonitor: expired arrive. level:-1
04-26 11:10:59.343  3455  3455 I TrafficMonitor: during_ms:2002,period_ms:2000
04-26 11:10:59.343  3455  3455 I TrafficMonitor: count:827,rx_sum:856,tx_sum:655,rxBytes:1005430,during_ms:2002,rx_speed:502212.78721278725,tx_speed:15749.25074925075,rto:1.3068702290076335
04-26 11:10:59.483  3455  3792 E WifiConfigStore: updateConfiguration freq=2452 BSSID=f0:3e:90:1b:92:c8 RSSI=-32 "testin-gz-04"WPA_PSK
04-26 11:10:59.543  3455  3792 E WifiConfigStore: updateConfiguration freq=2452 BSSID=f0:3e:90:1b:92:c8 RSSI=-32 "testin-gz-04"WPA_PSK
04-26 11:10:59.831  3455  5097 I libgps  : Uknown message 0 in ../../../../tmp/14533598_251844/customers/huawei/k3v3android/delivery/libgps/libgps.cpp:326
04-26 11:11:00.003  3907  3907 I TimeManager: receiver action = android.intent.action.TIME_TICK
04-26 11:11:00.010  7334  7334 I HwLauncher: Model  onReceive intent=Intent { act=android.intent.action.TIME_TICK flg=0x50000014 (has extras) }
04-26 11:11:00.010  7334  7334 I HwLauncher: Model  onReceive user=UserHandle{0}
04-26 11:11:00.028  7334  7334 I TotemWeather: CityTimeView CityTimeView mCurrentViewMode = 10141
04-26 11:11:00.078  7334  7334 I TotemWeather: CityTimeFormatView CityTimeFormatView setTimeFormat is24Hour=true,timeFormat=
04-26 11:11:00.079  7334  7334 I TotemWeather: DateTimeManager send message delay millis = 60921 ms
04-26 11:11:00.349  3455  3455 I TrafficMonitor: update:rxPkts:850,txPkts:588,rxBytes:981679,txBytes:28640
04-26 11:11:00.349  3455  3455 I TrafficMonitor: no expired. level:5
04-26 11:11:00.349  3455  3455 I TrafficMonitor: gettimer:interval=2000
04-26 11:11:00.349  3455  3455 I TrafficMonitor: during_ms:2002,period_ms:2000
04-26 11:11:00.350  3455  3455 I TrafficMonitor: count:828,rx_sum:850,tx_sum:588,rxBytes:981679,during_ms:2002,rx_speed:490349.1508491509,tx_speed:14305.694305694307,rto:1.445578231292517
04-26 11:11:00.482  3455  3792 E WifiConfigStore: updateConfiguration freq=2452 BSSID=f0:3e:90:1b:92:c8 RSSI=-33 "testin-gz-04"WPA_PSK
04-26 11:11:00.486  3455  3849 I HuaweiWifiWatchdogStateMachine: spd good count:0, add sc:0.0, rate:1.0
04-26 11:11:00.486  3455  3849 I HuaweiWifiWatchdogStateMachine: current mHighDataFlowRate = 1.0
04-26 11:11:00.486  3455  3849 I HuaweiWifiWatchdogStateMachine:  pkt chk not bad, ### mPktChkBadCnt and sc is 0.
04-26 11:11:00.486  3455  3849 I HuaweiWifiWatchdogStateMachine: net speed good
04-26 11:11:00.831  3455  5097 I libgps  : Uknown message 0 in ../../../../tmp/14533598_251844/customers/huawei/k3v3android/delivery/libgps/libgps.cpp:326
04-26 11:11:01.507  3455  3792 E WifiConfigStore: updateConfiguration freq=2452 BSSID=f0:3e:90:1b:92:c8 RSSI=-33 "testin-gz-04"WPA_PSK
04-26 11:11:01.537  8754  8764 I art     : Background sticky concurrent mark sweep GC freed 37386(1859KB) AllocSpace objects, 20(1436KB) LOS objects, 13% free, 22MB/26MB, paused 5.230ms total 56.634ms
04-26 11:11:01.830  3455  5097 I libgps  : Uknown message 0 in ../../../../tmp/14533598_251844/customers/huawei/k3v3android/delivery/libgps/libgps.cpp:326
04-26 11:11:01.966  3455  3837 E HwCHRWebMonitor: getFileResult throw exceptionjava.io.FileNotFoundException: proc/net/wifi_network_stat: open failed: ENOENT (No such file or directory)
04-26 11:11:02.351  3455  3455 I TrafficMonitor: update:rxPkts:864,txPkts:715,rxBytes:983070,txBytes:33039
04-26 11:11:02.351  3455  3455 I TrafficMonitor: start expired. level:5
04-26 11:11:02.351  3455  3455 I TrafficMonitor: gettimer:interval=2000
04-26 11:11:02.485  3455  3792 E WifiConfigStore: updateConfiguration freq=2452 BSSID=f0:3e:90:1b:92:c8 RSSI=-31 "testin-gz-04"WPA_PSK
04-26 11:11:02.548  3455  3792 E WifiConfigStore: updateConfiguration freq=2452 BSSID=f0:3e:90:1b:92:c8 RSSI=-29 "testin-gz-04"WPA_PSK
04-26 11:11:02.831  3455  5097 I libgps  : Uknown message 0 in ../../../../tmp/14533598_251844/customers/huawei/k3v3android/delivery/libgps/libgps.cpp:326
04-26 11:11:03.257  8754  8794 I Corona  : savePatchList	{"minVersion":1.8,"cryptoType":2,"sdkUpdate":false,"subversion":1555924205,"banRetails":[[],[],[]],"version":1.8,"localUpdateVersion":1.801,"isMust":false,"res":{"1.802":[{"hash":"4e8eb4b0a93b644d300cc5009067a9107900b5ed","fileName":"configs.settings.Clientar.lua"},{"hash":"787d795fcf68608997602dd174d7ab6a21336144","fileName":"configs.settings.Clientde.lua"},{"hash":"1854093e943fbfbdb987cbf346300edae3cc829b","fileName":"configs.settings.Clienten.lua"},{"hash":"13cbec4e48c0544fadde04946859ff984c9bb88e","fileName":"configs.settings.Clientes.lua"},{"hash":"517c49148827194e43b18d641062f42c168faf17","fileName":"configs.settings.Clientfr.lua"},{"hash":"826addb275998bcb0872a798563e88f3cbec2b73","fileName":"configs.settings.Clientin.lua"},{"hash":"a3ca2cb0ab2d18e0032cacd944c1c036f5ca0e68","fileName":"configs.settings.Clientit.lua"},{"hash":"f7b7f9b429d03b2b26c46e8132996970fa1c89af","fileName":"configs.settings.Clientko.lua"},{"hash":"7eee4a727be547ceec0e04ead1881968f2d4cfdd","fileName":"configs.settings.Clientpt.lua"},{"hash":"dac3da1bc1e0e34e4b357deaf011cab3aa9659ea","fileName":"configs.settings.Clientru.lua"},{"hash":"229328376dfff422541476b3ab0436597105ff0e","fileName":"configs.settings.Clientth.lua"},{"hash":"9fdf4fb203a180c4e2343d7b1d7859d3362ca097","fileName":"configs.settings.Clienttr.lua"},{"hash":"ddee1d067d0d04255cd4754a80bf48643758b135","fileName":"configs.settings.Clienttw.lua"},{"hash":"4a52bf465389477cf10e552dc87eabd16a570a19","fileName":"configs.settings.Clientzh.lua"},{"hash":"018e8eee1cb3c30405523543d5ec14bcdff6973b","fileName":"configs.settings.ConfigEnvSet.lua"},{"hash":"92030d28fed36311cacd8813f30f344d64e5dc08","fileName":"configs.settings.Tcar.lua"},{"hash":"f4c2baf91636f4466e1738d98e68bae5c3084aa5","fileName":"configs.settings.Tcde.lua"},{"hash":"98facd4f2841808828cbfd32f034b92b14921024","fileName":"configs.settings.TcDinnerRefactorRankAward.lua"},{"hash":"031a1c63c415088ae258fc4aa1b67111cdc800aa","fileName":"configs.settings.Tcen.lua"},{"hash":"0eac8674907d39d0c1635a393c14448b220e47fd","fileName":"configs.settings.Tces.lua"},{"hash":"bc93ef35b9c9ea80f2ab79a5351c33dbad7800ea","fileName":"configs.settings.Tcfr.lua"},{"hash":"87f408ab182bcf84e533be9be3ba346a8085e91f","fileName":"configs.settings.Tcin.lua"},{"hash":"a9cd2538114ea1cdac18bed996302b0eeee79c6a","fileName":"configs.settings.Tcit.lua"},{"hash":"6941899e77379a04752cda0b66f54c7b58740eac","fileName":"configs.settings.Tcko.lua"},{"hash":"5aeb0c062a3172dc85fa306475fbf21be2048d75","fileName":"configs.settings.Tcpt.lua"},{"hash":"695ca73f873dab60679a33b94dc4b686b2532341","fileName":"configs.settings.TcRelicAward.lua"},{"hash":"a361d0d8f6b9416a7ce2cdb3cffc073b62750498","fileName":"configs.settings.Tcru.lua"},{"hash":"c09d6f0ffcf628fb815c3e7ba5697c5a6628f14e","fileName":"configs.settings.Tcth.lua"},{"hash":"3e23cdf6e1db862e310cd3a0a660f0077ce22dc9","fileName":"configs.settings.Tctr.lua"},{"hash":"ede0d4c568e35c5e464c314267bcb9920d53be66","fileName":"configs.settings.Tctw.lua"},{"hash":"38b7b3cc6eb8825e61d4f15e826c8200d04562e1","fileName":"configs.settings.Tczh.lua"},{"hash":"2977f961b18ba852fd0da3f029992cfae66f6a76","fileName":"configs.TcGuide.lua"},{"hash":"1f71f81d14a81aa6fa6a8119abcbd798b8de585a","fileName":"modules._allianceMod.lua"},{"hash":"0493cc91e3d1eaaee0f019e11947378f615f0bd8","fileName":"modules._allianceWarMod.lua"},{"hash":"bfc42604d5a95f8dc0632987091c21ec39a4fd36","fileName":"modules._diplomacyMod.lua"},{"hash":"3959cc679bbf018a05755f18ec88372af8afa9f0","fileName":"modules._feastMod.lua"},{"hash":"022f53789546b3fdaa898ee1e094526fde8717fb","fileName":"modules._findMod.lua"},{"hash":"baf41eb4096a6fb01063beb2becf40263df2ce1c","fileName":"modules._mainTaskMod.lua"},{"hash":"76fab5819944271372bc09c72969508198c4b45b","fileName":"modules._stageMod.lua"},{"hash":"a8d65803ec59a157b4b5ff0e13c0858c223c6a57","fileName":"scene.allianceTradeScene.allianceTradeScene.lua"},{"hash":"79581b8728e9a4ef4c4621d3e679380c5dbdcf9d","fileName":"scene.allianceWarScene.allianceWarScene.lua"},{"hash":"9738968f26752c18917469d3fc9e
04-26 11:11:03.339  3907  3907 I SendBroadcastPermission: action:com.android.huawei.AUTOROTATE_ACTION_SETTING_CHANGED, mPermissionType:0
04-26 11:11:03.368  3455  3477 I FingerSenseSettings: updateSmartshotEnabled set to true
04-26 11:11:03.378  8754  8794 I Corona  : createHashFile = 	19c8fad303e8bbdc7ffac02ba13428b2305c9913
04-26 11:11:03.382  3907  3907 I SendBroadcastPermission: action:com.android.huawei.AUTOROTATE_ACTION_SETTING_CHANGED, mPermissionType:0
04-26 11:11:03.385  9138  9138 I art     : System.exit called, status: 0
04-26 11:11:03.385  9138  9138 I AndroidRuntime: VM exiting with result code 0.
04-26 11:11:03.388  3455  3477 I FingerSenseSettings: updateLineGestureEnabled set to true
04-26 11:11:03.389  3455  3477 I FingerSenseSettings: updateDrawGestureEnabled set to false
04-26 11:11:03.412  3455  3477 I FingerSenseSettings: updateSmartshotEnabled set to true
04-26 11:11:03.412  3455  3477 I FingerSenseSettings: updateLineGestureEnabled set to true
04-26 11:11:03.412  3455  3477 I FingerSenseSettings: updateDrawGestureEnabled set to false
04-26 11:11:03.488  3455  3792 E WifiConfigStore: updateConfiguration freq=2452 BSSID=f0:3e:90:1b:92:c8 RSSI=-31 "testin-gz-04"WPA_PSK
04-26 11:11:03.489  8754  8794 I Corona  : verifyFile > try to read file = patcher/lastPCfghash
04-26 11:11:03.495  8754  8794 I Corona  : hashStr = 	19c8fad303e8bbdc7ffac02ba13428b2305c9913
04-26 11:11:03.495  8754  8794 I Corona  : realHash = 	19c8fad303e8bbdc7ffac02ba13428b2305c9913
04-26 11:11:03.495  8754  8794 I Corona  : patcher/lastPCfg==verifyFile true!
04-26 11:11:03.499  8754  8794 I Corona  : tttttttttttttttt	31
04-26 11:11:03.502  8754  8754 I System.out: eventId: event_3
04-26 11:11:03.502  8754  8754 I System.out: timeStamp: 1556248263
04-26 11:11:03.502  8754  8754 I System.out: ad_monitor_url: https://hwsj-eu-test.clktec.com:20888/frontend/distribute
04-26 11:11:03.502  8754  8754 I System.out: custom url: https://hwsj-eu-test.clktec.com:20888/frontend/distribute/v1/custom_event
04-26 11:11:03.506  8754  9259 I System.out: admonitor data: {"version":"1.8","app_id":"1021","act_id":"ad_trace_new","data":"{\"cp_app_id\":1021,\"ad_app_key\":\"3199536a745011e8a870025a896bb440\",\"retail_id\":2,\"event_id\":\"event_3\",\"event_name\":\"热更游戏资源结束\",\"mac\":\"0cb9234482060bf7d7f1be0a653647a1\",\"user_agent\":\"Dalvik\\\/2.1.0 (Linux; U; Android 6.0; HUAWEI GRA-UL00 Build\\\/HUAWEIGRA-UL00)\",\"ex_user_agent\":\"Mozilla\\\/5.0 (Linux; Android 6.0; HUAWEI GRA-UL00 Build\\\/HUAWEIGRA-UL00; wv) AppleWebKit\\\/537.36 (KHTML, like Gecko) Version\\\/4.0 Chrome\\\/49.0.2623.105 Mobile Safari\\\/537.36\",\"device_id\":\"498e54e4d0b16a77\",\"os\":\"0\",\"timestamp\":1556248263,\"reserve1\":\"\",\"reserve2\":\"{\\\"deviceType\\\":\\\"android_id\\\"}\"}"}
04-26 11:11:03.517  8754  9259 I System  : core_booster, getBoosterConfig = false
04-26 11:11:03.624  8754  8794 I Corona  : verifyFile > try to read file = gLocalConfig.datahash
04-26 11:11:03.629  8754  8794 I Corona  : hashStr = 	e98352716fb5d3ebdd7ad2cd5dee9b63e5afae86
04-26 11:11:03.629  8754  8794 I Corona  : realHash = 	e98352716fb5d3ebdd7ad2cd5dee9b63e5afae86
04-26 11:11:03.629  8754  8794 I Corona  : gLocalConfig.data==verifyFile true!
04-26 11:11:03.637  8754  8794 I SoundDecoder: ALL MPG123 DECODERS:
04-26 11:11:03.637  8754  8794 I SoundDecoder:  generic
04-26 11:11:03.637  8754  8794 I SoundDecoder: 
04-26 11:11:03.638  8754  8794 I SoundDecoder: SUPPORTED MPG123 DECODERS:
04-26 11:11:03.638  8754  8794 I SoundDecoder:  generic
04-26 11:11:03.638  8754  8794 I SoundDecoder: 
04-26 11:11:03.638  8754  8794 I OpenAL_SLES: opensles_open_playback pDevice=0xd579a008, deviceName=(null)
04-26 11:11:03.639  8754  8794 I OpenAL_SLES: alc_opensles_probe DEVICE_PROBE
04-26 11:11:03.640  8754  8794 I OpenAL_SLES: opensles_reset_playback pDevice=0xd579a008
04-26 11:11:03.640  8754  8794 I OpenAL_SLES: bits=16, channels=2, samples=1024, size=4096, freq=44100
04-26 11:11:03.640  8754  8794 I OpenAL_SLES: create audio player
04-26 11:11:03.649  8754  8794 W AudioTrack: AUDIO_OUTPUT_FLAG_FAST denied by client; transfer 1, track 44100 Hz, output 48000 Hz
04-26 11:11:03.658  8754  8794 W libc    : pthread_create sched_setscheduler call failed: Operation not permitted
04-26 11:11:03.660  8754  9262 I OpenAL_SLES: playback_function started
04-26 11:11:03.663  8754  9262 I OpenAL  : _SC_NPROCESSORS_ONLN=8
04-26 11:11:03.664  3046  3482 I APM::AudioPolicyManager: startOutput() output 6, stream 3, session 50
04-26 11:11:03.664  3046  3482 I APM::AudioPolicyManager: getNewOutputDevice() selected device 2
04-26 11:11:03.664  3046  3482 I APM::AudioPolicyManager: setOutputDevice() device 0x0002 delayMs 0
04-26 11:11:03.664  3046  3482 I APM::AudioPolicyManager: setOutputDevice() prevDevice 0x0002
04-26 11:11:03.664  3046  3482 I APM::AudioPolicyManager: setOutputDevice() changing to device 0x0002 , muteWaitMs 0
04-26 11:11:03.667  3046  3473 I AudioFlinger: acquireWakeLock_l() AudioOut_6 mType: 0 status 0
04-26 11:11:03.668  3046  3473 I audio_hw_primary: check_device_change return 1
04-26 11:11:03.669  3046  3473 I AudioFlinger: updateWakeLockUids_l() AudioOut_6 mType: 0 status 0
04-26 11:11:03.670  3046  3482 I APM::AudioPolicyManager: checkAndSetVolume: index 3 device 0x2
04-26 11:11:03.671  3046  3482 I APM::AudioPolicyManager: checkAndSetVolume: index 0 device 0x2
04-26 11:11:03.671  3046  3482 I APM::AudioPolicyManager: checkAndSetVolume: index 0 device 0x2
04-26 11:11:03.671  3046  3482 I APM::AudioPolicyManager: checkAndSetVolume: index 7 device 0x2
04-26 11:11:03.671  3046  3482 I APM::AudioPolicyManager: checkAndSetVolume: index 5 device 0x2
04-26 11:11:03.671  3046  3482 I APM::AudioPolicyManager: checkAndSetVolume: index 0 device 0x2
04-26 11:11:03.671  3046  3482 I APM::AudioPolicyManager: checkAndSetVolume: index 7 device 0x2
04-26 11:11:03.671  3046  3482 I APM::AudioPolicyManager: checkAndSetVolume: index 7 device 0x2
04-26 11:11:03.671  3046  3482 I APM::AudioPolicyManager: checkAndSetVolume: index 0 device 0x2
04-26 11:11:03.671  3046  3482 I APM::AudioPolicyManager: checkAndSetVolume: index 7 device 0x2
04-26 11:11:03.671  3046  3482 I APM::AudioPolicyManager: checkAndSetVolume: index 7 device 0x2
04-26 11:11:03.671  3046  3482 I APM::AudioPolicyManager: checkAndSetVolume: index 1 device 0x2
04-26 11:11:03.671  3046  3482 I APM::AudioPolicyManager: checkAndSetVolume: index 7 device 0x2
04-26 11:11:03.679  3046  3473 I AudioFlinger: updateWakeLockUids_l() AudioOut_6 mType: 0 status 0
04-26 11:11:03.681  3046  3473 I audio_hw_primary: start_output_stream++: out_type = 0, out_device = 0
04-26 11:11:03.683  3046  3473 I audio_hw_primary: select_devices++ mode[0]
04-26 11:11:03.683  3046  3473 I audio_hw_primary: output_device_id is 2, output_route is media-speaker;input_source_id is 0, input_route is null.
04-26 11:11:03.684  3046  3473 I dsp_common: dsp_common_control_algo:set device = 2
04-26 11:11:03.684  3046  3473 I dsp_maxim_ctl: get_smartpa_sence:device = 0x2
04-26 11:11:03.685  3046  3473 I audio_route: route change MIXERR S1R MUX SWITCH value[0] 1
04-26 11:11:03.724  8754  8754 I System.out: eventId: event_4
04-26 11:11:03.725  8754  8754 I System.out: timeStamp: 1556248263
04-26 11:11:03.725  8754  8754 I System.out: ad_monitor_url: https://hwsj-eu-test.clktec.com:20888/frontend/distribute
04-26 11:11:03.725  8754  8754 I System.out: custom url: https://hwsj-eu-test.clktec.com:20888/frontend/distribute/v1/custom_event
04-26 11:11:03.727  8754  9264 I System.out: admonitor data: {"version":"1.8","app_id":"1021","act_id":"ad_trace_new","data":"{\"cp_app_id\":1021,\"ad_app_key\":\"3199536a745011e8a870025a896bb440\",\"retail_id\":2,\"event_id\":\"event_4\",\"event_name\":\"开始获取游戏前公告内容\",\"mac\":\"0cb9234482060bf7d7f1be0a653647a1\",\"user_agent\":\"Dalvik\\\/2.1.0 (Linux; U; Android 6.0; HUAWEI GRA-UL00 Build\\\/HUAWEIGRA-UL00)\",\"ex_user_agent\":\"Mozilla\\\/5.0 (Linux; Android 6.0; HUAWEI GRA-UL00 Build\\\/HUAWEIGRA-UL00; wv) AppleWebKit\\\/537.36 (KHTML, like Gecko) Version\\\/4.0 Chrome\\\/49.0.2623.105 Mobile Safari\\\/537.36\",\"device_id\":\"498e54e4d0b16a77\",\"os\":\"0\",\"timestamp\":1556248263,\"reserve1\":\"\",\"reserve2\":\"{\\\"deviceType\\\":\\\"android_id\\\"}\"}"}
04-26 11:11:03.729  8754  9264 I System  : core_booster, getBoosterConfig = false
04-26 11:11:03.729  8754  8794 I Corona  : https://hwsj-yy.9longegame.com/dc_gc/offical/notice/out_game_notice/1021_2_zh-cn.json?37067104
04-26 11:11:03.734  3046  3473 I audio_route: route change MIXERL S1L MUX SWITCH value[0] 1
04-26 11:11:03.735  3046  3473 I audio_route: route change M1R MUX value 3
04-26 11:11:03.735  3046  3473 I audio_route: route change M1L MUX value 3
04-26 11:11:03.753  3046  3473 I audio_pop: pop change S4 OL SWITCH SWITCH dir 1
04-26 11:11:03.754  3046  3473 I audio_pop: pop change S4 OR SWITCH SWITCH dir 1
04-26 11:11:03.754  3046  3473 I audio_pop: pop change SP IL SWITCH SWITCH dir 1
04-26 11:11:03.754  3046  3473 I audio_pop: pop change SP IR SWITCH SWITCH dir 1
04-26 11:11:03.754  3046  3473 I dsp_common: dsp_common_control_algo:set device = 2
04-26 11:11:03.754  3046  3473 I dsp_maxim_ctl: get_smartpa_sence:device = 0x2
04-26 11:11:03.754  3046  3473 I dsp_maxim_ctl: maxim_param_set cur_sence=0,sence=0
04-26 11:11:03.761  3046  3473 I dsp_maxim_ctl: smartpa_control success with value:1
04-26 11:11:03.762  3046  3473 I MAX98925_SPK: MAX98925 SPK POWER ON
04-26 11:11:03.762  3046  3473 I audio_hw_primary: select_devices--
04-26 11:11:03.762  3046  3473 I audio_hw_primary: start_output_stream--
04-26 11:11:03.789  8754  8794 I Corona  : =============================================
04-26 11:11:03.789  8754  8794 I Corona  : send data：	cmd : 	outNotice
04-26 11:11:03.789  8754  8794 I Corona  : {"isSend":true,"callBackFunc":"<type 'function' is not supported by JSON.>","url":"https://hwsj-yy.9longegame.com/dc_gc/offical/notice/out_game_notice/1021_2_zh-cn.json?37067104","data":{"retail_id":2,"lang":"zh-cn","app_id":1021,"actionid":"outNotice"},"loginCount":0}
04-26 11:11:03.789  8754  8794 I Corona  : extra info：	https://hwsj-yy.9longegame.com/dc_gc/offical/notice/out_game_notice/1021_2_zh-cn.json?37067104
04-26 11:11:03.789  8754  8794 I Corona  : =============================================
04-26 11:11:03.797  8754  8794 I Corona  : headerUUID: 	1556248263862bb461fbe93be5b7533bef928554bd
04-26 11:11:03.806  8754  9261 I         : counter >= 5, send pause/stop state to pg, counter: 0
04-26 11:11:03.809  4510  5332 I PhoneStateManager: wilhelm stop, pid: 8754
04-26 11:11:03.831  3455  5097 I libgps  : Uknown message 0 in ../../../../tmp/14533598_251844/customers/huawei/k3v3android/delivery/libgps/libgps.cpp:326
04-26 11:11:03.881  8754  9259 I System  : core_booster, getBoosterConfig = false
04-26 11:11:04.155  8754  9265 I System  : core_booster, getBoosterConfig = false
04-26 11:11:04.219  8754  9265 I System  : core_booster, getBoosterConfig = false
04-26 11:11:04.353  3455  3455 I TrafficMonitor: update:rxPkts:777,txPkts:489,rxBytes:948859,txBytes:23496
04-26 11:11:04.353  3455  3455 I TrafficMonitor: start expired. level:5
04-26 11:11:04.353  3455  3455 I TrafficMonitor: gettimer:interval=2000
04-26 11:11:04.487  3455  3792 E WifiConfigStore: updateConfiguration freq=2452 BSSID=f0:3e:90:1b:92:c8 RSSI=-32 "testin-gz-04"WPA_PSK
04-26 11:11:04.625  2937  2937 E Thermal-daemon: [ap] temp_new :46  temp_old :45
04-26 11:11:04.626  2937  2937 E Thermal-daemon: Report temperature: [ap] temp :46  report_threshold:1
04-26 11:11:04.627  4510  5332 W ThermalStateManager: trigLevel = 1, mSimTrigLevel = 1, tempPolicy = 200
04-26 11:11:04.627  4510  5332 I ThermalStateManager: sensor name: cpu temperature: 46 , thermal action: bcurrent policy:200
04-26 11:11:04.729  4510  5333 W SwitchManager: NoSuchMethod: IPowerManager setChargeHotLimit [int,int]
04-26 11:11:04.729  4510  5333 I powergenie_jni: set charge limit 2: 200
04-26 11:11:04.834  3455  5097 I libgps  : Uknown message 0 in ../../../../tmp/14533598_251844/customers/huawei/k3v3android/delivery/libgps/libgps.cpp:326
04-26 11:11:04.858  8754  8794 I Corona  : =============================================
04-26 11:11:04.858  8754  8794 I Corona  : response data：	cmd : 	outNotice
04-26 11:11:04.858  8754  8794 I Corona  : {"title":"test","date_time":["2019-03-08 19:20:08","2019-03-09 19:30:34"],"open_time":"2019-03-09 19:25:51","notice_content":{"link_insert_num":0,"style":{"content_color":[0,0,0],"content_size":"","title_size":"","title_color":[0,0,0]},"download_link":[],"id":2,"paragraph_content":["test"]},"datetime_type":"","status":1}
04-26 11:11:04.858  8754  8794 I Corona  : extra info：	访问时间(ms) ： 1064.6739006042
04-26 11:11:04.858  8754  8794 I Corona  : =============================================
04-26 11:11:04.860  8754  8754 I System.out: eventId: event_5
04-26 11:11:04.860  8754  8754 I System.out: timeStamp: 1556248264
04-26 11:11:04.860  8754  8754 I System.out: ad_monitor_url: https://hwsj-eu-test.clktec.com:20888/frontend/distribute
04-26 11:11:04.860  8754  8754 I System.out: custom url: https://hwsj-eu-test.clktec.com:20888/frontend/distribute/v1/custom_event
04-26 11:11:04.863  8754  9273 I System.out: admonitor data: {"version":"1.8","app_id":"1021","act_id":"ad_trace_new","data":"{\"cp_app_id\":1021,\"ad_app_key\":\"3199536a745011e8a870025a896bb440\",\"retail_id\":2,\"event_id\":\"event_5\",\"event_name\":\"获取完成游戏前公告内容\",\"mac\":\"0cb9234482060bf7d7f1be0a653647a1\",\"user_agent\":\"Dalvik\\\/2.1.0 (Linux; U; Android 6.0; HUAWEI GRA-UL00 Build\\\/HUAWEIGRA-UL00)\",\"ex_user_agent\":\"Mozilla\\\/5.0 (Linux; Android 6.0; HUAWEI GRA-UL00 Build\\\/HUAWEIGRA-UL00; wv) AppleWebKit\\\/537.36 (KHTML, like Gecko) Version\\\/4.0 Chrome\\\/49.0.2623.105 Mobile Safari\\\/537.36\",\"device_id\":\"498e54e4d0b16a77\",\"os\":\"0\",\"timestamp\":1556248264,\"reserve1\":\"\",\"reserve2\":\"{\\\"deviceType\\\":\\\"android_id\\\"}\"}"}
04-26 11:11:04.864  8754  9273 I System  : core_booster, getBoosterConfig = false
04-26 11:11:04.919  8754  8794 W Settings: Setting android_id has moved from android.provider.Settings.System to android.provider.Settings.Secure, returning read-only value.
04-26 11:11:04.919  8754  8794 I System.out: getDeviceId: 498e54e4d0b16a77
04-26 11:11:04.925  8754  8754 I System.out: eventId: event_7
04-26 11:11:04.925  8754  8754 I System.out: timeStamp: 1556248264
04-26 11:11:04.929  8754  8754 I System.out: ad_monitor_url: https://hwsj-eu-test.clktec.com:20888/frontend/distribute
04-26 11:11:04.929  8754  8754 I System.out: custom url: https://hwsj-eu-test.clktec.com:20888/frontend/distribute/v1/custom_event
04-26 11:11:04.929  8754  8794 I System.out: getDeviceId: 498e54e4d0b16a77
04-26 11:11:04.931  8754  9278 I System.out: admonitor data: {"version":"1.8","app_id":"1021","act_id":"ad_trace_new","data":"{\"cp_app_id\":1021,\"ad_app_key\":\"3199536a745011e8a870025a896bb440\",\"retail_id\":2,\"event_id\":\"event_7\",\"event_name\":\"获取用户中心路由开始\",\"mac\":\"0cb9234482060bf7d7f1be0a653647a1\",\"user_agent\":\"Dalvik\\\/2.1.0 (Linux; U; Android 6.0; HUAWEI GRA-UL00 Build\\\/HUAWEIGRA-UL00)\",\"ex_user_agent\":\"Mozilla\\\/5.0 (Linux; Android 6.0; HUAWEI GRA-UL00 Build\\\/HUAWEIGRA-UL00; wv) AppleWebKit\\\/537.36 (KHTML, like Gecko) Version\\\/4.0 Chrome\\\/49.0.2623.105 Mobile Safari\\\/537.36\",\"device_id\":\"498e54e4d0b16a77\",\"os\":\"0\",\"timestamp\":1556248264,\"reserve1\":\"\",\"reserve2\":\"{\\\"deviceType\\\":\\\"android_id\\\"}\"}"}
04-26 11:11:04.931  8754  8794 I Corona  : sdks http: 	https://hwsj-eu-test.clktec.com:20888/frontend/distribute
04-26 11:11:04.932  8754  9278 I System  : core_booster, getBoosterConfig = false
04-26 11:11:04.936  8754  9279 I System  : core_booster, getBoosterConfig = false
04-26 11:11:04.968  8754  9275 I System  : core_booster, getBoosterConfig = false
04-26 11:11:05.008  8754  9275 I System  : core_booster, getBoosterConfig = false
04-26 11:11:05.008  8754  9264 I System  : core_booster, getBoosterConfig = false
04-26 11:11:05.109  8754  9259 I System.out: dopost resutl: {"data":"{\"info\":\"ok\",\"status\":1}","info":"请求成功","stat":1}
04-26 11:11:05.109  8754  9259 I System.out: eventId: event_3  custom status: 1  info: ok
04-26 11:11:05.150  8754  9273 I System  : core_booster, getBoosterConfig = false
04-26 11:11:05.212  8754  9278 I System  : core_booster, getBoosterConfig = false
04-26 11:11:05.230  8754  9279 I System  : core_booster, getBoosterConfig = false
04-26 11:11:05.351  3455  3455 I TrafficMonitor: expired arrive. level:-1
04-26 11:11:05.351  3455  3455 I TrafficMonitor: during_ms:2002,period_ms:2000
04-26 11:11:05.351  3455  3455 I TrafficMonitor: count:830,rx_sum:777,tx_sum:489,rxBytes:948859,during_ms:2002,rx_speed:473955.5444555445,tx_speed:11736.263736263738,rto:1.5889570552147239
04-26 11:11:05.465  8754  8764 I art     : Background partial concurrent mark sweep GC freed 45957(2MB) AllocSpace objects, 25(1156KB) LOS objects, 15% free, 21MB/25MB, paused 5.297ms total 91.648ms
04-26 11:11:05.488  3455  3792 E WifiConfigStore: updateConfiguration freq=2452 BSSID=f0:3e:90:1b:92:c8 RSSI=-33 "testin-gz-04"WPA_PSK
04-26 11:11:05.557  3455  3792 E WifiConfigStore: updateConfiguration freq=2452 BSSID=f0:3e:90:1b:92:c8 RSSI=-34 "testin-gz-04"WPA_PSK
04-26 11:11:05.831  3455  5097 I libgps  : Uknown message 0 in ../../../../tmp/14533598_251844/customers/huawei/k3v3android/delivery/libgps/libgps.cpp:326
04-26 11:11:05.915  8754  9264 I System.out: dopost resutl: {"data":"{\"info\":\"ok\",\"status\":1}","info":"请求成功","stat":1}
04-26 11:11:05.915  8754  9264 I System.out: eventId: event_4  custom status: 1  info: ok
04-26 11:11:06.089  8754  9278 I System.out: dopost resutl: {"data":"{\"info\":\"ok\",\"status\":1}","info":"请求成功","stat":1}
04-26 11:11:06.089  8754  9278 I System.out: eventId: event_7  custom status: 1  info: ok
04-26 11:11:06.251  8754  8794 I Corona  : getPreLoginindex	999999
04-26 11:11:06.251  8754  8794 I Corona  : getPreLoginindex	999999
04-26 11:11:06.257  8754  8794 I System.out: getDeviceId: 498e54e4d0b16a77
04-26 11:11:06.259  8754  8794 I Corona  : sdks http: 	https://hwsj-eu-test.clktec.com:20888/frontend/distribute
04-26 11:11:06.356  3455  3455 I TrafficMonitor: update:rxPkts:650,txPkts:518,rxBytes:746883,txBytes:35991
04-26 11:11:06.356  3455  3455 I TrafficMonitor: no expired. level:5
04-26 11:11:06.356  3455  3455 I TrafficMonitor: gettimer:interval=2000
04-26 11:11:06.356  3455  3455 I TrafficMonitor: during_ms:2003,period_ms:2000
04-26 11:11:06.356  3455  3455 I TrafficMonitor: count:831,rx_sum:650,tx_sum:518,rxBytes:746883,during_ms:2003,rx_speed:372882.17673489766,tx_speed:17968.54717923115,rto:1.2548262548262548
04-26 11:11:06.424  8754  9273 I System.out: dopost resutl: {"data":"{\"info\":\"ok\",\"status\":1}","info":"请求成功","stat":1}
04-26 11:11:06.424  8754  9273 I System.out: eventId: event_5  custom status: 1  info: ok
04-26 11:11:06.488  3455  3792 E WifiConfigStore: updateConfiguration freq=2452 BSSID=f0:3e:90:1b:92:c8 RSSI=-32 "testin-gz-04"WPA_PSK
04-26 11:11:06.603  3046  3804 I MediaPlayerFactory: is mp3 file ret =  0
04-26 11:11:06.723  8754  8794 I Corona  : loginPlatform is radical
04-26 11:11:06.724  8754  8754 I System.out: eventId: event_8
04-26 11:11:06.724  8754  8754 I System.out: timeStamp: 1556248266
04-26 11:11:06.724  8754  8754 I System.out: ad_monitor_url: https://hwsj-eu-test.clktec.com:20888/frontend/distribute
04-26 11:11:06.724  8754  8754 I System.out: custom url: https://hwsj-eu-test.clktec.com:20888/frontend/distribute/v1/custom_event
04-26 11:11:06.725  8754  8754 I System.out: eventId: event_9
04-26 11:11:06.725  8754  8754 I System.out: timeStamp: 1556248266
04-26 11:11:06.725  8754  8754 I System.out: ad_monitor_url: https://hwsj-eu-test.clktec.com:20888/frontend/distribute
04-26 11:11:06.725  8754  8754 I System.out: custom url: https://hwsj-eu-test.clktec.com:20888/frontend/distribute/v1/custom_event
04-26 11:11:06.731  8754  9289 I System.out: admonitor data: {"version":"1.8","app_id":"1021","act_id":"ad_trace_new","data":"{\"cp_app_id\":1021,\"ad_app_key\":\"3199536a745011e8a870025a896bb440\",\"retail_id\":2,\"event_id\":\"event_9\",\"event_name\":\"设备号登陆开始\",\"mac\":\"0cb9234482060bf7d7f1be0a653647a1\",\"user_agent\":\"Dalvik\\\/2.1.0 (Linux; U; Android 6.0; HUAWEI GRA-UL00 Build\\\/HUAWEIGRA-UL00)\",\"ex_user_agent\":\"Mozilla\\\/5.0 (Linux; Android 6.0; HUAWEI GRA-UL00 Build\\\/HUAWEIGRA-UL00; wv) AppleWebKit\\\/537.36 (KHTML, like Gecko) Version\\\/4.0 Chrome\\\/49.0.2623.105 Mobile Safari\\\/537.36\",\"device_id\":\"498e54e4d0b16a77\",\"os\":\"0\",\"timestamp\":1556248266,\"reserve1\":\"\",\"reserve2\":\"{\\\"deviceType\\\":\\\"android_id\\\"}\"}"}
04-26 11:11:06.732  8754  9288 I System.out: admonitor data: {"version":"1.8","app_id":"1021","act_id":"ad_trace_new","data":"{\"cp_app_id\":1021,\"ad_app_key\":\"3199536a745011e8a870025a896bb440\",\"retail_id\":2,\"event_id\":\"event_8\",\"event_name\":\"获取用户中心路由结束\",\"mac\":\"0cb9234482060bf7d7f1be0a653647a1\",\"user_agent\":\"Dalvik\\\/2.1.0 (Linux; U; Android 6.0; HUAWEI GRA-UL00 Build\\\/HUAWEIGRA-UL00)\",\"ex_user_agent\":\"Mozilla\\\/5.0 (Linux; Android 6.0; HUAWEI GRA-UL00 Build\\\/HUAWEIGRA-UL00; wv) AppleWebKit\\\/537.36 (KHTML, like Gecko) Version\\\/4.0 Chrome\\\/49.0.2623.105 Mobile Safari\\\/537.36\",\"device_id\":\"498e54e4d0b16a77\",\"os\":\"0\",\"timestamp\":1556248266,\"reserve1\":\"\",\"reserve2\":\"{\\\"deviceType\\\":\\\"android_id\\\"}\"}"}
04-26 11:11:06.735  8754  8794 I System.out: getDeviceId: 498e54e4d0b16a77
04-26 11:11:06.737  8754  8794 I Corona  : sdks http: 	https://hwsj-eu-test.clktec.com:20888/frontend/distribute
04-26 11:11:06.829  3455  5097 I libgps  : Uknown message 0 in ../../../../tmp/14533598_251844/customers/huawei/k3v3android/delivery/libgps/libgps.cpp:326
04-26 11:11:06.905  8754  8903 I System  : core_booster, getBoosterConfig = false
04-26 11:11:06.977  3455  3837 E HwCHRWebMonitor: getFileResult throw exceptionjava.io.FileNotFoundException: proc/net/wifi_network_stat: open failed: ENOENT (No such file or directory)
04-26 11:11:07.038  8754  9289 I System.out: dopost resutl: {"data":"{\"info\":\"ok\",\"status\":1}","info":"请求成功","stat":1}
04-26 11:11:07.039  8754  9289 I System.out: eventId: event_9  custom status: 1  info: ok
04-26 11:11:07.065  8754  9288 I System.out: dopost resutl: {"data":"{\"info\":\"ok\",\"status\":1}","info":"请求成功","stat":1}
04-26 11:11:07.065  8754  9288 I System.out: eventId: event_8  custom status: 1  info: ok
04-26 11:11:07.097  8754  8754 I System.out: eventId: event_10
04-26 11:11:07.097  8754  8754 I System.out: timeStamp: 1556248267
04-26 11:11:07.097  8754  8754 I System.out: ad_monitor_url: https://hwsj-eu-test.clktec.com:20888/frontend/distribute
04-26 11:11:07.097  8754  8754 I System.out: custom url: https://hwsj-eu-test.clktec.com:20888/frontend/distribute/v1/custom_event
04-26 11:11:07.099  8754  9293 I System.out: admonitor data: {"version":"1.8","app_id":"1021","act_id":"ad_trace_new","data":"{\"cp_app_id\":1021,\"ad_app_key\":\"3199536a745011e8a870025a896bb440\",\"retail_id\":2,\"event_id\":\"event_10\",\"event_name\":\"设备号登陆结束\",\"mac\":\"0cb9234482060bf7d7f1be0a653647a1\",\"user_agent\":\"Dalvik\\\/2.1.0 (Linux; U; Android 6.0; HUAWEI GRA-UL00 Build\\\/HUAWEIGRA-UL00)\",\"ex_user_agent\":\"Mozilla\\\/5.0 (Linux; Android 6.0; HUAWEI GRA-UL00 Build\\\/HUAWEIGRA-UL00; wv) AppleWebKit\\\/537.36 (KHTML, like Gecko) Version\\\/4.0 Chrome\\\/49.0.2623.105 Mobile Safari\\\/537.36\",\"device_id\":\"498e54e4d0b16a77\",\"os\":\"0\",\"timestamp\":1556248267,\"reserve1\":\"\",\"reserve2\":\"{\\\"deviceType\\\":\\\"android_id\\\"}\"}"}
04-26 11:11:07.121  8754  8903 I System  : core_booster, getBoosterConfig = false
04-26 11:11:07.293  8754  8794 I SoundDecoder: MPG123: Accepting data stream.
04-26 11:11:07.300  8754  8794 I Corona  : =====================================loginOnComplete===========
04-26 11:11:07.306  8754  8794 I Corona  : createHashFile = 	91bf364ee1207da27abf0b4e8d6449ca22f0e4b0
04-26 11:11:07.309  8754  8794 E linker  : readlink('/proc/self/fd/121') failed: Permission denied [fd=121]
04-26 11:11:07.309  8754  8794 E linker  : warning: unable to get realpath for the library "/data/app/com.dc.hwsj-1/lib/arm/libopenssl.so". Will use given name.
04-26 11:11:07.315  8754  8771 W FirebaseInstanceId: No response
04-26 11:11:07.315  8754  8771 E FirebaseInstanceId: Token retrieval failed: TIMEOUT
04-26 11:11:07.339  8754  8794 I Corona  : =============================================
04-26 11:11:07.339  8754  8794 I Corona  : send data：	   cmd : 	9999
04-26 11:11:07.339  8754  8794 I Corona  : {"isSend":true,"callBackFunc":"<type 'function' is not supported by JSON.>","url":"https://hwsj-eu-test.clktec.com:20888/frontend/jwt_action","data":{"RetailId":2,"HotVersion":1555924205,"appId":1021,"ActId":9999,"user_id":"w217nuweh1j5","Ver":"1.801","c_pub":"-----BEGIN PUBLIC KEY-----nMIIBSzCCAQMGByqGSM49AgEwgfcCAQEwLAYHKoZIzj0BAQIhAP////8AAAABAAAAnAAAAAAAAAAAA////////////////MFsEIP////8AAAABAAAAAAAAAAAAAAAA////n///////////8BCBaxjXYqjqT57PrvVV2mIa8ZR0GsMxTsPY7zjw+J9JgSwMVAMSdnNgiG5wSTamZ44ROdJreBn36QBEEEaxfR8uEsQkf4vOblY6RA8ncDfYEt6zOg9KE5nRdiYwpZP40Li/hp/m47n60p8D54WK84zV2sxXs7LtkBoN79R9QIhAP////8AAAAAn//////////+85vqtpxeehPO5ysL8YyVRAgEBA0IABG40Bojt9PjPdHN+QwJEMlXpnyNYoln/u6j2SSDlWSa/ISPlQdlxTERgr9YdgyRHNWK7h5BjnKY/6+LChASoohas=n-----END PUBLIC KEY-----n","Token":"eyJhbGciOiJSUzI1NiIsInR5cCI6IkpXVCJ9.eyJ1aWQiOiJ3MjE3bnV3ZWgxajUiLCJqdGkiOiJqOVllblRRSWtyeTh0VXI0ZXV1WExnPT0iLCJleHAiOjE1NTYzMzQ2NjcsImlhdCI6MTU1NjI0ODI2NywibmJmIjoxNTU2MjQ4MjY3fQ.afwGOb62o0QlUh6Cigt4GnsptEI34EZn2wygMpn0VDx8dpIP9NyBOvNJeHaeV24UCDqPonBziLzcSLacwriDVCB4jS7DyVWpcSwaVmnnggPv_l-d7wt8qrAy7mx_n8AjXAffSKgD8aaqd_DHUvHUaho873KZOHJdU45KmcdqcathUENGDmBhiYMFAfFpNZkWuJUjl_RgoySoS6vWKThgTm6rEvFhAjY_naf_KPLpNg02k4mbcA5YX5ev3T-OvDFJ6nER9HHy7I8ebO-LslLa5w1ljdWRddREtG6pzbOPtui5qai0lRO69JhJJoKXwurqEwLiOrhyegTKs2VNFKS9ow","T":40,"serverId":65535,"Lang":"zh-cn","actionid":9999},"loginCount":1}
04-26 11:11:07.339  8754  8794 I Corona  : extra info：	https://hwsj-eu-test.clktec.com:20888/frontend/jwt_action
04-26 11:11:07.339  8754  8794 I Corona  : =============================================
04-26 11:11:07.406  8754  9293 I System.out: dopost resutl: {"data":"{\"info\":\"ok\",\"status\":1}","info":"请求成功","stat":1}
04-26 11:11:07.407  8754  9293 I System.out: eventId: event_10  custom status: 1  info: ok
04-26 11:11:07.490  3455  3792 E WifiConfigStore: updateConfiguration freq=2452 BSSID=f0:3e:90:1b:92:c8 RSSI=-33 "testin-gz-04"WPA_PSK
04-26 11:11:07.519  8754  9261 I         : send start state to pg
04-26 11:11:07.521  4510  5332 I PhoneStateManager: wilhelm start, mPid: 8754
04-26 11:11:07.756  8754  8794 I Corona  : =============================================
04-26 11:11:07.756  8754  8794 I Corona  : response data：	   cmd : 	9999
04-26 11:11:07.756  8754  8794 I Corona  : {"stat":1,"info":"请求成功","data":"{"jwt":"eyJhbGciOiJIUzI1NiIsInR5cCI6IkpXVCJ9.eyJleHAiOjE1NTYyNDg2MjgsImlhdCI6MTU1NjI0ODI2OCwianRpIjoidzIxN251d2VoMWo1In0.Da1x5nCoz9LHEbyrndIGnFCg_LSFhC4kPPvlgqvRCw0","sPub":"-----BEGIN PUBLIC KEY-----nMFkwEwYHKoZIzj0CAQYIKoZIzj0DAQcDQgAExABS50ZD28arTubup5/Ft/2BBykQnG/AQ4yZbvsSOzCK5IlrdMXLqXQ+o83dU1efeY/DfajJLPnIMH9c/GEBtWw==n-----END PUBLIC KEY-----n"}"}
04-26 11:11:07.756  8754  8794 I Corona  : extra info：	访问时间(ms) ： 415.3790473938
04-26 11:11:07.756  8754  8794 I Corona  : =============================================
04-26 11:11:07.764  8754  8794 I Corona  : =============================================
04-26 11:11:07.764  8754  8794 I Corona  : send data：	   cmd : 	9006
