int logctl_get(): open '/dev/hwlog_switch' fail -1, 13. Permission denied

Note: log switch off, only log_main and log_events will have logs!
--------- beginning of main
04-26 11:09:12.830  3455  5097 I libgps  : Uknown message 0 in ../../../../tmp/14533598_251844/customers/huawei/k3v3android/delivery/libgps/libgps.cpp:326
04-26 11:09:12.834  3455  3464 I art     : Background partial concurrent mark sweep GC freed 55626(3MB) AllocSpace objects, 4(1268KB) LOS objects, 7% free, 49MB/53MB, paused 5.043ms total 311.145ms
04-26 11:09:13.247  3455  3455 I TrafficMonitor: expired arrive. level:-1
04-26 11:09:13.247  3455  3455 I TrafficMonitor: during_ms:2002,period_ms:2000
04-26 11:09:13.247  3455  3455 I TrafficMonitor: count:777,rx_sum:0,tx_sum:0,rxBytes:0,during_ms:2002,rx_speed:0.0,tx_speed:0.0,rto:0.0
04-26 11:09:13.349  3455  3792 E WifiConfigStore: updateConfiguration freq=2452 BSSID=f0:3e:90:1b:92:c8 RSSI=-36 "testin-gz-04"WPA_PSK
04-26 11:09:13.830  3455  5097 I libgps  : Uknown message 0 in ../../../../tmp/14533598_251844/customers/huawei/k3v3android/delivery/libgps/libgps.cpp:326
04-26 11:09:14.216  3455  3792 E WifiConfigStore: updateConfiguration freq=2452 BSSID=f0:3e:90:1b:92:c8 RSSI=-37 "testin-gz-04"WPA_PSK
04-26 11:09:14.252  3455  3455 I TrafficMonitor: update:rxPkts:0,txPkts:0,rxBytes:0,txBytes:0
04-26 11:09:14.252  3455  3455 I TrafficMonitor: start expired. level:-1
04-26 11:09:14.252  3455  3455 I TrafficMonitor: gettimer:interval=2000
04-26 11:09:14.346  3455  3792 E WifiConfigStore: updateConfiguration freq=2452 BSSID=f0:3e:90:1b:92:c8 RSSI=-37 "testin-gz-04"WPA_PSK
04-26 11:09:14.830  3455  5097 I libgps  : Uknown message 0 in ../../../../tmp/14533598_251844/customers/huawei/k3v3android/delivery/libgps/libgps.cpp:326
04-26 11:09:15.352  3455  3792 E WifiConfigStore: updateConfiguration freq=2452 BSSID=f0:3e:90:1b:92:c8 RSSI=-37 "testin-gz-04"WPA_PSK
04-26 11:09:15.830  3455  5097 I libgps  : Uknown message 0 in ../../../../tmp/14533598_251844/customers/huawei/k3v3android/delivery/libgps/libgps.cpp:326
04-26 11:09:16.098  3455  3464 I art     : Background sticky concurrent mark sweep GC freed 77665(2MB) AllocSpace objects, 11(1504KB) LOS objects, 2% free, 52MB/53MB, paused 5.643ms total 87.368ms
04-26 11:09:16.218  3455  3464 I art     : Background sticky concurrent mark sweep GC freed 21001(1152KB) AllocSpace objects, 0(0B) LOS objects, 0% free, 53MB/53MB, paused 6.135ms total 77.260ms
04-26 11:09:16.253  3455  3455 I TrafficMonitor: update:rxPkts:0,txPkts:0,rxBytes:0,txBytes:0
04-26 11:09:16.254  3455  3455 I TrafficMonitor: start expired. level:-1
04-26 11:09:16.254  3455  3455 I TrafficMonitor: gettimer:interval=5000
04-26 11:09:16.353  3455  3792 E WifiConfigStore: updateConfiguration freq=2452 BSSID=f0:3e:90:1b:92:c8 RSSI=-37 "testin-gz-04"WPA_PSK
04-26 11:09:16.358  3455  3849 I HuaweiWifiWatchdogStateMachine: spd good count:0, add sc:0.0, rate:1.0
04-26 11:09:16.358  3455  3849 I HuaweiWifiWatchdogStateMachine: current mHighDataFlowRate = 1.0
04-26 11:09:16.358  3455  3849 I HuaweiWifiWatchdogStateMachine: POta txb txg rxg:0, 1, 0. Lr =0% Totpkt=1
04-26 11:09:16.358  3455  3455 I WifiProJNI: ######### CMD_QUERY_PKTS ########
04-26 11:09:16.359  3455  3848 I QosMonitor: postEventFromNative: msg=100,arg1=0,arg2=9
04-26 11:09:16.359  3455  3848 W WifiProJNI: poll before: g_monitor_fd =160
04-26 11:09:16.359  3455  3455 I MQoS    : rtt=620,tcp_tx_pkts=30098,tcp_rx_pkts=43249
04-26 11:09:16.360  3455  3455 I MQoS    : QOS_level:0(0),wifi-link;SIM error;use level-0
04-26 11:09:16.360  3455  3849 I HuaweiWifiWatchdogStateMachine: PTcp RTT:0, rtt pkt=0, tcp_rx=0, tcp_tx=0, tcp_reTran=0, rtRate=0
04-26 11:09:16.361  3455  3849 I HuaweiWifiWatchdogStateMachine: rt ota tcp rl bad: false, false, false, false; rsth:-75
04-26 11:09:16.361  3455  3849 I HuaweiWifiWatchdogStateMachine:  pkt chk not bad, ### mPktChkBadCnt and sc is 0.
04-26 11:09:16.513  3455  3495 W CfgFilePolicy: No config file found for:dexopt/never_dexopt_apklist.cfg
04-26 11:09:16.513  3455  3495 I HwPackageManagerService: needed dexopt deferred pkg :com.dc.hwsj
04-26 11:09:16.514  3455  3495 I HwPackageManagerService: start loadAppsList file. mHaveLoadedDexoptInBootUpApkList true
04-26 11:09:16.514  3455  3495 I HwPackageManagerService: needed dexopt deferred pkg :com.dc.hwsj
04-26 11:09:16.518  3455  3495 I HwPackageManagerService: forceNotDex: isOdexCase true, mSystemReady true, mDexOptTotalTime 20739, isFirstBoot false, hasOtaUpdate false
04-26 11:09:16.519  3455  3495 I HwPackageManagerService: forceNotDex = false: isOdexCase true, mSystemReady true
04-26 11:09:16.544  3455  3464 I art     : Background partial concurrent mark sweep GC freed 130423(6MB) AllocSpace objects, 5(1636KB) LOS objects, 7% free, 49MB/53MB, paused 4.022ms total 306.888ms
04-26 11:09:16.572  3455  3495 I PackageManager.DexOptimizer: Running dexopt (dex2oat) on: /data/app/vmdl1232751434.tmp/base.apk pkg=com.dc.hwsj isa=arm vmSafeMode=false debuggable=false oatDir = /data/app/vmdl1232751434.tmp/oat
04-26 11:09:16.638  8239  8239 I dex2oat : Starting dex2oat.
04-26 11:09:16.673  3455  3758 W AlarmManager: WAKEUP alarm trigger action = com.tencent.mobileqq:MSF_184909460 elapsed = 68694933
04-26 11:09:16.676  3455  3475 I SendBroadcastPermission: action:android.os.action.POWER_SAVE_TEMP_WHITELIST_CHANGED, mPermissionType:0
04-26 11:09:16.677  5588  5588 I SendBroadcastPermission: action:com.tencent.mobileqq.msf.wakeup, mPermissionType:0
04-26 11:09:16.682  3455  3483 I SendBroadcastPermission: action:android.net.conn.DATA_ACTIVITY_CHANGE, mPermissionType:0
04-26 11:09:16.695 22321 22321 I HwSystemManager: BootBroadcastReceiver:BootBroadcastReceiver action =android.intent.action.POWER_STATISTIC
04-26 11:09:16.699  7215  7215 I PlaceRecognitionService: onCreate
04-26 11:09:16.700  7215  8245 I CalendarSync: init mIsReceiverRegistered : false
04-26 11:09:16.728  7215  8245 I CalendarSync: recessInfoKey : null
04-26 11:09:16.731  7215  8245 I PlaceRecognitionService: work start startId : 1
04-26 11:09:16.731  7215  8245 I PRController: POSITION_COLLECTOR doWork
04-26 11:09:16.731  7215  8245 I BaseAlarmModule: POSITION_COLLECTOR schedule
04-26 11:09:16.733  7215  8245 I BaseAlarmModule: module POSITION_COLLECTOR alarm type : 1 repeating : false interval : -1 trigger : 2019-04-26 11:25:00 isMissed : false
04-26 11:09:16.764  3455  4487 W System.err: java.lang.SecurityException: WifiService: Neither user 10027 nor current process has android.permission.CHANGE_WIFI_STATE.
04-26 11:09:16.764  3455  4487 W System.err: 	at android.app.ContextImpl.enforce(ContextImpl.java:1595)
04-26 11:09:16.764  3455  4487 W System.err: 	at android.app.ContextImpl.enforceCallingOrSelfPermission(ContextImpl.java:1627)
04-26 11:09:16.765  3455  4487 W System.err: 	at com.android.server.wifi.WifiServiceImpl.enforceChangePermission(WifiServiceImpl.java:671)
04-26 11:09:16.765  3455  4487 W System.err: 	at com.android.server.wifi.WifiServiceImpl.getWifiServiceMessenger(WifiServiceImpl.java:1838)
04-26 11:09:16.765  3455  4487 W System.err: 	at android.net.wifi.IWifiManager$Stub.onTransact(IWifiManager.java:558)
04-26 11:09:16.765  3455  4487 W System.err: 	at com.android.server.wifi.HwWifiService.onTransact(HwWifiService.java:267)
04-26 11:09:16.765  3455  4487 W System.err: 	at android.os.Binder.execTransact(Binder.java:453)
04-26 11:09:16.766  7215  8245 E WifiManager: WifiServiceMessenger == null
04-26 11:09:16.769  7215  8245 I PositionCollector: wifi id not changed ,use the same position as before!
04-26 11:09:16.786  7215  8245 I PositionDao: save position time : 2019-04-26 11:09:16 uri : content://com.huawei.provider.PlaceRecognition/position/20126
04-26 11:09:16.786  7215  8245 I PositionCollector: same with last gps info
04-26 11:09:16.786  7215  8245 I PlaceRecognitionService: work done startId : 1
04-26 11:09:16.796  7215  7215 I PlaceRecognitionService: onDestroy
04-26 11:09:16.798  7215  8245 I CalendarSync: deInit mIsReceiverRegistered : true
04-26 11:09:16.825 22321 27246 I HwSystemManager: HandlePowerStatistic:uap.power 0.0 uap.uid=15192
04-26 11:09:16.832  3455  5097 I libgps  : Uknown message 0 in ../../../../tmp/14533598_251844/customers/huawei/k3v3android/delivery/libgps/libgps.cpp:326
04-26 11:09:16.843 22321 27246 I HwSystemManager: SavingSettingUtil:the pkgname = com.tencent.mobileqq is exist!
04-26 11:09:16.843 22321 27246 I HwSystemManager: HandlePowerStatistic:uap.power 0.0 uap.uid=15256
04-26 11:09:16.857 22321 27246 I HwSystemManager: SavingSettingUtil:the pkgname = com.tencent.mm is exist!
04-26 11:09:16.857 22321 27246 I HwSystemManager: HandlePowerStatistic:uap.power 0.0 uap.uid=10058
04-26 11:09:16.898 22321 27246 I HwSystemManager: SavingSettingUtil:the pkgname = com.huawei.android.thememanager is exist!
04-26 11:09:16.898 22321 27246 I HwSystemManager: HandlePowerStatistic:uap.power 0.0 uap.uid=15275
04-26 11:09:16.918 22321 27246 I HwSystemManager: SavingSettingUtil:the pkgname = cn.testin.itestin is exist!
04-26 11:09:16.918 22321 27246 I HwSystemManager: HandlePowerStatistic:uap.power 0.0 uap.uid=10097
04-26 11:09:16.937 22321 27246 I HwSystemManager: SavingSettingUtil:the pkgname = com.baidu.searchbox_AndroidM is exist!
04-26 11:09:16.938 22321 27246 I HwSystemManager: HandlePowerStatistic:uap.power 0.0 uap.uid=10100
04-26 11:09:16.958 22321 27246 I HwSystemManager: SavingSettingUtil:the pkgname = com.nuance.swype.emui is exist!
04-26 11:09:16.958 22321 27246 I HwSystemManager: HandlePowerStatistic:uap.power 0.0 uap.uid=15118
04-26 11:09:17.038 22321 27246 I HwSystemManager: SavingSettingUtil:the pkgname = android.imyfone.com.monimasterforandroid is exist!
04-26 11:09:17.231  3455  3792 E WifiConfigStore: updateConfiguration freq=2452 BSSID=f0:3e:90:1b:92:c8 RSSI=-36 "testin-gz-04"WPA_PSK
04-26 11:09:17.355  3455  3792 E WifiConfigStore: updateConfiguration freq=2452 BSSID=f0:3e:90:1b:92:c8 RSSI=-36 "testin-gz-04"WPA_PSK
04-26 11:09:17.831  3455  5097 I libgps  : Uknown message 0 in ../../../../tmp/14533598_251844/customers/huawei/k3v3android/delivery/libgps/libgps.cpp:326
04-26 11:09:18.249  8239  8247 W dex2oat : Before Android 4.1, method android.graphics.PorterDuffColorFilter android.support.graphics.drawable.VectorDrawableCompat.updateTintFilter(android.graphics.PorterDuffColorFilter, android.content.res.ColorStateList, android.graphics.PorterDuff$Mode) would have incorrectly overridden the package-private method in android.graphics.drawable.Drawable
04-26 11:09:18.321  8239  8247 W dex2oat : Before Android 4.1, method int android.support.v7.widget.ListViewCompat.lookForSelectablePosition(int, boolean) would have incorrectly overridden the package-private method in android.widget.ListView
04-26 11:09:18.354  3455  3792 E WifiConfigStore: updateConfiguration freq=2452 BSSID=f0:3e:90:1b:92:c8 RSSI=-36 "testin-gz-04"WPA_PSK
04-26 11:09:18.557  8239  8248 W dex2oat : Before Android 4.1, method boolean com.facebook.share.widget.ShareButtonBase.canShare() would have incorrectly overridden the package-private method in android.widget.TextView
04-26 11:09:18.831  3455  5097 I libgps  : Uknown message 0 in ../../../../tmp/14533598_251844/customers/huawei/k3v3android/delivery/libgps/libgps.cpp:326
04-26 11:09:19.253  3455  3455 I TrafficMonitor: expired arrive. level:-1
04-26 11:09:19.253  3455  3455 I TrafficMonitor: during_ms:2002,period_ms:2000
04-26 11:09:19.253  3455  3455 I TrafficMonitor: count:779,rx_sum:0,tx_sum:0,rxBytes:0,during_ms:2002,rx_speed:0.0,tx_speed:0.0,rto:0.0
04-26 11:09:19.356  3455  3792 E WifiConfigStore: updateConfiguration freq=2452 BSSID=f0:3e:90:1b:92:c8 RSSI=-37 "testin-gz-04"WPA_PSK
04-26 11:09:19.831  3455  5097 I libgps  : Uknown message 0 in ../../../../tmp/14533598_251844/customers/huawei/k3v3android/delivery/libgps/libgps.cpp:326
04-26 11:09:20.246  3455  3792 E WifiConfigStore: updateConfiguration freq=2452 BSSID=f0:3e:90:1b:92:c8 RSSI=-37 "testin-gz-04"WPA_PSK
04-26 11:09:20.358  3455  3792 E WifiConfigStore: updateConfiguration freq=2452 BSSID=f0:3e:90:1b:92:c8 RSSI=-37 "testin-gz-04"WPA_PSK
04-26 11:09:20.830  3455  5097 I libgps  : Uknown message 0 in ../../../../tmp/14533598_251844/customers/huawei/k3v3android/delivery/libgps/libgps.cpp:326
04-26 11:09:21.255  3455  3455 I TrafficMonitor: update:rxPkts:1,txPkts:2,rxBytes:152,txBytes:164
04-26 11:09:21.255  3455  3455 I TrafficMonitor: start expired. level:-1
04-26 11:09:21.256  3455  3455 I TrafficMonitor: gettimer:interval=2000
04-26 11:09:21.359  3455  3792 E WifiConfigStore: updateConfiguration freq=2452 BSSID=f0:3e:90:1b:92:c8 RSSI=-37 "testin-gz-04"WPA_PSK
04-26 11:09:21.831  3455  5097 I libgps  : Uknown message 0 in ../../../../tmp/14533598_251844/customers/huawei/k3v3android/delivery/libgps/libgps.cpp:326
04-26 11:09:22.361  3455  3792 E WifiConfigStore: updateConfiguration freq=2452 BSSID=f0:3e:90:1b:92:c8 RSSI=-37 "testin-gz-04"WPA_PSK
04-26 11:09:22.831  3455  5097 I libgps  : Uknown message 0 in ../../../../tmp/14533598_251844/customers/huawei/k3v3android/delivery/libgps/libgps.cpp:326
04-26 11:09:23.256  3455  3792 E WifiConfigStore: updateConfiguration freq=2452 BSSID=f0:3e:90:1b:92:c8 RSSI=-37 "testin-gz-04"WPA_PSK
04-26 11:09:23.258  3455  3455 I TrafficMonitor: update:rxPkts:0,txPkts:0,rxBytes:0,txBytes:0
04-26 11:09:23.258  3455  3455 I TrafficMonitor: start expired. level:-1
04-26 11:09:23.258  3455  3455 I TrafficMonitor: gettimer:interval=2000
04-26 11:09:23.358  3455  3792 E WifiConfigStore: updateConfiguration freq=2452 BSSID=f0:3e:90:1b:92:c8 RSSI=-37 "testin-gz-04"WPA_PSK
04-26 11:09:23.831  3455  5097 I libgps  : Uknown message 0 in ../../../../tmp/14533598_251844/customers/huawei/k3v3android/delivery/libgps/libgps.cpp:326
04-26 11:09:24.364  3455  3792 E WifiConfigStore: updateConfiguration freq=2452 BSSID=f0:3e:90:1b:92:c8 RSSI=-36 "testin-gz-04"WPA_PSK
04-26 11:09:24.368  3455  3849 I HuaweiWifiWatchdogStateMachine: spd good count:0, add sc:0.0, rate:1.0
04-26 11:09:24.368  3455  3849 I HuaweiWifiWatchdogStateMachine: current mHighDataFlowRate = 1.0
04-26 11:09:24.368  3455  3849 I HuaweiWifiWatchdogStateMachine: POta txb txg rxg:0, 2, 0. Lr =0% Totpkt=2
04-26 11:09:24.368  3455  3455 I WifiProJNI: ######### CMD_QUERY_PKTS ########
04-26 11:09:24.369  3455  3848 I QosMonitor: postEventFromNative: msg=100,arg1=0,arg2=9
04-26 11:09:24.369  3455  3848 W WifiProJNI: poll before: g_monitor_fd =160
04-26 11:09:24.369  3455  3455 I MQoS    : rtt=320,tcp_tx_pkts=30100,tcp_rx_pkts=43250
04-26 11:09:24.371  3455  3849 I HuaweiWifiWatchdogStateMachine: PTcp RTT:0, rtt pkt=0, tcp_rx=1, tcp_tx=2, tcp_reTran=0, rtRate=0
04-26 11:09:24.371  3455  3849 I HuaweiWifiWatchdogStateMachine: rt ota tcp rl bad: false, false, false, false; rsth:-75
04-26 11:09:24.371  3455  3849 I HuaweiWifiWatchdogStateMachine:  pkt chk not bad, ### mPktChkBadCnt and sc is 0.
04-26 11:09:24.371  3455  3455 I MQoS    : QOS_level:0(0),wifi-link;SIM error;use level-0
04-26 11:09:24.540  2937  2937 E Thermal-daemon: [pa_0] temp_new :42  temp_old :43
04-26 11:09:24.540  2937  2937 E Thermal-daemon: Report temperature: [pa_0] temp :42  report_threshold:1
04-26 11:09:24.542  4510  5332 W ThermalStateManager: trigLevel = 0, mSimTrigLevel = 0, tempPolicy = 500
04-26 11:09:24.542  4510  5332 I ThermalStateManager: sensor name: pa temperature: 42 , thermal action: bcurrent policy:200
04-26 11:09:24.644  4510  5333 W SwitchManager: NoSuchMethod: IPowerManager setChargeHotLimit [int,int]
04-26 11:09:24.644  4510  5333 I powergenie_jni: set charge limit 2: 200
04-26 11:09:24.831  3455  5097 I libgps  : Uknown message 0 in ../../../../tmp/14533598_251844/customers/huawei/k3v3android/delivery/libgps/libgps.cpp:326
04-26 11:09:25.260  3455  3455 I TrafficMonitor: update:rxPkts:0,txPkts:0,rxBytes:0,txBytes:0
04-26 11:09:25.260  3455  3455 I TrafficMonitor: start expired. level:-1
04-26 11:09:25.260  3455  3455 I TrafficMonitor: gettimer:interval=2000
04-26 11:09:25.366  3455  3792 E WifiConfigStore: updateConfiguration freq=2452 BSSID=f0:3e:90:1b:92:c8 RSSI=-36 "testin-gz-04"WPA_PSK
04-26 11:09:25.575  8239  8249 W dex2oat : Compilation of void android.support.v4.graphics.drawable.DrawableCompat.clearColorFilter(android.graphics.drawable.Drawable) took 126.577ms
04-26 11:09:25.830  3455  5097 I libgps  : Uknown message 0 in ../../../../tmp/14533598_251844/customers/huawei/k3v3android/delivery/libgps/libgps.cpp:326
04-26 11:09:26.256  3455  3455 I TrafficMonitor: expired arrive. level:-1
04-26 11:09:26.256  3455  3455 I TrafficMonitor: during_ms:2002,period_ms:2000
04-26 11:09:26.257  3455  3455 I TrafficMonitor: count:782,rx_sum:0,tx_sum:0,rxBytes:0,during_ms:2002,rx_speed:0.0,tx_speed:0.0,rto:0.0
04-26 11:09:26.270  3455  3792 E WifiConfigStore: updateConfiguration freq=2452 BSSID=f0:3e:90:1b:92:c8 RSSI=-36 "testin-gz-04"WPA_PSK
04-26 11:09:26.367  3455  3792 E WifiConfigStore: updateConfiguration freq=2452 BSSID=f0:3e:90:1b:92:c8 RSSI=-36 "testin-gz-04"WPA_PSK
04-26 11:09:26.723  3455  3474 I SendBroadcastPermission: action:android.os.action.POWER_SAVE_TEMP_WHITELIST_CHANGED, mPermissionType:0
04-26 11:09:26.831  3455  5097 I libgps  : Uknown message 0 in ../../../../tmp/14533598_251844/customers/huawei/k3v3android/delivery/libgps/libgps.cpp:326
04-26 11:09:27.263  3455  3455 I TrafficMonitor: update:rxPkts:0,txPkts:0,rxBytes:0,txBytes:0
04-26 11:09:27.263  3455  3455 I TrafficMonitor: start expired. level:-1
04-26 11:09:27.263  3455  3455 I TrafficMonitor: gettimer:interval=2000
04-26 11:09:27.366  3455  3792 E WifiConfigStore: updateConfiguration freq=2452 BSSID=f0:3e:90:1b:92:c8 RSSI=-37 "testin-gz-04"WPA_PSK
04-26 11:09:27.831  3455  5097 I libgps  : Uknown message 0 in ../../../../tmp/14533598_251844/customers/huawei/k3v3android/delivery/libgps/libgps.cpp:326
04-26 11:09:28.367  3455  3792 E WifiConfigStore: updateConfiguration freq=2452 BSSID=f0:3e:90:1b:92:c8 RSSI=-38 "testin-gz-04"WPA_PSK
04-26 11:09:28.830  3455  5097 I libgps  : Uknown message 0 in ../../../../tmp/14533598_251844/customers/huawei/k3v3android/delivery/libgps/libgps.cpp:326
04-26 11:09:29.264  3455  3455 I TrafficMonitor: update:rxPkts:0,txPkts:0,rxBytes:0,txBytes:0
04-26 11:09:29.265  3455  3455 I TrafficMonitor: start expired. level:-1
04-26 11:09:29.265  3455  3455 I TrafficMonitor: gettimer:interval=2000
04-26 11:09:29.285  3455  3792 E WifiConfigStore: updateConfiguration freq=2452 BSSID=f0:3e:90:1b:92:c8 RSSI=-38 "testin-gz-04"WPA_PSK
04-26 11:09:29.297  8239  8248 W dex2oat : Compilation of java.util.Map com.appsflyer.AppsFlyerLib.ˏ(android.content.Context, java.lang.String, java.lang.String, java.lang.String, java.lang.String, boolean, android.content.SharedPreferences, boolean, android.content.Intent, java.lang.String) took 117.739ms
04-26 11:09:29.369  3455  3792 E WifiConfigStore: updateConfiguration freq=2452 BSSID=f0:3e:90:1b:92:c8 RSSI=-38 "testin-gz-04"WPA_PSK
04-26 11:09:29.449  7334  7334 I HwLauncher:  FPSMonitor [Launcher , dispatchTouchEvent begin, false, true] down event  x = 877 y = 877
04-26 11:09:29.449  7334  7334 I HwLauncher: Launcher  while lockScreenOrientation,isRotationEnabled is false!
04-26 11:09:29.452  7334  7334 I HwLauncher:  FPSMonitor [PagedView , onIntercept] down event  x = 877 y = 877
04-26 11:09:29.453  7334  7334 I HwLauncher:  FPSMonitor [Launcher , dispatchTouchEvent end, false, true] down event  x = 877 y = 877
04-26 11:09:29.600  7334  7334 I HwLauncher:  FPSMonitor startScroll xMoved = true  xPaged = true xDiff =  374
04-26 11:09:29.727  7334  7334 I HwLauncher:  FPSMonitor [Launcher , dispatchTouchEvent begin, false, true] up event  x = 215 y = 215
04-26 11:09:29.727  7334  7334 I HwLauncher:  FPSMonitor [PagedView , onTouchEvent] up event  x = 215 y = 215
04-26 11:09:29.732  7334  7334 I HwLauncher:  FPSMonitor snapToPage whichPage = 2 delta = 789 duration = 748
04-26 11:09:29.734  7334  7334 I HwLauncher: Launcher mUnlockScreenRunnbale  getOrientationEnabled false 
04-26 11:09:29.734  7334  7334 I HwLauncher:  FPSMonitor [Launcher , dispatchTouchEvent end, false, true] up event  x = 215 y = 215
04-26 11:09:29.748  2901  2901 I [Gralloc]: alloc w[432] h[768] format[1] usage[2563]
04-26 11:09:29.750  2901  2901 I [Gralloc]: alloc succ handle[0x55a10d0fd0] stride[480]
04-26 11:09:29.832  3455  5097 I libgps  : Uknown message 0 in ../../../../tmp/14533598_251844/customers/huawei/k3v3android/delivery/libgps/libgps.cpp:326
04-26 11:09:30.098  7334  7334 I HwLauncher:  FPSMonitor endScroll
04-26 11:09:30.371  3455  3792 E WifiConfigStore: updateConfiguration freq=2452 BSSID=f0:3e:90:1b:92:c8 RSSI=-38 "testin-gz-04"WPA_PSK
04-26 11:09:30.766  7334  7334 I HwLauncher:  FPSMonitor [Launcher , dispatchTouchEvent begin, false, true] down event  x = 891 y = 891
04-26 11:09:30.766  7334  7334 I HwLauncher: Launcher  while lockScreenOrientation,isRotationEnabled is false!
04-26 11:09:30.767  7334  7334 I HwLauncher:  FPSMonitor [PagedView , onIntercept] down event  x = 891 y = 891
04-26 11:09:30.768  7334  7334 I HwLauncher:  FPSMonitor [Launcher , dispatchTouchEvent end, false, true] down event  x = 891 y = 891
04-26 11:09:30.830  3455  5097 I libgps  : Uknown message 0 in ../../../../tmp/14533598_251844/customers/huawei/k3v3android/delivery/libgps/libgps.cpp:326
04-26 11:09:30.943  7334  7334 I HwLauncher:  FPSMonitor startScroll xMoved = true  xPaged = true xDiff =  513
04-26 11:09:31.017  7334  7334 I HwLauncher:  FPSMonitor [Launcher , dispatchTouchEvent begin, false, true] up event  x = -32 y = -32
04-26 11:09:31.018  7334  7334 I HwLauncher:  FPSMonitor [PagedView , onTouchEvent] up event  x = -32 y = -32
04-26 11:09:31.018  7334  7334 I HwLauncher:  FPSMonitor snapToPage whichPage = 3 delta = 541 duration = 652
04-26 11:09:31.019  7334  7334 I HwLauncher: Launcher mUnlockScreenRunnbale  getOrientationEnabled false 
04-26 11:09:31.019  7334  7334 I HwLauncher:  FPSMonitor [Launcher , dispatchTouchEvent end, false, true] up event  x = -32 y = -32
04-26 11:09:31.266  3455  3455 I TrafficMonitor: update:rxPkts:0,txPkts:0,rxBytes:0,txBytes:0
04-26 11:09:31.266  3455  3455 I TrafficMonitor: start expired. level:-1
04-26 11:09:31.266  3455  3455 I TrafficMonitor: gettimer:interval=2000
04-26 11:09:31.370  3455  3792 E WifiConfigStore: updateConfiguration freq=2452 BSSID=f0:3e:90:1b:92:c8 RSSI=-38 "testin-gz-04"WPA_PSK
04-26 11:09:31.391  7334  7334 W HwLauncher: Workspace workspace notfiyPageSwitchListener clingContoller is NULL
04-26 11:09:31.393  7334  7334 I HwLauncher:  FPSMonitor endScroll
04-26 11:09:31.755  3455  3483 I SendBroadcastPermission: action:android.net.conn.DATA_ACTIVITY_CHANGE, mPermissionType:0
04-26 11:09:31.832  3455  5097 I libgps  : Uknown message 0 in ../../../../tmp/14533598_251844/customers/huawei/k3v3android/delivery/libgps/libgps.cpp:326
04-26 11:09:32.264  3455  3455 I TrafficMonitor: expired arrive. level:-1
04-26 11:09:32.264  3455  3455 I TrafficMonitor: during_ms:2001,period_ms:2000
04-26 11:09:32.264  3455  3455 I TrafficMonitor: count:785,rx_sum:0,tx_sum:0,rxBytes:0,during_ms:2001,rx_speed:0.0,tx_speed:0.0,rto:0.0
04-26 11:09:32.303  3455  3792 E WifiConfigStore: updateConfiguration freq=2452 BSSID=f0:3e:90:1b:92:c8 RSSI=-38 "testin-gz-04"WPA_PSK
04-26 11:09:32.319  7334  7334 I HwLauncher:  FPSMonitor [Launcher , dispatchTouchEvent begin, false, true] down event  x = 400 y = 400
04-26 11:09:32.319  7334  7334 I HwLauncher: Launcher  while lockScreenOrientation,isRotationEnabled is false!
04-26 11:09:32.320  7334  7334 I HwLauncher:  FPSMonitor [PagedView , onIntercept] down event  x = 400 y = 400
04-26 11:09:32.321  7334  7334 I HwLauncher:  FPSMonitor [Launcher , dispatchTouchEvent end, false, true] down event  x = 400 y = 400
04-26 11:09:32.368  3455  3792 E WifiConfigStore: updateConfiguration freq=2452 BSSID=f0:3e:90:1b:92:c8 RSSI=-38 "testin-gz-04"WPA_PSK
04-26 11:09:32.371  3455  3849 I HuaweiWifiWatchdogStateMachine: spd good count:0, add sc:0.0, rate:1.0
04-26 11:09:32.371  3455  3849 I HuaweiWifiWatchdogStateMachine: current mHighDataFlowRate = 1.0
04-26 11:09:32.371  3455  3849 I HuaweiWifiWatchdogStateMachine: not any pkt, ignore this period chk result.
04-26 11:09:32.472  7334  7334 I HwLauncher:  FPSMonitor startScroll xMoved = true  xPaged = true xDiff =  415
04-26 11:09:32.634  7334  7334 I HwLauncher:  FPSMonitor [Launcher , dispatchTouchEvent begin, false, true] up event  x = 990 y = 990
04-26 11:09:32.634  7334  7334 I HwLauncher:  FPSMonitor [PagedView , onTouchEvent] up event  x = 990 y = 990
04-26 11:09:32.634  7334  7334 I HwLauncher:  FPSMonitor snapToPage whichPage = 2 delta = -442 duration = 600
04-26 11:09:32.634  7334  7334 W HwLauncher: Workspace workspace notfiyPageSwitchListener clingContoller is NULL
04-26 11:09:32.636  7334  7334 I HwLauncher: Launcher mUnlockScreenRunnbale  getOrientationEnabled false 
04-26 11:09:32.636  7334  7334 I HwLauncher:  FPSMonitor [Launcher , dispatchTouchEvent end, false, true] up event  x = 990 y = 990
04-26 11:09:32.830  3455  5097 I libgps  : Uknown message 0 in ../../../../tmp/14533598_251844/customers/huawei/k3v3android/delivery/libgps/libgps.cpp:326
04-26 11:09:33.002  7334  7334 I HwLauncher:  FPSMonitor endScroll
04-26 11:09:33.268  3455  3455 I TrafficMonitor: update:rxPkts:0,txPkts:0,rxBytes:0,txBytes:0
04-26 11:09:33.268  3455  3455 I TrafficMonitor: start expired. level:-1
04-26 11:09:33.268  3455  3455 I TrafficMonitor: gettimer:interval=2000
04-26 11:09:33.377  3455  3792 E WifiConfigStore: updateConfiguration freq=2452 BSSID=f0:3e:90:1b:92:c8 RSSI=-38 "testin-gz-04"WPA_PSK
04-26 11:09:33.830  3455  5097 I libgps  : Uknown message 0 in ../../../../tmp/14533598_251844/customers/huawei/k3v3android/delivery/libgps/libgps.cpp:326
04-26 11:09:34.375  3455  3792 E WifiConfigStore: updateConfiguration freq=2452 BSSID=f0:3e:90:1b:92:c8 RSSI=-38 "testin-gz-04"WPA_PSK
04-26 11:09:34.830  3455  5097 I libgps  : Uknown message 0 in ../../../../tmp/14533598_251844/customers/huawei/k3v3android/delivery/libgps/libgps.cpp:326
04-26 11:09:35.270  3455  3455 I TrafficMonitor: update:rxPkts:0,txPkts:0,rxBytes:0,txBytes:0
04-26 11:09:35.270  3455  3455 I TrafficMonitor: start expired. level:-1
04-26 11:09:35.270  3455  3455 I TrafficMonitor: gettimer:interval=2000
04-26 11:09:35.317  3455  3792 E WifiConfigStore: updateConfiguration freq=2452 BSSID=f0:3e:90:1b:92:c8 RSSI=-38 "testin-gz-04"WPA_PSK
04-26 11:09:35.366  3455  3792 E WifiConfigStore: updateConfiguration freq=2452 BSSID=f0:3e:90:1b:92:c8 RSSI=-38 "testin-gz-04"WPA_PSK
04-26 11:09:35.832  3455  5097 I libgps  : Uknown message 0 in ../../../../tmp/14533598_251844/customers/huawei/k3v3android/delivery/libgps/libgps.cpp:326
04-26 11:09:36.378  3455  3792 E WifiConfigStore: updateConfiguration freq=2452 BSSID=f0:3e:90:1b:92:c8 RSSI=-38 "testin-gz-04"WPA_PSK
04-26 11:09:36.689  8239  8248 W dex2oat : Compilation of boolean com.google.android.gms.internal.zzcim.zzg(java.lang.String, long) took 134.045ms
04-26 11:09:36.831  3455  5097 I libgps  : Uknown message 0 in ../../../../tmp/14533598_251844/customers/huawei/k3v3android/delivery/libgps/libgps.cpp:326
04-26 11:09:37.271  3455  3455 I TrafficMonitor: update:rxPkts:0,txPkts:0,rxBytes:0,txBytes:0
04-26 11:09:37.271  3455  3455 I TrafficMonitor: start expired. level:-1
04-26 11:09:37.271  3455  3455 I TrafficMonitor: gettimer:interval=2000
04-26 11:09:37.377  3455  3792 E WifiConfigStore: updateConfiguration freq=2452 BSSID=f0:3e:90:1b:92:c8 RSSI=-38 "testin-gz-04"WPA_PSK
04-26 11:09:37.791  8239  8239 W dex2oat : Compilation of void com.google.gson.internal.$Gson$Types$WildcardTypeImpl.<init>(java.lang.reflect.Type[], java.lang.reflect.Type[]) took 143.601ms
04-26 11:09:37.831  3455  5097 I libgps  : Uknown message 0 in ../../../../tmp/14533598_251844/customers/huawei/k3v3android/delivery/libgps/libgps.cpp:326
04-26 11:09:37.846  8239  8249 W dex2oat : Compilation of void com.google.gson.internal.$Gson$Types$ParameterizedTypeImpl.<init>(java.lang.reflect.Type, java.lang.reflect.Type, java.lang.reflect.Type[]) took 206.566ms
04-26 11:09:37.884  8239  8247 W dex2oat : Compilation of java.lang.reflect.Type com.google.gson.internal.$Gson$Types.canonicalize(java.lang.reflect.Type) took 210.888ms
04-26 11:09:38.269  3455  3455 I TrafficMonitor: expired arrive. level:-1
04-26 11:09:38.269  3455  3455 I TrafficMonitor: during_ms:2001,period_ms:2000
04-26 11:09:38.269  3455  3455 I TrafficMonitor: count:788,rx_sum:0,tx_sum:0,rxBytes:0,during_ms:2001,rx_speed:0.0,tx_speed:0.0,rto:0.0
04-26 11:09:38.332  3455  3792 E WifiConfigStore: updateConfiguration freq=2452 BSSID=f0:3e:90:1b:92:c8 RSSI=-37 "testin-gz-04"WPA_PSK
04-26 11:09:38.370  3455  3792 E WifiConfigStore: updateConfiguration freq=2452 BSSID=f0:3e:90:1b:92:c8 RSSI=-37 "testin-gz-04"WPA_PSK
04-26 11:09:38.831  3455  5097 I libgps  : Uknown message 0 in ../../../../tmp/14533598_251844/customers/huawei/k3v3android/delivery/libgps/libgps.cpp:326
04-26 11:09:39.274  3455  3455 I TrafficMonitor: update:rxPkts:0,txPkts:0,rxBytes:0,txBytes:0
04-26 11:09:39.274  3455  3455 I TrafficMonitor: start expired. level:-1
04-26 11:09:39.274  3455  3455 I TrafficMonitor: gettimer:interval=2000
04-26 11:09:39.380  3455  3792 E WifiConfigStore: updateConfiguration freq=2452 BSSID=f0:3e:90:1b:92:c8 RSSI=-36 "testin-gz-04"WPA_PSK
04-26 11:09:39.553  2937  2937 E Thermal-daemon: [pa_0] temp_new :43  temp_old :42
04-26 11:09:39.553  2937  2937 E Thermal-daemon: Report temperature: [pa_0] temp :43  report_threshold:1
04-26 11:09:39.555  4510  5332 W ThermalStateManager: trigLevel = 0, mSimTrigLevel = 0, tempPolicy = 500
04-26 11:09:39.556  4510  5332 I ThermalStateManager: sensor name: pa temperature: 43 , thermal action: bcurrent policy:200
04-26 11:09:39.556  2937  2937 E Thermal-daemon: [ap] temp_new :44  temp_old :43
04-26 11:09:39.556  2937  2937 E Thermal-daemon: Report temperature: [ap] temp :44  report_threshold:1
04-26 11:09:39.558  4510  5332 W ThermalStateManager: trigLevel = 1, mSimTrigLevel = 1, tempPolicy = 200
04-26 11:09:39.559  4510  5332 I ThermalStateManager: sensor name: cpu temperature: 44 , thermal action: bcurrent policy:200
04-26 11:09:39.657  4510  5333 W SwitchManager: NoSuchMethod: IPowerManager setChargeHotLimit [int,int]
04-26 11:09:39.657  4510  5333 I powergenie_jni: set charge limit 2: 200
04-26 11:09:39.659  4510  5333 W SwitchManager: NoSuchMethod: IPowerManager setChargeHotLimit [int,int]
04-26 11:09:39.659  4510  5333 I powergenie_jni: set charge limit 2: 200
04-26 11:09:39.830  3455  5097 I libgps  : Uknown message 0 in ../../../../tmp/14533598_251844/customers/huawei/k3v3android/delivery/libgps/libgps.cpp:326
04-26 11:09:40.382  3455  3792 E WifiConfigStore: updateConfiguration freq=2452 BSSID=f0:3e:90:1b:92:c8 RSSI=-35 "testin-gz-04"WPA_PSK
04-26 11:09:40.385  3455  3849 I HuaweiWifiWatchdogStateMachine: spd good count:0, add sc:0.0, rate:1.0
04-26 11:09:40.386  3455  3849 I HuaweiWifiWatchdogStateMachine: current mHighDataFlowRate = 1.0
04-26 11:09:40.386  3455  3849 I HuaweiWifiWatchdogStateMachine: not any pkt, ignore this period chk result.
04-26 11:09:40.506  8239  8247 W dex2oat : No verified method for method calling String.<init>: java.lang.String java.io.ByteArrayOutputStream.toString(java.lang.String)
04-26 11:09:40.831  3455  5097 I libgps  : Uknown message 0 in ../../../../tmp/14533598_251844/customers/huawei/k3v3android/delivery/libgps/libgps.cpp:326
04-26 11:09:41.008  4545  8593 I HwPowerMonitor.PowerExceptionObservable: unhandled onEvent actionID: 3002
04-26 11:09:41.008  4545  8593 W HwPowerMonitor.DayActObserver: mModemLogStatsTimes = 0, ModemLogState = 0
04-26 11:09:41.008  4545  8593 W HwPowerMonitor.DayActObserver: BAT_CHANGED, mIsScrnOffBatStatsEnabled = true, mIsCharging = true, mIsScrnOfBatDropMonitorStart = false
04-26 11:09:41.013  5346  5554 I Bluetooth: HeadsetStateMachine:Disconnected process message: 10, size: 0
04-26 11:09:41.276  3455  3455 I TrafficMonitor: update:rxPkts:0,txPkts:0,rxBytes:0,txBytes:0
04-26 11:09:41.276  3455  3455 I TrafficMonitor: start expired. level:-1
04-26 11:09:41.277  3455  3455 I TrafficMonitor: gettimer:interval=5000
04-26 11:09:41.347  3455  3792 E WifiConfigStore: updateConfiguration freq=2452 BSSID=f0:3e:90:1b:92:c8 RSSI=-35 "testin-gz-04"WPA_PSK
04-26 11:09:41.376  3455  3792 E WifiConfigStore: updateConfiguration freq=2452 BSSID=f0:3e:90:1b:92:c8 RSSI=-35 "testin-gz-04"WPA_PSK
04-26 11:09:41.419  8239  8249 W dex2oat : Compilation of void network.NetworkRequest$AsyncNetworkRequestRunnable.run() took 109.283ms
04-26 11:09:41.831  3455  5097 I libgps  : Uknown message 0 in ../../../../tmp/14533598_251844/customers/huawei/k3v3android/delivery/libgps/libgps.cpp:326
04-26 11:09:42.385  3455  3792 E WifiConfigStore: updateConfiguration freq=2452 BSSID=f0:3e:90:1b:92:c8 RSSI=-36 "testin-gz-04"WPA_PSK
04-26 11:09:42.831  3455  5097 I libgps  : Uknown message 0 in ../../../../tmp/14533598_251844/customers/huawei/k3v3android/delivery/libgps/libgps.cpp:326
04-26 11:09:43.386  3455  3792 E WifiConfigStore: updateConfiguration freq=2452 BSSID=f0:3e:90:1b:92:c8 RSSI=-37 "testin-gz-04"WPA_PSK
04-26 11:09:43.831  3455  5097 I libgps  : Uknown message 0 in ../../../../tmp/14533598_251844/customers/huawei/k3v3android/delivery/libgps/libgps.cpp:326
04-26 11:09:44.190  8239  8239 I dex2oat : dex2oat took 27.552s (threads: 4) 
04-26 11:09:44.276  3455  3455 I TrafficMonitor: expired arrive. level:-1
04-26 11:09:44.276  3455  3455 I TrafficMonitor: during_ms:2002,period_ms:2000
04-26 11:09:44.276  3455  3455 I TrafficMonitor: count:790,rx_sum:0,tx_sum:0,rxBytes:0,during_ms:2002,rx_speed:0.0,tx_speed:0.0,rto:0.0
04-26 11:09:44.362  3455  3792 E WifiConfigStore: updateConfiguration freq=2452 BSSID=f0:3e:90:1b:92:c8 RSSI=-38 "testin-gz-04"WPA_PSK
04-26 11:09:44.379  3455  3792 E WifiConfigStore: updateConfiguration freq=2452 BSSID=f0:3e:90:1b:92:c8 RSSI=-38 "testin-gz-04"WPA_PSK
04-26 11:09:44.831  3455  5097 I libgps  : Uknown message 0 in ../../../../tmp/14533598_251844/customers/huawei/k3v3android/delivery/libgps/libgps.cpp:326
04-26 11:09:45.208  3455  3495 W Settings: Setting install_non_market_apps has moved from android.provider.Settings.Global to android.provider.Settings.Secure, returning read-only value.
04-26 11:09:45.209  3455  3495 I SendBroadcastPermission: action:com.huawei.android.action.GET_PACKAGE_INSTALLATION_INFO, mPermissionType:0
04-26 11:09:45.212  3455  3495 I art     : Starting a blocking GC Explicit
04-26 11:09:45.213  4245  4245 I HwSystemManager: HandleInstalledPackageInfoService:onReceive  action is com.huawei.android.action.GET_PACKAGE_INSTALLATION_INFO
04-26 11:09:45.219  4245  4245 I HwSystemManager: HsmStat_event:"p_ipd","n=com.dc.hwsj,vc=180101,vn=1.8.01,s=adb install,u=0,r=1,rsn=0,si=true,im=2"
04-26 11:09:45.389  3455  3792 E WifiConfigStore: updateConfiguration freq=2452 BSSID=f0:3e:90:1b:92:c8 RSSI=-38 "testin-gz-04"WPA_PSK
04-26 11:09:45.462  3455  3495 I art     : Explicit concurrent mark sweep GC freed 79422(4MB) AllocSpace objects, 1(368KB) LOS objects, 8% free, 44MB/48MB, paused 3.550ms total 250.274ms
04-26 11:09:45.467  8223  8223 I art     : System.exit called, status: 0
04-26 11:09:45.467  8223  8223 I AndroidRuntime: VM exiting with result code 0.
04-26 11:09:45.468  3455  3495 I HwPFWLogger: AppAutoStartupPolicy:prevent start receiver of package com.huawei.gamebox for action android.intent.action.PACKAGE_ADDED
04-26 11:09:45.468  3455  3495 I HwPFWLogger: AppAutoStartupPolicy:prevent start receiver of package com.vmall.client for action android.intent.action.PACKAGE_ADDED
04-26 11:09:45.468  3455  3495 I HwPFWLogger: AppAutoStartupPolicy:prevent start receiver of package com.huawei.gamebox for action android.intent.action.PACKAGE_ADDED
04-26 11:09:45.469  3455  3495 I HwPFWLogger: AppAutoStartupPolicy:prevent start receiver of package com.huawei.hwireader for action android.intent.action.PACKAGE_ADDED
04-26 11:09:45.471  3907  3907 I IntelligentScene: mPackageReceiver, action= android.intent.action.PACKAGE_ADDED
04-26 11:09:45.471  3907  3907 I IntelligentScene: packageName = com.dc.hwsj
04-26 11:09:45.473  4245  4245 I HwSystemManager: HsmPackageManager:Receive intent:Intent { act=android.intent.action.PACKAGE_ADDED dat=package:com.dc.hwsj flg=0x4000010 (has extras) }
04-26 11:09:45.473  4245  4245 I HwSystemManager: HsmPackageManager:replacing:false
04-26 11:09:45.473  4245  4245 I HwSystemManager: HsmPackageManager:pkgName:com.dc.hwsj
04-26 11:09:45.474 10095 10095 I PushLog2615: [main-1]action is android.intent.action.PACKAGE_ADDED(android/null:-1)
04-26 11:09:45.474  5346  5346 I Bluetooth: BluetoothMapAppObserver:onReceive
04-26 11:09:45.474  5346  5346 I Bluetooth: BluetoothMapAppObserver:The installed package is: com.dc.hwsj
04-26 11:09:45.475 22321 22321 I HwSystemManager: HsmPackageManager:Receive intent:Intent { act=android.intent.action.PACKAGE_ADDED dat=package:com.dc.hwsj flg=0x4000010 (has extras) }
04-26 11:09:45.475 22321 22321 I HwSystemManager: HsmPackageManager:replacing:false
04-26 11:09:45.475 22321 22321 I HwSystemManager: HsmPackageManager:pkgName:com.dc.hwsj
04-26 11:09:45.475  5346  5346 I Bluetooth: BluetoothMapAppObserver:Found 0 application(s) with intent android.bluetooth.action.BLUETOOTH_MAP_PROVIDER
04-26 11:09:45.476  4245  4245 I HwSystemManager: HsmPackageManager:doAppInstalled, installed: com.dc.hwsj, prePkgExist:false, replacing:false
04-26 11:09:45.483  7334  7334 I HwLauncher: SimpleLauncherModeaction= android.intent.action.PACKAGE_ADDEDpackageName = com.dc.hwsj
04-26 11:09:45.483  7334  7334 W HwLauncher: SimpleLauncherMode onReceive : It's normal Launcher now, do not handle add packages
04-26 11:09:45.484  7334  7334 I HwLauncher: LauncherDownloadModel onReceive intent=Intent { act=android.intent.action.PACKAGE_ADDED dat=package:com.dc.hwsj flg=0x4000010 (has extras) }
04-26 11:09:45.484  4245  5044 W HwSystemManager: StartupConfData:getStartupAllowCfgCloud for com.dc.hwsj, isRec true return default
04-26 11:09:45.488 22321 22321 I HwSystemManager: HsmPackageManager:doAppInstalled, installed: com.dc.hwsj, prePkgExist:false, replacing:false
04-26 11:09:45.488  5346  5346 I Bluetooth: BluetoothMapAppObserver:Found 0 application(s) with intent android.bluetooth.action.BLUETOOTH_MAP_IM_PROVIDER
04-26 11:09:45.507  3455  3768 I InputReader: Reconfiguring input devices.  changes=0x00000010
04-26 11:09:45.540 23437 23524 I SendBroadcastPermission: action:com.huawei.appmarket.service.downloadservice.Receiver, mPermissionType:0
04-26 11:09:45.562 23437 23437 I SendBroadcastPermission: action:com.huawei.appmarket.service.downloadservice.Receiver, mPermissionType:0
04-26 11:09:45.632  7334  7334 I HwLauncher: LauncherDownloadModel onReceive intent=Intent { act=com.huawei.appmarket.service.downloadservice.Receiver flg=0x10 }
04-26 11:09:45.632  7334  7334 W HwLauncher: get getBundleExtra with downloadtask all return null!
04-26 11:09:45.748  3455  3483 I SendBroadcastPermission: action:android.net.conn.DATA_ACTIVITY_CHANGE, mPermissionType:0
04-26 11:09:45.757  3455  3474 I SendBroadcastPermission: action:android.search.action.SEARCHABLES_CHANGED, mPermissionType:0
04-26 11:09:45.758  2901 15566 I [Gralloc]: alloc w[16] h[16] format[1] usage[256]
04-26 11:09:45.758  2901 15566 I [Gralloc]: alloc succ handle[0x55a10dea60] stride[32]
04-26 11:09:45.761  8273  8290 E linker  : readlink('/proc/self/fd/21') failed: Permission denied [fd=21]
04-26 11:09:45.761  8273  8290 E linker  : warning: unable to get realpath for the library "/system/lib64/hw/gralloc.hi3635.so". Will use given name.
04-26 11:09:45.763  7334  7334 I HwLauncher: Model onPackageAdded packageName = com.dc.hwsj user = UserHandle{0}
04-26 11:09:45.764  7334  7334 I HwLauncher: MutilSelectedIcons onPreHandleUpdatedTask : mIsInMutilSelectMode = false task = 1 packages = [com.dc.hwsj] hasHandleInvisiblePanel = false
04-26 11:09:45.765  7334  7334 I HwLauncher: Model  enqueuePackageUpdated post task
04-26 11:09:45.765  7334  7415 I HwLauncher: Model  PackageUpdatedTask Op : 1
04-26 11:09:45.765  7334  7415 I HwLauncher: Model mAllAppsList.addPackage com.dc.hwsj
04-26 11:09:45.780 23437  5662 I System  : core_booster, getBoosterConfig = false
04-26 11:09:45.781  7334  7415 I HwLauncher: Launcher.IconCache, cacheLocked begin Utilities.createIconBitmap entry.title = Game of Sultans
04-26 11:09:45.810  7334  7415 I HwLauncher: Launcher.Utilities createIconBitmap classname = null, sourceWidth = 180, sourceHeight = 180
04-26 11:09:45.814  7334  7415 I HwLauncher: Launcher.IconCache, cacheLocked end Utilities.createIconBitmap entry.title = Game of Sultans
04-26 11:09:45.816  7334  7334 I HwLauncher: Workspace  addedAppsShortcutInfoOnWorkSpace isNeedAdd = true isBatchUninstalling = false isDownloadAndNotAdd= false
04-26 11:09:45.816  7334  7334 I HwLauncher: Workspace defaultDesktop:1,mCurrentPage:2,getChildCount():4,getMaxScreen():18
04-26 11:09:45.819  7334  7334 I HwLauncher: Workspace addAppToDesktop itemInfo=ShortcutInfo(title=Game of Sultans) success=true isInstalled=true checkPage=2 mCoordinates=1,4 view=null
04-26 11:09:45.827  8273  8290 E linker  : readlink('/proc/self/fd/21') failed: Permission denied [fd=21]
04-26 11:09:45.827  8273  8290 E linker  : warning: unable to get realpath for the library "libion.so". Will use given name.
04-26 11:09:45.832  7334  7415 I HwLauncher: Launcher.LauncherProvider  queried count: 0
04-26 11:09:45.832  7334  7415 I HwLauncher: Model check duplicated icons for Radar
04-26 11:09:45.834  3455  5097 I libgps  : Uknown message 0 in ../../../../tmp/14533598_251844/customers/huawei/k3v3android/delivery/libgps/libgps.cpp:326
04-26 11:09:45.855  8273  8290 E HAL     : load: id=gralloc != hmi->id=gralloc
04-26 11:09:46.060  8273  8303 I HwCust  : Constructor found for class com.android.contacts.preference.HwCustContactsPreferencesImpl
04-26 11:09:46.066  8273  8273 I HwCust  : Constructor found for class com.android.contacts.HwCustContactApplicationHelperImpl
04-26 11:09:46.090  8273  8303 I HwCust  : Constructor found for class com.android.contacts.model.account.HwCustFallbackAccountTypeImpl
04-26 11:09:46.108  8273  8273 I HwCust  : Constructor found for class android.app.HwCustHwWallpaperManagerImpl
04-26 11:09:46.125  8273  8273 W CfgFilePolicy: No config file found for:xml/rcs_defaults.xml
04-26 11:09:46.136  3455  4272 I PackageManager: Start dump, calling from : pid=8312, uid=2000
04-26 11:09:46.151  4510  4520 I PgedBinderListener: kstate callback type:8 value1=7160 value2=KILLED
04-26 11:09:46.173  3455  4289 E HsmCoreServiceImpl: onTransact in code is: 102
04-26 11:09:46.173  3455  4289 I MediaProcessHandler: processOp opType: 1, uid: 10001, pid: 7160
04-26 11:09:46.173  3455  4289 W MediaProcessHandler: remove target not exist, maybe the UI process: uid: 10001, pid: 7160
04-26 11:09:46.188  8273  8273 I HwCust  : Constructor found for class com.android.contacts.hap.HwCustCommonUtilMethodsImpl
04-26 11:09:46.242  3455  4540 I AccountManagerService: getTypesVisibleToCaller: isPermitted? true
04-26 11:09:46.252  8273  8315 I HwCust  : Constructor found for class com.android.contacts.model.account.HwCustAccountModelCustomizationImpl
04-26 11:09:46.279  3455  3455 I TrafficMonitor: update:rxPkts:14,txPkts:19,rxBytes:5948,txBytes:2143
04-26 11:09:46.279  3455  3455 I TrafficMonitor: start expired. level:-1
04-26 11:09:46.279  3455  3455 I TrafficMonitor: gettimer:interval=2000
04-26 11:09:46.295  8273  8315 I HwCust  : Constructor found for class com.android.contacts.model.account.HwCustExchangeAccountTypeImpl
04-26 11:09:46.295  2901  3493 I [Gralloc]: alloc w[16] h[16] format[1] usage[256]
04-26 11:09:46.295  2901  3493 I [Gralloc]: alloc succ handle[0x55a1118290] stride[32]
04-26 11:09:46.297  8316  8328 E linker  : readlink('/proc/self/fd/21') failed: Permission denied [fd=21]
04-26 11:09:46.297  8316  8328 E linker  : warning: unable to get realpath for the library "/system/lib/hw/gralloc.hi3635.so". Will use given name.
04-26 11:09:46.300  8316  8328 E linker  : readlink('/proc/self/fd/21') failed: Permission denied [fd=21]
04-26 11:09:46.300  8316  8328 E linker  : warning: unable to get realpath for the library "libion.so". Will use given name.
04-26 11:09:46.314  8316  8328 E HAL     : load: id=gralloc != hmi->id=gralloc
04-26 11:09:46.316  8273  8315 W ResourceType: For resource 0x7f0213ef, entry index(5103) is beyond type entryCount(475)
04-26 11:09:46.316  8273  8315 W ResourceType: Failure getting entry for 0x7f0213ef (t=1 e=5103) (error -75)
04-26 11:09:46.316  8273  8315 W ResourceType: For resource 0x7f0213ee, entry index(5102) is beyond type entryCount(475)
04-26 11:09:46.316  8273  8315 W ResourceType: Failure getting entry for 0x7f0213ee (t=1 e=5102) (error -75)
04-26 11:09:46.319  3455  4521 I AccountManagerService: getTypesVisibleToCaller: isPermitted? true
04-26 11:09:46.324  3455  4289 I AccountManagerService: getTypesVisibleToCaller: isPermitted? true
04-26 11:09:46.334  8273  8315 W ResourceType: For resource 0x7f0213ef, entry index(5103) is beyond type entryCount(475)
04-26 11:09:46.334  8273  8315 W ResourceType: Failure getting entry for 0x7f0213ef (t=1 e=5103) (error -75)
04-26 11:09:46.334  8273  8315 W ResourceType: For resource 0x7f0213ee, entry index(5102) is beyond type entryCount(475)
04-26 11:09:46.334  8273  8315 W ResourceType: Failure getting entry for 0x7f0213ee (t=1 e=5102) (error -75)
04-26 11:09:46.335  3455  4276 I AccountManagerService: getTypesVisibleToCaller: isPermitted? true
04-26 11:09:46.389  3455  3792 E WifiConfigStore: updateConfiguration freq=2452 BSSID=f0:3e:90:1b:92:c8 RSSI=-37 "testin-gz-04"WPA_PSK
04-26 11:09:46.421  8316  8316 I art     : System.exit called, status: 0
04-26 11:09:46.421  8316  8316 I AndroidRuntime: VM exiting with result code 0, cleanup skipped.
04-26 11:09:46.515  4510 13612 I PgedBinderListener: kstate callback type:8 value1=8316 value2=KILLED
04-26 11:09:46.516  3455  4487 E HsmCoreServiceImpl: onTransact in code is: 102
04-26 11:09:46.516  3455  4487 I MediaProcessHandler: processOp opType: 1, uid: 10022, pid: 8316
04-26 11:09:46.516  3455  4487 W MediaProcessHandler: remove target not exist, maybe the UI process: uid: 10022, pid: 8316
04-26 11:09:46.598  2901  2962 I [Gralloc]: alloc w[16] h[16] format[1] usage[256]
04-26 11:09:46.598  2901  2962 I [Gralloc]: alloc succ handle[0x55a11183c0] stride[32]
04-26 11:09:46.601  8331  8343 E linker  : readlink('/proc/self/fd/21') failed: Permission denied [fd=21]
04-26 11:09:46.602  8331  8343 E linker  : warning: unable to get realpath for the library "/system/lib/hw/gralloc.hi3635.so". Will use given name.
04-26 11:09:46.605  8331  8343 E linker  : readlink('/proc/self/fd/22') failed: Permission denied [fd=22]
04-26 11:09:46.606  8331  8343 E linker  : warning: unable to get realpath for the library "libion.so". Will use given name.
04-26 11:09:46.609  8331  8343 E HAL     : load: id=gralloc != hmi->id=gralloc
04-26 11:09:46.647  8331  8331 I Bootstrap: Starting system startup ...
04-26 11:09:46.657  8331  8331 I Configurator: onlineEnable: true, emotionVersion :9
04-26 11:09:46.660  8331  8331 I EMUIVerStartup: EmuiUtils.VERSION.EMUI_SDK_INT: 9
04-26 11:09:46.662  8331  8331 I EMUIVerStartup: isEMUI3x: true, isEMUI4x: true
04-26 11:09:46.665  8331  8331 I Bootstrap: System startup in 27 ms.
04-26 11:09:46.667  8331  8331 I HwVPlayerApp: Version : 1.4.5.312
04-26 11:09:46.683  8331  8331 I HW_APPLICATION: APPLICATION ONCREATE ---- processId:8331
04-26 11:09:46.686  8331  8331 I HW_APPLICATION: APPLICATION ONCREATE ---- processName:com.huawei.hwvplayer.youku:pushservice
04-26 11:09:46.693  8331  8331 I PushLogSC2601: [main-1]action is android.intent.action.PACKAGE_ADDED(youku/null:-1)
04-26 11:09:46.696  8331  8331 I PushLogSC2601: [main-1]run push selfshow(youku/null:-1)
04-26 11:09:46.719  8331  8361 I PushLogSC2601: [Thread-446-446]framework push exist, use framework push first(youku/null:-1)
04-26 11:09:46.734  4510  4522 I PgedBinderListener: kstate callback type:8 value1=7175 value2=KILLED
04-26 11:09:46.800  2901  2964 I [Gralloc]: alloc w[16] h[16] format[1] usage[256]
04-26 11:09:46.800  2901  2964 I [Gralloc]: alloc succ handle[0x55a10006b0] stride[32]
04-26 11:09:46.804  8362  8376 E linker  : readlink('/proc/self/fd/21') failed: Permission denied [fd=21]
04-26 11:09:46.804  8362  8376 E linker  : warning: unable to get realpath for the library "/system/lib/hw/gralloc.hi3635.so". Will use given name.
04-26 11:09:46.806  3455  4013 E HsmCoreServiceImpl: onTransact in code is: 102
04-26 11:09:46.806  3455  4013 W MediaProcessHandler: processOp uid 2000 is not concerned!
04-26 11:09:46.806  8362  8376 E linker  : readlink('/proc/self/fd/21') failed: Permission denied [fd=21]
04-26 11:09:46.807  8362  8376 E linker  : warning: unable to get realpath for the library "libion.so". Will use given name.
04-26 11:09:46.808  8362  8376 E HAL     : load: id=gralloc != hmi->id=gralloc
04-26 11:09:46.830  3455  5097 I libgps  : Uknown message 0 in ../../../../tmp/14533598_251844/customers/huawei/k3v3android/delivery/libgps/libgps.cpp:326
04-26 11:09:46.841  4510  4520 I PgedBinderListener: kstate callback type:8 value1=7144 value2=KILLED
04-26 11:09:46.846  4245  4245 I HwSystemManager: NotificationManagerReceiver:onReceive action = android.intent.action.PACKAGE_ADDED
