04-26 11:09:46.854 22321 22321 I HwSystemManager: AppInstallationReceiver:AppInstallationReceiver onReceive action = android.intent.action.PACKAGE_ADDED
04-26 11:09:46.854  4245 12835 I HwSystemManager: NmCenterDefValueXmlHelper:mCachedConfigs = null, init.
04-26 11:09:46.859  4245 12835 I HwSystemManager: NotificationDBAdapter:initNewApp: add to db:com.dc.hwsj, default:null
04-26 11:09:46.877 22321 22321 I HwSystemManager: BootBroadcastReceiver:BootBroadcastReceiver action =android.intent.action.PACKAGE_ADDED
04-26 11:09:46.878 22321 30267 I HwSystemManager: OptimizeReceiver:OptimizeReceiver received action:android.intent.action.PACKAGE_ADDED
04-26 11:09:46.880 22321 30267 I HwSystemManager: HandlePackageAdd:HandlePackageAdd replacing=false
04-26 11:09:46.880 22321 22395 I HwSystemManager: ProtectAppControl:handleMessage:6
04-26 11:09:46.880 22321 22395 I HwSystemManager: ProtectAppControl:begin install app inner:com.dc.hwsj
04-26 11:09:46.881 22321  6590 I HwSystemManager: UnifiedPowerAppControl:handleMessage:6
04-26 11:09:46.883 22321  6590 I HwSystemManager: UnifiedPowerAppControl:begin install app inner:com.dc.hwsj
04-26 11:09:46.887 22321 29272 I HwSystemManager: CommonFunctionUtil:updatePermissionCfgFromPrepermission, compareCode = 33554432
04-26 11:09:46.888 22321  6590 I HwSystemManager: UnifiedPowerAppControl: null == unifiedPowerBean
04-26 11:09:46.889  4245 14910 W HwSystemManager: NotificationDBProvider:queryNotificationList: nType = 1
04-26 11:09:46.900  4245  4257 I HwSystemManager: HsmPackageManager:get all installed packages, flag:0, size:152
04-26 11:09:46.907 22321  6590 I HwSystemManager: UnifiedPowerAppControl:applyControlPolicy pkgName =com.dc.hwsj hasIcon =true
04-26 11:09:46.907 22321  6590 I HwSystemManager: UnifiedPowerAppControl:applyControlPolicy 2
04-26 11:09:46.907 22321  6590 I HwSystemManager: UnifiedPowerAppControl:applyControlPolicy 4
04-26 11:09:46.910 22321 22321 I HwSystemManager: NetAppDBManager:insert to db: name = com.dc.hwsj uid = 15278 app type = false
04-26 11:09:46.911 22321  6590 W HwSystemManager: UnifiedPowerAppControl:useCloudDataOverwriteLocalBean null of com.dc.hwsj
04-26 11:09:46.911 22321  6590 I HwSystemManager: UnifiedPowerAppControl:apkName com.dc.hwsj protect = false show =true
04-26 11:09:46.916 22321 22395 I HwSystemManager: PowerGenieDbHelper:delete protect app:com.dc.hwsj
04-26 11:09:46.927  4510  4510 I ash     : apps protected state changed by system manager.
04-26 11:09:46.927  4245  5584 I HwSystemManager: SmartProvider:retUri =content://com.huawei.android.smartpowerprovider/unifiedpowerapps/121
04-26 11:09:46.927 22321 29272 I HwSystemManager: CommonFunctionUtil:updatePermissionCfgFromPrepermission: Auto-apply recommend permission switch is on
04-26 11:09:46.927 22321 29272 I HwSystemManager: InstallPermissionHelper:getPermissionBaseInfo: origCode = 0, origCfg = 0
04-26 11:09:46.928 22321  6590 I HwSystemManager: SmartProviderHelper:insertUnifiedPowerAppListForDB  type:false pkg=com.dc.hwsj show=true
04-26 11:09:46.930  4510  4510 I ash     : apps protected state changed by system manager.
04-26 11:09:46.930  4245  8378 W HwSystemManager: TencentAntiVirusEngine:initQScanner: Already initialized ,skip
04-26 11:09:46.932 22321 22321 W HwSystemManager: AddViewAppManager:Current installed app not apply system_alert_window or applicationInfo null!
04-26 11:09:46.932  4245  4480 W HwSystemManager: AbsRecommendQuery:queryRecommendData get a invalid cursor, maybe no matched result exist!
04-26 11:09:46.933 22321 29272 E HwSystemManager: InstallPermissionHelper:error getRecommendItemList Exception
04-26 11:09:46.933 22321 29272 I HwSystemManager: InstallPermissionHelper:getPermissionBaseInfo: No recommend permission for pkg com.dc.hwsj
04-26 11:09:46.943  4510  4510 I ash     : apps cleanList state changed
04-26 11:09:46.949  4245 10506 I HwSystemManager: ProtectAppService:send unprotect list broadcast to FWK, isSleepingSave: false, size: 22
04-26 11:09:46.949  4245 10506 I HwSystemManager: , unprotect list:[com.huawei.android.ds, com.android.calculator2, com.nuance.swype.emui, com.umetrip.android.msky.app, ctrip.android.view, com.baidu.searchbox_AndroidM, com.huawei.wallet, com.inveno.hwread, com.huawei.fans, com.huawei.android.thememanager, com.huawei.vdrive, com.huawei.lives, com.huawei.compass, com.lifevibes.grouprecorder, com.android.im, com.lemi.chasebook, cn.testin, android.imyfone.com.monimasterforandroid, cn.testin.test, cn.testin.itestin.test, cn.testin.itestin, com.dc.hwsj]
04-26 11:09:46.949 22321 28209 I HwSystemManager: SpaceCleanReceiver:receive intent:android.intent.action.PACKAGE_ADDED
04-26 11:09:46.949  4245 10506 I SendBroadcastPermission: action:huawei.intent.action.HW_STOPPED_PACKAGE_ACTION, mPermissionType:0
04-26 11:09:46.967 22321 29272 I HwSystemManager: HsmPackageManager:get all installed packages, flag:0, size:152
04-26 11:09:46.967 22321 29272 E HwSystemManager: PermissionDBAdapter:appcationsList size:152
04-26 11:09:46.993 22321  8379 I System  : core_booster, getBoosterConfig = false
04-26 11:09:47.000  4245  4245 E HwSystemManager: AppCleanUpService:msg is 0
04-26 11:09:47.000 22321 28209 I HwSystemManager: SpaceCleanReceiver:package added: com.dc.hwsj
04-26 11:09:47.002  3455  4018 E HsmCoreServiceImpl: onTransact in code is: 102
04-26 11:09:47.002  3455  4018 I MediaProcessHandler: processOp opType: 1, uid: 10039, pid: 7144
04-26 11:09:47.002  3455  4018 W MediaProcessHandler: remove target not exist, maybe the UI process: uid: 10039, pid: 7144
04-26 11:09:47.003  4245  8389 I HwSystemManager: AppCleanUpService:begin to insertAppWithPkgName, pkg:com.dc.hwsj
04-26 11:09:47.004 22321 28209 E HwSystemManager: SpaceCleanReceiver:doPkgAdd pi is not valid permission
04-26 11:09:47.007  3455  4543 I AccountManagerService: getTypesVisibleToCaller: isPermitted? true
04-26 11:09:47.033 22321  8379 I System  : core_booster, getBoosterConfig = false
04-26 11:09:47.081  2901  2962 I [Gralloc]: alloc w[16] h[16] format[1] usage[256]
04-26 11:09:47.081  2901  2962 I [Gralloc]: alloc succ handle[0x55a119dd10] stride[32]
04-26 11:09:47.085  8382  8397 E linker  : readlink('/proc/self/fd/21') failed: Permission denied [fd=21]
04-26 11:09:47.085  8382  8397 E linker  : warning: unable to get realpath for the library "/system/lib64/hw/gralloc.hi3635.so". Will use given name.
04-26 11:09:47.089  8382  8397 E linker  : readlink('/proc/self/fd/21') failed: Permission denied [fd=21]
04-26 11:09:47.089  8382  8397 E linker  : warning: unable to get realpath for the library "libion.so". Will use given name.
04-26 11:09:47.091  8273  8308 E linker  : readlink('/proc/self/fd/27') failed: Permission denied [fd=27]
04-26 11:09:47.091  8273  8308 E linker  : warning: unable to get realpath for the library "/system/framework/oat/arm64/com.android.contacts.separated.odex". Will use given name.
04-26 11:09:47.093 22321 29272 I HwSystemManager: CommonFunctionUtil:pkgName sync config to M Permission group; contentValues:permissionCfg=0 uid=15278 packageName=com.dc.hwsj trust=0 permissionCode=0
04-26 11:09:47.097  8382  8397 E HAL     : load: id=gralloc != hmi->id=gralloc
04-26 11:09:47.129 22321 29272 I HwSystemManager: HsmPackageManager:get all installed packages, flag:0, size:152
04-26 11:09:47.129 22321 29272 E HwSystemManager: PermissionDBAdapter:appcationsList size:152
04-26 11:09:47.131  4510  5333 I ash     : start refresh apps
04-26 11:09:47.135  4510  5333 I ash     : protect frz apps: [com.baidu.input_huawei, com.android.exchange, com.baidu.map.location, com.huawei.screenrecorder, com.huawei.gamebox, com.huawei.appmarket, com.huawei.bd, com.tencent.mobileqq, com.android.email, com.huawei.geofence, com.android.backupconfirm, com.android.location.fused, com.tencent.mm, com.huawei.skytone, com.android.dreams.basic, com.huawei.phonediagnose, com.huawei.wallet, com.google.android.webview, com.huawei.android.hwaps, com.huawei.health]
04-26 11:09:47.135  4510  5333 I ash     : unprotect frz apps: [com.huawei.android.ds, com.example.android.notepad, cn.testin.test, com.baidu.searchbox_AndroidM, cn.testin.itestin.test, com.huawei.vdrive, com.android.gallery3d, com.nuance.swype.emui, cn.testin.itestin, org.mopria.printplugin, android.imyfone.com.monimasterforandroid, com.huawei.camera, com.huawei.hidisk, com.android.noisefield, com.huawei.lives, com.huawei.compass, com.android.dreams.phototable, com.inveno.hwread, com.android.galaxy4, com.huawei.android.karaokeeffect, com.android.mediacenter, com.lifevibes.grouprecorder, com.huawei.android.airsharing, com.android.phasebeam, com.android.wallpaper.holospiral, cn.testin, com.vmall.client, com.huawei.remoteassistant, com.android.wallpapercropper, com.huawei.fans, com.umetrip.android.msky.app, com.dc.hwsj, com.android.browser, ctrip.android.view, com.huawei.hwireader, com.android.hwmirror, com.android.im, com.android.wallpaper.livepicker, com.dianping.v1]
04-26 11:09:47.160 22321 29272 I SendBroadcastPermission: action:PACKAGE_ADDED_OR_REMOVED, mPermissionType:0
04-26 11:09:47.173  8382  8382 W System  : ClassLoader referenced unknown path: /system/app/HwKaraokeEffect/lib/arm64
04-26 11:09:47.245  8382  8382 I karaokeeffect.IntentReceiver: Intent received, action=android.intent.action.PACKAGE_ADDED
04-26 11:09:47.246  8382  8382 I karaokeeffect.DataPortal: DataPortal
04-26 11:09:47.255 22321  8379 I HwSystemManager: ServerRequestHelper:checkServerResponseCode: resultCode = 20000
04-26 11:09:47.259 22321  8379 I System  : core_booster, getBoosterConfig = false
04-26 11:09:47.271  8382  8382 I karaokeeffect.DataPortal: checkAndAddApp, packageName=com.dc.hwsj
04-26 11:09:47.285  4245  4257 I HwSystemManager: NotificationDBProvider:queryNotificationLimits , return bundle
04-26 11:09:47.302 22321  8379 I System  : core_booster, getBoosterConfig = false
04-26 11:09:47.347  2901  3493 I [Gralloc]: alloc w[16] h[16] format[1] usage[256]
04-26 11:09:47.347  2901  3493 I [Gralloc]: alloc succ handle[0x55a119dd10] stride[32]
04-26 11:09:47.351  8401  8413 E linker  : readlink('/proc/self/fd/21') failed: Permission denied [fd=21]
04-26 11:09:47.354  8401  8413 E linker  : warning: unable to get realpath for the library "/system/lib/hw/gralloc.hi3635.so". Will use given name.
04-26 11:09:47.366  8401  8413 E linker  : readlink('/proc/self/fd/21') failed: Permission denied [fd=21]
04-26 11:09:47.369  3455  3792 E WifiConfigStore: updateConfiguration freq=2452 BSSID=f0:3e:90:1b:92:c8 RSSI=-35 "testin-gz-04"WPA_PSK
04-26 11:09:47.381  8401  8413 E linker  : warning: unable to get realpath for the library "libion.so". Will use given name.
04-26 11:09:47.383  3455  3792 E WifiConfigStore: updateConfiguration freq=2452 BSSID=f0:3e:90:1b:92:c8 RSSI=-34 "testin-gz-04"WPA_PSK
04-26 11:09:47.388  8401  8413 E HAL     : load: id=gralloc != hmi->id=gralloc
04-26 11:09:47.470  4245  8378 I HwSystemManager: AntiVirusService:found virusscan pkg, send broadcast. pkg:com.dc.hwsj
04-26 11:09:47.470  4245  8378 I SendBroadcastPermission: action:com.huawei.systemmanager.action.found_virusscan_app, mPermissionType:0
04-26 11:09:47.496 22321  8379 I HwSystemManager: ServerRequestHelper:checkServerResponseCode: resultCode = 20000
04-26 11:09:47.505  8417  8417 E dex2oat : Failed to create oat file: /data/dalvik-cache/arm/system@app@SkyTone@SkyTone.apk@classes.dex: Permission denied
04-26 11:09:47.506  4510  4520 I PgedBinderListener: kstate callback type:8 value1=7292 value2=KILLED
04-26 11:09:47.510  8417  8417 I dex2oat : dex2oat took 2.500ms (threads: 4) 
04-26 11:09:47.520  8401  8401 W art     : Failed execv(/system/bin/dex2oat --runtime-arg -classpath --runtime-arg  --instruction-set=arm --instruction-set-features=smp,div,atomic_ldrd_strd --runtime-arg -Xrelocate --boot-image=/system/framework/boot.art --runtime-arg -Xms64m --runtime-arg -Xmx512m --instruction-set-variant=cortex-a15 --instruction-set-features=default --dex-file=/system/app/SkyTone/SkyTone.apk --oat-file=/data/dalvik-cache/arm/system@app@SkyTone@SkyTone.apk@classes.dex) because non-0 exit status
04-26 11:09:47.646  3455  4289 E HsmCoreServiceImpl: onTransact in code is: 102
04-26 11:09:47.646  3455  4289 I MediaProcessHandler: processOp opType: 1, uid: 10035, pid: 7292
04-26 11:09:47.646  3455  4289 W MediaProcessHandler: remove target not exist, maybe the UI process: uid: 10035, pid: 7292
04-26 11:09:47.830  3455  5097 I libgps  : Uknown message 0 in ../../../../tmp/14533598_251844/customers/huawei/k3v3android/delivery/libgps/libgps.cpp:326
04-26 11:09:48.047  8401  8401 I LibV1.0.1-AccountMgr: begin check so
04-26 11:09:48.280  3455  3455 I TrafficMonitor: update:rxPkts:20,txPkts:27,rxBytes:11099,txBytes:3843
04-26 11:09:48.280  3455  3455 I TrafficMonitor: start expired. level:-1
04-26 11:09:48.280  3455  3455 I TrafficMonitor: gettimer:interval=2000
04-26 11:09:48.388  3455  3792 E WifiConfigStore: updateConfiguration freq=2452 BSSID=f0:3e:90:1b:92:c8 RSSI=-35 "testin-gz-04"WPA_PSK
04-26 11:09:48.392  3455  3849 I HuaweiWifiWatchdogStateMachine: spd good count:0, add sc:0.0, rate:1.0
04-26 11:09:48.392  3455  3849 I HuaweiWifiWatchdogStateMachine: current mHighDataFlowRate = 1.0
04-26 11:09:48.392  3455  3849 I HuaweiWifiWatchdogStateMachine: POta txb txg rxg:0, 48, 0. Lr =0% Totpkt=48
04-26 11:09:48.392  3455  3455 I WifiProJNI: ######### CMD_QUERY_PKTS ########
04-26 11:09:48.392  3455  3848 I QosMonitor: postEventFromNative: msg=100,arg1=0,arg2=9
04-26 11:09:48.392  3455  3848 W WifiProJNI: poll before: g_monitor_fd =160
04-26 11:09:48.392  3455  3455 I MQoS    : rtt=220,tcp_tx_pkts=30144,tcp_rx_pkts=43282
04-26 11:09:48.394  3455  3849 I HuaweiWifiWatchdogStateMachine: PTcp RTT:220, rtt pkt=14, tcp_rx=32, tcp_tx=44, tcp_reTran=0, rtRate=0
04-26 11:09:48.394  3455  3455 I MQoS    : QOS_level:0(0),wifi-link;SIM error;use level-0
04-26 11:09:48.395  3455  3849 I HuaweiWifiWatchdogStateMachine: rt ota tcp rl bad: false, false, false, false; rsth:-75
04-26 11:09:48.395  3455  3849 I HuaweiWifiWatchdogStateMachine:  pkt chk not bad, ### mPktChkBadCnt and sc is 0.
04-26 11:09:48.471  8401  8401 I LibV1.0.1-AccountMgr: end check so ok
04-26 11:09:48.570  8401  8401 I PushLogSC2609: [main-1]action is android.intent.action.PACKAGE_ADDED(skytone/null:-1)
04-26 11:09:48.574  8401  8401 I PushLogSC2609: [main-1]run push selfshow(skytone/null:-1)
04-26 11:09:48.619  4510  4522 I PgedBinderListener: kstate callback type:8 value1=6746 value2=KILLED
04-26 11:09:48.620  4510  5333 I ash     : removeProcessDependency pid:6746
04-26 11:09:48.621  8401  8433 I PushLogSC2609: [Thread-448-448]framework push exist, use framework push first(skytone/null:-1)
04-26 11:09:48.686  2901 15566 I [Gralloc]: alloc w[16] h[16] format[1] usage[256]
04-26 11:09:48.686  2901 15566 I [Gralloc]: alloc succ handle[0x55a119dd10] stride[32]
04-26 11:09:48.688  8434  8451 E linker  : readlink('/proc/self/fd/21') failed: Permission denied [fd=21]
04-26 11:09:48.688  8434  8451 E linker  : warning: unable to get realpath for the library "/system/lib64/hw/gralloc.hi3635.so". Will use given name.
04-26 11:09:48.690  8434  8451 E linker  : readlink('/proc/self/fd/21') failed: Permission denied [fd=21]
04-26 11:09:48.690  8434  8451 E linker  : warning: unable to get realpath for the library "libion.so". Will use given name.
04-26 11:09:48.692  8434  8451 E HAL     : load: id=gralloc != hmi->id=gralloc
04-26 11:09:48.727  3455  4523 E HsmCoreServiceImpl: onTransact in code is: 102
04-26 11:09:48.728  3455  4523 W MediaProcessHandler: processOp uid 1001 is not concerned!
04-26 11:09:48.730  5527  5527 I SNS_SDK_APK: [2019-04-26 11:09:48.726 I/hwsns/SNS_SDK_APK 5527:1 :352] sns sdk onunbind.
04-26 11:09:48.731  5527  5527 I SNS_SDK_APK: [2019-04-26 11:09:48.730 I/hwsns/SNS_SDK_APK 5527:1 :338] sns sdk destroy.
04-26 11:09:48.735  5527  5605 I AppLogManager: PrintWoker poll timeout , shutdown
04-26 11:09:48.768  7397  7397 I com.huawei.gallery.photoshare.utils.PhotoShareUtils: bindPhotoShareService duration=35
04-26 11:09:48.776  8454  8454 E dex2oat : Failed to create oat file: /data/dalvik-cache/arm64/system@app@HwPhoneFinder@HwPhoneFinder.apk@classes.dex: Permission denied
04-26 11:09:48.776  8454  8454 I dex2oat : dex2oat took 897.500us (threads: 4) 
04-26 11:09:48.779  8434  8434 W art     : Failed execv(/system/bin/dex2oat --runtime-arg -classpath --runtime-arg  --instruction-set=arm64 --instruction-set-features=smp,a53 --runtime-arg -Xrelocate --boot-image=/system/framework/boot.art --runtime-arg -Xms64m --runtime-arg -Xmx512m --instruction-set-variant=generic --instruction-set-features=default --dex-file=/system/app/HwPhoneFinder/HwPhoneFinder.apk --oat-file=/data/dalvik-cache/arm64/system@app@HwPhoneFinder@HwPhoneFinder.apk@classes.dex) because non-0 exit status
04-26 11:09:48.834  3455  5097 I libgps  : Uknown message 0 in ../../../../tmp/14533598_251844/customers/huawei/k3v3android/delivery/libgps/libgps.cpp:326
04-26 11:09:48.836  2901 15566 I [Gralloc]: alloc w[16] h[16] format[1] usage[256]
04-26 11:09:48.837  2901 15566 I [Gralloc]: alloc succ handle[0x55a10deec0] stride[32]
04-26 11:09:48.839  8461  8474 E linker  : readlink('/proc/self/fd/21') failed: Permission denied [fd=21]
04-26 11:09:48.839  8461  8474 E linker  : warning: unable to get realpath for the library "/system/lib64/hw/gralloc.hi3635.so". Will use given name.
04-26 11:09:48.841  8461  8474 E linker  : readlink('/proc/self/fd/21') failed: Permission denied [fd=21]
04-26 11:09:48.841  8461  8474 E linker  : warning: unable to get realpath for the library "libion.so". Will use given name.
04-26 11:09:48.843  8461  8474 E HAL     : load: id=gralloc != hmi->id=gralloc
04-26 11:09:48.932  8479  8479 E dex2oat : Failed to create oat file: /data/dalvik-cache/arm64/system@delapp@HwHiSync@HwHiSync.apk@classes.dex: Permission denied
04-26 11:09:48.932  8479  8479 I dex2oat : dex2oat took 838.541us (threads: 4) 
04-26 11:09:48.935  8461  8461 W art     : Failed execv(/system/bin/dex2oat --runtime-arg -classpath --runtime-arg  --instruction-set=arm64 --instruction-set-features=smp,a53 --runtime-arg -Xrelocate --boot-image=/system/framework/boot.art --runtime-arg -Xms64m --runtime-arg -Xmx512m --instruction-set-variant=generic --instruction-set-features=default --dex-file=/system/delapp/HwHiSync/HwHiSync.apk --oat-file=/data/dalvik-cache/arm64/system@delapp@HwHiSync@HwHiSync.apk@classes.dex) because non-0 exit status
04-26 11:09:48.949  2902  2922 I teecd   : Connected. UID=1000, PID=3455
04-26 11:09:49.148  2902  2922 E tee_get_app_cert: cannot find package:system_server
04-26 11:09:49.148  2902  2922 E tee_get_app_cert: get certs for app failed
04-26 11:09:49.173  3455  3792 I SendBroadcastPermission: action:android.net.wifi.SCAN_RESULTS, mPermissionType:0
04-26 11:09:49.180  4525  5271 W PhoneInterfaceManager: shouldBlockLocation running ...
04-26 11:09:49.181  4525  5271 I PhoneInterfaceManager: shouldBlockLocation  ret:false
04-26 11:09:49.189  4422  4622 I NLP     : result:[location successful], reason:[network location]
04-26 11:09:49.191  2902  2922 I teecd   : Got certificate buffer len 107!
04-26 11:09:49.191  2902  2922 I teecd   : Waiting for a connection...
04-26 11:09:49.229  2901  5178 I [Gralloc]: alloc w[16] h[16] format[1] usage[256]
04-26 11:09:49.229  2901  5178 I [Gralloc]: alloc succ handle[0x55a101d7d0] stride[32]
04-26 11:09:49.233  8491  8503 E linker  : readlink('/proc/self/fd/22') failed: Permission denied [fd=22]
04-26 11:09:49.234  8491  8503 E linker  : warning: unable to get realpath for the library "/system/lib64/hw/gralloc.hi3635.so". Will use given name.
04-26 11:09:49.237  8491  8503 E linker  : readlink('/proc/self/fd/22') failed: Permission denied [fd=22]
04-26 11:09:49.237  8491  8503 E linker  : warning: unable to get realpath for the library "libion.so". Will use given name.
04-26 11:09:49.239  8491  8503 E HAL     : load: id=gralloc != hmi->id=gralloc
04-26 11:09:49.247  8491  8491 W System  : ClassLoader referenced unknown path: /system/app/CalendarProvider/lib/arm64
04-26 11:09:49.287  2902  2922 I teecd   : Connected. UID=1000, PID=3455
04-26 11:09:49.297  8491  8491 I HwCust  : Constructor found for class android.app.HwCustAlarmManagerImpl
04-26 11:09:49.306  3455  4521 I AccountManagerService: getTypesVisibleToCaller: isPermitted? true
04-26 11:09:49.324  8461  8461 E hisync.STUtils: 
04-26 11:09:49.324  8461  8461 E hisync.STUtils: java.lang.IllegalArgumentException: input.length=0; inputOffset=16; inputLen=-16
04-26 11:09:49.324  8461  8461 E hisync.STUtils: 	at javax.crypto.Cipher.checkInputOffsetAndCount(Cipher.java:1203)
04-26 11:09:49.324  8461  8461 E hisync.STUtils: 	at javax.crypto.Cipher.doFinal(Cipher.java:1539)
04-26 11:09:49.324  8461  8461 E hisync.STUtils: 	at com.huawei.android.hicloud.util.a.a(Aes128Cbc.java:264)
04-26 11:09:49.324  8461  8461 E hisync.STUtils: 	at com.huawei.android.hicloud.util.a.b(Aes128Cbc.java:131)
04-26 11:09:49.324  8461  8461 E hisync.STUtils: 	at com.huawei.android.hicloud.util.z.c(STUtils.java:105)
04-26 11:09:49.324  8461  8461 E hisync.STUtils: 	at com.huawei.android.hicloud.common.account.a.b(AccountInfo.java:198)
04-26 11:09:49.324  8461  8461 E hisync.STUtils: 	at com.huawei.android.hicloud.common.account.a.a(AccountInfo.java:155)
04-26 11:09:49.324  8461  8461 E hisync.STUtils: 	at com.huawei.android.hicloud.HicloudApplication.onCreate(HicloudApplication.java:70)
04-26 11:09:49.324  8461  8461 E hisync.STUtils: 	at android.app.Instrumentation.callApplicationOnCreate(Instrumentation.java:1015)
04-26 11:09:49.324  8461  8461 E hisync.STUtils: 	at android.app.ActivityThread.handleBindApplication(ActivityThread.java:4786)
04-26 11:09:49.324  8461  8461 E hisync.STUtils: 	at android.app.ActivityThread.access$1600(ActivityThread.java:165)
04-26 11:09:49.324  8461  8461 E hisync.STUtils: 	at android.app.ActivityThread$H.handleMessage(ActivityThread.java:1430)
04-26 11:09:49.324  8461  8461 E hisync.STUtils: 	at android.os.Handler.dispatchMessage(Handler.java:102)
04-26 11:09:49.324  8461  8461 E hisync.STUtils: 	at android.os.Looper.loop(Looper.java:150)
04-26 11:09:49.324  8461  8461 E hisync.STUtils: 	at android.app.ActivityThread.main(ActivityThread.java:5546)
04-26 11:09:49.324  8461  8461 E hisync.STUtils: 	at java.lang.reflect.Method.invoke(Native Method)
04-26 11:09:49.324  8461  8461 E hisync.STUtils: 	at com.android.internal.os.ZygoteInit$MethodAndArgsCaller.run(ZygoteInit.java:794)
04-26 11:09:49.324  8461  8461 E hisync.STUtils: 	at com.android.internal.os.ZygoteInit.main(ZygoteInit.java:684)
04-26 11:09:49.326  8461  8461 E hisync.STUtils: 
04-26 11:09:49.326  8461  8461 E hisync.STUtils: java.lang.IllegalArgumentException: input.length=0; inputOffset=16; inputLen=-16
04-26 11:09:49.326  8461  8461 E hisync.STUtils: 	at javax.crypto.Cipher.checkInputOffsetAndCount(Cipher.java:1203)
04-26 11:09:49.326  8461  8461 E hisync.STUtils: 	at javax.crypto.Cipher.doFinal(Cipher.java:1539)
04-26 11:09:49.326  8461  8461 E hisync.STUtils: 	at com.huawei.android.hicloud.util.a.a(Aes128Cbc.java:264)
04-26 11:09:49.326  8461  8461 E hisync.STUtils: 	at com.huawei.android.hicloud.util.a.b(Aes128Cbc.java:131)
04-26 11:09:49.326  8461  8461 E hisync.STUtils: 	at com.huawei.android.hicloud.util.z.c(STUtils.java:105)
04-26 11:09:49.326  8461  8461 E hisync.STUtils: 	at com.huawei.android.hicloud.common.account.a.b(AccountInfo.java:199)
04-26 11:09:49.326  8461  8461 E hisync.STUtils: 	at com.huawei.android.hicloud.common.account.a.a(AccountInfo.java:155)
04-26 11:09:49.326  8461  8461 E hisync.STUtils: 	at com.huawei.android.hicloud.HicloudApplication.onCreate(HicloudApplication.java:70)
04-26 11:09:49.326  8461  8461 E hisync.STUtils: 	at android.app.Instrumentation.callApplicationOnCreate(Instrumentation.java:1015)
04-26 11:09:49.326  8461  8461 E hisync.STUtils: 	at android.app.ActivityThread.handleBindApplication(ActivityThread.java:4786)
04-26 11:09:49.326  8461  8461 E hisync.STUtils: 	at android.app.ActivityThread.access$1600(ActivityThread.java:165)
04-26 11:09:49.326  8461  8461 E hisync.STUtils: 	at android.app.ActivityThread$H.handleMessage(ActivityThread.java:1430)
04-26 11:09:49.326  8461  8461 E hisync.STUtils: 	at android.os.Handler.dispatchMessage(Handler.java:102)
04-26 11:09:49.326  8461  8461 E hisync.STUtils: 	at android.os.Looper.loop(Looper.java:150)
04-26 11:09:49.326  8461  8461 E hisync.STUtils: 	at android.app.ActivityThread.main(ActivityThread.java:5546)
04-26 11:09:49.326  8461  8461 E hisync.STUtils: 	at java.lang.reflect.Method.invoke(Native Method)
04-26 11:09:49.326  8461  8461 E hisync.STUtils: 	at com.android.internal.os.ZygoteInit$MethodAndArgsCaller.run(ZygoteInit.java:794)
04-26 11:09:49.326  8461  8461 E hisync.STUtils: 	at com.android.internal.os.ZygoteInit.main(ZygoteInit.java:684)
04-26 11:09:49.356  8461  8461 E CloudGallaryService: [CloudDBManager[v2.0.0]]: initDataBase start!
04-26 11:09:49.395  3455  3792 E WifiConfigStore: updateConfiguration freq=2452 BSSID=f0:3e:90:1b:92:c8 RSSI=-38 "testin-gz-04"WPA_PSK
04-26 11:09:49.452  8461  8461 E CloudGallaryService: [StorageStatusReceiver[v2.0.0]]: StorageStatusReceiver inited
04-26 11:09:49.476  2902  2922 E tee_get_app_cert: cannot find package:system_server
04-26 11:09:49.476  2902  2922 E tee_get_app_cert: get certs for app failed
04-26 11:09:49.515  3455  3837 E HwCHRWebMonitor: getFileResult throw exceptionjava.io.FileNotFoundException: proc/net/wifi_network_stat: open failed: ENOENT (No such file or directory)
04-26 11:09:49.517  2902  2922 I teecd   : Got certificate buffer len 107!
04-26 11:09:49.517  2902  2922 I teecd   : Waiting for a connection...
04-26 11:09:49.563  2937  2937 E Thermal-daemon: [flash_led] temp_new :41  temp_old :40
04-26 11:09:49.564  2937  2937 E Thermal-daemon: Report temperature: [flash_led] temp :41  report_threshold:1
04-26 11:09:49.565  4510  5332 W ThermalStateManager: trigLevel = 0, mSimTrigLevel = 0, tempPolicy = 0
04-26 11:09:49.565  4510  5332 I ThermalStateManager: sensor name: flash temperature: 41 , thermal action: bcurrent policy:200
04-26 11:09:49.583  4510  4520 I PgedBinderListener: kstate callback type:8 value1=7363 value2=KILLED
04-26 11:09:49.611  2902  2952 E teecd   : access file(/sec_storage/1C624BD4FC81D4EA7D9FDE09A60E56E45FC1F1CB7811AA2016A19E60CA2BB932) mode(0) failed: No such file or directory
04-26 11:09:49.621  3455  3468 E libteec : [error] TEEC_InvokeCommand: invoke cmd failed, code=0xffff5002, origin=4
04-26 11:09:49.621  3455  3468 E huawei_antiTheft: invoke command 20002 failed, code=0xffff5002, origin=0x4 , type=0x1 in huawei_antiTheft_getFileSize
04-26 11:09:49.621  3455  3468 E HwAntiTheftService_jni: native_read getFileSize fail
04-26 11:09:49.667  4510  5333 W SwitchManager: NoSuchMethod: IPowerManager setChargeHotLimit [int,int]
04-26 11:09:49.667  4510  5333 I powergenie_jni: set charge limit 2: 200
04-26 11:09:49.687  3455  3468 E HsmCoreServiceImpl: onTransact in code is: 102
04-26 11:09:49.687  3455  3468 I MediaProcessHandler: processOp opType: 1, uid: 10073, pid: 7363
04-26 11:09:49.687  3455  3468 W MediaProcessHandler: remove target not exist, maybe the UI process: uid: 10073, pid: 7363
04-26 11:09:49.692  8434  8434 E hisync.STUtils: decrypterCbc Exception
04-26 11:09:49.694  8434  8434 E hisync.STUtils: decrypterCbc Exception
04-26 11:09:49.695  8434  8434 E hisync.STUtils: decrypterCbc Exception
04-26 11:09:49.696  8434  8434 E hisync.STUtils: decrypterCbc Exception
04-26 11:09:49.708  8434  8434 I PushLogSC2609: [main-1]action is android.intent.action.PACKAGE_ADDED(remotecontrol/null:-1)
04-26 11:09:49.712  8434  8434 I PushLogSC2609: [main-1]run push selfshow(remotecontrol/null:-1)
04-26 11:09:49.746  8434  8517 I PushLogSC2609: [Thread-904-904]framework push exist, use framework push first(remotecontrol/null:-1)
04-26 11:09:49.757  4510  4522 I PgedBinderListener: kstate callback type:8 value1=7464 value2=KILLED
04-26 11:09:49.819  2901  3493 I [Gralloc]: alloc w[16] h[16] format[1] usage[256]
04-26 11:09:49.819  2901  3493 I [Gralloc]: alloc succ handle[0x55a107a790] stride[32]
04-26 11:09:49.821  8518  8534 E linker  : readlink('/proc/self/fd/21') failed: Permission denied [fd=21]
04-26 11:09:49.821  8518  8534 E linker  : warning: unable to get realpath for the library "/system/lib64/hw/gralloc.hi3635.so". Will use given name.
04-26 11:09:49.824  8518  8534 E linker  : readlink('/proc/self/fd/21') failed: Permission denied [fd=21]
04-26 11:09:49.825  8518  8534 E linker  : warning: unable to get realpath for the library "libion.so". Will use given name.
04-26 11:09:49.827  8518  8534 E HAL     : load: id=gralloc != hmi->id=gralloc
04-26 11:09:49.831  3455  5097 I libgps  : Uknown message 0 in ../../../../tmp/14533598_251844/customers/huawei/k3v3android/delivery/libgps/libgps.cpp:326
04-26 11:09:49.845  8518  8518 W System  : ClassLoader referenced unknown path: /system/app/HwPushService/lib/arm64
04-26 11:09:49.864  8518  8518 I PushLogAC2613: [main-1]action is android.intent.action.PACKAGE_ADDED(pushagent/null:-1)
04-26 11:09:49.866  8518  8518 I PushLogAC2613: [main-1]run push selfshow(pushagent/null:-1)
04-26 11:09:49.878  4510 13612 I PgedBinderListener: kstate callback type:8 value1=7562 value2=KILLED
04-26 11:09:49.882  8518  8540 I PushLogAC2613: [Thread-914-914]framework push exist, use framework push first(pushagent/null:-1)
04-26 11:09:49.929  3455  4031 E HsmCoreServiceImpl: onTransact in code is: 102
04-26 11:09:49.930  3455  4031 I MediaProcessHandler: processOp opType: 1, uid: 10097, pid: 7464
04-26 11:09:49.930  3455  4031 W MediaProcessHandler: remove target not exist, maybe the UI process: uid: 10097, pid: 7464
04-26 11:09:49.983  2901  5178 I [Gralloc]: alloc w[16] h[16] format[1] usage[256]
04-26 11:09:49.984  2901  5178 I [Gralloc]: alloc succ handle[0x55a1118380] stride[32]
04-26 11:09:49.986  8541  8555 E linker  : readlink('/proc/self/fd/21') failed: Permission denied [fd=21]
04-26 11:09:49.986  8541  8555 E linker  : warning: unable to get realpath for the library "/system/lib/hw/gralloc.hi3635.so". Will use given name.
04-26 11:09:49.986  3455  3468 E HsmCoreServiceImpl: onTransact in code is: 102
04-26 11:09:49.986  3455  3468 I MediaProcessHandler: processOp opType: 1, uid: 10007, pid: 7562
04-26 11:09:49.986  3455  3468 W MediaProcessHandler: remove target not exist, maybe the UI process: uid: 10007, pid: 7562
04-26 11:09:49.988  8541  8555 E linker  : readlink('/proc/self/fd/21') failed: Permission denied [fd=21]
04-26 11:09:49.988  8541  8555 E linker  : warning: unable to get realpath for the library "libion.so". Will use given name.
04-26 11:09:49.990  8541  8555 E HAL     : load: id=gralloc != hmi->id=gralloc
04-26 11:09:50.105  8558  8558 E dex2oat : Failed to create oat file: /data/dalvik-cache/arm/data@dataapp@HwWallet@HwWallet.apk@classes.dex: Permission denied
04-26 11:09:50.105  8558  8558 I dex2oat : dex2oat took 1.507ms (threads: 4) 
04-26 11:09:50.116  8541  8541 W art     : Failed execv(/system/bin/dex2oat --runtime-arg -classpath --runtime-arg  --instruction-set=arm --instruction-set-features=smp,div,atomic_ldrd_strd --runtime-arg -Xrelocate --boot-image=/system/framework/boot.art --runtime-arg -Xms64m --runtime-arg -Xmx512m --instruction-set-variant=cortex-a15 --instruction-set-features=default --dex-file=/data/dataapp/HwWallet/HwWallet.apk --oat-file=/data/dalvik-cache/arm/data@dataapp@HwWallet@HwWallet.apk@classes.dex) because non-0 exit status
04-26 11:09:50.282  3455  3455 I TrafficMonitor: update:rxPkts:0,txPkts:0,rxBytes:0,txBytes:0
04-26 11:09:50.282  3455  3455 I TrafficMonitor: start expired. level:-1
04-26 11:09:50.282  3455  3455 I TrafficMonitor: gettimer:interval=2000
04-26 11:09:50.321  8491  8491 I CalendarProvider2: Sending notification intent: Intent { act=android.intent.action.PROVIDER_CHANGED dat=content://com.android.calendar }
04-26 11:09:50.322  8491  8491 I SendBroadcastPermission: action:android.intent.action.PROVIDER_CHANGED, mPermissionType:0
04-26 11:09:50.322  8491  8491 W ContentResolver: Failed to get type for: content://com.android.calendar (Unknown URL content://com.android.calendar)
04-26 11:09:50.328  4510  4520 I PgedBinderListener: kstate callback type:8 value1=7616 value2=KILLED
04-26 11:09:50.375  3455  4013 E HsmCoreServiceImpl: onTransact in code is: 102
04-26 11:09:50.375  3455  4013 I MediaProcessHandler: processOp opType: 1, uid: 10003, pid: 7616
04-26 11:09:50.376  3455  4013 W MediaProcessHandler: remove target not exist, maybe the UI process: uid: 10003, pid: 7616
04-26 11:09:50.386  3455  3792 E WifiConfigStore: updateConfiguration freq=2452 BSSID=f0:3e:90:1b:92:c8 RSSI=-38 "testin-gz-04"WPA_PSK
04-26 11:09:50.390  3455  3792 E WifiConfigStore: updateConfiguration freq=2452 BSSID=f0:3e:90:1b:92:c8 RSSI=-38 "testin-gz-04"WPA_PSK
04-26 11:09:50.720  8541  8541 E hwpaysdk: can not getField[main-1](/null:-1)
04-26 11:09:50.720  8541  8541 I HwWallet: proccessedUpdate begin[main-1](/null:-1)
04-26 11:09:50.745  8541  8541 I hwpaysdk: isLower[main-1](/null:-1)
04-26 11:09:50.745  8541  8541 I HwWallet: proccessedUpdate end[main-1](/null:-1)
04-26 11:09:50.760  8541  8541 I PushLogSC2601: [main-1]action is android.intent.action.PACKAGE_ADDED(wallet/null:-1)
04-26 11:09:50.765  8541  8541 I PushLogSC2601: [main-1]run push selfshow(wallet/null:-1)
04-26 11:09:50.830  3455  5097 I libgps  : Uknown message 0 in ../../../../tmp/14533598_251844/customers/huawei/k3v3android/delivery/libgps/libgps.cpp:326
04-26 11:09:50.833  8541  8567 I PushLogSC2601: [Thread-450-450]framework push exist, use framework push first(wallet/null:-1)
04-26 11:09:50.838  4510  4522 I PgedBinderListener: kstate callback type:8 value1=7587 value2=KILLED
04-26 11:09:50.907  2901  2964 I [Gralloc]: alloc w[16] h[16] format[1] usage[256]
04-26 11:09:50.907  2901  2964 I [Gralloc]: alloc succ handle[0x55a101d7d0] stride[32]
04-26 11:09:50.909  8568  8582 E linker  : readlink('/proc/self/fd/21') failed: Permission denied [fd=21]
04-26 11:09:50.910  8568  8582 E linker  : warning: unable to get realpath for the library "/system/lib/hw/gralloc.hi3635.so". Will use given name.
04-26 11:09:50.911  8568  8582 E linker  : readlink('/proc/self/fd/22') failed: Permission denied [fd=22]
04-26 11:09:50.912  8568  8582 E linker  : warning: unable to get realpath for the library "libion.so". Will use given name.
04-26 11:09:50.914  8568  8582 E HAL     : load: id=gralloc != hmi->id=gralloc
04-26 11:09:50.966  3455  4523 E HsmCoreServiceImpl: onTransact in code is: 102
04-26 11:09:50.966  3455  4523 I MediaProcessHandler: processOp opType: 1, uid: 10058, pid: 7587
04-26 11:09:50.967  3455  4523 W MediaProcessHandler: remove target not exist, maybe the UI process: uid: 10058, pid: 7587
04-26 11:09:51.008  8586  8586 E dex2oat : Failed to create oat file: /data/dalvik-cache/arm/data@dataapp@HwRemoteAssistant@HwRemoteAssistant.apk@classes.dex: Permission denied
04-26 11:09:51.009  8586  8586 I dex2oat : dex2oat took 812.292us (threads: 4) 
04-26 11:09:51.011  8568  8568 W art     : Failed execv(/system/bin/dex2oat --runtime-arg -classpath --runtime-arg  --instruction-set=arm --instruction-set-features=smp,div,atomic_ldrd_strd --runtime-arg -Xrelocate --boot-image=/system/framework/boot.art --runtime-arg -Xms64m --runtime-arg -Xmx512m --instruction-set-variant=cortex-a15 --instruction-set-features=default --dex-file=/data/dataapp/HwRemoteAssistant/HwRemoteAssistant.apk --oat-file=/data/dalvik-cache/arm/data@dataapp@HwRemoteAssistant@HwRemoteAssistant.apk@classes.dex) because non-0 exit status
04-26 11:09:51.296  3455  3455 I TrafficMonitor: expired arrive. level:-1
04-26 11:09:51.297  3455  3455 I TrafficMonitor: during_ms:2002,period_ms:2000
04-26 11:09:51.298  3455  3455 I TrafficMonitor: count:793,rx_sum:0,tx_sum:0,rxBytes:0,during_ms:2002,rx_speed:0.0,tx_speed:0.0,rto:0.0
04-26 11:09:51.318  8568  8568 E CommonUtils: getSystemProperties exception
04-26 11:09:51.318  8568  8568 I LogUtil : HwRemoteAssistant: false,false,false,false,false
04-26 11:09:51.364  8568  8568 I PushLogSC2609: [main-1]action is android.intent.action.PACKAGE_ADDED(remoteassistant/null:-1)
04-26 11:09:51.368  8568  8568 I PushLogSC2609: [main-1]run push selfshow(remoteassistant/null:-1)
04-26 11:09:51.396  3455  3792 E WifiConfigStore: updateConfiguration freq=2452 BSSID=f0:3e:90:1b:92:c8 RSSI=-38 "testin-gz-04"WPA_PSK
04-26 11:09:51.414  8568  8592 I PushLogSC2609: [Thread-450-450]framework push exist, use framework push first(remoteassistant/null:-1)
04-26 11:09:51.421  4510 13612 I PgedBinderListener: kstate callback type:8 value1=7424 value2=KILLED
04-26 11:09:51.496  2901  2962 I [Gralloc]: alloc w[16] h[16] format[1] usage[256]
04-26 11:09:51.496  2901  2962 I [Gralloc]: alloc succ handle[0x55a10006b0] stride[32]
04-26 11:09:51.498  8594  8608 E linker  : readlink('/proc/self/fd/21') failed: Permission denied [fd=21]
04-26 11:09:51.498  8594  8608 E linker  : warning: unable to get realpath for the library "/system/lib64/hw/gralloc.hi3635.so". Will use given name.
04-26 11:09:51.500  8594  8608 E linker  : readlink('/proc/self/fd/21') failed: Permission denied [fd=21]
04-26 11:09:51.500  8594  8608 E linker  : warning: unable to get realpath for the library "libion.so". Will use given name.
04-26 11:09:51.503  8594  8608 E HAL     : load: id=gralloc != hmi->id=gralloc
04-26 11:09:51.526  3455  4272 E HsmCoreServiceImpl: onTransact in code is: 102
04-26 11:09:51.526  3455  4272 I MediaProcessHandler: processOp opType: 1, uid: 10032, pid: 7424
04-26 11:09:51.526  3455  4272 W MediaProcessHandler: remove target not exist, maybe the UI process: uid: 10032, pid: 7424
04-26 11:09:51.590  8613  8613 E dex2oat : Failed to create oat file: /data/dalvik-cache/arm64/system@delapp@HwHiSync@HwHiSync.apk@classes.dex: Permission denied
04-26 11:09:51.590  8613  8613 I dex2oat : dex2oat took 910.208us (threads: 4) 
04-26 11:09:51.592  8594  8594 W art     : Failed execv(/system/bin/dex2oat --runtime-arg -classpath --runtime-arg  --instruction-set=arm64 --instruction-set-features=smp,a53 --runtime-arg -Xrelocate --boot-image=/system/framework/boot.art --runtime-arg -Xms64m --runtime-arg -Xmx512m --instruction-set-variant=generic --instruction-set-features=default --dex-file=/system/delapp/HwHiSync/HwHiSync.apk --oat-file=/data/dalvik-cache/arm64/system@delapp@HwHiSync@HwHiSync.apk@classes.dex) because non-0 exit status
04-26 11:09:51.831  3455  5097 I libgps  : Uknown message 0 in ../../../../tmp/14533598_251844/customers/huawei/k3v3android/delivery/libgps/libgps.cpp:326
04-26 11:09:51.946  4510  5333 I ash     : start clean protect apps
04-26 11:09:51.954  8594  8594 E hisync.STUtils: 
04-26 11:09:51.954  8594  8594 E hisync.STUtils: java.lang.IllegalArgumentException: input.length=0; inputOffset=16; inputLen=-16
04-26 11:09:51.954  8594  8594 E hisync.STUtils: 	at javax.crypto.Cipher.checkInputOffsetAndCount(Cipher.java:1203)
04-26 11:09:51.954  8594  8594 E hisync.STUtils: 	at javax.crypto.Cipher.doFinal(Cipher.java:1539)
04-26 11:09:51.954  8594  8594 E hisync.STUtils: 	at com.huawei.android.hicloud.util.a.a(Aes128Cbc.java:264)
04-26 11:09:51.954  8594  8594 E hisync.STUtils: 	at com.huawei.android.hicloud.util.a.b(Aes128Cbc.java:131)
04-26 11:09:51.954  8594  8594 E hisync.STUtils: 	at com.huawei.android.hicloud.util.z.c(STUtils.java:105)
04-26 11:09:51.954  8594  8594 E hisync.STUtils: 	at com.huawei.android.hicloud.common.account.a.b(AccountInfo.java:198)
04-26 11:09:51.954  8594  8594 E hisync.STUtils: 	at com.huawei.android.hicloud.common.account.a.a(AccountInfo.java:155)
04-26 11:09:51.954  8594  8594 E hisync.STUtils: 	at com.huawei.android.hicloud.HicloudApplication.onCreate(HicloudApplication.java:70)
04-26 11:09:51.954  8594  8594 E hisync.STUtils: 	at android.app.Instrumentation.callApplicationOnCreate(Instrumentation.java:1015)
04-26 11:09:51.954  8594  8594 E hisync.STUtils: 	at android.app.ActivityThread.handleBindApplication(ActivityThread.java:4786)
04-26 11:09:51.954  8594  8594 E hisync.STUtils: 	at android.app.ActivityThread.access$1600(ActivityThread.java:165)
04-26 11:09:51.954  8594  8594 E hisync.STUtils: 	at android.app.ActivityThread$H.handleMessage(ActivityThread.java:1430)
04-26 11:09:51.954  8594  8594 E hisync.STUtils: 	at android.os.Handler.dispatchMessage(Handler.java:102)
04-26 11:09:51.954  8594  8594 E hisync.STUtils: 	at android.os.Looper.loop(Looper.java:150)
04-26 11:09:51.954  8594  8594 E hisync.STUtils: 	at android.app.ActivityThread.main(ActivityThread.java:5546)
04-26 11:09:51.954  8594  8594 E hisync.STUtils: 	at java.lang.reflect.Method.invoke(Native Method)
04-26 11:09:51.954  8594  8594 E hisync.STUtils: 	at com.android.internal.os.ZygoteInit$MethodAndArgsCaller.run(ZygoteInit.java:794)
04-26 11:09:51.954  8594  8594 E hisync.STUtils: 	at com.android.internal.os.ZygoteInit.main(ZygoteInit.java:684)
04-26 11:09:51.955  4510  5333 I ash     : clean protect apps :[com.huawei.hwvplayer.youku, com.huawei.hidisk, com.huawei.gamebox, com.huawei.phonediagnose, com.tencent.mobileqq, com.huawei.phoneservice, com.vmall.client, com.huawei.hwireader, org.mopria.printplugin, com.tencent.mm, com.huawei.remoteassistant, com.dianping.v1]
04-26 11:09:51.955  8594  8594 E hisync.STUtils: 
04-26 11:09:51.955  8594  8594 E hisync.STUtils: java.lang.IllegalArgumentException: input.length=0; inputOffset=16; inputLen=-16
04-26 11:09:51.955  8594  8594 E hisync.STUtils: 	at javax.crypto.Cipher.checkInputOffsetAndCount(Cipher.java:1203)
04-26 11:09:51.955  8594  8594 E hisync.STUtils: 	at javax.crypto.Cipher.doFinal(Cipher.java:1539)
04-26 11:09:51.955  8594  8594 E hisync.STUtils: 	at com.huawei.android.hicloud.util.a.a(Aes128Cbc.java:264)
04-26 11:09:51.955  8594  8594 E hisync.STUtils: 	at com.huawei.android.hicloud.util.a.b(Aes128Cbc.java:131)
04-26 11:09:51.955  8594  8594 E hisync.STUtils: 	at com.huawei.android.hicloud.util.z.c(STUtils.java:105)
04-26 11:09:51.955  8594  8594 E hisync.STUtils: 	at com.huawei.android.hicloud.common.account.a.b(AccountInfo.java:199)
04-26 11:09:51.955  8594  8594 E hisync.STUtils: 	at com.huawei.android.hicloud.common.account.a.a(AccountInfo.java:155)
04-26 11:09:51.955  8594  8594 E hisync.STUtils: 	at com.huawei.android.hicloud.HicloudApplication.onCreate(HicloudApplication.java:70)
04-26 11:09:51.955  8594  8594 E hisync.STUtils: 	at android.app.Instrumentation.callApplicationOnCreate(Instrumentation.java:1015)
04-26 11:09:51.955  8594  8594 E hisync.STUtils: 	at android.app.ActivityThread.handleBindApplication(ActivityThread.java:4786)
04-26 11:09:51.955  8594  8594 E hisync.STUtils: 	at android.app.ActivityThread.access$1600(ActivityThread.java:165)
04-26 11:09:51.955  8594  8594 E hisync.STUtils: 	at android.app.ActivityThread$H.handleMessage(ActivityThread.java:1430)
04-26 11:09:51.955  8594  8594 E hisync.STUtils: 	at android.os.Handler.dispatchMessage(Handler.java:102)
04-26 11:09:51.955  8594  8594 E hisync.STUtils: 	at android.os.Looper.loop(Looper.java:150)
04-26 11:09:51.955  8594  8594 E hisync.STUtils: 	at android.app.ActivityThread.main(ActivityThread.java:5546)
04-26 11:09:51.955  8594  8594 E hisync.STUtils: 	at java.lang.reflect.Method.invoke(Native Method)
04-26 11:09:51.955  8594  8594 E hisync.STUtils: 	at com.android.internal.os.ZygoteInit$MethodAndArgsCaller.run(ZygoteInit.java:794)
04-26 11:09:51.955  8594  8594 E hisync.STUtils: 	at com.android.internal.os.ZygoteInit.main(ZygoteInit.java:684)
04-26 11:09:51.970  8594  8594 I PushLogSC2609: [main-1]action is android.intent.action.PACKAGE_ADDED(ds/null:-1)
04-26 11:09:51.974  8594  8594 I PushLogSC2609: [main-1]run push selfshow(ds/null:-1)
04-26 11:09:52.027  4510  4520 I PgedBinderListener: kstate callback type:8 value1=7215 value2=KILLED
04-26 11:09:52.029  8594  8636 I PushLogSC2609: [Thread-925-925]framework push exist, use framework push first(ds/null:-1)
04-26 11:09:52.079  2901  2962 I [Gralloc]: alloc w[16] h[16] format[1] usage[256]
04-26 11:09:52.079  2901  2962 I [Gralloc]: alloc succ handle[0x55a1079ff0] stride[32]
04-26 11:09:52.081  8637  8653 E linker  : readlink('/proc/self/fd/21') failed: Permission denied [fd=21]
04-26 11:09:52.081  8637  8653 E linker  : warning: unable to get realpath for the library "/system/lib/hw/gralloc.hi3635.so". Will use given name.
04-26 11:09:52.083  8637  8653 E linker  : readlink('/proc/self/fd/21') failed: Permission denied [fd=21]
04-26 11:09:52.084  8637  8653 E linker  : warning: unable to get realpath for the library "libion.so". Will use given name.
04-26 11:09:52.086  8637  8653 E HAL     : load: id=gralloc != hmi->id=gralloc
04-26 11:09:52.147  3455  4542 E HsmCoreServiceImpl: onTransact in code is: 102
04-26 11:09:52.147  3455  4542 I MediaProcessHandler: processOp opType: 1, uid: 10027, pid: 7215
04-26 11:09:52.147  3455  4542 W MediaProcessHandler: remove target not exist, maybe the UI process: uid: 10027, pid: 7215
04-26 11:09:52.179  8656  8656 E dex2oat : Failed to create oat file: /data/dalvik-cache/arm/system@delapp@HwHealthPlatform@HwHealthPlatform.apk@classes.dex: Permission denied
04-26 11:09:52.179  8656  8656 I dex2oat : dex2oat took 1.066ms (threads: 4) 
04-26 11:09:52.181  8637  8637 W art     : Failed execv(/system/bin/dex2oat --runtime-arg -classpath --runtime-arg  --instruction-set=arm --instruction-set-features=smp,div,atomic_ldrd_strd --runtime-arg -Xrelocate --boot-image=/system/framework/boot.art --runtime-arg -Xms64m --runtime-arg -Xmx512m --instruction-set-variant=cortex-a15 --instruction-set-features=default --dex-file=/system/delapp/HwHealthPlatform/HwHealthPlatform.apk --oat-file=/data/dalvik-cache/arm/system@delapp@HwHealthPlatform@HwHealthPlatform.apk@classes.dex) because non-0 exit status
04-26 11:09:52.284  3455  3455 I TrafficMonitor: update:rxPkts:0,txPkts:0,rxBytes:0,txBytes:0
04-26 11:09:52.285  3455  3455 I TrafficMonitor: start expired. level:-1
04-26 11:09:52.285  3455  3455 I TrafficMonitor: gettimer:interval=2000
04-26 11:09:52.399  3455  3792 E WifiConfigStore: updateConfiguration freq=2452 BSSID=f0:3e:90:1b:92:c8 RSSI=-38 "testin-gz-04"WPA_PSK
04-26 11:09:52.421  7334  8416 W HwLauncher: getDownloadInfo return null!
04-26 11:09:52.832  3455  5097 I libgps  : Uknown message 0 in ../../../../tmp/14533598_251844/customers/huawei/k3v3android/delivery/libgps/libgps.cpp:326
04-26 11:09:53.102  8637  8637 I MultiDex: VM with version 2.1.0 has multidex support
04-26 11:09:53.102  8637  8637 I MultiDex: install
04-26 11:09:53.102  8637  8637 I MultiDex: VM has multidex support, MultiDex support library is disabled.
04-26 11:09:53.118  8637  8637 I MyCrashHandler: 10126310|init()
04-26 11:09:53.121  4738  4738 I DE_SynCloudService: 10126310|onStartCommand 
04-26 11:09:53.121  4738  4738 I DE_NewStatService: 10126310|newStat() null == newStatDataId || newStatDataId.isEmpty()
04-26 11:09:53.130  8637  8637 I PushLogSC2705: [main-1]action is android.intent.action.PACKAGE_ADDED(health/null:-1)
04-26 11:09:53.135  8637  8637 I PushLogSC2705: [main-1]run push selfshow(health/null:-1)
04-26 11:09:53.169  4510  4522 I PgedBinderListener: kstate callback type:8 value1=7269 value2=KILLED
04-26 11:09:53.194  8637  8672 I PushLogSC2705: [Thread-462-462]framework push exist, use framework push first(health/null:-1)
04-26 11:09:53.266  3455  4031 E HsmCoreServiceImpl: onTransact in code is: 102
04-26 11:09:53.266  3455  4031 I MediaProcessHandler: processOp opType: 1, uid: 10026, pid: 7269
04-26 11:09:53.266  3455  4031 W MediaProcessHandler: remove target not exist, maybe the UI process: uid: 10026, pid: 7269
04-26 11:09:53.347  2901  2962 I [Gralloc]: alloc w[16] h[16] format[1] usage[256]
04-26 11:09:53.347  2901  2962 I [Gralloc]: alloc succ handle[0x55a119dd10] stride[32]
04-26 11:09:53.348  8675  8687 E linker  : readlink('/proc/self/fd/21') failed: Permission denied [fd=21]
04-26 11:09:53.349  8675  8687 E linker  : warning: unable to get realpath for the library "/system/lib64/hw/gralloc.hi3635.so". Will use given name.
04-26 11:09:53.351  8675  8687 E linker  : readlink('/proc/self/fd/21') failed: Permission denied [fd=21]
04-26 11:09:53.351  8675  8687 E linker  : warning: unable to get realpath for the library "libion.so". Will use given name.
04-26 11:09:53.353  8675  8687 E HAL     : load: id=gralloc != hmi->id=gralloc
04-26 11:09:53.369  8675  8675 W System  : ClassLoader referenced unknown path: /system/priv-app/Calendar/lib/arm64
04-26 11:09:53.384  8675  8675 I HwCust  : Constructor found for class com.android.calendar.HwCustUtilImpl
04-26 11:09:53.399  3455  3792 E WifiConfigStore: updateConfiguration freq=2452 BSSID=f0:3e:90:1b:92:c8 RSSI=-38 "testin-gz-04"WPA_PSK
04-26 11:09:53.404  3455  3792 E WifiConfigStore: updateConfiguration freq=2452 BSSID=f0:3e:90:1b:92:c8 RSSI=-38 "testin-gz-04"WPA_PSK
04-26 11:09:53.498  8675  8675 I CalendarSimpleUiPRovider: onReceive[intent]Intent { act=android.intent.action.PROVIDER_CHANGED dat=content://com.android.calendar flg=0x10 cmp=com.android.calendar/.simpleui.CalendarSimpleUiPRovider }
04-26 11:09:53.498  8675  8675 I CalendarSimpleUiPRovider: onConfigurationChanged
04-26 11:09:53.502  8675  8675 I CalendarSimpleUiPRovider: initParams20190426T110953Asia/Shanghai(5,115,28800,0,1556248193)
04-26 11:09:53.551  4510 13612 I PgedBinderListener: kstate callback type:8 value1=7227 value2=KILLED
04-26 11:09:53.555  8675  8675 I HwCust  : Constructor found for class android.app.HwCustAlarmManagerImpl
