04-26 11:02:11.711 19338 19338 W VSimApiWrapper: getCpserr, no such method.
04-26 11:02:11.711 19338 19338 W VSimApiWrapper: getDevSubMode, no such method.
04-26 11:02:11.712 19338 19338 W VSimApiWrapper: getPreferredNetworkTypeForVSim, no such method.
04-26 11:02:11.712 19338 19338 W VSimApiWrapper: getUserReservedSubId, no such method.
04-26 11:02:11.712 19338 19338 W VSimApiWrapper: hasIccCardForVSim, no such method.
04-26 11:02:11.712 19338 19338 W VSimApiWrapper: dsFlowCfg, no such method.
04-26 11:02:11.712 19338 19338 W VSimApiWrapper: getDeviceNetworkCountryIso, no such method.
04-26 11:02:11.715 19338 19338 W VSimApiWrapper: switchVSimWorkMode, no such method.
04-26 11:02:11.716 19338 19338 W VSimApiWrapper: getCurrentPhoneTypeForSlot, no such method.
04-26 11:02:11.739 19338 19396 E HiApp.AppUpdatePolicy: main{1} <<< ERROR >>> the installed app list is not initial yet. it's useless to update!
04-26 11:02:11.750 19338 19396 W HiApp.StoreUrlInterrupter: main{1} <<< WARN >>> invokeStore Fail,will try GrsProcesser asynchronous again, because of url is empty,targetServer=server.store,method=client.installResultRep
04-26 11:02:11.752 19338 19338 I HwGrsSdk: getGrsUrls serviceName-->com.huawei.appmarketV04[main-1](/:542)
04-26 11:02:11.753 19338 19338 I HwGrsSdk: getUrlsFromSp isJudgeExpire ->true[main-1](/:717)
04-26 11:02:11.753 19338 19338 I HwGrsSdk: getUrlFromSp sp value is exist.[main-1](/:726)
04-26 11:02:11.753 19338 19338 I HwGrsSdk: isSpExpire false.[main-1](/:1004)
04-26 11:02:11.753 19338 19338 I HwGrsSdk: getUrlFromSp isExpire ->false[main-1](/:729)
04-26 11:02:11.754 19338 19338 I HwGrsSdk: getServiceNameUrls[main-1](/:734)
04-26 11:02:11.754 19338 19338 I HwGrsSdk: getServiceNameUrl jsonResult is right.[main-1](/:1093)
04-26 11:02:11.754 19338 19338 I HwGrsSdk: getGrsUrls sp query success.[main-1](/:558)
04-26 11:02:11.755 19338 19338 I HwGrsSdk: n*t*f*Q*e*y*u*c*s*C*l* u*l* [main-1](/:33262)
04-26 11:02:11.856  2856  2856 E Thermal-daemon: [ap] temp_new :41  temp_old :42
04-26 11:02:11.856  2856  2856 E Thermal-daemon: Report temperature: [ap] temp :41  report_threshold:1
04-26 11:02:11.856 19421 19421 I HwCust  : Constructor found for class com.android.contacts.HwCustContactApplicationHelperImpl
04-26 11:02:11.888 19421 19421 I HwCust  : Constructor found for class android.app.HwCustHwWallpaperManagerImpl
04-26 11:02:11.891 19421 19443 I HwCust  : Constructor found for class com.android.contacts.preference.HwCustContactsPreferencesImpl
04-26 11:02:11.905 19421 19443 I HwCust  : Constructor found for class com.android.contacts.model.account.HwCustFallbackAccountTypeImpl
04-26 11:02:11.921 19421 19421 W CfgFilePolicy: No config file found for:xml/rcs_defaults.xml
04-26 11:02:11.958 19421 19449 I HwCust  : Constructor found for class com.android.contacts.model.account.HwCustAccountModelCustomizationImpl
04-26 11:02:11.983 19421 19449 I HwCust  : Constructor found for class com.android.contacts.model.account.HwCustExchangeAccountTypeImpl
04-26 11:02:11.986  3446  3458 I AccountManagerService: getTypesVisibleToCaller: isPermitted? true
04-26 11:02:11.995  3446  4474 I AccountManagerService: getTypesVisibleToCaller: isPermitted? true
04-26 11:02:12.022  2808  8582 I [Gralloc]: alloc w[16] h[16] format[1] usage[256]
04-26 11:02:12.022  2808  8582 I [Gralloc]: alloc succ handle[0x55ca44c2c0] stride[32]
04-26 11:02:12.023 19450 19462 E linker  : readlink('/proc/self/fd/21') failed: Permission denied [fd=21]
04-26 11:02:12.023 19450 19462 E linker  : warning: unable to get realpath for the library "/system/lib/hw/gralloc.hi3635.so". Will use given name.
04-26 11:02:12.025 19450 19462 E linker  : readlink('/proc/self/fd/21') failed: Permission denied [fd=21]
04-26 11:02:12.025 19450 19462 E linker  : warning: unable to get realpath for the library "libion.so". Will use given name.
04-26 11:02:12.028 19450 19462 E HAL     : load: id=gralloc != hmi->id=gralloc
04-26 11:02:12.166 19468 19468 E dex2oat : Failed to create oat file: /data/dalvik-cache/arm/system@priv-app@Browser@Browser_uc.apk@classes.dex: Permission denied
04-26 11:02:12.166 19468 19468 I dex2oat : dex2oat took 784.583us (threads: 4) 
04-26 11:02:12.175 19450 19450 W art     : Failed execv(/system/bin/dex2oat --runtime-arg -classpath --runtime-arg  --instruction-set=arm --instruction-set-features=smp,div,atomic_ldrd_strd --runtime-arg -Xrelocate --boot-image=/system/framework/boot.art --runtime-arg -Xms64m --runtime-arg -Xmx512m --instruction-set-variant=cortex-a15 --instruction-set-features=default --dex-file=/system/priv-app/Browser/Browser_uc.apk --oat-file=/data/dalvik-cache/arm/system@priv-app@Browser@Browser_uc.apk@classes.dex) because non-0 exit status
04-26 11:02:12.686 19450 19450 I art     : System.exit called, status: 0
04-26 11:02:12.687 19450 19450 I AndroidRuntime: VM exiting with result code 0, cleanup skipped.
04-26 11:02:12.785  3446  3556 E HsmCoreServiceImpl: onTransact in code is: 102
04-26 11:02:12.785  3446  3556 I MediaProcessHandler: processOp opType: 1, uid: 10024, pid: 19450
04-26 11:02:12.785  3446  3556 W MediaProcessHandler: remove target not exist, maybe the UI process: uid: 10024, pid: 19450
04-26 11:02:12.818  3446  4447 I AccountManagerService: getTypesVisibleToCaller: isPermitted? true
04-26 11:02:12.867  2808  2934 I [Gralloc]: alloc w[16] h[16] format[1] usage[256]
04-26 11:02:12.867  2808  2934 I [Gralloc]: alloc succ handle[0x55ca44c280] stride[32]
04-26 11:02:12.868 19483 19495 E linker  : readlink('/proc/self/fd/21') failed: Permission denied [fd=21]
04-26 11:02:12.868 19483 19495 E linker  : warning: unable to get realpath for the library "/system/lib/hw/gralloc.hi3635.so". Will use given name.
04-26 11:02:12.870 19483 19495 E linker  : readlink('/proc/self/fd/21') failed: Permission denied [fd=21]
04-26 11:02:12.870 19483 19495 E linker  : warning: unable to get realpath for the library "libion.so". Will use given name.
04-26 11:02:12.871 19483 19495 E HAL     : load: id=gralloc != hmi->id=gralloc
04-26 11:02:12.878 19421 19446 E linker  : readlink('/proc/self/fd/32') failed: Permission denied [fd=32]
04-26 11:02:12.878 19421 19446 E linker  : warning: unable to get realpath for the library "/system/framework/oat/arm64/com.android.contacts.separated.odex". Will use given name.
04-26 11:02:12.921  4413  4950 W AppsCleanUp: frequently crash process:com.huawei.hwvplayer.youku:pushservice time:2971666ms, crash:23 uid:10018
04-26 11:02:12.971  2808 10235 I [Gralloc]: alloc w[16] h[16] format[1] usage[256]
04-26 11:02:12.972  2808 10235 I [Gralloc]: alloc succ handle[0x55ca5e3a30] stride[32]
04-26 11:02:12.973 19497 19510 E linker  : readlink('/proc/self/fd/21') failed: Permission denied [fd=21]
04-26 11:02:12.973 19497 19510 E linker  : warning: unable to get realpath for the library "/system/lib/hw/gralloc.hi3635.so". Will use given name.
04-26 11:02:12.975 19497 19510 E linker  : readlink('/proc/self/fd/21') failed: Permission denied [fd=21]
04-26 11:02:12.975 19497 19510 E linker  : warning: unable to get realpath for the library "libion.so". Will use given name.
04-26 11:02:12.978 19497 19510 E HAL     : load: id=gralloc != hmi->id=gralloc
04-26 11:02:13.027 19497 19497 I Bootstrap: Starting system startup ...
04-26 11:02:13.034 19497 19497 I Configurator: onlineEnable: true, emotionVersion :9
04-26 11:02:13.036 19497 19497 I EMUIVerStartup: EmuiUtils.VERSION.EMUI_SDK_INT: 9
04-26 11:02:13.037 19497 19497 I EMUIVerStartup: isEMUI3x: true, isEMUI4x: true
04-26 11:02:13.039 19497 19497 I Bootstrap: System startup in 20 ms.
04-26 11:02:13.040 19497 19497 I HwVPlayerApp: Version : 1.4.5.311
04-26 11:02:13.049 19497 19497 I HW_APPLICATION: APPLICATION ONCREATE ---- processId:19497
04-26 11:02:13.051 19497 19497 I HW_APPLICATION: APPLICATION ONCREATE ---- processName:com.huawei.hwvplayer.youku:pushservice
04-26 11:02:13.056 19497 19497 I PushLogSC2601: [main-1]action is android.intent.action.PACKAGE_ADDED(youku/null:-1)
04-26 11:02:13.058 19497 19497 I PushLogSC2601: [main-1]run push selfshow(youku/null:-1)
04-26 11:02:13.086 19497 19526 I PushLogSC2601: [Thread-728-728]framework push exist, use framework push first(youku/null:-1)
04-26 11:02:13.088 18592 18592 I HwSystemManager: NotificationManagerReceiver:onReceive action = android.intent.action.PACKAGE_ADDED
04-26 11:02:13.095 18664 18664 I HwSystemManager: AppInstallationReceiver:AppInstallationReceiver onReceive action = android.intent.action.PACKAGE_ADDED
04-26 11:02:13.108 18592 19527 W CfgFilePolicy: No config file found for:xml/hsm/notification/hsm_notificationcenter_defvalue.xml
04-26 11:02:13.111 18664 19531 I HwSystemManager: OptimizeReceiver:OptimizeReceiver received action:android.intent.action.PACKAGE_ADDED
04-26 11:02:13.113 18592 19527 I HwSystemManager: NmCenterDefValueXmlHelper:mCachedConfigs = null, init.
04-26 11:02:13.116 18592 19527 I HwSystemManager: NotificationDBAdapter:initNewApp: add to db:com.dc.hwsj, default:null
04-26 11:02:13.116 18664 18768 I HwSystemManager: ProtectAppControl:handleMessage:6
04-26 11:02:13.118 18664 18768 I HwSystemManager: ProtectAppControl:begin install app inner:com.dc.hwsj
04-26 11:02:13.125 18664 18664 I HwSystemManager: BootBroadcastReceiver:BootBroadcastReceiver action =android.intent.action.PACKAGE_ADDED
04-26 11:02:13.131 18664 19532 I HwSystemManager: HandlePackageAdd:HandlePackageAdd replacing=false
04-26 11:02:13.139 18664 19533 I HwSystemManager: UnifiedPowerAppControl:handleMessage:6
04-26 11:02:13.139 18664 19533 I HwSystemManager: UnifiedPowerAppControl:begin install app inner:com.dc.hwsj
04-26 11:02:13.144 18664 19533 I HwSystemManager: UnifiedPowerAppControl: null == unifiedPowerBean
04-26 11:02:13.152 18664 18768 I HwSystemManager: PowerGenieDbHelper:delete protect app:com.dc.hwsj
04-26 11:02:13.152 18664 19530 W CfgFilePolicy: No config file found for:xml/hsm/permission/hsm_permission_black_apps.xml
04-26 11:02:13.153 18664 18664 I HwSystemManager: NetAppDBManager:insert to db: name = com.dc.hwsj uid = 15696 app type = false
04-26 11:02:13.154 18664 19530 W CfgFilePolicy: No config file found for:xml/hsm/bootstart/hsm_bootstart_black_apps.xml
04-26 11:02:13.157 18664 19533 I HwSystemManager: UnifiedPowerAppControl:applyControlPolicy pkgName =com.dc.hwsj hasIcon =true
04-26 11:02:13.157 18664 19533 I HwSystemManager: UnifiedPowerAppControl:applyControlPolicy 2
04-26 11:02:13.157 18664 19533 I HwSystemManager: UnifiedPowerAppControl:applyControlPolicy 4
04-26 11:02:13.159 18664 19530 W CfgFilePolicy: No config file found for:xml/hsm/notification/hsm_notification_white_apps.xml
04-26 11:02:13.161 18664 19530 W CfgFilePolicy: No config file found for:xml/hsm/notification/hsm_notification_black_apps.xml
04-26 11:02:13.162 18664 19533 W HwSystemManager: UnifiedPowerAppControl:useCloudDataOverwriteLocalBean null of com.dc.hwsj
04-26 11:02:13.162 18664 19533 I HwSystemManager: UnifiedPowerAppControl:apkName com.dc.hwsj protect = false show =true
04-26 11:02:13.167 18664 19530 W CfgFilePolicy: No config file found for:xml/hsm/dropzone/hsm_dropzone_white_apps.xml
04-26 11:02:13.175 18592 19534 I HwSystemManager: ProtectAppService:send unprotect list broadcast to FWK, isSleepingSave: false, size: 26
04-26 11:02:13.175 18592 19534 I HwSystemManager: , unprotect list:[com.android.calculator2, com.huawei.android.thememanager, com.huawei.compass, com.lifevibes.grouprecorder, com.hfzqsc, com.android.im, cn.testin.test, com.SAGE.JIAMI360, com.rare.chat, com.doumee.chaofangtuan, com.im.xhj.android, com.asw.moneyback.uat, com.yanxin.eloanan, com.beeplay123.by001, com.winho.joyphotos, com.zm.qyhjfkb.qihoo, com.lz.xuepu, com.opd2c.athena.qihoo, com.tuohaicare.homecare, com.ledreamer.zz, ltd.delite.douqu, com.meibai.yinzuan, cn.testin.itestin.test, cn.testin.itestin, com.u398813598.vqx, com.dc.hwsj]
04-26 11:02:13.175 18592 19534 I SendBroadcastPermission: action:huawei.intent.action.HW_STOPPED_PACKAGE_ACTION, mPermissionType:0
04-26 11:02:13.177 18664 19530 W CfgFilePolicy: No config file found for:xml/hsm/dropzone/hsm_dropzone_black_apps.xml
04-26 11:02:13.182  3656  3958 I ActivityThread: Acquiring provider com.huawei.systemmanager.NotificationDBProvider for user 0: existing object's process dead
04-26 11:02:13.182  4413  4413 I ash     : apps protected state changed by system manager.
04-26 11:02:13.182 18592 18783 I HwSystemManager: SmartProvider:retUri =content://com.huawei.android.smartpowerprovider/unifiedpowerapps/97
04-26 11:02:13.183 18664 19533 I HwSystemManager: SmartProviderHelper:insertUnifiedPowerAppListForDB  type:false pkg=com.dc.hwsj show=true
04-26 11:02:13.184 18664 19530 W CfgFilePolicy: No config file found for:xml/hsm/netaccess/hsm_netaccess_white_apps.xml
04-26 11:02:13.185  4413  4413 I ash     : apps protected state changed by system manager.
04-26 11:02:13.186 18664 19530 W CfgFilePolicy: No config file found for:xml/hsm/netaccess/hsm_netaccess_black_apps.xml
04-26 11:02:13.188 18592 18834 I HwSystemManager: HsmPackageManager:get all installed packages, flag:0, size:133
04-26 11:02:13.189 18664 19530 W CfgFilePolicy: No config file found for:xml/hsm/applock/hsm_applock_white_apps.xml
04-26 11:02:13.191 18664 19530 W CfgFilePolicy: No config file found for:xml/default_white_package_name.xml
04-26 11:02:13.193 18664 19530 W CfgFilePolicy: No config file found for:xml/default_black_package_name.xml
04-26 11:02:13.235 18664 18664 W CfgFilePolicy: No config file found for:xml/hsm/dropzone/hsm_dropzone_default_value.xml
04-26 11:02:13.257 18664 19530 W CfgFilePolicy: No config file found for:xml/hw_permission_parameter.xml
04-26 11:02:13.300 18664 19530 I HwSystemManager: PermissionDbHelper: DBHelper Create Database!  : SQLiteDatabase: /data/user/0/com.huawei.systemmanager/databases/permission.db
04-26 11:02:13.305 18664 19530 I HwSystemManager: HsmPackageManager:get all installed packages, flag:0, size:133
04-26 11:02:13.305 18664 19530 E HwSystemManager: PermissionDBAdapter:appcationsList size:133
04-26 11:02:13.320 18664 18664 W HwSystemManager: AddViewAppManager:Current installed app not apply system_alert_window or applicationInfo null!
04-26 11:02:13.366 18664 19541 I HwSystemManager: SpaceCleanReceiver:receive intent:android.intent.action.PACKAGE_ADDED
04-26 11:02:13.381  4413  4950 W AppsCleanUp: frequently crash process:com.huawei.hwmwlauncher time:3053303ms, crash:17 uid:10045
04-26 11:02:13.381 18592 18592 E HwSystemManager: AppCleanUpService:msg is 0
04-26 11:02:13.384 18664 19541 I HwSystemManager: SpaceCleanReceiver:package added: com.dc.hwsj
04-26 11:02:13.385  4413  4950 I ash     : start refresh apps
04-26 11:02:13.386 18592 19547 I HwSystemManager: AppCleanUpService:begin to insertAppWithPkgName, pkg:com.dc.hwsj
04-26 11:02:13.387  4413  4950 I ash     : refresh apps,  smcs provider does not implement call.
04-26 11:02:13.394 18664 19541 E HwSystemManager: SpaceCleanReceiver:doPkgAdd pi is not valid permission
04-26 11:02:13.406 18592 18834 I HwSystemManager: NotificationDBProvider:queryNotificationLimits , return bundle
04-26 11:02:13.463 18592 19535 I HwSystemManager: TencentAntiVirusEngine:initQScanner: nInitCode = 0
04-26 11:02:13.467 18664 19530 I HwSystemManager: PermissionDBAdapter:There are new apps need to init:[com.dc.hwsj]
04-26 11:02:13.468  3446  3563 E WifiConfigStore: updateConfiguration freq=2412 BSSID=1c:b9:c4:2c:27:38 RSSI=-55 "testin04_default"WPA_PSK
04-26 11:02:13.471 18664 19556 I HwSystemManager: PermissionDBAdapter:Ignore non-system APPs when do first init.
04-26 11:02:13.472 18664 19530 I HwSystemManager: CommonFunctionUtil:updatePermissionCfgFromPrepermission, compareCode = 33554432
04-26 11:02:13.482  2808 10235 I [Gralloc]: alloc w[16] h[16] format[1] usage[256]
04-26 11:02:13.482  2808 10235 I [Gralloc]: alloc succ handle[0x55ca6a9a50] stride[32]
04-26 11:02:13.484 19542 19557 E linker  : readlink('/proc/self/fd/21') failed: Permission denied [fd=21]
04-26 11:02:13.484 19542 19557 E linker  : warning: unable to get realpath for the library "/system/lib64/hw/gralloc.hi3635.so". Will use given name.
04-26 11:02:13.491 18664 19540 I System  : core_booster, getBoosterConfig = false
04-26 11:02:13.491 19542 19557 E linker  : readlink('/proc/self/fd/21') failed: Permission denied [fd=21]
04-26 11:02:13.491 19542 19557 E linker  : warning: unable to get realpath for the library "libion.so". Will use given name.
04-26 11:02:13.498 19542 19557 E HAL     : load: id=gralloc != hmi->id=gralloc
04-26 11:02:13.510 19542 19542 W System  : ClassLoader referenced unknown path: /system/app/HwMwLauncher/lib/arm64
04-26 11:02:13.550 18664 19540 I System  : core_booster, getBoosterConfig = false
04-26 11:02:13.564 18664 19530 I HwSystemManager: CommonFunctionUtil:updatePermissionCfgFromPrepermission: Auto-apply recommend permission switch is on
04-26 11:02:13.565 18664 19530 I HwSystemManager: InstallPermissionHelper:getPermissionBaseInfo: origCode = 0, origCfg = 0
04-26 11:02:13.570  4413  4950 W AppsCleanUp: frequently crash process:com.huawei.android.karaokeeffect time:2970932ms, crash:22 uid:1000
04-26 11:02:13.612 19542 19542 I SendBroadcastPermission: action:com.huawei.multiwindow.launcher.action.REFRESH_MW_LAUNCHER, mPermissionType:0
04-26 11:02:13.615 18592 18742 W HwSystemManager: AbsRecommendQuery:queryRecommendData get a invalid cursor, maybe no matched result exist!
04-26 11:02:13.623 18664 19530 E HwSystemManager: InstallPermissionHelper:error getRecommendItemList Exception
04-26 11:02:13.623 18664 19530 I HwSystemManager: InstallPermissionHelper:getPermissionBaseInfo: No recommend permission for pkg com.dc.hwsj
04-26 11:02:13.649 18664 19530 I HwSystemManager: HsmPackageManager:get all installed packages, flag:0, size:133
04-26 11:02:13.649 18664 19530 E HwSystemManager: PermissionDBAdapter:appcationsList size:133
04-26 11:02:13.650  2808  8582 I [Gralloc]: alloc w[16] h[16] format[1] usage[256]
04-26 11:02:13.651  2808  8582 I [Gralloc]: alloc succ handle[0x55ca6a9a50] stride[32]
04-26 11:02:13.657 19563 19576 E linker  : readlink('/proc/self/fd/21') failed: Permission denied [fd=21]
04-26 11:02:13.659 18664 19530 I HwSystemManager: CommonFunctionUtil:pkgName sync config to M Permission group; contentValues:permissionCfg=0 uid=15696 packageName=com.dc.hwsj trust=0 permissionCode=0
04-26 11:02:13.661 19563 19576 E linker  : warning: unable to get realpath for the library "/system/lib64/hw/gralloc.hi3635.so". Will use given name.
04-26 11:02:13.663 19563 19576 E linker  : readlink('/proc/self/fd/21') failed: Permission denied [fd=21]
04-26 11:02:13.663 19563 19576 E linker  : warning: unable to get realpath for the library "libion.so". Will use given name.
04-26 11:02:13.665 19563 19576 E HAL     : load: id=gralloc != hmi->id=gralloc
04-26 11:02:13.698 18664 19530 I HwSystemManager: HsmPackageManager:get all installed packages, flag:0, size:133
04-26 11:02:13.698 18664 19530 E HwSystemManager: PermissionDBAdapter:appcationsList size:133
04-26 11:02:13.704 19563 19563 W System  : ClassLoader referenced unknown path: /system/app/HwKaraokeEffect/lib/arm64
04-26 11:02:13.715 18664 19530 I SendBroadcastPermission: action:PACKAGE_ADDED_OR_REMOVED, mPermissionType:0
04-26 11:02:13.737 19563 19563 I karaokeeffect.IntentReceiver: Intent received, action=android.intent.action.PACKAGE_ADDED
04-26 11:02:13.738 19563 19563 I karaokeeffect.DataPortal: DataPortal
04-26 11:02:13.774 19563 19563 I karaokeeffect.DataPortal: checkAndAddApp, packageName=com.dc.hwsj
04-26 11:02:13.795  4413  4950 W AppsCleanUp: frequently crash process:com.huawei.android.pushagent time:2970893ms, crash:23 uid:10049
04-26 11:02:13.828 18664 19540 I HwSystemManager: ServerRequestHelper:checkServerResponseCode: resultCode = 20000
04-26 11:02:13.833 18664 19540 I System  : core_booster, getBoosterConfig = false
04-26 11:02:13.850  2808  2934 I [Gralloc]: alloc w[16] h[16] format[1] usage[256]
04-26 11:02:13.850  2808  2934 I [Gralloc]: alloc succ handle[0x55ca6a9a50] stride[32]
04-26 11:02:13.851 19580 19594 E linker  : readlink('/proc/self/fd/21') failed: Permission denied [fd=21]
04-26 11:02:13.851 19580 19594 E linker  : warning: unable to get realpath for the library "/system/lib64/hw/gralloc.hi3635.so". Will use given name.
04-26 11:02:13.853 19580 19594 E linker  : readlink('/proc/self/fd/21') failed: Permission denied [fd=21]
04-26 11:02:13.853 19580 19594 E linker  : warning: unable to get realpath for the library "libion.so". Will use given name.
04-26 11:02:13.855 19580 19594 E HAL     : load: id=gralloc != hmi->id=gralloc
04-26 11:02:13.878 19580 19580 W System  : ClassLoader referenced unknown path: /system/app/HwPushService/lib/arm64
04-26 11:02:13.892 19580 19580 I PushLogAC2613: [main-1]action is android.intent.action.PACKAGE_ADDED(pushagent/null:-1)
04-26 11:02:13.894 19580 19580 I PushLogAC2613: [main-1]run push selfshow(pushagent/null:-1)
04-26 11:02:13.894 18664 19540 I System  : core_booster, getBoosterConfig = false
04-26 11:02:13.915 19580 19603 I PushLogAC2613: [Thread-2318-2318]framework push exist, use framework push first(pushagent/null:-1)
04-26 11:02:13.974  2808  2936 I [Gralloc]: alloc w[16] h[16] format[1] usage[256]
04-26 11:02:13.974  2808  2936 I [Gralloc]: alloc succ handle[0x55ca6a9a50] stride[32]
04-26 11:02:13.975 19604 19618 E linker  : readlink('/proc/self/fd/21') failed: Permission denied [fd=21]
04-26 11:02:13.975 19604 19618 E linker  : warning: unable to get realpath for the library "/system/lib64/hw/gralloc.hi3635.so". Will use given name.
04-26 11:02:13.977 19604 19618 E linker  : readlink('/proc/self/fd/21') failed: Permission denied [fd=21]
04-26 11:02:13.977 19604 19618 E linker  : warning: unable to get realpath for the library "libion.so". Will use given name.
04-26 11:02:13.978 19604 19618 E HAL     : load: id=gralloc != hmi->id=gralloc
04-26 11:02:14.000 19604 19604 W System  : ClassLoader referenced unknown path: /system/app/HwUserExperience/lib/arm64
04-26 11:02:14.018 19604 19604 I BDLog   : BD.BDService:onStartCommand
04-26 11:02:14.019 19604 19604 I BDLog   : BD.BDService:create and add
04-26 11:02:14.035  4413  4950 W AppsCleanUp: frequently crash process:com.huawei.skytone:pushservice time:2970712ms, crash:23 uid:1001
04-26 11:02:14.077  2808  3547 I [Gralloc]: alloc w[16] h[16] format[1] usage[256]
04-26 11:02:14.077  2808  3547 I [Gralloc]: alloc succ handle[0x55ca6a9a50] stride[32]
04-26 11:02:14.078 19622 19634 E linker  : readlink('/proc/self/fd/21') failed: Permission denied [fd=21]
04-26 11:02:14.078 19622 19634 E linker  : warning: unable to get realpath for the library "/system/lib/hw/gralloc.hi3635.so". Will use given name.
04-26 11:02:14.080 18664 19540 I HwSystemManager: ServerRequestHelper:checkServerResponseCode: resultCode = 20000
04-26 11:02:14.080 19622 19634 E linker  : readlink('/proc/self/fd/21') failed: Permission denied [fd=21]
04-26 11:02:14.080 19622 19634 E linker  : warning: unable to get realpath for the library "libion.so". Will use given name.
04-26 11:02:14.082 19622 19634 E HAL     : load: id=gralloc != hmi->id=gralloc
04-26 11:02:14.165 19637 19637 E dex2oat : Failed to create oat file: /data/dalvik-cache/arm/system@app@SkyTone@SkyTone.apk@classes.dex: Permission denied
04-26 11:02:14.165 19637 19637 I dex2oat : dex2oat took 766.458us (threads: 4) 
04-26 11:02:14.167 19622 19622 W art     : Failed execv(/system/bin/dex2oat --runtime-arg -classpath --runtime-arg  --instruction-set=arm --instruction-set-features=smp,div,atomic_ldrd_strd --runtime-arg -Xrelocate --boot-image=/system/framework/boot.art --runtime-arg -Xms64m --runtime-arg -Xmx512m --instruction-set-variant=cortex-a15 --instruction-set-features=default --dex-file=/system/app/SkyTone/SkyTone.apk --oat-file=/data/dalvik-cache/arm/system@app@SkyTone@SkyTone.apk@classes.dex) because non-0 exit status
04-26 11:02:14.456 19622 19622 I LibV1.0.1-AccountMgr: begin check so
04-26 11:02:14.713 19622 19622 I LibV1.0.1-AccountMgr: end check so ok
04-26 11:02:14.787 19622 19622 I PushLogSC2609: [main-1]action is android.intent.action.PACKAGE_ADDED(skytone/null:-1)
04-26 11:02:14.790 19622 19622 I PushLogSC2609: [main-1]run push selfshow(skytone/null:-1)
04-26 11:02:14.817 19622 19648 I PushLogSC2609: [Thread-727-727]framework push exist, use framework push first(skytone/null:-1)
04-26 11:02:14.822  4413  4950 W AppsCleanUp: frequently crash process:com.huawei.android.remotecontrol:pushservice time:2970872ms, crash:23 uid:10073
04-26 11:02:14.878  2808  8582 I [Gralloc]: alloc w[16] h[16] format[1] usage[256]
04-26 11:02:14.878  2808  8582 I [Gralloc]: alloc succ handle[0x55ca6a9a50] stride[32]
04-26 11:02:14.879 19650 19664 E linker  : readlink('/proc/self/fd/21') failed: Permission denied [fd=21]
04-26 11:02:14.879 19650 19664 E linker  : warning: unable to get realpath for the library "/system/lib64/hw/gralloc.hi3635.so". Will use given name.
04-26 11:02:14.881 19650 19664 E linker  : readlink('/proc/self/fd/21') failed: Permission denied [fd=21]
04-26 11:02:14.881 19650 19664 E linker  : warning: unable to get realpath for the library "libion.so". Will use given name.
04-26 11:02:14.883 19650 19664 E HAL     : load: id=gralloc != hmi->id=gralloc
04-26 11:02:14.982 19668 19668 E dex2oat : Failed to create oat file: /data/dalvik-cache/arm64/system@app@HwPhoneFinder@HwPhoneFinder.apk@classes.dex: Permission denied
04-26 11:02:14.983 19668 19668 I dex2oat : dex2oat took 730.625us (threads: 4) 
04-26 11:02:14.985 19650 19650 W art     : Failed execv(/system/bin/dex2oat --runtime-arg -classpath --runtime-arg  --instruction-set=arm64 --instruction-set-features=smp,a53 --runtime-arg -Xrelocate --boot-image=/system/framework/boot.art --runtime-arg -Xms64m --runtime-arg -Xmx512m --instruction-set-variant=generic --instruction-set-features=default --dex-file=/system/app/HwPhoneFinder/HwPhoneFinder.apk --oat-file=/data/dalvik-cache/arm64/system@app@HwPhoneFinder@HwPhoneFinder.apk@classes.dex) because non-0 exit status
04-26 11:02:15.094  2810  2830 I teecd   : Connected. UID=1000, PID=3446
04-26 11:02:15.233  2810  2830 E tee_get_app_cert: cannot find package:system_server
04-26 11:02:15.233  2810  2830 E tee_get_app_cert: get certs for app failed
04-26 11:02:15.258  2810  2830 I teecd   : Got certificate buffer len 107!
04-26 11:02:15.259  2810  2830 I teecd   : Waiting for a connection...
04-26 11:02:15.346  2810  2830 I teecd   : Connected. UID=1000, PID=3446
04-26 11:02:15.476  2810  2830 E tee_get_app_cert: cannot find package:system_server
04-26 11:02:15.476  2810  2830 E tee_get_app_cert: get certs for app failed
04-26 11:02:15.501  2810  2830 I teecd   : Got certificate buffer len 107!
04-26 11:02:15.501  2810  2830 I teecd   : Waiting for a connection...
04-26 11:02:15.588  2810  2869 E teecd   : access file(/sec_storage/306DA8DE8BA02B6C43F47D0A7390D7117C3A684938A8D0D2797507E5F3F67C03) mode(0) failed: No such file or directory
04-26 11:02:15.597  3446  3556 E libteec : [error] TEEC_InvokeCommand: invoke cmd failed, code=0xffff5002, origin=4
04-26 11:02:15.597  3446  3556 E huawei_antiTheft: invoke command 20002 failed, code=0xffff5002, origin=0x4 , type=0x1 in huawei_antiTheft_getFileSize
04-26 11:02:15.597  3446  3556 E HwAntiTheftService_jni: native_read getFileSize fail
04-26 11:02:15.660 19650 19650 E hisync.STUtils: decrypterCbc Exception
04-26 11:02:15.662 19650 19650 E hisync.STUtils: decrypterCbc Exception
04-26 11:02:15.663 19650 19650 E hisync.STUtils: decrypterCbc Exception
04-26 11:02:15.664 19650 19650 E hisync.STUtils: decrypterCbc Exception
04-26 11:02:15.673 19650 19650 I PushLogSC2609: [main-1]action is android.intent.action.PACKAGE_ADDED(remotecontrol/null:-1)
04-26 11:02:15.677 19650 19650 I PushLogSC2609: [main-1]run push selfshow(remotecontrol/null:-1)
04-26 11:02:15.705 19650 19677 I PushLogSC2609: [Thread-2328-2328]framework push exist, use framework push first(remotecontrol/null:-1)
04-26 11:02:15.709  4413  4950 W AppsCleanUp: frequently crash process:com.android.huawei.projectmenu time:3066063ms, crash:17 uid:1000
04-26 11:02:15.710  4413 11957 I PgedBinderListener: kstate callback type:8 value1=18962 value2=KILLED
04-26 11:02:15.821  2808  2934 I [Gralloc]: alloc w[16] h[16] format[1] usage[256]
04-26 11:02:15.822  2808  2934 I [Gralloc]: alloc succ handle[0x55ca6a9a50] stride[32]
04-26 11:02:15.823 19678 19692 E linker  : readlink('/proc/self/fd/21') failed: Permission denied [fd=21]
04-26 11:02:15.823 19678 19692 E linker  : warning: unable to get realpath for the library "/system/lib64/hw/gralloc.hi3635.so". Will use given name.
04-26 11:02:15.826 19678 19692 E linker  : readlink('/proc/self/fd/21') failed: Permission denied [fd=21]
04-26 11:02:15.826 19678 19692 E linker  : warning: unable to get realpath for the library "libion.so". Will use given name.
04-26 11:02:15.828 19678 19692 E HAL     : load: id=gralloc != hmi->id=gralloc
04-26 11:02:15.836  3446  4427 E HsmCoreServiceImpl: onTransact in code is: 102
04-26 11:02:15.836  3446  4427 I MediaProcessHandler: processOp opType: 1, uid: 10023, pid: 18962
04-26 11:02:15.836  3446  4427 W MediaProcessHandler: remove target not exist, maybe the UI process: uid: 10023, pid: 18962
04-26 11:02:15.873  4413  4449 I PgedBinderListener: kstate callback type:8 value1=19077 value2=KILLED
04-26 11:02:15.940  3446 18540 E HsmCoreServiceImpl: onTransact in code is: 102
04-26 11:02:15.940  3446 18540 I MediaProcessHandler: processOp opType: 1, uid: 10031, pid: 19077
04-26 11:02:15.940  3446 18540 W MediaProcessHandler: remove target not exist, maybe the UI process: uid: 10031, pid: 19077
04-26 11:02:16.483  3446  3563 E WifiConfigStore: updateConfiguration freq=2412 BSSID=1c:b9:c4:2c:27:38 RSSI=-54 "testin04_default"WPA_PSK
04-26 11:02:16.576  2864  2864 E TEMP_MONITOR: battery_temp : 31 tmax = 55
04-26 11:02:16.860  2856  2856 E Thermal-daemon: [ap] temp_new :40  temp_old :41
04-26 11:02:16.860  2856  2856 E Thermal-daemon: Report temperature: [ap] temp :40  report_threshold:1
04-26 11:02:19.113 19338 19440 I System  : core_booster, getBoosterConfig = false
04-26 11:02:19.449 19338 19481 I System  : core_booster, getBoosterConfig = false
04-26 11:02:19.495  3446  3563 E WifiConfigStore: updateConfiguration freq=2412 BSSID=1c:b9:c4:2c:27:38 RSSI=-54 "testin04_default"WPA_PSK
04-26 11:02:19.864  4413  4413 I PGUtils : im apps = [com.alibaba.mobileim, com.taobao.qianniu, com.jd.im.seller, jd.dd.seller, com.facebook.orca, com.immomo.momo, com.eg.android.AlipayGphone, com.tencent.mm, com.tencent.mobileqq]
04-26 11:02:19.891  4413  4413 I ash     : AppStaticDB change !
04-26 11:02:21.133 19338 19396 W HiApp.NetworkUtil: pool-10-thread-1{2348} <<< WARN >>> OTA host Exception!
04-26 11:02:21.135 19338 19396 W HiApp.StoreAgent: pool-10-thread-1{2348} <<< WARN >>> doPostWithDnsParse() error, method:client.installResultRep, url:https://stores1.hispace.hicloud.com/hwmarket/api/encryptApi2, java.net.ConnectException: Failed to connect to host stores1.hispace.hicloud.com
04-26 11:02:21.139 19338 19396 E HiApp.StoreAgent: pool-10-thread-1{2348} <<< ERROR >>> invoke store error, exceptionType:ConnectException, url:https://stores1.hispace.hicloud.com/hwmarket/api/encryptApi2, method:client.installResultRep, retryTimes:0
04-26 11:02:21.451 19338 19396 W HiApp.NetworkUtil: pool-9-thread-1{2350} <<< WARN >>> OTA host Exception!
04-26 11:02:21.453 19338 19396 W HiApp.StoreAgent: pool-9-thread-1{2350} <<< WARN >>> doPostWithDnsParse() error, method:client.diffUpgrade2, url:https://stores1.hispace.hicloud.com/hwmarket/api/storeApi2, java.net.ConnectException: Failed to connect to host stores1.hispace.hicloud.com
04-26 11:02:21.454 19338 19396 E HiApp.StoreAgent: pool-9-thread-1{2350} <<< ERROR >>> invoke store error, exceptionType:ConnectException, url:https://stores1.hispace.hicloud.com/hwmarket/api/storeApi2, method:client.diffUpgrade2, retryTimes:0
04-26 11:02:21.460 19338 19396 E HiApp.UpdateManager/UpdateCheckImpl: pool-9-thread-1{2350} <<< ERROR >>> get app update msg failed,responseCode is 3
04-26 11:02:21.615  4478  4478 I HwLauncher:  FPSMonitor [Launcher , dispatchTouchEvent begin, false, true] down event  x = 999 y = 999
04-26 11:02:21.615  4478  4478 I HwLauncher: Launcher  while lockScreenOrientation,isRotationEnabled is false!
04-26 11:02:21.615  4478  4478 I HwLauncher:  FPSMonitor [PagedView , onIntercept] down event  x = 999 y = 999
04-26 11:02:21.616  4478  4478 I HwLauncher:  FPSMonitor [Launcher , dispatchTouchEvent end, false, true] down event  x = 999 y = 999
04-26 11:02:21.692  4478  4478 I HwLauncher:  FPSMonitor [Launcher , dispatchTouchEvent begin, false, true] up event  x = 999 y = 999
04-26 11:02:21.694  4478  4478 I HwLauncher:  FPSMonitor [PagedView , onIntercept] up event  x = 999 y = 999
04-26 11:02:21.694  4478  4478 I HwLauncher: Launcher mUnlockScreenRunnbale  getOrientationEnabled false 
04-26 11:02:21.694  4478  4478 I HwLauncher:  FPSMonitor [Launcher , dispatchTouchEvent end, false, true] up event  x = 999 y = 999
04-26 11:02:21.864  2856  2856 E Thermal-daemon: [ap] temp_new :39  temp_old :40
04-26 11:02:21.864  2856  2856 E Thermal-daemon: Report temperature: [ap] temp :39  report_threshold:1
04-26 11:02:22.508  3446  3563 E WifiConfigStore: updateConfiguration freq=2412 BSSID=1c:b9:c4:2c:27:38 RSSI=-56 "testin04_default"WPA_PSK
04-26 11:02:25.283  4478  4478 I HwLauncher:  FPSMonitor [Launcher , dispatchTouchEvent begin, false, true] down event  x = 853 y = 853
04-26 11:02:25.283  4478  4478 I HwLauncher: Launcher  while lockScreenOrientation,isRotationEnabled is false!
04-26 11:02:25.284  4478  4478 I HwLauncher:  FPSMonitor [PagedView , onIntercept] down event  x = 853 y = 853
04-26 11:02:25.285  4478  4478 I HwLauncher:  FPSMonitor [Launcher , dispatchTouchEvent end, false, true] down event  x = 853 y = 853
04-26 11:02:25.464  4478  4478 I HwLauncher:  FPSMonitor startScroll xMoved = true  xPaged = true xDiff =  220
04-26 11:02:25.527  3446  3563 E WifiConfigStore: updateConfiguration freq=2412 BSSID=1c:b9:c4:2c:27:38 RSSI=-56 "testin04_default"WPA_PSK
04-26 11:02:25.615  4478  4478 I HwLauncher:  FPSMonitor [Launcher , dispatchTouchEvent begin, false, true] up event  x = 395 y = 395
04-26 11:02:25.615  4478  4478 I HwLauncher:  FPSMonitor [PagedView , onTouchEvent] up event  x = 395 y = 395
04-26 11:02:25.616  4478  4478 I HwLauncher:  FPSMonitor snapToPage whichPage = 2 delta = 630 duration = 976
04-26 11:02:25.616  4478  4478 I HwLauncher: Launcher mUnlockScreenRunnbale  getOrientationEnabled false 
04-26 11:02:25.616  4478  4478 I HwLauncher:  FPSMonitor [Launcher , dispatchTouchEvent end, false, true] up event  x = 395 y = 395
04-26 11:02:25.994  4478  4478 I HwLauncher:  FPSMonitor endScroll
04-26 11:02:26.587  2864  2864 E TEMP_MONITOR: battery_temp : 31 tmax = 55
04-26 11:02:26.868  2856  2856 E Thermal-daemon: [ap] temp_new :38  temp_old :39
04-26 11:02:26.868  2856  2856 E Thermal-daemon: Report temperature: [ap] temp :38  report_threshold:1
04-26 11:02:26.870  4413  4949 I ThermalStateManager: sensor name: cpu temperature: 38 , thermal action: cpu_a15 policy:0
04-26 11:02:26.870  4413  4949 I ThermalStateManager: sensor name: cpu temperature: 38 , thermal action: gpu policy:0
04-26 11:02:28.540  3446  3563 E WifiConfigStore: updateConfiguration freq=2412 BSSID=1c:b9:c4:2c:27:38 RSSI=-56 "testin04_default"WPA_PSK
04-26 11:02:31.555  3446  3563 E WifiConfigStore: updateConfiguration freq=2412 BSSID=1c:b9:c4:2c:27:38 RSSI=-54 "testin04_default"WPA_PSK
04-26 11:02:31.655  4478 19708 W HwLauncher: getDownloadInfo return null!
04-26 11:02:31.872  2856  2856 E Thermal-daemon: [ap] temp_new :37  temp_old :38
04-26 11:02:31.872  2856  2856 E Thermal-daemon: Report temperature: [ap] temp :37  report_threshold:1
04-26 11:02:34.568  3446  3563 E WifiConfigStore: updateConfiguration freq=2412 BSSID=1c:b9:c4:2c:27:38 RSSI=-54 "testin04_default"WPA_PSK
04-26 11:02:36.459  4955  5269 I Bluetooth: HeadsetStateMachine:Disconnected process message: 10, size: 0
04-26 11:02:36.459  4442  6190 I HwPowerMonitor.PowerExceptionObservable: unhandled onEvent actionID: 3002
04-26 11:02:36.459  4442  4442 I HwPowerMonitor.DayActObserver: in PowerMonitorHandler, will handle msg.what = battery_changed, Utils.isCharging() = true
04-26 11:02:36.608  2864  2864 E TEMP_MONITOR: battery_temp : 31 tmax = 55
04-26 11:02:36.876  2856  2856 E Thermal-daemon: [ap] temp_new :36  temp_old :37
04-26 11:02:36.876  2856  2856 E Thermal-daemon: Report temperature: [ap] temp :36  report_threshold:1
04-26 11:02:37.577  3446  3563 E WifiConfigStore: updateConfiguration freq=2412 BSSID=1c:b9:c4:2c:27:38 RSSI=-54 "testin04_default"WPA_PSK
04-26 11:02:38.102 19717 19717 I appproc : CLASSPATH=/system/framework/wm.jar
04-26 11:02:38.102 19717 19717 I appproc : Command=app_process /system/bin com.android.commands.wm.Wm size 
04-26 11:02:38.106 19717 19717 I AndroidRuntime: readDownloadBoosterConfig: 'false'
04-26 11:02:38.159 19717 19717 I HWSERVICES: hwnative_get_component_register:libdrmbitmap,JNI
04-26 11:02:38.167 19717 19717 E HAL     : load: id=memtrack != hmi->id=memtrack
04-26 11:02:38.169 19717 19717 I         : power log dlsym ok
04-26 11:02:38.171 19717 19717 I Radio-JNI: register_android_hardware_Radio DONE
04-26 11:02:38.182 19717 19717 I android_hardware_fm.cpp: register_android_hardware_fm_fmradio
04-26 11:02:38.182 19717 19717 I android_hardware_fm.cpp: ========64bit long size = 8
04-26 11:02:38.182 19717 19717 I android_hardware_fm.cpp: FM: get chip type = bcm43xx
04-26 11:02:38.183 19717 19717 E HAL     : load: id=fm != hmi->id=fm
04-26 11:02:38.183 19717 19717 E fm_if.c : find the id:fm and begins to open the devices
04-26 11:02:38.183 19717 19717 I android_hardware_fm.cpp: register_android_hardware_fm_fmradio, ret is 0
04-26 11:02:39.065 19734 19734 I appproc : CLASSPATH=/system/framework/monkey.jar
04-26 11:02:39.065 19734 19734 I appproc : Command=app_process /system/bin com.android.commands.monkey.Monkey -p com.dc.hwsj -s 656 --throttle 300 --ignore-crashes --ignore-timeouts --pct-touch 80 --pct-trackball 5 --pct-appswitch 5 --pct-syskeys 5 --pct-motion 5 -v -v 100 
04-26 11:02:39.070 19734 19734 I AndroidRuntime: readDownloadBoosterConfig: 'false'
04-26 11:02:39.124 19734 19734 I HWSERVICES: hwnative_get_component_register:libdrmbitmap,JNI
04-26 11:02:39.133 19734 19734 E HAL     : load: id=memtrack != hmi->id=memtrack
04-26 11:02:39.134 19734 19734 I         : power log dlsym ok
04-26 11:02:39.136 19734 19734 I Radio-JNI: register_android_hardware_Radio DONE
04-26 11:02:39.147 19734 19734 I android_hardware_fm.cpp: register_android_hardware_fm_fmradio
04-26 11:02:39.147 19734 19734 I android_hardware_fm.cpp: ========64bit long size = 8
04-26 11:02:39.147 19734 19734 I android_hardware_fm.cpp: FM: get chip type = bcm43xx
04-26 11:02:39.148 19734 19734 E HAL     : load: id=fm != hmi->id=fm
04-26 11:02:39.148 19734 19734 E fm_if.c : find the id:fm and begins to open the devices
04-26 11:02:39.148 19734 19734 I android_hardware_fm.cpp: register_android_hardware_fm_fmradio, ret is 0
04-26 11:02:39.212  4413  4413 I K3V3CpuGovernorPolicy: set scene Hmp policy : 300 , 150
04-26 11:02:39.229  4478  4478 I HwLauncher: Launcher onPause()
04-26 11:02:39.231  4478 19749 I HwLauncher: Launcher.MotionManager stopMotionAppsReco begin,flg = 402
04-26 11:02:39.231  4478 19750 I HwLauncher: Launcher.MotionManager stopMotionAppsReco begin,flg = 403
04-26 11:02:39.231  4478 19749 W HwLauncher: Launcher.MotionManager stopMotionAppsReco service flg 402 is unavailable
04-26 11:02:39.231  4478 19750 W HwLauncher: Launcher.MotionManager stopMotionAppsReco service flg 403 is unavailable
04-26 11:02:39.235  9502  9554 I testin-agent: client ready>:59c3b57d16a578cb4cd26ed10f8S1,true
04-26 11:02:39.235  9502  9554 I testin-agent: mq:{"op":"activity.change","code":0,"message":"","data":{"topActivity":"com.dc.hwsj\/com.dc.hwsj.LuaActivity"}}
04-26 11:02:39.265  4478  4478 I TotemWeather: AbstractDualWeatherWidgetHomeView onWindowFocusChanged, hasWindowFocus= false
04-26 11:02:39.272  2808  2934 I [Gralloc]: alloc w[1080] h[1830] format[1] usage[2355]
04-26 11:02:39.272  2808  3008 I [Gralloc]: alloc w[1080] h[1920] format[1] usage[3]
04-26 11:02:39.272  2808  2934 I [Gralloc]: alloc succ handle[0x55ca5bf570] stride[1120]
04-26 11:02:39.276  2808  3008 I [Gralloc]: alloc succ handle[0x55ca672000] stride[1120]
04-26 11:02:39.292  4413  4997 W PGApi_client: recv actoionId = 10000, action = com.huawei.pgmng.PGAction@3dc61a8 actionId =10000 pkg =com.dc.hwsj extend1 =2 extend2 = flag =3 type =1
04-26 11:02:39.292  4413  4997 W PGMiddleWare: in handleAction method, action = 10000
04-26 11:02:39.292  4413  4997 W PGMiddleWare: in handleAction, invoke client = com.huawei.pgmng.middleware.AudioEffectLowPowerImpl@9f26c77, action = com.huawei.pgmng.PGAction@3dc61a8 actionId =10000 pkg =com.dc.hwsj extend1 =2 extend2 = flag =3 type =1
04-26 11:02:39.303 18592 18672 I HwSystemManager: NotificationGuideService:handle MSG_ACTIVIY_FOREGROUND, uid:15696
04-26 11:02:39.309  2808  8582 I [Gralloc]: alloc w[16] h[16] format[1] usage[256]
04-26 11:02:39.309  2808  8582 I [Gralloc]: alloc succ handle[0x55ca6af2e0] stride[32]
04-26 11:02:39.311 19752 19764 E linker  : readlink('/proc/self/fd/21') failed: Permission denied [fd=21]
04-26 11:02:39.311 19752 19764 E linker  : warning: unable to get realpath for the library "/system/lib/hw/gralloc.hi3635.so". Will use given name.
04-26 11:02:39.314 19752 19764 E linker  : readlink('/proc/self/fd/21') failed: Permission denied [fd=21]
04-26 11:02:39.314 19752 19764 E linker  : warning: unable to get realpath for the library "libion.so". Will use given name.
04-26 11:02:39.315 19752 19764 E HAL     : load: id=gralloc != hmi->id=gralloc
04-26 11:02:39.352 19752 19752 I MultiDex: VM with version 2.1.0 has multidex support
04-26 11:02:39.352 19752 19752 I MultiDex: install
04-26 11:02:39.352 19752 19752 I MultiDex: VM has multidex support, MultiDex support library is disabled.
04-26 11:02:39.407 18592 18602 I HwSystemManager: HoldService:sendHoldBroadcast begin!
04-26 11:02:39.416 18664 18664 I HwSystemManager: HoldDialogShowService:init orientation:1
04-26 11:02:39.427 19752 19752 I HwCust  : Constructor found for class android.app.HwCustAlarmManagerImpl
04-26 11:02:39.433 19752 19752 I FirebaseInitProvider: FirebaseApp initialization successful
04-26 11:02:39.434 18664 18664 I HwCust  : Constructor found for class android.app.HwCustHwWallpaperManagerImpl
04-26 11:02:39.436 18664 18664 I HwSystemManager: CommonCountDownDialog:mSupperApp:false
04-26 11:02:39.448 18664 18664 I HwCust  : Constructor found for class android.widget.HwCustTextViewImpl
04-26 11:02:39.483 19752 19773 W GooglePlayServicesUtil: Google Play Store is missing.
04-26 11:02:39.490 19752 19779 W GooglePlayServicesUtil: Google Play Store is missing.
04-26 11:02:39.507 19752 19770 I FA      : App measurement is starting up, version: 11910
04-26 11:02:39.507 19752 19770 I FA      : To enable debug logging run: adb shell setprop log.tag.FA VERBOSE
04-26 11:02:39.509 18664 18664 I HwCust  : Constructor found for class android.widget.HwCustTextViewImpl
04-26 11:02:39.511 19752 19770 I FA      : To enable faster debug mode event logging run:
04-26 11:02:39.511 19752 19770 I FA      :   adb shell setprop debug.firebase.analytics.app com.dc.hwsj
04-26 11:02:39.541  4413  4950 I ash     : view add pid:18664 uid:1000
04-26 11:02:39.546 19752 19773 I System  : core_booster, getBoosterConfig = false
04-26 11:02:39.548  3446  3549 I InputDispatcher: Dropping event because there is no touchable window at (1063, 150).
04-26 11:02:39.553 19752 19752 I art     : Thread[1,tid=19752,Native,Thread*=0xab0a99d8,peer=0x74f0b280,"main"] recursive attempt to load library "/data/app/com.dc.hwsj-1/lib/arm/libjnlua5.1.so"
04-26 11:02:39.563 18592 18592 I HwSystemManager: HsmStat_event:current is not foreground, did not stat r!
04-26 11:02:39.567 18664 18664 E Minikin : getFamilyForChar iscover: 0
04-26 11:02:39.568 18664 18664 E Minikin : getFamilyForChar iscover: 0
04-26 11:02:39.568 18664 18664 E Minikin : getFamilyForChar iscover: 0
04-26 11:02:39.568 18664 18664 E Minikin : getFamilyForChar iscover: 0
04-26 11:02:39.568 18664 18664 E Minikin : getFamilyForChar iscover: 0
04-26 11:02:39.568 18664 18664 E Minikin : getFamilyForChar iscover: 0
04-26 11:02:39.568 18664 18664 E Minikin : getFamilyForChar iscover: 0
04-26 11:02:39.568 18664 18664 E Minikin : getFamilyForChar iscover: 0
04-26 11:02:39.568 18664 18664 E Minikin : getFamilyForChar iscover: 0
04-26 11:02:39.569 18664 18664 E Minikin : getFamilyForChar iscover: 0
04-26 11:02:39.569 18664 18664 E Minikin : getFamilyForChar iscover: 0
04-26 11:02:39.569 18664 18664 E Minikin : getFamilyForChar iscover: 0
04-26 11:02:39.570 18664 18664 E Minikin : getFamilyForChar iscover: 0
04-26 11:02:39.570 18664 18664 E Minikin : getFamilyForChar iscover: 0
04-26 11:02:39.571 18664 18664 E Minikin : getFamilyForChar iscover: 0
04-26 11:02:39.571 18664 18664 E Minikin : getFamilyForChar iscover: 0
04-26 11:02:39.571 18664 18664 E Minikin : getFamilyForChar iscover: 0
04-26 11:02:39.571 18664 18664 E Minikin : getFamilyForChar iscover: 0
04-26 11:02:39.571 18664 18664 E Minikin : getFamilyForChar iscover: 0
04-26 11:02:39.572 18664 18664 E Minikin : getFamilyForChar iscover: 0
04-26 11:02:39.572 18664 18664 E Minikin : getFamilyForChar iscover: 0
04-26 11:02:39.572 18664 18664 E Minikin : getFamilyForChar iscover: 0
04-26 11:02:39.572 18664 18664 E Minikin : getFamilyForChar iscover: 0
04-26 11:02:39.572 18664 18664 E Minikin : getFamilyForChar iscover: 0
04-26 11:02:39.573 18664 18664 E Minikin : getFamilyForChar iscover: 0
04-26 11:02:39.573 18664 18664 E Minikin : getFamilyForChar iscover: 0
04-26 11:02:39.573 18664 18664 E Minikin : getFamilyForChar iscover: 0
04-26 11:02:39.574 18664 18664 E Minikin : getFamilyForChar iscover: 0
04-26 11:02:39.574 18664 18664 E Minikin : getFamilyForChar iscover: 0
04-26 11:02:39.574 18664 18664 E Minikin : getFamilyForChar iscover: 0
04-26 11:02:39.574 18664 18664 E Minikin : getFamilyForChar iscover: 0
04-26 11:02:39.574 18664 18664 E Minikin : getFamilyForChar iscover: 0
04-26 11:02:39.574 18664 18664 E Minikin : getFamilyForChar iscover: 0
04-26 11:02:39.574 18664 18664 E Minikin : getFamilyForChar iscover: 0
04-26 11:02:39.574 18664 18664 E Minikin : getFamilyForChar iscover: 0
04-26 11:02:39.574 18664 18664 E Minikin : getFamilyForChar iscover: 0
04-26 11:02:39.575 18664 18664 E Minikin : getFamilyForChar iscover: 0
04-26 11:02:39.575 18664 18664 E Minikin : getFamilyForChar iscover: 0
04-26 11:02:39.575 18664 18664 E Minikin : getFamilyForChar iscover: 0
04-26 11:02:39.575 18664 18664 E Minikin : getFamilyForChar iscover: 0
04-26 11:02:39.575 18664 18664 E Minikin : getFamilyForChar iscover: 0
04-26 11:02:39.575 18664 18664 E Minikin : getFamilyForChar iscover: 0
04-26 11:02:39.575 18664 18664 E Minikin : getFamilyForChar iscover: 0
04-26 11:02:39.575 18664 18664 E Minikin : getFamilyForChar iscover: 0
04-26 11:02:39.576 18664 18664 E Minikin : getFamilyForChar iscover: 0
04-26 11:02:39.576 18664 18664 E Minikin : getFamilyForChar iscover: 0
04-26 11:02:39.576 18664 18664 E Minikin : getFamilyForChar iscover: 0
04-26 11:02:39.576 18664 18664 E Minikin : getFamilyForChar iscover: 0
04-26 11:02:39.576 18664 18664 E Minikin : getFamilyForChar iscover: 0
04-26 11:02:39.576 18664 18664 E Minikin : getFamilyForChar iscover: 0
04-26 11:02:39.576 18664 18664 E Minikin : getFamilyForChar iscover: 0
04-26 11:02:39.577 18664 18664 E Minikin : getFamilyForChar iscover: 0
04-26 11:02:39.577 18664 18664 E Minikin : getFamilyForChar iscover: 0
04-26 11:02:39.578 18664 18664 E Minikin : getFamilyForChar iscover: 0
04-26 11:02:39.578 18664 18664 E Minikin : getFamilyForChar iscover: 0
04-26 11:02:39.578 18664 18664 E Minikin : getFamilyForChar iscover: 0
04-26 11:02:39.578 18664 18664 E Minikin : getFamilyForChar iscover: 0
04-26 11:02:39.578 18664 18664 E Minikin : getFamilyForChar iscover: 0
04-26 11:02:39.578 18664 18664 E Minikin : getFamilyForChar iscover: 0
04-26 11:02:39.579 18664 18664 E Minikin : getFamilyForChar iscover: 0
04-26 11:02:39.579 18664 18664 E Minikin : getFamilyForChar iscover: 0
04-26 11:02:39.579 18664 18664 E Minikin : getFamilyForChar iscover: 0
04-26 11:02:39.579 18664 18664 E Minikin : getFamilyForChar iscover: 0
04-26 11:02:39.579 18664 18664 E Minikin : getFamilyForChar iscover: 0
04-26 11:02:39.579 18664 18664 E Minikin : getFamilyForChar iscover: 0
04-26 11:02:39.579 18664 18664 E Minikin : getFamilyForChar iscover: 0
04-26 11:02:39.579 18664 18664 E Minikin : getFamilyForChar iscover: 0
04-26 11:02:39.579 18664 18664 E Minikin : getFamilyForChar iscover: 0
04-26 11:02:39.580 18664 18664 E Minikin : getFamilyForChar iscover: 0
04-26 11:02:39.580 18664 18664 E Minikin : getFamilyForChar iscover: 0
04-26 11:02:39.580 18664 18664 E Minikin : getFamilyForChar iscover: 0
04-26 11:02:39.580 18664 18664 E Minikin : getFamilyForChar iscover: 0
04-26 11:02:39.581 19752 19752 I OpenAL_SLES: alc_opensles_init
04-26 11:02:39.606 19752 19786 I System  : core_booster, getBoosterConfig = false
04-26 11:02:39.612 18664 18664 I HwSystemManager: CountDownDialog:onFocusChange called true
04-26 11:02:39.614 18664 18664 E Minikin : getFamilyForChar iscover: 0
04-26 11:02:39.615 18664 18664 E Minikin : getFamilyForChar iscover: 0
04-26 11:02:39.615 18664 18664 E Minikin : getFamilyForChar iscover: 0
