04-26 11:02:39.615 18664 18664 E Minikin : getFamilyForChar iscover: 0
04-26 11:02:39.615 18664 18664 E Minikin : getFamilyForChar iscover: 0
04-26 11:02:39.616  2808  2936 I [Gralloc]: alloc w[800] h[565] format[1] usage[2355]
04-26 11:02:39.617  2808  2936 I [Gralloc]: alloc succ handle[0x55ca68aa80] stride[800]
04-26 11:02:39.661 19752 19752 W ResourceType: No package identifier when getting value for resource number 0x00000000
04-26 11:02:39.668 19752 19752 I HwCust  : Constructor found for class android.app.HwCustHwWallpaperManagerImpl
04-26 11:02:39.724 19752 19752 I HwCust  : Constructor found for class android.widget.HwCustTextViewImpl
04-26 11:02:39.862 19752 19752 I WebViewFactory: Loading com.google.android.webview version 45.0.2454.95 (code 246109550)
04-26 11:02:39.929 19800 19800 E dex2oat : Failed to create oat file: /data/dalvik-cache/arm/system@app@WebViewGoogle@WebViewGoogle.apk@classes.dex: Permission denied
04-26 11:02:39.929 19800 19800 I dex2oat : dex2oat took 461.875us (threads: 4) 
04-26 11:02:39.930 19752 19752 W art     : Failed execv(/system/bin/dex2oat --runtime-arg -classpath --runtime-arg  --instruction-set=arm --instruction-set-features=smp,div,atomic_ldrd_strd --runtime-arg -Xrelocate --boot-image=/system/framework/boot.art --runtime-arg -Xms64m --runtime-arg -Xmx512m --instruction-set-variant=cortex-a15 --instruction-set-features=default --dex-file=/system/app/WebViewGoogle/WebViewGoogle.apk --oat-file=/data/dalvik-cache/arm/system@app@WebViewGoogle@WebViewGoogle.apk@classes.dex) because non-0 exit status
04-26 11:02:39.998  4413  4413 I K3V3CpuGovernorPolicy: close previously scene Hmp policy : 300 , 150
04-26 11:02:40.065 19752 19752 W System  : ClassLoader referenced unknown path: /system/app/WebViewGoogle/lib/arm
04-26 11:02:40.086 19752 19752 I cr.library_loader: Time to load native libraries: 5 ms (timestamps 6189-6194)
04-26 11:02:40.086 19752 19752 I cr.library_loader: Expected native library version number "", actual native library version number ""
04-26 11:02:40.114 19752 19752 I cr.library_loader: Expected native library version number "", actual native library version number ""
04-26 11:02:40.115 19752 19752 I chromium: [INFO:library_loader_hooks.cc(121)] Chromium logging enabled: level = 0, default verbosity = 0
04-26 11:02:40.154 19752 19752 I cr.BrowserStartup: Initializing chromium process, singleProcess=true
04-26 11:02:40.164 19752 19752 E SysUtils: ApplicationContext is null in ApplicationStatus
04-26 11:02:40.166 19752 19770 W GooglePlayServicesUtil: Google Play Store is missing.
04-26 11:02:40.166 19752 19770 W FA      : Service invalid
04-26 11:02:40.183 19752 19752 E HAL     : load: id=gralloc != hmi->id=gralloc
04-26 11:02:40.221 19752 19829 W cr.media: Requires BLUETOOTH permission
04-26 11:02:40.222 19752 19752 E libEGL  : validate_display:255 error 3008 (EGL_BAD_DISPLAY)
04-26 11:02:40.345 19752 19752 W AwContents: onDetachedFromWindow called when already detached. Ignoring
04-26 11:02:40.352 19752 19752 W Settings: Setting android_id has moved from android.provider.Settings.System to android.provider.Settings.Secure, returning read-only value.
04-26 11:02:40.353 19752 19752 I System.out: appIdActivity: isactivity1019  false
04-26 11:02:40.354 19752 19752 I System.out: activate url: https://hwsj.9longe.net:20888/frontend/distribute/v1/active_event
04-26 11:02:40.362 19752 19838 I System.out: admonitor data: {"version":"1.8","app_id":"1019","act_id":"ad_trace_new","data":"{\"cp_app_id\":1019,\"ad_app_key\":\"3199536a745011e8a870025a896bb440\",\"retail_id\":2,\"ad_uuid\":\"\",\"channel_id\":0,\"mac\":\"820d890f84e4172e0423134eb1ec1266\",\"user_agent\":\"Dalvik\\\/2.1.0 (Linux; U; Android 6.0; HUAWEI P8max Build\\\/HUAWEIDAV-703L)\",\"ex_user_agent\":\"Mozilla\\\/5.0 (Linux; Android 6.0; HUAWEI P8max Build\\\/HUAWEIDAV-703L; wv) AppleWebKit\\\/537.36 (KHTML, like Gecko) Version\\\/4.0 Chrome\\\/45.0.2454.95 Mobile Safari\\\/537.36\",\"device_id\":\"73f5f4f061da9362\",\"os\":\"0\",\"timestamp\":1556247760,\"reserve\":\"{\\\"deviceType\\\":\\\"android_id\\\"}\"}"}
04-26 11:02:40.371 19752 19781 I System  : core_booster, getBoosterConfig = false
04-26 11:02:40.378 19752 19838 I System  : core_booster, getBoosterConfig = false
04-26 11:02:40.379 19752 19770 I FA      : Tag Manager is not found and thus will not be used
04-26 11:02:40.385 19752 19781 I System  : core_booster, getBoosterConfig = false
04-26 11:02:40.416  3446  4474 W System.err: java.lang.SecurityException: Permission denial: writing to settings requires:android.permission.WRITE_SECURE_SETTINGS
04-26 11:02:40.417  3446  4474 W System.err: 	at com.android.providers.settings.SettingsProvider.enforceWritePermission(SettingsProvider.java:1206)
04-26 11:02:40.417  3446  4474 W System.err: 	at com.android.providers.settings.SettingsProvider.mutateSecureSetting(SettingsProvider.java:856)
04-26 11:02:40.417  3446  4474 W System.err: 	at com.android.providers.settings.SettingsProvider.insertSecureSetting(SettingsProvider.java:833)
04-26 11:02:40.417  3446  4474 W System.err: 	at com.android.providers.settings.SettingsProvider.call(SettingsProvider.java:285)
04-26 11:02:40.417  3446  4474 W System.err: 	at android.content.ContentProvider$Transport.call(ContentProvider.java:398)
04-26 11:02:40.417  3446  4474 W System.err: 	at android.content.ContentProviderNative.onTransact(ContentProviderNative.java:283)
04-26 11:02:40.417  3446  4474 W System.err: 	at android.os.Binder.execTransact(Binder.java:453)
04-26 11:02:40.417  3446  4474 E DatabaseUtils: Writing exception to parcel
04-26 11:02:40.417  3446  4474 E DatabaseUtils: java.lang.SecurityException: Permission denial: writing to settings requires:android.permission.WRITE_SECURE_SETTINGS
04-26 11:02:40.417  3446  4474 E DatabaseUtils: 	at com.android.providers.settings.SettingsProvider.enforceWritePermission(SettingsProvider.java:1206)
04-26 11:02:40.417  3446  4474 E DatabaseUtils: 	at com.android.providers.settings.SettingsProvider.mutateSecureSetting(SettingsProvider.java:856)
04-26 11:02:40.417  3446  4474 E DatabaseUtils: 	at com.android.providers.settings.SettingsProvider.insertSecureSetting(SettingsProvider.java:833)
04-26 11:02:40.417  3446  4474 E DatabaseUtils: 	at com.android.providers.settings.SettingsProvider.call(SettingsProvider.java:285)
04-26 11:02:40.417  3446  4474 E DatabaseUtils: 	at android.content.ContentProvider$Transport.call(ContentProvider.java:398)
04-26 11:02:40.417  3446  4474 E DatabaseUtils: 	at android.content.ContentProviderNative.onTransact(ContentProviderNative.java:283)
04-26 11:02:40.417  3446  4474 E DatabaseUtils: 	at android.os.Binder.execTransact(Binder.java:453)
04-26 11:02:40.438 19752 19752 I System.out: Elva init------
04-26 11:02:40.441 19752 19845 W System.err: android.content.pm.PackageManager$NameNotFoundException: com.android.vending
04-26 11:02:40.441 19752 19845 W System.err: 	at android.app.ApplicationPackageManager.getPackageInfo(ApplicationPackageManager.java:152)
04-26 11:02:40.441 19752 19845 W System.err: 	at com.ljoy.chatbot.utils.AdvertisingIdClient.getAdvertisingIdInfo(AdvertisingIdClient.java:45)
04-26 11:02:40.441 19752 19845 W System.err: 	at com.ljoy.chatbot.controller.ElvaServiceController$1.run(ElvaServiceController.java:183)
04-26 11:02:40.441 19752 19845 W System.err: 	at java.lang.Thread.run(Thread.java:833)
04-26 11:02:40.456 19752 19827 W chromium: [WARNING:data_reduction_proxy_config.cc(630)] SPDY proxy OFF at startup
04-26 11:02:40.486 19752 19842 I OpenGLRenderer: Initialized EGL, version 1.4
04-26 11:02:40.491 19752 19842 E linker  : readlink('/proc/self/fd/65') failed: Permission denied [fd=65]
04-26 11:02:40.491 19752 19842 E linker  : warning: unable to get realpath for the library "/system/lib/libhwuibp.so". Will use given name.
04-26 11:02:40.523 19752 19770 I FA      : This instance being marked as an uploader
04-26 11:02:40.544  2808  8582 I [Gralloc]: alloc w[1080] h[1830] format[1] usage[2816]
04-26 11:02:40.547 19752 19841 W GooglePlayServicesUtil: Google Play Store is missing.
04-26 11:02:40.551  2808  8582 I [Gralloc]: alloc succ handle[0x55ca5689b0] stride[1120]
04-26 11:02:40.554 19752 19847 I System  : core_booster, getBoosterConfig = false
04-26 11:02:40.567 18664 18664 E Minikin : getFamilyForChar iscover: 0
04-26 11:02:40.567 18664 18664 E Minikin : getFamilyForChar iscover: 0
04-26 11:02:40.568 18664 18664 E Minikin : getFamilyForChar iscover: 0
04-26 11:02:40.568 18664 18664 E Minikin : getFamilyForChar iscover: 0
04-26 11:02:40.571  3446  3472 I ActivityManager: Displayed com.dc.hwsj/.LuaActivity: +1s337ms
04-26 11:02:40.578 19752 19838 I System  : core_booster, getBoosterConfig = false
04-26 11:02:40.580  2808 10235 I [Gralloc]: alloc w[800] h[565] format[1] usage[2355]
04-26 11:02:40.582  2808 10235 I [Gralloc]: alloc succ handle[0x55ca568660] stride[800]
04-26 11:02:40.586  3446  3563 E WifiConfigStore: updateConfiguration freq=2412 BSSID=1c:b9:c4:2c:27:38 RSSI=-54 "testin04_default"WPA_PSK
04-26 11:02:40.599  4478  4478 I HwLauncher: Launcher mUnlockScreenRunnbale  getOrientationEnabled false 
04-26 11:02:40.600  4478  4478 I HwLauncher: Launcher onStop()
04-26 11:02:40.759 19752 19847 I System  : core_booster, getBoosterConfig = false
04-26 11:02:40.953 19752 19795 W libOpenSLES: class OutputMix interface 0 requested but unavailable MPH=43
04-26 11:02:40.999 19752 19795 I Corona  : Platform: HUAWEI P8max / ARM Neon / 6.0 / Mali-T624 / OpenGL ES 3.1 v1.r8p0-01dev0.4078cee201ea91f87ad24a89593523d2 / 2018.3326 /  | CN | zh_CN | zh
04-26 11:02:41.103 19752 19770 W FA      : Callable skipped the worker queue.
04-26 11:02:41.320 19752 19795 I Corona  : sssssssssssssss:	750	1334
04-26 11:02:41.322 19752 19859 I System  : core_booster, getBoosterConfig = false
04-26 11:02:41.324 19752 19795 I Corona  : ERROR: Unsupported key: supportsSessionProperty in audio library
04-26 11:02:41.336 19752 19795 I Corona  : createHashFile = 	e98352716fb5d3ebdd7ad2cd5dee9b63e5afae86
04-26 11:02:41.364 19752 19752 I System.out: eventId: event_38
04-26 11:02:41.364 19752 19752 I System.out: timeStamp: 1556247761
04-26 11:02:41.364 19752 19795 I Corona  : testAllRegions
04-26 11:02:41.364 19752 19752 I System.out: ad_monitor_url: https://hwsj-eu-test.clktec.com:20888/frontend/distribute
04-26 11:02:41.364 19752 19752 I System.out: custom url: https://hwsj-eu-test.clktec.com:20888/frontend/distribute/v1/custom_event
04-26 11:02:41.366 19752 19861 I System.out: admonitor data: {"version":"1.8","app_id":"1019","act_id":"ad_trace_new","data":"{\"cp_app_id\":1019,\"ad_app_key\":\"3199536a745011e8a870025a896bb440\",\"retail_id\":2,\"event_id\":\"event_38\",\"event_name\":\"\",\"mac\":\"820d890f84e4172e0423134eb1ec1266\",\"user_agent\":\"Dalvik\\\/2.1.0 (Linux; U; Android 6.0; HUAWEI P8max Build\\\/HUAWEIDAV-703L)\",\"ex_user_agent\":\"Mozilla\\\/5.0 (Linux; Android 6.0; HUAWEI P8max Build\\\/HUAWEIDAV-703L; wv) AppleWebKit\\\/537.36 (KHTML, like Gecko) Version\\\/4.0 Chrome\\\/45.0.2454.95 Mobile Safari\\\/537.36\",\"device_id\":\"73f5f4f061da9362\",\"os\":\"0\",\"timestamp\":1556247761,\"reserve1\":\"\",\"reserve2\":\"{\\\"deviceType\\\":\\\"android_id\\\"}\"}"}
04-26 11:02:41.396 19752 19863 I System  : core_booster, getBoosterConfig = false
04-26 11:02:41.396 19752 19876 I System  : core_booster, getBoosterConfig = false
04-26 11:02:41.396 19752 19872 I System  : core_booster, getBoosterConfig = false
04-26 11:02:41.396 19752 19866 I System  : core_booster, getBoosterConfig = false
04-26 11:02:41.397 19752 19879 I System  : core_booster, getBoosterConfig = false
04-26 11:02:41.397 19752 19864 I System  : core_booster, getBoosterConfig = false
04-26 11:02:41.397 19752 19861 I System  : core_booster, getBoosterConfig = false
04-26 11:02:41.398 19752 19874 I System  : core_booster, getBoosterConfig = false
04-26 11:02:41.398 19752 19870 I System  : core_booster, getBoosterConfig = false
04-26 11:02:41.399 19752 19868 I System  : core_booster, getBoosterConfig = false
04-26 11:02:41.444 19752 19847 I System.out: Elva SendRequestNewTask result:{"forumBestUrl":"https://aihelp.net/forum/home/index/bestlist","faqdataForm":"https://cs30.net/elva/api/faqs2","faqYYdata":"https://cs30.net/elva/api/faqs1","faqdata":"https://cs30.net/elva/api/faqs","svrport":"1883","kcpServer":"wss26.aihelp.net","svrip":"wss26.aihelp.net","show_url":"https://cs30.net/elva/mFAQ/show.aspx","vipChatDomain":"aihelp.net","faqAimlFileName":"","forumUrl":"https://aihelp.net/forum","OperFileName":"6537f6715f669c09e5fa820639d4ae4b.json","storyAimlFileName":"78f49b873cde57eca447a62be925fd47.aiml","isReward":false,"topic":"topic","point":"https://cs30.net/elva/api/point","apiDomain":"cs30.net","showfaq":"https://cs30.net/elva/FAQ/ShowFAQ.aspx","cdnUrl":"https://cdn.aihelp.net/Elva","time":1555915683656,"initPeriod":0,"faqFileName":"ca742f67e507cc995b7d5e54195430f0.json","upload":"https://cs30.net/FileService/api/upload","showfaqlist":"https://cs30.net/elva/mFAQ/Naval.aspx","botEnable":"false","ip":"121.78.55.92"}
04-26 11:02:41.452 19752 19882 E elvaLog : .netsdkVersion=1.4.3&l=zh_CN&appid=MechanistGames_platform_3317042a-af81-49df-bd59-e2ffcc197c06&faqkey=0
04-26 11:02:41.458 19752 19847 E elvaLog : aiml=true
04-26 11:02:41.460 19752 19838 I System.out: dopost resutl: {"data":"{\"info\":\"ok\",\"status\":1}","info":"","stat":1}
04-26 11:02:41.461 19752 19838 I System.out: appid: 1019  activate sendTime: 0 status: 1  info: ok
04-26 11:02:41.463 19752 19887 I System  : core_booster, getBoosterConfig = false
04-26 11:02:41.464 19752 19883 I System  : core_booster, getBoosterConfig = false
04-26 11:02:41.477  2808 10235 I [Gralloc]: alloc w[1080] h[1830] format[1] usage[2816]
04-26 11:02:41.483  2808 10235 I [Gralloc]: alloc succ handle[0x55ca6787e0] stride[1120]
04-26 11:02:41.530 19752 19883 I System  : core_booster, getBoosterConfig = false
04-26 11:02:41.536  2808  3547 I [Gralloc]: alloc w[1080] h[1830] format[1] usage[2816]
04-26 11:02:41.543  2808  3547 I [Gralloc]: alloc succ handle[0x55ca5a6df0] stride[1120]
04-26 11:02:41.546  2808  8582 I [Gralloc]: alloc w[1080] h[1830] format[1] usage[2816]
04-26 11:02:41.552  2808  8582 I [Gralloc]: alloc succ handle[0x55ca5612b0] stride[1120]
04-26 11:02:41.556  2808  2934 I [Gralloc]: alloc w[1080] h[1830] format[1] usage[2816]
04-26 11:02:41.562  2808  2934 I [Gralloc]: alloc succ handle[0x55ca6787e0] stride[1120]
04-26 11:02:41.567 18664 18664 E Minikin : getFamilyForChar iscover: 0
04-26 11:02:41.567 18664 18664 E Minikin : getFamilyForChar iscover: 0
04-26 11:02:41.567 18664 18664 E Minikin : getFamilyForChar iscover: 0
04-26 11:02:41.567 18664 18664 E Minikin : getFamilyForChar iscover: 0
04-26 11:02:41.577 19752 19859 I System  : core_booster, getBoosterConfig = false
04-26 11:02:41.616 19752 19866 I System  : core_booster, getBoosterConfig = false
04-26 11:02:41.616 19752 19876 I System  : core_booster, getBoosterConfig = false
04-26 11:02:41.616 19752 19879 I System  : core_booster, getBoosterConfig = false
04-26 11:02:41.616 19752 19870 I System  : core_booster, getBoosterConfig = false
04-26 11:02:41.616 19752 19864 I System  : core_booster, getBoosterConfig = false
04-26 11:02:41.616 19752 19863 I System  : core_booster, getBoosterConfig = false
04-26 11:02:41.619 19752 19874 I System  : core_booster, getBoosterConfig = false
04-26 11:02:41.633 19752 19868 I System  : core_booster, getBoosterConfig = false
04-26 11:02:41.633 19752 19872 I System  : core_booster, getBoosterConfig = false
04-26 11:02:41.634 19752 19861 I System  : core_booster, getBoosterConfig = false
04-26 11:02:41.642 19752 19883 E elvaLog : 
04-26 11:02:41.660 19752 19887 I System  : core_booster, getBoosterConfig = false
04-26 11:02:41.699 19752 19793 I System  : core_booster, getBoosterConfig = false
04-26 11:02:41.880  2856  2856 E Thermal-daemon: [ap] temp_new :37  temp_old :36
04-26 11:02:41.880  2856  2856 E Thermal-daemon: Report temperature: [ap] temp :37  report_threshold:1
04-26 11:02:42.152 19752 19887 I System.out: Elva SendRequestNewDAUTask req:https://cs30.net/elva/api/initset_{"appId":"MechanistGames_platform_3317042a-af81-49df-bd59-e2ffcc197c06","deviceid":"81de7ab4b5304a519905c95a821aa11d","lan":"zh_CN"}
04-26 11:02:42.250 19752 19885 E elvaLog : 
04-26 11:02:42.458 19752 19886 E elvaLog : 4
04-26 11:02:42.458 19752 19886 E elvaLog : 14
04-26 11:02:42.459 19752 19886 E elvaLog : 25
04-26 11:02:42.459 19752 19886 E elvaLog : 35
04-26 11:02:42.459 19752 19886 E elvaLog : 45
04-26 11:02:42.459 19752 19886 E elvaLog : 56
04-26 11:02:42.459 19752 19886 E elvaLog : 66
04-26 11:02:42.459 19752 19886 E elvaLog : 76
04-26 11:02:42.459 19752 19886 E elvaLog : 86
04-26 11:02:42.459 19752 19886 E elvaLog : 97
04-26 11:02:42.459 19752 19886 E elvaLog : 100
04-26 11:02:42.459 19752 19886 E elvaLog : 
04-26 11:02:42.460 19752 19886 E elvaLog_exists: 78f49b873cde57eca447a62be925fd47_story.aiml
04-26 11:02:42.573 18664 18664 E Minikin : getFamilyForChar iscover: 0
04-26 11:02:42.573 18664 18664 E Minikin : getFamilyForChar iscover: 0
04-26 11:02:42.574 18664 18664 E Minikin : getFamilyForChar iscover: 0
04-26 11:02:42.574 18664 18664 E Minikin : getFamilyForChar iscover: 0
04-26 11:02:42.642  3015  4306 I APM::AudioPolicyManager: startOutput() output 6, stream 1, session 13
04-26 11:02:42.642  3015  4306 I APM::AudioPolicyManager: getNewOutputDevice() selected device 2
04-26 11:02:42.642  3015  4306 I APM::AudioPolicyManager: setOutputDevice() device 0x0002 delayMs 0
04-26 11:02:42.642  3015  4306 I APM::AudioPolicyManager: setOutputDevice() prevDevice 0x0002
04-26 11:02:42.642  3015  4306 I APM::AudioPolicyManager: setOutputDevice() changing to device 0x0002 , muteWaitMs 0
04-26 11:02:42.646  3015  3456 I audio_hw_primary: check_device_change return 1
04-26 11:02:42.646  3015  4306 I APM::AudioPolicyManager: checkAndSetVolume: index 5 device 0x2
04-26 11:02:42.646  3015  4306 I APM::AudioPolicyManager: checkAndSetVolume: index 0 device 0x2
04-26 11:02:42.646  3015  4306 I APM::AudioPolicyManager: checkAndSetVolume: index 0 device 0x2
04-26 11:02:42.646  3015  4306 I APM::AudioPolicyManager: checkAndSetVolume: index 3 device 0x2
04-26 11:02:42.646  3015  4306 I APM::AudioPolicyManager: checkAndSetVolume: index 4 device 0x2
04-26 11:02:42.646  3015  4306 I APM::AudioPolicyManager: checkAndSetVolume: index 0 device 0x2
04-26 11:02:42.646  3015  4306 I APM::AudioPolicyManager: checkAndSetVolume: index 7 device 0x2
04-26 11:02:42.646  3015  4306 I APM::AudioPolicyManager: checkAndSetVolume: index 7 device 0x2
04-26 11:02:42.646  3015  4306 I APM::AudioPolicyManager: checkAndSetVolume: index 0 device 0x2
04-26 11:02:42.646  3015  4306 I APM::AudioPolicyManager: checkAndSetVolume: index 3 device 0x2
04-26 11:02:42.646  3015  4306 I APM::AudioPolicyManager: checkAndSetVolume: index 3 device 0x2
04-26 11:02:42.646  3015  4306 I APM::AudioPolicyManager: checkAndSetVolume: index 1 device 0x2
04-26 11:02:42.646  3015  4306 I APM::AudioPolicyManager: checkAndSetVolume: index 0 device 0x2
04-26 11:02:42.648  3446  3578 W AudioTrack: AUDIO_OUTPUT_FLAG_FAST denied by client; transfer 4, track 44100 Hz, output 48000 Hz
04-26 11:02:42.650  3015  3785 I APM::AudioPolicyManager: startOutput() output 6, stream 1, session 518
04-26 11:02:42.654 19752 19887 I System.out: Elva SendRequestNewDAUTask result:{"status":false,"code":0,"message":"","time":1556247762560,"data":false}
04-26 11:02:42.656  3015  3456 I audio_hw_primary: start_output_stream++: out_type = 0, out_device = 0
04-26 11:02:42.657  3015  3456 I audio_hw_primary: select_devices++ mode[0]
04-26 11:02:42.657  3015  3456 I audio_hw_primary: output_device_id is 2, output_route is media-speaker;input_source_id is 0, input_route is null.
04-26 11:02:42.657  3015  3456 I dsp_common: dsp_common_control_algo:set device = 2
04-26 11:02:42.657  3015  3456 I dsp_maxim_ctl: get_smartpa_sence:device = 0x2
04-26 11:02:42.658  3015  3456 I audio_route: route change MIXERR S1R MUX SWITCH value[0] 1
04-26 11:02:42.700  3015  3456 I audio_route: route change MIXERL S1L MUX SWITCH value[0] 1
04-26 11:02:42.701  3015  3456 I audio_route: route change M1R MUX value 3
04-26 11:02:42.701  3015  3456 I audio_route: route change M1L MUX value 3
04-26 11:02:42.720  3015  3456 I audio_pop: pop change S4 OL SWITCH SWITCH dir 1
04-26 11:02:42.721  3015  3456 I audio_pop: pop change S4 OR SWITCH SWITCH dir 1
04-26 11:02:42.721  3015  3456 I audio_pop: pop change SP IL SWITCH SWITCH dir 1
04-26 11:02:42.722  3015  3456 I audio_pop: pop change SP IR SWITCH SWITCH dir 1
04-26 11:02:42.722  3015  3456 I dsp_common: dsp_common_control_algo:set device = 2
04-26 11:02:42.722  3015  3456 I dsp_maxim_ctl: get_smartpa_sence:device = 0x2
04-26 11:02:42.722  3015  3456 I dsp_maxim_ctl: maxim_param_set cur_sence=0,sence=0
04-26 11:02:42.728  3015  3456 I dsp_maxim_ctl: smartpa_control success with value:1
04-26 11:02:42.729  3015  3456 I MAX98925_SPK: MAX98925 SPK POWER ON
04-26 11:02:42.729  3015  3456 I audio_hw_primary: select_devices--
04-26 11:02:42.729  3015  3456 I audio_hw_primary: start_output_stream--
04-26 11:02:42.771  3015  3434 I APM::AudioPolicyManager: stopOutput() output 6, stream 1, session 518
04-26 11:02:42.771  3015  3434 I APM::AudioPolicyManager: stopOutput() output 6, stream 1, session 13
04-26 11:02:42.771  3015  3434 I APM::AudioPolicyManager: getNewOutputDevice() selected device 0
04-26 11:02:42.771  3015  3434 I APM::AudioPolicyManager: setOutputDevice() device 0x0000 delayMs 40
04-26 11:02:42.771  3015  3434 I APM::AudioPolicyManager: setOutputDevice() prevDevice 0x0002
04-26 11:02:42.771  3015  3434 I APM::AudioPolicyManager: setOutputDevice() setting same device 0x0000 or null device
04-26 11:02:42.847 19752 19795 I Corona  : event.response:	https://hwsj-eu-test.clktec.com:20888/frontend/distribute	{"data":"{\"Data\":{\"IsWarnPrivacy\":0,\"RecommendRegionId\":2,\"RecommendRegionAppId\":1022,\"RecommendRegionTimeZone\":8,\"IsOpen\":1,\"CurrentRegionId\":1,\"CurrentRegionAppId\":1020,\"CurrentRegionTimeZone\":3},\"Info\":\"\",\"Code\":0,\"Sess\":\"\"}","info":"","stat":1}
04-26 11:02:42.847 19752 19795 I Corona  : https://hwsj-eu-test.clktec.com:20888/frontend/distribute	1456.336
04-26 11:02:42.849 19752 19795 I Corona  : event.response:	https://hwsj-eu-test.clktec.com:20888/frontend/distribute	{"data":"{\"Data\":{\"IsWarnPrivacy\":0,\"RecommendRegionId\":2,\"RecommendRegionAppId\":1022,\"RecommendRegionTimeZone\":8,\"IsOpen\":1,\"CurrentRegionId\":1,\"CurrentRegionAppId\":1020,\"CurrentRegionTimeZone\":3},\"Info\":\"\",\"Code\":0,\"Sess\":\"\"}","info":"","stat":1}
04-26 11:02:42.851 19752 19795 I Corona  : https://hwsj-eu-test.clktec.com:20888/frontend/distribute	1460.71
04-26 11:02:42.853 19752 19795 I Corona  : event.response:	https://hwsj-eu-test.clktec.com:20888/frontend/distribute	{"data":"{\"Data\":{\"CurrentRegionAppId\":1020,\"CurrentRegionTimeZone\":3,\"IsWarnPrivacy\":0,\"RecommendRegionId\":2,\"RecommendRegionAppId\":1022,\"RecommendRegionTimeZone\":8,\"IsOpen\":1,\"CurrentRegionId\":1},\"Info\":\"\",\"Code\":0,\"Sess\":\"\"}","info":"","stat":1}
04-26 11:02:42.853 19752 19795 I Corona  : https://hwsj-eu-test.clktec.com:20888/frontend/distribute	1462.312
04-26 11:02:42.866 19752 19795 I Corona  : event.response:	https://hwsj-eu-test.clktec.com:20888/frontend/distribute	{"data":"{\"Sess\":\"\",\"Data\":{\"RecommendRegionTimeZone\":8,\"IsOpen\":1,\"CurrentRegionId\":1,\"CurrentRegionAppId\":1020,\"CurrentRegionTimeZone\":3,\"IsWarnPrivacy\":0,\"RecommendRegionId\":2,\"RecommendRegionAppId\":1022},\"Info\":\"\",\"Code\":0}","info":"","stat":1}
04-26 11:02:42.867 19752 19795 I Corona  : https://hwsj-eu-test.clktec.com:20888/frontend/distribute	1475.768
04-26 11:02:42.867 19752 19795 I Corona  : event.response:	https://hwsj-eu-test.clktec.com:20888/frontend/distribute	{"data":"{\"Data\":{\"CurrentRegionAppId\":1020,\"CurrentRegionTimeZone\":3,\"IsWarnPrivacy\":0,\"RecommendRegionId\":2,\"RecommendRegionAppId\":1022,\"RecommendRegionTimeZone\":8,\"IsOpen\":1,\"CurrentRegionId\":1},\"Info\":\"\",\"Code\":0,\"Sess\":\"\"}","info":"","stat":1}
04-26 11:02:42.868 19752 19795 I Corona  : https://hwsj-eu-test.clktec.com:20888/frontend/distribute	1477.055
04-26 11:02:42.869 19752 19795 I Corona  : event.response:	https://hwsj-eu-test.clktec.com:20888/frontend/distribute	{"data":"{\"Code\":0,\"Sess\":\"\",\"Data\":{\"CurrentRegionTimeZone\":3,\"IsWarnPrivacy\":0,\"RecommendRegionId\":2,\"RecommendRegionAppId\":1022,\"RecommendRegionTimeZone\":8,\"IsOpen\":1,\"CurrentRegionId\":1,\"CurrentRegionAppId\":1020},\"Info\":\"\"}","info":"","stat":1}
04-26 11:02:42.869 19752 19795 I Corona  : https://hwsj-eu-test.clktec.com:20888/frontend/distribute	1478.144
04-26 11:02:42.870 19752 19795 I Corona  : event.response:	https://hwsj-eu-test.clktec.com:20888/frontend/distribute	{"data":"{\"Data\":{\"RecommendRegionId\":2,\"RecommendRegionAppId\":1022,\"RecommendRegionTimeZone\":8,\"IsOpen\":1,\"CurrentRegionId\":1,\"CurrentRegionAppId\":1020,\"CurrentRegionTimeZone\":3,\"IsWarnPrivacy\":0},\"Info\":\"\",\"Code\":0,\"Sess\":\"\"}","info":"","stat":1}
04-26 11:02:42.870 19752 19795 I Corona  : https://hwsj-eu-test.clktec.com:20888/frontend/distribute	1479.685
04-26 11:02:42.879 19752 19795 I Corona  : event.response:	https://hwsj-eu-test.clktec.com:20888/frontend/distribute	{"data":"{\"Data\":{\"RecommendRegionTimeZone\":8,\"IsOpen\":1,\"CurrentRegionId\":1,\"CurrentRegionAppId\":1020,\"CurrentRegionTimeZone\":3,\"IsWarnPrivacy\":0,\"RecommendRegionId\":2,\"RecommendRegionAppId\":1022},\"Info\":\"\",\"Code\":0,\"Sess\":\"\"}","info":"","stat":1}
04-26 11:02:42.880 19752 19795 I Corona  : https://hwsj-eu-test.clktec.com:20888/frontend/distribute	1488.79
04-26 11:02:42.882 19752 19861 I System.out: dopost resutl: {"data":"{\"info\":\"ok\",\"status\":1}","info":"","stat":1}
04-26 11:02:42.882 19752 19861 I System.out: eventId: event_38  custom status: 1  info: ok
04-26 11:02:42.894 19752 19795 I Corona  : event.response:	https://hwsj-eu-test.clktec.com:20888/frontend/distribute	{"data":"{\"Data\":{\"RecommendRegionId\":2,\"RecommendRegionAppId\":1022,\"RecommendRegionTimeZone\":8,\"IsOpen\":1,\"CurrentRegionId\":1,\"CurrentRegionAppId\":1020,\"CurrentRegionTimeZone\":3,\"IsWarnPrivacy\":0},\"Info\":\"\",\"Code\":0,\"Sess\":\"\"}","info":"","stat":1}
04-26 11:02:42.895 19752 19795 I Corona  : https://hwsj-eu-test.clktec.com:20888/frontend/distribute	1503.932
04-26 11:02:42.897 19752 19795 I Corona  : endRequest	https://hwsj-eu-test.clktec.com:20888/frontend/distribute	1503.932
04-26 11:02:42.898 19752 19795 I Corona  : endRequest	https://hwsj-eu-test.clktec.com:20888/frontend/distribute	1503.932
04-26 11:02:42.898 19752 19795 I Corona  : endRequest	https://hwsj-eu-test.clktec.com:20888/frontend/distribute	1503.932
04-26 11:02:42.898 19752 19795 I Corona  : endRequest	https://hwsj-eu-test.clktec.com:20888/frontend/distribute	1503.932
04-26 11:02:42.899 19752 19795 I Corona  : endRequest	https://hwsj-eu-test.clktec.com:20888/frontend/distribute	1503.932
04-26 11:02:42.899 19752 19795 I Corona  : endRequest	https://hwsj-eu-test.clktec.com:20888/frontend/distribute	1503.932
04-26 11:02:42.899 19752 19795 I Corona  : endRequest	https://hwsj-eu-test.clktec.com:20888/frontend/distribute	1503.932
04-26 11:02:42.900 19752 19795 I Corona  : endRequest	https://hwsj-eu-test.clktec.com:20888/frontend/distribute	1503.932
04-26 11:02:42.900 19752 19795 I Corona  : endRequest	https://hwsj-eu-test.clktec.com:20888/frontend/distribute	1503.932
04-26 11:02:42.906 19752 19795 I Corona  : verifyFile > try to read file = gLocalConfig.datahash
04-26 11:02:42.909 19752 19795 I Corona  : hashStr = 	e98352716fb5d3ebdd7ad2cd5dee9b63e5afae86
04-26 11:02:42.910 19752 19795 I Corona  : realHash = 	e98352716fb5d3ebdd7ad2cd5dee9b63e5afae86
04-26 11:02:42.910 19752 19795 I Corona  : gLocalConfig.data==verifyFile true!
04-26 11:02:42.926 19752 19752 I System.out: appIdActivity: isactivity1021  false
04-26 11:02:42.927 19752 19752 I System.out: activate url: https://hwsj-eu-test.clktec.com:20888/frontend/distribute/v1/active_event
04-26 11:02:42.949 19752 19752 I System.out: eventId: event_1
04-26 11:02:42.949 19752 19752 I System.out: timeStamp: 1556247762
04-26 11:02:42.949 19752 19795 I Corona  : isDirExist:	log not exist:	cannot obtain information from file `/data/user/0/com.dc.hwsj/app_data/log'
04-26 11:02:42.949 19752 19752 I System.out: ad_monitor_url: https://hwsj-eu-test.clktec.com:20888/frontend/distribute
04-26 11:02:42.949 19752 19752 I System.out: custom url: https://hwsj-eu-test.clktec.com:20888/frontend/distribute/v1/custom_event
04-26 11:02:42.951 19752 19894 I System.out: admonitor data: {"version":"1.8","app_id":"1021","act_id":"ad_trace_new","data":"{\"cp_app_id\":1021,\"ad_app_key\":\"3199536a745011e8a870025a896bb440\",\"retail_id\":2,\"ad_uuid\":\"\",\"channel_id\":0,\"mac\":\"820d890f84e4172e0423134eb1ec1266\",\"user_agent\":\"Dalvik\\\/2.1.0 (Linux; U; Android 6.0; HUAWEI P8max Build\\\/HUAWEIDAV-703L)\",\"ex_user_agent\":\"Mozilla\\\/5.0 (Linux; Android 6.0; HUAWEI P8max Build\\\/HUAWEIDAV-703L; wv) AppleWebKit\\\/537.36 (KHTML, like Gecko) Version\\\/4.0 Chrome\\\/45.0.2454.95 Mobile Safari\\\/537.36\",\"device_id\":\"73f5f4f061da9362\",\"os\":\"0\",\"timestamp\":1556247762,\"reserve\":\"{\\\"deviceType\\\":\\\"android_id\\\"}\"}"}
04-26 11:02:42.955  3446  3607 E HwCHRWebMonitor: getFileResult throw exceptionjava.io.FileNotFoundException: proc/net/wifi_network_stat: open failed: ENOENT (No such file or directory)
04-26 11:02:42.959 19752 19895 I System.out: admonitor data: {"version":"1.8","app_id":"1021","act_id":"ad_trace_new","data":"{\"cp_app_id\":1021,\"ad_app_key\":\"3199536a745011e8a870025a896bb440\",\"retail_id\":2,\"event_id\":\"event_1\",\"event_name\":\"\",\"mac\":\"820d890f84e4172e0423134eb1ec1266\",\"user_agent\":\"Dalvik\\\/2.1.0 (Linux; U; Android 6.0; HUAWEI P8max Build\\\/HUAWEIDAV-703L)\",\"ex_user_agent\":\"Mozilla\\\/5.0 (Linux; Android 6.0; HUAWEI P8max Build\\\/HUAWEIDAV-703L; wv) AppleWebKit\\\/537.36 (KHTML, like Gecko) Version\\\/4.0 Chrome\\\/45.0.2454.95 Mobile Safari\\\/537.36\",\"device_id\":\"73f5f4f061da9362\",\"os\":\"0\",\"timestamp\":1556247762,\"reserve1\":\"\",\"reserve2\":\"{\\\"deviceType\\\":\\\"android_id\\\"}\"}"}
04-26 11:02:43.127 19752 19795 E Minikin : getFamilyForChar iscover: 0
04-26 11:02:43.184 19752 19795 E Minikin : getFamilyForChar iscover: 0
04-26 11:02:43.186 19752 19795 E Minikin : getFamilyForChar iscover: 0
04-26 11:02:43.186 19752 19795 E Minikin : getFamilyForChar iscover: 0
04-26 11:02:43.186 19752 19795 E Minikin : getFamilyForChar iscover: 0
04-26 11:02:43.187 19752 19795 E Minikin : getFamilyForChar iscover: 0
04-26 11:02:43.189 19752 19795 E Minikin : getFamilyForChar iscover: 0
04-26 11:02:43.189 19752 19795 E Minikin : getFamilyForChar iscover: 0
04-26 11:02:43.189 19752 19795 E Minikin : getFamilyForChar iscover: 0
04-26 11:02:43.189 19752 19795 E Minikin : getFamilyForChar iscover: 0
04-26 11:02:43.189 19752 19795 E Minikin : getFamilyForChar iscover: 0
04-26 11:02:43.191 19752 19894 I System.out: dopost resutl: {"data":"{\"info\":\"ok\",\"status\":1}","info":"","stat":1}
04-26 11:02:43.192 19752 19795 E Minikin : getFamilyForChar iscover: 0
04-26 11:02:43.192 19752 19894 I System.out: appid: 1021  activate sendTime: 0 status: 1  info: ok
04-26 11:02:43.192 19752 19795 E Minikin : getFamilyForChar iscover: 0
04-26 11:02:43.192 19752 19795 E Minikin : getFamilyForChar iscover: 0
04-26 11:02:43.192 19752 19795 E Minikin : getFamilyForChar iscover: 0
04-26 11:02:43.192 19752 19795 E Minikin : getFamilyForChar iscover: 0
04-26 11:02:43.194 19752 19895 I System.out: dopost resutl: {"data":"{\"info\":\"ok\",\"status\":1}","info":"","stat":1}
04-26 11:02:43.194 19752 19895 I System.out: eventId: event_1  custom status: 1  info: ok
04-26 11:02:43.195 19752 19795 I TAG     : test
04-26 11:02:43.197 19752 19795 I ==> xxx : updateAccessPrivacyInfoStatus: 1
04-26 11:02:43.201 19752 19795 E linker  : readlink('/proc/self/fd/67') failed: Permission denied [fd=67]
04-26 11:02:43.201 19752 19795 E linker  : warning: unable to get realpath for the library "/data/app/com.dc.hwsj-1/lib/arm/libsm_decoder.so". Will use given name.
04-26 11:02:43.222 19752 19886 E elvaLog : AIBOT 
04-26 11:02:43.242 19752 19795 I AdsSdk_3006.6: productId:null
04-26 11:02:43.242 19752 19795 I AdsSdk_3006.6: channelId:null
04-26 11:02:43.243 19752 19795 I AdsSdk_3006.6: SDK
04-26 11:02:43.243 19752 19795 I AdsSdk_3006.6: finish to init analysis SDKfalse
04-26 11:02:43.251 19752 19795 E linker  : readlink('/proc/self/fd/78') failed: Permission denied [fd=78]
04-26 11:02:43.252 19752 19795 E linker  : warning: unable to get realpath for the library "/data/app/com.dc.hwsj-1/lib/arm/libplugin.openssl.so". Will use given name.
04-26 11:02:43.310 19752 19886 E elvaLog : AIBOT 1{"msgs":[{"msg":"\u2014\n","actions":[{"action":"","reply":""},{"action":"","reply":""},{"action":"","reply":""},{"action":"","reply":""},{"action":"","reply":""},{"action":"","reply":""},{"action":"?","reply":"?"}]}]}
04-26 11:02:43.567 18664 18664 E Minikin : getFamilyForChar iscover: 0
04-26 11:02:43.568 18664 18664 E Minikin : getFamilyForChar iscover: 0
04-26 11:02:43.568 18664 18664 E Minikin : getFamilyForChar iscover: 0
04-26 11:02:43.568 18664 18664 E Minikin : getFamilyForChar iscover: 0
04-26 11:02:43.597  3446  3563 E WifiConfigStore: updateConfiguration freq=2412 BSSID=1c:b9:c4:2c:27:38 RSSI=-54 "testin04_default"WPA_PSK
04-26 11:02:44.289 19752 19795 E Minikin : getFamilyForChar iscover: 0
04-26 11:02:44.290 19752 19795 E Minikin : getFamilyForChar iscover: 0
04-26 11:02:44.290 19752 19795 E Minikin : getFamilyForChar iscover: 0
04-26 11:02:44.292 19752 19795 E Minikin : getFamilyForChar iscover: 0
04-26 11:02:44.292 19752 19795 E Minikin : getFamilyForChar iscover: 0
04-26 11:02:44.294 19752 19795 E Minikin : getFamilyForChar iscover: 0
04-26 11:02:44.294 19752 19795 E Minikin : getFamilyForChar iscover: 0
04-26 11:02:44.295 19752 19795 E Minikin : getFamilyForChar iscover: 0
04-26 11:02:44.295 19752 19795 E Minikin : getFamilyForChar iscover: 0
04-26 11:02:44.295 19752 19795 E Minikin : getFamilyForChar iscover: 0
04-26 11:02:44.295 19752 19795 E Minikin : getFamilyForChar iscover: 0
04-26 11:02:44.299 19752 19752 I System.out: eventId: event_2
04-26 11:02:44.299 19752 19752 I System.out: timeStamp: 1556247764
04-26 11:02:44.299 19752 19752 I System.out: ad_monitor_url: https://hwsj-eu-test.clktec.com:20888/frontend/distribute
04-26 11:02:44.299 19752 19752 I System.out: custom url: https://hwsj-eu-test.clktec.com:20888/frontend/distribute/v1/custom_event
04-26 11:02:44.301 19752 19915 I System.out: admonitor data: {"version":"1.8","app_id":"1021","act_id":"ad_trace_new","data":"{\"cp_app_id\":1021,\"ad_app_key\":\"3199536a745011e8a870025a896bb440\",\"retail_id\":2,\"event_id\":\"event_2\",\"event_name\":\"\",\"mac\":\"820d890f84e4172e0423134eb1ec1266\",\"user_agent\":\"Dalvik\\\/2.1.0 (Linux; U; Android 6.0; HUAWEI P8max Build\\\/HUAWEIDAV-703L)\",\"ex_user_agent\":\"Mozilla\\\/5.0 (Linux; Android 6.0; HUAWEI P8max Build\\\/HUAWEIDAV-703L; wv) AppleWebKit\\\/537.36 (KHTML, like Gecko) Version\\\/4.0 Chrome\\\/45.0.2454.95 Mobile Safari\\\/537.36\",\"device_id\":\"73f5f4f061da9362\",\"os\":\"0\",\"timestamp\":1556247764,\"reserve1\":\"\",\"reserve2\":\"{\\\"deviceType\\\":\\\"android_id\\\"}\"}"}
04-26 11:02:44.303 19752 19795 I Corona  : change update cdn url to: 	https://hwsj-res.clktec.com/updatetest/1.8/patchList.json?20190426133
04-26 11:02:44.311  3446  3549 I InputDispatcher: touch process [18664], send to pg
04-26 11:02:44.358  2808  2936 I [Gralloc]: alloc w[717] h[191] format[1] usage[2816]
04-26 11:02:44.359  2808  2936 I [Gralloc]: alloc succ handle[0x55ca42f620] stride[736]
04-26 11:02:44.359  2808  2936 I [Gralloc]: alloc w[717] h[191] format[1] usage[2816]
04-26 11:02:44.359  2808  2936 I [Gralloc]: alloc succ handle[0x55ca42f8b0] stride[736]
04-26 11:02:44.360  2808  2936 I [Gralloc]: alloc w[717] h[191] format[1] usage[2816]
04-26 11:02:44.360  2808  2936 I [Gralloc]: alloc succ handle[0x55ca42fba0] stride[736]
04-26 11:02:44.367 19752 19916 I System  : core_booster, getBoosterConfig = false
04-26 11:02:44.445 19752 19916 I System  : core_booster, getBoosterConfig = false
04-26 11:02:44.568 18664 18664 E Minikin : getFamilyForChar iscover: 0
04-26 11:02:44.569 18664 18664 E Minikin : getFamilyForChar iscover: 0
04-26 11:02:44.569 18664 18664 E Minikin : getFamilyForChar iscover: 0
04-26 11:02:44.569 18664 18664 E Minikin : getFamilyForChar iscover: 0
04-26 11:02:44.669 19752 19915 I System.out: dopost resutl: {"data":"{\"info\":\"ok\",\"status\":1}","info":"","stat":1}
04-26 11:02:44.670 19752 19915 I System.out: eventId: event_2  custom status: 1  info: ok
04-26 11:02:45.258 19752 19904 I System  : core_booster, getBoosterConfig = false
04-26 11:02:45.259 19752 19906 I System  : core_booster, getBoosterConfig = false
04-26 11:02:45.295 19752 19752 I System.out: eventId: event_39
04-26 11:02:45.295 19752 19752 I System.out: timeStamp: 1556247765
04-26 11:02:45.296 19752 19752 I System.out: ad_monitor_url: https://hwsj-eu-test.clktec.com:20888/frontend/distribute
04-26 11:02:45.296 19752 19752 I System.out: custom url: https://hwsj-eu-test.clktec.com:20888/frontend/distribute/v1/custom_event
04-26 11:02:45.297 19752 19920 I System.out: admonitor data: {"version":"1.8","app_id":"1021","act_id":"ad_trace_new","data":"{\"cp_app_id\":1021,\"ad_app_key\":\"3199536a745011e8a870025a896bb440\",\"retail_id\":2,\"event_id\":\"event_39\",\"event_name\":\"\",\"mac\":\"820d890f84e4172e0423134eb1ec1266\",\"user_agent\":\"Dalvik\\\/2.1.0 (Linux; U; Android 6.0; HUAWEI P8max Build\\\/HUAWEIDAV-703L)\",\"ex_user_agent\":\"Mozilla\\\/5.0 (Linux; Android 6.0; HUAWEI P8max Build\\\/HUAWEIDAV-703L; wv) AppleWebKit\\\/537.36 (KHTML, like Gecko) Version\\\/4.0 Chrome\\\/45.0.2454.95 Mobile Safari\\\/537.36\",\"device_id\":\"73f5f4f061da9362\",\"os\":\"0\",\"timestamp\":1556247765,\"reserve1\":\"\",\"reserve2\":\"{\\\"deviceType\\\":\\\"android_id\\\"}\"}"}
04-26 11:02:45.299 19752 19795 I Corona  : savePatchList	{"showVersion":"1.8.01","subversion":1,"version":1.8,"localUpdateVersion":1.801}
04-26 11:02:45.303 19752 19795 I Corona  : createHashFile = 	36b2b463e9297175637d23cf2afcaa00e22b9cc2
04-26 11:02:45.305 19752 19795 I Corona  : verifyFile > try to read file = patcher/lastPCfghash
04-26 11:02:45.307 19752 19795 I Corona  : hashStr = 	36b2b463e9297175637d23cf2afcaa00e22b9cc2
04-26 11:02:45.307 19752 19795 I Corona  : realHash = 	36b2b463e9297175637d23cf2afcaa00e22b9cc2
04-26 11:02:45.307 19752 19795 I Corona  : patcher/lastPCfg==verifyFile true!
04-26 11:02:45.318 19752 19924 I System  : core_booster, getBoosterConfig = false
04-26 11:02:45.323 19752 19925 I System  : core_booster, getBoosterConfig = false
04-26 11:02:45.326 19752 19926 I System  : core_booster, getBoosterConfig = false
04-26 11:02:45.330 19752 19927 I System  : core_booster, getBoosterConfig = false
04-26 11:02:45.334 19752 19928 I System  : core_booster, getBoosterConfig = false
04-26 11:02:45.338 19752 19929 I System  : core_booster, getBoosterConfig = false
04-26 11:02:45.342 19752 19930 I System  : core_booster, getBoosterConfig = false
04-26 11:02:45.346 19752 19931 I System  : core_booster, getBoosterConfig = false
04-26 11:02:45.350 19752 19932 I System  : core_booster, getBoosterConfig = false
04-26 11:02:45.380 19752 19924 I System  : core_booster, getBoosterConfig = false
04-26 11:02:45.386 19752 19925 I System  : core_booster, getBoosterConfig = false
04-26 11:02:45.386 19752 19928 I System  : core_booster, getBoosterConfig = false
04-26 11:02:45.386 19752 19926 I System  : core_booster, getBoosterConfig = false
04-26 11:02:45.386 19752 19927 I System  : core_booster, getBoosterConfig = false
04-26 11:02:45.395 19752 19929 I System  : core_booster, getBoosterConfig = false
04-26 11:02:45.396 19752 19930 I System  : core_booster, getBoosterConfig = false
04-26 11:02:45.396 19752 19931 I System  : core_booster, getBoosterConfig = false
04-26 11:02:45.401 19752 19932 I System  : core_booster, getBoosterConfig = false
04-26 11:02:45.488 19752 19906 I System  : core_booster, getBoosterConfig = false
04-26 11:02:45.489 19752 19904 I System  : core_booster, getBoosterConfig = false
04-26 11:02:45.538 19752 19762 I art     : Starting a blocking GC Explicit
04-26 11:02:45.538 19752 19920 I System.out: dopost resutl: {"data":"{\"info\":\"ok\",\"status\":1}","info":"","stat":1}
04-26 11:02:45.540 19752 19920 I System.out: eventId: event_39  custom status: 1  info: ok
04-26 11:02:45.567 19752 19762 I art     : Explicit concurrent mark sweep GC freed 27800(1641KB) AllocSpace objects, 8(152KB) LOS objects, 21% free, 14MB/18MB, paused 1.368ms total 29.072ms
04-26 11:02:45.568 18664 18664 E Minikin : getFamilyForChar iscover: 0
04-26 11:02:45.568 18664 18664 E Minikin : getFamilyForChar iscover: 0
04-26 11:02:45.568 18664 18664 E Minikin : getFamilyForChar iscover: 0
04-26 11:02:45.585 19752 19762 I art     : Starting a blocking GC Explicit
04-26 11:02:45.609 19752 19762 I art     : Explicit concurrent mark sweep GC freed 1242(88KB) AllocSpace objects, 0(0B) LOS objects, 21% free, 14MB/18MB, paused 1.527ms total 23.907ms
04-26 11:02:45.626 19752 19762 I art     : Starting a blocking GC Explicit
04-26 11:02:45.650 19752 19762 I art     : Explicit concurrent mark sweep GC freed 265(12KB) AllocSpace objects, 0(0B) LOS objects, 21% free, 14MB/18MB, paused 1.444ms total 23.306ms
04-26 11:02:45.666 19752 19762 I art     : Starting a blocking GC Explicit
04-26 11:02:45.690 19752 19762 I art     : Explicit concurrent mark sweep GC freed 353(22KB) AllocSpace objects, 0(0B) LOS objects, 21% free, 14MB/18MB, paused 1.632ms total 23.799ms
04-26 11:02:45.707 19752 19762 I art     : Starting a blocking GC Explicit
04-26 11:02:45.731 19752 19762 I art     : Explicit concurrent mark sweep GC freed 1304(55KB) AllocSpace objects, 0(0B) LOS objects, 21% free, 14MB/18MB, paused 1.369ms total 23.742ms
04-26 11:02:45.742  3015  3456 I audio_hw_primary: do_out_standby standby: 0, out_device: 2
04-26 11:02:45.760  3015  3456 I audio_hw_primary: select_devices++ mode[0]
04-26 11:02:45.760  3015  3456 I audio_hw_primary: output_device_id is 0, output_route is null;input_source_id is 0, input_route is null.
04-26 11:02:45.761  3015  3456 I MAX98925_SPK: MAX98925 SPK POWER OFF
04-26 11:02:45.761  3015  3456 I dsp_common: dsp_common_control_algo:set device = 0
04-26 11:02:45.765  3015  3456 I dsp_maxim_ctl: smartpa_control success with value:0
04-26 11:02:45.766  3015  3456 I audio_pop: pop change S4 OL SWITCH SWITCH dir 0
04-26 11:02:45.766  3015  3456 I audio_pop: pop change S4 OR SWITCH SWITCH dir 0
04-26 11:02:45.781  3015  3456 I audio_pop: pop change SP IL SWITCH SWITCH dir 0
04-26 11:02:45.781  3015  3456 I audio_pop: pop change SP IR SWITCH SWITCH dir 0
04-26 11:02:45.781  3015  3456 I audio_route: route change MIXERR S1R MUX SWITCH value[0] 0
04-26 11:02:45.781  3015  3456 I audio_route: route change MIXERL S1L MUX SWITCH value[0] 0
04-26 11:02:45.782  3015  3456 I audio_route: route change M1R MUX value 0
04-26 11:02:45.782  3015  3456 I audio_route: route change M1L MUX value 0
04-26 11:02:45.782  3015  3456 I dsp_common: dsp_common_control_algo:set device = 0
04-26 11:02:45.782  3015  3456 I audio_hw_primary: select_devices--
04-26 11:02:45.837  4413  4997 W PGApi_client: recv actoionId = 10011, action = com.huawei.pgmng.PGAction@a86f4c1 actionId =10011 pkg =com.dc.hwsj extend1 =7 extend2 =100 flag =3 type =1
04-26 11:02:45.837  4413  4997 W PGMiddleWare: in handleAction method, action = 10011
04-26 11:02:45.837  4413  4997 W PGMiddleWare: in handleAction, invoke client = com.huawei.pgmng.middleware.AudioEffectLowPowerImpl@9f26c77, action = com.huawei.pgmng.PGAction@a86f4c1 actionId =10011 pkg =com.dc.hwsj extend1 =7 extend2 =100 flag =3 type =1
04-26 11:02:45.837  3015  3785 I APM::AudioPolicyManager: startOutput() output 6, stream 1, session 518
04-26 11:02:45.837  3015  3785 I APM::AudioPolicyManager: getNewOutputDevice() selected device 2
04-26 11:02:45.837  3015  3785 I APM::AudioPolicyManager: setOutputDevice() device 0x0002 delayMs 0
04-26 11:02:45.837  3015  3785 I APM::AudioPolicyManager: setOutputDevice() prevDevice 0x0002
04-26 11:02:45.837  3015  3785 I APM::AudioPolicyManager: setOutputDevice() changing to device 0x0002 , muteWaitMs 0
04-26 11:02:45.839  3015  3456 I audio_hw_primary: check_device_change return 1
04-26 11:02:45.843  3015  3785 I APM::AudioPolicyManager: checkAndSetVolume: index 5 device 0x2
04-26 11:02:45.843  3015  3785 I APM::AudioPolicyManager: checkAndSetVolume: index 0 device 0x2
04-26 11:02:45.843  3015  3785 I APM::AudioPolicyManager: checkAndSetVolume: index 0 device 0x2
04-26 11:02:45.843  3015  3785 I APM::AudioPolicyManager: checkAndSetVolume: index 3 device 0x2
04-26 11:02:45.843  3015  3785 I APM::AudioPolicyManager: checkAndSetVolume: index 4 device 0x2
04-26 11:02:45.843  3015  3785 I APM::AudioPolicyManager: checkAndSetVolume: index 0 device 0x2
04-26 11:02:45.844  3015  3785 I APM::AudioPolicyManager: checkAndSetVolume: index 7 device 0x2
04-26 11:02:45.844  3015  3785 I APM::AudioPolicyManager: checkAndSetVolume: index 7 device 0x2
04-26 11:02:45.844  3015  3785 I APM::AudioPolicyManager: checkAndSetVolume: index 0 device 0x2
04-26 11:02:45.844  3015  3785 I APM::AudioPolicyManager: checkAndSetVolume: index 3 device 0x2
04-26 11:02:45.844  3015  3785 I APM::AudioPolicyManager: checkAndSetVolume: index 3 device 0x2
04-26 11:02:45.844  3015  3785 I APM::AudioPolicyManager: checkAndSetVolume: index 1 device 0x2
04-26 11:02:45.844  3015  3785 I APM::AudioPolicyManager: checkAndSetVolume: index 0 device 0x2
04-26 11:02:45.845  4413  4997 W AudioEffectLowPowerImpl: mAudioManager.setParameters = SmartPA_lowpower=on
04-26 11:02:45.846  3015  3461 I audio_custom: audio custom set parameters kvpairs: SmartPA_lowpower=on
04-26 11:02:45.846  3015  3461 I dsp_soc : audio soc_set_parameters set parameters kvpairs: SmartPA_lowpower=on
04-26 11:02:45.850  3015  3456 I audio_hw_primary: start_output_stream++: out_type = 0, out_device = 0
04-26 11:02:45.850  3015  3456 I audio_hw_primary: select_devices++ mode[0]
04-26 11:02:45.850  3015  3456 I audio_hw_primary: output_device_id is 2, output_route is media-speaker;input_source_id is 0, input_route is null.
04-26 11:02:45.850  3015  3456 I dsp_common: dsp_common_control_algo:set device = 2
04-26 11:02:45.851  3015  3456 I audio_route: route change MIXERR S1R MUX SWITCH value[0] 1
04-26 11:02:45.856  3015  3456 I audio_route: route change MIXERL S1L MUX SWITCH value[0] 1
04-26 11:02:45.856  3015  3456 I audio_route: route change M1R MUX value 3
04-26 11:02:45.856  3015  3456 I audio_route: route change M1L MUX value 3
04-26 11:02:45.866  4413  4413 I powergenie_jni: guess platform type = 3
04-26 11:02:45.866  4413  4413 I powergenie_jni: guess platform type = 3
04-26 11:02:45.870  3015  3456 I audio_pop: pop change S4 OL SWITCH SWITCH dir 1
04-26 11:02:45.871  3015  3456 I audio_pop: pop change S4 OR SWITCH SWITCH dir 1
04-26 11:02:45.871  3015  3456 I audio_pop: pop change SP IL SWITCH SWITCH dir 1
04-26 11:02:45.871  3015  3456 I audio_pop: pop change SP IR SWITCH SWITCH dir 1
04-26 11:02:45.871  3015  3456 I dsp_common: dsp_common_control_algo:set device = 2
04-26 11:02:45.871  3015  3456 I dsp_maxim_ctl: maxim_param_set cur_sence=0,sence=7
04-26 11:02:45.873  3015  3456 I dsp_maxim_ctl: maxim_param_set success
04-26 11:02:45.875 18664 19935 I HwSystemManager: CommonCountDownDialog:is super app perm:false
04-26 11:02:45.880  3015  3456 I dsp_maxim_ctl: smartpa_control success with value:1
04-26 11:02:45.880  3015  3456 I MAX98925_SPK: MAX98925 SPK POWER ON
04-26 11:02:45.880  3015  3456 I audio_hw_primary: select_devices--
04-26 11:02:45.880  3015  3456 I audio_hw_primary: start_output_stream--
04-26 11:02:45.900 18664 19935 W HwSystemManager: HwAppPermissions:setHsmPermValue for com.dc.hwsj has no group corresponding to type 33554432, reason:dialog selection
04-26 11:02:45.901 18664 19935 I SendBroadcastPermission: action:com.huawei.permission.wtitedb, mPermissionType:0
04-26 11:02:45.905  4413  4950 I ash     : view remove pid:18664 uid:1000
04-26 11:02:45.922  3015  3434 I APM::AudioPolicyManager: stopOutput() output 6, stream 1, session 518
04-26 11:02:45.923  3015  3434 I APM::AudioPolicyManager: getNewOutputDevice() selected device 0
04-26 11:02:45.923  3015  3434 I APM::AudioPolicyManager: setOutputDevice() device 0x0000 delayMs 40
04-26 11:02:45.923  3015  3434 I APM::AudioPolicyManager: setOutputDevice() prevDevice 0x0002
04-26 11:02:45.923  3015  3434 I APM::AudioPolicyManager: setOutputDevice() setting same device 0x0000 or null device
04-26 11:02:45.935 18664 18664 I HwSystemManager: ComBroadcastReceiver:ComBroadcastReceiver action = com.huawei.permission.wtitedb
04-26 11:02:45.937 18664 18664 I HwSystemManager: HoldDialogShowService:onDismiss
04-26 11:02:45.939 19752 19769 W FirebaseInstanceId: Failed to resolve IID implementation package, falling back
04-26 11:02:45.994  2808 10235 I [Gralloc]: alloc w[1080] h[1920] format[1] usage[2816]
04-26 11:02:45.997  2808 10235 I [Gralloc]: alloc succ handle[0x55ca5612b0] stride[1120]
04-26 11:02:46.003 19752 19795 E Minikin : getFamilyForChar iscover: 0
