04-26 11:02:46.007 19752 19795 E Minikin : getFamilyForChar iscover: 0
04-26 11:02:46.007 19752 19795 E Minikin : getFamilyForChar iscover: 0
04-26 11:02:46.007 19752 19795 E Minikin : getFamilyForChar iscover: 0
04-26 11:02:46.010 19752 19795 E Minikin : getFamilyForChar iscover: 0
04-26 11:02:46.010 19752 19795 E Minikin : getFamilyForChar iscover: 0
04-26 11:02:46.011 19752 19795 E Minikin : getFamilyForChar iscover: 0
04-26 11:02:46.012 19752 19795 E Minikin : getFamilyForChar iscover: 0
04-26 11:02:46.012 19752 19795 E Minikin : getFamilyForChar iscover: 0
04-26 11:02:46.012 19752 19795 E Minikin : getFamilyForChar iscover: 0
04-26 11:02:46.012 19752 19795 E Minikin : getFamilyForChar iscover: 0
04-26 11:02:46.012 19752 19795 E Minikin : getFamilyForChar iscover: 0
04-26 11:02:46.019  2808  8582 I [Gralloc]: alloc w[1080] h[1920] format[1] usage[2816]
04-26 11:02:46.022  2808  8582 I [Gralloc]: alloc succ handle[0x55ca5689b0] stride[1120]
04-26 11:02:46.025  4413  4950 W AppsCleanUp: frequently crash process:cn.testin.itestin time:3046534ms, crash:30 uid:15682
04-26 11:02:46.034  2808  8582 I [Gralloc]: alloc w[1080] h[1920] format[1] usage[2816]
04-26 11:02:46.039  2808  8582 I [Gralloc]: alloc succ handle[0x55ca68aea0] stride[1120]
04-26 11:02:46.055  2840  2840 I HisiKeyMaster: hisi_km_generate_key start
04-26 11:02:46.055  2840  2840 I HisiKeyMaster: it is a RSA keypair, public_exponent is 65537, key_size is 2048
04-26 11:02:46.100  2808  2934 I [Gralloc]: alloc w[16] h[16] format[1] usage[256]
04-26 11:02:46.101  2808  2934 I [Gralloc]: alloc succ handle[0x55ca6787e0] stride[32]
04-26 11:02:46.102 19942 19954 E linker  : readlink('/proc/self/fd/21') failed: Permission denied [fd=21]
04-26 11:02:46.103 19942 19954 E linker  : warning: unable to get realpath for the library "/system/lib64/hw/gralloc.hi3635.so". Will use given name.
04-26 11:02:46.105 19942 19954 E linker  : readlink('/proc/self/fd/21') failed: Permission denied [fd=21]
04-26 11:02:46.105 19942 19954 E linker  : warning: unable to get realpath for the library "libion.so". Will use given name.
04-26 11:02:46.106 19942 19954 E HAL     : load: id=gralloc != hmi->id=gralloc
04-26 11:02:46.134  2808  2936 I [Gralloc]: alloc w[1080] h[1920] format[1] usage[2816]
04-26 11:02:46.138  2808  2936 I [Gralloc]: alloc succ handle[0x55ca6787e0] stride[1120]
04-26 11:02:46.162 19942 19942 I MultiDex: VM with version 2.1.0 has multidex support
04-26 11:02:46.165 19942 19942 I MultiDex: Installing application
04-26 11:02:46.165 19942 19942 I MultiDex: VM has multidex support, MultiDex support library is disabled.
04-26 11:02:46.179 19942 19942 I KEY-PinyinIME-180817-b: onCreate.
04-26 11:02:46.189 19942 19942 I HwCust  : Constructor found for class android.app.HwCustHwWallpaperManagerImpl
04-26 11:02:46.248  4413  4950 W AppsCleanUp: frequently crash process:cn.testin.itestin:im time:3092425ms, crash:31 uid:15682
04-26 11:02:46.258 19942 19942 I KEY-PinyinIME-180817-b: onStartInput  ccontentType: 0 Restarting:false
04-26 11:02:46.308 19942 19942 I KEY-PinyinIME-180817-b: --->onKeyDown.keyCode=[24],event=[KeyEvent { action=ACTION_DOWN, keyCode=KEYCODE_VOLUME_UP, scanCode=0, metaState=0, flags=0x8, hwFlags=0x75615028, repeatCount=0, eventTime=3132265, downTime=3132265, deviceId=-1, source=0x101 }]
04-26 11:02:46.314  2808  3547 I [Gralloc]: alloc w[16] h[16] format[1] usage[256]
04-26 11:02:46.314  2808  3547 I [Gralloc]: alloc succ handle[0x55ca66fa10] stride[32]
04-26 11:02:46.315 19942 19942 I KEY-PinyinIME-180817-b: --->onKeyUp.keyCode=[24],event=[KeyEvent { action=ACTION_UP, keyCode=KEYCODE_VOLUME_UP, scanCode=0, metaState=0, flags=0x8, hwFlags=0x75615028, repeatCount=0, eventTime=3132418, downTime=3132418, deviceId=-1, source=0x101 }]
04-26 11:02:46.331 19961 19973 E linker  : readlink('/proc/self/fd/21') failed: Permission denied [fd=21]
04-26 11:02:46.331 19961 19973 E linker  : warning: unable to get realpath for the library "/system/lib64/hw/gralloc.hi3635.so". Will use given name.
04-26 11:02:46.332 19961 19973 E linker  : readlink('/proc/self/fd/21') failed: Permission denied [fd=21]
04-26 11:02:46.332 19961 19973 E linker  : warning: unable to get realpath for the library "libion.so". Will use given name.
04-26 11:02:46.332 19961 19973 E HAL     : load: id=gralloc != hmi->id=gralloc
04-26 11:02:46.356 19961 19961 I MultiDex: VM with version 2.1.0 has multidex support
04-26 11:02:46.357 19961 19961 I MultiDex: Installing application
04-26 11:02:46.357 19961 19961 I MultiDex: VM has multidex support, MultiDex support library is disabled.
04-26 11:02:46.375 19961 19961 I foo     : Dict: start=2559568, length=1068442, fd={ParcelFileDescriptor: FileDescriptor[23]}
04-26 11:02:46.424  2808 10235 I [Gralloc]: alloc w[717] h[191] format[1] usage[2816]
04-26 11:02:46.424  2808 10235 I [Gralloc]: alloc succ handle[0x55ca713080] stride[736]
04-26 11:02:46.425  2808 10235 I [Gralloc]: alloc w[717] h[191] format[1] usage[2816]
04-26 11:02:46.425  2808 10235 I [Gralloc]: alloc succ handle[0x55ca679040] stride[736]
04-26 11:02:46.425  2808 10235 I [Gralloc]: alloc w[717] h[191] format[1] usage[2816]
04-26 11:02:46.425  2808 10235 I [Gralloc]: alloc succ handle[0x55ca5fdf80] stride[736]
04-26 11:02:46.602  3446  3563 E WifiConfigStore: updateConfiguration freq=2412 BSSID=1c:b9:c4:2c:27:38 RSSI=-52 "testin04_default"WPA_PSK
04-26 11:02:46.618  2864  2864 E TEMP_MONITOR: battery_temp : 31 tmax = 55
04-26 11:02:46.884  2856  2856 E Thermal-daemon: [ap] temp_new :39  temp_old :37
04-26 11:02:46.884  2856  2856 E Thermal-daemon: Report temperature: [ap] temp :39  report_threshold:1
04-26 11:02:46.997  2840  2840 I HisiKeyMaster: keymaster_error_t hisi_km_generate_key_ext(const keymaster1_device_t*, const keymaster_key_param_set_t*, keymaster_key_blob_t*, keymaster_key_characteristics_t**) success
04-26 11:02:47.001  2840  2840 I HisiKeyMaster: hisi_km_get_key_characteristics start
04-26 11:02:47.009  2840  2840 I HisiKeyMaster: hisi_km_get_key_characteristics success
04-26 11:02:47.009  2840  2840 I HisiKeyMaster: hisi_km_export_key start
04-26 11:02:47.016  2840  2840 I HisiKeyMaster: hisi_km_export_key success
04-26 11:02:47.073 19752 19841 W GooglePlayServicesUtil: Google Play Store is missing.
04-26 11:02:47.080 19752 19841 W GooglePlayServicesUtil: Google Play Store is missing.
04-26 11:02:47.137 19752 19841 W GooglePlayServicesUtil: Google Play Store is missing.
04-26 11:02:47.329 19752 19841 I System  : core_booster, getBoosterConfig = false
04-26 11:02:47.590  3446  3559 I SendBroadcastPermission: action:com.android.server.action.NETWORK_STATS_UPDATED, mPermissionType:0
04-26 11:02:47.604 18592 18678 E HwSystemManager: NatTrafficNotifyService:imsi is null, so return
04-26 11:02:47.789 19752 19795 E Minikin : getFamilyForChar iscover: 0
04-26 11:02:47.789 19752 19795 E Minikin : getFamilyForChar iscover: 0
04-26 11:02:47.791 19752 19795 E Minikin : getFamilyForChar iscover: 0
04-26 11:02:47.791 19752 19795 E Minikin : getFamilyForChar iscover: 0
04-26 11:02:47.791 19752 19795 E Minikin : getFamilyForChar iscover: 0
04-26 11:02:47.791 19752 19795 E Minikin : getFamilyForChar iscover: 0
04-26 11:02:47.791 19752 19795 E Minikin : getFamilyForChar iscover: 0
04-26 11:02:47.792 19752 19795 E Minikin : getFamilyForChar iscover: 0
04-26 11:02:47.792 19752 19795 E Minikin : getFamilyForChar iscover: 0
04-26 11:02:47.792 19752 19795 E Minikin : getFamilyForChar iscover: 0
04-26 11:02:47.792 19752 19795 E Minikin : getFamilyForChar iscover: 0
04-26 11:02:47.792 19752 19795 E Minikin : getFamilyForChar iscover: 0
04-26 11:02:47.826 19752 19795 E Minikin : getFamilyForChar iscover: 0
04-26 11:02:47.826 19752 19795 E Minikin : getFamilyForChar iscover: 0
04-26 11:02:47.827 19752 19795 E Minikin : getFamilyForChar iscover: 0
04-26 11:02:47.962  3446  3607 E HwCHRWebMonitor: getFileResult throw exceptionjava.io.FileNotFoundException: proc/net/wifi_network_stat: open failed: ENOENT (No such file or directory)
04-26 11:02:47.986 19942 19942 I KEY-PinyinIME-180817-b: --->onKeyDown.keyCode=[24],event=[KeyEvent { action=ACTION_DOWN, keyCode=KEYCODE_VOLUME_UP, scanCode=0, metaState=0, flags=0x8, hwFlags=0x75615028, repeatCount=0, eventTime=3133944, downTime=3133944, deviceId=-1, source=0x101 }]
04-26 11:02:47.992 19942 19942 I KEY-PinyinIME-180817-b: --->onKeyUp.keyCode=[24],event=[KeyEvent { action=ACTION_UP, keyCode=KEYCODE_VOLUME_UP, scanCode=0, metaState=0, flags=0x8, hwFlags=0x75615028, repeatCount=0, eventTime=3134096, downTime=3134096, deviceId=-1, source=0x101 }]
04-26 11:02:48.052  2808  3547 I [Gralloc]: alloc w[717] h[191] format[1] usage[2816]
04-26 11:02:48.053  2808  3547 I [Gralloc]: alloc succ handle[0x55ca5a9980] stride[736]
04-26 11:02:48.053  2808  3547 I [Gralloc]: alloc w[717] h[191] format[1] usage[2816]
04-26 11:02:48.054  2808  3547 I [Gralloc]: alloc succ handle[0x55ca679040] stride[736]
04-26 11:02:48.054  2808  3547 I [Gralloc]: alloc w[717] h[191] format[1] usage[2816]
04-26 11:02:48.054  2808  3547 I [Gralloc]: alloc succ handle[0x55ca5fdf80] stride[736]
04-26 11:02:48.447 19942 19942 I KEY-PinyinIME-180817-b: --->onKeyDown.keyCode=[25],event=[KeyEvent { action=ACTION_DOWN, keyCode=KEYCODE_VOLUME_DOWN, scanCode=0, metaState=0, flags=0x8, hwFlags=0x75615028, repeatCount=0, eventTime=3134400, downTime=3134400, deviceId=-1, source=0x101 }]
04-26 11:02:48.460 19942 19942 I KEY-PinyinIME-180817-b: --->onKeyUp.keyCode=[25],event=[KeyEvent { action=ACTION_UP, keyCode=KEYCODE_VOLUME_DOWN, scanCode=0, metaState=0, flags=0x8, hwFlags=0x75615028, repeatCount=0, eventTime=3134554, downTime=3134554, deviceId=-1, source=0x101 }]
04-26 11:02:48.615 19752 19795 E Minikin : getFamilyForChar iscover: 0
04-26 11:02:48.615 19752 19795 E Minikin : getFamilyForChar iscover: 0
04-26 11:02:48.619 19752 19795 E Minikin : getFamilyForChar iscover: 0
04-26 11:02:48.624 19752 19841 I System  : core_booster, getBoosterConfig = false
04-26 11:02:48.833  3015  3461 I APM::AudioPolicyManager: startOutput() output 6, stream 2, session 520
04-26 11:02:48.833  3015  3461 I APM::AudioPolicyManager: getNewOutputDevice() selected device 2
04-26 11:02:48.834  3015  3461 I APM::AudioPolicyManager: setOutputDevice() device 0x0002 delayMs 0
04-26 11:02:48.834  3015  3461 I APM::AudioPolicyManager: setOutputDevice() prevDevice 0x0002
04-26 11:02:48.835  3015  3461 I APM::AudioPolicyManager: setOutputDevice() changing to device 0x0002 , muteWaitMs 0
04-26 11:02:48.843  3015  3456 I audio_hw_primary: select_devices++ mode[0]
04-26 11:02:48.843  3015  3456 I audio_hw_primary: select_devices--
04-26 11:02:48.843  3015  3456 I audio_hw_primary: check_device_change return 1
04-26 11:02:48.844  3015  3461 I APM::AudioPolicyManager: checkAndSetVolume: index 5 device 0x2
04-26 11:02:48.844  3015  3461 I APM::AudioPolicyManager: checkAndSetVolume: index 0 device 0x2
04-26 11:02:48.844  3015  3461 I APM::AudioPolicyManager: checkAndSetVolume: index 0 device 0x2
04-26 11:02:48.844  3015  3461 I APM::AudioPolicyManager: checkAndSetVolume: index 3 device 0x2
04-26 11:02:48.844  3015  3461 I APM::AudioPolicyManager: checkAndSetVolume: index 4 device 0x2
04-26 11:02:48.844  3015  3461 I APM::AudioPolicyManager: checkAndSetVolume: index 0 device 0x2
04-26 11:02:48.844  3015  3461 I APM::AudioPolicyManager: checkAndSetVolume: index 7 device 0x2
04-26 11:02:48.844  3015  3461 I APM::AudioPolicyManager: checkAndSetVolume: index 7 device 0x2
04-26 11:02:48.844  3015  3461 I APM::AudioPolicyManager: checkAndSetVolume: index 0 device 0x2
04-26 11:02:48.844  3015  3461 I APM::AudioPolicyManager: checkAndSetVolume: index 3 device 0x2
04-26 11:02:48.844  3015  3461 I APM::AudioPolicyManager: checkAndSetVolume: index 3 device 0x2
04-26 11:02:48.844  3015  3461 I APM::AudioPolicyManager: checkAndSetVolume: index 1 device 0x2
04-26 11:02:48.844  3015  3461 I APM::AudioPolicyManager: checkAndSetVolume: index 0 device 0x2
04-26 11:02:48.943  3015  3434 I APM::AudioPolicyManager: stopOutput() output 6, stream 2, session 520
04-26 11:02:48.944  3015  3434 I APM::AudioPolicyManager: getNewOutputDevice() selected device 0
04-26 11:02:48.944  3015  3434 I APM::AudioPolicyManager: setOutputDevice() device 0x0000 delayMs 40
04-26 11:02:48.944  3015  3434 I APM::AudioPolicyManager: setOutputDevice() prevDevice 0x0002
04-26 11:02:48.944  3015  3434 I APM::AudioPolicyManager: setOutputDevice() setting same device 0x0000 or null device
04-26 11:02:49.385 19752 19906 I AdsSdk_3006.6: productId:1000254
04-26 11:02:49.385 19752 19906 I AdsSdk_3006.6: channelId:32400
04-26 11:02:49.386 19752 19906 I AdsSdk_3006.6: SDK
04-26 11:02:49.393 19752 19906 I AdsSdk_3006.6: finish to init analysis SDKtrue
04-26 11:02:49.409 19752 19990 I <ALY Android>_3201: xxx ==> dataDir: /sdcard/Android/data/com.dc.hwsj/files
04-26 11:02:49.412 19752 19990 I <ALY Android>_3201: xxx ==> dataDir exist: false
04-26 11:02:49.477 19752 19992 I ====>xxx: getGaid, AdvertisingIdClient e:com.google.android.gms.common.GooglePlayServicesNotAvailableException
04-26 11:02:49.477 19752 19992 W System.err: com.google.android.gms.common.GooglePlayServicesNotAvailableException
04-26 11:02:49.477 19752 19992 W System.err: 	at com.google.android.gms.ads.identifier.AdvertisingIdClient.zzc(Unknown Source)
04-26 11:02:49.477 19752 19992 W System.err: 	at com.google.android.gms.ads.identifier.AdvertisingIdClient.start(Unknown Source)
04-26 11:02:49.477 19752 19992 W System.err: 	at com.google.android.gms.ads.identifier.AdvertisingIdClient.getAdvertisingIdInfo(Unknown Source)
04-26 11:02:49.477 19752 19992 W System.err: 	at com.up.ads.analysis.g.c.a(Unknown Source)
04-26 11:02:49.477 19752 19992 W System.err: 	at com.up.ads.analysis.g.e.m(Unknown Source)
04-26 11:02:49.478 19752 19992 W System.err: 	at com.up.ads.analysis.a.b.a.b(Unknown Source)
04-26 11:02:49.478 19752 19992 W System.err: 	at com.up.ads.analysis.a.b$a.run(Unknown Source)
04-26 11:02:49.478 19752 19992 W System.err: 	at java.util.concurrent.ThreadPoolExecutor.runWorker(ThreadPoolExecutor.java:1113)
04-26 11:02:49.478 19752 19992 W System.err: 	at java.util.concurrent.ThreadPoolExecutor$Worker.run(ThreadPoolExecutor.java:588)
04-26 11:02:49.478 19752 19992 W System.err: 	at java.lang.Thread.run(Thread.java:833)
04-26 11:02:49.481 19752 19992 I <ALY Android>_3201: ====> xxx, gaid wait
04-26 11:02:49.486 19752 19993 I System  : core_booster, getBoosterConfig = false
04-26 11:02:49.524 19752 19770 I SendBroadcastPermission: action:com.google.android.gms.measurement.UPLOAD, mPermissionType:0
04-26 11:02:49.567 19752 19795 E Minikin : getFamilyForChar iscover: 0
04-26 11:02:49.567 19752 19795 E Minikin : getFamilyForChar iscover: 0
04-26 11:02:49.569 19752 19795 E Minikin : getFamilyForChar iscover: 0
04-26 11:02:49.594 19752 19995 E UnityAds: com.unity3d.ads.misc.Utilities.readFile() (line:177) :: File did not exist or couldn't be read
04-26 11:02:49.596 19752 19995 E UnityAds: com.unity3d.ads.misc.Utilities.readFile() (line:177) :: File did not exist or couldn't be read
04-26 11:02:49.599 19752 19995 I UnityAds: com.unity3d.ads.UnityAds.initialize() (line:149) :: Initializing Unity Ads 2.2.1 (2201) with game id 2752400 in production mode
04-26 11:02:49.607  3446  3563 E WifiConfigStore: updateConfiguration freq=2412 BSSID=1c:b9:c4:2c:27:38 RSSI=-53 "testin04_default"WPA_PSK
04-26 11:02:49.614 19752 19995 I UnityAds: com.unity3d.ads.UnityAds.initialize() (line:161) :: Unity Ads environment check OK
04-26 11:02:49.634 19752 19752 W GooglePlayServicesUtil: Google Play Store is missing.
04-26 11:02:49.643 19752 19752 W DynamiteModule: Failed to retrieve remote module version.
04-26 11:02:49.645 19752 19752 W GooglePlayServicesUtil: Google Play Store is missing.
04-26 11:02:49.711 19752 20006 W GooglePlayServicesUtil: Google Play Store is missing.
04-26 11:02:49.755 19752 19752 I Ads     : Starting ad request.
04-26 11:02:49.756 19752 19752 I Ads     : Use AdRequest.Builder.addTestDevice("09001A7D1C1EE4155F20DA5837A8B6C1") to get test ads on this device.
04-26 11:02:49.763 19752 19997 I System  : core_booster, getBoosterConfig = false
04-26 11:02:49.782 19752 19992 I ====>xxx: getGaid, AdvertisingIdClient e:com.google.android.gms.common.GooglePlayServicesNotAvailableException
04-26 11:02:49.782 19752 19992 W System.err: com.google.android.gms.common.GooglePlayServicesNotAvailableException
04-26 11:02:49.783 19752 19992 W System.err: 	at com.google.android.gms.ads.identifier.AdvertisingIdClient.zzc(Unknown Source)
04-26 11:02:49.783 19752 19992 W System.err: 	at com.google.android.gms.ads.identifier.AdvertisingIdClient.start(Unknown Source)
04-26 11:02:49.783 19752 19992 W System.err: 	at com.google.android.gms.ads.identifier.AdvertisingIdClient.getAdvertisingIdInfo(Unknown Source)
04-26 11:02:49.783 19752 19992 W System.err: 	at com.up.ads.analysis.g.c.a(Unknown Source)
04-26 11:02:49.783 19752 19992 W System.err: 	at com.up.ads.analysis.g.e.m(Unknown Source)
04-26 11:02:49.783 19752 19992 W System.err: 	at com.up.ads.analysis.a.b.a.b(Unknown Source)
04-26 11:02:49.783 19752 19992 W System.err: 	at com.up.ads.analysis.a.b$a.run(Unknown Source)
04-26 11:02:49.783 19752 19992 W System.err: 	at java.util.concurrent.ThreadPoolExecutor.runWorker(ThreadPoolExecutor.java:1113)
04-26 11:02:49.783 19752 19992 W System.err: 	at java.util.concurrent.ThreadPoolExecutor$Worker.run(ThreadPoolExecutor.java:588)
04-26 11:02:49.783 19752 19992 W System.err: 	at java.lang.Thread.run(Thread.java:833)
04-26 11:02:49.785 19752 20028 W GooglePlayServicesUtil: Google Play Store is missing.
04-26 11:02:49.785 19752 20028 W GooglePlayServicesUtil: Google Play Store is missing.
04-26 11:02:49.787 20023 20023 I dex2oat : /system/bin/dex2oat --dex-file=/data/user/0/com.dc.hwsj/cache/1505450608132.jar --oat-file=/data/user/0/com.dc.hwsj/cache/1505450608132.dex
04-26 11:02:49.788 19752 20029 W GooglePlayServicesUtil: Google Play Store is missing.
04-26 11:02:49.790 19752 20029 W GooglePlayServicesUtil: Google Play Store is missing.
04-26 11:02:49.821 19752 19999 I UnityAds: com.unity3d.ads.configuration.InitializeThread$InitializeStateConfig.execute() (line:235) :: Unity Ads init: load configuration from https://config.unityads.unity3d.com/webview/2.2.1/release/config.json
04-26 11:02:49.827 19752 19999 I System  : core_booster, getBoosterConfig = false
04-26 11:02:49.852 20023 20023 I dex2oat : dex2oat took 66.211ms (threads: 4) 
04-26 11:02:49.855 19752 19993 I System  : core_booster, getBoosterConfig = false
