int logctl_get(): open '/dev/hwlog_switch' fail -1, 13. Permission denied

Note: log switch off, only log_main and log_events will have logs!
--------- beginning of main
04-26 11:01:19.065 19121 19196 I System.out: [chmod, 640, /data/data/com.huawei.intelligent/app_outdex/OnlineUpdateCycleConfig_1288.dex]
04-26 11:01:19.065 19121 19196 I System.out: null
04-26 11:01:19.065 19121 19196 I System.out: null
04-26 11:01:19.066 19121 19196 I System.out: Calling by::className:cn.com.xy.sms.sdk.util.XyUtil  MethodName:chmodSyn
04-26 11:01:19.268  3446  3563 E WifiConfigStore: updateConfiguration freq=2412 BSSID=1c:b9:c4:2c:27:38 RSSI=-53 "testin04_default"WPA_PSK
04-26 11:01:19.515 19202 19202 I appproc : CLASSPATH=/system/framework/pm.jar
04-26 11:01:19.516 19202 19202 I appproc : Command=app_process /system/bin com.android.commands.pm.Pm path cn.testin.itestin 
04-26 11:01:19.520 19202 19202 I AndroidRuntime: readDownloadBoosterConfig: 'false'
04-26 11:01:19.581 19202 19202 I HWSERVICES: hwnative_get_component_register:libdrmbitmap,JNI
04-26 11:01:19.589 19202 19202 E HAL     : load: id=memtrack != hmi->id=memtrack
04-26 11:01:19.591 19202 19202 I         : power log dlsym ok
04-26 11:01:19.593 19202 19202 I Radio-JNI: register_android_hardware_Radio DONE
04-26 11:01:19.606 19202 19202 I android_hardware_fm.cpp: register_android_hardware_fm_fmradio
04-26 11:01:19.606 19202 19202 I android_hardware_fm.cpp: ========64bit long size = 8
04-26 11:01:19.606 19202 19202 I android_hardware_fm.cpp: FM: get chip type = bcm43xx
04-26 11:01:19.607 19202 19202 E HAL     : load: id=fm != hmi->id=fm
04-26 11:01:19.607 19202 19202 E fm_if.c : find the id:fm and begins to open the devices
04-26 11:01:19.607 19202 19202 I android_hardware_fm.cpp: register_android_hardware_fm_fmradio, ret is 0
04-26 11:01:19.630 19202 19202 I art     : System.exit called, status: 0
04-26 11:01:19.630 19202 19202 I AndroidRuntime: VM exiting with result code 0.
04-26 11:01:19.637 19177 19177 I CalendarProvider2: Sending notification intent: Intent { act=android.intent.action.PROVIDER_CHANGED dat=content://com.android.calendar }
04-26 11:01:19.637 19177 19177 I SendBroadcastPermission: action:android.intent.action.PROVIDER_CHANGED, mPermissionType:0
04-26 11:01:19.637 19177 19177 W ContentResolver: Failed to get type for: content://com.android.calendar (Unknown URL content://com.android.calendar)
04-26 11:01:19.647 19153 19153 W HwCust  : CUST VERSION = true, use class = class com.android.calendar.alerts.HwCustAlertService
04-26 11:01:19.647 19153 19153 I HwCust  : Constructor found for class com.android.calendar.alerts.HwCustAlertService
04-26 11:01:19.670 19153 19153 I CalendarSimpleUiPRovider: onReceive[intent]Intent { act=android.intent.action.PROVIDER_CHANGED dat=content://com.android.calendar flg=0x10 cmp=com.android.calendar/.simpleui.CalendarSimpleUiPRovider }
04-26 11:01:19.672 19153 19153 I CalendarSimpleUiPRovider: onConfigurationChanged
04-26 11:01:19.675 19153 19153 I CalendarSimpleUiPRovider: initParams20190426T110119Asia/Shanghai(5,115,28800,0,1556247679)
04-26 11:01:19.697 19153 19153 I HwCust  : Constructor found for class android.app.HwCustAlarmManagerImpl
04-26 11:01:19.701 19153 19153 I SendBroadcastPermission: action:com.android.calendar.APPWIDGET_UPDATE, mPermissionType:0
04-26 11:01:19.716 19153 19153 I CalendarSimpleUiPRovider: loadEvent end update UI0
04-26 11:01:20.143 19225 19225 I appproc : CLASSPATH=/system/framework/wm.jar
04-26 11:01:20.143 19225 19225 I appproc : Command=app_process /system/bin com.android.commands.wm.Wm dismiss-keyguard 
04-26 11:01:20.147 19225 19225 I AndroidRuntime: readDownloadBoosterConfig: 'false'
04-26 11:01:20.209 19225 19225 I HWSERVICES: hwnative_get_component_register:libdrmbitmap,JNI
04-26 11:01:20.217 19225 19225 E HAL     : load: id=memtrack != hmi->id=memtrack
04-26 11:01:20.219 19225 19225 I         : power log dlsym ok
04-26 11:01:20.221 19225 19225 I Radio-JNI: register_android_hardware_Radio DONE
04-26 11:01:20.233 19225 19225 I android_hardware_fm.cpp: register_android_hardware_fm_fmradio
04-26 11:01:20.233 19225 19225 I android_hardware_fm.cpp: ========64bit long size = 8
04-26 11:01:20.233 19225 19225 I android_hardware_fm.cpp: FM: get chip type = bcm43xx
04-26 11:01:20.234 19225 19225 E HAL     : load: id=fm != hmi->id=fm
04-26 11:01:20.234 19225 19225 E fm_if.c : find the id:fm and begins to open the devices
04-26 11:01:20.235 19225 19225 I android_hardware_fm.cpp: register_android_hardware_fm_fmradio, ret is 0
04-26 11:01:20.947 19239 19239 I appproc : CLASSPATH=/system/framework/settings.jar
04-26 11:01:20.947 19239 19239 I appproc : Command=app_process /system/bin com.android.commands.settings.SettingsCmd put --user 0 secure vivo_pwd_protect_screen 0 
04-26 11:01:20.952 19239 19239 I AndroidRuntime: readDownloadBoosterConfig: 'false'
04-26 11:01:21.006 19239 19239 I HWSERVICES: hwnative_get_component_register:libdrmbitmap,JNI
04-26 11:01:21.015 19239 19239 E HAL     : load: id=memtrack != hmi->id=memtrack
04-26 11:01:21.017 19239 19239 I         : power log dlsym ok
04-26 11:01:21.019 19239 19239 I Radio-JNI: register_android_hardware_Radio DONE
04-26 11:01:21.031 19239 19239 I android_hardware_fm.cpp: register_android_hardware_fm_fmradio
04-26 11:01:21.031 19239 19239 I android_hardware_fm.cpp: ========64bit long size = 8
04-26 11:01:21.031 19239 19239 I android_hardware_fm.cpp: FM: get chip type = bcm43xx
04-26 11:01:21.032 19239 19239 E HAL     : load: id=fm != hmi->id=fm
04-26 11:01:21.032 19239 19239 E fm_if.c : find the id:fm and begins to open the devices
04-26 11:01:21.032 19239 19239 I android_hardware_fm.cpp: register_android_hardware_fm_fmradio, ret is 0
04-26 11:01:21.093  7499  7531 I PushLog2615: [ReceiverDispatcher-358]jsonStr does not  have a mapping for app(android/null:-1)
04-26 11:01:21.095  7499  7531 I PushLog2615: [ReceiverDispatcher-358]isSupportsMultipleUsers: false(android/null:-1)
04-26 11:01:21.095  7499  7531 I SendBroadcastPermission: action:com.huawei.intent.action.PUSH, mPermissionType:0
04-26 11:01:21.097  7499  7531 I PushLog2615: [ReceiverDispatcher-358]read to Send:A1(android/null:-1)
04-26 11:01:21.097  7499  7499 I PushLog2615: [main-1]action is com.huawei.intent.action.PUSH(android/null:-1)
04-26 11:01:21.098  7499  7531 I PushLog2615: [ReceiverDispatcher-358]send msg to remote srv success(android/null:-1)
04-26 11:01:21.098  7499  7531 I PushLog2615: [ReceiverDispatcher-358]rspPushMessage the response msg is :A1(android/null:-1)
04-26 11:01:21.327  9502 19250 I testin-agent: ------ Socket onConnect  -----------59c3b57d16a578cb4cd26ed10f8S1
04-26 11:01:21.344  4478  4478 W ResourceType: No known package when getting name for resource number 0x9c030000
04-26 11:01:21.344  4478  4478 W ResourceType: No known package when getting name for resource number 0x9c030100
04-26 11:01:21.345  4478  4478 W ResourceType: No known package when getting name for resource number 0x9c030200
04-26 11:01:21.346  4478  4478 W ResourceType: No known package when getting name for resource number 0x9c020000
04-26 11:01:21.346  4478  4478 W ResourceType: No known package when getting name for resource number 0x9c020100
04-26 11:01:21.347  4478  4478 W ResourceType: No known package when getting name for resource number 0x9c020200
04-26 11:01:21.347  4478  4478 W ResourceType: No known package when getting name for resource number 0x9c020300
04-26 11:01:21.348  4478  4478 W ResourceType: No known package when getting name for resource number 0x9c020001
04-26 11:01:21.348  4478  4478 W ResourceType: No known package when getting name for resource number 0x9c020201
04-26 11:01:21.348  4478  4478 W ResourceType: No known package when getting name for resource number 0x9c020301
04-26 11:01:21.350  4478  4478 W ResourceType: No known package when getting name for resource number 0x9c010000
04-26 11:01:21.350  4478  4478 W ResourceType: No known package when getting name for resource number 0x9c010001
04-26 11:01:21.351  4478  4478 W ResourceType: No known package when getting name for resource number 0x9c010301
04-26 11:01:21.352  4478  4478 W ResourceType: No known package when getting name for resource number 0x9c010003
04-26 11:01:21.352  4478  4478 W ResourceType: No known package when getting name for resource number 0x9c010103
04-26 11:01:21.352  4478  4478 W ResourceType: No known package when getting name for resource number 0x9c010403
04-26 11:01:21.352  4478  4478 W ResourceType: No known package when getting name for resource number 0x9c010004
04-26 11:01:21.353  4478  4478 W ResourceType: No known package when getting name for resource number 0x9c010104
04-26 11:01:21.353  4478  4478 W ResourceType: No known package when getting name for resource number 0x9c010204
04-26 11:01:21.353  4478  4478 W ResourceType: No known package when getting name for resource number 0x9c010304
04-26 11:01:21.353  4478  4478 W ResourceType: No known package when getting name for resource number 0x9c010404
04-26 11:01:21.359 16754 16774 I UIA2-190314: clear accessibility cache
04-26 11:01:21.362  4478  4478 W ResourceType: No known package when getting name for resource number 0x9c030000
04-26 11:01:21.363  4478  4478 W ResourceType: No known package when getting name for resource number 0x9c030100
04-26 11:01:21.363  4478  4478 W ResourceType: No known package when getting name for resource number 0x9c030200
04-26 11:01:21.364  4478  4478 W ResourceType: No known package when getting name for resource number 0x9c020000
04-26 11:01:21.364  4478  4478 W ResourceType: No known package when getting name for resource number 0x9c020100
04-26 11:01:21.364  4478  4478 W ResourceType: No known package when getting name for resource number 0x9c020200
04-26 11:01:21.364  4478  4478 W ResourceType: No known package when getting name for resource number 0x9c020300
04-26 11:01:21.364  4478  4478 W ResourceType: No known package when getting name for resource number 0x9c020001
04-26 11:01:21.365  4478  4478 W ResourceType: No known package when getting name for resource number 0x9c020201
04-26 11:01:21.365  4478  4478 W ResourceType: No known package when getting name for resource number 0x9c020301
04-26 11:01:21.366  4478  4478 W ResourceType: No known package when getting name for resource number 0x9c010000
04-26 11:01:21.366  4478  4478 W ResourceType: No known package when getting name for resource number 0x9c010001
04-26 11:01:21.366  4478  4478 W ResourceType: No known package when getting name for resource number 0x9c010301
04-26 11:01:21.366  4478  4478 W ResourceType: No known package when getting name for resource number 0x9c010003
04-26 11:01:21.366  4478  4478 W ResourceType: No known package when getting name for resource number 0x9c010103
04-26 11:01:21.367  4478  4478 W ResourceType: No known package when getting name for resource number 0x9c010403
04-26 11:01:21.367  4478  4478 W ResourceType: No known package when getting name for resource number 0x9c010004
04-26 11:01:21.367  4478  4478 W ResourceType: No known package when getting name for resource number 0x9c010104
04-26 11:01:21.367  4478  4478 W ResourceType: No known package when getting name for resource number 0x9c010204
04-26 11:01:21.367  4478  4478 W ResourceType: No known package when getting name for resource number 0x9c010304
04-26 11:01:21.367  4478  4478 W ResourceType: No known package when getting name for resource number 0x9c010404
04-26 11:01:21.376 16754 16774 I UIA2-190314: [Permission]------------must query start---------
04-26 11:01:21.376 16754 16774 I UIA2-190314: roots size: 3
04-26 11:01:21.376 16754 16774 I UIA2-190314: 1. root package: com.android.systemui
04-26 11:01:21.376 16754 16774 I UIA2-190314: 2. root package: com.android.systemui
04-26 11:01:21.376 16754 16774 I UIA2-190314: 3. root package: com.huawei.android.launcher
04-26 11:01:21.377 16754 16774 I UIA2-190314: use old dumper
04-26 11:01:21.377 16754 16774 I UIA2-190314: window info roots size = 3
04-26 11:01:21.377 16754 16774 E UIA2-190314: screen width: 1080   screen height: 1830
04-26 11:01:21.377 16754 16774 E UIA2-190314: fixed screen width: 1080   screen height: 1830
04-26 11:01:21.377 16754 16774 I UIA2-190314: 1.dump root package: com.android.systemui
04-26 11:01:21.377 16754 16774 E UIA2-190314: remove root: android.view.accessibility.AccessibilityNodeInfo@80009ddb; boundsInParent: Rect(0, 0 - 1080, 90); boundsInScreen: Rect(0, 1830 - 1080, 1920); packageName: com.android.systemui; className: android.widget.LinearLayout; text: null; error: null; maxTextLength: -1; contentDescription: null; viewIdResName: null; checkable: false; checked: false; focusable: false; focused: false; selected: false; clickable: false; longClickable: false; contextClickable: false; enabled: true; password: false; scrollable: false; actions: [AccessibilityAction: ACTION_SELECT - null, AccessibilityAction: ACTION_CLEAR_SELECTION - null, AccessibilityAction: ACTION_ACCESSIBILITY_FOCUS - null, AccessibilityAction: ACTION_UNKNOWN - null]
04-26 11:01:21.377 16754 16774 I UIA2-190314: 2.dump root package: com.android.systemui
04-26 11:01:21.402 16754 16774 I UIA2-190314: 3.dump root package: com.huawei.android.launcher
04-26 11:01:21.426  4478  4478 W ResourceType: No known package when getting name for resource number 0x9b000000
04-26 11:01:21.427  4478  4478 W ResourceType: No known package when getting name for resource number 0x9b010100
04-26 11:01:21.427  4478  4478 W ResourceType: No known package when getting name for resource number 0x9b020200
04-26 11:01:21.427  4478  4478 W ResourceType: No known package when getting name for resource number 0x9b030300
04-26 11:01:21.427  4478  4478 W ResourceType: No known package when getting name for resource number 0x9b040400
04-26 11:01:21.528 16754 16774 I UIA2-190314: [Permission]permission[strategy:MUST](value:ignore me):must query found 0 views
04-26 11:01:21.528 16754 16774 I UIA2-190314: [Permission]no result found by must queries, no need to do further queries.
04-26 11:01:21.529 16754 16774 I UIA2-190314: monitor[56]--->goThroughStrategy,result size:[0]
04-26 11:01:21.529 16754 16774 I UIA2-190314: monitor[56][6]--->ws isThis,isOK:false
04-26 11:01:21.529 16754 16774 I UIA2-190314: monitor[56][11]--->ws isThis,isOK:false
04-26 11:01:21.529 16754 16774 I UIA2-190314: monitor[56][13]--->ws isThis,isOK:false
04-26 11:01:21.529 16754 16774 I UIA2-190314: monitor[56][14]--->ws isThis,isOK:false
04-26 11:01:21.529 16754 16774 I UIA2-190314: monitor[56][15]--->ws isThis,isOK:false
04-26 11:01:21.529 16754 16774 I UIA2-190314: monitor[56][16]--->ws isThis,isOK:false
04-26 11:01:21.529 16754 16774 I UIA2-190314: monitor[56][17]--->ws isThis,isOK:false
04-26 11:01:21.529 16754 16774 I UIA2-190314: monitor[56][18]--->ws isThis,isOK:false
04-26 11:01:21.529 16754 16774 I UIA2-190314: monitor[56][22]--->ws isThis,isOK:false
04-26 11:01:21.529 16754 16774 I UIA2-190314: monitor[56][23]--->ws isThis,isOK:false
04-26 11:01:21.529 16754 16774 I UIA2-190314: monitor[56][26]--->ws isThis,isOK:false
04-26 11:01:21.529 16754 16774 I UIA2-190314: monitor[56][27]--->ws isThis,isOK:false
04-26 11:01:21.529 16754 16774 I UIA2-190314: monitor[56]--->[runOnce],time elapsed:[206]ms
04-26 11:01:21.771 19248 19248 I appproc : CLASSPATH=/system/framework/am.jar
04-26 11:01:21.771 19248 19248 I appproc : Command=app_process /system/bin com.android.commands.am.Am broadcast -a com.testin.action.close 
04-26 11:01:21.776 19248 19248 I AndroidRuntime: readDownloadBoosterConfig: 'false'
04-26 11:01:21.816  2856  2856 E Thermal-daemon: [ap] temp_new :37  temp_old :35
04-26 11:01:21.816  2856  2856 E Thermal-daemon: Report temperature: [ap] temp :37  report_threshold:1
04-26 11:01:21.828 19248 19248 I HWSERVICES: hwnative_get_component_register:libdrmbitmap,JNI
04-26 11:01:21.836 19248 19248 E HAL     : load: id=memtrack != hmi->id=memtrack
04-26 11:01:21.837 19248 19248 I         : power log dlsym ok
04-26 11:01:21.839 19248 19248 I Radio-JNI: register_android_hardware_Radio DONE
04-26 11:01:21.849 19248 19248 I android_hardware_fm.cpp: register_android_hardware_fm_fmradio
04-26 11:01:21.849 19248 19248 I android_hardware_fm.cpp: ========64bit long size = 8
04-26 11:01:21.849 19248 19248 I android_hardware_fm.cpp: FM: get chip type = bcm43xx
04-26 11:01:21.850 19248 19248 E HAL     : load: id=fm != hmi->id=fm
04-26 11:01:21.850 19248 19248 E fm_if.c : find the id:fm and begins to open the devices
04-26 11:01:21.851 19248 19248 I android_hardware_fm.cpp: register_android_hardware_fm_fmradio, ret is 0
04-26 11:01:21.872 16754 16754 I close   : overover
04-26 11:01:21.873 16754 16754 I Process : Sending signal. PID: 16754 SIG: 9
04-26 11:01:21.875  4413  4449 I PgedBinderListener: kstate callback type:8 value1=16754 value2=KILLED
04-26 11:01:22.086  4413  4441 I PgedBinderListener: kstate callback type:8 value1=16790 value2=KILLED
04-26 11:01:22.201  4413 11957 I PgedBinderListener: kstate callback type:8 value1=16781 value2=KILLED
04-26 11:01:22.282  3446  3563 E WifiConfigStore: updateConfiguration freq=2412 BSSID=1c:b9:c4:2c:27:38 RSSI=-52 "testin04_default"WPA_PSK
04-26 11:01:22.286  4413  4449 I PgedBinderListener: kstate callback type:8 value1=16926 value2=KILLED
04-26 11:01:22.381  3446  3459 E HsmCoreServiceImpl: onTransact in code is: 102
04-26 11:01:22.381  3446  3459 I MediaProcessHandler: processOp opType: 1, uid: 15682, pid: 16754
04-26 11:01:22.381  3446  3459 W MediaProcessHandler: remove target not exist, maybe the UI process: uid: 15682, pid: 16754
04-26 11:01:22.381  3446  3459 E HsmCoreServiceImpl: onTransact in code is: 102
04-26 11:01:22.381  3446  3459 I MediaProcessHandler: processOp opType: 1, uid: 15682, pid: 16790
04-26 11:01:22.381  3446  3459 W MediaProcessHandler: remove target not exist, maybe the UI process: uid: 15682, pid: 16790
04-26 11:01:22.382  3446  4427 E HsmCoreServiceImpl: onTransact in code is: 102
04-26 11:01:22.382  3446  4427 I MediaProcessHandler: processOp opType: 1, uid: 15682, pid: 16781
04-26 11:01:22.382  3446  4427 W MediaProcessHandler: remove target not exist, maybe the UI process: uid: 15682, pid: 16781
04-26 11:01:22.382  3446  4491 E HsmCoreServiceImpl: onTransact in code is: 102
04-26 11:01:22.383  3446  4491 I MediaProcessHandler: processOp opType: 1, uid: 15682, pid: 16926
04-26 11:01:22.383  3446  4491 W MediaProcessHandler: remove target not exist, maybe the UI process: uid: 15682, pid: 16926
04-26 11:01:23.514 19121 19151 W PlaceRecognitionService: reached max time for work,just do work done!
04-26 11:01:23.515 19121 19151 I PlaceRecognitionService: work done startId : 1
04-26 11:01:23.517 19121 19121 I PlaceRecognitionService: onDestroy
04-26 11:01:23.518 19121 19151 I CalendarSync: deInit mIsReceiverRegistered : true
04-26 11:01:23.736  3656  3656 I SendBroadcastPermission: action:com.android.huawei.AUTOROTATE_ACTION_SETTING_CHANGED, mPermissionType:0
04-26 11:01:23.745  3656 19263 I SendBroadcastPermission: action:com.android.huawei_REFRESH_ACTION, mPermissionType:0
04-26 11:01:25.292  3446  3563 E WifiConfigStore: updateConfiguration freq=2412 BSSID=1c:b9:c4:2c:27:38 RSSI=-52 "testin04_default"WPA_PSK
04-26 11:01:26.514  2864  2864 E TEMP_MONITOR: battery_temp : 31 tmax = 55
04-26 11:01:28.191 19268 19268 I appproc : CLASSPATH=/system/framework/pm.jar
04-26 11:01:28.191 19268 19268 I appproc : Command=app_process /system/bin com.android.commands.pm.Pm set-install-location 0 
04-26 11:01:28.196 19268 19268 I AndroidRuntime: readDownloadBoosterConfig: 'false'
04-26 11:01:28.248 19268 19268 I HWSERVICES: hwnative_get_component_register:libdrmbitmap,JNI
04-26 11:01:28.256 19268 19268 E HAL     : load: id=memtrack != hmi->id=memtrack
04-26 11:01:28.257 19268 19268 I         : power log dlsym ok
04-26 11:01:28.259 19268 19268 I Radio-JNI: register_android_hardware_Radio DONE
04-26 11:01:28.270 19268 19268 I android_hardware_fm.cpp: register_android_hardware_fm_fmradio
04-26 11:01:28.270 19268 19268 I android_hardware_fm.cpp: ========64bit long size = 8
04-26 11:01:28.270 19268 19268 I android_hardware_fm.cpp: FM: get chip type = bcm43xx
04-26 11:01:28.271 19268 19268 E HAL     : load: id=fm != hmi->id=fm
04-26 11:01:28.271 19268 19268 E fm_if.c : find the id:fm and begins to open the devices
04-26 11:01:28.272 19268 19268 I android_hardware_fm.cpp: register_android_hardware_fm_fmradio, ret is 0
04-26 11:01:28.293 19268 19268 I art     : System.exit called, status: 0
04-26 11:01:28.293 19268 19268 I AndroidRuntime: VM exiting with result code 0.
04-26 11:01:28.303  3446  3563 E WifiConfigStore: updateConfiguration freq=2412 BSSID=1c:b9:c4:2c:27:38 RSSI=-53 "testin04_default"WPA_PSK
04-26 11:01:28.481  3446  4477 I PackageManager: Start dump, calling from : pid=19281, uid=2000
04-26 11:01:31.315  3446  3563 E WifiConfigStore: updateConfiguration freq=2412 BSSID=1c:b9:c4:2c:27:38 RSSI=-55 "testin04_default"WPA_PSK
04-26 11:01:31.824  2856  2856 E Thermal-daemon: [ap] temp_new :36  temp_old :37
04-26 11:01:31.824  2856  2856 E Thermal-daemon: Report temperature: [ap] temp :36  report_threshold:1
04-26 11:01:34.327  3446  3563 E WifiConfigStore: updateConfiguration freq=2412 BSSID=1c:b9:c4:2c:27:38 RSSI=-55 "testin04_default"WPA_PSK
04-26 11:01:36.525  2864  2864 E TEMP_MONITOR: battery_temp : 31 tmax = 55
04-26 11:01:37.340  3446  3563 E WifiConfigStore: updateConfiguration freq=2412 BSSID=1c:b9:c4:2c:27:38 RSSI=-53 "testin04_default"WPA_PSK
04-26 11:01:40.352  3446  3563 E WifiConfigStore: updateConfiguration freq=2412 BSSID=1c:b9:c4:2c:27:38 RSSI=-54 "testin04_default"WPA_PSK
04-26 11:01:43.363  3446  3563 E WifiConfigStore: updateConfiguration freq=2412 BSSID=1c:b9:c4:2c:27:38 RSSI=-54 "testin04_default"WPA_PSK
04-26 11:01:46.374  3446  3563 E WifiConfigStore: updateConfiguration freq=2412 BSSID=1c:b9:c4:2c:27:38 RSSI=-56 "testin04_default"WPA_PSK
04-26 11:01:46.543  2864  2864 E TEMP_MONITOR: battery_temp : 31 tmax = 55
04-26 11:01:49.386  3446  3563 E WifiConfigStore: updateConfiguration freq=2412 BSSID=1c:b9:c4:2c:27:38 RSSI=-55 "testin04_default"WPA_PSK
04-26 11:01:50.715 19300 19300 I appproc : CLASSPATH=/system/framework/pm.jar
04-26 11:01:50.715 19300 19300 I appproc : Command=app_process /system/bin com.android.commands.pm.Pm install -r -t -g /data/local/tmp/669AC4A565FC40FFFB679418A33F2077_5689949778499697.apk 
04-26 11:01:50.720 19300 19300 I AndroidRuntime: readDownloadBoosterConfig: 'false'
04-26 11:01:50.777 19300 19300 I HWSERVICES: hwnative_get_component_register:libdrmbitmap,JNI
04-26 11:01:50.786 19300 19300 E HAL     : load: id=memtrack != hmi->id=memtrack
04-26 11:01:50.787 19300 19300 I         : power log dlsym ok
04-26 11:01:50.789 19300 19300 I Radio-JNI: register_android_hardware_Radio DONE
04-26 11:01:50.800 19300 19300 I android_hardware_fm.cpp: register_android_hardware_fm_fmradio
04-26 11:01:50.800 19300 19300 I android_hardware_fm.cpp: ========64bit long size = 8
04-26 11:01:50.800 19300 19300 I android_hardware_fm.cpp: FM: get chip type = bcm43xx
04-26 11:01:50.801 19300 19300 E HAL     : load: id=fm != hmi->id=fm
04-26 11:01:50.801 19300 19300 E fm_if.c : find the id:fm and begins to open the devices
04-26 11:01:50.801 19300 19300 I android_hardware_fm.cpp: register_android_hardware_fm_fmradio, ret is 0
04-26 11:01:50.832  3446  3798 I SendBroadcastPermission: action:com.huawei.android.action.GET_INSTALLER_PACKAGE_INFO, mPermissionType:0
04-26 11:01:50.833 18592 18592 I HwSystemManager: HandleInstalledPackageInfoService:onReceive  action is com.huawei.android.action.GET_INSTALLER_PACKAGE_INFO
04-26 11:01:50.834 18592 18592 I HwSystemManager: HandleInstalledPackageInfoService:get count = 0
04-26 11:01:50.848  4413  4950 W AppsCleanUp: frequently crash process:com.android.defcontainer time:2954265ms, crash:17 uid:10000
04-26 11:01:50.902  2808  3547 I [Gralloc]: alloc w[16] h[16] format[1] usage[256]
04-26 11:01:50.902  2808  3547 I [Gralloc]: alloc succ handle[0x55ca6787e0] stride[32]
04-26 11:01:50.905 19308 19320 E linker  : readlink('/proc/self/fd/21') failed: Permission denied [fd=21]
04-26 11:01:50.905 19308 19320 E linker  : warning: unable to get realpath for the library "/system/lib64/hw/gralloc.hi3635.so". Will use given name.
04-26 11:01:50.907 19308 19320 E linker  : readlink('/proc/self/fd/21') failed: Permission denied [fd=21]
04-26 11:01:50.907 19308 19320 E linker  : warning: unable to get realpath for the library "libion.so". Will use given name.
04-26 11:01:50.908 19308 19320 E HAL     : load: id=gralloc != hmi->id=gralloc
04-26 11:01:50.946 19308 19318 I HwCust  : Constructor found for class com.android.internal.content.HwCustPackageHelperImpl
04-26 11:01:52.399  3446  3563 E WifiConfigStore: updateConfiguration freq=2412 BSSID=1c:b9:c4:2c:27:38 RSSI=-54 "testin04_default"WPA_PSK
04-26 11:01:52.417  3446  3455 I art     : Background partial concurrent mark sweep GC freed 19070(1048KB) AllocSpace objects, 1(512KB) LOS objects, 8% free, 45MB/49MB, paused 2.650ms total 182.553ms
04-26 11:01:54.208  3446  3485 W CfgFilePolicy: No config file found for:dexopt/never_dexopt_apklist.cfg
04-26 11:01:54.208  3446  3485 I HwPackageManagerService: needed dexopt deferred pkg :com.dc.hwsj
04-26 11:01:54.208  3446  3485 W CfgFilePolicy: No config file found for:dexopt/dexopt_in_bootup_apklist.cfg
04-26 11:01:54.208  3446  3485 I HwPackageManagerService: needed dexopt deferred pkg :com.dc.hwsj
04-26 11:01:54.210  3446  3485 I HwPackageManagerService: forceNotDex: isOdexCase true, mSystemReady true, mDexOptTotalTime 64246, isFirstBoot false, hasOtaUpdate false
04-26 11:01:54.211  3446  3485 I HwPackageManagerService: forceNotDex = false: isOdexCase true, mSystemReady true
04-26 11:01:54.234  3446  3485 I PackageManager.DexOptimizer: Running dexopt (dex2oat) on: /data/app/vmdl378421583.tmp/base.apk pkg=com.dc.hwsj isa=arm vmSafeMode=false debuggable=false oatDir = /data/app/vmdl378421583.tmp/oat
04-26 11:01:54.281 19323 19323 I dex2oat : Starting dex2oat.
04-26 11:01:54.292  3446  3455 I art     : Background partial concurrent mark sweep GC freed 139610(7MB) AllocSpace objects, 3(1248KB) LOS objects, 8% free, 45MB/49MB, paused 2.209ms total 219.746ms
04-26 11:01:55.040 19323 19323 W dex2oat : Before Android 4.1, method android.graphics.PorterDuffColorFilter android.support.graphics.drawable.VectorDrawableCompat.updateTintFilter(android.graphics.PorterDuffColorFilter, android.content.res.ColorStateList, android.graphics.PorterDuff$Mode) would have incorrectly overridden the package-private method in android.graphics.drawable.Drawable
04-26 11:01:55.042  3446  3467 I SendBroadcastPermission: action:android.net.conn.DATA_ACTIVITY_CHANGE, mPermissionType:0
04-26 11:01:55.085 19323 19323 W dex2oat : Before Android 4.1, method int android.support.v7.widget.ListViewCompat.lookForSelectablePosition(int, boolean) would have incorrectly overridden the package-private method in android.widget.ListView
04-26 11:01:55.254 19323 19328 W dex2oat : Before Android 4.1, method boolean com.facebook.share.widget.ShareButtonBase.canShare() would have incorrectly overridden the package-private method in android.widget.TextView
04-26 11:01:55.408  3446  3563 E WifiConfigStore: updateConfiguration freq=2412 BSSID=1c:b9:c4:2c:27:38 RSSI=-53 "testin04_default"WPA_PSK
04-26 11:01:56.555  2864  2864 E TEMP_MONITOR: battery_temp : 31 tmax = 55
04-26 11:01:56.843  2856  2856 E Thermal-daemon: [ap] temp_new :37  temp_old :36
04-26 11:01:56.843  2856  2856 E Thermal-daemon: Report temperature: [ap] temp :37  report_threshold:1
04-26 11:01:58.418  3446  3563 E WifiConfigStore: updateConfiguration freq=2412 BSSID=1c:b9:c4:2c:27:38 RSSI=-54 "testin04_default"WPA_PSK
04-26 11:01:59.082  3446  3467 I SendBroadcastPermission: action:android.net.conn.DATA_ACTIVITY_CHANGE, mPermissionType:0
04-26 11:02:00.002  4478  4478 I HwLauncher: Model  onReceive intent=Intent { act=android.intent.action.TIME_TICK flg=0x50000014 (has extras) }
04-26 11:02:00.002  4478  4478 I HwLauncher: Model  onReceive user=UserHandle{0}
04-26 11:02:00.004  3656  3656 I TimeManager: receiver action = android.intent.action.TIME_TICK
04-26 11:02:00.013  4478  4478 I TotemWeather: CityTimeView CityTimeView mCurrentViewMode = 10141
04-26 11:02:00.014  3656  3656 E Minikin : getFamilyForChar iscover: 0
04-26 11:02:00.015  3656  3656 E Minikin : getFamilyForChar iscover: 0
04-26 11:02:00.015  3656  3656 E Minikin : getFamilyForChar iscover: 0
04-26 11:02:00.015  3656  3656 E Minikin : getFamilyForChar iscover: 0
04-26 11:02:00.023  4478  4478 I TotemWeather: CityTimeFormatView CityTimeFormatView setTimeFormat is24Hour=true,timeFormat=
04-26 11:02:00.024  4478  4478 I TotemWeather: DateTimeManager send message delay millis = 60976 ms
04-26 11:02:00.034  4478  4478 I HwLauncher: CalenderDynamicUpdater date changed begin
04-26 11:02:00.034  4478  4478 I HwLauncher: CalenderDynamicUpdater date changed end
04-26 11:02:00.038  4478  4478 I HwLauncher: ClockDynamicUpdater date changed begin
04-26 11:02:00.039  4478  4610 E HwLauncher: SettingsEx , no such field.
04-26 11:02:00.039  4478  4610 W HwLauncher: Clock getDataFormat the getSystemString failed.
04-26 11:02:00.040  4478  4610 I HwLauncher: DynamicIconData , getDrawableForDynamic begin, pkg = com.android.deskclock, picName = deskclock_bg
04-26 11:02:00.040  4478  4610 I HwLauncher: DynamicIconData , getDrawableForDynamic end, pkg = com.android.deskclock, picName = deskclock_bg
04-26 11:02:00.040  4478  4478 I HwLauncher: ClockDynamicUpdater date changed end
04-26 11:02:00.041  4478  4610 I HwLauncher: ClockDynamicUpdater clock update folder at ClockDynamicUpdater
04-26 11:02:00.041  4478  4610 I HwLauncher: DynamicUpdater updateBitmap end and send update message
04-26 11:02:00.042  4478  4478 I HwLauncher: DynamicUpdater call updateFolder
04-26 11:02:00.062  2808  2808 I [Gralloc]: alloc w[432] h[768] format[1] usage[2563]
04-26 11:02:00.064  2808  2808 I [Gralloc]: alloc succ handle[0x55ca6787e0] stride[480]
04-26 11:02:01.428  3446  3563 E WifiConfigStore: updateConfiguration freq=2412 BSSID=1c:b9:c4:2c:27:38 RSSI=-55 "testin04_default"WPA_PSK
04-26 11:02:01.848  2856  2856 E Thermal-daemon: [ap] temp_new :39  temp_old :37
04-26 11:02:01.848  2856  2856 E Thermal-daemon: Report temperature: [ap] temp :39  report_threshold:1
04-26 11:02:04.439  3446  3563 E WifiConfigStore: updateConfiguration freq=2412 BSSID=1c:b9:c4:2c:27:38 RSSI=-54 "testin04_default"WPA_PSK
04-26 11:02:05.125 19323 19328 W dex2oat : Compilation of void com.google.gson.internal.$Gson$Types$ParameterizedTypeImpl.<init>(java.lang.reflect.Type, java.lang.reflect.Type, java.lang.reflect.Type[]) took 103.166ms
04-26 11:02:05.148 19323 19327 W dex2oat : Compilation of java.lang.reflect.Type com.google.gson.internal.$Gson$Types.canonicalize(java.lang.reflect.Type) took 105.873ms
04-26 11:02:06.567  2864  2864 E TEMP_MONITOR: battery_temp : 31 tmax = 55
04-26 11:02:06.602 19323 19327 W dex2oat : No verified method for method calling String.<init>: java.lang.String java.io.ByteArrayOutputStream.toString(java.lang.String)
04-26 11:02:06.852  2856  2856 E Thermal-daemon: [ap] temp_new :42  temp_old :39
04-26 11:02:06.852  2856  2856 E Thermal-daemon: Report temperature: [ap] temp :42  report_threshold:1
04-26 11:02:06.853  4413  4949 I ThermalStateManager: triggerLevel = 0, triggerAction :{bcurrent=0, cpu_a15=1708800, gpu=600000000, ucurrent=0, cpu=0, lcd=0}
04-26 11:02:06.854  4413  4949 I ThermalStateManager: sensor name: cpu temperature: 42 , thermal action: cpu_a15 policy:1708800
04-26 11:02:06.854  4413  4949 I ThermalStateManager: sensor name: cpu temperature: 42 , thermal action: gpu policy:600000000
04-26 11:02:07.448  3446  3563 E WifiConfigStore: updateConfiguration freq=2412 BSSID=1c:b9:c4:2c:27:38 RSSI=-55 "testin04_default"WPA_PSK
04-26 11:02:08.450  4955  5269 I Bluetooth: HeadsetStateMachine:Disconnected process message: 10, size: 0
04-26 11:02:08.451  4442  6190 I HwPowerMonitor.PowerExceptionObservable: unhandled onEvent actionID: 3002
04-26 11:02:08.452  4442  4442 I HwPowerMonitor.DayActObserver: in PowerMonitorHandler, will handle msg.what = battery_changed, Utils.isCharging() = true
04-26 11:02:08.959 19323 19323 I dex2oat : dex2oat took 14.681s (threads: 4) 
04-26 11:02:09.549  3446  3485 W Settings: Setting install_non_market_apps has moved from android.provider.Settings.Global to android.provider.Settings.Secure, returning read-only value.
04-26 11:02:09.551  3446  3485 I SendBroadcastPermission: action:com.huawei.android.action.GET_PACKAGE_INSTALLATION_INFO, mPermissionType:0
04-26 11:02:09.553  3446  3485 I art     : Starting a blocking GC Explicit
04-26 11:02:09.554 18592 18592 I HwSystemManager: HandleInstalledPackageInfoService:onReceive  action is com.huawei.android.action.GET_PACKAGE_INSTALLATION_INFO
04-26 11:02:09.560 18592 18592 I HwSystemManager: HsmStat_event:"p_ipd","n=com.dc.hwsj,vc=180101,vn=1.8.01,s=adb install,u=0,r=1,rsn=0,si=true,im=2"
04-26 11:02:09.784  3446  3485 I art     : Explicit concurrent mark sweep GC freed 101882(5MB) AllocSpace objects, 9(1224KB) LOS objects, 9% free, 40MB/44MB, paused 2.895ms total 230.926ms
04-26 11:02:09.786 19300 19300 I art     : System.exit called, status: 0
04-26 11:02:09.786 19300 19300 I AndroidRuntime: VM exiting with result code 0.
04-26 11:02:09.791  4478  4478 I HwLauncher: SimpleLauncherModeaction= android.intent.action.PACKAGE_ADDEDpackageName = com.dc.hwsj
04-26 11:02:09.791  4478  4478 W HwLauncher: SimpleLauncherMode onReceive : It's normal Launcher now, do not handle add packages
04-26 11:02:09.791  4478  4478 I HwLauncher: LauncherDownloadModel onReceive intent=Intent { act=android.intent.action.PACKAGE_ADDED dat=package:com.dc.hwsj flg=0x4000010 (has extras) }
04-26 11:02:09.795 18664 18664 I HwSystemManager: HsmPackageManager:Receive intent:Intent { act=android.intent.action.PACKAGE_ADDED dat=package:com.dc.hwsj flg=0x4000010 (has extras) }
04-26 11:02:09.795 18664 18664 I HwSystemManager: HsmPackageManager:replacing:false
04-26 11:02:09.795 18664 18664 I HwSystemManager: HsmPackageManager:pkgName:com.dc.hwsj
04-26 11:02:09.799  4955  4955 I Bluetooth: BluetoothMapAppObserver:onReceive
04-26 11:02:09.799  4955  4955 I Bluetooth: BluetoothMapAppObserver:The installed package is: com.dc.hwsj
04-26 11:02:09.799  7499  7499 I PushLog2615: [main-1]action is android.intent.action.PACKAGE_ADDED(android/null:-1)
04-26 11:02:09.800  3446  3550 I InputReader: Reconfiguring input devices.  changes=0x00000010
04-26 11:02:09.800  3656  3656 I IntelligentScene: mPackageReceiver, action= android.intent.action.PACKAGE_ADDED
04-26 11:02:09.800  3656  3656 I IntelligentScene: packageName = com.dc.hwsj
04-26 11:02:09.800  4955  4955 I Bluetooth: BluetoothMapAppObserver:Found 0 application(s) with intent android.bluetooth.action.BLUETOOTH_MAP_PROVIDER
04-26 11:02:09.801  4955  4955 I Bluetooth: BluetoothMapAppObserver:Found 0 application(s) with intent android.bluetooth.action.BLUETOOTH_MAP_IM_PROVIDER
04-26 11:02:09.803 18664 18664 I HwSystemManager: HsmPackageManager:doAppInstalled, installed: com.dc.hwsj
04-26 11:02:09.807 18592 18592 I HwSystemManager: HsmPackageManager:Receive intent:Intent { act=android.intent.action.PACKAGE_ADDED dat=package:com.dc.hwsj flg=0x4000010 (has extras) }
04-26 11:02:09.807 18592 18592 I HwSystemManager: HsmPackageManager:replacing:false
04-26 11:02:09.808 18592 18592 I HwSystemManager: HsmPackageManager:pkgName:com.dc.hwsj
04-26 11:02:09.813  4413  4950 W AppsCleanUp: frequently crash process:com.huawei.appmarket time:3048740ms, crash:24 uid:10012
04-26 11:02:09.817 18592 18592 I HwSystemManager: HsmPackageManager:doAppInstalled, installed: com.dc.hwsj
04-26 11:02:09.874  2808 10235 I [Gralloc]: alloc w[16] h[16] format[1] usage[256]
04-26 11:02:09.874  2808 10235 I [Gralloc]: alloc succ handle[0x55ca5d8940] stride[32]
04-26 11:02:09.876 19338 19352 E linker  : readlink('/proc/self/fd/21') failed: Permission denied [fd=21]
04-26 11:02:09.876 19338 19352 E linker  : warning: unable to get realpath for the library "/system/lib64/hw/gralloc.hi3635.so". Will use given name.
04-26 11:02:09.878 19338 19352 E linker  : readlink('/proc/self/fd/21') failed: Permission denied [fd=21]
04-26 11:02:09.878 19338 19352 E linker  : warning: unable to get realpath for the library "libion.so". Will use given name.
04-26 11:02:09.879 19338 19352 E HAL     : load: id=gralloc != hmi->id=gralloc
04-26 11:02:09.904 18592 18769 W HwSystemManager: StartupConfData:getStartupAllowCfgCloud for com.dc.hwsj, isRec true return default
04-26 11:02:09.906  3446  3463 W Searchables: No global search activity found
04-26 11:02:09.906  3446  3463 I SendBroadcastPermission: action:android.search.action.SEARCHABLES_CHANGED, mPermissionType:0
04-26 11:02:09.912  4478  4478 I HwLauncher: Model onPackageAdded packageName = com.dc.hwsj user = UserHandle{0}
04-26 11:02:09.912  4478  4478 I HwLauncher: MutilSelectedIcons onPreHandleUpdatedTask : mIsInMutilSelectMode = false task = 1 packages = [com.dc.hwsj] hasHandleInvisiblePanel = false
04-26 11:02:09.912  4478  4478 I HwLauncher: Model  enqueuePackageUpdated post task
04-26 11:02:09.913  4478  4610 I HwLauncher: Model  PackageUpdatedTask Op : 1
04-26 11:02:09.913  4478  4610 I HwLauncher: Model mAllAppsList.addPackage com.dc.hwsj
04-26 11:02:09.925  4478  4610 I HwLauncher: Launcher.IconCache, cacheLocked begin Utilities.createIconBitmap entry.title = Game of Sultans
04-26 11:02:09.937  4478  4610 I HwLauncher: Launcher.Utilities createIconBitmap classname = null, sourceWidth = 144, sourceHeight = 144
04-26 11:02:09.941  4478  4610 I HwLauncher: Launcher.IconCache, cacheLocked end Utilities.createIconBitmap entry.title = Game of Sultans
04-26 11:02:09.941  4478  4478 I HwLauncher: Workspace  addedAppsShortcutInfoOnWorkSpace isNeedAdd = true isBatchUninstalling = false isDownloadAndNotAdd= false
04-26 11:02:09.941  4478  4478 I HwLauncher: Workspace defaultDesktop:1,mCurrentPage:1,getChildCount():4,getMaxScreen():18
04-26 11:02:09.941  4478  4478 I HwLauncher: Workspace addAppToDesktop itemInfo=ShortcutInfo(title=Game of Sultans) success=true isInstalled=true checkPage=2 mCoordinates=4,0 view=null
04-26 11:02:09.952  4478  4610 I HwLauncher: Launcher.LauncherProvider  queried count: 0
04-26 11:02:09.952  4478  4610 I HwLauncher: Model check duplicated icons for Radar
04-26 11:02:09.954  4478  4478 E Minikin : getFamilyForChar iscover: 0
04-26 11:02:09.954  4478  4478 E Minikin : getFamilyForChar iscover: 0
04-26 11:02:09.954  4478  4478 E Minikin : getFamilyForChar iscover: 0
04-26 11:02:09.954  4478  4478 E Minikin : getFamilyForChar iscover: 0
04-26 11:02:09.955  4478  4478 E Minikin : getFamilyForChar iscover: 0
04-26 11:02:09.955  4478  4478 E Minikin : getFamilyForChar iscover: 0
04-26 11:02:09.955  4478  4478 E Minikin : getFamilyForChar iscover: 0
04-26 11:02:09.956  4478  4478 E Minikin : getFamilyForChar iscover: 0
04-26 11:02:09.956  4478  4478 E Minikin : getFamilyForChar iscover: 0
04-26 11:02:09.956  4478  4478 E Minikin : getFamilyForChar iscover: 0
04-26 11:02:09.956  4478  4478 E Minikin : getFamilyForChar iscover: 0
04-26 11:02:09.956  4478  4478 E Minikin : getFamilyForChar iscover: 0
04-26 11:02:09.956  4478  4478 E Minikin : getFamilyForChar iscover: 0
04-26 11:02:09.957  4478  4478 E Minikin : getFamilyForChar iscover: 0
04-26 11:02:09.957  4478  4478 E Minikin : getFamilyForChar iscover: 0
04-26 11:02:09.957  4478  4478 E Minikin : getFamilyForChar iscover: 0
04-26 11:02:09.957  4478  4478 E Minikin : getFamilyForChar iscover: 0
04-26 11:02:09.957  4478  4478 E Minikin : getFamilyForChar iscover: 0
04-26 11:02:09.957  4478  4478 E Minikin : getFamilyForChar iscover: 0
04-26 11:02:09.957  4478  4478 E Minikin : getFamilyForChar iscover: 0
04-26 11:02:10.045  3446  4518 I PackageManager: Start dump, calling from : pid=19388, uid=2000
04-26 11:02:10.056 19338 19338 I art     : Rejecting re-init on previously-failed class java.lang.Class<com.huawei.appgallery.foundation.deviceinfo.HwFoldDisplayModeListener>
04-26 11:02:10.056 19338 19338 I art     : Rejecting re-init on previously-failed class java.lang.Class<com.huawei.appgallery.foundation.deviceinfo.HwFoldDisplayModeListener>
04-26 11:02:10.059 19338 19338 I art     : Rejecting re-init on previously-failed class java.lang.Class<com.huawei.appgallery.foundation.deviceinfo.HwFoldDisplayModeListener>
04-26 11:02:10.059 19338 19338 W art     : Verification of void com.huawei.appmarket.framework.app.StoreApplication.onCreate() took 109.402ms
04-26 11:02:10.063 19338 19338 I art     : Rejecting re-init on previously-failed class java.lang.Class<com.huawei.appgallery.foundation.deviceinfo.HwFoldDisplayModeListener>
04-26 11:02:10.064 19338 19338 I art     : Rejecting re-init on previously-failed class java.lang.Class<com.huawei.appgallery.foundation.deviceinfo.HwFoldDisplayModeListener>
04-26 11:02:10.064 19338 19338 I art     : Rejecting re-init on previously-failed class java.lang.Class<com.huawei.appgallery.foundation.deviceinfo.HwFoldDisplayModeListener>
04-26 11:02:10.077 19338 19338 I MultiDex: VM with version 2.1.0 has multidex support
04-26 11:02:10.078 19338 19338 I MultiDex: Installing application
04-26 11:02:10.078 19338 19338 I MultiDex: VM has multidex support, MultiDex support library is disabled.
04-26 11:02:10.092 19338 19338 I HiApp   : HiApp init sdk version:1.1
04-26 11:02:10.459  3446  3563 E WifiConfigStore: updateConfiguration freq=2412 BSSID=1c:b9:c4:2c:27:38 RSSI=-56 "testin04_default"WPA_PSK
04-26 11:02:10.573 19338 19338 I ExoPlayerImpl: Init f73b9e8 [ExoPlayerLib/2.7.1] [HWP8max, HUAWEI P8max, HUAWEI, 23]
04-26 11:02:10.588 19338 19338 I AudioManager: abandonAudioFocus
04-26 11:02:10.589  3446  4427 I MediaFocusControl:  AudioFocus  abandonAudioFocus() from android.media.AudioManager@85b0801o.cyi$5@cf8e6a6
04-26 11:02:10.591  3015  4306 I IAudioFlinger: [onTransact]SET_LOWPOWERAPK
04-26 11:02:10.592 19338 19338 I ExoPlayerImpl: Release f73b9e8 [ExoPlayerLib/2.7.1] [HWP8max, HUAWEI P8max, HUAWEI, 23] [goog.exo.core]
04-26 11:02:11.274 19338 19338 E HwGrsSdk: can not getField[main-1](/:352)
04-26 11:02:11.275 19338 19338 I HwGrsSdk: getGrsUrls serviceName-->com.huawei.cloud.hianalytics[main-1](/:542)
04-26 11:02:11.275 19338 19338 I HwGrsSdk: getUrlsFromSp isJudgeExpire ->true[main-1](/:717)
04-26 11:02:11.279 19338 19338 I HwGrsSdk: getUrlFromSp sp value is exist.[main-1](/:726)
04-26 11:02:11.280 19338 19338 I HwGrsSdk: isSpExpire false.[main-1](/:1004)
04-26 11:02:11.281 19338 19338 I HwGrsSdk: getUrlFromSp isExpire ->false[main-1](/:729)
04-26 11:02:11.281 19338 19338 I HwGrsSdk: getServiceNameUrls[main-1](/:734)
04-26 11:02:11.282 19338 19338 I HwGrsSdk: getServiceNameUrl jsonResult is right.[main-1](/:1093)
04-26 11:02:11.282 19338 19338 I HwGrsSdk: getGrsUrls sp query success.[main-1](/:558)
04-26 11:02:11.284 19338 19338 I HwGrsSdk: n*t*f*Q*e*y*u*c*s*C*l* u*l* [main-1](/:33262)
04-26 11:02:11.555 19338 19338 I art     : Rejecting re-init on previously-failed class java.lang.Class<com.huawei.appgallery.foundation.deviceinfo.HwFoldDisplayModeListener>
04-26 11:02:11.564 19338 19396 W HiApp.HwFoldScreenDeviceUtils: main{1} <<< WARN >>> isFoldable Throwablejava.lang.NoClassDefFoundError: Failed resolution of: Lcom/huawei/android/fsm/HwFoldScreenManagerEx;
04-26 11:02:11.606 19338 19338 I SendBroadcastPermission: action:com.huawei.appmarket.service.downloadservice.Receiver, mPermissionType:0
04-26 11:02:11.623  4413  4950 W AppsCleanUp: frequently crash process:com.android.contacts time:3062591ms, crash:21 uid:10004
04-26 11:02:11.642  3446  4474 W System.err: java.lang.SecurityException: WifiService: Neither user 10012 nor current process has android.permission.CHANGE_WIFI_STATE.
04-26 11:02:11.642  3446  4474 W System.err: 	at android.app.ContextImpl.enforce(ContextImpl.java:1595)
04-26 11:02:11.642  3446  4474 W System.err: 	at android.app.ContextImpl.enforceCallingOrSelfPermission(ContextImpl.java:1627)
04-26 11:02:11.642  3446  4474 W System.err: 	at com.android.server.wifi.WifiServiceImpl.enforceChangePermission(WifiServiceImpl.java:659)
04-26 11:02:11.642  3446  4474 W System.err: 	at com.android.server.wifi.WifiServiceImpl.getWifiServiceMessenger(WifiServiceImpl.java:1817)
04-26 11:02:11.642  3446  4474 W System.err: 	at android.net.wifi.IWifiManager$Stub.onTransact(IWifiManager.java:558)
04-26 11:02:11.642  3446  4474 W System.err: 	at com.android.server.wifi.HwWifiService.onTransact(HwWifiService.java:267)
04-26 11:02:11.642  3446  4474 W System.err: 	at android.os.Binder.execTransact(Binder.java:453)
04-26 11:02:11.644 19338 19338 E WifiManager: WifiServiceMessenger == null
04-26 11:02:11.654 19338 19338 I SendBroadcastPermission: action:com.huawei.appmarket.service.installerservice.Receiver, mPermissionType:0
04-26 11:02:11.656 19338 19338 I SendBroadcastPermission: action:com.huawei.appmarket.service.downloadservice.Receiver, mPermissionType:0
04-26 11:02:11.656  4478  4478 I HwLauncher: LauncherDownloadModel onReceive intent=Intent { act=com.huawei.appmarket.service.installerservice.Receiver flg=0x10 (has extras) }
04-26 11:02:11.657  4478  4478 I HwLauncher: LauncherDownloadModel onReceive intent=Intent { act=com.huawei.appmarket.service.downloadservice.Receiver flg=0x10 }
04-26 11:02:11.657  4478  4478 W HwLauncher: get getBundleExtra with downloadtask all return null!
04-26 11:02:11.682  2808  3547 I [Gralloc]: alloc w[16] h[16] format[1] usage[256]
04-26 11:02:11.682  2808  3547 I [Gralloc]: alloc succ handle[0x55ca44c280] stride[32]
04-26 11:02:11.683 19421 19433 E linker  : readlink('/proc/self/fd/21') failed: Permission denied [fd=21]
04-26 11:02:11.683 19421 19433 E linker  : warning: unable to get realpath for the library "/system/lib64/hw/gralloc.hi3635.so". Will use given name.
04-26 11:02:11.685 19421 19433 E linker  : readlink('/proc/self/fd/21') failed: Permission denied [fd=21]
04-26 11:02:11.685 19421 19433 E linker  : warning: unable to get realpath for the library "libion.so". Will use given name.
04-26 11:02:11.686 19421 19433 E HAL     : load: id=gralloc != hmi->id=gralloc
04-26 11:02:11.702 19338 19338 W VSimApiWrapper: isPlatformSupportVsim, no such method.
04-26 11:02:11.702 19338 19338 W VSimApiWrapper: getVSimSubId, no such method.
04-26 11:02:11.702 19338 19338 W VSimApiWrapper: disableVSim, no such method.
04-26 11:02:11.702 19338 19338 W VSimApiWrapper: getSimMode, no such method.
04-26 11:02:11.704 19338 19338 W VSimApiWrapper: getRegPlmn, no such method.
04-26 11:02:11.705 19338 19338 W VSimApiWrapper: getCellLocation, no such method.
04-26 11:02:11.705 19338 19338 W VSimApiWrapper: getTrafficData, no such method.
04-26 11:02:11.705 19338 19338 W VSimApiWrapper: clearTrafficData, no such method.
04-26 11:02:11.705 19338 19338 W VSimApiWrapper: getSimStateViaSysinfoEx, no such method.
04-26 11:02:11.705 19338 19338 W VSimApiWrapper: getCpserr, no such method.
04-26 11:02:11.705 19338 19338 W VSimApiWrapper: getVsimAvailableNetworks, no such method.
04-26 11:02:11.706 19338 19338 W VSimApiWrapper: getDevSubMode, no such method.
04-26 11:02:11.706 19338 19338 W VSimApiWrapper: getPreferredNetworkTypeForVSim, no such method.
04-26 11:02:11.706 19338 19338 W VSimApiWrapper: getUserReservedSubId, no such method.
04-26 11:02:11.706 19338 19338 W VSimApiWrapper: hasIccCardForVSim, no such method.
04-26 11:02:11.706 19338 19338 W VSimApiWrapper: hasHardIccCardForVSim, no such method.
04-26 11:02:11.707 19338 19338 W VSimApiWrapper: getNetworkCountryIso, no such method.
04-26 11:02:11.707 19338 19338 W VSimApiWrapper: dsFlowCfg, no such method.
04-26 11:02:11.707 19338 19338 W VSimApiWrapper: isCDMASimCard, no such method.
04-26 11:02:11.707 19338 19338 W VSimApiWrapper: getDeviceNetworkCountryIso, no such method.
04-26 11:02:11.707 19338 19338 W VSimApiWrapper: getNetworkOperator, no such method.
04-26 11:02:11.708 19338 19338 W VSimApiWrapper: getNetworkOperatorName, no such method.
04-26 11:02:11.708 19338 19338 W VSimApiWrapper: getNetworkType, no such method.
04-26 11:02:11.708 19338 19338 W VSimApiWrapper: scanVsimAvailableNetworks, no such method.
04-26 11:02:11.708 19338 19338 W VSimApiWrapper: getSubscriberId, no such method.
04-26 11:02:11.709 19338 19338 W VSimApiWrapper: getNetworkCountryIso, no such method.
04-26 11:02:11.709 19338 19338 W VSimApiWrapper: isNetworkRoaming, no such method.
04-26 11:02:11.709 19338 19338 W VSimApiWrapper: getOperatorWithDeviceCustomed, no such method.
04-26 11:02:11.709 19338 19338 W VSimApiWrapper: getSubState(), no such method.
04-26 11:02:11.710 19338 19338 W VSimApiWrapper: getSimState(), no such method.
04-26 11:02:11.710 19338 19338 W VSimApiWrapper: isTrustedEMUI(), no such method.
04-26 11:02:11.710 19338 19338 W VSimApiWrapper: isMultiSimEnabled, no such method.
04-26 11:02:11.710 19338 19338 W VSimApiWrapper: getVSimSubId, no such method.
04-26 11:02:11.710 19338 19338 W VSimApiWrapper: disableVSim, no such method.
04-26 11:02:11.710 19338 19338 W VSimApiWrapper: getSimMode, no such method.
04-26 11:02:11.711 19338 19338 W VSimApiWrapper: getRegPlmn, no such method.
04-26 11:02:11.711 19338 19338 W VSimApiWrapper: getTrafficData, no such method.
04-26 11:02:11.711 19338 19338 W VSimApiWrapper: clearTrafficData, no such method.
04-26 11:02:11.711 19338 19338 W VSimApiWrapper: getSimStateViaSysinfoEx, no such method.
